# This file contains the data of final feasible population (if found)
# of objectives = 2, # of constraints = 0, # of real_var = 0, # of bits of bin_var = 0, constr_violation, rank, crowding_distance
5.601190e-01	5.226190e-01	0.000000e+00	1	1.000000e+14
5.363095e-01	5.264286e-01	0.000000e+00	1	1.000000e+14
5.464286e-01	5.236395e-01	0.000000e+00	1	2.875000e-01
5.363095e-01	5.264286e-01	0.000000e+00	1	2.321429e-01
5.386905e-01	5.246599e-01	0.000000e+00	1	2.321429e-01
5.464286e-01	5.236395e-01	0.000000e+00	1	1.446429e-01
5.386905e-01	5.246599e-01	0.000000e+00	1	1.392857e-01
5.601190e-01	5.226190e-01	0.000000e+00	1	1.339286e-01
5.464286e-01	5.236395e-01	0.000000e+00	1	1.339286e-01
5.416667e-01	5.239796e-01	0.000000e+00	1	1.000000e-01
5.416667e-01	5.239796e-01	0.000000e+00	1	8.928571e-02
5.416667e-01	5.239796e-01	0.000000e+00	1	6.250000e-02
5.386905e-01	5.246599e-01	0.000000e+00	1	6.250000e-02
5.363095e-01	5.264286e-01	0.000000e+00	1	5.000000e-02
5.416667e-01	5.239796e-01	0.000000e+00	1	4.464286e-02
5.416667e-01	5.239796e-01	0.000000e+00	1	0.000000e+00
5.363095e-01	5.264286e-01	0.000000e+00	1	0.000000e+00
5.363095e-01	5.264286e-01	0.000000e+00	1	0.000000e+00
5.363095e-01	5.264286e-01	0.000000e+00	1	0.000000e+00
5.363095e-01	5.264286e-01	0.000000e+00	1	0.000000e+00
5.363095e-01	5.264286e-01	0.000000e+00	1	0.000000e+00
5.363095e-01	5.264286e-01	0.000000e+00	1	0.000000e+00
5.363095e-01	5.264286e-01	0.000000e+00	1	0.000000e+00
5.363095e-01	5.264286e-01	0.000000e+00	1	0.000000e+00
5.363095e-01	5.264286e-01	0.000000e+00	1	0.000000e+00
5.363095e-01	5.264286e-01	0.000000e+00	1	0.000000e+00
5.363095e-01	5.264286e-01	0.000000e+00	1	0.000000e+00
5.363095e-01	5.264286e-01	0.000000e+00	1	0.000000e+00
5.363095e-01	5.264286e-01	0.000000e+00	1	0.000000e+00
5.363095e-01	5.264286e-01	0.000000e+00	1	0.000000e+00
5.363095e-01	5.264286e-01	0.000000e+00	1	0.000000e+00
5.363095e-01	5.264286e-01	0.000000e+00	1	0.000000e+00
5.363095e-01	5.264286e-01	0.000000e+00	1	0.000000e+00
5.363095e-01	5.264286e-01	0.000000e+00	1	0.000000e+00
5.363095e-01	5.264286e-01	0.000000e+00	1	0.000000e+00
5.363095e-01	5.264286e-01	0.000000e+00	1	0.000000e+00
5.363095e-01	5.264286e-01	0.000000e+00	1	0.000000e+00
5.363095e-01	5.264286e-01	0.000000e+00	1	0.000000e+00
5.363095e-01	5.264286e-01	0.000000e+00	1	0.000000e+00
5.363095e-01	5.264286e-01	0.000000e+00	1	0.000000e+00
5.363095e-01	5.264286e-01	0.000000e+00	1	0.000000e+00
5.363095e-01	5.264286e-01	0.000000e+00	1	0.000000e+00
5.363095e-01	5.264286e-01	0.000000e+00	1	0.000000e+00
5.363095e-01	5.264286e-01	0.000000e+00	1	0.000000e+00
5.363095e-01	5.264286e-01	0.000000e+00	1	0.000000e+00
5.363095e-01	5.264286e-01	0.000000e+00	1	0.000000e+00
5.416667e-01	5.239796e-01	0.000000e+00	1	0.000000e+00
5.363095e-01	5.264286e-01	0.000000e+00	1	0.000000e+00
5.363095e-01	5.264286e-01	0.000000e+00	1	0.000000e+00
5.363095e-01	5.264286e-01	0.000000e+00	1	0.000000e+00
5.416667e-01	5.239796e-01	0.000000e+00	1	0.000000e+00
5.363095e-01	5.264286e-01	0.000000e+00	1	0.000000e+00
5.363095e-01	5.264286e-01	0.000000e+00	1	0.000000e+00
5.416667e-01	5.239796e-01	0.000000e+00	1	0.000000e+00
5.363095e-01	5.264286e-01	0.000000e+00	1	0.000000e+00
5.363095e-01	5.264286e-01	0.000000e+00	1	0.000000e+00
5.363095e-01	5.264286e-01	0.000000e+00	1	0.000000e+00
5.363095e-01	5.264286e-01	0.000000e+00	1	0.000000e+00
5.363095e-01	5.264286e-01	0.000000e+00	1	0.000000e+00
5.363095e-01	5.264286e-01	0.000000e+00	1	0.000000e+00
5.363095e-01	5.264286e-01	0.000000e+00	1	0.000000e+00
5.363095e-01	5.264286e-01	0.000000e+00	1	0.000000e+00
5.363095e-01	5.264286e-01	0.000000e+00	1	0.000000e+00
5.363095e-01	5.264286e-01	0.000000e+00	1	0.000000e+00
5.363095e-01	5.264286e-01	0.000000e+00	1	0.000000e+00
5.363095e-01	5.264286e-01	0.000000e+00	1	0.000000e+00
5.363095e-01	5.264286e-01	0.000000e+00	1	0.000000e+00
5.363095e-01	5.264286e-01	0.000000e+00	1	0.000000e+00
5.363095e-01	5.264286e-01	0.000000e+00	1	0.000000e+00
5.363095e-01	5.264286e-01	0.000000e+00	1	0.000000e+00
5.363095e-01	5.264286e-01	0.000000e+00	1	0.000000e+00
5.363095e-01	5.264286e-01	0.000000e+00	1	0.000000e+00
5.363095e-01	5.264286e-01	0.000000e+00	1	0.000000e+00
5.363095e-01	5.264286e-01	0.000000e+00	1	0.000000e+00
5.363095e-01	5.264286e-01	0.000000e+00	1	0.000000e+00
5.416667e-01	5.239796e-01	0.000000e+00	1	0.000000e+00
5.363095e-01	5.264286e-01	0.000000e+00	1	0.000000e+00
5.363095e-01	5.264286e-01	0.000000e+00	1	0.000000e+00
5.363095e-01	5.264286e-01	0.000000e+00	1	0.000000e+00
5.363095e-01	5.264286e-01	0.000000e+00	1	0.000000e+00
5.363095e-01	5.264286e-01	0.000000e+00	1	0.000000e+00
5.363095e-01	5.264286e-01	0.000000e+00	1	0.000000e+00
5.363095e-01	5.264286e-01	0.000000e+00	1	0.000000e+00
5.363095e-01	5.264286e-01	0.000000e+00	1	0.000000e+00
5.363095e-01	5.264286e-01	0.000000e+00	1	0.000000e+00
5.363095e-01	5.264286e-01	0.000000e+00	1	0.000000e+00
5.363095e-01	5.264286e-01	0.000000e+00	1	0.000000e+00
5.363095e-01	5.264286e-01	0.000000e+00	1	0.000000e+00
5.363095e-01	5.264286e-01	0.000000e+00	1	0.000000e+00
5.363095e-01	5.264286e-01	0.000000e+00	1	0.000000e+00
5.416667e-01	5.239796e-01	0.000000e+00	1	0.000000e+00
5.363095e-01	5.264286e-01	0.000000e+00	1	0.000000e+00
5.363095e-01	5.264286e-01	0.000000e+00	1	0.000000e+00
5.363095e-01	5.264286e-01	0.000000e+00	1	0.000000e+00
5.363095e-01	5.264286e-01	0.000000e+00	1	0.000000e+00
5.363095e-01	5.264286e-01	0.000000e+00	1	0.000000e+00
5.363095e-01	5.264286e-01	0.000000e+00	1	0.000000e+00
5.363095e-01	5.264286e-01	0.000000e+00	1	0.000000e+00
5.363095e-01	5.264286e-01	0.000000e+00	1	0.000000e+00
5.363095e-01	5.264286e-01	0.000000e+00	1	0.000000e+00
5.363095e-01	5.264286e-01	0.000000e+00	1	0.000000e+00
5.363095e-01	5.264286e-01	0.000000e+00	1	0.000000e+00
5.363095e-01	5.264286e-01	0.000000e+00	1	0.000000e+00
5.363095e-01	5.264286e-01	0.000000e+00	1	0.000000e+00
5.363095e-01	5.264286e-01	0.000000e+00	1	0.000000e+00
5.363095e-01	5.264286e-01	0.000000e+00	1	0.000000e+00
5.363095e-01	5.264286e-01	0.000000e+00	1	0.000000e+00
5.416667e-01	5.239796e-01	0.000000e+00	1	0.000000e+00
5.363095e-01	5.264286e-01	0.000000e+00	1	0.000000e+00
5.363095e-01	5.264286e-01	0.000000e+00	1	0.000000e+00
5.363095e-01	5.264286e-01	0.000000e+00	1	0.000000e+00
5.363095e-01	5.264286e-01	0.000000e+00	1	0.000000e+00
5.363095e-01	5.264286e-01	0.000000e+00	1	0.000000e+00
5.363095e-01	5.264286e-01	0.000000e+00	1	0.000000e+00
5.363095e-01	5.264286e-01	0.000000e+00	1	0.000000e+00
5.363095e-01	5.264286e-01	0.000000e+00	1	0.000000e+00
5.363095e-01	5.264286e-01	0.000000e+00	1	0.000000e+00
5.363095e-01	5.264286e-01	0.000000e+00	1	0.000000e+00
5.363095e-01	5.264286e-01	0.000000e+00	1	0.000000e+00
5.363095e-01	5.264286e-01	0.000000e+00	1	0.000000e+00
5.363095e-01	5.264286e-01	0.000000e+00	1	0.000000e+00
5.363095e-01	5.264286e-01	0.000000e+00	1	0.000000e+00
5.416667e-01	5.239796e-01	0.000000e+00	1	0.000000e+00
5.363095e-01	5.264286e-01	0.000000e+00	1	0.000000e+00
5.363095e-01	5.264286e-01	0.000000e+00	1	0.000000e+00
5.363095e-01	5.264286e-01	0.000000e+00	1	0.000000e+00
5.363095e-01	5.264286e-01	0.000000e+00	1	0.000000e+00
5.363095e-01	5.264286e-01	0.000000e+00	1	0.000000e+00
5.363095e-01	5.264286e-01	0.000000e+00	1	0.000000e+00
5.363095e-01	5.264286e-01	0.000000e+00	1	0.000000e+00
5.363095e-01	5.264286e-01	0.000000e+00	1	0.000000e+00
5.363095e-01	5.264286e-01	0.000000e+00	1	0.000000e+00
5.363095e-01	5.264286e-01	0.000000e+00	1	0.000000e+00
5.363095e-01	5.264286e-01	0.000000e+00	1	0.000000e+00
5.363095e-01	5.264286e-01	0.000000e+00	1	0.000000e+00
5.363095e-01	5.264286e-01	0.000000e+00	1	0.000000e+00
5.363095e-01	5.264286e-01	0.000000e+00	1	0.000000e+00
5.363095e-01	5.264286e-01	0.000000e+00	1	0.000000e+00
5.363095e-01	5.264286e-01	0.000000e+00	1	0.000000e+00
5.363095e-01	5.264286e-01	0.000000e+00	1	0.000000e+00
5.363095e-01	5.264286e-01	0.000000e+00	1	0.000000e+00
5.363095e-01	5.264286e-01	0.000000e+00	1	0.000000e+00
5.363095e-01	5.264286e-01	0.000000e+00	1	0.000000e+00
5.416667e-01	5.239796e-01	0.000000e+00	1	0.000000e+00
5.363095e-01	5.264286e-01	0.000000e+00	1	0.000000e+00
5.363095e-01	5.264286e-01	0.000000e+00	1	0.000000e+00
5.363095e-01	5.264286e-01	0.000000e+00	1	0.000000e+00
5.363095e-01	5.264286e-01	0.000000e+00	1	0.000000e+00
5.363095e-01	5.264286e-01	0.000000e+00	1	0.000000e+00
5.363095e-01	5.264286e-01	0.000000e+00	1	0.000000e+00
5.363095e-01	5.264286e-01	0.000000e+00	1	0.000000e+00
5.363095e-01	5.264286e-01	0.000000e+00	1	0.000000e+00
5.363095e-01	5.264286e-01	0.000000e+00	1	0.000000e+00
5.363095e-01	5.264286e-01	0.000000e+00	1	0.000000e+00
5.363095e-01	5.264286e-01	0.000000e+00	1	0.000000e+00
5.363095e-01	5.264286e-01	0.000000e+00	1	0.000000e+00
5.363095e-01	5.264286e-01	0.000000e+00	1	0.000000e+00
5.601190e-01	5.226190e-01	0.000000e+00	1	0.000000e+00
5.363095e-01	5.264286e-01	0.000000e+00	1	0.000000e+00
5.363095e-01	5.264286e-01	0.000000e+00	1	0.000000e+00
5.363095e-01	5.264286e-01	0.000000e+00	1	0.000000e+00
5.363095e-01	5.264286e-01	0.000000e+00	1	0.000000e+00
5.363095e-01	5.264286e-01	0.000000e+00	1	0.000000e+00
5.363095e-01	5.264286e-01	0.000000e+00	1	0.000000e+00
5.363095e-01	5.264286e-01	0.000000e+00	1	0.000000e+00
5.363095e-01	5.264286e-01	0.000000e+00	1	0.000000e+00
5.416667e-01	5.239796e-01	0.000000e+00	1	0.000000e+00
5.363095e-01	5.264286e-01	0.000000e+00	1	0.000000e+00
5.416667e-01	5.239796e-01	0.000000e+00	1	0.000000e+00
5.363095e-01	5.264286e-01	0.000000e+00	1	0.000000e+00
5.363095e-01	5.264286e-01	0.000000e+00	1	0.000000e+00
5.363095e-01	5.264286e-01	0.000000e+00	1	0.000000e+00
5.363095e-01	5.264286e-01	0.000000e+00	1	0.000000e+00
5.363095e-01	5.264286e-01	0.000000e+00	1	0.000000e+00
5.363095e-01	5.264286e-01	0.000000e+00	1	0.000000e+00
5.363095e-01	5.264286e-01	0.000000e+00	1	0.000000e+00
5.363095e-01	5.264286e-01	0.000000e+00	1	0.000000e+00
5.363095e-01	5.264286e-01	0.000000e+00	1	0.000000e+00
5.363095e-01	5.264286e-01	0.000000e+00	1	0.000000e+00
5.363095e-01	5.264286e-01	0.000000e+00	1	0.000000e+00
5.363095e-01	5.264286e-01	0.000000e+00	1	0.000000e+00
5.363095e-01	5.264286e-01	0.000000e+00	1	0.000000e+00
5.363095e-01	5.264286e-01	0.000000e+00	1	0.000000e+00
5.363095e-01	5.264286e-01	0.000000e+00	1	0.000000e+00
5.363095e-01	5.264286e-01	0.000000e+00	1	0.000000e+00
5.363095e-01	5.264286e-01	0.000000e+00	1	0.000000e+00
5.363095e-01	5.264286e-01	0.000000e+00	1	0.000000e+00
5.363095e-01	5.264286e-01	0.000000e+00	1	0.000000e+00
5.363095e-01	5.264286e-01	0.000000e+00	1	0.000000e+00
5.363095e-01	5.264286e-01	0.000000e+00	1	0.000000e+00
5.363095e-01	5.264286e-01	0.000000e+00	1	0.000000e+00
5.363095e-01	5.264286e-01	0.000000e+00	1	0.000000e+00
5.363095e-01	5.264286e-01	0.000000e+00	1	0.000000e+00
5.363095e-01	5.264286e-01	0.000000e+00	1	0.000000e+00
5.363095e-01	5.264286e-01	0.000000e+00	1	0.000000e+00
5.363095e-01	5.264286e-01	0.000000e+00	1	0.000000e+00
5.363095e-01	5.264286e-01	0.000000e+00	1	0.000000e+00
5.416667e-01	5.239796e-01	0.000000e+00	1	0.000000e+00
5.363095e-01	5.264286e-01	0.000000e+00	1	0.000000e+00
5.363095e-01	5.264286e-01	0.000000e+00	1	0.000000e+00
5.363095e-01	5.264286e-01	0.000000e+00	1	0.000000e+00
5.363095e-01	5.264286e-01	0.000000e+00	1	0.000000e+00
5.363095e-01	5.264286e-01	0.000000e+00	1	0.000000e+00
5.363095e-01	5.264286e-01	0.000000e+00	1	0.000000e+00
5.363095e-01	5.264286e-01	0.000000e+00	1	0.000000e+00
5.363095e-01	5.264286e-01	0.000000e+00	1	0.000000e+00
5.363095e-01	5.264286e-01	0.000000e+00	1	0.000000e+00
5.363095e-01	5.264286e-01	0.000000e+00	1	0.000000e+00
5.363095e-01	5.264286e-01	0.000000e+00	1	0.000000e+00
5.363095e-01	5.264286e-01	0.000000e+00	1	0.000000e+00
5.363095e-01	5.264286e-01	0.000000e+00	1	0.000000e+00
5.363095e-01	5.264286e-01	0.000000e+00	1	0.000000e+00
5.363095e-01	5.264286e-01	0.000000e+00	1	0.000000e+00
5.363095e-01	5.264286e-01	0.000000e+00	1	0.000000e+00
5.363095e-01	5.264286e-01	0.000000e+00	1	0.000000e+00
5.416667e-01	5.239796e-01	0.000000e+00	1	0.000000e+00
5.363095e-01	5.264286e-01	0.000000e+00	1	0.000000e+00
5.363095e-01	5.264286e-01	0.000000e+00	1	0.000000e+00
5.363095e-01	5.264286e-01	0.000000e+00	1	0.000000e+00
5.363095e-01	5.264286e-01	0.000000e+00	1	0.000000e+00
5.363095e-01	5.264286e-01	0.000000e+00	1	0.000000e+00
5.363095e-01	5.264286e-01	0.000000e+00	1	0.000000e+00
5.363095e-01	5.264286e-01	0.000000e+00	1	0.000000e+00
5.363095e-01	5.264286e-01	0.000000e+00	1	0.000000e+00
5.363095e-01	5.264286e-01	0.000000e+00	1	0.000000e+00
5.363095e-01	5.264286e-01	0.000000e+00	1	0.000000e+00
5.363095e-01	5.264286e-01	0.000000e+00	1	0.000000e+00
5.416667e-01	5.239796e-01	0.000000e+00	1	0.000000e+00
5.363095e-01	5.264286e-01	0.000000e+00	1	0.000000e+00
5.363095e-01	5.264286e-01	0.000000e+00	1	0.000000e+00
5.363095e-01	5.264286e-01	0.000000e+00	1	0.000000e+00
5.363095e-01	5.264286e-01	0.000000e+00	1	0.000000e+00
5.363095e-01	5.264286e-01	0.000000e+00	1	0.000000e+00
5.416667e-01	5.239796e-01	0.000000e+00	1	0.000000e+00
5.363095e-01	5.264286e-01	0.000000e+00	1	0.000000e+00
5.363095e-01	5.264286e-01	0.000000e+00	1	0.000000e+00
5.363095e-01	5.264286e-01	0.000000e+00	1	0.000000e+00
5.363095e-01	5.264286e-01	0.000000e+00	1	0.000000e+00
5.363095e-01	5.264286e-01	0.000000e+00	1	0.000000e+00
5.363095e-01	5.264286e-01	0.000000e+00	1	0.000000e+00
5.363095e-01	5.264286e-01	0.000000e+00	1	0.000000e+00
5.363095e-01	5.264286e-01	0.000000e+00	1	0.000000e+00
5.363095e-01	5.264286e-01	0.000000e+00	1	0.000000e+00
5.363095e-01	5.264286e-01	0.000000e+00	1	0.000000e+00
5.363095e-01	5.264286e-01	0.000000e+00	1	0.000000e+00
5.363095e-01	5.264286e-01	0.000000e+00	1	0.000000e+00
5.416667e-01	5.239796e-01	0.000000e+00	1	0.000000e+00
5.363095e-01	5.264286e-01	0.000000e+00	1	0.000000e+00
5.363095e-01	5.264286e-01	0.000000e+00	1	0.000000e+00
5.363095e-01	5.264286e-01	0.000000e+00	1	0.000000e+00
5.416667e-01	5.239796e-01	0.000000e+00	1	0.000000e+00
5.363095e-01	5.264286e-01	0.000000e+00	1	0.000000e+00
5.363095e-01	5.264286e-01	0.000000e+00	1	0.000000e+00
5.363095e-01	5.264286e-01	0.000000e+00	1	0.000000e+00
5.363095e-01	5.264286e-01	0.000000e+00	1	0.000000e+00
5.363095e-01	5.264286e-01	0.000000e+00	1	0.000000e+00
5.363095e-01	5.264286e-01	0.000000e+00	1	0.000000e+00
5.363095e-01	5.264286e-01	0.000000e+00	1	0.000000e+00
5.363095e-01	5.264286e-01	0.000000e+00	1	0.000000e+00
5.363095e-01	5.264286e-01	0.000000e+00	1	0.000000e+00
5.363095e-01	5.264286e-01	0.000000e+00	1	0.000000e+00
5.363095e-01	5.264286e-01	0.000000e+00	1	0.000000e+00
5.363095e-01	5.264286e-01	0.000000e+00	1	0.000000e+00
5.363095e-01	5.264286e-01	0.000000e+00	1	0.000000e+00
5.363095e-01	5.264286e-01	0.000000e+00	1	0.000000e+00
5.363095e-01	5.264286e-01	0.000000e+00	1	0.000000e+00
5.363095e-01	5.264286e-01	0.000000e+00	1	0.000000e+00
5.363095e-01	5.264286e-01	0.000000e+00	1	0.000000e+00
5.416667e-01	5.239796e-01	0.000000e+00	1	0.000000e+00
5.363095e-01	5.264286e-01	0.000000e+00	1	0.000000e+00
5.363095e-01	5.264286e-01	0.000000e+00	1	0.000000e+00
5.416667e-01	5.239796e-01	0.000000e+00	1	0.000000e+00
5.363095e-01	5.264286e-01	0.000000e+00	1	0.000000e+00
5.363095e-01	5.264286e-01	0.000000e+00	1	0.000000e+00
5.363095e-01	5.264286e-01	0.000000e+00	1	0.000000e+00
5.363095e-01	5.264286e-01	0.000000e+00	1	0.000000e+00
5.363095e-01	5.264286e-01	0.000000e+00	1	0.000000e+00
5.416667e-01	5.239796e-01	0.000000e+00	1	0.000000e+00
5.363095e-01	5.264286e-01	0.000000e+00	1	0.000000e+00
5.363095e-01	5.264286e-01	0.000000e+00	1	0.000000e+00
5.363095e-01	5.264286e-01	0.000000e+00	1	0.000000e+00
5.363095e-01	5.264286e-01	0.000000e+00	1	0.000000e+00
5.363095e-01	5.264286e-01	0.000000e+00	1	0.000000e+00
5.363095e-01	5.264286e-01	0.000000e+00	1	0.000000e+00
5.363095e-01	5.264286e-01	0.000000e+00	1	0.000000e+00
5.363095e-01	5.264286e-01	0.000000e+00	1	0.000000e+00
5.363095e-01	5.264286e-01	0.000000e+00	1	0.000000e+00
5.363095e-01	5.264286e-01	0.000000e+00	1	0.000000e+00
5.363095e-01	5.264286e-01	0.000000e+00	1	0.000000e+00
5.363095e-01	5.264286e-01	0.000000e+00	1	0.000000e+00
5.363095e-01	5.264286e-01	0.000000e+00	1	0.000000e+00
5.363095e-01	5.264286e-01	0.000000e+00	1	0.000000e+00
5.363095e-01	5.264286e-01	0.000000e+00	1	0.000000e+00
5.363095e-01	5.264286e-01	0.000000e+00	1	0.000000e+00
5.363095e-01	5.264286e-01	0.000000e+00	1	0.000000e+00
5.363095e-01	5.264286e-01	0.000000e+00	1	0.000000e+00
5.363095e-01	5.264286e-01	0.000000e+00	1	0.000000e+00
5.416667e-01	5.239796e-01	0.000000e+00	1	0.000000e+00
5.416667e-01	5.239796e-01	0.000000e+00	1	0.000000e+00
5.363095e-01	5.264286e-01	0.000000e+00	1	0.000000e+00
5.416667e-01	5.239796e-01	0.000000e+00	1	0.000000e+00
5.363095e-01	5.264286e-01	0.000000e+00	1	0.000000e+00
5.363095e-01	5.264286e-01	0.000000e+00	1	0.000000e+00
5.363095e-01	5.264286e-01	0.000000e+00	1	0.000000e+00
5.363095e-01	5.264286e-01	0.000000e+00	1	0.000000e+00
5.363095e-01	5.264286e-01	0.000000e+00	1	0.000000e+00
5.363095e-01	5.264286e-01	0.000000e+00	1	0.000000e+00
5.363095e-01	5.264286e-01	0.000000e+00	1	0.000000e+00
5.363095e-01	5.264286e-01	0.000000e+00	1	0.000000e+00
5.363095e-01	5.264286e-01	0.000000e+00	1	0.000000e+00
5.416667e-01	5.239796e-01	0.000000e+00	1	0.000000e+00
5.363095e-01	5.264286e-01	0.000000e+00	1	0.000000e+00
5.363095e-01	5.264286e-01	0.000000e+00	1	0.000000e+00
5.363095e-01	5.264286e-01	0.000000e+00	1	0.000000e+00
5.363095e-01	5.264286e-01	0.000000e+00	1	0.000000e+00
5.363095e-01	5.264286e-01	0.000000e+00	1	0.000000e+00
5.416667e-01	5.239796e-01	0.000000e+00	1	0.000000e+00
5.363095e-01	5.264286e-01	0.000000e+00	1	0.000000e+00
5.363095e-01	5.264286e-01	0.000000e+00	1	0.000000e+00
5.363095e-01	5.264286e-01	0.000000e+00	1	0.000000e+00
5.363095e-01	5.264286e-01	0.000000e+00	1	0.000000e+00
5.363095e-01	5.264286e-01	0.000000e+00	1	0.000000e+00
5.363095e-01	5.264286e-01	0.000000e+00	1	0.000000e+00
5.363095e-01	5.264286e-01	0.000000e+00	1	0.000000e+00
5.363095e-01	5.264286e-01	0.000000e+00	1	0.000000e+00
5.416667e-01	5.239796e-01	0.000000e+00	1	0.000000e+00
5.363095e-01	5.264286e-01	0.000000e+00	1	0.000000e+00
5.363095e-01	5.264286e-01	0.000000e+00	1	0.000000e+00
5.416667e-01	5.239796e-01	0.000000e+00	1	0.000000e+00
5.363095e-01	5.264286e-01	0.000000e+00	1	0.000000e+00
5.363095e-01	5.264286e-01	0.000000e+00	1	0.000000e+00
5.416667e-01	5.239796e-01	0.000000e+00	1	0.000000e+00
5.363095e-01	5.264286e-01	0.000000e+00	1	0.000000e+00
5.363095e-01	5.264286e-01	0.000000e+00	1	0.000000e+00
5.363095e-01	5.264286e-01	0.000000e+00	1	0.000000e+00
5.363095e-01	5.264286e-01	0.000000e+00	1	0.000000e+00
5.363095e-01	5.264286e-01	0.000000e+00	1	0.000000e+00
5.416667e-01	5.239796e-01	0.000000e+00	1	0.000000e+00
5.363095e-01	5.264286e-01	0.000000e+00	1	0.000000e+00
5.363095e-01	5.264286e-01	0.000000e+00	1	0.000000e+00
5.363095e-01	5.264286e-01	0.000000e+00	1	0.000000e+00
5.363095e-01	5.264286e-01	0.000000e+00	1	0.000000e+00
5.363095e-01	5.264286e-01	0.000000e+00	1	0.000000e+00
5.363095e-01	5.264286e-01	0.000000e+00	1	0.000000e+00
5.363095e-01	5.264286e-01	0.000000e+00	1	0.000000e+00
5.416667e-01	5.239796e-01	0.000000e+00	1	0.000000e+00
5.363095e-01	5.264286e-01	0.000000e+00	1	0.000000e+00
5.363095e-01	5.264286e-01	0.000000e+00	1	0.000000e+00
5.363095e-01	5.264286e-01	0.000000e+00	1	0.000000e+00
5.363095e-01	5.264286e-01	0.000000e+00	1	0.000000e+00
5.363095e-01	5.264286e-01	0.000000e+00	1	0.000000e+00
5.363095e-01	5.264286e-01	0.000000e+00	1	0.000000e+00
5.363095e-01	5.264286e-01	0.000000e+00	1	0.000000e+00
5.363095e-01	5.264286e-01	0.000000e+00	1	0.000000e+00
5.363095e-01	5.264286e-01	0.000000e+00	1	0.000000e+00
5.363095e-01	5.264286e-01	0.000000e+00	1	0.000000e+00
5.363095e-01	5.264286e-01	0.000000e+00	1	0.000000e+00
5.363095e-01	5.264286e-01	0.000000e+00	1	0.000000e+00
5.363095e-01	5.264286e-01	0.000000e+00	1	0.000000e+00
5.363095e-01	5.264286e-01	0.000000e+00	1	0.000000e+00
5.363095e-01	5.264286e-01	0.000000e+00	1	0.000000e+00
5.363095e-01	5.264286e-01	0.000000e+00	1	0.000000e+00
5.363095e-01	5.264286e-01	0.000000e+00	1	0.000000e+00
5.363095e-01	5.264286e-01	0.000000e+00	1	0.000000e+00
5.363095e-01	5.264286e-01	0.000000e+00	1	0.000000e+00
5.363095e-01	5.264286e-01	0.000000e+00	1	0.000000e+00
5.363095e-01	5.264286e-01	0.000000e+00	1	0.000000e+00
5.363095e-01	5.264286e-01	0.000000e+00	1	0.000000e+00
5.416667e-01	5.239796e-01	0.000000e+00	1	0.000000e+00
5.363095e-01	5.264286e-01	0.000000e+00	1	0.000000e+00
5.363095e-01	5.264286e-01	0.000000e+00	1	0.000000e+00
5.363095e-01	5.264286e-01	0.000000e+00	1	0.000000e+00
5.363095e-01	5.264286e-01	0.000000e+00	1	0.000000e+00
5.363095e-01	5.264286e-01	0.000000e+00	1	0.000000e+00
5.363095e-01	5.264286e-01	0.000000e+00	1	0.000000e+00
5.363095e-01	5.264286e-01	0.000000e+00	1	0.000000e+00
5.363095e-01	5.264286e-01	0.000000e+00	1	0.000000e+00
5.363095e-01	5.264286e-01	0.000000e+00	1	0.000000e+00
5.363095e-01	5.264286e-01	0.000000e+00	1	0.000000e+00
5.416667e-01	5.239796e-01	0.000000e+00	1	0.000000e+00
5.363095e-01	5.264286e-01	0.000000e+00	1	0.000000e+00
5.363095e-01	5.264286e-01	0.000000e+00	1	0.000000e+00
5.416667e-01	5.239796e-01	0.000000e+00	1	0.000000e+00
5.363095e-01	5.264286e-01	0.000000e+00	1	0.000000e+00
5.363095e-01	5.264286e-01	0.000000e+00	1	0.000000e+00
5.363095e-01	5.264286e-01	0.000000e+00	1	0.000000e+00
5.363095e-01	5.264286e-01	0.000000e+00	1	0.000000e+00
5.363095e-01	5.264286e-01	0.000000e+00	1	0.000000e+00
5.363095e-01	5.264286e-01	0.000000e+00	1	0.000000e+00
5.363095e-01	5.264286e-01	0.000000e+00	1	0.000000e+00
5.363095e-01	5.264286e-01	0.000000e+00	1	0.000000e+00
5.363095e-01	5.264286e-01	0.000000e+00	1	0.000000e+00
5.363095e-01	5.264286e-01	0.000000e+00	1	0.000000e+00
5.363095e-01	5.264286e-01	0.000000e+00	1	0.000000e+00
5.363095e-01	5.264286e-01	0.000000e+00	1	0.000000e+00
5.363095e-01	5.264286e-01	0.000000e+00	1	0.000000e+00
5.363095e-01	5.264286e-01	0.000000e+00	1	0.000000e+00
5.363095e-01	5.264286e-01	0.000000e+00	1	0.000000e+00
5.363095e-01	5.264286e-01	0.000000e+00	1	0.000000e+00
5.363095e-01	5.264286e-01	0.000000e+00	1	0.000000e+00
5.363095e-01	5.264286e-01	0.000000e+00	1	0.000000e+00
5.363095e-01	5.264286e-01	0.000000e+00	1	0.000000e+00
5.363095e-01	5.264286e-01	0.000000e+00	1	0.000000e+00
5.363095e-01	5.264286e-01	0.000000e+00	1	0.000000e+00
5.363095e-01	5.264286e-01	0.000000e+00	1	0.000000e+00
5.363095e-01	5.264286e-01	0.000000e+00	1	0.000000e+00
5.363095e-01	5.264286e-01	0.000000e+00	1	0.000000e+00
5.363095e-01	5.264286e-01	0.000000e+00	1	0.000000e+00
5.363095e-01	5.264286e-01	0.000000e+00	1	0.000000e+00
5.363095e-01	5.264286e-01	0.000000e+00	1	0.000000e+00
5.363095e-01	5.264286e-01	0.000000e+00	1	0.000000e+00
5.363095e-01	5.264286e-01	0.000000e+00	1	0.000000e+00
5.363095e-01	5.264286e-01	0.000000e+00	1	0.000000e+00
5.363095e-01	5.264286e-01	0.000000e+00	1	0.000000e+00
5.363095e-01	5.264286e-01	0.000000e+00	1	0.000000e+00
5.601190e-01	5.226190e-01	0.000000e+00	1	0.000000e+00
5.363095e-01	5.264286e-01	0.000000e+00	1	0.000000e+00
5.363095e-01	5.264286e-01	0.000000e+00	1	0.000000e+00
5.416667e-01	5.239796e-01	0.000000e+00	1	0.000000e+00
5.416667e-01	5.239796e-01	0.000000e+00	1	0.000000e+00
5.363095e-01	5.264286e-01	0.000000e+00	1	0.000000e+00
5.363095e-01	5.264286e-01	0.000000e+00	1	0.000000e+00
5.363095e-01	5.264286e-01	0.000000e+00	1	0.000000e+00
5.363095e-01	5.264286e-01	0.000000e+00	1	0.000000e+00
5.416667e-01	5.239796e-01	0.000000e+00	1	0.000000e+00
5.363095e-01	5.264286e-01	0.000000e+00	1	0.000000e+00
5.363095e-01	5.264286e-01	0.000000e+00	1	0.000000e+00
5.363095e-01	5.264286e-01	0.000000e+00	1	0.000000e+00
5.363095e-01	5.264286e-01	0.000000e+00	1	0.000000e+00
5.363095e-01	5.264286e-01	0.000000e+00	1	0.000000e+00
5.363095e-01	5.264286e-01	0.000000e+00	1	0.000000e+00
5.363095e-01	5.264286e-01	0.000000e+00	1	0.000000e+00
5.363095e-01	5.264286e-01	0.000000e+00	1	0.000000e+00
5.363095e-01	5.264286e-01	0.000000e+00	1	0.000000e+00
5.363095e-01	5.264286e-01	0.000000e+00	1	0.000000e+00
5.363095e-01	5.264286e-01	0.000000e+00	1	0.000000e+00
5.363095e-01	5.264286e-01	0.000000e+00	1	0.000000e+00
5.363095e-01	5.264286e-01	0.000000e+00	1	0.000000e+00
5.363095e-01	5.264286e-01	0.000000e+00	1	0.000000e+00
5.363095e-01	5.264286e-01	0.000000e+00	1	0.000000e+00
5.363095e-01	5.264286e-01	0.000000e+00	1	0.000000e+00
5.363095e-01	5.264286e-01	0.000000e+00	1	0.000000e+00
5.363095e-01	5.264286e-01	0.000000e+00	1	0.000000e+00
5.363095e-01	5.264286e-01	0.000000e+00	1	0.000000e+00
5.363095e-01	5.264286e-01	0.000000e+00	1	0.000000e+00
5.363095e-01	5.264286e-01	0.000000e+00	1	0.000000e+00
5.416667e-01	5.239796e-01	0.000000e+00	1	0.000000e+00
5.363095e-01	5.264286e-01	0.000000e+00	1	0.000000e+00
5.363095e-01	5.264286e-01	0.000000e+00	1	0.000000e+00
5.363095e-01	5.264286e-01	0.000000e+00	1	0.000000e+00
5.363095e-01	5.264286e-01	0.000000e+00	1	0.000000e+00
5.363095e-01	5.264286e-01	0.000000e+00	1	0.000000e+00
5.363095e-01	5.264286e-01	0.000000e+00	1	0.000000e+00
5.363095e-01	5.264286e-01	0.000000e+00	1	0.000000e+00
5.363095e-01	5.264286e-01	0.000000e+00	1	0.000000e+00
5.363095e-01	5.264286e-01	0.000000e+00	1	0.000000e+00
5.363095e-01	5.264286e-01	0.000000e+00	1	0.000000e+00
5.386905e-01	5.246599e-01	0.000000e+00	1	0.000000e+00
5.363095e-01	5.264286e-01	0.000000e+00	1	0.000000e+00
5.363095e-01	5.264286e-01	0.000000e+00	1	0.000000e+00
5.363095e-01	5.264286e-01	0.000000e+00	1	0.000000e+00
5.363095e-01	5.264286e-01	0.000000e+00	1	0.000000e+00
5.363095e-01	5.264286e-01	0.000000e+00	1	0.000000e+00
5.363095e-01	5.264286e-01	0.000000e+00	1	0.000000e+00
5.363095e-01	5.264286e-01	0.000000e+00	1	0.000000e+00
5.363095e-01	5.264286e-01	0.000000e+00	1	0.000000e+00
5.363095e-01	5.264286e-01	0.000000e+00	1	0.000000e+00
5.363095e-01	5.264286e-01	0.000000e+00	1	0.000000e+00
5.363095e-01	5.264286e-01	0.000000e+00	1	0.000000e+00
5.363095e-01	5.264286e-01	0.000000e+00	1	0.000000e+00
5.416667e-01	5.239796e-01	0.000000e+00	1	0.000000e+00
5.363095e-01	5.264286e-01	0.000000e+00	1	0.000000e+00
5.363095e-01	5.264286e-01	0.000000e+00	1	0.000000e+00
5.363095e-01	5.264286e-01	0.000000e+00	1	0.000000e+00
5.363095e-01	5.264286e-01	0.000000e+00	1	0.000000e+00
5.363095e-01	5.264286e-01	0.000000e+00	1	0.000000e+00
5.464286e-01	5.236395e-01	0.000000e+00	1	0.000000e+00
5.363095e-01	5.264286e-01	0.000000e+00	1	0.000000e+00
5.363095e-01	5.264286e-01	0.000000e+00	1	0.000000e+00
5.363095e-01	5.264286e-01	0.000000e+00	1	0.000000e+00
5.363095e-01	5.264286e-01	0.000000e+00	1	0.000000e+00
5.363095e-01	5.264286e-01	0.000000e+00	1	0.000000e+00
5.363095e-01	5.264286e-01	0.000000e+00	1	0.000000e+00
5.363095e-01	5.264286e-01	0.000000e+00	1	0.000000e+00
5.363095e-01	5.264286e-01	0.000000e+00	1	0.000000e+00
5.363095e-01	5.264286e-01	0.000000e+00	1	0.000000e+00
5.363095e-01	5.264286e-01	0.000000e+00	1	0.000000e+00
5.363095e-01	5.264286e-01	0.000000e+00	1	0.000000e+00
5.363095e-01	5.264286e-01	0.000000e+00	1	0.000000e+00
5.363095e-01	5.264286e-01	0.000000e+00	1	0.000000e+00
5.416667e-01	5.239796e-01	0.000000e+00	1	0.000000e+00
5.363095e-01	5.264286e-01	0.000000e+00	1	0.000000e+00
5.363095e-01	5.264286e-01	0.000000e+00	1	0.000000e+00
5.363095e-01	5.264286e-01	0.000000e+00	1	0.000000e+00
5.363095e-01	5.264286e-01	0.000000e+00	1	0.000000e+00
5.363095e-01	5.264286e-01	0.000000e+00	1	0.000000e+00
5.363095e-01	5.264286e-01	0.000000e+00	1	0.000000e+00
5.363095e-01	5.264286e-01	0.000000e+00	1	0.000000e+00
5.363095e-01	5.264286e-01	0.000000e+00	1	0.000000e+00
5.416667e-01	5.239796e-01	0.000000e+00	1	0.000000e+00
Total execution time: 385.429
