# This file contains the data of final feasible population (if found)
# of objectives = 2, # of constraints = 0, # of real_var = 0, # of bits of bin_var = 0, constr_violation, rank, crowding_distance
3.610000e+02	2.420000e+02	0.000000e+00	1	1.000000e+14
2.430000e+02	3.860000e+02	0.000000e+00	1	1.000000e+14
2.540000e+02	3.770000e+02	0.000000e+00	1	5.555556e-02
2.560000e+02	3.610000e+02	0.000000e+00	1	5.555556e-02
2.600000e+02	3.540000e+02	0.000000e+00	1	3.083804e-02
2.680000e+02	3.420000e+02	0.000000e+00	1	2.660075e-02
2.460000e+02	3.830000e+02	0.000000e+00	1	2.583569e-02
2.480000e+02	3.780000e+02	0.000000e+00	1	2.542373e-02
2.540000e+02	3.770000e+02	0.000000e+00	1	2.542373e-02
2.670000e+02	3.480000e+02	0.000000e+00	1	2.507062e-02
2.600000e+02	3.540000e+02	0.000000e+00	1	2.430556e-02
2.560000e+02	3.610000e+02	0.000000e+00	1	2.430556e-02
3.150000e+02	2.860000e+02	0.000000e+00	1	2.312853e-02
2.460000e+02	3.830000e+02	0.000000e+00	1	2.312853e-02
2.710000e+02	3.380000e+02	0.000000e+00	1	2.236347e-02
2.680000e+02	3.420000e+02	0.000000e+00	1	2.083333e-02
3.350000e+02	2.630000e+02	0.000000e+00	1	1.965631e-02
2.630000e+02	3.500000e+02	0.000000e+00	1	1.965631e-02
2.850000e+02	3.200000e+02	0.000000e+00	1	1.889124e-02
2.980000e+02	3.050000e+02	0.000000e+00	1	1.812618e-02
2.480000e+02	3.780000e+02	0.000000e+00	1	1.736111e-02
2.670000e+02	3.480000e+02	0.000000e+00	1	1.694915e-02
2.560000e+02	3.610000e+02	0.000000e+00	1	1.694915e-02
2.630000e+02	3.500000e+02	0.000000e+00	1	1.694915e-02
3.520000e+02	2.490000e+02	0.000000e+00	1	1.618409e-02
3.320000e+02	2.650000e+02	0.000000e+00	1	1.541902e-02
3.370000e+02	2.610000e+02	0.000000e+00	1	1.541902e-02
3.120000e+02	2.880000e+02	0.000000e+00	1	1.388889e-02
2.730000e+02	3.370000e+02	0.000000e+00	1	1.388889e-02
2.630000e+02	3.500000e+02	0.000000e+00	1	1.388889e-02
3.100000e+02	2.920000e+02	0.000000e+00	1	1.388889e-02
3.000000e+02	3.010000e+02	0.000000e+00	1	1.388889e-02
2.740000e+02	3.330000e+02	0.000000e+00	1	1.388889e-02
3.550000e+02	2.480000e+02	0.000000e+00	1	1.271186e-02
2.430000e+02	3.860000e+02	0.000000e+00	1	1.271186e-02
3.470000e+02	2.530000e+02	0.000000e+00	1	1.271186e-02
2.790000e+02	3.280000e+02	0.000000e+00	1	1.271186e-02
3.590000e+02	2.440000e+02	0.000000e+00	1	1.271186e-02
3.320000e+02	2.650000e+02	0.000000e+00	1	1.271186e-02
3.120000e+02	2.880000e+02	0.000000e+00	1	1.271186e-02
2.600000e+02	3.540000e+02	0.000000e+00	1	1.271186e-02
2.710000e+02	3.380000e+02	0.000000e+00	1	1.271186e-02
2.760000e+02	3.300000e+02	0.000000e+00	1	1.271186e-02
3.560000e+02	2.460000e+02	0.000000e+00	1	1.271186e-02
3.440000e+02	2.550000e+02	0.000000e+00	1	1.271186e-02
3.380000e+02	2.600000e+02	0.000000e+00	1	1.194680e-02
3.270000e+02	2.710000e+02	0.000000e+00	1	1.194680e-02
3.090000e+02	2.930000e+02	0.000000e+00	1	1.194680e-02
3.170000e+02	2.830000e+02	0.000000e+00	1	1.194680e-02
2.760000e+02	3.300000e+02	0.000000e+00	1	1.118173e-02
3.220000e+02	2.770000e+02	0.000000e+00	1	1.041667e-02
3.170000e+02	2.830000e+02	0.000000e+00	1	1.041667e-02
3.290000e+02	2.700000e+02	0.000000e+00	1	1.041667e-02
2.830000e+02	3.230000e+02	0.000000e+00	1	1.041667e-02
3.300000e+02	2.670000e+02	0.000000e+00	1	1.041667e-02
3.200000e+02	2.800000e+02	0.000000e+00	1	1.041667e-02
3.220000e+02	2.770000e+02	0.000000e+00	1	1.041667e-02
3.240000e+02	2.740000e+02	0.000000e+00	1	1.041667e-02
3.050000e+02	2.950000e+02	0.000000e+00	1	8.474576e-03
2.540000e+02	3.770000e+02	0.000000e+00	1	8.474576e-03
3.070000e+02	2.940000e+02	0.000000e+00	1	8.474576e-03
2.940000e+02	3.090000e+02	0.000000e+00	1	8.474576e-03
3.610000e+02	2.420000e+02	0.000000e+00	1	8.474576e-03
3.420000e+02	2.570000e+02	0.000000e+00	1	8.474576e-03
3.240000e+02	2.740000e+02	0.000000e+00	1	8.474576e-03
2.870000e+02	3.180000e+02	0.000000e+00	1	8.474576e-03
2.830000e+02	3.230000e+02	0.000000e+00	1	8.474576e-03
3.170000e+02	2.830000e+02	0.000000e+00	1	8.474576e-03
3.220000e+02	2.770000e+02	0.000000e+00	1	8.474576e-03
3.510000e+02	2.500000e+02	0.000000e+00	1	8.474576e-03
3.300000e+02	2.670000e+02	0.000000e+00	1	8.474576e-03
3.400000e+02	2.590000e+02	0.000000e+00	1	8.474576e-03
2.850000e+02	3.200000e+02	0.000000e+00	1	8.474576e-03
3.200000e+02	2.800000e+02	0.000000e+00	1	8.474576e-03
3.000000e+02	3.010000e+02	0.000000e+00	1	8.474576e-03
2.480000e+02	3.780000e+02	0.000000e+00	1	8.474576e-03
3.000000e+02	3.010000e+02	0.000000e+00	1	8.474576e-03
3.250000e+02	2.730000e+02	0.000000e+00	1	8.474576e-03
3.150000e+02	2.860000e+02	0.000000e+00	1	8.474576e-03
3.100000e+02	2.920000e+02	0.000000e+00	1	8.474576e-03
2.730000e+02	3.370000e+02	0.000000e+00	1	8.474576e-03
3.190000e+02	2.820000e+02	0.000000e+00	1	8.474576e-03
2.920000e+02	3.110000e+02	0.000000e+00	1	8.474576e-03
3.120000e+02	2.880000e+02	0.000000e+00	1	8.474576e-03
3.590000e+02	2.440000e+02	0.000000e+00	1	8.474576e-03
2.980000e+02	3.050000e+02	0.000000e+00	1	8.474576e-03
3.070000e+02	2.940000e+02	0.000000e+00	1	8.474576e-03
3.440000e+02	2.550000e+02	0.000000e+00	1	8.474576e-03
2.920000e+02	3.110000e+02	0.000000e+00	1	8.474576e-03
2.900000e+02	3.130000e+02	0.000000e+00	1	8.474576e-03
3.350000e+02	2.630000e+02	0.000000e+00	1	8.474576e-03
3.020000e+02	2.990000e+02	0.000000e+00	1	8.474576e-03
3.040000e+02	2.970000e+02	0.000000e+00	1	8.474576e-03
3.490000e+02	2.510000e+02	0.000000e+00	1	8.474576e-03
3.020000e+02	2.990000e+02	0.000000e+00	1	8.474576e-03
3.290000e+02	2.700000e+02	0.000000e+00	1	8.474576e-03
3.220000e+02	2.770000e+02	0.000000e+00	1	8.474576e-03
2.560000e+02	3.610000e+02	0.000000e+00	1	8.474576e-03
3.270000e+02	2.710000e+02	0.000000e+00	1	8.474576e-03
2.950000e+02	3.080000e+02	0.000000e+00	1	7.709510e-03
3.520000e+02	2.490000e+02	0.000000e+00	1	7.709510e-03
2.970000e+02	3.060000e+02	0.000000e+00	1	7.709510e-03
2.750000e+02	3.320000e+02	0.000000e+00	1	7.709510e-03
2.740000e+02	3.330000e+02	0.000000e+00	1	7.709510e-03
2.870000e+02	3.180000e+02	0.000000e+00	1	7.709510e-03
3.120000e+02	2.880000e+02	0.000000e+00	1	6.944444e-03
2.870000e+02	3.180000e+02	0.000000e+00	1	6.944444e-03
3.610000e+02	2.420000e+02	0.000000e+00	1	6.944444e-03
3.350000e+02	2.630000e+02	0.000000e+00	1	6.944444e-03
2.900000e+02	3.130000e+02	0.000000e+00	1	6.944444e-03
3.040000e+02	2.970000e+02	0.000000e+00	1	6.944444e-03
3.440000e+02	2.550000e+02	0.000000e+00	1	6.944444e-03
2.890000e+02	3.150000e+02	0.000000e+00	1	6.944444e-03
3.590000e+02	2.440000e+02	0.000000e+00	1	6.944444e-03
3.270000e+02	2.710000e+02	0.000000e+00	1	6.944444e-03
3.420000e+02	2.570000e+02	0.000000e+00	1	6.944444e-03
3.190000e+02	2.820000e+02	0.000000e+00	1	6.944444e-03
2.830000e+02	3.230000e+02	0.000000e+00	1	6.944444e-03
3.560000e+02	2.460000e+02	0.000000e+00	1	6.944444e-03
2.670000e+02	3.480000e+02	0.000000e+00	1	6.944444e-03
2.900000e+02	3.130000e+02	0.000000e+00	1	6.944444e-03
2.940000e+02	3.090000e+02	0.000000e+00	1	6.944444e-03
2.760000e+02	3.300000e+02	0.000000e+00	1	6.944444e-03
2.790000e+02	3.280000e+02	0.000000e+00	1	6.944444e-03
3.050000e+02	2.950000e+02	0.000000e+00	1	6.944444e-03
3.250000e+02	2.730000e+02	0.000000e+00	1	6.944444e-03
3.550000e+02	2.480000e+02	0.000000e+00	1	6.944444e-03
3.590000e+02	2.440000e+02	0.000000e+00	1	6.944444e-03
2.890000e+02	3.150000e+02	0.000000e+00	1	6.944444e-03
3.470000e+02	2.530000e+02	0.000000e+00	1	6.944444e-03
3.560000e+02	2.460000e+02	0.000000e+00	1	6.944444e-03
3.150000e+02	2.860000e+02	0.000000e+00	1	6.944444e-03
3.440000e+02	2.550000e+02	0.000000e+00	1	6.944444e-03
3.020000e+02	2.990000e+02	0.000000e+00	1	6.944444e-03
2.920000e+02	3.110000e+02	0.000000e+00	1	6.944444e-03
3.020000e+02	2.990000e+02	0.000000e+00	1	6.944444e-03
3.320000e+02	2.650000e+02	0.000000e+00	1	6.944444e-03
2.750000e+02	3.320000e+02	0.000000e+00	1	6.944444e-03
3.300000e+02	2.670000e+02	0.000000e+00	1	6.944444e-03
2.880000e+02	3.170000e+02	0.000000e+00	1	6.944444e-03
2.850000e+02	3.200000e+02	0.000000e+00	1	6.944444e-03
3.040000e+02	2.970000e+02	0.000000e+00	1	6.944444e-03
3.000000e+02	3.010000e+02	0.000000e+00	1	6.944444e-03
3.200000e+02	2.800000e+02	0.000000e+00	1	6.944444e-03
2.820000e+02	3.250000e+02	0.000000e+00	1	6.944444e-03
2.920000e+02	3.110000e+02	0.000000e+00	1	6.944444e-03
2.940000e+02	3.090000e+02	0.000000e+00	1	4.237288e-03
2.730000e+02	3.370000e+02	0.000000e+00	1	4.237288e-03
2.810000e+02	3.260000e+02	0.000000e+00	1	4.237288e-03
2.810000e+02	3.260000e+02	0.000000e+00	1	4.237288e-03
3.090000e+02	2.930000e+02	0.000000e+00	1	4.237288e-03
3.100000e+02	2.920000e+02	0.000000e+00	1	4.237288e-03
2.880000e+02	3.170000e+02	0.000000e+00	1	4.237288e-03
3.200000e+02	2.800000e+02	0.000000e+00	1	4.237288e-03
3.240000e+02	2.740000e+02	0.000000e+00	1	4.237288e-03
2.970000e+02	3.060000e+02	0.000000e+00	1	4.237288e-03
3.400000e+02	2.590000e+02	0.000000e+00	1	4.237288e-03
3.470000e+02	2.530000e+02	0.000000e+00	1	4.237288e-03
2.680000e+02	3.420000e+02	0.000000e+00	1	4.237288e-03
3.250000e+02	2.730000e+02	0.000000e+00	1	4.237288e-03
3.420000e+02	2.570000e+02	0.000000e+00	1	4.237288e-03
3.480000e+02	2.520000e+02	0.000000e+00	1	4.237288e-03
3.050000e+02	2.950000e+02	0.000000e+00	1	4.237288e-03
3.290000e+02	2.700000e+02	0.000000e+00	1	4.237288e-03
2.950000e+02	3.080000e+02	0.000000e+00	1	4.237288e-03
2.800000e+02	3.270000e+02	0.000000e+00	1	4.237288e-03
2.900000e+02	3.130000e+02	0.000000e+00	1	4.237288e-03
3.300000e+02	2.670000e+02	0.000000e+00	1	4.237288e-03
2.890000e+02	3.150000e+02	0.000000e+00	1	4.237288e-03
3.370000e+02	2.610000e+02	0.000000e+00	1	4.237288e-03
3.410000e+02	2.580000e+02	0.000000e+00	1	4.237288e-03
3.040000e+02	2.970000e+02	0.000000e+00	1	4.237288e-03
3.410000e+02	2.580000e+02	0.000000e+00	1	4.237288e-03
2.800000e+02	3.270000e+02	0.000000e+00	1	4.237288e-03
2.960000e+02	3.070000e+02	0.000000e+00	1	4.237288e-03
2.750000e+02	3.320000e+02	0.000000e+00	1	4.237288e-03
2.830000e+02	3.230000e+02	0.000000e+00	1	4.237288e-03
2.960000e+02	3.070000e+02	0.000000e+00	1	4.237288e-03
2.790000e+02	3.280000e+02	0.000000e+00	1	4.237288e-03
3.550000e+02	2.480000e+02	0.000000e+00	1	4.237288e-03
3.510000e+02	2.500000e+02	0.000000e+00	1	4.237288e-03
2.820000e+02	3.250000e+02	0.000000e+00	1	4.237288e-03
3.480000e+02	2.520000e+02	0.000000e+00	1	4.237288e-03
3.190000e+02	2.820000e+02	0.000000e+00	1	4.237288e-03
2.820000e+02	3.250000e+02	0.000000e+00	1	4.237288e-03
3.380000e+02	2.600000e+02	0.000000e+00	1	4.237288e-03
2.740000e+02	3.330000e+02	0.000000e+00	1	4.237288e-03
2.890000e+02	3.150000e+02	0.000000e+00	1	4.237288e-03
3.560000e+02	2.460000e+02	0.000000e+00	1	4.237288e-03
3.490000e+02	2.510000e+02	0.000000e+00	1	4.237288e-03
2.880000e+02	3.170000e+02	0.000000e+00	1	4.237288e-03
3.090000e+02	2.930000e+02	0.000000e+00	1	3.472222e-03
3.100000e+02	2.920000e+02	0.000000e+00	1	3.472222e-03
3.470000e+02	2.530000e+02	0.000000e+00	1	3.472222e-03
3.510000e+02	2.500000e+02	0.000000e+00	1	3.472222e-03
2.960000e+02	3.070000e+02	0.000000e+00	1	3.472222e-03
3.380000e+02	2.600000e+02	0.000000e+00	1	3.472222e-03
2.710000e+02	3.380000e+02	0.000000e+00	1	3.472222e-03
3.190000e+02	2.820000e+02	0.000000e+00	1	3.472222e-03
3.410000e+02	2.580000e+02	0.000000e+00	1	3.472222e-03
2.810000e+02	3.260000e+02	0.000000e+00	1	3.472222e-03
3.240000e+02	2.740000e+02	0.000000e+00	1	3.472222e-03
2.880000e+02	3.170000e+02	0.000000e+00	1	3.472222e-03
3.490000e+02	2.510000e+02	0.000000e+00	1	3.472222e-03
3.550000e+02	2.480000e+02	0.000000e+00	1	3.472222e-03
3.400000e+02	2.590000e+02	0.000000e+00	1	3.472222e-03
2.540000e+02	3.770000e+02	0.000000e+00	1	3.472222e-03
3.070000e+02	2.940000e+02	0.000000e+00	1	3.472222e-03
2.940000e+02	3.090000e+02	0.000000e+00	1	3.472222e-03
3.490000e+02	2.510000e+02	0.000000e+00	1	3.472222e-03
3.250000e+02	2.730000e+02	0.000000e+00	1	3.472222e-03
3.410000e+02	2.580000e+02	0.000000e+00	1	3.472222e-03
3.420000e+02	2.570000e+02	0.000000e+00	1	3.472222e-03
3.480000e+02	2.520000e+02	0.000000e+00	1	3.472222e-03
2.800000e+02	3.270000e+02	0.000000e+00	1	3.472222e-03
3.290000e+02	2.700000e+02	0.000000e+00	1	3.472222e-03
2.790000e+02	3.280000e+02	0.000000e+00	1	3.472222e-03
2.960000e+02	3.070000e+02	0.000000e+00	1	3.472222e-03
3.400000e+02	2.590000e+02	0.000000e+00	1	3.472222e-03
2.480000e+02	3.780000e+02	0.000000e+00	1	3.472222e-03
3.480000e+02	2.520000e+02	0.000000e+00	1	3.472222e-03
2.970000e+02	3.060000e+02	0.000000e+00	1	3.472222e-03
2.950000e+02	3.080000e+02	0.000000e+00	1	3.472222e-03
2.730000e+02	3.370000e+02	0.000000e+00	1	3.472222e-03
2.820000e+02	3.250000e+02	0.000000e+00	1	3.472222e-03
3.510000e+02	2.500000e+02	0.000000e+00	1	3.472222e-03
3.370000e+02	2.610000e+02	0.000000e+00	1	3.472222e-03
3.070000e+02	2.940000e+02	0.000000e+00	1	3.472222e-03
3.050000e+02	2.950000e+02	0.000000e+00	1	3.472222e-03
2.980000e+02	3.050000e+02	0.000000e+00	1	3.472222e-03
2.800000e+02	3.270000e+02	0.000000e+00	1	3.472222e-03
2.810000e+02	3.260000e+02	0.000000e+00	1	3.472222e-03
3.420000e+02	2.570000e+02	0.000000e+00	1	0.000000e+00
3.120000e+02	2.880000e+02	0.000000e+00	1	0.000000e+00
3.100000e+02	2.920000e+02	0.000000e+00	1	0.000000e+00
2.730000e+02	3.370000e+02	0.000000e+00	1	0.000000e+00
2.750000e+02	3.320000e+02	0.000000e+00	1	0.000000e+00
2.970000e+02	3.060000e+02	0.000000e+00	1	0.000000e+00
2.760000e+02	3.300000e+02	0.000000e+00	1	0.000000e+00
2.920000e+02	3.110000e+02	0.000000e+00	1	0.000000e+00
2.760000e+02	3.300000e+02	0.000000e+00	1	0.000000e+00
3.350000e+02	2.630000e+02	0.000000e+00	1	0.000000e+00
3.150000e+02	2.860000e+02	0.000000e+00	1	0.000000e+00
3.300000e+02	2.670000e+02	0.000000e+00	1	0.000000e+00
2.940000e+02	3.090000e+02	0.000000e+00	1	0.000000e+00
2.920000e+02	3.110000e+02	0.000000e+00	1	0.000000e+00
2.480000e+02	3.780000e+02	0.000000e+00	1	0.000000e+00
3.000000e+02	3.010000e+02	0.000000e+00	1	0.000000e+00
3.410000e+02	2.580000e+02	0.000000e+00	1	0.000000e+00
2.870000e+02	3.180000e+02	0.000000e+00	1	0.000000e+00
3.560000e+02	2.460000e+02	0.000000e+00	1	0.000000e+00
3.510000e+02	2.500000e+02	0.000000e+00	1	0.000000e+00
3.040000e+02	2.970000e+02	0.000000e+00	1	0.000000e+00
3.190000e+02	2.820000e+02	0.000000e+00	1	0.000000e+00
3.590000e+02	2.440000e+02	0.000000e+00	1	0.000000e+00
2.790000e+02	3.280000e+02	0.000000e+00	1	0.000000e+00
3.150000e+02	2.860000e+02	0.000000e+00	1	0.000000e+00
3.490000e+02	2.510000e+02	0.000000e+00	1	0.000000e+00
2.890000e+02	3.150000e+02	0.000000e+00	1	0.000000e+00
3.510000e+02	2.500000e+02	0.000000e+00	1	0.000000e+00
3.400000e+02	2.590000e+02	0.000000e+00	1	0.000000e+00
2.740000e+02	3.330000e+02	0.000000e+00	1	0.000000e+00
2.920000e+02	3.110000e+02	0.000000e+00	1	0.000000e+00
2.890000e+02	3.150000e+02	0.000000e+00	1	0.000000e+00
2.960000e+02	3.070000e+02	0.000000e+00	1	0.000000e+00
3.270000e+02	2.710000e+02	0.000000e+00	1	0.000000e+00
2.870000e+02	3.180000e+02	0.000000e+00	1	0.000000e+00
3.020000e+02	2.990000e+02	0.000000e+00	1	0.000000e+00
3.020000e+02	2.990000e+02	0.000000e+00	1	0.000000e+00
3.190000e+02	2.820000e+02	0.000000e+00	1	0.000000e+00
3.370000e+02	2.610000e+02	0.000000e+00	1	0.000000e+00
3.320000e+02	2.650000e+02	0.000000e+00	1	0.000000e+00
3.370000e+02	2.610000e+02	0.000000e+00	1	0.000000e+00
2.810000e+02	3.260000e+02	0.000000e+00	1	0.000000e+00
3.410000e+02	2.580000e+02	0.000000e+00	1	0.000000e+00
3.190000e+02	2.820000e+02	0.000000e+00	1	0.000000e+00
2.920000e+02	3.110000e+02	0.000000e+00	1	0.000000e+00
3.370000e+02	2.610000e+02	0.000000e+00	1	0.000000e+00
2.880000e+02	3.170000e+02	0.000000e+00	1	0.000000e+00
3.070000e+02	2.940000e+02	0.000000e+00	1	0.000000e+00
2.880000e+02	3.170000e+02	0.000000e+00	1	0.000000e+00
2.940000e+02	3.090000e+02	0.000000e+00	1	0.000000e+00
3.490000e+02	2.510000e+02	0.000000e+00	1	0.000000e+00
3.020000e+02	2.990000e+02	0.000000e+00	1	0.000000e+00
3.040000e+02	2.970000e+02	0.000000e+00	1	0.000000e+00
2.970000e+02	3.060000e+02	0.000000e+00	1	0.000000e+00
2.880000e+02	3.170000e+02	0.000000e+00	1	0.000000e+00
3.400000e+02	2.590000e+02	0.000000e+00	1	0.000000e+00
3.020000e+02	2.990000e+02	0.000000e+00	1	0.000000e+00
3.290000e+02	2.700000e+02	0.000000e+00	1	0.000000e+00
3.120000e+02	2.880000e+02	0.000000e+00	1	0.000000e+00
2.740000e+02	3.330000e+02	0.000000e+00	1	0.000000e+00
3.070000e+02	2.940000e+02	0.000000e+00	1	0.000000e+00
3.480000e+02	2.520000e+02	0.000000e+00	1	0.000000e+00
3.050000e+02	2.950000e+02	0.000000e+00	1	0.000000e+00
2.480000e+02	3.780000e+02	0.000000e+00	1	0.000000e+00
3.370000e+02	2.610000e+02	0.000000e+00	1	0.000000e+00
3.070000e+02	2.940000e+02	0.000000e+00	1	0.000000e+00
2.480000e+02	3.780000e+02	0.000000e+00	1	0.000000e+00
3.050000e+02	2.950000e+02	0.000000e+00	1	0.000000e+00
3.170000e+02	2.830000e+02	0.000000e+00	1	0.000000e+00
2.730000e+02	3.370000e+02	0.000000e+00	1	0.000000e+00
3.100000e+02	2.920000e+02	0.000000e+00	1	0.000000e+00
2.880000e+02	3.170000e+02	0.000000e+00	1	0.000000e+00
3.170000e+02	2.830000e+02	0.000000e+00	1	0.000000e+00
2.970000e+02	3.060000e+02	0.000000e+00	1	0.000000e+00
3.100000e+02	2.920000e+02	0.000000e+00	1	0.000000e+00
3.120000e+02	2.880000e+02	0.000000e+00	1	0.000000e+00
3.370000e+02	2.610000e+02	0.000000e+00	1	0.000000e+00
2.960000e+02	3.070000e+02	0.000000e+00	1	0.000000e+00
3.410000e+02	2.580000e+02	0.000000e+00	1	0.000000e+00
3.150000e+02	2.860000e+02	0.000000e+00	1	0.000000e+00
2.980000e+02	3.050000e+02	0.000000e+00	1	0.000000e+00
3.100000e+02	2.920000e+02	0.000000e+00	1	0.000000e+00
3.400000e+02	2.590000e+02	0.000000e+00	1	0.000000e+00
3.170000e+02	2.830000e+02	0.000000e+00	1	0.000000e+00
3.150000e+02	2.860000e+02	0.000000e+00	1	0.000000e+00
3.490000e+02	2.510000e+02	0.000000e+00	1	0.000000e+00
3.220000e+02	2.770000e+02	0.000000e+00	1	0.000000e+00
2.960000e+02	3.070000e+02	0.000000e+00	1	0.000000e+00
3.200000e+02	2.800000e+02	0.000000e+00	1	0.000000e+00
3.610000e+02	2.420000e+02	0.000000e+00	1	0.000000e+00
3.440000e+02	2.550000e+02	0.000000e+00	1	0.000000e+00
2.480000e+02	3.780000e+02	0.000000e+00	1	0.000000e+00
2.820000e+02	3.250000e+02	0.000000e+00	1	0.000000e+00
3.420000e+02	2.570000e+02	0.000000e+00	1	0.000000e+00
3.070000e+02	2.940000e+02	0.000000e+00	1	0.000000e+00
2.940000e+02	3.090000e+02	0.000000e+00	1	0.000000e+00
3.150000e+02	2.860000e+02	0.000000e+00	1	0.000000e+00
3.420000e+02	2.570000e+02	0.000000e+00	1	0.000000e+00
3.410000e+02	2.580000e+02	0.000000e+00	1	0.000000e+00
3.220000e+02	2.770000e+02	0.000000e+00	1	0.000000e+00
2.730000e+02	3.370000e+02	0.000000e+00	1	0.000000e+00
3.420000e+02	2.570000e+02	0.000000e+00	1	0.000000e+00
3.190000e+02	2.820000e+02	0.000000e+00	1	0.000000e+00
3.320000e+02	2.650000e+02	0.000000e+00	1	0.000000e+00
3.120000e+02	2.880000e+02	0.000000e+00	1	0.000000e+00
3.560000e+02	2.460000e+02	0.000000e+00	1	0.000000e+00
3.350000e+02	2.630000e+02	0.000000e+00	1	0.000000e+00
3.420000e+02	2.570000e+02	0.000000e+00	1	0.000000e+00
3.050000e+02	2.950000e+02	0.000000e+00	1	0.000000e+00
3.190000e+02	2.820000e+02	0.000000e+00	1	0.000000e+00
3.590000e+02	2.440000e+02	0.000000e+00	1	0.000000e+00
3.020000e+02	2.990000e+02	0.000000e+00	1	0.000000e+00
2.900000e+02	3.130000e+02	0.000000e+00	1	0.000000e+00
3.590000e+02	2.440000e+02	0.000000e+00	1	0.000000e+00
2.880000e+02	3.170000e+02	0.000000e+00	1	0.000000e+00
3.050000e+02	2.950000e+02	0.000000e+00	1	0.000000e+00
2.600000e+02	3.540000e+02	0.000000e+00	1	0.000000e+00
3.240000e+02	2.740000e+02	0.000000e+00	1	0.000000e+00
3.040000e+02	2.970000e+02	0.000000e+00	1	0.000000e+00
3.150000e+02	2.860000e+02	0.000000e+00	1	0.000000e+00
3.070000e+02	2.940000e+02	0.000000e+00	1	0.000000e+00
2.800000e+02	3.270000e+02	0.000000e+00	1	0.000000e+00
3.370000e+02	2.610000e+02	0.000000e+00	1	0.000000e+00
3.020000e+02	2.990000e+02	0.000000e+00	1	0.000000e+00
2.960000e+02	3.070000e+02	0.000000e+00	1	0.000000e+00
3.020000e+02	2.990000e+02	0.000000e+00	1	0.000000e+00
3.480000e+02	2.520000e+02	0.000000e+00	1	0.000000e+00
3.350000e+02	2.630000e+02	0.000000e+00	1	0.000000e+00
3.510000e+02	2.500000e+02	0.000000e+00	1	0.000000e+00
3.070000e+02	2.940000e+02	0.000000e+00	1	0.000000e+00
2.830000e+02	3.230000e+02	0.000000e+00	1	0.000000e+00
3.320000e+02	2.650000e+02	0.000000e+00	1	0.000000e+00
3.270000e+02	2.710000e+02	0.000000e+00	1	0.000000e+00
2.430000e+02	3.860000e+02	0.000000e+00	1	0.000000e+00
3.300000e+02	2.670000e+02	0.000000e+00	1	0.000000e+00
2.960000e+02	3.070000e+02	0.000000e+00	1	0.000000e+00
2.900000e+02	3.130000e+02	0.000000e+00	1	0.000000e+00
3.490000e+02	2.510000e+02	0.000000e+00	1	0.000000e+00
2.940000e+02	3.090000e+02	0.000000e+00	1	0.000000e+00
3.380000e+02	2.600000e+02	0.000000e+00	1	0.000000e+00
3.150000e+02	2.860000e+02	0.000000e+00	1	0.000000e+00
3.320000e+02	2.650000e+02	0.000000e+00	1	0.000000e+00
2.730000e+02	3.370000e+02	0.000000e+00	1	0.000000e+00
3.610000e+02	2.420000e+02	0.000000e+00	1	0.000000e+00
2.800000e+02	3.270000e+02	0.000000e+00	1	0.000000e+00
3.020000e+02	2.990000e+02	0.000000e+00	1	0.000000e+00
2.740000e+02	3.330000e+02	0.000000e+00	1	0.000000e+00
2.830000e+02	3.230000e+02	0.000000e+00	1	0.000000e+00
2.900000e+02	3.130000e+02	0.000000e+00	1	0.000000e+00
2.850000e+02	3.200000e+02	0.000000e+00	1	0.000000e+00
2.480000e+02	3.780000e+02	0.000000e+00	1	0.000000e+00
2.760000e+02	3.300000e+02	0.000000e+00	1	0.000000e+00
2.540000e+02	3.770000e+02	0.000000e+00	1	0.000000e+00
3.370000e+02	2.610000e+02	0.000000e+00	1	0.000000e+00
2.920000e+02	3.110000e+02	0.000000e+00	1	0.000000e+00
2.750000e+02	3.320000e+02	0.000000e+00	1	0.000000e+00
3.290000e+02	2.700000e+02	0.000000e+00	1	0.000000e+00
2.870000e+02	3.180000e+02	0.000000e+00	1	0.000000e+00
3.510000e+02	2.500000e+02	0.000000e+00	1	0.000000e+00
3.510000e+02	2.500000e+02	0.000000e+00	1	0.000000e+00
3.190000e+02	2.820000e+02	0.000000e+00	1	0.000000e+00
2.830000e+02	3.230000e+02	0.000000e+00	1	0.000000e+00
3.480000e+02	2.520000e+02	0.000000e+00	1	0.000000e+00
3.100000e+02	2.920000e+02	0.000000e+00	1	0.000000e+00
2.730000e+02	3.370000e+02	0.000000e+00	1	0.000000e+00
2.890000e+02	3.150000e+02	0.000000e+00	1	0.000000e+00
3.510000e+02	2.500000e+02	0.000000e+00	1	0.000000e+00
2.630000e+02	3.500000e+02	0.000000e+00	1	0.000000e+00
2.600000e+02	3.540000e+02	0.000000e+00	1	0.000000e+00
2.870000e+02	3.180000e+02	0.000000e+00	1	0.000000e+00
3.020000e+02	2.990000e+02	0.000000e+00	1	0.000000e+00
3.470000e+02	2.530000e+02	0.000000e+00	1	0.000000e+00
3.070000e+02	2.940000e+02	0.000000e+00	1	0.000000e+00
2.760000e+02	3.300000e+02	0.000000e+00	1	0.000000e+00
3.190000e+02	2.820000e+02	0.000000e+00	1	0.000000e+00
3.050000e+02	2.950000e+02	0.000000e+00	1	0.000000e+00
2.790000e+02	3.280000e+02	0.000000e+00	1	0.000000e+00
2.560000e+02	3.610000e+02	0.000000e+00	1	0.000000e+00
3.250000e+02	2.730000e+02	0.000000e+00	1	0.000000e+00
2.890000e+02	3.150000e+02	0.000000e+00	1	0.000000e+00
3.400000e+02	2.590000e+02	0.000000e+00	1	0.000000e+00
3.410000e+02	2.580000e+02	0.000000e+00	1	0.000000e+00
3.250000e+02	2.730000e+02	0.000000e+00	1	0.000000e+00
3.100000e+02	2.920000e+02	0.000000e+00	1	0.000000e+00
2.790000e+02	3.280000e+02	0.000000e+00	1	0.000000e+00
2.600000e+02	3.540000e+02	0.000000e+00	1	0.000000e+00
3.070000e+02	2.940000e+02	0.000000e+00	1	0.000000e+00
3.170000e+02	2.830000e+02	0.000000e+00	1	0.000000e+00
3.020000e+02	2.990000e+02	0.000000e+00	1	0.000000e+00
3.070000e+02	2.940000e+02	0.000000e+00	1	0.000000e+00
2.890000e+02	3.150000e+02	0.000000e+00	1	0.000000e+00
3.090000e+02	2.930000e+02	0.000000e+00	1	0.000000e+00
2.560000e+02	3.610000e+02	0.000000e+00	1	0.000000e+00
2.900000e+02	3.130000e+02	0.000000e+00	1	0.000000e+00
3.400000e+02	2.590000e+02	0.000000e+00	1	0.000000e+00
3.020000e+02	2.990000e+02	0.000000e+00	1	0.000000e+00
3.070000e+02	2.940000e+02	0.000000e+00	1	0.000000e+00
3.270000e+02	2.710000e+02	0.000000e+00	1	0.000000e+00
2.740000e+02	3.330000e+02	0.000000e+00	1	0.000000e+00
3.350000e+02	2.630000e+02	0.000000e+00	1	0.000000e+00
3.400000e+02	2.590000e+02	0.000000e+00	1	0.000000e+00
3.150000e+02	2.860000e+02	0.000000e+00	1	0.000000e+00
2.790000e+02	3.280000e+02	0.000000e+00	1	0.000000e+00
3.400000e+02	2.590000e+02	0.000000e+00	1	0.000000e+00
3.400000e+02	2.590000e+02	0.000000e+00	1	0.000000e+00
3.100000e+02	2.920000e+02	0.000000e+00	1	0.000000e+00
3.290000e+02	2.700000e+02	0.000000e+00	1	0.000000e+00
3.120000e+02	2.880000e+02	0.000000e+00	1	0.000000e+00
2.600000e+02	3.540000e+02	0.000000e+00	1	0.000000e+00
2.920000e+02	3.110000e+02	0.000000e+00	1	0.000000e+00
3.170000e+02	2.830000e+02	0.000000e+00	1	0.000000e+00
3.170000e+02	2.830000e+02	0.000000e+00	1	0.000000e+00
3.270000e+02	2.710000e+02	0.000000e+00	1	0.000000e+00
3.510000e+02	2.500000e+02	0.000000e+00	1	0.000000e+00
2.480000e+02	3.780000e+02	0.000000e+00	1	0.000000e+00
2.760000e+02	3.300000e+02	0.000000e+00	1	0.000000e+00
2.760000e+02	3.300000e+02	0.000000e+00	1	0.000000e+00
3.420000e+02	2.570000e+02	0.000000e+00	1	0.000000e+00
3.560000e+02	2.460000e+02	0.000000e+00	1	0.000000e+00
2.740000e+02	3.330000e+02	0.000000e+00	1	0.000000e+00
3.420000e+02	2.570000e+02	0.000000e+00	1	0.000000e+00
3.590000e+02	2.440000e+02	0.000000e+00	1	0.000000e+00
3.040000e+02	2.970000e+02	0.000000e+00	1	0.000000e+00
3.050000e+02	2.950000e+02	0.000000e+00	1	0.000000e+00
2.740000e+02	3.330000e+02	0.000000e+00	1	0.000000e+00
3.290000e+02	2.700000e+02	0.000000e+00	1	0.000000e+00
3.400000e+02	2.590000e+02	0.000000e+00	1	0.000000e+00
3.420000e+02	2.570000e+02	0.000000e+00	1	0.000000e+00
3.250000e+02	2.730000e+02	0.000000e+00	1	0.000000e+00
2.940000e+02	3.090000e+02	0.000000e+00	1	0.000000e+00
2.870000e+02	3.180000e+02	0.000000e+00	1	0.000000e+00
2.680000e+02	3.420000e+02	0.000000e+00	1	0.000000e+00
3.020000e+02	2.990000e+02	0.000000e+00	1	0.000000e+00
3.150000e+02	2.860000e+02	0.000000e+00	1	0.000000e+00
2.480000e+02	3.780000e+02	0.000000e+00	1	0.000000e+00
2.670000e+02	3.480000e+02	0.000000e+00	1	0.000000e+00
3.120000e+02	2.880000e+02	0.000000e+00	1	0.000000e+00
3.320000e+02	2.650000e+02	0.000000e+00	1	0.000000e+00
3.490000e+02	2.510000e+02	0.000000e+00	1	0.000000e+00
3.050000e+02	2.950000e+02	0.000000e+00	1	0.000000e+00
3.440000e+02	2.550000e+02	0.000000e+00	1	0.000000e+00
2.940000e+02	3.090000e+02	0.000000e+00	1	0.000000e+00
2.850000e+02	3.200000e+02	0.000000e+00	1	0.000000e+00
3.480000e+02	2.520000e+02	0.000000e+00	1	0.000000e+00
3.190000e+02	2.820000e+02	0.000000e+00	1	0.000000e+00
3.480000e+02	2.520000e+02	0.000000e+00	1	0.000000e+00
3.410000e+02	2.580000e+02	0.000000e+00	1	0.000000e+00
3.510000e+02	2.500000e+02	0.000000e+00	1	0.000000e+00
3.070000e+02	2.940000e+02	0.000000e+00	1	0.000000e+00
3.020000e+02	2.990000e+02	0.000000e+00	1	0.000000e+00
2.790000e+02	3.280000e+02	0.000000e+00	1	0.000000e+00
3.400000e+02	2.590000e+02	0.000000e+00	1	0.000000e+00
3.480000e+02	2.520000e+02	0.000000e+00	1	0.000000e+00
2.760000e+02	3.300000e+02	0.000000e+00	1	0.000000e+00
3.100000e+02	2.920000e+02	0.000000e+00	1	0.000000e+00
2.980000e+02	3.050000e+02	0.000000e+00	1	0.000000e+00
3.370000e+02	2.610000e+02	0.000000e+00	1	0.000000e+00
3.510000e+02	2.500000e+02	0.000000e+00	1	0.000000e+00
2.760000e+02	3.300000e+02	0.000000e+00	1	0.000000e+00
2.800000e+02	3.270000e+02	0.000000e+00	1	0.000000e+00
3.350000e+02	2.630000e+02	0.000000e+00	1	0.000000e+00
3.120000e+02	2.880000e+02	0.000000e+00	1	0.000000e+00
3.270000e+02	2.710000e+02	0.000000e+00	1	0.000000e+00
3.290000e+02	2.700000e+02	0.000000e+00	1	0.000000e+00
2.820000e+02	3.250000e+02	0.000000e+00	1	0.000000e+00
3.070000e+02	2.940000e+02	0.000000e+00	1	0.000000e+00
3.100000e+02	2.920000e+02	0.000000e+00	1	0.000000e+00
2.430000e+02	3.860000e+02	0.000000e+00	1	0.000000e+00
Total execution time: 876.946
