# This file contains the data of final feasible population (if found)
# of objectives = 2, # of constraints = 0, # of real_var = 0, # of bits of bin_var = 0, constr_violation, rank, crowding_distance
2.350000e+02	4.030000e+02	0.000000e+00	1	1.000000e+14
3.640000e+02	2.420000e+02	0.000000e+00	1	1.000000e+14
2.410000e+02	3.860000e+02	0.000000e+00	1	4.191343e-02
2.390000e+02	3.970000e+02	0.000000e+00	1	3.416149e-02
2.670000e+02	3.420000e+02	0.000000e+00	1	3.180221e-02
2.570000e+02	3.520000e+02	0.000000e+00	1	2.795031e-02
2.560000e+02	3.610000e+02	0.000000e+00	1	2.795031e-02
3.570000e+02	2.430000e+02	0.000000e+00	1	2.713178e-02
2.850000e+02	3.220000e+02	0.000000e+00	1	2.482065e-02
2.590000e+02	3.480000e+02	0.000000e+00	1	2.405027e-02
2.430000e+02	3.790000e+02	0.000000e+00	1	2.173913e-02
2.410000e+02	3.860000e+02	0.000000e+00	1	2.173913e-02
2.690000e+02	3.380000e+02	0.000000e+00	1	2.017430e-02
2.620000e+02	3.450000e+02	0.000000e+00	1	1.937984e-02
2.690000e+02	3.380000e+02	0.000000e+00	1	1.783909e-02
3.510000e+02	2.490000e+02	0.000000e+00	1	1.783909e-02
2.770000e+02	3.300000e+02	0.000000e+00	1	1.783909e-02
2.500000e+02	3.680000e+02	0.000000e+00	1	1.552795e-02
2.490000e+02	3.730000e+02	0.000000e+00	1	1.552795e-02
3.420000e+02	2.570000e+02	0.000000e+00	1	1.550388e-02
3.460000e+02	2.550000e+02	0.000000e+00	1	1.550388e-02
3.530000e+02	2.470000e+02	0.000000e+00	1	1.550388e-02
2.470000e+02	3.770000e+02	0.000000e+00	1	1.550388e-02
3.570000e+02	2.430000e+02	0.000000e+00	1	1.550388e-02
2.810000e+02	3.250000e+02	0.000000e+00	1	1.550388e-02
2.430000e+02	3.790000e+02	0.000000e+00	1	1.550388e-02
3.050000e+02	2.950000e+02	0.000000e+00	1	1.550388e-02
3.090000e+02	2.940000e+02	0.000000e+00	1	1.550388e-02
3.330000e+02	2.670000e+02	0.000000e+00	1	1.473350e-02
2.930000e+02	3.120000e+02	0.000000e+00	1	1.396312e-02
2.540000e+02	3.630000e+02	0.000000e+00	1	1.396312e-02
2.430000e+02	3.790000e+02	0.000000e+00	1	1.396312e-02
2.740000e+02	3.340000e+02	0.000000e+00	1	1.396312e-02
3.390000e+02	2.610000e+02	0.000000e+00	1	1.396312e-02
2.890000e+02	3.150000e+02	0.000000e+00	1	1.319274e-02
2.480000e+02	3.740000e+02	0.000000e+00	1	1.319274e-02
2.500000e+02	3.680000e+02	0.000000e+00	1	1.319274e-02
3.010000e+02	3.010000e+02	0.000000e+00	1	1.319274e-02
2.570000e+02	3.520000e+02	0.000000e+00	1	1.242236e-02
3.270000e+02	2.720000e+02	0.000000e+00	1	1.242236e-02
2.770000e+02	3.300000e+02	0.000000e+00	1	1.242236e-02
3.030000e+02	2.990000e+02	0.000000e+00	1	1.242236e-02
3.570000e+02	2.430000e+02	0.000000e+00	1	1.242236e-02
3.270000e+02	2.720000e+02	0.000000e+00	1	1.242236e-02
3.050000e+02	2.950000e+02	0.000000e+00	1	1.242236e-02
3.300000e+02	2.680000e+02	0.000000e+00	1	1.242236e-02
3.250000e+02	2.760000e+02	0.000000e+00	1	1.242236e-02
2.740000e+02	3.340000e+02	0.000000e+00	1	1.242236e-02
2.370000e+02	3.980000e+02	0.000000e+00	1	1.242236e-02
2.360000e+02	4.020000e+02	0.000000e+00	1	1.242236e-02
3.530000e+02	2.470000e+02	0.000000e+00	1	1.242236e-02
3.140000e+02	2.860000e+02	0.000000e+00	1	1.162791e-02
3.480000e+02	2.510000e+02	0.000000e+00	1	1.162791e-02
2.740000e+02	3.340000e+02	0.000000e+00	1	1.162791e-02
2.720000e+02	3.360000e+02	0.000000e+00	1	1.162791e-02
3.300000e+02	2.680000e+02	0.000000e+00	1	1.162791e-02
3.270000e+02	2.720000e+02	0.000000e+00	1	1.162791e-02
2.800000e+02	3.280000e+02	0.000000e+00	1	1.162791e-02
2.620000e+02	3.450000e+02	0.000000e+00	1	1.162791e-02
2.770000e+02	3.300000e+02	0.000000e+00	1	1.162791e-02
3.300000e+02	2.680000e+02	0.000000e+00	1	1.162791e-02
3.170000e+02	2.850000e+02	0.000000e+00	1	1.162791e-02
2.390000e+02	3.970000e+02	0.000000e+00	1	1.085753e-02
3.470000e+02	2.530000e+02	0.000000e+00	1	1.008715e-02
2.940000e+02	3.100000e+02	0.000000e+00	1	1.008715e-02
3.410000e+02	2.590000e+02	0.000000e+00	1	1.008715e-02
3.130000e+02	2.880000e+02	0.000000e+00	1	1.008715e-02
3.190000e+02	2.830000e+02	0.000000e+00	1	9.316770e-03
2.880000e+02	3.180000e+02	0.000000e+00	1	9.316770e-03
2.850000e+02	3.220000e+02	0.000000e+00	1	9.316770e-03
3.000000e+02	3.040000e+02	0.000000e+00	1	9.316770e-03
2.810000e+02	3.250000e+02	0.000000e+00	1	9.316770e-03
2.810000e+02	3.250000e+02	0.000000e+00	1	9.316770e-03
2.520000e+02	3.650000e+02	0.000000e+00	1	9.316770e-03
2.590000e+02	3.480000e+02	0.000000e+00	1	9.316770e-03
2.620000e+02	3.450000e+02	0.000000e+00	1	9.316770e-03
2.860000e+02	3.190000e+02	0.000000e+00	1	9.316770e-03
2.470000e+02	3.770000e+02	0.000000e+00	1	9.316770e-03
2.670000e+02	3.420000e+02	0.000000e+00	1	9.316770e-03
2.800000e+02	3.280000e+02	0.000000e+00	1	9.316770e-03
3.200000e+02	2.800000e+02	0.000000e+00	1	9.316770e-03
2.620000e+02	3.450000e+02	0.000000e+00	1	9.316770e-03
2.500000e+02	3.680000e+02	0.000000e+00	1	7.751938e-03
2.970000e+02	3.080000e+02	0.000000e+00	1	7.751938e-03
2.670000e+02	3.420000e+02	0.000000e+00	1	7.751938e-03
2.720000e+02	3.360000e+02	0.000000e+00	1	7.751938e-03
3.170000e+02	2.850000e+02	0.000000e+00	1	7.751938e-03
2.880000e+02	3.180000e+02	0.000000e+00	1	7.751938e-03
3.410000e+02	2.590000e+02	0.000000e+00	1	7.751938e-03
2.860000e+02	3.190000e+02	0.000000e+00	1	7.751938e-03
2.560000e+02	3.610000e+02	0.000000e+00	1	7.751938e-03
3.030000e+02	2.990000e+02	0.000000e+00	1	7.751938e-03
3.190000e+02	2.830000e+02	0.000000e+00	1	7.751938e-03
2.590000e+02	3.480000e+02	0.000000e+00	1	7.751938e-03
3.370000e+02	2.630000e+02	0.000000e+00	1	7.751938e-03
2.910000e+02	3.130000e+02	0.000000e+00	1	7.751938e-03
3.390000e+02	2.610000e+02	0.000000e+00	1	7.751938e-03
2.410000e+02	3.860000e+02	0.000000e+00	1	7.751938e-03
2.390000e+02	3.970000e+02	0.000000e+00	1	7.751938e-03
2.950000e+02	3.090000e+02	0.000000e+00	1	7.751938e-03
3.510000e+02	2.490000e+02	0.000000e+00	1	7.751938e-03
3.330000e+02	2.670000e+02	0.000000e+00	1	7.751938e-03
3.230000e+02	2.780000e+02	0.000000e+00	1	7.751938e-03
2.520000e+02	3.650000e+02	0.000000e+00	1	7.751938e-03
3.050000e+02	2.950000e+02	0.000000e+00	1	7.751938e-03
2.370000e+02	3.980000e+02	0.000000e+00	1	7.751938e-03
3.200000e+02	2.800000e+02	0.000000e+00	1	7.751938e-03
3.270000e+02	2.720000e+02	0.000000e+00	1	7.751938e-03
3.220000e+02	2.790000e+02	0.000000e+00	1	7.751938e-03
3.250000e+02	2.760000e+02	0.000000e+00	1	7.751938e-03
2.570000e+02	3.520000e+02	0.000000e+00	1	7.751938e-03
2.540000e+02	3.630000e+02	0.000000e+00	1	7.751938e-03
3.530000e+02	2.470000e+02	0.000000e+00	1	7.751938e-03
2.520000e+02	3.650000e+02	0.000000e+00	1	7.751938e-03
3.350000e+02	2.650000e+02	0.000000e+00	1	7.751938e-03
3.250000e+02	2.760000e+02	0.000000e+00	1	7.751938e-03
3.350000e+02	2.650000e+02	0.000000e+00	1	6.981559e-03
3.000000e+02	3.040000e+02	0.000000e+00	1	6.981559e-03
3.100000e+02	2.930000e+02	0.000000e+00	1	6.981559e-03
2.490000e+02	3.730000e+02	0.000000e+00	1	6.981559e-03
3.360000e+02	2.640000e+02	0.000000e+00	1	6.981559e-03
3.530000e+02	2.470000e+02	0.000000e+00	1	6.211180e-03
3.410000e+02	2.590000e+02	0.000000e+00	1	6.211180e-03
3.480000e+02	2.510000e+02	0.000000e+00	1	6.211180e-03
3.110000e+02	2.910000e+02	0.000000e+00	1	6.211180e-03
3.350000e+02	2.650000e+02	0.000000e+00	1	6.211180e-03
3.120000e+02	2.900000e+02	0.000000e+00	1	6.211180e-03
3.190000e+02	2.830000e+02	0.000000e+00	1	6.211180e-03
3.370000e+02	2.630000e+02	0.000000e+00	1	6.211180e-03
3.140000e+02	2.860000e+02	0.000000e+00	1	6.211180e-03
3.130000e+02	2.880000e+02	0.000000e+00	1	6.211180e-03
3.390000e+02	2.610000e+02	0.000000e+00	1	6.211180e-03
3.460000e+02	2.550000e+02	0.000000e+00	1	6.211180e-03
2.720000e+02	3.360000e+02	0.000000e+00	1	6.211180e-03
3.470000e+02	2.530000e+02	0.000000e+00	1	6.211180e-03
3.510000e+02	2.490000e+02	0.000000e+00	1	6.211180e-03
2.800000e+02	3.280000e+02	0.000000e+00	1	6.211180e-03
3.420000e+02	2.570000e+02	0.000000e+00	1	6.211180e-03
2.980000e+02	3.060000e+02	0.000000e+00	1	6.211180e-03
3.170000e+02	2.850000e+02	0.000000e+00	1	6.211180e-03
2.970000e+02	3.080000e+02	0.000000e+00	1	6.211180e-03
2.540000e+02	3.630000e+02	0.000000e+00	1	6.211180e-03
3.230000e+02	2.780000e+02	0.000000e+00	1	6.211180e-03
2.470000e+02	3.770000e+02	0.000000e+00	1	6.211180e-03
3.480000e+02	2.510000e+02	0.000000e+00	1	6.211180e-03
2.720000e+02	3.360000e+02	0.000000e+00	1	6.211180e-03
2.520000e+02	3.650000e+02	0.000000e+00	1	6.211180e-03
3.420000e+02	2.570000e+02	0.000000e+00	1	6.211180e-03
3.460000e+02	2.550000e+02	0.000000e+00	1	6.211180e-03
3.100000e+02	2.930000e+02	0.000000e+00	1	6.211180e-03
3.330000e+02	2.670000e+02	0.000000e+00	1	6.211180e-03
2.560000e+02	3.610000e+02	0.000000e+00	1	6.211180e-03
3.250000e+02	2.760000e+02	0.000000e+00	1	6.211180e-03
2.470000e+02	3.770000e+02	0.000000e+00	1	3.875969e-03
2.970000e+02	3.080000e+02	0.000000e+00	1	3.875969e-03
2.990000e+02	3.050000e+02	0.000000e+00	1	3.875969e-03
2.360000e+02	4.020000e+02	0.000000e+00	1	3.875969e-03
3.220000e+02	2.790000e+02	0.000000e+00	1	3.875969e-03
3.120000e+02	2.900000e+02	0.000000e+00	1	3.875969e-03
3.460000e+02	2.550000e+02	0.000000e+00	1	3.875969e-03
3.120000e+02	2.900000e+02	0.000000e+00	1	3.875969e-03
3.020000e+02	3.000000e+02	0.000000e+00	1	3.875969e-03
2.980000e+02	3.060000e+02	0.000000e+00	1	3.875969e-03
3.200000e+02	2.800000e+02	0.000000e+00	1	3.875969e-03
2.800000e+02	3.280000e+02	0.000000e+00	1	3.875969e-03
2.570000e+02	3.520000e+02	0.000000e+00	1	3.875969e-03
2.930000e+02	3.120000e+02	0.000000e+00	1	3.875969e-03
2.940000e+02	3.100000e+02	0.000000e+00	1	3.875969e-03
2.370000e+02	3.980000e+02	0.000000e+00	1	3.875969e-03
3.020000e+02	3.000000e+02	0.000000e+00	1	3.875969e-03
2.860000e+02	3.190000e+02	0.000000e+00	1	3.875969e-03
3.140000e+02	2.860000e+02	0.000000e+00	1	3.875969e-03
3.360000e+02	2.640000e+02	0.000000e+00	1	3.875969e-03
3.470000e+02	2.530000e+02	0.000000e+00	1	3.875969e-03
2.560000e+02	3.610000e+02	0.000000e+00	1	3.875969e-03
3.010000e+02	3.010000e+02	0.000000e+00	1	3.875969e-03
3.480000e+02	2.510000e+02	0.000000e+00	1	3.875969e-03
3.090000e+02	2.940000e+02	0.000000e+00	1	3.875969e-03
2.350000e+02	4.030000e+02	0.000000e+00	1	3.875969e-03
2.950000e+02	3.090000e+02	0.000000e+00	1	3.875969e-03
3.370000e+02	2.630000e+02	0.000000e+00	1	3.875969e-03
2.910000e+02	3.130000e+02	0.000000e+00	1	3.875969e-03
2.900000e+02	3.140000e+02	0.000000e+00	1	3.875969e-03
2.850000e+02	3.220000e+02	0.000000e+00	1	3.875969e-03
2.980000e+02	3.060000e+02	0.000000e+00	1	3.875969e-03
3.100000e+02	2.930000e+02	0.000000e+00	1	3.875969e-03
2.900000e+02	3.140000e+02	0.000000e+00	1	3.875969e-03
2.810000e+02	3.250000e+02	0.000000e+00	1	3.875969e-03
2.480000e+02	3.740000e+02	0.000000e+00	1	3.875969e-03
3.230000e+02	2.780000e+02	0.000000e+00	1	3.875969e-03
2.490000e+02	3.730000e+02	0.000000e+00	1	3.875969e-03
3.420000e+02	2.570000e+02	0.000000e+00	1	3.875969e-03
3.190000e+02	2.830000e+02	0.000000e+00	1	3.875969e-03
3.030000e+02	2.990000e+02	0.000000e+00	1	3.875969e-03
3.130000e+02	2.880000e+02	0.000000e+00	1	3.875969e-03
2.990000e+02	3.050000e+02	0.000000e+00	1	3.875969e-03
2.360000e+02	4.020000e+02	0.000000e+00	1	3.875969e-03
3.000000e+02	3.040000e+02	0.000000e+00	1	3.875969e-03
2.880000e+02	3.180000e+02	0.000000e+00	1	3.875969e-03
3.110000e+02	2.910000e+02	0.000000e+00	1	3.875969e-03
2.890000e+02	3.150000e+02	0.000000e+00	1	3.875969e-03
3.110000e+02	2.910000e+02	0.000000e+00	1	3.875969e-03
3.020000e+02	3.000000e+02	0.000000e+00	1	3.105590e-03
2.950000e+02	3.090000e+02	0.000000e+00	1	3.105590e-03
2.480000e+02	3.740000e+02	0.000000e+00	1	3.105590e-03
2.900000e+02	3.140000e+02	0.000000e+00	1	3.105590e-03
3.110000e+02	2.910000e+02	0.000000e+00	1	3.105590e-03
3.300000e+02	2.680000e+02	0.000000e+00	1	3.105590e-03
3.360000e+02	2.640000e+02	0.000000e+00	1	3.105590e-03
2.860000e+02	3.190000e+02	0.000000e+00	1	3.105590e-03
3.030000e+02	2.990000e+02	0.000000e+00	1	3.105590e-03
3.120000e+02	2.900000e+02	0.000000e+00	1	3.105590e-03
3.200000e+02	2.800000e+02	0.000000e+00	1	3.105590e-03
3.220000e+02	2.790000e+02	0.000000e+00	1	3.105590e-03
2.950000e+02	3.090000e+02	0.000000e+00	1	3.105590e-03
3.140000e+02	2.860000e+02	0.000000e+00	1	3.105590e-03
2.910000e+02	3.130000e+02	0.000000e+00	1	3.105590e-03
2.980000e+02	3.060000e+02	0.000000e+00	1	3.105590e-03
2.890000e+02	3.150000e+02	0.000000e+00	1	3.105590e-03
3.020000e+02	3.000000e+02	0.000000e+00	1	3.105590e-03
2.990000e+02	3.050000e+02	0.000000e+00	1	3.105590e-03
3.090000e+02	2.940000e+02	0.000000e+00	1	3.105590e-03
3.370000e+02	2.630000e+02	0.000000e+00	1	3.105590e-03
3.090000e+02	2.940000e+02	0.000000e+00	1	3.105590e-03
2.360000e+02	4.020000e+02	0.000000e+00	1	3.105590e-03
2.370000e+02	3.980000e+02	0.000000e+00	1	3.105590e-03
2.970000e+02	3.080000e+02	0.000000e+00	1	3.105590e-03
2.900000e+02	3.140000e+02	0.000000e+00	1	3.105590e-03
3.050000e+02	2.950000e+02	0.000000e+00	1	3.105590e-03
2.990000e+02	3.050000e+02	0.000000e+00	1	3.105590e-03
2.880000e+02	3.180000e+02	0.000000e+00	1	3.105590e-03
2.940000e+02	3.100000e+02	0.000000e+00	1	3.105590e-03
3.220000e+02	2.790000e+02	0.000000e+00	1	3.105590e-03
3.230000e+02	2.780000e+02	0.000000e+00	1	3.105590e-03
3.640000e+02	2.420000e+02	0.000000e+00	1	3.105590e-03
2.930000e+02	3.120000e+02	0.000000e+00	1	3.105590e-03
2.350000e+02	4.030000e+02	0.000000e+00	1	3.105590e-03
3.010000e+02	3.010000e+02	0.000000e+00	1	3.105590e-03
3.570000e+02	2.430000e+02	0.000000e+00	1	3.105590e-03
3.170000e+02	2.850000e+02	0.000000e+00	1	3.105590e-03
2.910000e+02	3.130000e+02	0.000000e+00	1	3.105590e-03
3.030000e+02	2.990000e+02	0.000000e+00	1	0.000000e+00
3.220000e+02	2.790000e+02	0.000000e+00	1	0.000000e+00
3.270000e+02	2.720000e+02	0.000000e+00	1	0.000000e+00
3.510000e+02	2.490000e+02	0.000000e+00	1	0.000000e+00
3.420000e+02	2.570000e+02	0.000000e+00	1	0.000000e+00
3.230000e+02	2.780000e+02	0.000000e+00	1	0.000000e+00
2.770000e+02	3.300000e+02	0.000000e+00	1	0.000000e+00
3.140000e+02	2.860000e+02	0.000000e+00	1	0.000000e+00
3.200000e+02	2.800000e+02	0.000000e+00	1	0.000000e+00
2.970000e+02	3.080000e+02	0.000000e+00	1	0.000000e+00
3.480000e+02	2.510000e+02	0.000000e+00	1	0.000000e+00
3.140000e+02	2.860000e+02	0.000000e+00	1	0.000000e+00
3.330000e+02	2.670000e+02	0.000000e+00	1	0.000000e+00
3.050000e+02	2.950000e+02	0.000000e+00	1	0.000000e+00
2.410000e+02	3.860000e+02	0.000000e+00	1	0.000000e+00
3.390000e+02	2.610000e+02	0.000000e+00	1	0.000000e+00
2.810000e+02	3.250000e+02	0.000000e+00	1	0.000000e+00
3.370000e+02	2.630000e+02	0.000000e+00	1	0.000000e+00
2.800000e+02	3.280000e+02	0.000000e+00	1	0.000000e+00
2.850000e+02	3.220000e+02	0.000000e+00	1	0.000000e+00
3.190000e+02	2.830000e+02	0.000000e+00	1	0.000000e+00
3.330000e+02	2.670000e+02	0.000000e+00	1	0.000000e+00
3.460000e+02	2.550000e+02	0.000000e+00	1	0.000000e+00
2.950000e+02	3.090000e+02	0.000000e+00	1	0.000000e+00
3.510000e+02	2.490000e+02	0.000000e+00	1	0.000000e+00
3.200000e+02	2.800000e+02	0.000000e+00	1	0.000000e+00
3.190000e+02	2.830000e+02	0.000000e+00	1	0.000000e+00
3.480000e+02	2.510000e+02	0.000000e+00	1	0.000000e+00
3.460000e+02	2.550000e+02	0.000000e+00	1	0.000000e+00
2.500000e+02	3.680000e+02	0.000000e+00	1	0.000000e+00
2.740000e+02	3.340000e+02	0.000000e+00	1	0.000000e+00
3.190000e+02	2.830000e+02	0.000000e+00	1	0.000000e+00
2.670000e+02	3.420000e+02	0.000000e+00	1	0.000000e+00
3.360000e+02	2.640000e+02	0.000000e+00	1	0.000000e+00
3.100000e+02	2.930000e+02	0.000000e+00	1	0.000000e+00
2.890000e+02	3.150000e+02	0.000000e+00	1	0.000000e+00
3.050000e+02	2.950000e+02	0.000000e+00	1	0.000000e+00
3.200000e+02	2.800000e+02	0.000000e+00	1	0.000000e+00
3.270000e+02	2.720000e+02	0.000000e+00	1	0.000000e+00
3.570000e+02	2.430000e+02	0.000000e+00	1	0.000000e+00
2.850000e+02	3.220000e+02	0.000000e+00	1	0.000000e+00
3.420000e+02	2.570000e+02	0.000000e+00	1	0.000000e+00
3.300000e+02	2.680000e+02	0.000000e+00	1	0.000000e+00
3.330000e+02	2.670000e+02	0.000000e+00	1	0.000000e+00
3.330000e+02	2.670000e+02	0.000000e+00	1	0.000000e+00
3.420000e+02	2.570000e+02	0.000000e+00	1	0.000000e+00
2.800000e+02	3.280000e+02	0.000000e+00	1	0.000000e+00
2.520000e+02	3.650000e+02	0.000000e+00	1	0.000000e+00
2.890000e+02	3.150000e+02	0.000000e+00	1	0.000000e+00
2.910000e+02	3.130000e+02	0.000000e+00	1	0.000000e+00
3.220000e+02	2.790000e+02	0.000000e+00	1	0.000000e+00
3.050000e+02	2.950000e+02	0.000000e+00	1	0.000000e+00
2.880000e+02	3.180000e+02	0.000000e+00	1	0.000000e+00
3.330000e+02	2.670000e+02	0.000000e+00	1	0.000000e+00
2.880000e+02	3.180000e+02	0.000000e+00	1	0.000000e+00
3.530000e+02	2.470000e+02	0.000000e+00	1	0.000000e+00
3.000000e+02	3.040000e+02	0.000000e+00	1	0.000000e+00
3.200000e+02	2.800000e+02	0.000000e+00	1	0.000000e+00
2.740000e+02	3.340000e+02	0.000000e+00	1	0.000000e+00
3.020000e+02	3.000000e+02	0.000000e+00	1	0.000000e+00
3.190000e+02	2.830000e+02	0.000000e+00	1	0.000000e+00
2.850000e+02	3.220000e+02	0.000000e+00	1	0.000000e+00
3.250000e+02	2.760000e+02	0.000000e+00	1	0.000000e+00
3.360000e+02	2.640000e+02	0.000000e+00	1	0.000000e+00
3.130000e+02	2.880000e+02	0.000000e+00	1	0.000000e+00
3.140000e+02	2.860000e+02	0.000000e+00	1	0.000000e+00
3.030000e+02	2.990000e+02	0.000000e+00	1	0.000000e+00
2.990000e+02	3.050000e+02	0.000000e+00	1	0.000000e+00
3.230000e+02	2.780000e+02	0.000000e+00	1	0.000000e+00
2.360000e+02	4.020000e+02	0.000000e+00	1	0.000000e+00
3.190000e+02	2.830000e+02	0.000000e+00	1	0.000000e+00
3.020000e+02	3.000000e+02	0.000000e+00	1	0.000000e+00
3.420000e+02	2.570000e+02	0.000000e+00	1	0.000000e+00
3.200000e+02	2.800000e+02	0.000000e+00	1	0.000000e+00
3.050000e+02	2.950000e+02	0.000000e+00	1	0.000000e+00
3.110000e+02	2.910000e+02	0.000000e+00	1	0.000000e+00
3.220000e+02	2.790000e+02	0.000000e+00	1	0.000000e+00
2.770000e+02	3.300000e+02	0.000000e+00	1	0.000000e+00
3.330000e+02	2.670000e+02	0.000000e+00	1	0.000000e+00
2.900000e+02	3.140000e+02	0.000000e+00	1	0.000000e+00
3.050000e+02	2.950000e+02	0.000000e+00	1	0.000000e+00
2.770000e+02	3.300000e+02	0.000000e+00	1	0.000000e+00
3.030000e+02	2.990000e+02	0.000000e+00	1	0.000000e+00
2.690000e+02	3.380000e+02	0.000000e+00	1	0.000000e+00
2.940000e+02	3.100000e+02	0.000000e+00	1	0.000000e+00
3.020000e+02	3.000000e+02	0.000000e+00	1	0.000000e+00
2.930000e+02	3.120000e+02	0.000000e+00	1	0.000000e+00
2.590000e+02	3.480000e+02	0.000000e+00	1	0.000000e+00
2.910000e+02	3.130000e+02	0.000000e+00	1	0.000000e+00
2.570000e+02	3.520000e+02	0.000000e+00	1	0.000000e+00
2.910000e+02	3.130000e+02	0.000000e+00	1	0.000000e+00
3.050000e+02	2.950000e+02	0.000000e+00	1	0.000000e+00
3.370000e+02	2.630000e+02	0.000000e+00	1	0.000000e+00
2.490000e+02	3.730000e+02	0.000000e+00	1	0.000000e+00
3.020000e+02	3.000000e+02	0.000000e+00	1	0.000000e+00
3.270000e+02	2.720000e+02	0.000000e+00	1	0.000000e+00
3.120000e+02	2.900000e+02	0.000000e+00	1	0.000000e+00
2.670000e+02	3.420000e+02	0.000000e+00	1	0.000000e+00
3.140000e+02	2.860000e+02	0.000000e+00	1	0.000000e+00
3.250000e+02	2.760000e+02	0.000000e+00	1	0.000000e+00
3.120000e+02	2.900000e+02	0.000000e+00	1	0.000000e+00
2.880000e+02	3.180000e+02	0.000000e+00	1	0.000000e+00
2.900000e+02	3.140000e+02	0.000000e+00	1	0.000000e+00
3.050000e+02	2.950000e+02	0.000000e+00	1	0.000000e+00
3.300000e+02	2.680000e+02	0.000000e+00	1	0.000000e+00
2.620000e+02	3.450000e+02	0.000000e+00	1	0.000000e+00
3.010000e+02	3.010000e+02	0.000000e+00	1	0.000000e+00
3.020000e+02	3.000000e+02	0.000000e+00	1	0.000000e+00
3.050000e+02	2.950000e+02	0.000000e+00	1	0.000000e+00
3.460000e+02	2.550000e+02	0.000000e+00	1	0.000000e+00
3.230000e+02	2.780000e+02	0.000000e+00	1	0.000000e+00
3.530000e+02	2.470000e+02	0.000000e+00	1	0.000000e+00
2.990000e+02	3.050000e+02	0.000000e+00	1	0.000000e+00
3.420000e+02	2.570000e+02	0.000000e+00	1	0.000000e+00
3.270000e+02	2.720000e+02	0.000000e+00	1	0.000000e+00
3.300000e+02	2.680000e+02	0.000000e+00	1	0.000000e+00
3.170000e+02	2.850000e+02	0.000000e+00	1	0.000000e+00
2.370000e+02	3.980000e+02	0.000000e+00	1	0.000000e+00
2.720000e+02	3.360000e+02	0.000000e+00	1	0.000000e+00
2.910000e+02	3.130000e+02	0.000000e+00	1	0.000000e+00
2.890000e+02	3.150000e+02	0.000000e+00	1	0.000000e+00
3.050000e+02	2.950000e+02	0.000000e+00	1	0.000000e+00
3.420000e+02	2.570000e+02	0.000000e+00	1	0.000000e+00
2.930000e+02	3.120000e+02	0.000000e+00	1	0.000000e+00
3.000000e+02	3.040000e+02	0.000000e+00	1	0.000000e+00
3.170000e+02	2.850000e+02	0.000000e+00	1	0.000000e+00
3.330000e+02	2.670000e+02	0.000000e+00	1	0.000000e+00
3.250000e+02	2.760000e+02	0.000000e+00	1	0.000000e+00
2.770000e+02	3.300000e+02	0.000000e+00	1	0.000000e+00
2.500000e+02	3.680000e+02	0.000000e+00	1	0.000000e+00
2.540000e+02	3.630000e+02	0.000000e+00	1	0.000000e+00
2.970000e+02	3.080000e+02	0.000000e+00	1	0.000000e+00
3.200000e+02	2.800000e+02	0.000000e+00	1	0.000000e+00
3.130000e+02	2.880000e+02	0.000000e+00	1	0.000000e+00
2.880000e+02	3.180000e+02	0.000000e+00	1	0.000000e+00
3.220000e+02	2.790000e+02	0.000000e+00	1	0.000000e+00
3.190000e+02	2.830000e+02	0.000000e+00	1	0.000000e+00
3.410000e+02	2.590000e+02	0.000000e+00	1	0.000000e+00
2.880000e+02	3.180000e+02	0.000000e+00	1	0.000000e+00
3.570000e+02	2.430000e+02	0.000000e+00	1	0.000000e+00
2.590000e+02	3.480000e+02	0.000000e+00	1	0.000000e+00
3.420000e+02	2.570000e+02	0.000000e+00	1	0.000000e+00
3.370000e+02	2.630000e+02	0.000000e+00	1	0.000000e+00
3.200000e+02	2.800000e+02	0.000000e+00	1	0.000000e+00
3.270000e+02	2.720000e+02	0.000000e+00	1	0.000000e+00
2.910000e+02	3.130000e+02	0.000000e+00	1	0.000000e+00
3.330000e+02	2.670000e+02	0.000000e+00	1	0.000000e+00
2.740000e+02	3.340000e+02	0.000000e+00	1	0.000000e+00
2.810000e+02	3.250000e+02	0.000000e+00	1	0.000000e+00
2.860000e+02	3.190000e+02	0.000000e+00	1	0.000000e+00
2.860000e+02	3.190000e+02	0.000000e+00	1	0.000000e+00
2.350000e+02	4.030000e+02	0.000000e+00	1	0.000000e+00
3.140000e+02	2.860000e+02	0.000000e+00	1	0.000000e+00
3.050000e+02	2.950000e+02	0.000000e+00	1	0.000000e+00
3.250000e+02	2.760000e+02	0.000000e+00	1	0.000000e+00
3.050000e+02	2.950000e+02	0.000000e+00	1	0.000000e+00
3.390000e+02	2.610000e+02	0.000000e+00	1	0.000000e+00
3.050000e+02	2.950000e+02	0.000000e+00	1	0.000000e+00
3.330000e+02	2.670000e+02	0.000000e+00	1	0.000000e+00
3.100000e+02	2.930000e+02	0.000000e+00	1	0.000000e+00
2.880000e+02	3.180000e+02	0.000000e+00	1	0.000000e+00
2.970000e+02	3.080000e+02	0.000000e+00	1	0.000000e+00
3.420000e+02	2.570000e+02	0.000000e+00	1	0.000000e+00
3.190000e+02	2.830000e+02	0.000000e+00	1	0.000000e+00
3.140000e+02	2.860000e+02	0.000000e+00	1	0.000000e+00
3.250000e+02	2.760000e+02	0.000000e+00	1	0.000000e+00
2.520000e+02	3.650000e+02	0.000000e+00	1	0.000000e+00
3.420000e+02	2.570000e+02	0.000000e+00	1	0.000000e+00
3.190000e+02	2.830000e+02	0.000000e+00	1	0.000000e+00
3.000000e+02	3.040000e+02	0.000000e+00	1	0.000000e+00
2.590000e+02	3.480000e+02	0.000000e+00	1	0.000000e+00
2.950000e+02	3.090000e+02	0.000000e+00	1	0.000000e+00
2.910000e+02	3.130000e+02	0.000000e+00	1	0.000000e+00
3.390000e+02	2.610000e+02	0.000000e+00	1	0.000000e+00
2.470000e+02	3.770000e+02	0.000000e+00	1	0.000000e+00
3.270000e+02	2.720000e+02	0.000000e+00	1	0.000000e+00
3.300000e+02	2.680000e+02	0.000000e+00	1	0.000000e+00
2.470000e+02	3.770000e+02	0.000000e+00	1	0.000000e+00
3.050000e+02	2.950000e+02	0.000000e+00	1	0.000000e+00
3.330000e+02	2.670000e+02	0.000000e+00	1	0.000000e+00
3.420000e+02	2.570000e+02	0.000000e+00	1	0.000000e+00
2.670000e+02	3.420000e+02	0.000000e+00	1	0.000000e+00
2.740000e+02	3.340000e+02	0.000000e+00	1	0.000000e+00
3.460000e+02	2.550000e+02	0.000000e+00	1	0.000000e+00
3.420000e+02	2.570000e+02	0.000000e+00	1	0.000000e+00
3.360000e+02	2.640000e+02	0.000000e+00	1	0.000000e+00
3.270000e+02	2.720000e+02	0.000000e+00	1	0.000000e+00
3.200000e+02	2.800000e+02	0.000000e+00	1	0.000000e+00
3.300000e+02	2.680000e+02	0.000000e+00	1	0.000000e+00
3.090000e+02	2.940000e+02	0.000000e+00	1	0.000000e+00
3.370000e+02	2.630000e+02	0.000000e+00	1	0.000000e+00
3.090000e+02	2.940000e+02	0.000000e+00	1	0.000000e+00
3.330000e+02	2.670000e+02	0.000000e+00	1	0.000000e+00
3.140000e+02	2.860000e+02	0.000000e+00	1	0.000000e+00
3.420000e+02	2.570000e+02	0.000000e+00	1	0.000000e+00
3.130000e+02	2.880000e+02	0.000000e+00	1	0.000000e+00
3.220000e+02	2.790000e+02	0.000000e+00	1	0.000000e+00
2.720000e+02	3.360000e+02	0.000000e+00	1	0.000000e+00
3.300000e+02	2.680000e+02	0.000000e+00	1	0.000000e+00
2.910000e+02	3.130000e+02	0.000000e+00	1	0.000000e+00
3.050000e+02	2.950000e+02	0.000000e+00	1	0.000000e+00
3.470000e+02	2.530000e+02	0.000000e+00	1	0.000000e+00
3.030000e+02	2.990000e+02	0.000000e+00	1	0.000000e+00
3.420000e+02	2.570000e+02	0.000000e+00	1	0.000000e+00
2.690000e+02	3.380000e+02	0.000000e+00	1	0.000000e+00
2.350000e+02	4.030000e+02	0.000000e+00	1	0.000000e+00
2.740000e+02	3.340000e+02	0.000000e+00	1	0.000000e+00
2.850000e+02	3.220000e+02	0.000000e+00	1	0.000000e+00
3.200000e+02	2.800000e+02	0.000000e+00	1	0.000000e+00
2.900000e+02	3.140000e+02	0.000000e+00	1	0.000000e+00
3.420000e+02	2.570000e+02	0.000000e+00	1	0.000000e+00
3.130000e+02	2.880000e+02	0.000000e+00	1	0.000000e+00
3.200000e+02	2.800000e+02	0.000000e+00	1	0.000000e+00
3.010000e+02	3.010000e+02	0.000000e+00	1	0.000000e+00
3.300000e+02	2.680000e+02	0.000000e+00	1	0.000000e+00
2.430000e+02	3.790000e+02	0.000000e+00	1	0.000000e+00
2.800000e+02	3.280000e+02	0.000000e+00	1	0.000000e+00
3.230000e+02	2.780000e+02	0.000000e+00	1	0.000000e+00
2.620000e+02	3.450000e+02	0.000000e+00	1	0.000000e+00
2.900000e+02	3.140000e+02	0.000000e+00	1	0.000000e+00
3.360000e+02	2.640000e+02	0.000000e+00	1	0.000000e+00
2.570000e+02	3.520000e+02	0.000000e+00	1	0.000000e+00
3.570000e+02	2.430000e+02	0.000000e+00	1	0.000000e+00
3.010000e+02	3.010000e+02	0.000000e+00	1	0.000000e+00
2.430000e+02	3.790000e+02	0.000000e+00	1	0.000000e+00
2.350000e+02	4.030000e+02	0.000000e+00	1	0.000000e+00
2.900000e+02	3.140000e+02	0.000000e+00	1	0.000000e+00
3.230000e+02	2.780000e+02	0.000000e+00	1	0.000000e+00
3.140000e+02	2.860000e+02	0.000000e+00	1	0.000000e+00
3.470000e+02	2.530000e+02	0.000000e+00	1	0.000000e+00
2.620000e+02	3.450000e+02	0.000000e+00	1	0.000000e+00
3.250000e+02	2.760000e+02	0.000000e+00	1	0.000000e+00
3.030000e+02	2.990000e+02	0.000000e+00	1	0.000000e+00
3.170000e+02	2.850000e+02	0.000000e+00	1	0.000000e+00
2.370000e+02	3.980000e+02	0.000000e+00	1	0.000000e+00
3.270000e+02	2.720000e+02	0.000000e+00	1	0.000000e+00
2.570000e+02	3.520000e+02	0.000000e+00	1	0.000000e+00
2.980000e+02	3.060000e+02	0.000000e+00	1	0.000000e+00
2.850000e+02	3.220000e+02	0.000000e+00	1	0.000000e+00
3.230000e+02	2.780000e+02	0.000000e+00	1	0.000000e+00
3.360000e+02	2.640000e+02	0.000000e+00	1	0.000000e+00
2.980000e+02	3.060000e+02	0.000000e+00	1	0.000000e+00
3.200000e+02	2.800000e+02	0.000000e+00	1	0.000000e+00
3.330000e+02	2.670000e+02	0.000000e+00	1	0.000000e+00
3.420000e+02	2.570000e+02	0.000000e+00	1	0.000000e+00
3.410000e+02	2.590000e+02	0.000000e+00	1	0.000000e+00
3.270000e+02	2.720000e+02	0.000000e+00	1	0.000000e+00
2.560000e+02	3.610000e+02	0.000000e+00	1	0.000000e+00
2.850000e+02	3.220000e+02	0.000000e+00	1	0.000000e+00
2.950000e+02	3.090000e+02	0.000000e+00	1	0.000000e+00
3.090000e+02	2.940000e+02	0.000000e+00	1	0.000000e+00
3.460000e+02	2.550000e+02	0.000000e+00	1	0.000000e+00
2.880000e+02	3.180000e+02	0.000000e+00	1	0.000000e+00
3.270000e+02	2.720000e+02	0.000000e+00	1	0.000000e+00
3.200000e+02	2.800000e+02	0.000000e+00	1	0.000000e+00
2.560000e+02	3.610000e+02	0.000000e+00	1	0.000000e+00
3.230000e+02	2.780000e+02	0.000000e+00	1	0.000000e+00
3.250000e+02	2.760000e+02	0.000000e+00	1	0.000000e+00
2.770000e+02	3.300000e+02	0.000000e+00	1	0.000000e+00
Total execution time: 1120.475
