# This file contains the data of final feasible population (if found)
# of objectives = 2, # of constraints = 0, # of real_var = 0, # of bits of bin_var = 0, constr_violation, rank, crowding_distance
3.610000e+02	2.420000e+02	0.000000e+00	1	1.000000e+14
2.370000e+02	3.910000e+02	0.000000e+00	1	1.000000e+14
2.540000e+02	3.580000e+02	0.000000e+00	1	4.430071e-02
2.550000e+02	3.460000e+02	0.000000e+00	1	4.026846e-02
2.460000e+02	3.660000e+02	0.000000e+00	1	3.155445e-02
2.410000e+02	3.870000e+02	0.000000e+00	1	2.955185e-02
2.440000e+02	3.800000e+02	0.000000e+00	1	2.752219e-02
2.450000e+02	3.730000e+02	0.000000e+00	1	2.348993e-02
2.450000e+02	3.730000e+02	0.000000e+00	1	2.348993e-02
3.610000e+02	2.420000e+02	0.000000e+00	1	1.880818e-02
3.580000e+02	2.440000e+02	0.000000e+00	1	1.880818e-02
3.060000e+02	2.890000e+02	0.000000e+00	1	1.880818e-02
2.370000e+02	3.910000e+02	0.000000e+00	1	1.612903e-02
2.990000e+02	2.980000e+02	0.000000e+00	1	1.477593e-02
2.510000e+02	3.630000e+02	0.000000e+00	1	1.477593e-02
3.560000e+02	2.460000e+02	0.000000e+00	1	1.477593e-02
3.220000e+02	2.730000e+02	0.000000e+00	1	1.477593e-02
2.830000e+02	3.120000e+02	0.000000e+00	1	1.477593e-02
3.330000e+02	2.650000e+02	0.000000e+00	1	1.409937e-02
2.430000e+02	3.810000e+02	0.000000e+00	1	1.409937e-02
2.550000e+02	3.460000e+02	0.000000e+00	1	1.342282e-02
2.570000e+02	3.420000e+02	0.000000e+00	1	1.342282e-02
3.370000e+02	2.590000e+02	0.000000e+00	1	1.209677e-02
3.460000e+02	2.510000e+02	0.000000e+00	1	1.209677e-02
3.260000e+02	2.700000e+02	0.000000e+00	1	1.209677e-02
3.510000e+02	2.490000e+02	0.000000e+00	1	1.209677e-02
3.290000e+02	2.690000e+02	0.000000e+00	1	1.209677e-02
2.510000e+02	3.630000e+02	0.000000e+00	1	1.209677e-02
3.090000e+02	2.880000e+02	0.000000e+00	1	1.209677e-02
3.480000e+02	2.500000e+02	0.000000e+00	1	1.209677e-02
3.340000e+02	2.620000e+02	0.000000e+00	1	1.209677e-02
3.430000e+02	2.530000e+02	0.000000e+00	1	1.209677e-02
2.480000e+02	3.650000e+02	0.000000e+00	1	1.209677e-02
3.480000e+02	2.500000e+02	0.000000e+00	1	1.142022e-02
3.130000e+02	2.840000e+02	0.000000e+00	1	1.142022e-02
2.860000e+02	3.100000e+02	0.000000e+00	1	1.142022e-02
2.780000e+02	3.180000e+02	0.000000e+00	1	1.142022e-02
2.620000e+02	3.340000e+02	0.000000e+00	1	1.142022e-02
3.390000e+02	2.580000e+02	0.000000e+00	1	1.142022e-02
2.650000e+02	3.310000e+02	0.000000e+00	1	1.142022e-02
2.960000e+02	3.010000e+02	0.000000e+00	1	1.142022e-02
2.810000e+02	3.140000e+02	0.000000e+00	1	1.074367e-02
3.050000e+02	2.910000e+02	0.000000e+00	1	1.074367e-02
2.580000e+02	3.400000e+02	0.000000e+00	1	1.074367e-02
3.170000e+02	2.800000e+02	0.000000e+00	1	1.074367e-02
3.410000e+02	2.550000e+02	0.000000e+00	1	1.074367e-02
3.040000e+02	2.930000e+02	0.000000e+00	1	1.074367e-02
3.340000e+02	2.620000e+02	0.000000e+00	1	1.006711e-02
3.020000e+02	2.960000e+02	0.000000e+00	1	1.006711e-02
3.340000e+02	2.620000e+02	0.000000e+00	1	1.006711e-02
2.410000e+02	3.870000e+02	0.000000e+00	1	1.006711e-02
3.370000e+02	2.590000e+02	0.000000e+00	1	1.006711e-02
2.530000e+02	3.610000e+02	0.000000e+00	1	1.006711e-02
3.040000e+02	2.930000e+02	0.000000e+00	1	1.006711e-02
2.540000e+02	3.580000e+02	0.000000e+00	1	1.006711e-02
2.420000e+02	3.840000e+02	0.000000e+00	1	1.006711e-02
2.420000e+02	3.840000e+02	0.000000e+00	1	1.006711e-02
3.010000e+02	2.970000e+02	0.000000e+00	1	8.064516e-03
3.580000e+02	2.440000e+02	0.000000e+00	1	8.064516e-03
3.200000e+02	2.750000e+02	0.000000e+00	1	8.064516e-03
2.940000e+02	3.020000e+02	0.000000e+00	1	8.064516e-03
3.250000e+02	2.710000e+02	0.000000e+00	1	8.064516e-03
2.480000e+02	3.650000e+02	0.000000e+00	1	8.064516e-03
2.990000e+02	2.980000e+02	0.000000e+00	1	8.064516e-03
3.430000e+02	2.530000e+02	0.000000e+00	1	8.064516e-03
2.970000e+02	3.000000e+02	0.000000e+00	1	8.064516e-03
2.800000e+02	3.160000e+02	0.000000e+00	1	8.064516e-03
2.550000e+02	3.460000e+02	0.000000e+00	1	8.064516e-03
3.020000e+02	2.960000e+02	0.000000e+00	1	8.064516e-03
2.810000e+02	3.140000e+02	0.000000e+00	1	8.064516e-03
2.940000e+02	3.020000e+02	0.000000e+00	1	8.064516e-03
2.780000e+02	3.180000e+02	0.000000e+00	1	8.064516e-03
2.570000e+02	3.420000e+02	0.000000e+00	1	8.064516e-03
3.460000e+02	2.510000e+02	0.000000e+00	1	8.064516e-03
2.890000e+02	3.070000e+02	0.000000e+00	1	8.064516e-03
2.760000e+02	3.190000e+02	0.000000e+00	1	8.064516e-03
2.850000e+02	3.110000e+02	0.000000e+00	1	8.064516e-03
3.040000e+02	2.930000e+02	0.000000e+00	1	8.064516e-03
2.670000e+02	3.300000e+02	0.000000e+00	1	8.064516e-03
2.880000e+02	3.080000e+02	0.000000e+00	1	8.064516e-03
2.910000e+02	3.050000e+02	0.000000e+00	1	8.064516e-03
3.370000e+02	2.590000e+02	0.000000e+00	1	8.064516e-03
3.410000e+02	2.550000e+02	0.000000e+00	1	8.064516e-03
3.230000e+02	2.720000e+02	0.000000e+00	1	8.064516e-03
2.830000e+02	3.120000e+02	0.000000e+00	1	8.064516e-03
3.550000e+02	2.470000e+02	0.000000e+00	1	8.064516e-03
3.320000e+02	2.670000e+02	0.000000e+00	1	8.064516e-03
2.690000e+02	3.280000e+02	0.000000e+00	1	8.064516e-03
3.530000e+02	2.480000e+02	0.000000e+00	1	8.064516e-03
3.510000e+02	2.490000e+02	0.000000e+00	1	8.064516e-03
3.530000e+02	2.480000e+02	0.000000e+00	1	8.064516e-03
2.920000e+02	3.040000e+02	0.000000e+00	1	8.064516e-03
2.530000e+02	3.610000e+02	0.000000e+00	1	8.064516e-03
2.690000e+02	3.280000e+02	0.000000e+00	1	8.064516e-03
2.710000e+02	3.260000e+02	0.000000e+00	1	8.064516e-03
3.300000e+02	2.680000e+02	0.000000e+00	1	8.064516e-03
2.710000e+02	3.260000e+02	0.000000e+00	1	8.064516e-03
2.670000e+02	3.300000e+02	0.000000e+00	1	8.064516e-03
3.150000e+02	2.830000e+02	0.000000e+00	1	8.064516e-03
2.730000e+02	3.240000e+02	0.000000e+00	1	8.064516e-03
2.640000e+02	3.320000e+02	0.000000e+00	1	8.064516e-03
3.400000e+02	2.570000e+02	0.000000e+00	1	7.387963e-03
3.230000e+02	2.720000e+02	0.000000e+00	1	7.387963e-03
3.100000e+02	2.870000e+02	0.000000e+00	1	7.387963e-03
3.110000e+02	2.860000e+02	0.000000e+00	1	7.387963e-03
3.150000e+02	2.830000e+02	0.000000e+00	1	7.387963e-03
3.560000e+02	2.460000e+02	0.000000e+00	1	7.387963e-03
2.960000e+02	3.010000e+02	0.000000e+00	1	7.387963e-03
2.440000e+02	3.800000e+02	0.000000e+00	1	7.387963e-03
3.120000e+02	2.850000e+02	0.000000e+00	1	7.387963e-03
2.590000e+02	3.390000e+02	0.000000e+00	1	7.387963e-03
3.300000e+02	2.680000e+02	0.000000e+00	1	7.387963e-03
3.290000e+02	2.690000e+02	0.000000e+00	1	7.387963e-03
3.120000e+02	2.850000e+02	0.000000e+00	1	7.387963e-03
3.160000e+02	2.820000e+02	0.000000e+00	1	7.387963e-03
3.320000e+02	2.670000e+02	0.000000e+00	1	6.711409e-03
2.940000e+02	3.020000e+02	0.000000e+00	1	6.711409e-03
2.800000e+02	3.160000e+02	0.000000e+00	1	6.711409e-03
2.750000e+02	3.210000e+02	0.000000e+00	1	6.711409e-03
2.890000e+02	3.070000e+02	0.000000e+00	1	6.711409e-03
2.570000e+02	3.420000e+02	0.000000e+00	1	6.711409e-03
3.400000e+02	2.570000e+02	0.000000e+00	1	6.711409e-03
2.800000e+02	3.160000e+02	0.000000e+00	1	6.711409e-03
3.410000e+02	2.550000e+02	0.000000e+00	1	6.711409e-03
3.200000e+02	2.750000e+02	0.000000e+00	1	6.711409e-03
2.610000e+02	3.350000e+02	0.000000e+00	1	6.711409e-03
2.530000e+02	3.610000e+02	0.000000e+00	1	6.711409e-03
2.910000e+02	3.050000e+02	0.000000e+00	1	6.711409e-03
3.460000e+02	2.510000e+02	0.000000e+00	1	6.711409e-03
3.180000e+02	2.780000e+02	0.000000e+00	1	6.711409e-03
2.860000e+02	3.100000e+02	0.000000e+00	1	6.711409e-03
2.880000e+02	3.080000e+02	0.000000e+00	1	6.711409e-03
2.510000e+02	3.630000e+02	0.000000e+00	1	6.711409e-03
2.670000e+02	3.300000e+02	0.000000e+00	1	6.711409e-03
2.710000e+02	3.260000e+02	0.000000e+00	1	6.711409e-03
2.690000e+02	3.280000e+02	0.000000e+00	1	6.711409e-03
2.920000e+02	3.040000e+02	0.000000e+00	1	6.711409e-03
2.730000e+02	3.240000e+02	0.000000e+00	1	6.711409e-03
2.590000e+02	3.390000e+02	0.000000e+00	1	6.711409e-03
2.600000e+02	3.370000e+02	0.000000e+00	1	6.711409e-03
3.430000e+02	2.530000e+02	0.000000e+00	1	6.711409e-03
3.430000e+02	2.530000e+02	0.000000e+00	1	6.711409e-03
3.190000e+02	2.760000e+02	0.000000e+00	1	6.711409e-03
2.810000e+02	3.140000e+02	0.000000e+00	1	6.711409e-03
3.330000e+02	2.650000e+02	0.000000e+00	1	6.711409e-03
2.750000e+02	3.210000e+02	0.000000e+00	1	6.711409e-03
2.480000e+02	3.650000e+02	0.000000e+00	1	6.711409e-03
3.050000e+02	2.910000e+02	0.000000e+00	1	6.711409e-03
3.580000e+02	2.440000e+02	0.000000e+00	1	6.711409e-03
2.760000e+02	3.190000e+02	0.000000e+00	1	6.711409e-03
2.690000e+02	3.280000e+02	0.000000e+00	1	6.711409e-03
2.740000e+02	3.230000e+02	0.000000e+00	1	6.711409e-03
2.710000e+02	3.260000e+02	0.000000e+00	1	6.711409e-03
2.970000e+02	3.000000e+02	0.000000e+00	1	6.711409e-03
2.780000e+02	3.180000e+02	0.000000e+00	1	6.711409e-03
3.180000e+02	2.780000e+02	0.000000e+00	1	6.711409e-03
2.600000e+02	3.370000e+02	0.000000e+00	1	6.711409e-03
2.640000e+02	3.320000e+02	0.000000e+00	1	6.711409e-03
3.170000e+02	2.800000e+02	0.000000e+00	1	6.711409e-03
3.160000e+02	2.820000e+02	0.000000e+00	1	6.711409e-03
2.620000e+02	3.340000e+02	0.000000e+00	1	6.711409e-03
2.640000e+02	3.320000e+02	0.000000e+00	1	4.032258e-03
2.580000e+02	3.400000e+02	0.000000e+00	1	4.032258e-03
2.800000e+02	3.160000e+02	0.000000e+00	1	4.032258e-03
2.650000e+02	3.310000e+02	0.000000e+00	1	4.032258e-03
3.550000e+02	2.470000e+02	0.000000e+00	1	4.032258e-03
2.750000e+02	3.210000e+02	0.000000e+00	1	4.032258e-03
3.390000e+02	2.580000e+02	0.000000e+00	1	4.032258e-03
2.740000e+02	3.230000e+02	0.000000e+00	1	4.032258e-03
3.340000e+02	2.620000e+02	0.000000e+00	1	4.032258e-03
2.740000e+02	3.230000e+02	0.000000e+00	1	4.032258e-03
3.200000e+02	2.750000e+02	0.000000e+00	1	4.032258e-03
2.590000e+02	3.390000e+02	0.000000e+00	1	4.032258e-03
2.420000e+02	3.840000e+02	0.000000e+00	1	4.032258e-03
2.530000e+02	3.610000e+02	0.000000e+00	1	4.032258e-03
3.190000e+02	2.760000e+02	0.000000e+00	1	4.032258e-03
2.860000e+02	3.100000e+02	0.000000e+00	1	4.032258e-03
2.890000e+02	3.070000e+02	0.000000e+00	1	4.032258e-03
2.750000e+02	3.210000e+02	0.000000e+00	1	4.032258e-03
2.460000e+02	3.660000e+02	0.000000e+00	1	4.032258e-03
2.610000e+02	3.350000e+02	0.000000e+00	1	4.032258e-03
2.570000e+02	3.420000e+02	0.000000e+00	1	4.032258e-03
3.400000e+02	2.570000e+02	0.000000e+00	1	4.032258e-03
3.170000e+02	2.800000e+02	0.000000e+00	1	4.032258e-03
2.600000e+02	3.370000e+02	0.000000e+00	1	4.032258e-03
3.220000e+02	2.730000e+02	0.000000e+00	1	4.032258e-03
3.050000e+02	2.910000e+02	0.000000e+00	1	4.032258e-03
2.410000e+02	3.870000e+02	0.000000e+00	1	4.032258e-03
2.600000e+02	3.370000e+02	0.000000e+00	1	4.032258e-03
2.550000e+02	3.460000e+02	0.000000e+00	1	4.032258e-03
3.330000e+02	2.650000e+02	0.000000e+00	1	4.032258e-03
3.020000e+02	2.960000e+02	0.000000e+00	1	4.032258e-03
2.450000e+02	3.730000e+02	0.000000e+00	1	4.032258e-03
3.250000e+02	2.710000e+02	0.000000e+00	1	4.032258e-03
2.730000e+02	3.240000e+02	0.000000e+00	1	4.032258e-03
3.110000e+02	2.860000e+02	0.000000e+00	1	4.032258e-03
2.920000e+02	3.040000e+02	0.000000e+00	1	4.032258e-03
2.880000e+02	3.080000e+02	0.000000e+00	1	4.032258e-03
3.190000e+02	2.760000e+02	0.000000e+00	1	4.032258e-03
2.420000e+02	3.840000e+02	0.000000e+00	1	4.032258e-03
3.090000e+02	2.880000e+02	0.000000e+00	1	4.032258e-03
2.910000e+02	3.050000e+02	0.000000e+00	1	4.032258e-03
3.180000e+02	2.780000e+02	0.000000e+00	1	4.032258e-03
2.850000e+02	3.110000e+02	0.000000e+00	1	4.032258e-03
2.540000e+02	3.580000e+02	0.000000e+00	1	4.032258e-03
3.260000e+02	2.700000e+02	0.000000e+00	1	4.032258e-03
3.060000e+02	2.890000e+02	0.000000e+00	1	4.032258e-03
3.100000e+02	2.870000e+02	0.000000e+00	1	4.032258e-03
2.610000e+02	3.350000e+02	0.000000e+00	1	4.032258e-03
3.160000e+02	2.820000e+02	0.000000e+00	1	4.032258e-03
3.180000e+02	2.780000e+02	0.000000e+00	1	4.032258e-03
3.320000e+02	2.670000e+02	0.000000e+00	1	4.032258e-03
3.130000e+02	2.840000e+02	0.000000e+00	1	4.032258e-03
2.620000e+02	3.340000e+02	0.000000e+00	1	4.032258e-03
2.450000e+02	3.730000e+02	0.000000e+00	1	4.032258e-03
3.010000e+02	2.970000e+02	0.000000e+00	1	4.032258e-03
2.760000e+02	3.190000e+02	0.000000e+00	1	4.032258e-03
2.430000e+02	3.810000e+02	0.000000e+00	1	4.032258e-03
2.970000e+02	3.000000e+02	0.000000e+00	1	4.032258e-03
3.190000e+02	2.760000e+02	0.000000e+00	1	3.355705e-03
2.920000e+02	3.040000e+02	0.000000e+00	1	3.355705e-03
2.610000e+02	3.350000e+02	0.000000e+00	1	3.355705e-03
3.530000e+02	2.480000e+02	0.000000e+00	1	3.355705e-03
2.760000e+02	3.190000e+02	0.000000e+00	1	3.355705e-03
3.510000e+02	2.490000e+02	0.000000e+00	1	3.355705e-03
2.460000e+02	3.660000e+02	0.000000e+00	1	3.355705e-03
3.550000e+02	2.470000e+02	0.000000e+00	1	3.355705e-03
3.010000e+02	2.970000e+02	0.000000e+00	1	3.355705e-03
3.100000e+02	2.870000e+02	0.000000e+00	1	3.355705e-03
3.300000e+02	2.680000e+02	0.000000e+00	1	3.355705e-03
2.890000e+02	3.070000e+02	0.000000e+00	1	3.355705e-03
2.880000e+02	3.080000e+02	0.000000e+00	1	3.355705e-03
3.020000e+02	2.960000e+02	0.000000e+00	1	3.355705e-03
2.430000e+02	3.810000e+02	0.000000e+00	1	3.355705e-03
3.230000e+02	2.720000e+02	0.000000e+00	1	3.355705e-03
3.510000e+02	2.490000e+02	0.000000e+00	1	3.355705e-03
3.290000e+02	2.690000e+02	0.000000e+00	1	3.355705e-03
3.550000e+02	2.470000e+02	0.000000e+00	1	3.355705e-03
3.200000e+02	2.750000e+02	0.000000e+00	1	3.355705e-03
3.370000e+02	2.590000e+02	0.000000e+00	1	3.355705e-03
3.220000e+02	2.730000e+02	0.000000e+00	1	3.355705e-03
3.060000e+02	2.890000e+02	0.000000e+00	1	3.355705e-03
3.110000e+02	2.860000e+02	0.000000e+00	1	3.355705e-03
3.260000e+02	2.700000e+02	0.000000e+00	1	3.355705e-03
3.090000e+02	2.880000e+02	0.000000e+00	1	3.355705e-03
3.130000e+02	2.840000e+02	0.000000e+00	1	3.355705e-03
3.260000e+02	2.700000e+02	0.000000e+00	1	3.355705e-03
2.990000e+02	2.980000e+02	0.000000e+00	1	3.355705e-03
3.460000e+02	2.510000e+02	0.000000e+00	1	3.355705e-03
2.850000e+02	3.110000e+02	0.000000e+00	1	3.355705e-03
3.150000e+02	2.830000e+02	0.000000e+00	1	3.355705e-03
3.530000e+02	2.480000e+02	0.000000e+00	1	3.355705e-03
2.740000e+02	3.230000e+02	0.000000e+00	1	3.355705e-03
2.940000e+02	3.020000e+02	0.000000e+00	1	3.355705e-03
2.830000e+02	3.120000e+02	0.000000e+00	1	3.355705e-03
3.250000e+02	2.710000e+02	0.000000e+00	1	3.355705e-03
2.650000e+02	3.310000e+02	0.000000e+00	1	3.355705e-03
2.970000e+02	3.000000e+02	0.000000e+00	1	3.355705e-03
3.390000e+02	2.580000e+02	0.000000e+00	1	3.355705e-03
2.730000e+02	3.240000e+02	0.000000e+00	1	3.355705e-03
2.640000e+02	3.320000e+02	0.000000e+00	1	3.355705e-03
3.320000e+02	2.670000e+02	0.000000e+00	1	3.355705e-03
3.480000e+02	2.500000e+02	0.000000e+00	1	3.355705e-03
2.480000e+02	3.650000e+02	0.000000e+00	1	3.355705e-03
3.010000e+02	2.970000e+02	0.000000e+00	1	3.355705e-03
2.580000e+02	3.400000e+02	0.000000e+00	1	3.355705e-03
2.850000e+02	3.110000e+02	0.000000e+00	1	3.355705e-03
2.670000e+02	3.300000e+02	0.000000e+00	1	3.355705e-03
2.910000e+02	3.050000e+02	0.000000e+00	1	3.355705e-03
3.250000e+02	2.710000e+02	0.000000e+00	1	3.355705e-03
3.090000e+02	2.880000e+02	0.000000e+00	1	3.355705e-03
2.850000e+02	3.110000e+02	0.000000e+00	1	0.000000e+00
3.170000e+02	2.800000e+02	0.000000e+00	1	0.000000e+00
3.190000e+02	2.760000e+02	0.000000e+00	1	0.000000e+00
2.940000e+02	3.020000e+02	0.000000e+00	1	0.000000e+00
2.550000e+02	3.460000e+02	0.000000e+00	1	0.000000e+00
2.460000e+02	3.660000e+02	0.000000e+00	1	0.000000e+00
3.040000e+02	2.930000e+02	0.000000e+00	1	0.000000e+00
3.090000e+02	2.880000e+02	0.000000e+00	1	0.000000e+00
2.550000e+02	3.460000e+02	0.000000e+00	1	0.000000e+00
2.860000e+02	3.100000e+02	0.000000e+00	1	0.000000e+00
2.690000e+02	3.280000e+02	0.000000e+00	1	0.000000e+00
3.430000e+02	2.530000e+02	0.000000e+00	1	0.000000e+00
3.300000e+02	2.680000e+02	0.000000e+00	1	0.000000e+00
3.260000e+02	2.700000e+02	0.000000e+00	1	0.000000e+00
2.710000e+02	3.260000e+02	0.000000e+00	1	0.000000e+00
3.550000e+02	2.470000e+02	0.000000e+00	1	0.000000e+00
2.650000e+02	3.310000e+02	0.000000e+00	1	0.000000e+00
2.990000e+02	2.980000e+02	0.000000e+00	1	0.000000e+00
2.670000e+02	3.300000e+02	0.000000e+00	1	0.000000e+00
3.460000e+02	2.510000e+02	0.000000e+00	1	0.000000e+00
2.970000e+02	3.000000e+02	0.000000e+00	1	0.000000e+00
2.800000e+02	3.160000e+02	0.000000e+00	1	0.000000e+00
2.760000e+02	3.190000e+02	0.000000e+00	1	0.000000e+00
2.620000e+02	3.340000e+02	0.000000e+00	1	0.000000e+00
2.580000e+02	3.400000e+02	0.000000e+00	1	0.000000e+00
2.590000e+02	3.390000e+02	0.000000e+00	1	0.000000e+00
3.410000e+02	2.550000e+02	0.000000e+00	1	0.000000e+00
2.610000e+02	3.350000e+02	0.000000e+00	1	0.000000e+00
2.530000e+02	3.610000e+02	0.000000e+00	1	0.000000e+00
2.590000e+02	3.390000e+02	0.000000e+00	1	0.000000e+00
2.370000e+02	3.910000e+02	0.000000e+00	1	0.000000e+00
2.910000e+02	3.050000e+02	0.000000e+00	1	0.000000e+00
2.460000e+02	3.660000e+02	0.000000e+00	1	0.000000e+00
2.800000e+02	3.160000e+02	0.000000e+00	1	0.000000e+00
3.510000e+02	2.490000e+02	0.000000e+00	1	0.000000e+00
3.430000e+02	2.530000e+02	0.000000e+00	1	0.000000e+00
3.340000e+02	2.620000e+02	0.000000e+00	1	0.000000e+00
2.940000e+02	3.020000e+02	0.000000e+00	1	0.000000e+00
3.160000e+02	2.820000e+02	0.000000e+00	1	0.000000e+00
3.530000e+02	2.480000e+02	0.000000e+00	1	0.000000e+00
2.880000e+02	3.080000e+02	0.000000e+00	1	0.000000e+00
3.230000e+02	2.720000e+02	0.000000e+00	1	0.000000e+00
3.090000e+02	2.880000e+02	0.000000e+00	1	0.000000e+00
3.320000e+02	2.670000e+02	0.000000e+00	1	0.000000e+00
2.940000e+02	3.020000e+02	0.000000e+00	1	0.000000e+00
2.530000e+02	3.610000e+02	0.000000e+00	1	0.000000e+00
2.850000e+02	3.110000e+02	0.000000e+00	1	0.000000e+00
2.620000e+02	3.340000e+02	0.000000e+00	1	0.000000e+00
3.430000e+02	2.530000e+02	0.000000e+00	1	0.000000e+00
2.450000e+02	3.730000e+02	0.000000e+00	1	0.000000e+00
2.670000e+02	3.300000e+02	0.000000e+00	1	0.000000e+00
2.440000e+02	3.800000e+02	0.000000e+00	1	0.000000e+00
3.150000e+02	2.830000e+02	0.000000e+00	1	0.000000e+00
2.590000e+02	3.390000e+02	0.000000e+00	1	0.000000e+00
2.850000e+02	3.110000e+02	0.000000e+00	1	0.000000e+00
3.510000e+02	2.490000e+02	0.000000e+00	1	0.000000e+00
2.610000e+02	3.350000e+02	0.000000e+00	1	0.000000e+00
3.130000e+02	2.840000e+02	0.000000e+00	1	0.000000e+00
2.970000e+02	3.000000e+02	0.000000e+00	1	0.000000e+00
3.300000e+02	2.680000e+02	0.000000e+00	1	0.000000e+00
2.750000e+02	3.210000e+02	0.000000e+00	1	0.000000e+00
3.150000e+02	2.830000e+02	0.000000e+00	1	0.000000e+00
2.590000e+02	3.390000e+02	0.000000e+00	1	0.000000e+00
2.690000e+02	3.280000e+02	0.000000e+00	1	0.000000e+00
2.710000e+02	3.260000e+02	0.000000e+00	1	0.000000e+00
2.920000e+02	3.040000e+02	0.000000e+00	1	0.000000e+00
2.690000e+02	3.280000e+02	0.000000e+00	1	0.000000e+00
2.740000e+02	3.230000e+02	0.000000e+00	1	0.000000e+00
2.880000e+02	3.080000e+02	0.000000e+00	1	0.000000e+00
3.410000e+02	2.550000e+02	0.000000e+00	1	0.000000e+00
2.860000e+02	3.100000e+02	0.000000e+00	1	0.000000e+00
2.620000e+02	3.340000e+02	0.000000e+00	1	0.000000e+00
2.760000e+02	3.190000e+02	0.000000e+00	1	0.000000e+00
2.590000e+02	3.390000e+02	0.000000e+00	1	0.000000e+00
2.740000e+02	3.230000e+02	0.000000e+00	1	0.000000e+00
2.890000e+02	3.070000e+02	0.000000e+00	1	0.000000e+00
2.640000e+02	3.320000e+02	0.000000e+00	1	0.000000e+00
2.410000e+02	3.870000e+02	0.000000e+00	1	0.000000e+00
2.890000e+02	3.070000e+02	0.000000e+00	1	0.000000e+00
2.730000e+02	3.240000e+02	0.000000e+00	1	0.000000e+00
2.620000e+02	3.340000e+02	0.000000e+00	1	0.000000e+00
2.940000e+02	3.020000e+02	0.000000e+00	1	0.000000e+00
3.430000e+02	2.530000e+02	0.000000e+00	1	0.000000e+00
2.920000e+02	3.040000e+02	0.000000e+00	1	0.000000e+00
3.530000e+02	2.480000e+02	0.000000e+00	1	0.000000e+00
2.860000e+02	3.100000e+02	0.000000e+00	1	0.000000e+00
2.530000e+02	3.610000e+02	0.000000e+00	1	0.000000e+00
2.760000e+02	3.190000e+02	0.000000e+00	1	0.000000e+00
3.550000e+02	2.470000e+02	0.000000e+00	1	0.000000e+00
3.340000e+02	2.620000e+02	0.000000e+00	1	0.000000e+00
2.600000e+02	3.370000e+02	0.000000e+00	1	0.000000e+00
3.100000e+02	2.870000e+02	0.000000e+00	1	0.000000e+00
2.860000e+02	3.100000e+02	0.000000e+00	1	0.000000e+00
3.200000e+02	2.750000e+02	0.000000e+00	1	0.000000e+00
2.650000e+02	3.310000e+02	0.000000e+00	1	0.000000e+00
3.390000e+02	2.580000e+02	0.000000e+00	1	0.000000e+00
2.880000e+02	3.080000e+02	0.000000e+00	1	0.000000e+00
3.150000e+02	2.830000e+02	0.000000e+00	1	0.000000e+00
3.390000e+02	2.580000e+02	0.000000e+00	1	0.000000e+00
3.530000e+02	2.480000e+02	0.000000e+00	1	0.000000e+00
3.480000e+02	2.500000e+02	0.000000e+00	1	0.000000e+00
3.120000e+02	2.850000e+02	0.000000e+00	1	0.000000e+00
3.050000e+02	2.910000e+02	0.000000e+00	1	0.000000e+00
2.990000e+02	2.980000e+02	0.000000e+00	1	0.000000e+00
2.780000e+02	3.180000e+02	0.000000e+00	1	0.000000e+00
2.780000e+02	3.180000e+02	0.000000e+00	1	0.000000e+00
2.590000e+02	3.390000e+02	0.000000e+00	1	0.000000e+00
2.420000e+02	3.840000e+02	0.000000e+00	1	0.000000e+00
2.860000e+02	3.100000e+02	0.000000e+00	1	0.000000e+00
2.460000e+02	3.660000e+02	0.000000e+00	1	0.000000e+00
2.600000e+02	3.370000e+02	0.000000e+00	1	0.000000e+00
3.320000e+02	2.670000e+02	0.000000e+00	1	0.000000e+00
2.750000e+02	3.210000e+02	0.000000e+00	1	0.000000e+00
3.390000e+02	2.580000e+02	0.000000e+00	1	0.000000e+00
2.580000e+02	3.400000e+02	0.000000e+00	1	0.000000e+00
2.780000e+02	3.180000e+02	0.000000e+00	1	0.000000e+00
2.410000e+02	3.870000e+02	0.000000e+00	1	0.000000e+00
3.090000e+02	2.880000e+02	0.000000e+00	1	0.000000e+00
3.060000e+02	2.890000e+02	0.000000e+00	1	0.000000e+00
3.200000e+02	2.750000e+02	0.000000e+00	1	0.000000e+00
2.780000e+02	3.180000e+02	0.000000e+00	1	0.000000e+00
2.760000e+02	3.190000e+02	0.000000e+00	1	0.000000e+00
3.430000e+02	2.530000e+02	0.000000e+00	1	0.000000e+00
3.040000e+02	2.930000e+02	0.000000e+00	1	0.000000e+00
3.050000e+02	2.910000e+02	0.000000e+00	1	0.000000e+00
3.090000e+02	2.880000e+02	0.000000e+00	1	0.000000e+00
3.510000e+02	2.490000e+02	0.000000e+00	1	0.000000e+00
3.090000e+02	2.880000e+02	0.000000e+00	1	0.000000e+00
2.940000e+02	3.020000e+02	0.000000e+00	1	0.000000e+00
2.410000e+02	3.870000e+02	0.000000e+00	1	0.000000e+00
2.590000e+02	3.390000e+02	0.000000e+00	1	0.000000e+00
2.670000e+02	3.300000e+02	0.000000e+00	1	0.000000e+00
2.890000e+02	3.070000e+02	0.000000e+00	1	0.000000e+00
3.530000e+02	2.480000e+02	0.000000e+00	1	0.000000e+00
3.340000e+02	2.620000e+02	0.000000e+00	1	0.000000e+00
2.920000e+02	3.040000e+02	0.000000e+00	1	0.000000e+00
2.690000e+02	3.280000e+02	0.000000e+00	1	0.000000e+00
2.880000e+02	3.080000e+02	0.000000e+00	1	0.000000e+00
2.600000e+02	3.370000e+02	0.000000e+00	1	0.000000e+00
2.760000e+02	3.190000e+02	0.000000e+00	1	0.000000e+00
3.370000e+02	2.590000e+02	0.000000e+00	1	0.000000e+00
2.530000e+02	3.610000e+02	0.000000e+00	1	0.000000e+00
3.430000e+02	2.530000e+02	0.000000e+00	1	0.000000e+00
3.090000e+02	2.880000e+02	0.000000e+00	1	0.000000e+00
2.740000e+02	3.230000e+02	0.000000e+00	1	0.000000e+00
2.550000e+02	3.460000e+02	0.000000e+00	1	0.000000e+00
2.860000e+02	3.100000e+02	0.000000e+00	1	0.000000e+00
2.550000e+02	3.460000e+02	0.000000e+00	1	0.000000e+00
3.400000e+02	2.570000e+02	0.000000e+00	1	0.000000e+00
3.190000e+02	2.760000e+02	0.000000e+00	1	0.000000e+00
3.340000e+02	2.620000e+02	0.000000e+00	1	0.000000e+00
2.860000e+02	3.100000e+02	0.000000e+00	1	0.000000e+00
3.230000e+02	2.720000e+02	0.000000e+00	1	0.000000e+00
2.540000e+02	3.580000e+02	0.000000e+00	1	0.000000e+00
3.180000e+02	2.780000e+02	0.000000e+00	1	0.000000e+00
3.480000e+02	2.500000e+02	0.000000e+00	1	0.000000e+00
3.090000e+02	2.880000e+02	0.000000e+00	1	0.000000e+00
3.180000e+02	2.780000e+02	0.000000e+00	1	0.000000e+00
2.880000e+02	3.080000e+02	0.000000e+00	1	0.000000e+00
2.860000e+02	3.100000e+02	0.000000e+00	1	0.000000e+00
3.580000e+02	2.440000e+02	0.000000e+00	1	0.000000e+00
2.890000e+02	3.070000e+02	0.000000e+00	1	0.000000e+00
3.230000e+02	2.720000e+02	0.000000e+00	1	0.000000e+00
3.610000e+02	2.420000e+02	0.000000e+00	1	0.000000e+00
2.940000e+02	3.020000e+02	0.000000e+00	1	0.000000e+00
2.810000e+02	3.140000e+02	0.000000e+00	1	0.000000e+00
2.590000e+02	3.390000e+02	0.000000e+00	1	0.000000e+00
2.670000e+02	3.300000e+02	0.000000e+00	1	0.000000e+00
2.410000e+02	3.870000e+02	0.000000e+00	1	0.000000e+00
2.550000e+02	3.460000e+02	0.000000e+00	1	0.000000e+00
2.670000e+02	3.300000e+02	0.000000e+00	1	0.000000e+00
2.740000e+02	3.230000e+02	0.000000e+00	1	0.000000e+00
3.060000e+02	2.890000e+02	0.000000e+00	1	0.000000e+00
2.810000e+02	3.140000e+02	0.000000e+00	1	0.000000e+00
2.710000e+02	3.260000e+02	0.000000e+00	1	0.000000e+00
3.060000e+02	2.890000e+02	0.000000e+00	1	0.000000e+00
3.400000e+02	2.570000e+02	0.000000e+00	1	0.000000e+00
2.620000e+02	3.340000e+02	0.000000e+00	1	0.000000e+00
3.340000e+02	2.620000e+02	0.000000e+00	1	0.000000e+00
3.330000e+02	2.650000e+02	0.000000e+00	1	0.000000e+00
2.740000e+02	3.230000e+02	0.000000e+00	1	0.000000e+00
3.170000e+02	2.800000e+02	0.000000e+00	1	0.000000e+00
3.260000e+02	2.700000e+02	0.000000e+00	1	0.000000e+00
3.250000e+02	2.710000e+02	0.000000e+00	1	0.000000e+00
3.060000e+02	2.890000e+02	0.000000e+00	1	0.000000e+00
3.340000e+02	2.620000e+02	0.000000e+00	1	0.000000e+00
2.430000e+02	3.810000e+02	0.000000e+00	1	0.000000e+00
2.880000e+02	3.080000e+02	0.000000e+00	1	0.000000e+00
2.590000e+02	3.390000e+02	0.000000e+00	1	0.000000e+00
2.430000e+02	3.810000e+02	0.000000e+00	1	0.000000e+00
3.180000e+02	2.780000e+02	0.000000e+00	1	0.000000e+00
2.940000e+02	3.020000e+02	0.000000e+00	1	0.000000e+00
3.510000e+02	2.490000e+02	0.000000e+00	1	0.000000e+00
2.970000e+02	3.000000e+02	0.000000e+00	1	0.000000e+00
3.430000e+02	2.530000e+02	0.000000e+00	1	0.000000e+00
3.200000e+02	2.750000e+02	0.000000e+00	1	0.000000e+00
3.320000e+02	2.670000e+02	0.000000e+00	1	0.000000e+00
3.510000e+02	2.490000e+02	0.000000e+00	1	0.000000e+00
3.530000e+02	2.480000e+02	0.000000e+00	1	0.000000e+00
3.320000e+02	2.670000e+02	0.000000e+00	1	0.000000e+00
2.920000e+02	3.040000e+02	0.000000e+00	1	0.000000e+00
2.650000e+02	3.310000e+02	0.000000e+00	1	0.000000e+00
3.220000e+02	2.730000e+02	0.000000e+00	1	0.000000e+00
3.410000e+02	2.550000e+02	0.000000e+00	1	0.000000e+00
3.200000e+02	2.750000e+02	0.000000e+00	1	0.000000e+00
2.810000e+02	3.140000e+02	0.000000e+00	1	0.000000e+00
2.750000e+02	3.210000e+02	0.000000e+00	1	0.000000e+00
2.920000e+02	3.040000e+02	0.000000e+00	1	0.000000e+00
3.250000e+02	2.710000e+02	0.000000e+00	1	0.000000e+00
2.990000e+02	2.980000e+02	0.000000e+00	1	0.000000e+00
2.800000e+02	3.160000e+02	0.000000e+00	1	0.000000e+00
2.420000e+02	3.840000e+02	0.000000e+00	1	0.000000e+00
3.430000e+02	2.530000e+02	0.000000e+00	1	0.000000e+00
2.510000e+02	3.630000e+02	0.000000e+00	1	0.000000e+00
2.670000e+02	3.300000e+02	0.000000e+00	1	0.000000e+00
2.620000e+02	3.340000e+02	0.000000e+00	1	0.000000e+00
2.970000e+02	3.000000e+02	0.000000e+00	1	0.000000e+00
2.920000e+02	3.040000e+02	0.000000e+00	1	0.000000e+00
2.780000e+02	3.180000e+02	0.000000e+00	1	0.000000e+00
3.460000e+02	2.510000e+02	0.000000e+00	1	0.000000e+00
3.400000e+02	2.570000e+02	0.000000e+00	1	0.000000e+00
2.880000e+02	3.080000e+02	0.000000e+00	1	0.000000e+00
2.610000e+02	3.350000e+02	0.000000e+00	1	0.000000e+00
2.990000e+02	2.980000e+02	0.000000e+00	1	0.000000e+00
2.610000e+02	3.350000e+02	0.000000e+00	1	0.000000e+00
2.910000e+02	3.050000e+02	0.000000e+00	1	0.000000e+00
2.410000e+02	3.870000e+02	0.000000e+00	1	0.000000e+00
3.300000e+02	2.680000e+02	0.000000e+00	1	0.000000e+00
2.970000e+02	3.000000e+02	0.000000e+00	1	0.000000e+00
Total execution time: 1544.911
