# This file contains the data of final feasible population (if found)
# of objectives = 2, # of constraints = 0, # of real_var = 0, # of bits of bin_var = 0, constr_violation, rank, crowding_distance
3.580000e+02	2.420000e+02	0.000000e+00	1	1.000000e+14
2.320000e+02	3.890000e+02	0.000000e+00	1	1.000000e+14
2.890000e+02	3.100000e+02	0.000000e+00	1	3.571429e-02
3.170000e+02	2.770000e+02	0.000000e+00	1	2.551020e-02
2.430000e+02	3.690000e+02	0.000000e+00	1	2.380952e-02
2.460000e+02	3.620000e+02	0.000000e+00	1	2.380952e-02
2.920000e+02	3.030000e+02	0.000000e+00	1	2.380952e-02
2.460000e+02	3.620000e+02	0.000000e+00	1	2.210884e-02
2.980000e+02	3.000000e+02	0.000000e+00	1	2.097506e-02
2.700000e+02	3.360000e+02	0.000000e+00	1	2.097506e-02
2.430000e+02	3.690000e+02	0.000000e+00	1	1.870748e-02
3.320000e+02	2.620000e+02	0.000000e+00	1	1.814059e-02
3.150000e+02	2.810000e+02	0.000000e+00	1	1.814059e-02
2.730000e+02	3.300000e+02	0.000000e+00	1	1.814059e-02
2.770000e+02	3.220000e+02	0.000000e+00	1	1.757370e-02
2.630000e+02	3.400000e+02	0.000000e+00	1	1.700680e-02
2.990000e+02	2.950000e+02	0.000000e+00	1	1.700680e-02
2.610000e+02	3.450000e+02	0.000000e+00	1	1.700680e-02
2.710000e+02	3.310000e+02	0.000000e+00	1	1.700680e-02
3.150000e+02	2.810000e+02	0.000000e+00	1	1.587302e-02
2.960000e+02	3.010000e+02	0.000000e+00	1	1.587302e-02
2.920000e+02	3.030000e+02	0.000000e+00	1	1.587302e-02
3.410000e+02	2.550000e+02	0.000000e+00	1	1.587302e-02
3.110000e+02	2.840000e+02	0.000000e+00	1	1.587302e-02
3.450000e+02	2.520000e+02	0.000000e+00	1	1.587302e-02
3.350000e+02	2.590000e+02	0.000000e+00	1	1.530612e-02
2.410000e+02	3.710000e+02	0.000000e+00	1	1.473923e-02
2.410000e+02	3.710000e+02	0.000000e+00	1	1.473923e-02
3.230000e+02	2.720000e+02	0.000000e+00	1	1.473923e-02
2.350000e+02	3.790000e+02	0.000000e+00	1	1.473923e-02
3.390000e+02	2.560000e+02	0.000000e+00	1	1.473923e-02
3.150000e+02	2.810000e+02	0.000000e+00	1	1.360544e-02
2.760000e+02	3.260000e+02	0.000000e+00	1	1.360544e-02
2.990000e+02	2.950000e+02	0.000000e+00	1	1.360544e-02
2.330000e+02	3.860000e+02	0.000000e+00	1	1.360544e-02
2.340000e+02	3.820000e+02	0.000000e+00	1	1.360544e-02
3.020000e+02	2.910000e+02	0.000000e+00	1	1.360544e-02
3.050000e+02	2.890000e+02	0.000000e+00	1	1.190476e-02
3.110000e+02	2.840000e+02	0.000000e+00	1	1.190476e-02
3.080000e+02	2.860000e+02	0.000000e+00	1	1.190476e-02
3.200000e+02	2.760000e+02	0.000000e+00	1	1.190476e-02
2.990000e+02	2.950000e+02	0.000000e+00	1	1.190476e-02
3.020000e+02	2.910000e+02	0.000000e+00	1	1.190476e-02
3.320000e+02	2.620000e+02	0.000000e+00	1	1.190476e-02
2.920000e+02	3.030000e+02	0.000000e+00	1	1.190476e-02
3.020000e+02	2.910000e+02	0.000000e+00	1	1.190476e-02
3.510000e+02	2.470000e+02	0.000000e+00	1	1.133787e-02
2.670000e+02	3.380000e+02	0.000000e+00	1	1.133787e-02
3.450000e+02	2.520000e+02	0.000000e+00	1	1.133787e-02
2.870000e+02	3.130000e+02	0.000000e+00	1	1.133787e-02
2.960000e+02	3.010000e+02	0.000000e+00	1	1.133787e-02
2.790000e+02	3.210000e+02	0.000000e+00	1	1.133787e-02
2.750000e+02	3.270000e+02	0.000000e+00	1	1.133787e-02
2.710000e+02	3.310000e+02	0.000000e+00	1	1.133787e-02
3.530000e+02	2.460000e+02	0.000000e+00	1	1.133787e-02
3.370000e+02	2.580000e+02	0.000000e+00	1	1.133787e-02
3.060000e+02	2.880000e+02	0.000000e+00	1	1.133787e-02
2.380000e+02	3.750000e+02	0.000000e+00	1	1.077098e-02
2.880000e+02	3.110000e+02	0.000000e+00	1	1.077098e-02
2.550000e+02	3.510000e+02	0.000000e+00	1	1.077098e-02
3.560000e+02	2.440000e+02	0.000000e+00	1	1.077098e-02
2.390000e+02	3.730000e+02	0.000000e+00	1	1.077098e-02
2.340000e+02	3.820000e+02	0.000000e+00	1	1.020408e-02
2.330000e+02	3.860000e+02	0.000000e+00	1	1.020408e-02
3.450000e+02	2.520000e+02	0.000000e+00	1	1.020408e-02
3.350000e+02	2.590000e+02	0.000000e+00	1	1.020408e-02
2.350000e+02	3.790000e+02	0.000000e+00	1	1.020408e-02
3.110000e+02	2.840000e+02	0.000000e+00	1	1.020408e-02
3.200000e+02	2.760000e+02	0.000000e+00	1	1.020408e-02
3.210000e+02	2.730000e+02	0.000000e+00	1	1.020408e-02
3.270000e+02	2.670000e+02	0.000000e+00	1	1.020408e-02
2.750000e+02	3.270000e+02	0.000000e+00	1	1.020408e-02
2.480000e+02	3.590000e+02	0.000000e+00	1	1.020408e-02
3.410000e+02	2.550000e+02	0.000000e+00	1	1.020408e-02
3.250000e+02	2.700000e+02	0.000000e+00	1	1.020408e-02
2.580000e+02	3.480000e+02	0.000000e+00	1	7.936508e-03
3.350000e+02	2.590000e+02	0.000000e+00	1	7.936508e-03
3.370000e+02	2.580000e+02	0.000000e+00	1	7.936508e-03
2.670000e+02	3.380000e+02	0.000000e+00	1	7.936508e-03
2.370000e+02	3.770000e+02	0.000000e+00	1	7.936508e-03
2.980000e+02	3.000000e+02	0.000000e+00	1	7.936508e-03
2.480000e+02	3.590000e+02	0.000000e+00	1	7.936508e-03
3.230000e+02	2.720000e+02	0.000000e+00	1	7.936508e-03
2.460000e+02	3.620000e+02	0.000000e+00	1	7.936508e-03
2.770000e+02	3.220000e+02	0.000000e+00	1	7.936508e-03
2.510000e+02	3.570000e+02	0.000000e+00	1	7.936508e-03
2.510000e+02	3.570000e+02	0.000000e+00	1	7.936508e-03
3.470000e+02	2.510000e+02	0.000000e+00	1	7.936508e-03
3.080000e+02	2.860000e+02	0.000000e+00	1	7.936508e-03
3.490000e+02	2.480000e+02	0.000000e+00	1	7.936508e-03
3.530000e+02	2.460000e+02	0.000000e+00	1	7.936508e-03
3.510000e+02	2.470000e+02	0.000000e+00	1	7.936508e-03
2.650000e+02	3.390000e+02	0.000000e+00	1	7.936508e-03
2.430000e+02	3.690000e+02	0.000000e+00	1	7.936508e-03
3.170000e+02	2.770000e+02	0.000000e+00	1	7.936508e-03
2.840000e+02	3.160000e+02	0.000000e+00	1	7.936508e-03
3.410000e+02	2.550000e+02	0.000000e+00	1	7.936508e-03
2.630000e+02	3.400000e+02	0.000000e+00	1	7.936508e-03
3.300000e+02	2.630000e+02	0.000000e+00	1	7.936508e-03
2.490000e+02	3.580000e+02	0.000000e+00	1	7.936508e-03
2.600000e+02	3.470000e+02	0.000000e+00	1	7.936508e-03
2.610000e+02	3.450000e+02	0.000000e+00	1	7.936508e-03
2.820000e+02	3.180000e+02	0.000000e+00	1	7.936508e-03
2.690000e+02	3.370000e+02	0.000000e+00	1	7.936508e-03
3.250000e+02	2.700000e+02	0.000000e+00	1	7.936508e-03
2.390000e+02	3.730000e+02	0.000000e+00	1	7.936508e-03
2.650000e+02	3.390000e+02	0.000000e+00	1	7.936508e-03
2.850000e+02	3.140000e+02	0.000000e+00	1	7.936508e-03
2.530000e+02	3.550000e+02	0.000000e+00	1	7.936508e-03
2.630000e+02	3.400000e+02	0.000000e+00	1	7.936508e-03
3.560000e+02	2.440000e+02	0.000000e+00	1	7.936508e-03
2.730000e+02	3.300000e+02	0.000000e+00	1	7.936508e-03
3.550000e+02	2.450000e+02	0.000000e+00	1	7.936508e-03
3.390000e+02	2.560000e+02	0.000000e+00	1	7.936508e-03
3.210000e+02	2.730000e+02	0.000000e+00	1	7.936508e-03
3.270000e+02	2.670000e+02	0.000000e+00	1	7.936508e-03
3.250000e+02	2.700000e+02	0.000000e+00	1	7.936508e-03
2.580000e+02	3.480000e+02	0.000000e+00	1	7.936508e-03
2.560000e+02	3.500000e+02	0.000000e+00	1	7.936508e-03
2.820000e+02	3.180000e+02	0.000000e+00	1	7.369615e-03
2.810000e+02	3.190000e+02	0.000000e+00	1	7.369615e-03
3.490000e+02	2.480000e+02	0.000000e+00	1	7.369615e-03
2.760000e+02	3.260000e+02	0.000000e+00	1	7.369615e-03
2.800000e+02	3.200000e+02	0.000000e+00	1	7.369615e-03
3.210000e+02	2.730000e+02	0.000000e+00	1	7.369615e-03
3.200000e+02	2.760000e+02	0.000000e+00	1	7.369615e-03
2.850000e+02	3.140000e+02	0.000000e+00	1	7.369615e-03
3.550000e+02	2.450000e+02	0.000000e+00	1	7.369615e-03
2.890000e+02	3.100000e+02	0.000000e+00	1	7.369615e-03
3.270000e+02	2.670000e+02	0.000000e+00	1	7.369615e-03
3.300000e+02	2.630000e+02	0.000000e+00	1	7.369615e-03
3.480000e+02	2.500000e+02	0.000000e+00	1	7.369615e-03
3.470000e+02	2.510000e+02	0.000000e+00	1	7.369615e-03
3.080000e+02	2.860000e+02	0.000000e+00	1	6.802721e-03
2.540000e+02	3.530000e+02	0.000000e+00	1	6.802721e-03
2.370000e+02	3.770000e+02	0.000000e+00	1	6.802721e-03
3.490000e+02	2.480000e+02	0.000000e+00	1	6.802721e-03
3.370000e+02	2.580000e+02	0.000000e+00	1	6.802721e-03
2.530000e+02	3.550000e+02	0.000000e+00	1	6.802721e-03
2.390000e+02	3.730000e+02	0.000000e+00	1	6.802721e-03
2.960000e+02	3.010000e+02	0.000000e+00	1	6.802721e-03
2.920000e+02	3.030000e+02	0.000000e+00	1	6.802721e-03
2.600000e+02	3.470000e+02	0.000000e+00	1	6.802721e-03
3.290000e+02	2.650000e+02	0.000000e+00	1	6.802721e-03
3.300000e+02	2.630000e+02	0.000000e+00	1	6.802721e-03
2.840000e+02	3.160000e+02	0.000000e+00	1	6.802721e-03
3.480000e+02	2.500000e+02	0.000000e+00	1	6.802721e-03
2.610000e+02	3.450000e+02	0.000000e+00	1	6.802721e-03
3.050000e+02	2.890000e+02	0.000000e+00	1	6.802721e-03
2.560000e+02	3.500000e+02	0.000000e+00	1	6.802721e-03
2.820000e+02	3.180000e+02	0.000000e+00	1	6.802721e-03
2.540000e+02	3.530000e+02	0.000000e+00	1	6.802721e-03
2.840000e+02	3.160000e+02	0.000000e+00	1	6.802721e-03
2.850000e+02	3.140000e+02	0.000000e+00	1	6.802721e-03
3.020000e+02	2.910000e+02	0.000000e+00	1	6.802721e-03
2.510000e+02	3.570000e+02	0.000000e+00	1	6.802721e-03
2.380000e+02	3.750000e+02	0.000000e+00	1	6.802721e-03
2.580000e+02	3.480000e+02	0.000000e+00	1	6.802721e-03
3.250000e+02	2.700000e+02	0.000000e+00	1	6.802721e-03
3.110000e+02	2.840000e+02	0.000000e+00	1	6.802721e-03
2.870000e+02	3.130000e+02	0.000000e+00	1	6.802721e-03
3.060000e+02	2.880000e+02	0.000000e+00	1	6.802721e-03
3.080000e+02	2.860000e+02	0.000000e+00	1	6.802721e-03
3.580000e+02	2.420000e+02	0.000000e+00	1	6.802721e-03
2.370000e+02	3.770000e+02	0.000000e+00	1	6.802721e-03
2.530000e+02	3.550000e+02	0.000000e+00	1	6.802721e-03
2.750000e+02	3.270000e+02	0.000000e+00	1	3.968254e-03
2.870000e+02	3.130000e+02	0.000000e+00	1	3.968254e-03
2.330000e+02	3.860000e+02	0.000000e+00	1	3.968254e-03
3.060000e+02	2.880000e+02	0.000000e+00	1	3.968254e-03
2.760000e+02	3.260000e+02	0.000000e+00	1	3.968254e-03
2.550000e+02	3.510000e+02	0.000000e+00	1	3.968254e-03
3.280000e+02	2.660000e+02	0.000000e+00	1	3.968254e-03
2.840000e+02	3.160000e+02	0.000000e+00	1	3.968254e-03
2.350000e+02	3.790000e+02	0.000000e+00	1	3.968254e-03
2.710000e+02	3.310000e+02	0.000000e+00	1	3.968254e-03
2.610000e+02	3.450000e+02	0.000000e+00	1	3.968254e-03
2.690000e+02	3.370000e+02	0.000000e+00	1	3.968254e-03
2.990000e+02	2.950000e+02	0.000000e+00	1	3.968254e-03
3.050000e+02	2.890000e+02	0.000000e+00	1	3.968254e-03
2.340000e+02	3.820000e+02	0.000000e+00	1	3.968254e-03
2.480000e+02	3.590000e+02	0.000000e+00	1	3.968254e-03
2.810000e+02	3.190000e+02	0.000000e+00	1	3.968254e-03
2.800000e+02	3.200000e+02	0.000000e+00	1	3.968254e-03
2.880000e+02	3.110000e+02	0.000000e+00	1	3.968254e-03
2.330000e+02	3.860000e+02	0.000000e+00	1	3.968254e-03
2.370000e+02	3.770000e+02	0.000000e+00	1	3.968254e-03
2.340000e+02	3.820000e+02	0.000000e+00	1	3.968254e-03
3.480000e+02	2.500000e+02	0.000000e+00	1	3.968254e-03
2.540000e+02	3.530000e+02	0.000000e+00	1	3.968254e-03
2.790000e+02	3.210000e+02	0.000000e+00	1	3.968254e-03
2.560000e+02	3.500000e+02	0.000000e+00	1	3.968254e-03
2.380000e+02	3.750000e+02	0.000000e+00	1	3.968254e-03
2.540000e+02	3.530000e+02	0.000000e+00	1	3.968254e-03
2.600000e+02	3.470000e+02	0.000000e+00	1	3.968254e-03
2.320000e+02	3.890000e+02	0.000000e+00	1	3.968254e-03
3.280000e+02	2.660000e+02	0.000000e+00	1	3.968254e-03
2.490000e+02	3.580000e+02	0.000000e+00	1	3.968254e-03
2.700000e+02	3.360000e+02	0.000000e+00	1	3.968254e-03
2.530000e+02	3.550000e+02	0.000000e+00	1	3.968254e-03
3.290000e+02	2.650000e+02	0.000000e+00	1	3.968254e-03
3.290000e+02	2.650000e+02	0.000000e+00	1	3.968254e-03
2.560000e+02	3.500000e+02	0.000000e+00	1	3.401361e-03
2.770000e+02	3.220000e+02	0.000000e+00	1	3.401361e-03
2.550000e+02	3.510000e+02	0.000000e+00	1	3.401361e-03
2.800000e+02	3.200000e+02	0.000000e+00	1	3.401361e-03
2.730000e+02	3.300000e+02	0.000000e+00	1	3.401361e-03
3.170000e+02	2.770000e+02	0.000000e+00	1	3.401361e-03
3.530000e+02	2.460000e+02	0.000000e+00	1	3.401361e-03
2.600000e+02	3.470000e+02	0.000000e+00	1	3.401361e-03
3.050000e+02	2.890000e+02	0.000000e+00	1	3.401361e-03
2.880000e+02	3.110000e+02	0.000000e+00	1	3.401361e-03
2.690000e+02	3.370000e+02	0.000000e+00	1	3.401361e-03
2.510000e+02	3.570000e+02	0.000000e+00	1	3.401361e-03
3.470000e+02	2.510000e+02	0.000000e+00	1	3.401361e-03
3.230000e+02	2.720000e+02	0.000000e+00	1	3.401361e-03
2.980000e+02	3.000000e+02	0.000000e+00	1	3.401361e-03
3.550000e+02	2.450000e+02	0.000000e+00	1	3.401361e-03
2.790000e+02	3.210000e+02	0.000000e+00	1	3.401361e-03
2.650000e+02	3.390000e+02	0.000000e+00	1	3.401361e-03
2.480000e+02	3.590000e+02	0.000000e+00	1	3.401361e-03
2.670000e+02	3.380000e+02	0.000000e+00	1	3.401361e-03
2.650000e+02	3.390000e+02	0.000000e+00	1	3.401361e-03
3.320000e+02	2.620000e+02	0.000000e+00	1	3.401361e-03
3.510000e+02	2.470000e+02	0.000000e+00	1	3.401361e-03
2.810000e+02	3.190000e+02	0.000000e+00	1	3.401361e-03
3.290000e+02	2.650000e+02	0.000000e+00	1	3.401361e-03
3.280000e+02	2.660000e+02	0.000000e+00	1	3.401361e-03
3.410000e+02	2.550000e+02	0.000000e+00	1	3.401361e-03
2.580000e+02	3.480000e+02	0.000000e+00	1	3.401361e-03
2.630000e+02	3.400000e+02	0.000000e+00	1	3.401361e-03
2.700000e+02	3.360000e+02	0.000000e+00	1	3.401361e-03
3.390000e+02	2.560000e+02	0.000000e+00	1	3.401361e-03
2.690000e+02	3.370000e+02	0.000000e+00	1	3.401361e-03
3.280000e+02	2.660000e+02	0.000000e+00	1	3.401361e-03
2.490000e+02	3.580000e+02	0.000000e+00	1	3.401361e-03
2.490000e+02	3.580000e+02	0.000000e+00	1	3.401361e-03
3.560000e+02	2.440000e+02	0.000000e+00	1	3.401361e-03
2.320000e+02	3.890000e+02	0.000000e+00	1	0.000000e+00
2.490000e+02	3.580000e+02	0.000000e+00	1	0.000000e+00
2.610000e+02	3.450000e+02	0.000000e+00	1	0.000000e+00
2.920000e+02	3.030000e+02	0.000000e+00	1	0.000000e+00
2.580000e+02	3.480000e+02	0.000000e+00	1	0.000000e+00
3.390000e+02	2.560000e+02	0.000000e+00	1	0.000000e+00
3.320000e+02	2.620000e+02	0.000000e+00	1	0.000000e+00
3.200000e+02	2.760000e+02	0.000000e+00	1	0.000000e+00
2.410000e+02	3.710000e+02	0.000000e+00	1	0.000000e+00
2.350000e+02	3.790000e+02	0.000000e+00	1	0.000000e+00
2.530000e+02	3.550000e+02	0.000000e+00	1	0.000000e+00
2.530000e+02	3.550000e+02	0.000000e+00	1	0.000000e+00
2.920000e+02	3.030000e+02	0.000000e+00	1	0.000000e+00
3.110000e+02	2.840000e+02	0.000000e+00	1	0.000000e+00
2.890000e+02	3.100000e+02	0.000000e+00	1	0.000000e+00
2.960000e+02	3.010000e+02	0.000000e+00	1	0.000000e+00
3.080000e+02	2.860000e+02	0.000000e+00	1	0.000000e+00
2.610000e+02	3.450000e+02	0.000000e+00	1	0.000000e+00
2.510000e+02	3.570000e+02	0.000000e+00	1	0.000000e+00
3.480000e+02	2.500000e+02	0.000000e+00	1	0.000000e+00
2.840000e+02	3.160000e+02	0.000000e+00	1	0.000000e+00
3.550000e+02	2.450000e+02	0.000000e+00	1	0.000000e+00
2.820000e+02	3.180000e+02	0.000000e+00	1	0.000000e+00
3.170000e+02	2.770000e+02	0.000000e+00	1	0.000000e+00
2.790000e+02	3.210000e+02	0.000000e+00	1	0.000000e+00
3.250000e+02	2.700000e+02	0.000000e+00	1	0.000000e+00
3.370000e+02	2.580000e+02	0.000000e+00	1	0.000000e+00
3.080000e+02	2.860000e+02	0.000000e+00	1	0.000000e+00
3.450000e+02	2.520000e+02	0.000000e+00	1	0.000000e+00
2.510000e+02	3.570000e+02	0.000000e+00	1	0.000000e+00
2.730000e+02	3.300000e+02	0.000000e+00	1	0.000000e+00
3.370000e+02	2.580000e+02	0.000000e+00	1	0.000000e+00
3.280000e+02	2.660000e+02	0.000000e+00	1	0.000000e+00
2.330000e+02	3.860000e+02	0.000000e+00	1	0.000000e+00
2.350000e+02	3.790000e+02	0.000000e+00	1	0.000000e+00
3.370000e+02	2.580000e+02	0.000000e+00	1	0.000000e+00
2.750000e+02	3.270000e+02	0.000000e+00	1	0.000000e+00
2.650000e+02	3.390000e+02	0.000000e+00	1	0.000000e+00
2.510000e+02	3.570000e+02	0.000000e+00	1	0.000000e+00
2.770000e+02	3.220000e+02	0.000000e+00	1	0.000000e+00
2.600000e+02	3.470000e+02	0.000000e+00	1	0.000000e+00
2.670000e+02	3.380000e+02	0.000000e+00	1	0.000000e+00
2.330000e+02	3.860000e+02	0.000000e+00	1	0.000000e+00
2.530000e+02	3.550000e+02	0.000000e+00	1	0.000000e+00
3.080000e+02	2.860000e+02	0.000000e+00	1	0.000000e+00
2.990000e+02	2.950000e+02	0.000000e+00	1	0.000000e+00
3.560000e+02	2.440000e+02	0.000000e+00	1	0.000000e+00
2.330000e+02	3.860000e+02	0.000000e+00	1	0.000000e+00
2.430000e+02	3.690000e+02	0.000000e+00	1	0.000000e+00
2.870000e+02	3.130000e+02	0.000000e+00	1	0.000000e+00
3.110000e+02	2.840000e+02	0.000000e+00	1	0.000000e+00
2.540000e+02	3.530000e+02	0.000000e+00	1	0.000000e+00
2.650000e+02	3.390000e+02	0.000000e+00	1	0.000000e+00
2.750000e+02	3.270000e+02	0.000000e+00	1	0.000000e+00
2.880000e+02	3.110000e+02	0.000000e+00	1	0.000000e+00
2.530000e+02	3.550000e+02	0.000000e+00	1	0.000000e+00
2.840000e+02	3.160000e+02	0.000000e+00	1	0.000000e+00
3.110000e+02	2.840000e+02	0.000000e+00	1	0.000000e+00
2.730000e+02	3.300000e+02	0.000000e+00	1	0.000000e+00
2.510000e+02	3.570000e+02	0.000000e+00	1	0.000000e+00
2.480000e+02	3.590000e+02	0.000000e+00	1	0.000000e+00
3.050000e+02	2.890000e+02	0.000000e+00	1	0.000000e+00
2.990000e+02	2.950000e+02	0.000000e+00	1	0.000000e+00
3.250000e+02	2.700000e+02	0.000000e+00	1	0.000000e+00
3.110000e+02	2.840000e+02	0.000000e+00	1	0.000000e+00
2.560000e+02	3.500000e+02	0.000000e+00	1	0.000000e+00
2.560000e+02	3.500000e+02	0.000000e+00	1	0.000000e+00
3.510000e+02	2.470000e+02	0.000000e+00	1	0.000000e+00
2.430000e+02	3.690000e+02	0.000000e+00	1	0.000000e+00
2.540000e+02	3.530000e+02	0.000000e+00	1	0.000000e+00
3.110000e+02	2.840000e+02	0.000000e+00	1	0.000000e+00
2.890000e+02	3.100000e+02	0.000000e+00	1	0.000000e+00
2.730000e+02	3.300000e+02	0.000000e+00	1	0.000000e+00
3.080000e+02	2.860000e+02	0.000000e+00	1	0.000000e+00
3.270000e+02	2.670000e+02	0.000000e+00	1	0.000000e+00
3.350000e+02	2.590000e+02	0.000000e+00	1	0.000000e+00
3.150000e+02	2.810000e+02	0.000000e+00	1	0.000000e+00
2.600000e+02	3.470000e+02	0.000000e+00	1	0.000000e+00
2.980000e+02	3.000000e+02	0.000000e+00	1	0.000000e+00
3.370000e+02	2.580000e+02	0.000000e+00	1	0.000000e+00
2.350000e+02	3.790000e+02	0.000000e+00	1	0.000000e+00
3.390000e+02	2.560000e+02	0.000000e+00	1	0.000000e+00
2.990000e+02	2.950000e+02	0.000000e+00	1	0.000000e+00
2.850000e+02	3.140000e+02	0.000000e+00	1	0.000000e+00
3.200000e+02	2.760000e+02	0.000000e+00	1	0.000000e+00
2.430000e+02	3.690000e+02	0.000000e+00	1	0.000000e+00
3.410000e+02	2.550000e+02	0.000000e+00	1	0.000000e+00
2.630000e+02	3.400000e+02	0.000000e+00	1	0.000000e+00
2.600000e+02	3.470000e+02	0.000000e+00	1	0.000000e+00
3.170000e+02	2.770000e+02	0.000000e+00	1	0.000000e+00
3.110000e+02	2.840000e+02	0.000000e+00	1	0.000000e+00
2.890000e+02	3.100000e+02	0.000000e+00	1	0.000000e+00
2.490000e+02	3.580000e+02	0.000000e+00	1	0.000000e+00
2.670000e+02	3.380000e+02	0.000000e+00	1	0.000000e+00
3.200000e+02	2.760000e+02	0.000000e+00	1	0.000000e+00
3.110000e+02	2.840000e+02	0.000000e+00	1	0.000000e+00
2.320000e+02	3.890000e+02	0.000000e+00	1	0.000000e+00
3.110000e+02	2.840000e+02	0.000000e+00	1	0.000000e+00
2.730000e+02	3.300000e+02	0.000000e+00	1	0.000000e+00
2.330000e+02	3.860000e+02	0.000000e+00	1	0.000000e+00
2.550000e+02	3.510000e+02	0.000000e+00	1	0.000000e+00
3.150000e+02	2.810000e+02	0.000000e+00	1	0.000000e+00
3.080000e+02	2.860000e+02	0.000000e+00	1	0.000000e+00
2.750000e+02	3.270000e+02	0.000000e+00	1	0.000000e+00
2.540000e+02	3.530000e+02	0.000000e+00	1	0.000000e+00
3.170000e+02	2.770000e+02	0.000000e+00	1	0.000000e+00
3.370000e+02	2.580000e+02	0.000000e+00	1	0.000000e+00
2.990000e+02	2.950000e+02	0.000000e+00	1	0.000000e+00
3.350000e+02	2.590000e+02	0.000000e+00	1	0.000000e+00
3.490000e+02	2.480000e+02	0.000000e+00	1	0.000000e+00
3.110000e+02	2.840000e+02	0.000000e+00	1	0.000000e+00
3.110000e+02	2.840000e+02	0.000000e+00	1	0.000000e+00
2.730000e+02	3.300000e+02	0.000000e+00	1	0.000000e+00
2.890000e+02	3.100000e+02	0.000000e+00	1	0.000000e+00
3.280000e+02	2.660000e+02	0.000000e+00	1	0.000000e+00
3.250000e+02	2.700000e+02	0.000000e+00	1	0.000000e+00
2.610000e+02	3.450000e+02	0.000000e+00	1	0.000000e+00
3.200000e+02	2.760000e+02	0.000000e+00	1	0.000000e+00
3.480000e+02	2.500000e+02	0.000000e+00	1	0.000000e+00
2.820000e+02	3.180000e+02	0.000000e+00	1	0.000000e+00
3.110000e+02	2.840000e+02	0.000000e+00	1	0.000000e+00
2.820000e+02	3.180000e+02	0.000000e+00	1	0.000000e+00
2.330000e+02	3.860000e+02	0.000000e+00	1	0.000000e+00
2.430000e+02	3.690000e+02	0.000000e+00	1	0.000000e+00
3.410000e+02	2.550000e+02	0.000000e+00	1	0.000000e+00
3.150000e+02	2.810000e+02	0.000000e+00	1	0.000000e+00
3.110000e+02	2.840000e+02	0.000000e+00	1	0.000000e+00
3.060000e+02	2.880000e+02	0.000000e+00	1	0.000000e+00
3.210000e+02	2.730000e+02	0.000000e+00	1	0.000000e+00
2.730000e+02	3.300000e+02	0.000000e+00	1	0.000000e+00
2.430000e+02	3.690000e+02	0.000000e+00	1	0.000000e+00
2.770000e+02	3.220000e+02	0.000000e+00	1	0.000000e+00
2.980000e+02	3.000000e+02	0.000000e+00	1	0.000000e+00
2.770000e+02	3.220000e+02	0.000000e+00	1	0.000000e+00
2.730000e+02	3.300000e+02	0.000000e+00	1	0.000000e+00
3.020000e+02	2.910000e+02	0.000000e+00	1	0.000000e+00
2.960000e+02	3.010000e+02	0.000000e+00	1	0.000000e+00
3.080000e+02	2.860000e+02	0.000000e+00	1	0.000000e+00
2.760000e+02	3.260000e+02	0.000000e+00	1	0.000000e+00
3.510000e+02	2.470000e+02	0.000000e+00	1	0.000000e+00
3.200000e+02	2.760000e+02	0.000000e+00	1	0.000000e+00
3.510000e+02	2.470000e+02	0.000000e+00	1	0.000000e+00
2.460000e+02	3.620000e+02	0.000000e+00	1	0.000000e+00
2.650000e+02	3.390000e+02	0.000000e+00	1	0.000000e+00
2.580000e+02	3.480000e+02	0.000000e+00	1	0.000000e+00
2.730000e+02	3.300000e+02	0.000000e+00	1	0.000000e+00
2.530000e+02	3.550000e+02	0.000000e+00	1	0.000000e+00
2.820000e+02	3.180000e+02	0.000000e+00	1	0.000000e+00
3.150000e+02	2.810000e+02	0.000000e+00	1	0.000000e+00
2.980000e+02	3.000000e+02	0.000000e+00	1	0.000000e+00
2.490000e+02	3.580000e+02	0.000000e+00	1	0.000000e+00
2.600000e+02	3.470000e+02	0.000000e+00	1	0.000000e+00
3.110000e+02	2.840000e+02	0.000000e+00	1	0.000000e+00
3.490000e+02	2.480000e+02	0.000000e+00	1	0.000000e+00
3.080000e+02	2.860000e+02	0.000000e+00	1	0.000000e+00
3.390000e+02	2.560000e+02	0.000000e+00	1	0.000000e+00
3.320000e+02	2.620000e+02	0.000000e+00	1	0.000000e+00
2.480000e+02	3.590000e+02	0.000000e+00	1	0.000000e+00
3.110000e+02	2.840000e+02	0.000000e+00	1	0.000000e+00
2.700000e+02	3.360000e+02	0.000000e+00	1	0.000000e+00
2.770000e+02	3.220000e+02	0.000000e+00	1	0.000000e+00
2.510000e+02	3.570000e+02	0.000000e+00	1	0.000000e+00
2.510000e+02	3.570000e+02	0.000000e+00	1	0.000000e+00
2.530000e+02	3.550000e+02	0.000000e+00	1	0.000000e+00
3.250000e+02	2.700000e+02	0.000000e+00	1	0.000000e+00
3.110000e+02	2.840000e+02	0.000000e+00	1	0.000000e+00
3.530000e+02	2.460000e+02	0.000000e+00	1	0.000000e+00
2.710000e+02	3.310000e+02	0.000000e+00	1	0.000000e+00
2.960000e+02	3.010000e+02	0.000000e+00	1	0.000000e+00
3.270000e+02	2.670000e+02	0.000000e+00	1	0.000000e+00
2.540000e+02	3.530000e+02	0.000000e+00	1	0.000000e+00
3.530000e+02	2.460000e+02	0.000000e+00	1	0.000000e+00
2.990000e+02	2.950000e+02	0.000000e+00	1	0.000000e+00
2.630000e+02	3.400000e+02	0.000000e+00	1	0.000000e+00
3.410000e+02	2.550000e+02	0.000000e+00	1	0.000000e+00
2.870000e+02	3.130000e+02	0.000000e+00	1	0.000000e+00
3.490000e+02	2.480000e+02	0.000000e+00	1	0.000000e+00
3.020000e+02	2.910000e+02	0.000000e+00	1	0.000000e+00
2.510000e+02	3.570000e+02	0.000000e+00	1	0.000000e+00
3.270000e+02	2.670000e+02	0.000000e+00	1	0.000000e+00
2.820000e+02	3.180000e+02	0.000000e+00	1	0.000000e+00
2.350000e+02	3.790000e+02	0.000000e+00	1	0.000000e+00
3.110000e+02	2.840000e+02	0.000000e+00	1	0.000000e+00
3.250000e+02	2.700000e+02	0.000000e+00	1	0.000000e+00
2.610000e+02	3.450000e+02	0.000000e+00	1	0.000000e+00
3.150000e+02	2.810000e+02	0.000000e+00	1	0.000000e+00
2.430000e+02	3.690000e+02	0.000000e+00	1	0.000000e+00
2.330000e+02	3.860000e+02	0.000000e+00	1	0.000000e+00
3.050000e+02	2.890000e+02	0.000000e+00	1	0.000000e+00
2.380000e+02	3.750000e+02	0.000000e+00	1	0.000000e+00
2.730000e+02	3.300000e+02	0.000000e+00	1	0.000000e+00
2.600000e+02	3.470000e+02	0.000000e+00	1	0.000000e+00
3.450000e+02	2.520000e+02	0.000000e+00	1	0.000000e+00
3.020000e+02	2.910000e+02	0.000000e+00	1	0.000000e+00
2.790000e+02	3.210000e+02	0.000000e+00	1	0.000000e+00
3.390000e+02	2.560000e+02	0.000000e+00	1	0.000000e+00
2.770000e+02	3.220000e+02	0.000000e+00	1	0.000000e+00
2.510000e+02	3.570000e+02	0.000000e+00	1	0.000000e+00
3.280000e+02	2.660000e+02	0.000000e+00	1	0.000000e+00
2.460000e+02	3.620000e+02	0.000000e+00	1	0.000000e+00
2.330000e+02	3.860000e+02	0.000000e+00	1	0.000000e+00
2.990000e+02	2.950000e+02	0.000000e+00	1	0.000000e+00
2.880000e+02	3.110000e+02	0.000000e+00	1	0.000000e+00
2.410000e+02	3.710000e+02	0.000000e+00	1	0.000000e+00
3.020000e+02	2.910000e+02	0.000000e+00	1	0.000000e+00
3.020000e+02	2.910000e+02	0.000000e+00	1	0.000000e+00
2.540000e+02	3.530000e+02	0.000000e+00	1	0.000000e+00
2.530000e+02	3.550000e+02	0.000000e+00	1	0.000000e+00
2.990000e+02	2.950000e+02	0.000000e+00	1	0.000000e+00
2.790000e+02	3.210000e+02	0.000000e+00	1	0.000000e+00
2.700000e+02	3.360000e+02	0.000000e+00	1	0.000000e+00
2.340000e+02	3.820000e+02	0.000000e+00	1	0.000000e+00
3.050000e+02	2.890000e+02	0.000000e+00	1	0.000000e+00
2.510000e+02	3.570000e+02	0.000000e+00	1	0.000000e+00
3.080000e+02	2.860000e+02	0.000000e+00	1	0.000000e+00
3.050000e+02	2.890000e+02	0.000000e+00	1	0.000000e+00
2.550000e+02	3.510000e+02	0.000000e+00	1	0.000000e+00
3.080000e+02	2.860000e+02	0.000000e+00	1	0.000000e+00
3.150000e+02	2.810000e+02	0.000000e+00	1	0.000000e+00
3.110000e+02	2.840000e+02	0.000000e+00	1	0.000000e+00
3.020000e+02	2.910000e+02	0.000000e+00	1	0.000000e+00
3.210000e+02	2.730000e+02	0.000000e+00	1	0.000000e+00
3.170000e+02	2.770000e+02	0.000000e+00	1	0.000000e+00
2.840000e+02	3.160000e+02	0.000000e+00	1	0.000000e+00
2.540000e+02	3.530000e+02	0.000000e+00	1	0.000000e+00
3.390000e+02	2.560000e+02	0.000000e+00	1	0.000000e+00
2.790000e+02	3.210000e+02	0.000000e+00	1	0.000000e+00
3.060000e+02	2.880000e+02	0.000000e+00	1	0.000000e+00
2.960000e+02	3.010000e+02	0.000000e+00	1	0.000000e+00
2.530000e+02	3.550000e+02	0.000000e+00	1	0.000000e+00
2.820000e+02	3.180000e+02	0.000000e+00	1	0.000000e+00
3.490000e+02	2.480000e+02	0.000000e+00	1	0.000000e+00
2.820000e+02	3.180000e+02	0.000000e+00	1	0.000000e+00
2.580000e+02	3.480000e+02	0.000000e+00	1	0.000000e+00
3.110000e+02	2.840000e+02	0.000000e+00	1	0.000000e+00
3.550000e+02	2.450000e+02	0.000000e+00	1	0.000000e+00
3.200000e+02	2.760000e+02	0.000000e+00	1	0.000000e+00
2.760000e+02	3.260000e+02	0.000000e+00	1	0.000000e+00
2.790000e+02	3.210000e+02	0.000000e+00	1	0.000000e+00
2.510000e+02	3.570000e+02	0.000000e+00	1	0.000000e+00
2.730000e+02	3.300000e+02	0.000000e+00	1	0.000000e+00
2.990000e+02	2.950000e+02	0.000000e+00	1	0.000000e+00
2.540000e+02	3.530000e+02	0.000000e+00	1	0.000000e+00
3.250000e+02	2.700000e+02	0.000000e+00	1	0.000000e+00
3.410000e+02	2.550000e+02	0.000000e+00	1	0.000000e+00
3.390000e+02	2.560000e+02	0.000000e+00	1	0.000000e+00
3.170000e+02	2.770000e+02	0.000000e+00	1	0.000000e+00
2.890000e+02	3.100000e+02	0.000000e+00	1	0.000000e+00
2.580000e+02	3.480000e+02	0.000000e+00	1	0.000000e+00
2.610000e+02	3.450000e+02	0.000000e+00	1	0.000000e+00
2.430000e+02	3.690000e+02	0.000000e+00	1	0.000000e+00
3.060000e+02	2.880000e+02	0.000000e+00	1	0.000000e+00
2.430000e+02	3.690000e+02	0.000000e+00	1	0.000000e+00
2.350000e+02	3.790000e+02	0.000000e+00	1	0.000000e+00
3.490000e+02	2.480000e+02	0.000000e+00	1	0.000000e+00
2.510000e+02	3.570000e+02	0.000000e+00	1	0.000000e+00
2.490000e+02	3.580000e+02	0.000000e+00	1	0.000000e+00
3.320000e+02	2.620000e+02	0.000000e+00	1	0.000000e+00
2.990000e+02	2.950000e+02	0.000000e+00	1	0.000000e+00
2.920000e+02	3.030000e+02	0.000000e+00	1	0.000000e+00
2.510000e+02	3.570000e+02	0.000000e+00	1	0.000000e+00
2.710000e+02	3.310000e+02	0.000000e+00	1	0.000000e+00
Total execution time: 1243.518
