# This file contains the data of final feasible population (if found)
# of objectives = 2, # of constraints = 0, # of real_var = 0, # of bits of bin_var = 0, constr_violation, rank, crowding_distance
5.476190e-01	5.400340e-01	0.000000e+00	1	1.000000e+14
5.595238e-01	5.193878e-01	0.000000e+00	1	1.000000e+14
5.565476e-01	5.359184e-01	0.000000e+00	1	5.253295e-01
5.565476e-01	5.359184e-01	0.000000e+00	1	4.746705e-01
5.595238e-01	5.193878e-01	0.000000e+00	1	4.003295e-01
5.476190e-01	5.400340e-01	0.000000e+00	1	3.750000e-01
5.476190e-01	5.400340e-01	0.000000e+00	1	9.967051e-02
5.476190e-01	5.400340e-01	0.000000e+00	1	0.000000e+00
5.476190e-01	5.400340e-01	0.000000e+00	1	0.000000e+00
5.476190e-01	5.400340e-01	0.000000e+00	1	0.000000e+00
5.476190e-01	5.400340e-01	0.000000e+00	1	0.000000e+00
5.476190e-01	5.400340e-01	0.000000e+00	1	0.000000e+00
5.476190e-01	5.400340e-01	0.000000e+00	1	0.000000e+00
5.476190e-01	5.400340e-01	0.000000e+00	1	0.000000e+00
5.476190e-01	5.400340e-01	0.000000e+00	1	0.000000e+00
5.476190e-01	5.400340e-01	0.000000e+00	1	0.000000e+00
5.476190e-01	5.400340e-01	0.000000e+00	1	0.000000e+00
5.476190e-01	5.400340e-01	0.000000e+00	1	0.000000e+00
5.476190e-01	5.400340e-01	0.000000e+00	1	0.000000e+00
5.476190e-01	5.400340e-01	0.000000e+00	1	0.000000e+00
5.476190e-01	5.400340e-01	0.000000e+00	1	0.000000e+00
5.476190e-01	5.400340e-01	0.000000e+00	1	0.000000e+00
5.476190e-01	5.400340e-01	0.000000e+00	1	0.000000e+00
5.476190e-01	5.400340e-01	0.000000e+00	1	0.000000e+00
5.476190e-01	5.400340e-01	0.000000e+00	1	0.000000e+00
5.476190e-01	5.400340e-01	0.000000e+00	1	0.000000e+00
5.476190e-01	5.400340e-01	0.000000e+00	1	0.000000e+00
5.476190e-01	5.400340e-01	0.000000e+00	1	0.000000e+00
5.476190e-01	5.400340e-01	0.000000e+00	1	0.000000e+00
5.476190e-01	5.400340e-01	0.000000e+00	1	0.000000e+00
5.476190e-01	5.400340e-01	0.000000e+00	1	0.000000e+00
5.476190e-01	5.400340e-01	0.000000e+00	1	0.000000e+00
5.476190e-01	5.400340e-01	0.000000e+00	1	0.000000e+00
5.476190e-01	5.400340e-01	0.000000e+00	1	0.000000e+00
5.476190e-01	5.400340e-01	0.000000e+00	1	0.000000e+00
5.476190e-01	5.400340e-01	0.000000e+00	1	0.000000e+00
5.476190e-01	5.400340e-01	0.000000e+00	1	0.000000e+00
5.476190e-01	5.400340e-01	0.000000e+00	1	0.000000e+00
5.476190e-01	5.400340e-01	0.000000e+00	1	0.000000e+00
5.476190e-01	5.400340e-01	0.000000e+00	1	0.000000e+00
5.476190e-01	5.400340e-01	0.000000e+00	1	0.000000e+00
5.476190e-01	5.400340e-01	0.000000e+00	1	0.000000e+00
5.476190e-01	5.400340e-01	0.000000e+00	1	0.000000e+00
5.476190e-01	5.400340e-01	0.000000e+00	1	0.000000e+00
5.476190e-01	5.400340e-01	0.000000e+00	1	0.000000e+00
5.476190e-01	5.400340e-01	0.000000e+00	1	0.000000e+00
5.476190e-01	5.400340e-01	0.000000e+00	1	0.000000e+00
5.476190e-01	5.400340e-01	0.000000e+00	1	0.000000e+00
5.476190e-01	5.400340e-01	0.000000e+00	1	0.000000e+00
5.476190e-01	5.400340e-01	0.000000e+00	1	0.000000e+00
5.476190e-01	5.400340e-01	0.000000e+00	1	0.000000e+00
5.476190e-01	5.400340e-01	0.000000e+00	1	0.000000e+00
5.476190e-01	5.400340e-01	0.000000e+00	1	0.000000e+00
5.476190e-01	5.400340e-01	0.000000e+00	1	0.000000e+00
5.476190e-01	5.400340e-01	0.000000e+00	1	0.000000e+00
5.476190e-01	5.400340e-01	0.000000e+00	1	0.000000e+00
5.476190e-01	5.400340e-01	0.000000e+00	1	0.000000e+00
5.476190e-01	5.400340e-01	0.000000e+00	1	0.000000e+00
5.476190e-01	5.400340e-01	0.000000e+00	1	0.000000e+00
5.476190e-01	5.400340e-01	0.000000e+00	1	0.000000e+00
5.476190e-01	5.400340e-01	0.000000e+00	1	0.000000e+00
5.476190e-01	5.400340e-01	0.000000e+00	1	0.000000e+00
5.476190e-01	5.400340e-01	0.000000e+00	1	0.000000e+00
5.476190e-01	5.400340e-01	0.000000e+00	1	0.000000e+00
5.476190e-01	5.400340e-01	0.000000e+00	1	0.000000e+00
5.476190e-01	5.400340e-01	0.000000e+00	1	0.000000e+00
5.476190e-01	5.400340e-01	0.000000e+00	1	0.000000e+00
5.476190e-01	5.400340e-01	0.000000e+00	1	0.000000e+00
5.476190e-01	5.400340e-01	0.000000e+00	1	0.000000e+00
5.476190e-01	5.400340e-01	0.000000e+00	1	0.000000e+00
5.476190e-01	5.400340e-01	0.000000e+00	1	0.000000e+00
5.476190e-01	5.400340e-01	0.000000e+00	1	0.000000e+00
5.476190e-01	5.400340e-01	0.000000e+00	1	0.000000e+00
5.476190e-01	5.400340e-01	0.000000e+00	1	0.000000e+00
5.476190e-01	5.400340e-01	0.000000e+00	1	0.000000e+00
5.476190e-01	5.400340e-01	0.000000e+00	1	0.000000e+00
5.476190e-01	5.400340e-01	0.000000e+00	1	0.000000e+00
5.476190e-01	5.400340e-01	0.000000e+00	1	0.000000e+00
5.476190e-01	5.400340e-01	0.000000e+00	1	0.000000e+00
5.476190e-01	5.400340e-01	0.000000e+00	1	0.000000e+00
5.476190e-01	5.400340e-01	0.000000e+00	1	0.000000e+00
5.476190e-01	5.400340e-01	0.000000e+00	1	0.000000e+00
5.476190e-01	5.400340e-01	0.000000e+00	1	0.000000e+00
5.476190e-01	5.400340e-01	0.000000e+00	1	0.000000e+00
5.476190e-01	5.400340e-01	0.000000e+00	1	0.000000e+00
5.476190e-01	5.400340e-01	0.000000e+00	1	0.000000e+00
5.476190e-01	5.400340e-01	0.000000e+00	1	0.000000e+00
5.476190e-01	5.400340e-01	0.000000e+00	1	0.000000e+00
5.476190e-01	5.400340e-01	0.000000e+00	1	0.000000e+00
5.476190e-01	5.400340e-01	0.000000e+00	1	0.000000e+00
5.476190e-01	5.400340e-01	0.000000e+00	1	0.000000e+00
5.476190e-01	5.400340e-01	0.000000e+00	1	0.000000e+00
5.476190e-01	5.400340e-01	0.000000e+00	1	0.000000e+00
5.476190e-01	5.400340e-01	0.000000e+00	1	0.000000e+00
5.476190e-01	5.400340e-01	0.000000e+00	1	0.000000e+00
5.476190e-01	5.400340e-01	0.000000e+00	1	0.000000e+00
5.476190e-01	5.400340e-01	0.000000e+00	1	0.000000e+00
5.476190e-01	5.400340e-01	0.000000e+00	1	0.000000e+00
5.476190e-01	5.400340e-01	0.000000e+00	1	0.000000e+00
5.476190e-01	5.400340e-01	0.000000e+00	1	0.000000e+00
5.476190e-01	5.400340e-01	0.000000e+00	1	0.000000e+00
5.476190e-01	5.400340e-01	0.000000e+00	1	0.000000e+00
5.476190e-01	5.400340e-01	0.000000e+00	1	0.000000e+00
5.476190e-01	5.400340e-01	0.000000e+00	1	0.000000e+00
5.476190e-01	5.400340e-01	0.000000e+00	1	0.000000e+00
5.476190e-01	5.400340e-01	0.000000e+00	1	0.000000e+00
5.476190e-01	5.400340e-01	0.000000e+00	1	0.000000e+00
5.476190e-01	5.400340e-01	0.000000e+00	1	0.000000e+00
5.476190e-01	5.400340e-01	0.000000e+00	1	0.000000e+00
5.565476e-01	5.359184e-01	0.000000e+00	1	0.000000e+00
5.476190e-01	5.400340e-01	0.000000e+00	1	0.000000e+00
5.476190e-01	5.400340e-01	0.000000e+00	1	0.000000e+00
5.476190e-01	5.400340e-01	0.000000e+00	1	0.000000e+00
5.476190e-01	5.400340e-01	0.000000e+00	1	0.000000e+00
5.476190e-01	5.400340e-01	0.000000e+00	1	0.000000e+00
5.476190e-01	5.400340e-01	0.000000e+00	1	0.000000e+00
5.476190e-01	5.400340e-01	0.000000e+00	1	0.000000e+00
5.476190e-01	5.400340e-01	0.000000e+00	1	0.000000e+00
5.476190e-01	5.400340e-01	0.000000e+00	1	0.000000e+00
5.476190e-01	5.400340e-01	0.000000e+00	1	0.000000e+00
5.476190e-01	5.400340e-01	0.000000e+00	1	0.000000e+00
5.476190e-01	5.400340e-01	0.000000e+00	1	0.000000e+00
5.476190e-01	5.400340e-01	0.000000e+00	1	0.000000e+00
5.476190e-01	5.400340e-01	0.000000e+00	1	0.000000e+00
5.476190e-01	5.400340e-01	0.000000e+00	1	0.000000e+00
5.476190e-01	5.400340e-01	0.000000e+00	1	0.000000e+00
5.476190e-01	5.400340e-01	0.000000e+00	1	0.000000e+00
5.476190e-01	5.400340e-01	0.000000e+00	1	0.000000e+00
5.476190e-01	5.400340e-01	0.000000e+00	1	0.000000e+00
5.476190e-01	5.400340e-01	0.000000e+00	1	0.000000e+00
5.476190e-01	5.400340e-01	0.000000e+00	1	0.000000e+00
5.476190e-01	5.400340e-01	0.000000e+00	1	0.000000e+00
5.476190e-01	5.400340e-01	0.000000e+00	1	0.000000e+00
5.476190e-01	5.400340e-01	0.000000e+00	1	0.000000e+00
5.476190e-01	5.400340e-01	0.000000e+00	1	0.000000e+00
5.476190e-01	5.400340e-01	0.000000e+00	1	0.000000e+00
5.476190e-01	5.400340e-01	0.000000e+00	1	0.000000e+00
5.476190e-01	5.400340e-01	0.000000e+00	1	0.000000e+00
5.476190e-01	5.400340e-01	0.000000e+00	1	0.000000e+00
5.476190e-01	5.400340e-01	0.000000e+00	1	0.000000e+00
5.476190e-01	5.400340e-01	0.000000e+00	1	0.000000e+00
5.476190e-01	5.400340e-01	0.000000e+00	1	0.000000e+00
5.476190e-01	5.400340e-01	0.000000e+00	1	0.000000e+00
5.476190e-01	5.400340e-01	0.000000e+00	1	0.000000e+00
5.476190e-01	5.400340e-01	0.000000e+00	1	0.000000e+00
5.476190e-01	5.400340e-01	0.000000e+00	1	0.000000e+00
5.476190e-01	5.400340e-01	0.000000e+00	1	0.000000e+00
5.476190e-01	5.400340e-01	0.000000e+00	1	0.000000e+00
5.476190e-01	5.400340e-01	0.000000e+00	1	0.000000e+00
5.476190e-01	5.400340e-01	0.000000e+00	1	0.000000e+00
5.476190e-01	5.400340e-01	0.000000e+00	1	0.000000e+00
5.476190e-01	5.400340e-01	0.000000e+00	1	0.000000e+00
5.476190e-01	5.400340e-01	0.000000e+00	1	0.000000e+00
5.476190e-01	5.400340e-01	0.000000e+00	1	0.000000e+00
5.476190e-01	5.400340e-01	0.000000e+00	1	0.000000e+00
5.476190e-01	5.400340e-01	0.000000e+00	1	0.000000e+00
5.476190e-01	5.400340e-01	0.000000e+00	1	0.000000e+00
5.476190e-01	5.400340e-01	0.000000e+00	1	0.000000e+00
5.476190e-01	5.400340e-01	0.000000e+00	1	0.000000e+00
5.476190e-01	5.400340e-01	0.000000e+00	1	0.000000e+00
5.476190e-01	5.400340e-01	0.000000e+00	1	0.000000e+00
5.476190e-01	5.400340e-01	0.000000e+00	1	0.000000e+00
5.476190e-01	5.400340e-01	0.000000e+00	1	0.000000e+00
5.476190e-01	5.400340e-01	0.000000e+00	1	0.000000e+00
5.476190e-01	5.400340e-01	0.000000e+00	1	0.000000e+00
5.476190e-01	5.400340e-01	0.000000e+00	1	0.000000e+00
5.476190e-01	5.400340e-01	0.000000e+00	1	0.000000e+00
5.476190e-01	5.400340e-01	0.000000e+00	1	0.000000e+00
5.476190e-01	5.400340e-01	0.000000e+00	1	0.000000e+00
5.476190e-01	5.400340e-01	0.000000e+00	1	0.000000e+00
5.476190e-01	5.400340e-01	0.000000e+00	1	0.000000e+00
5.476190e-01	5.400340e-01	0.000000e+00	1	0.000000e+00
5.476190e-01	5.400340e-01	0.000000e+00	1	0.000000e+00
5.476190e-01	5.400340e-01	0.000000e+00	1	0.000000e+00
5.476190e-01	5.400340e-01	0.000000e+00	1	0.000000e+00
5.476190e-01	5.400340e-01	0.000000e+00	1	0.000000e+00
5.476190e-01	5.400340e-01	0.000000e+00	1	0.000000e+00
5.476190e-01	5.400340e-01	0.000000e+00	1	0.000000e+00
5.476190e-01	5.400340e-01	0.000000e+00	1	0.000000e+00
5.476190e-01	5.400340e-01	0.000000e+00	1	0.000000e+00
5.476190e-01	5.400340e-01	0.000000e+00	1	0.000000e+00
5.476190e-01	5.400340e-01	0.000000e+00	1	0.000000e+00
5.476190e-01	5.400340e-01	0.000000e+00	1	0.000000e+00
5.476190e-01	5.400340e-01	0.000000e+00	1	0.000000e+00
5.476190e-01	5.400340e-01	0.000000e+00	1	0.000000e+00
5.476190e-01	5.400340e-01	0.000000e+00	1	0.000000e+00
5.476190e-01	5.400340e-01	0.000000e+00	1	0.000000e+00
5.476190e-01	5.400340e-01	0.000000e+00	1	0.000000e+00
5.476190e-01	5.400340e-01	0.000000e+00	1	0.000000e+00
5.476190e-01	5.400340e-01	0.000000e+00	1	0.000000e+00
5.476190e-01	5.400340e-01	0.000000e+00	1	0.000000e+00
5.476190e-01	5.400340e-01	0.000000e+00	1	0.000000e+00
5.476190e-01	5.400340e-01	0.000000e+00	1	0.000000e+00
5.476190e-01	5.400340e-01	0.000000e+00	1	0.000000e+00
5.476190e-01	5.400340e-01	0.000000e+00	1	0.000000e+00
5.476190e-01	5.400340e-01	0.000000e+00	1	0.000000e+00
5.476190e-01	5.400340e-01	0.000000e+00	1	0.000000e+00
5.476190e-01	5.400340e-01	0.000000e+00	1	0.000000e+00
5.476190e-01	5.400340e-01	0.000000e+00	1	0.000000e+00
5.476190e-01	5.400340e-01	0.000000e+00	1	0.000000e+00
5.476190e-01	5.400340e-01	0.000000e+00	1	0.000000e+00
5.476190e-01	5.400340e-01	0.000000e+00	1	0.000000e+00
5.476190e-01	5.400340e-01	0.000000e+00	1	0.000000e+00
5.476190e-01	5.400340e-01	0.000000e+00	1	0.000000e+00
5.476190e-01	5.400340e-01	0.000000e+00	1	0.000000e+00
5.476190e-01	5.400340e-01	0.000000e+00	1	0.000000e+00
5.476190e-01	5.400340e-01	0.000000e+00	1	0.000000e+00
5.476190e-01	5.400340e-01	0.000000e+00	1	0.000000e+00
5.476190e-01	5.400340e-01	0.000000e+00	1	0.000000e+00
5.476190e-01	5.400340e-01	0.000000e+00	1	0.000000e+00
5.476190e-01	5.400340e-01	0.000000e+00	1	0.000000e+00
5.476190e-01	5.400340e-01	0.000000e+00	1	0.000000e+00
5.476190e-01	5.400340e-01	0.000000e+00	1	0.000000e+00
5.476190e-01	5.400340e-01	0.000000e+00	1	0.000000e+00
5.476190e-01	5.400340e-01	0.000000e+00	1	0.000000e+00
5.476190e-01	5.400340e-01	0.000000e+00	1	0.000000e+00
5.476190e-01	5.400340e-01	0.000000e+00	1	0.000000e+00
5.476190e-01	5.400340e-01	0.000000e+00	1	0.000000e+00
5.476190e-01	5.400340e-01	0.000000e+00	1	0.000000e+00
5.476190e-01	5.400340e-01	0.000000e+00	1	0.000000e+00
5.476190e-01	5.400340e-01	0.000000e+00	1	0.000000e+00
5.476190e-01	5.400340e-01	0.000000e+00	1	0.000000e+00
5.476190e-01	5.400340e-01	0.000000e+00	1	0.000000e+00
5.476190e-01	5.400340e-01	0.000000e+00	1	0.000000e+00
5.476190e-01	5.400340e-01	0.000000e+00	1	0.000000e+00
5.476190e-01	5.400340e-01	0.000000e+00	1	0.000000e+00
5.476190e-01	5.400340e-01	0.000000e+00	1	0.000000e+00
5.476190e-01	5.400340e-01	0.000000e+00	1	0.000000e+00
5.476190e-01	5.400340e-01	0.000000e+00	1	0.000000e+00
5.476190e-01	5.400340e-01	0.000000e+00	1	0.000000e+00
5.476190e-01	5.400340e-01	0.000000e+00	1	0.000000e+00
5.476190e-01	5.400340e-01	0.000000e+00	1	0.000000e+00
5.476190e-01	5.400340e-01	0.000000e+00	1	0.000000e+00
5.476190e-01	5.400340e-01	0.000000e+00	1	0.000000e+00
5.476190e-01	5.400340e-01	0.000000e+00	1	0.000000e+00
5.476190e-01	5.400340e-01	0.000000e+00	1	0.000000e+00
5.476190e-01	5.400340e-01	0.000000e+00	1	0.000000e+00
5.476190e-01	5.400340e-01	0.000000e+00	1	0.000000e+00
5.476190e-01	5.400340e-01	0.000000e+00	1	0.000000e+00
5.476190e-01	5.400340e-01	0.000000e+00	1	0.000000e+00
5.476190e-01	5.400340e-01	0.000000e+00	1	0.000000e+00
5.476190e-01	5.400340e-01	0.000000e+00	1	0.000000e+00
5.476190e-01	5.400340e-01	0.000000e+00	1	0.000000e+00
5.476190e-01	5.400340e-01	0.000000e+00	1	0.000000e+00
5.476190e-01	5.400340e-01	0.000000e+00	1	0.000000e+00
5.476190e-01	5.400340e-01	0.000000e+00	1	0.000000e+00
5.476190e-01	5.400340e-01	0.000000e+00	1	0.000000e+00
5.476190e-01	5.400340e-01	0.000000e+00	1	0.000000e+00
5.476190e-01	5.400340e-01	0.000000e+00	1	0.000000e+00
5.476190e-01	5.400340e-01	0.000000e+00	1	0.000000e+00
5.476190e-01	5.400340e-01	0.000000e+00	1	0.000000e+00
5.476190e-01	5.400340e-01	0.000000e+00	1	0.000000e+00
5.476190e-01	5.400340e-01	0.000000e+00	1	0.000000e+00
5.476190e-01	5.400340e-01	0.000000e+00	1	0.000000e+00
5.476190e-01	5.400340e-01	0.000000e+00	1	0.000000e+00
5.476190e-01	5.400340e-01	0.000000e+00	1	0.000000e+00
5.476190e-01	5.400340e-01	0.000000e+00	1	0.000000e+00
5.476190e-01	5.400340e-01	0.000000e+00	1	0.000000e+00
5.476190e-01	5.400340e-01	0.000000e+00	1	0.000000e+00
5.476190e-01	5.400340e-01	0.000000e+00	1	0.000000e+00
5.476190e-01	5.400340e-01	0.000000e+00	1	0.000000e+00
5.476190e-01	5.400340e-01	0.000000e+00	1	0.000000e+00
5.476190e-01	5.400340e-01	0.000000e+00	1	0.000000e+00
5.476190e-01	5.400340e-01	0.000000e+00	1	0.000000e+00
5.476190e-01	5.400340e-01	0.000000e+00	1	0.000000e+00
5.476190e-01	5.400340e-01	0.000000e+00	1	0.000000e+00
5.476190e-01	5.400340e-01	0.000000e+00	1	0.000000e+00
5.476190e-01	5.400340e-01	0.000000e+00	1	0.000000e+00
5.476190e-01	5.400340e-01	0.000000e+00	1	0.000000e+00
5.476190e-01	5.400340e-01	0.000000e+00	1	0.000000e+00
5.476190e-01	5.400340e-01	0.000000e+00	1	0.000000e+00
5.476190e-01	5.400340e-01	0.000000e+00	1	0.000000e+00
5.476190e-01	5.400340e-01	0.000000e+00	1	0.000000e+00
5.476190e-01	5.400340e-01	0.000000e+00	1	0.000000e+00
5.476190e-01	5.400340e-01	0.000000e+00	1	0.000000e+00
5.476190e-01	5.400340e-01	0.000000e+00	1	0.000000e+00
5.476190e-01	5.400340e-01	0.000000e+00	1	0.000000e+00
5.476190e-01	5.400340e-01	0.000000e+00	1	0.000000e+00
5.476190e-01	5.400340e-01	0.000000e+00	1	0.000000e+00
5.476190e-01	5.400340e-01	0.000000e+00	1	0.000000e+00
5.476190e-01	5.400340e-01	0.000000e+00	1	0.000000e+00
5.476190e-01	5.400340e-01	0.000000e+00	1	0.000000e+00
5.476190e-01	5.400340e-01	0.000000e+00	1	0.000000e+00
5.476190e-01	5.400340e-01	0.000000e+00	1	0.000000e+00
5.476190e-01	5.400340e-01	0.000000e+00	1	0.000000e+00
5.476190e-01	5.400340e-01	0.000000e+00	1	0.000000e+00
5.476190e-01	5.400340e-01	0.000000e+00	1	0.000000e+00
5.476190e-01	5.400340e-01	0.000000e+00	1	0.000000e+00
5.476190e-01	5.400340e-01	0.000000e+00	1	0.000000e+00
5.476190e-01	5.400340e-01	0.000000e+00	1	0.000000e+00
5.476190e-01	5.400340e-01	0.000000e+00	1	0.000000e+00
5.476190e-01	5.400340e-01	0.000000e+00	1	0.000000e+00
5.476190e-01	5.400340e-01	0.000000e+00	1	0.000000e+00
5.476190e-01	5.400340e-01	0.000000e+00	1	0.000000e+00
5.476190e-01	5.400340e-01	0.000000e+00	1	0.000000e+00
5.476190e-01	5.400340e-01	0.000000e+00	1	0.000000e+00
5.476190e-01	5.400340e-01	0.000000e+00	1	0.000000e+00
5.476190e-01	5.400340e-01	0.000000e+00	1	0.000000e+00
5.476190e-01	5.400340e-01	0.000000e+00	1	0.000000e+00
5.476190e-01	5.400340e-01	0.000000e+00	1	0.000000e+00
5.476190e-01	5.400340e-01	0.000000e+00	1	0.000000e+00
5.476190e-01	5.400340e-01	0.000000e+00	1	0.000000e+00
5.476190e-01	5.400340e-01	0.000000e+00	1	0.000000e+00
5.476190e-01	5.400340e-01	0.000000e+00	1	0.000000e+00
5.476190e-01	5.400340e-01	0.000000e+00	1	0.000000e+00
5.476190e-01	5.400340e-01	0.000000e+00	1	0.000000e+00
5.476190e-01	5.400340e-01	0.000000e+00	1	0.000000e+00
5.476190e-01	5.400340e-01	0.000000e+00	1	0.000000e+00
5.476190e-01	5.400340e-01	0.000000e+00	1	0.000000e+00
5.476190e-01	5.400340e-01	0.000000e+00	1	0.000000e+00
5.476190e-01	5.400340e-01	0.000000e+00	1	0.000000e+00
5.476190e-01	5.400340e-01	0.000000e+00	1	0.000000e+00
5.476190e-01	5.400340e-01	0.000000e+00	1	0.000000e+00
5.476190e-01	5.400340e-01	0.000000e+00	1	0.000000e+00
5.476190e-01	5.400340e-01	0.000000e+00	1	0.000000e+00
5.476190e-01	5.400340e-01	0.000000e+00	1	0.000000e+00
5.476190e-01	5.400340e-01	0.000000e+00	1	0.000000e+00
5.476190e-01	5.400340e-01	0.000000e+00	1	0.000000e+00
5.476190e-01	5.400340e-01	0.000000e+00	1	0.000000e+00
5.476190e-01	5.400340e-01	0.000000e+00	1	0.000000e+00
5.476190e-01	5.400340e-01	0.000000e+00	1	0.000000e+00
5.476190e-01	5.400340e-01	0.000000e+00	1	0.000000e+00
5.476190e-01	5.400340e-01	0.000000e+00	1	0.000000e+00
5.476190e-01	5.400340e-01	0.000000e+00	1	0.000000e+00
5.476190e-01	5.400340e-01	0.000000e+00	1	0.000000e+00
5.476190e-01	5.400340e-01	0.000000e+00	1	0.000000e+00
5.476190e-01	5.400340e-01	0.000000e+00	1	0.000000e+00
5.476190e-01	5.400340e-01	0.000000e+00	1	0.000000e+00
5.476190e-01	5.400340e-01	0.000000e+00	1	0.000000e+00
5.476190e-01	5.400340e-01	0.000000e+00	1	0.000000e+00
5.476190e-01	5.400340e-01	0.000000e+00	1	0.000000e+00
5.476190e-01	5.400340e-01	0.000000e+00	1	0.000000e+00
5.476190e-01	5.400340e-01	0.000000e+00	1	0.000000e+00
5.476190e-01	5.400340e-01	0.000000e+00	1	0.000000e+00
5.476190e-01	5.400340e-01	0.000000e+00	1	0.000000e+00
5.476190e-01	5.400340e-01	0.000000e+00	1	0.000000e+00
5.476190e-01	5.400340e-01	0.000000e+00	1	0.000000e+00
5.476190e-01	5.400340e-01	0.000000e+00	1	0.000000e+00
5.476190e-01	5.400340e-01	0.000000e+00	1	0.000000e+00
5.476190e-01	5.400340e-01	0.000000e+00	1	0.000000e+00
5.476190e-01	5.400340e-01	0.000000e+00	1	0.000000e+00
5.476190e-01	5.400340e-01	0.000000e+00	1	0.000000e+00
5.476190e-01	5.400340e-01	0.000000e+00	1	0.000000e+00
5.476190e-01	5.400340e-01	0.000000e+00	1	0.000000e+00
5.476190e-01	5.400340e-01	0.000000e+00	1	0.000000e+00
5.476190e-01	5.400340e-01	0.000000e+00	1	0.000000e+00
5.476190e-01	5.400340e-01	0.000000e+00	1	0.000000e+00
5.476190e-01	5.400340e-01	0.000000e+00	1	0.000000e+00
5.476190e-01	5.400340e-01	0.000000e+00	1	0.000000e+00
5.476190e-01	5.400340e-01	0.000000e+00	1	0.000000e+00
5.476190e-01	5.400340e-01	0.000000e+00	1	0.000000e+00
5.476190e-01	5.400340e-01	0.000000e+00	1	0.000000e+00
5.476190e-01	5.400340e-01	0.000000e+00	1	0.000000e+00
5.476190e-01	5.400340e-01	0.000000e+00	1	0.000000e+00
5.476190e-01	5.400340e-01	0.000000e+00	1	0.000000e+00
5.476190e-01	5.400340e-01	0.000000e+00	1	0.000000e+00
5.476190e-01	5.400340e-01	0.000000e+00	1	0.000000e+00
5.476190e-01	5.400340e-01	0.000000e+00	1	0.000000e+00
5.476190e-01	5.400340e-01	0.000000e+00	1	0.000000e+00
5.476190e-01	5.400340e-01	0.000000e+00	1	0.000000e+00
5.476190e-01	5.400340e-01	0.000000e+00	1	0.000000e+00
5.476190e-01	5.400340e-01	0.000000e+00	1	0.000000e+00
5.476190e-01	5.400340e-01	0.000000e+00	1	0.000000e+00
5.476190e-01	5.400340e-01	0.000000e+00	1	0.000000e+00
5.476190e-01	5.400340e-01	0.000000e+00	1	0.000000e+00
5.476190e-01	5.400340e-01	0.000000e+00	1	0.000000e+00
5.476190e-01	5.400340e-01	0.000000e+00	1	0.000000e+00
5.476190e-01	5.400340e-01	0.000000e+00	1	0.000000e+00
5.476190e-01	5.400340e-01	0.000000e+00	1	0.000000e+00
5.476190e-01	5.400340e-01	0.000000e+00	1	0.000000e+00
5.476190e-01	5.400340e-01	0.000000e+00	1	0.000000e+00
5.476190e-01	5.400340e-01	0.000000e+00	1	0.000000e+00
5.476190e-01	5.400340e-01	0.000000e+00	1	0.000000e+00
5.476190e-01	5.400340e-01	0.000000e+00	1	0.000000e+00
5.476190e-01	5.400340e-01	0.000000e+00	1	0.000000e+00
5.476190e-01	5.400340e-01	0.000000e+00	1	0.000000e+00
5.476190e-01	5.400340e-01	0.000000e+00	1	0.000000e+00
5.476190e-01	5.400340e-01	0.000000e+00	1	0.000000e+00
5.476190e-01	5.400340e-01	0.000000e+00	1	0.000000e+00
5.476190e-01	5.400340e-01	0.000000e+00	1	0.000000e+00
5.476190e-01	5.400340e-01	0.000000e+00	1	0.000000e+00
5.476190e-01	5.400340e-01	0.000000e+00	1	0.000000e+00
5.476190e-01	5.400340e-01	0.000000e+00	1	0.000000e+00
5.476190e-01	5.400340e-01	0.000000e+00	1	0.000000e+00
5.476190e-01	5.400340e-01	0.000000e+00	1	0.000000e+00
5.476190e-01	5.400340e-01	0.000000e+00	1	0.000000e+00
5.476190e-01	5.400340e-01	0.000000e+00	1	0.000000e+00
5.476190e-01	5.400340e-01	0.000000e+00	1	0.000000e+00
5.476190e-01	5.400340e-01	0.000000e+00	1	0.000000e+00
5.476190e-01	5.400340e-01	0.000000e+00	1	0.000000e+00
5.476190e-01	5.400340e-01	0.000000e+00	1	0.000000e+00
5.476190e-01	5.400340e-01	0.000000e+00	1	0.000000e+00
5.476190e-01	5.400340e-01	0.000000e+00	1	0.000000e+00
5.476190e-01	5.400340e-01	0.000000e+00	1	0.000000e+00
5.476190e-01	5.400340e-01	0.000000e+00	1	0.000000e+00
5.476190e-01	5.400340e-01	0.000000e+00	1	0.000000e+00
5.476190e-01	5.400340e-01	0.000000e+00	1	0.000000e+00
5.476190e-01	5.400340e-01	0.000000e+00	1	0.000000e+00
5.476190e-01	5.400340e-01	0.000000e+00	1	0.000000e+00
5.476190e-01	5.400340e-01	0.000000e+00	1	0.000000e+00
5.476190e-01	5.400340e-01	0.000000e+00	1	0.000000e+00
5.476190e-01	5.400340e-01	0.000000e+00	1	0.000000e+00
5.476190e-01	5.400340e-01	0.000000e+00	1	0.000000e+00
5.476190e-01	5.400340e-01	0.000000e+00	1	0.000000e+00
5.476190e-01	5.400340e-01	0.000000e+00	1	0.000000e+00
5.476190e-01	5.400340e-01	0.000000e+00	1	0.000000e+00
5.476190e-01	5.400340e-01	0.000000e+00	1	0.000000e+00
5.476190e-01	5.400340e-01	0.000000e+00	1	0.000000e+00
5.476190e-01	5.400340e-01	0.000000e+00	1	0.000000e+00
5.476190e-01	5.400340e-01	0.000000e+00	1	0.000000e+00
5.476190e-01	5.400340e-01	0.000000e+00	1	0.000000e+00
5.476190e-01	5.400340e-01	0.000000e+00	1	0.000000e+00
5.476190e-01	5.400340e-01	0.000000e+00	1	0.000000e+00
5.476190e-01	5.400340e-01	0.000000e+00	1	0.000000e+00
5.476190e-01	5.400340e-01	0.000000e+00	1	0.000000e+00
5.476190e-01	5.400340e-01	0.000000e+00	1	0.000000e+00
5.476190e-01	5.400340e-01	0.000000e+00	1	0.000000e+00
5.476190e-01	5.400340e-01	0.000000e+00	1	0.000000e+00
5.476190e-01	5.400340e-01	0.000000e+00	1	0.000000e+00
5.476190e-01	5.400340e-01	0.000000e+00	1	0.000000e+00
5.476190e-01	5.400340e-01	0.000000e+00	1	0.000000e+00
5.476190e-01	5.400340e-01	0.000000e+00	1	0.000000e+00
5.476190e-01	5.400340e-01	0.000000e+00	1	0.000000e+00
5.476190e-01	5.400340e-01	0.000000e+00	1	0.000000e+00
5.476190e-01	5.400340e-01	0.000000e+00	1	0.000000e+00
5.476190e-01	5.400340e-01	0.000000e+00	1	0.000000e+00
5.476190e-01	5.400340e-01	0.000000e+00	1	0.000000e+00
5.476190e-01	5.400340e-01	0.000000e+00	1	0.000000e+00
5.476190e-01	5.400340e-01	0.000000e+00	1	0.000000e+00
5.476190e-01	5.400340e-01	0.000000e+00	1	0.000000e+00
5.476190e-01	5.400340e-01	0.000000e+00	1	0.000000e+00
5.476190e-01	5.400340e-01	0.000000e+00	1	0.000000e+00
5.476190e-01	5.400340e-01	0.000000e+00	1	0.000000e+00
5.476190e-01	5.400340e-01	0.000000e+00	1	0.000000e+00
5.476190e-01	5.400340e-01	0.000000e+00	1	0.000000e+00
5.476190e-01	5.400340e-01	0.000000e+00	1	0.000000e+00
5.476190e-01	5.400340e-01	0.000000e+00	1	0.000000e+00
5.476190e-01	5.400340e-01	0.000000e+00	1	0.000000e+00
5.476190e-01	5.400340e-01	0.000000e+00	1	0.000000e+00
5.476190e-01	5.400340e-01	0.000000e+00	1	0.000000e+00
5.476190e-01	5.400340e-01	0.000000e+00	1	0.000000e+00
5.476190e-01	5.400340e-01	0.000000e+00	1	0.000000e+00
5.476190e-01	5.400340e-01	0.000000e+00	1	0.000000e+00
5.476190e-01	5.400340e-01	0.000000e+00	1	0.000000e+00
5.476190e-01	5.400340e-01	0.000000e+00	1	0.000000e+00
5.476190e-01	5.400340e-01	0.000000e+00	1	0.000000e+00
5.476190e-01	5.400340e-01	0.000000e+00	1	0.000000e+00
5.476190e-01	5.400340e-01	0.000000e+00	1	0.000000e+00
5.476190e-01	5.400340e-01	0.000000e+00	1	0.000000e+00
5.476190e-01	5.400340e-01	0.000000e+00	1	0.000000e+00
5.476190e-01	5.400340e-01	0.000000e+00	1	0.000000e+00
5.476190e-01	5.400340e-01	0.000000e+00	1	0.000000e+00
5.476190e-01	5.400340e-01	0.000000e+00	1	0.000000e+00
5.476190e-01	5.400340e-01	0.000000e+00	1	0.000000e+00
5.476190e-01	5.400340e-01	0.000000e+00	1	0.000000e+00
5.476190e-01	5.400340e-01	0.000000e+00	1	0.000000e+00
5.476190e-01	5.400340e-01	0.000000e+00	1	0.000000e+00
5.476190e-01	5.400340e-01	0.000000e+00	1	0.000000e+00
5.476190e-01	5.400340e-01	0.000000e+00	1	0.000000e+00
5.476190e-01	5.400340e-01	0.000000e+00	1	0.000000e+00
5.476190e-01	5.400340e-01	0.000000e+00	1	0.000000e+00
5.476190e-01	5.400340e-01	0.000000e+00	1	0.000000e+00
5.476190e-01	5.400340e-01	0.000000e+00	1	0.000000e+00
5.476190e-01	5.400340e-01	0.000000e+00	1	0.000000e+00
5.476190e-01	5.400340e-01	0.000000e+00	1	0.000000e+00
5.476190e-01	5.400340e-01	0.000000e+00	1	0.000000e+00
5.476190e-01	5.400340e-01	0.000000e+00	1	0.000000e+00
5.476190e-01	5.400340e-01	0.000000e+00	1	0.000000e+00
5.476190e-01	5.400340e-01	0.000000e+00	1	0.000000e+00
5.476190e-01	5.400340e-01	0.000000e+00	1	0.000000e+00
5.476190e-01	5.400340e-01	0.000000e+00	1	0.000000e+00
5.476190e-01	5.400340e-01	0.000000e+00	1	0.000000e+00
5.476190e-01	5.400340e-01	0.000000e+00	1	0.000000e+00
5.476190e-01	5.400340e-01	0.000000e+00	1	0.000000e+00
5.476190e-01	5.400340e-01	0.000000e+00	1	0.000000e+00
5.476190e-01	5.400340e-01	0.000000e+00	1	0.000000e+00
5.476190e-01	5.400340e-01	0.000000e+00	1	0.000000e+00
5.476190e-01	5.400340e-01	0.000000e+00	1	0.000000e+00
5.476190e-01	5.400340e-01	0.000000e+00	1	0.000000e+00
5.476190e-01	5.400340e-01	0.000000e+00	1	0.000000e+00
5.476190e-01	5.400340e-01	0.000000e+00	1	0.000000e+00
5.476190e-01	5.400340e-01	0.000000e+00	1	0.000000e+00
5.476190e-01	5.400340e-01	0.000000e+00	1	0.000000e+00
5.476190e-01	5.400340e-01	0.000000e+00	1	0.000000e+00
5.476190e-01	5.400340e-01	0.000000e+00	1	0.000000e+00
5.476190e-01	5.400340e-01	0.000000e+00	1	0.000000e+00
5.476190e-01	5.400340e-01	0.000000e+00	1	0.000000e+00
5.476190e-01	5.400340e-01	0.000000e+00	1	0.000000e+00
5.476190e-01	5.400340e-01	0.000000e+00	1	0.000000e+00
5.476190e-01	5.400340e-01	0.000000e+00	1	0.000000e+00
5.476190e-01	5.400340e-01	0.000000e+00	1	0.000000e+00
5.476190e-01	5.400340e-01	0.000000e+00	1	0.000000e+00
5.476190e-01	5.400340e-01	0.000000e+00	1	0.000000e+00
5.476190e-01	5.400340e-01	0.000000e+00	1	0.000000e+00
5.476190e-01	5.400340e-01	0.000000e+00	1	0.000000e+00
5.476190e-01	5.400340e-01	0.000000e+00	1	0.000000e+00
5.476190e-01	5.400340e-01	0.000000e+00	1	0.000000e+00
5.476190e-01	5.400340e-01	0.000000e+00	1	0.000000e+00
5.476190e-01	5.400340e-01	0.000000e+00	1	0.000000e+00
5.476190e-01	5.400340e-01	0.000000e+00	1	0.000000e+00
Total execution time: 402.057
