# This file contains the data of final feasible population (if found)
# of objectives = 2, # of constraints = 0, # of real_var = 0, # of bits of bin_var = 0, constr_violation, rank, crowding_distance
5.345238e-01	5.062245e-01	0.000000e+00	1	1.000000e+14
5.148810e-01	5.119048e-01	0.000000e+00	1	1.000000e+14
5.250000e-01	5.088776e-01	0.000000e+00	1	4.306841e-01
5.250000e-01	5.088776e-01	0.000000e+00	1	3.442206e-01
5.154762e-01	5.100340e-01	0.000000e+00	1	2.424242e-01
5.333333e-01	5.063946e-01	0.000000e+00	1	2.185629e-01
5.333333e-01	5.063946e-01	0.000000e+00	1	2.121212e-01
5.154762e-01	5.100340e-01	0.000000e+00	1	1.646707e-01
5.148810e-01	5.119048e-01	0.000000e+00	1	1.646707e-01
5.154762e-01	5.100340e-01	0.000000e+00	1	1.017964e-01
5.345238e-01	5.062245e-01	0.000000e+00	1	3.030303e-02
5.333333e-01	5.063946e-01	0.000000e+00	1	3.030303e-02
5.148810e-01	5.119048e-01	0.000000e+00	1	1.515152e-02
5.154762e-01	5.100340e-01	0.000000e+00	1	1.515152e-02
5.345238e-01	5.062245e-01	0.000000e+00	1	1.497006e-02
5.333333e-01	5.063946e-01	0.000000e+00	1	1.497006e-02
5.345238e-01	5.062245e-01	0.000000e+00	1	0.000000e+00
5.333333e-01	5.063946e-01	0.000000e+00	1	0.000000e+00
5.345238e-01	5.062245e-01	0.000000e+00	1	0.000000e+00
5.333333e-01	5.063946e-01	0.000000e+00	1	0.000000e+00
5.333333e-01	5.063946e-01	0.000000e+00	1	0.000000e+00
5.345238e-01	5.062245e-01	0.000000e+00	1	0.000000e+00
5.333333e-01	5.063946e-01	0.000000e+00	1	0.000000e+00
5.333333e-01	5.063946e-01	0.000000e+00	1	0.000000e+00
5.333333e-01	5.063946e-01	0.000000e+00	1	0.000000e+00
5.333333e-01	5.063946e-01	0.000000e+00	1	0.000000e+00
5.345238e-01	5.062245e-01	0.000000e+00	1	0.000000e+00
5.333333e-01	5.063946e-01	0.000000e+00	1	0.000000e+00
5.333333e-01	5.063946e-01	0.000000e+00	1	0.000000e+00
5.333333e-01	5.063946e-01	0.000000e+00	1	0.000000e+00
5.333333e-01	5.063946e-01	0.000000e+00	1	0.000000e+00
5.333333e-01	5.063946e-01	0.000000e+00	1	0.000000e+00
5.333333e-01	5.063946e-01	0.000000e+00	1	0.000000e+00
5.333333e-01	5.063946e-01	0.000000e+00	1	0.000000e+00
5.333333e-01	5.063946e-01	0.000000e+00	1	0.000000e+00
5.345238e-01	5.062245e-01	0.000000e+00	1	0.000000e+00
5.333333e-01	5.063946e-01	0.000000e+00	1	0.000000e+00
5.333333e-01	5.063946e-01	0.000000e+00	1	0.000000e+00
5.333333e-01	5.063946e-01	0.000000e+00	1	0.000000e+00
5.333333e-01	5.063946e-01	0.000000e+00	1	0.000000e+00
5.333333e-01	5.063946e-01	0.000000e+00	1	0.000000e+00
5.333333e-01	5.063946e-01	0.000000e+00	1	0.000000e+00
5.333333e-01	5.063946e-01	0.000000e+00	1	0.000000e+00
5.333333e-01	5.063946e-01	0.000000e+00	1	0.000000e+00
5.333333e-01	5.063946e-01	0.000000e+00	1	0.000000e+00
5.333333e-01	5.063946e-01	0.000000e+00	1	0.000000e+00
5.333333e-01	5.063946e-01	0.000000e+00	1	0.000000e+00
5.333333e-01	5.063946e-01	0.000000e+00	1	0.000000e+00
5.333333e-01	5.063946e-01	0.000000e+00	1	0.000000e+00
5.333333e-01	5.063946e-01	0.000000e+00	1	0.000000e+00
5.333333e-01	5.063946e-01	0.000000e+00	1	0.000000e+00
5.345238e-01	5.062245e-01	0.000000e+00	1	0.000000e+00
5.333333e-01	5.063946e-01	0.000000e+00	1	0.000000e+00
5.333333e-01	5.063946e-01	0.000000e+00	1	0.000000e+00
5.333333e-01	5.063946e-01	0.000000e+00	1	0.000000e+00
5.345238e-01	5.062245e-01	0.000000e+00	1	0.000000e+00
5.333333e-01	5.063946e-01	0.000000e+00	1	0.000000e+00
5.333333e-01	5.063946e-01	0.000000e+00	1	0.000000e+00
5.333333e-01	5.063946e-01	0.000000e+00	1	0.000000e+00
5.333333e-01	5.063946e-01	0.000000e+00	1	0.000000e+00
5.333333e-01	5.063946e-01	0.000000e+00	1	0.000000e+00
5.333333e-01	5.063946e-01	0.000000e+00	1	0.000000e+00
5.345238e-01	5.062245e-01	0.000000e+00	1	0.000000e+00
5.333333e-01	5.063946e-01	0.000000e+00	1	0.000000e+00
5.345238e-01	5.062245e-01	0.000000e+00	1	0.000000e+00
5.333333e-01	5.063946e-01	0.000000e+00	1	0.000000e+00
5.333333e-01	5.063946e-01	0.000000e+00	1	0.000000e+00
5.345238e-01	5.062245e-01	0.000000e+00	1	0.000000e+00
5.333333e-01	5.063946e-01	0.000000e+00	1	0.000000e+00
5.345238e-01	5.062245e-01	0.000000e+00	1	0.000000e+00
5.333333e-01	5.063946e-01	0.000000e+00	1	0.000000e+00
5.333333e-01	5.063946e-01	0.000000e+00	1	0.000000e+00
5.333333e-01	5.063946e-01	0.000000e+00	1	0.000000e+00
5.333333e-01	5.063946e-01	0.000000e+00	1	0.000000e+00
5.333333e-01	5.063946e-01	0.000000e+00	1	0.000000e+00
5.333333e-01	5.063946e-01	0.000000e+00	1	0.000000e+00
5.333333e-01	5.063946e-01	0.000000e+00	1	0.000000e+00
5.345238e-01	5.062245e-01	0.000000e+00	1	0.000000e+00
5.345238e-01	5.062245e-01	0.000000e+00	1	0.000000e+00
5.333333e-01	5.063946e-01	0.000000e+00	1	0.000000e+00
5.345238e-01	5.062245e-01	0.000000e+00	1	0.000000e+00
5.333333e-01	5.063946e-01	0.000000e+00	1	0.000000e+00
5.345238e-01	5.062245e-01	0.000000e+00	1	0.000000e+00
5.333333e-01	5.063946e-01	0.000000e+00	1	0.000000e+00
5.345238e-01	5.062245e-01	0.000000e+00	1	0.000000e+00
5.333333e-01	5.063946e-01	0.000000e+00	1	0.000000e+00
5.333333e-01	5.063946e-01	0.000000e+00	1	0.000000e+00
5.333333e-01	5.063946e-01	0.000000e+00	1	0.000000e+00
5.333333e-01	5.063946e-01	0.000000e+00	1	0.000000e+00
5.333333e-01	5.063946e-01	0.000000e+00	1	0.000000e+00
5.345238e-01	5.062245e-01	0.000000e+00	1	0.000000e+00
5.333333e-01	5.063946e-01	0.000000e+00	1	0.000000e+00
5.333333e-01	5.063946e-01	0.000000e+00	1	0.000000e+00
5.333333e-01	5.063946e-01	0.000000e+00	1	0.000000e+00
5.345238e-01	5.062245e-01	0.000000e+00	1	0.000000e+00
5.333333e-01	5.063946e-01	0.000000e+00	1	0.000000e+00
5.333333e-01	5.063946e-01	0.000000e+00	1	0.000000e+00
5.333333e-01	5.063946e-01	0.000000e+00	1	0.000000e+00
5.333333e-01	5.063946e-01	0.000000e+00	1	0.000000e+00
5.333333e-01	5.063946e-01	0.000000e+00	1	0.000000e+00
5.333333e-01	5.063946e-01	0.000000e+00	1	0.000000e+00
5.345238e-01	5.062245e-01	0.000000e+00	1	0.000000e+00
5.333333e-01	5.063946e-01	0.000000e+00	1	0.000000e+00
5.333333e-01	5.063946e-01	0.000000e+00	1	0.000000e+00
5.345238e-01	5.062245e-01	0.000000e+00	1	0.000000e+00
5.333333e-01	5.063946e-01	0.000000e+00	1	0.000000e+00
5.333333e-01	5.063946e-01	0.000000e+00	1	0.000000e+00
5.333333e-01	5.063946e-01	0.000000e+00	1	0.000000e+00
5.345238e-01	5.062245e-01	0.000000e+00	1	0.000000e+00
5.333333e-01	5.063946e-01	0.000000e+00	1	0.000000e+00
5.333333e-01	5.063946e-01	0.000000e+00	1	0.000000e+00
5.333333e-01	5.063946e-01	0.000000e+00	1	0.000000e+00
5.333333e-01	5.063946e-01	0.000000e+00	1	0.000000e+00
5.333333e-01	5.063946e-01	0.000000e+00	1	0.000000e+00
5.333333e-01	5.063946e-01	0.000000e+00	1	0.000000e+00
5.333333e-01	5.063946e-01	0.000000e+00	1	0.000000e+00
5.333333e-01	5.063946e-01	0.000000e+00	1	0.000000e+00
5.333333e-01	5.063946e-01	0.000000e+00	1	0.000000e+00
5.345238e-01	5.062245e-01	0.000000e+00	1	0.000000e+00
5.333333e-01	5.063946e-01	0.000000e+00	1	0.000000e+00
5.333333e-01	5.063946e-01	0.000000e+00	1	0.000000e+00
5.333333e-01	5.063946e-01	0.000000e+00	1	0.000000e+00
5.333333e-01	5.063946e-01	0.000000e+00	1	0.000000e+00
5.333333e-01	5.063946e-01	0.000000e+00	1	0.000000e+00
5.333333e-01	5.063946e-01	0.000000e+00	1	0.000000e+00
5.345238e-01	5.062245e-01	0.000000e+00	1	0.000000e+00
5.148810e-01	5.119048e-01	0.000000e+00	1	0.000000e+00
5.333333e-01	5.063946e-01	0.000000e+00	1	0.000000e+00
5.345238e-01	5.062245e-01	0.000000e+00	1	0.000000e+00
5.333333e-01	5.063946e-01	0.000000e+00	1	0.000000e+00
5.333333e-01	5.063946e-01	0.000000e+00	1	0.000000e+00
5.333333e-01	5.063946e-01	0.000000e+00	1	0.000000e+00
5.345238e-01	5.062245e-01	0.000000e+00	1	0.000000e+00
5.333333e-01	5.063946e-01	0.000000e+00	1	0.000000e+00
5.333333e-01	5.063946e-01	0.000000e+00	1	0.000000e+00
5.333333e-01	5.063946e-01	0.000000e+00	1	0.000000e+00
5.333333e-01	5.063946e-01	0.000000e+00	1	0.000000e+00
5.333333e-01	5.063946e-01	0.000000e+00	1	0.000000e+00
5.333333e-01	5.063946e-01	0.000000e+00	1	0.000000e+00
5.345238e-01	5.062245e-01	0.000000e+00	1	0.000000e+00
5.333333e-01	5.063946e-01	0.000000e+00	1	0.000000e+00
5.333333e-01	5.063946e-01	0.000000e+00	1	0.000000e+00
5.333333e-01	5.063946e-01	0.000000e+00	1	0.000000e+00
5.333333e-01	5.063946e-01	0.000000e+00	1	0.000000e+00
5.333333e-01	5.063946e-01	0.000000e+00	1	0.000000e+00
5.333333e-01	5.063946e-01	0.000000e+00	1	0.000000e+00
5.333333e-01	5.063946e-01	0.000000e+00	1	0.000000e+00
5.345238e-01	5.062245e-01	0.000000e+00	1	0.000000e+00
5.345238e-01	5.062245e-01	0.000000e+00	1	0.000000e+00
5.333333e-01	5.063946e-01	0.000000e+00	1	0.000000e+00
5.333333e-01	5.063946e-01	0.000000e+00	1	0.000000e+00
5.333333e-01	5.063946e-01	0.000000e+00	1	0.000000e+00
5.333333e-01	5.063946e-01	0.000000e+00	1	0.000000e+00
5.333333e-01	5.063946e-01	0.000000e+00	1	0.000000e+00
5.345238e-01	5.062245e-01	0.000000e+00	1	0.000000e+00
5.333333e-01	5.063946e-01	0.000000e+00	1	0.000000e+00
5.333333e-01	5.063946e-01	0.000000e+00	1	0.000000e+00
5.345238e-01	5.062245e-01	0.000000e+00	1	0.000000e+00
5.333333e-01	5.063946e-01	0.000000e+00	1	0.000000e+00
5.333333e-01	5.063946e-01	0.000000e+00	1	0.000000e+00
5.333333e-01	5.063946e-01	0.000000e+00	1	0.000000e+00
5.333333e-01	5.063946e-01	0.000000e+00	1	0.000000e+00
5.345238e-01	5.062245e-01	0.000000e+00	1	0.000000e+00
5.333333e-01	5.063946e-01	0.000000e+00	1	0.000000e+00
5.333333e-01	5.063946e-01	0.000000e+00	1	0.000000e+00
5.333333e-01	5.063946e-01	0.000000e+00	1	0.000000e+00
5.333333e-01	5.063946e-01	0.000000e+00	1	0.000000e+00
5.333333e-01	5.063946e-01	0.000000e+00	1	0.000000e+00
5.333333e-01	5.063946e-01	0.000000e+00	1	0.000000e+00
5.333333e-01	5.063946e-01	0.000000e+00	1	0.000000e+00
5.333333e-01	5.063946e-01	0.000000e+00	1	0.000000e+00
5.345238e-01	5.062245e-01	0.000000e+00	1	0.000000e+00
5.333333e-01	5.063946e-01	0.000000e+00	1	0.000000e+00
5.333333e-01	5.063946e-01	0.000000e+00	1	0.000000e+00
5.333333e-01	5.063946e-01	0.000000e+00	1	0.000000e+00
5.333333e-01	5.063946e-01	0.000000e+00	1	0.000000e+00
5.345238e-01	5.062245e-01	0.000000e+00	1	0.000000e+00
5.333333e-01	5.063946e-01	0.000000e+00	1	0.000000e+00
5.333333e-01	5.063946e-01	0.000000e+00	1	0.000000e+00
5.333333e-01	5.063946e-01	0.000000e+00	1	0.000000e+00
5.333333e-01	5.063946e-01	0.000000e+00	1	0.000000e+00
5.333333e-01	5.063946e-01	0.000000e+00	1	0.000000e+00
5.345238e-01	5.062245e-01	0.000000e+00	1	0.000000e+00
5.333333e-01	5.063946e-01	0.000000e+00	1	0.000000e+00
5.333333e-01	5.063946e-01	0.000000e+00	1	0.000000e+00
5.333333e-01	5.063946e-01	0.000000e+00	1	0.000000e+00
5.333333e-01	5.063946e-01	0.000000e+00	1	0.000000e+00
5.333333e-01	5.063946e-01	0.000000e+00	1	0.000000e+00
5.345238e-01	5.062245e-01	0.000000e+00	1	0.000000e+00
5.333333e-01	5.063946e-01	0.000000e+00	1	0.000000e+00
5.333333e-01	5.063946e-01	0.000000e+00	1	0.000000e+00
5.333333e-01	5.063946e-01	0.000000e+00	1	0.000000e+00
5.333333e-01	5.063946e-01	0.000000e+00	1	0.000000e+00
5.333333e-01	5.063946e-01	0.000000e+00	1	0.000000e+00
5.333333e-01	5.063946e-01	0.000000e+00	1	0.000000e+00
5.333333e-01	5.063946e-01	0.000000e+00	1	0.000000e+00
5.333333e-01	5.063946e-01	0.000000e+00	1	0.000000e+00
5.333333e-01	5.063946e-01	0.000000e+00	1	0.000000e+00
5.333333e-01	5.063946e-01	0.000000e+00	1	0.000000e+00
5.333333e-01	5.063946e-01	0.000000e+00	1	0.000000e+00
5.333333e-01	5.063946e-01	0.000000e+00	1	0.000000e+00
5.333333e-01	5.063946e-01	0.000000e+00	1	0.000000e+00
5.333333e-01	5.063946e-01	0.000000e+00	1	0.000000e+00
5.333333e-01	5.063946e-01	0.000000e+00	1	0.000000e+00
5.333333e-01	5.063946e-01	0.000000e+00	1	0.000000e+00
5.333333e-01	5.063946e-01	0.000000e+00	1	0.000000e+00
5.333333e-01	5.063946e-01	0.000000e+00	1	0.000000e+00
5.333333e-01	5.063946e-01	0.000000e+00	1	0.000000e+00
5.345238e-01	5.062245e-01	0.000000e+00	1	0.000000e+00
5.345238e-01	5.062245e-01	0.000000e+00	1	0.000000e+00
5.345238e-01	5.062245e-01	0.000000e+00	1	0.000000e+00
5.333333e-01	5.063946e-01	0.000000e+00	1	0.000000e+00
5.333333e-01	5.063946e-01	0.000000e+00	1	0.000000e+00
5.333333e-01	5.063946e-01	0.000000e+00	1	0.000000e+00
5.333333e-01	5.063946e-01	0.000000e+00	1	0.000000e+00
5.333333e-01	5.063946e-01	0.000000e+00	1	0.000000e+00
5.333333e-01	5.063946e-01	0.000000e+00	1	0.000000e+00
5.345238e-01	5.062245e-01	0.000000e+00	1	0.000000e+00
5.333333e-01	5.063946e-01	0.000000e+00	1	0.000000e+00
5.333333e-01	5.063946e-01	0.000000e+00	1	0.000000e+00
5.333333e-01	5.063946e-01	0.000000e+00	1	0.000000e+00
5.345238e-01	5.062245e-01	0.000000e+00	1	0.000000e+00
5.345238e-01	5.062245e-01	0.000000e+00	1	0.000000e+00
5.333333e-01	5.063946e-01	0.000000e+00	1	0.000000e+00
5.333333e-01	5.063946e-01	0.000000e+00	1	0.000000e+00
5.333333e-01	5.063946e-01	0.000000e+00	1	0.000000e+00
5.333333e-01	5.063946e-01	0.000000e+00	1	0.000000e+00
5.333333e-01	5.063946e-01	0.000000e+00	1	0.000000e+00
5.333333e-01	5.063946e-01	0.000000e+00	1	0.000000e+00
5.333333e-01	5.063946e-01	0.000000e+00	1	0.000000e+00
5.333333e-01	5.063946e-01	0.000000e+00	1	0.000000e+00
5.333333e-01	5.063946e-01	0.000000e+00	1	0.000000e+00
5.345238e-01	5.062245e-01	0.000000e+00	1	0.000000e+00
5.333333e-01	5.063946e-01	0.000000e+00	1	0.000000e+00
5.333333e-01	5.063946e-01	0.000000e+00	1	0.000000e+00
5.333333e-01	5.063946e-01	0.000000e+00	1	0.000000e+00
5.333333e-01	5.063946e-01	0.000000e+00	1	0.000000e+00
5.333333e-01	5.063946e-01	0.000000e+00	1	0.000000e+00
5.333333e-01	5.063946e-01	0.000000e+00	1	0.000000e+00
5.333333e-01	5.063946e-01	0.000000e+00	1	0.000000e+00
5.333333e-01	5.063946e-01	0.000000e+00	1	0.000000e+00
5.333333e-01	5.063946e-01	0.000000e+00	1	0.000000e+00
5.333333e-01	5.063946e-01	0.000000e+00	1	0.000000e+00
5.333333e-01	5.063946e-01	0.000000e+00	1	0.000000e+00
5.333333e-01	5.063946e-01	0.000000e+00	1	0.000000e+00
5.333333e-01	5.063946e-01	0.000000e+00	1	0.000000e+00
5.333333e-01	5.063946e-01	0.000000e+00	1	0.000000e+00
5.333333e-01	5.063946e-01	0.000000e+00	1	0.000000e+00
5.333333e-01	5.063946e-01	0.000000e+00	1	0.000000e+00
5.333333e-01	5.063946e-01	0.000000e+00	1	0.000000e+00
5.345238e-01	5.062245e-01	0.000000e+00	1	0.000000e+00
5.345238e-01	5.062245e-01	0.000000e+00	1	0.000000e+00
5.333333e-01	5.063946e-01	0.000000e+00	1	0.000000e+00
5.333333e-01	5.063946e-01	0.000000e+00	1	0.000000e+00
5.333333e-01	5.063946e-01	0.000000e+00	1	0.000000e+00
5.333333e-01	5.063946e-01	0.000000e+00	1	0.000000e+00
5.333333e-01	5.063946e-01	0.000000e+00	1	0.000000e+00
5.333333e-01	5.063946e-01	0.000000e+00	1	0.000000e+00
5.333333e-01	5.063946e-01	0.000000e+00	1	0.000000e+00
5.333333e-01	5.063946e-01	0.000000e+00	1	0.000000e+00
5.333333e-01	5.063946e-01	0.000000e+00	1	0.000000e+00
5.333333e-01	5.063946e-01	0.000000e+00	1	0.000000e+00
5.345238e-01	5.062245e-01	0.000000e+00	1	0.000000e+00
5.345238e-01	5.062245e-01	0.000000e+00	1	0.000000e+00
5.333333e-01	5.063946e-01	0.000000e+00	1	0.000000e+00
5.333333e-01	5.063946e-01	0.000000e+00	1	0.000000e+00
5.333333e-01	5.063946e-01	0.000000e+00	1	0.000000e+00
5.333333e-01	5.063946e-01	0.000000e+00	1	0.000000e+00
5.333333e-01	5.063946e-01	0.000000e+00	1	0.000000e+00
5.333333e-01	5.063946e-01	0.000000e+00	1	0.000000e+00
5.333333e-01	5.063946e-01	0.000000e+00	1	0.000000e+00
5.333333e-01	5.063946e-01	0.000000e+00	1	0.000000e+00
5.333333e-01	5.063946e-01	0.000000e+00	1	0.000000e+00
5.345238e-01	5.062245e-01	0.000000e+00	1	0.000000e+00
5.333333e-01	5.063946e-01	0.000000e+00	1	0.000000e+00
5.333333e-01	5.063946e-01	0.000000e+00	1	0.000000e+00
5.333333e-01	5.063946e-01	0.000000e+00	1	0.000000e+00
5.333333e-01	5.063946e-01	0.000000e+00	1	0.000000e+00
5.333333e-01	5.063946e-01	0.000000e+00	1	0.000000e+00
5.333333e-01	5.063946e-01	0.000000e+00	1	0.000000e+00
5.333333e-01	5.063946e-01	0.000000e+00	1	0.000000e+00
5.345238e-01	5.062245e-01	0.000000e+00	1	0.000000e+00
5.333333e-01	5.063946e-01	0.000000e+00	1	0.000000e+00
5.333333e-01	5.063946e-01	0.000000e+00	1	0.000000e+00
5.333333e-01	5.063946e-01	0.000000e+00	1	0.000000e+00
5.333333e-01	5.063946e-01	0.000000e+00	1	0.000000e+00
5.333333e-01	5.063946e-01	0.000000e+00	1	0.000000e+00
5.333333e-01	5.063946e-01	0.000000e+00	1	0.000000e+00
5.333333e-01	5.063946e-01	0.000000e+00	1	0.000000e+00
5.345238e-01	5.062245e-01	0.000000e+00	1	0.000000e+00
5.333333e-01	5.063946e-01	0.000000e+00	1	0.000000e+00
5.345238e-01	5.062245e-01	0.000000e+00	1	0.000000e+00
5.333333e-01	5.063946e-01	0.000000e+00	1	0.000000e+00
5.345238e-01	5.062245e-01	0.000000e+00	1	0.000000e+00
5.333333e-01	5.063946e-01	0.000000e+00	1	0.000000e+00
5.333333e-01	5.063946e-01	0.000000e+00	1	0.000000e+00
5.333333e-01	5.063946e-01	0.000000e+00	1	0.000000e+00
5.333333e-01	5.063946e-01	0.000000e+00	1	0.000000e+00
5.333333e-01	5.063946e-01	0.000000e+00	1	0.000000e+00
5.345238e-01	5.062245e-01	0.000000e+00	1	0.000000e+00
5.333333e-01	5.063946e-01	0.000000e+00	1	0.000000e+00
5.333333e-01	5.063946e-01	0.000000e+00	1	0.000000e+00
5.345238e-01	5.062245e-01	0.000000e+00	1	0.000000e+00
5.333333e-01	5.063946e-01	0.000000e+00	1	0.000000e+00
5.333333e-01	5.063946e-01	0.000000e+00	1	0.000000e+00
5.333333e-01	5.063946e-01	0.000000e+00	1	0.000000e+00
5.333333e-01	5.063946e-01	0.000000e+00	1	0.000000e+00
5.345238e-01	5.062245e-01	0.000000e+00	1	0.000000e+00
5.345238e-01	5.062245e-01	0.000000e+00	1	0.000000e+00
5.345238e-01	5.062245e-01	0.000000e+00	1	0.000000e+00
5.333333e-01	5.063946e-01	0.000000e+00	1	0.000000e+00
5.333333e-01	5.063946e-01	0.000000e+00	1	0.000000e+00
5.333333e-01	5.063946e-01	0.000000e+00	1	0.000000e+00
5.333333e-01	5.063946e-01	0.000000e+00	1	0.000000e+00
5.345238e-01	5.062245e-01	0.000000e+00	1	0.000000e+00
5.345238e-01	5.062245e-01	0.000000e+00	1	0.000000e+00
5.333333e-01	5.063946e-01	0.000000e+00	1	0.000000e+00
5.333333e-01	5.063946e-01	0.000000e+00	1	0.000000e+00
5.333333e-01	5.063946e-01	0.000000e+00	1	0.000000e+00
5.345238e-01	5.062245e-01	0.000000e+00	1	0.000000e+00
5.333333e-01	5.063946e-01	0.000000e+00	1	0.000000e+00
5.333333e-01	5.063946e-01	0.000000e+00	1	0.000000e+00
5.345238e-01	5.062245e-01	0.000000e+00	1	0.000000e+00
5.333333e-01	5.063946e-01	0.000000e+00	1	0.000000e+00
5.333333e-01	5.063946e-01	0.000000e+00	1	0.000000e+00
5.345238e-01	5.062245e-01	0.000000e+00	1	0.000000e+00
5.333333e-01	5.063946e-01	0.000000e+00	1	0.000000e+00
5.333333e-01	5.063946e-01	0.000000e+00	1	0.000000e+00
5.333333e-01	5.063946e-01	0.000000e+00	1	0.000000e+00
5.345238e-01	5.062245e-01	0.000000e+00	1	0.000000e+00
5.345238e-01	5.062245e-01	0.000000e+00	1	0.000000e+00
5.333333e-01	5.063946e-01	0.000000e+00	1	0.000000e+00
5.333333e-01	5.063946e-01	0.000000e+00	1	0.000000e+00
5.345238e-01	5.062245e-01	0.000000e+00	1	0.000000e+00
5.345238e-01	5.062245e-01	0.000000e+00	1	0.000000e+00
5.345238e-01	5.062245e-01	0.000000e+00	1	0.000000e+00
5.333333e-01	5.063946e-01	0.000000e+00	1	0.000000e+00
5.345238e-01	5.062245e-01	0.000000e+00	1	0.000000e+00
5.345238e-01	5.062245e-01	0.000000e+00	1	0.000000e+00
5.333333e-01	5.063946e-01	0.000000e+00	1	0.000000e+00
5.333333e-01	5.063946e-01	0.000000e+00	1	0.000000e+00
5.333333e-01	5.063946e-01	0.000000e+00	1	0.000000e+00
5.333333e-01	5.063946e-01	0.000000e+00	1	0.000000e+00
5.333333e-01	5.063946e-01	0.000000e+00	1	0.000000e+00
5.333333e-01	5.063946e-01	0.000000e+00	1	0.000000e+00
5.333333e-01	5.063946e-01	0.000000e+00	1	0.000000e+00
5.333333e-01	5.063946e-01	0.000000e+00	1	0.000000e+00
5.333333e-01	5.063946e-01	0.000000e+00	1	0.000000e+00
5.333333e-01	5.063946e-01	0.000000e+00	1	0.000000e+00
5.333333e-01	5.063946e-01	0.000000e+00	1	0.000000e+00
5.333333e-01	5.063946e-01	0.000000e+00	1	0.000000e+00
5.333333e-01	5.063946e-01	0.000000e+00	1	0.000000e+00
5.333333e-01	5.063946e-01	0.000000e+00	1	0.000000e+00
5.333333e-01	5.063946e-01	0.000000e+00	1	0.000000e+00
5.333333e-01	5.063946e-01	0.000000e+00	1	0.000000e+00
5.345238e-01	5.062245e-01	0.000000e+00	1	0.000000e+00
5.333333e-01	5.063946e-01	0.000000e+00	1	0.000000e+00
5.333333e-01	5.063946e-01	0.000000e+00	1	0.000000e+00
5.333333e-01	5.063946e-01	0.000000e+00	1	0.000000e+00
5.333333e-01	5.063946e-01	0.000000e+00	1	0.000000e+00
5.333333e-01	5.063946e-01	0.000000e+00	1	0.000000e+00
5.345238e-01	5.062245e-01	0.000000e+00	1	0.000000e+00
5.333333e-01	5.063946e-01	0.000000e+00	1	0.000000e+00
5.333333e-01	5.063946e-01	0.000000e+00	1	0.000000e+00
5.333333e-01	5.063946e-01	0.000000e+00	1	0.000000e+00
5.333333e-01	5.063946e-01	0.000000e+00	1	0.000000e+00
5.333333e-01	5.063946e-01	0.000000e+00	1	0.000000e+00
5.333333e-01	5.063946e-01	0.000000e+00	1	0.000000e+00
5.333333e-01	5.063946e-01	0.000000e+00	1	0.000000e+00
5.333333e-01	5.063946e-01	0.000000e+00	1	0.000000e+00
5.333333e-01	5.063946e-01	0.000000e+00	1	0.000000e+00
5.333333e-01	5.063946e-01	0.000000e+00	1	0.000000e+00
5.345238e-01	5.062245e-01	0.000000e+00	1	0.000000e+00
5.333333e-01	5.063946e-01	0.000000e+00	1	0.000000e+00
5.333333e-01	5.063946e-01	0.000000e+00	1	0.000000e+00
5.333333e-01	5.063946e-01	0.000000e+00	1	0.000000e+00
5.333333e-01	5.063946e-01	0.000000e+00	1	0.000000e+00
5.345238e-01	5.062245e-01	0.000000e+00	1	0.000000e+00
5.345238e-01	5.062245e-01	0.000000e+00	1	0.000000e+00
5.345238e-01	5.062245e-01	0.000000e+00	1	0.000000e+00
5.345238e-01	5.062245e-01	0.000000e+00	1	0.000000e+00
5.333333e-01	5.063946e-01	0.000000e+00	1	0.000000e+00
5.333333e-01	5.063946e-01	0.000000e+00	1	0.000000e+00
5.333333e-01	5.063946e-01	0.000000e+00	1	0.000000e+00
5.333333e-01	5.063946e-01	0.000000e+00	1	0.000000e+00
5.333333e-01	5.063946e-01	0.000000e+00	1	0.000000e+00
5.333333e-01	5.063946e-01	0.000000e+00	1	0.000000e+00
5.333333e-01	5.063946e-01	0.000000e+00	1	0.000000e+00
5.333333e-01	5.063946e-01	0.000000e+00	1	0.000000e+00
5.345238e-01	5.062245e-01	0.000000e+00	1	0.000000e+00
5.345238e-01	5.062245e-01	0.000000e+00	1	0.000000e+00
5.333333e-01	5.063946e-01	0.000000e+00	1	0.000000e+00
5.345238e-01	5.062245e-01	0.000000e+00	1	0.000000e+00
5.333333e-01	5.063946e-01	0.000000e+00	1	0.000000e+00
5.333333e-01	5.063946e-01	0.000000e+00	1	0.000000e+00
5.333333e-01	5.063946e-01	0.000000e+00	1	0.000000e+00
5.345238e-01	5.062245e-01	0.000000e+00	1	0.000000e+00
5.333333e-01	5.063946e-01	0.000000e+00	1	0.000000e+00
5.333333e-01	5.063946e-01	0.000000e+00	1	0.000000e+00
5.250000e-01	5.088776e-01	0.000000e+00	1	0.000000e+00
5.345238e-01	5.062245e-01	0.000000e+00	1	0.000000e+00
5.333333e-01	5.063946e-01	0.000000e+00	1	0.000000e+00
5.345238e-01	5.062245e-01	0.000000e+00	1	0.000000e+00
5.333333e-01	5.063946e-01	0.000000e+00	1	0.000000e+00
5.345238e-01	5.062245e-01	0.000000e+00	1	0.000000e+00
5.333333e-01	5.063946e-01	0.000000e+00	1	0.000000e+00
5.345238e-01	5.062245e-01	0.000000e+00	1	0.000000e+00
5.333333e-01	5.063946e-01	0.000000e+00	1	0.000000e+00
5.333333e-01	5.063946e-01	0.000000e+00	1	0.000000e+00
5.333333e-01	5.063946e-01	0.000000e+00	1	0.000000e+00
5.333333e-01	5.063946e-01	0.000000e+00	1	0.000000e+00
5.345238e-01	5.062245e-01	0.000000e+00	1	0.000000e+00
5.333333e-01	5.063946e-01	0.000000e+00	1	0.000000e+00
5.333333e-01	5.063946e-01	0.000000e+00	1	0.000000e+00
5.333333e-01	5.063946e-01	0.000000e+00	1	0.000000e+00
5.333333e-01	5.063946e-01	0.000000e+00	1	0.000000e+00
5.333333e-01	5.063946e-01	0.000000e+00	1	0.000000e+00
5.333333e-01	5.063946e-01	0.000000e+00	1	0.000000e+00
5.333333e-01	5.063946e-01	0.000000e+00	1	0.000000e+00
5.333333e-01	5.063946e-01	0.000000e+00	1	0.000000e+00
5.333333e-01	5.063946e-01	0.000000e+00	1	0.000000e+00
5.333333e-01	5.063946e-01	0.000000e+00	1	0.000000e+00
5.333333e-01	5.063946e-01	0.000000e+00	1	0.000000e+00
5.333333e-01	5.063946e-01	0.000000e+00	1	0.000000e+00
5.333333e-01	5.063946e-01	0.000000e+00	1	0.000000e+00
5.333333e-01	5.063946e-01	0.000000e+00	1	0.000000e+00
5.333333e-01	5.063946e-01	0.000000e+00	1	0.000000e+00
5.333333e-01	5.063946e-01	0.000000e+00	1	0.000000e+00
5.333333e-01	5.063946e-01	0.000000e+00	1	0.000000e+00
5.345238e-01	5.062245e-01	0.000000e+00	1	0.000000e+00
5.333333e-01	5.063946e-01	0.000000e+00	1	0.000000e+00
5.333333e-01	5.063946e-01	0.000000e+00	1	0.000000e+00
5.333333e-01	5.063946e-01	0.000000e+00	1	0.000000e+00
5.333333e-01	5.063946e-01	0.000000e+00	1	0.000000e+00
5.345238e-01	5.062245e-01	0.000000e+00	1	0.000000e+00
5.333333e-01	5.063946e-01	0.000000e+00	1	0.000000e+00
5.333333e-01	5.063946e-01	0.000000e+00	1	0.000000e+00
5.333333e-01	5.063946e-01	0.000000e+00	1	0.000000e+00
5.333333e-01	5.063946e-01	0.000000e+00	1	0.000000e+00
5.333333e-01	5.063946e-01	0.000000e+00	1	0.000000e+00
5.333333e-01	5.063946e-01	0.000000e+00	1	0.000000e+00
5.345238e-01	5.062245e-01	0.000000e+00	1	0.000000e+00
5.333333e-01	5.063946e-01	0.000000e+00	1	0.000000e+00
5.333333e-01	5.063946e-01	0.000000e+00	1	0.000000e+00
5.333333e-01	5.063946e-01	0.000000e+00	1	0.000000e+00
5.333333e-01	5.063946e-01	0.000000e+00	1	0.000000e+00
5.345238e-01	5.062245e-01	0.000000e+00	1	0.000000e+00
5.333333e-01	5.063946e-01	0.000000e+00	1	0.000000e+00
5.333333e-01	5.063946e-01	0.000000e+00	1	0.000000e+00
5.333333e-01	5.063946e-01	0.000000e+00	1	0.000000e+00
5.333333e-01	5.063946e-01	0.000000e+00	1	0.000000e+00
5.333333e-01	5.063946e-01	0.000000e+00	1	0.000000e+00
5.333333e-01	5.063946e-01	0.000000e+00	1	0.000000e+00
5.333333e-01	5.063946e-01	0.000000e+00	1	0.000000e+00
5.345238e-01	5.062245e-01	0.000000e+00	1	0.000000e+00
5.345238e-01	5.062245e-01	0.000000e+00	1	0.000000e+00
5.333333e-01	5.063946e-01	0.000000e+00	1	0.000000e+00
5.333333e-01	5.063946e-01	0.000000e+00	1	0.000000e+00
5.333333e-01	5.063946e-01	0.000000e+00	1	0.000000e+00
5.333333e-01	5.063946e-01	0.000000e+00	1	0.000000e+00
5.345238e-01	5.062245e-01	0.000000e+00	1	0.000000e+00
5.333333e-01	5.063946e-01	0.000000e+00	1	0.000000e+00
5.333333e-01	5.063946e-01	0.000000e+00	1	0.000000e+00
5.333333e-01	5.063946e-01	0.000000e+00	1	0.000000e+00
5.345238e-01	5.062245e-01	0.000000e+00	1	0.000000e+00
5.333333e-01	5.063946e-01	0.000000e+00	1	0.000000e+00
5.333333e-01	5.063946e-01	0.000000e+00	1	0.000000e+00
5.333333e-01	5.063946e-01	0.000000e+00	1	0.000000e+00
5.333333e-01	5.063946e-01	0.000000e+00	1	0.000000e+00
5.333333e-01	5.063946e-01	0.000000e+00	1	0.000000e+00
5.333333e-01	5.063946e-01	0.000000e+00	1	0.000000e+00
5.345238e-01	5.062245e-01	0.000000e+00	1	0.000000e+00
5.333333e-01	5.063946e-01	0.000000e+00	1	0.000000e+00
5.345238e-01	5.062245e-01	0.000000e+00	1	0.000000e+00
5.333333e-01	5.063946e-01	0.000000e+00	1	0.000000e+00
5.345238e-01	5.062245e-01	0.000000e+00	1	0.000000e+00
5.333333e-01	5.063946e-01	0.000000e+00	1	0.000000e+00
5.333333e-01	5.063946e-01	0.000000e+00	1	0.000000e+00
5.345238e-01	5.062245e-01	0.000000e+00	1	0.000000e+00
5.333333e-01	5.063946e-01	0.000000e+00	1	0.000000e+00
5.333333e-01	5.063946e-01	0.000000e+00	1	0.000000e+00
5.333333e-01	5.063946e-01	0.000000e+00	1	0.000000e+00
5.333333e-01	5.063946e-01	0.000000e+00	1	0.000000e+00
5.333333e-01	5.063946e-01	0.000000e+00	1	0.000000e+00
5.333333e-01	5.063946e-01	0.000000e+00	1	0.000000e+00
5.333333e-01	5.063946e-01	0.000000e+00	1	0.000000e+00
5.333333e-01	5.063946e-01	0.000000e+00	1	0.000000e+00
5.333333e-01	5.063946e-01	0.000000e+00	1	0.000000e+00
5.333333e-01	5.063946e-01	0.000000e+00	1	0.000000e+00
5.333333e-01	5.063946e-01	0.000000e+00	1	0.000000e+00
5.345238e-01	5.062245e-01	0.000000e+00	1	0.000000e+00
5.345238e-01	5.062245e-01	0.000000e+00	1	0.000000e+00
5.345238e-01	5.062245e-01	0.000000e+00	1	0.000000e+00
5.333333e-01	5.063946e-01	0.000000e+00	1	0.000000e+00
5.345238e-01	5.062245e-01	0.000000e+00	1	0.000000e+00
5.333333e-01	5.063946e-01	0.000000e+00	1	0.000000e+00
5.333333e-01	5.063946e-01	0.000000e+00	1	0.000000e+00
5.345238e-01	5.062245e-01	0.000000e+00	1	0.000000e+00
5.345238e-01	5.062245e-01	0.000000e+00	1	0.000000e+00
5.333333e-01	5.063946e-01	0.000000e+00	1	0.000000e+00
Total execution time: 469.553
