# This file contains the data of final feasible population (if found)
# of objectives = 2, # of constraints = 0, # of real_var = 0, # of bits of bin_var = 0, constr_violation, rank, crowding_distance
2.420000e+02	3.930000e+02	0.000000e+00	1	1.000000e+14
3.580000e+02	2.430000e+02	0.000000e+00	1	1.000000e+14
2.530000e+02	3.740000e+02	0.000000e+00	1	5.333333e-02
2.540000e+02	3.580000e+02	0.000000e+00	1	5.333333e-02
2.570000e+02	3.520000e+02	0.000000e+00	1	3.293103e-02
2.430000e+02	3.870000e+02	0.000000e+00	1	2.431034e-02
2.540000e+02	3.580000e+02	0.000000e+00	1	2.431034e-02
2.420000e+02	3.930000e+02	0.000000e+00	1	2.431034e-02
2.670000e+02	3.390000e+02	0.000000e+00	1	2.293103e-02
2.430000e+02	3.870000e+02	0.000000e+00	1	2.293103e-02
2.720000e+02	3.320000e+02	0.000000e+00	1	2.195402e-02
2.470000e+02	3.800000e+02	0.000000e+00	1	1.764368e-02
3.080000e+02	2.940000e+02	0.000000e+00	1	1.626437e-02
3.440000e+02	2.540000e+02	0.000000e+00	1	1.626437e-02
2.600000e+02	3.470000e+02	0.000000e+00	1	1.528736e-02
3.220000e+02	2.760000e+02	0.000000e+00	1	1.528736e-02
2.740000e+02	3.310000e+02	0.000000e+00	1	1.528736e-02
3.290000e+02	2.690000e+02	0.000000e+00	1	1.528736e-02
2.930000e+02	3.100000e+02	0.000000e+00	1	1.528736e-02
3.540000e+02	2.460000e+02	0.000000e+00	1	1.528736e-02
2.500000e+02	3.770000e+02	0.000000e+00	1	1.528736e-02
2.950000e+02	3.080000e+02	0.000000e+00	1	1.528736e-02
3.200000e+02	2.780000e+02	0.000000e+00	1	1.528736e-02
3.010000e+02	3.010000e+02	0.000000e+00	1	1.431034e-02
2.460000e+02	3.840000e+02	0.000000e+00	1	1.431034e-02
2.890000e+02	3.140000e+02	0.000000e+00	1	1.431034e-02
2.580000e+02	3.490000e+02	0.000000e+00	1	1.431034e-02
3.130000e+02	2.860000e+02	0.000000e+00	1	1.333333e-02
2.700000e+02	3.360000e+02	0.000000e+00	1	1.333333e-02
2.460000e+02	3.840000e+02	0.000000e+00	1	1.333333e-02
3.100000e+02	2.900000e+02	0.000000e+00	1	1.333333e-02
2.460000e+02	3.840000e+02	0.000000e+00	1	1.293103e-02
2.790000e+02	3.240000e+02	0.000000e+00	1	1.293103e-02
3.140000e+02	2.850000e+02	0.000000e+00	1	1.293103e-02
3.250000e+02	2.720000e+02	0.000000e+00	1	1.293103e-02
2.970000e+02	3.060000e+02	0.000000e+00	1	1.293103e-02
3.100000e+02	2.900000e+02	0.000000e+00	1	1.293103e-02
2.700000e+02	3.360000e+02	0.000000e+00	1	1.293103e-02
3.130000e+02	2.860000e+02	0.000000e+00	1	1.293103e-02
3.410000e+02	2.550000e+02	0.000000e+00	1	1.293103e-02
3.280000e+02	2.700000e+02	0.000000e+00	1	1.293103e-02
2.540000e+02	3.580000e+02	0.000000e+00	1	1.293103e-02
3.000000e+02	3.030000e+02	0.000000e+00	1	1.293103e-02
3.170000e+02	2.830000e+02	0.000000e+00	1	1.293103e-02
2.820000e+02	3.220000e+02	0.000000e+00	1	1.293103e-02
3.050000e+02	2.950000e+02	0.000000e+00	1	1.293103e-02
2.720000e+02	3.320000e+02	0.000000e+00	1	1.195402e-02
3.540000e+02	2.460000e+02	0.000000e+00	1	1.195402e-02
2.490000e+02	3.780000e+02	0.000000e+00	1	1.195402e-02
2.750000e+02	3.290000e+02	0.000000e+00	1	1.097701e-02
3.140000e+02	2.850000e+02	0.000000e+00	1	1.097701e-02
3.100000e+02	2.900000e+02	0.000000e+00	1	1.097701e-02
3.090000e+02	2.920000e+02	0.000000e+00	1	1.097701e-02
3.030000e+02	2.980000e+02	0.000000e+00	1	1.000000e-02
3.000000e+02	3.030000e+02	0.000000e+00	1	1.000000e-02
3.240000e+02	2.750000e+02	0.000000e+00	1	1.000000e-02
3.360000e+02	2.600000e+02	0.000000e+00	1	1.000000e-02
2.650000e+02	3.420000e+02	0.000000e+00	1	1.000000e-02
3.030000e+02	2.980000e+02	0.000000e+00	1	1.000000e-02
3.460000e+02	2.530000e+02	0.000000e+00	1	1.000000e-02
2.700000e+02	3.360000e+02	0.000000e+00	1	1.000000e-02
2.770000e+02	3.260000e+02	0.000000e+00	1	1.000000e-02
2.880000e+02	3.170000e+02	0.000000e+00	1	1.000000e-02
3.180000e+02	2.810000e+02	0.000000e+00	1	1.000000e-02
3.480000e+02	2.500000e+02	0.000000e+00	1	1.000000e-02
2.570000e+02	3.520000e+02	0.000000e+00	1	1.000000e-02
2.750000e+02	3.290000e+02	0.000000e+00	1	1.000000e-02
3.200000e+02	2.780000e+02	0.000000e+00	1	1.000000e-02
3.250000e+02	2.720000e+02	0.000000e+00	1	1.000000e-02
2.970000e+02	3.060000e+02	0.000000e+00	1	1.000000e-02
3.050000e+02	2.950000e+02	0.000000e+00	1	1.000000e-02
2.670000e+02	3.390000e+02	0.000000e+00	1	1.000000e-02
3.340000e+02	2.630000e+02	0.000000e+00	1	1.000000e-02
3.030000e+02	2.980000e+02	0.000000e+00	1	8.620690e-03
2.770000e+02	3.260000e+02	0.000000e+00	1	8.620690e-03
2.970000e+02	3.060000e+02	0.000000e+00	1	8.620690e-03
2.470000e+02	3.800000e+02	0.000000e+00	1	8.620690e-03
2.950000e+02	3.080000e+02	0.000000e+00	1	8.620690e-03
2.840000e+02	3.200000e+02	0.000000e+00	1	8.620690e-03
3.440000e+02	2.540000e+02	0.000000e+00	1	8.620690e-03
3.010000e+02	3.010000e+02	0.000000e+00	1	8.620690e-03
3.560000e+02	2.440000e+02	0.000000e+00	1	8.620690e-03
2.580000e+02	3.490000e+02	0.000000e+00	1	8.620690e-03
2.820000e+02	3.220000e+02	0.000000e+00	1	8.620690e-03
2.860000e+02	3.190000e+02	0.000000e+00	1	8.620690e-03
2.650000e+02	3.420000e+02	0.000000e+00	1	8.620690e-03
2.840000e+02	3.200000e+02	0.000000e+00	1	8.620690e-03
3.220000e+02	2.760000e+02	0.000000e+00	1	8.620690e-03
3.400000e+02	2.570000e+02	0.000000e+00	1	8.620690e-03
2.650000e+02	3.420000e+02	0.000000e+00	1	8.620690e-03
3.380000e+02	2.590000e+02	0.000000e+00	1	8.620690e-03
2.600000e+02	3.470000e+02	0.000000e+00	1	8.620690e-03
3.310000e+02	2.670000e+02	0.000000e+00	1	8.620690e-03
2.700000e+02	3.360000e+02	0.000000e+00	1	8.620690e-03
2.620000e+02	3.460000e+02	0.000000e+00	1	8.620690e-03
2.770000e+02	3.260000e+02	0.000000e+00	1	8.620690e-03
3.460000e+02	2.530000e+02	0.000000e+00	1	8.620690e-03
3.380000e+02	2.590000e+02	0.000000e+00	1	8.620690e-03
3.500000e+02	2.480000e+02	0.000000e+00	1	8.620690e-03
2.670000e+02	3.390000e+02	0.000000e+00	1	8.620690e-03
3.560000e+02	2.440000e+02	0.000000e+00	1	8.620690e-03
2.790000e+02	3.240000e+02	0.000000e+00	1	8.620690e-03
3.360000e+02	2.600000e+02	0.000000e+00	1	8.620690e-03
3.480000e+02	2.500000e+02	0.000000e+00	1	8.620690e-03
2.900000e+02	3.130000e+02	0.000000e+00	1	8.620690e-03
3.200000e+02	2.780000e+02	0.000000e+00	1	8.620690e-03
3.360000e+02	2.600000e+02	0.000000e+00	1	8.620690e-03
2.920000e+02	3.120000e+02	0.000000e+00	1	8.620690e-03
3.050000e+02	2.950000e+02	0.000000e+00	1	8.620690e-03
3.180000e+02	2.810000e+02	0.000000e+00	1	8.620690e-03
3.460000e+02	2.530000e+02	0.000000e+00	1	8.620690e-03
3.480000e+02	2.500000e+02	0.000000e+00	1	8.620690e-03
3.340000e+02	2.630000e+02	0.000000e+00	1	8.620690e-03
3.520000e+02	2.470000e+02	0.000000e+00	1	8.620690e-03
3.240000e+02	2.750000e+02	0.000000e+00	1	8.620690e-03
3.030000e+02	2.980000e+02	0.000000e+00	1	8.620690e-03
2.630000e+02	3.440000e+02	0.000000e+00	1	8.620690e-03
3.500000e+02	2.480000e+02	0.000000e+00	1	8.620690e-03
2.520000e+02	3.750000e+02	0.000000e+00	1	8.620690e-03
3.520000e+02	2.470000e+02	0.000000e+00	1	8.620690e-03
2.750000e+02	3.290000e+02	0.000000e+00	1	8.620690e-03
3.580000e+02	2.430000e+02	0.000000e+00	1	8.620690e-03
2.500000e+02	3.770000e+02	0.000000e+00	1	7.643678e-03
2.920000e+02	3.120000e+02	0.000000e+00	1	7.643678e-03
2.900000e+02	3.130000e+02	0.000000e+00	1	7.643678e-03
2.740000e+02	3.310000e+02	0.000000e+00	1	7.643678e-03
2.890000e+02	3.140000e+02	0.000000e+00	1	7.643678e-03
2.860000e+02	3.190000e+02	0.000000e+00	1	7.643678e-03
3.280000e+02	2.700000e+02	0.000000e+00	1	7.643678e-03
2.840000e+02	3.200000e+02	0.000000e+00	1	6.666667e-03
2.630000e+02	3.440000e+02	0.000000e+00	1	6.666667e-03
3.330000e+02	2.640000e+02	0.000000e+00	1	6.666667e-03
2.490000e+02	3.780000e+02	0.000000e+00	1	6.666667e-03
3.090000e+02	2.920000e+02	0.000000e+00	1	6.666667e-03
3.380000e+02	2.590000e+02	0.000000e+00	1	6.666667e-03
3.310000e+02	2.670000e+02	0.000000e+00	1	6.666667e-03
2.650000e+02	3.420000e+02	0.000000e+00	1	6.666667e-03
3.500000e+02	2.480000e+02	0.000000e+00	1	6.666667e-03
3.400000e+02	2.570000e+02	0.000000e+00	1	6.666667e-03
3.170000e+02	2.830000e+02	0.000000e+00	1	6.666667e-03
3.280000e+02	2.700000e+02	0.000000e+00	1	6.666667e-03
2.520000e+02	3.750000e+02	0.000000e+00	1	6.666667e-03
3.560000e+02	2.440000e+02	0.000000e+00	1	6.666667e-03
3.320000e+02	2.660000e+02	0.000000e+00	1	6.666667e-03
3.180000e+02	2.810000e+02	0.000000e+00	1	6.666667e-03
2.630000e+02	3.440000e+02	0.000000e+00	1	6.666667e-03
3.170000e+02	2.830000e+02	0.000000e+00	1	6.666667e-03
3.410000e+02	2.550000e+02	0.000000e+00	1	6.666667e-03
2.620000e+02	3.460000e+02	0.000000e+00	1	6.666667e-03
2.920000e+02	3.120000e+02	0.000000e+00	1	6.666667e-03
2.470000e+02	3.800000e+02	0.000000e+00	1	6.666667e-03
3.480000e+02	2.500000e+02	0.000000e+00	1	6.666667e-03
3.080000e+02	2.940000e+02	0.000000e+00	1	6.666667e-03
2.820000e+02	3.220000e+02	0.000000e+00	1	6.666667e-03
3.250000e+02	2.720000e+02	0.000000e+00	1	6.666667e-03
2.790000e+02	3.240000e+02	0.000000e+00	1	6.666667e-03
2.970000e+02	3.060000e+02	0.000000e+00	1	6.666667e-03
2.820000e+02	3.220000e+02	0.000000e+00	1	6.666667e-03
2.770000e+02	3.260000e+02	0.000000e+00	1	6.666667e-03
2.950000e+02	3.080000e+02	0.000000e+00	1	6.666667e-03
3.010000e+02	3.010000e+02	0.000000e+00	1	6.666667e-03
2.790000e+02	3.240000e+02	0.000000e+00	1	6.666667e-03
2.930000e+02	3.100000e+02	0.000000e+00	1	6.666667e-03
3.000000e+02	3.030000e+02	0.000000e+00	1	6.666667e-03
3.400000e+02	2.570000e+02	0.000000e+00	1	6.666667e-03
2.580000e+02	3.490000e+02	0.000000e+00	1	6.666667e-03
2.530000e+02	3.740000e+02	0.000000e+00	1	4.310345e-03
3.250000e+02	2.720000e+02	0.000000e+00	1	4.310345e-03
2.880000e+02	3.170000e+02	0.000000e+00	1	4.310345e-03
3.330000e+02	2.640000e+02	0.000000e+00	1	4.310345e-03
2.620000e+02	3.460000e+02	0.000000e+00	1	4.310345e-03
2.490000e+02	3.780000e+02	0.000000e+00	1	4.310345e-03
3.000000e+02	3.030000e+02	0.000000e+00	1	4.310345e-03
3.310000e+02	2.670000e+02	0.000000e+00	1	4.310345e-03
3.320000e+02	2.660000e+02	0.000000e+00	1	4.310345e-03
3.340000e+02	2.630000e+02	0.000000e+00	1	4.310345e-03
3.320000e+02	2.660000e+02	0.000000e+00	1	4.310345e-03
3.410000e+02	2.550000e+02	0.000000e+00	1	4.310345e-03
2.870000e+02	3.180000e+02	0.000000e+00	1	4.310345e-03
2.630000e+02	3.440000e+02	0.000000e+00	1	4.310345e-03
3.330000e+02	2.640000e+02	0.000000e+00	1	4.310345e-03
2.870000e+02	3.180000e+02	0.000000e+00	1	4.310345e-03
3.290000e+02	2.690000e+02	0.000000e+00	1	4.310345e-03
3.180000e+02	2.810000e+02	0.000000e+00	1	4.310345e-03
3.080000e+02	2.940000e+02	0.000000e+00	1	4.310345e-03
3.170000e+02	2.830000e+02	0.000000e+00	1	4.310345e-03
3.090000e+02	2.920000e+02	0.000000e+00	1	4.310345e-03
2.530000e+02	3.740000e+02	0.000000e+00	1	4.310345e-03
2.880000e+02	3.170000e+02	0.000000e+00	1	4.310345e-03
3.130000e+02	2.860000e+02	0.000000e+00	1	4.310345e-03
2.520000e+02	3.750000e+02	0.000000e+00	1	4.310345e-03
3.400000e+02	2.570000e+02	0.000000e+00	1	4.310345e-03
2.570000e+02	3.520000e+02	0.000000e+00	1	4.310345e-03
2.930000e+02	3.100000e+02	0.000000e+00	1	4.310345e-03
3.240000e+02	2.750000e+02	0.000000e+00	1	4.310345e-03
3.320000e+02	2.660000e+02	0.000000e+00	1	3.333333e-03
2.870000e+02	3.180000e+02	0.000000e+00	1	3.333333e-03
2.880000e+02	3.170000e+02	0.000000e+00	1	3.333333e-03
3.140000e+02	2.850000e+02	0.000000e+00	1	3.333333e-03
3.310000e+02	2.670000e+02	0.000000e+00	1	3.333333e-03
3.240000e+02	2.750000e+02	0.000000e+00	1	3.333333e-03
2.860000e+02	3.190000e+02	0.000000e+00	1	3.333333e-03
3.340000e+02	2.630000e+02	0.000000e+00	1	3.333333e-03
3.220000e+02	2.760000e+02	0.000000e+00	1	3.333333e-03
2.870000e+02	3.180000e+02	0.000000e+00	1	3.333333e-03
3.520000e+02	2.470000e+02	0.000000e+00	1	3.333333e-03
3.520000e+02	2.470000e+02	0.000000e+00	1	3.333333e-03
2.530000e+02	3.740000e+02	0.000000e+00	1	3.333333e-03
3.460000e+02	2.530000e+02	0.000000e+00	1	3.333333e-03
2.520000e+02	3.750000e+02	0.000000e+00	1	3.333333e-03
2.900000e+02	3.130000e+02	0.000000e+00	1	3.333333e-03
3.500000e+02	2.480000e+02	0.000000e+00	1	3.333333e-03
3.290000e+02	2.690000e+02	0.000000e+00	1	3.333333e-03
2.840000e+02	3.200000e+02	0.000000e+00	1	3.333333e-03
3.410000e+02	2.550000e+02	0.000000e+00	1	3.333333e-03
3.330000e+02	2.640000e+02	0.000000e+00	1	3.333333e-03
3.580000e+02	2.430000e+02	0.000000e+00	1	3.333333e-03
3.560000e+02	2.440000e+02	0.000000e+00	1	3.333333e-03
3.440000e+02	2.540000e+02	0.000000e+00	1	3.333333e-03
3.050000e+02	2.950000e+02	0.000000e+00	1	3.333333e-03
2.620000e+02	3.460000e+02	0.000000e+00	1	3.333333e-03
3.130000e+02	2.860000e+02	0.000000e+00	1	3.333333e-03
2.600000e+02	3.470000e+02	0.000000e+00	1	3.333333e-03
3.380000e+02	2.590000e+02	0.000000e+00	1	3.333333e-03
3.360000e+02	2.600000e+02	0.000000e+00	1	3.333333e-03
3.090000e+02	2.920000e+02	0.000000e+00	1	0.000000e+00
3.440000e+02	2.540000e+02	0.000000e+00	1	0.000000e+00
2.580000e+02	3.490000e+02	0.000000e+00	1	0.000000e+00
3.360000e+02	2.600000e+02	0.000000e+00	1	0.000000e+00
2.840000e+02	3.200000e+02	0.000000e+00	1	0.000000e+00
2.650000e+02	3.420000e+02	0.000000e+00	1	0.000000e+00
3.250000e+02	2.720000e+02	0.000000e+00	1	0.000000e+00
3.290000e+02	2.690000e+02	0.000000e+00	1	0.000000e+00
3.240000e+02	2.750000e+02	0.000000e+00	1	0.000000e+00
3.460000e+02	2.530000e+02	0.000000e+00	1	0.000000e+00
3.320000e+02	2.660000e+02	0.000000e+00	1	0.000000e+00
3.130000e+02	2.860000e+02	0.000000e+00	1	0.000000e+00
3.200000e+02	2.780000e+02	0.000000e+00	1	0.000000e+00
3.520000e+02	2.470000e+02	0.000000e+00	1	0.000000e+00
2.840000e+02	3.200000e+02	0.000000e+00	1	0.000000e+00
3.180000e+02	2.810000e+02	0.000000e+00	1	0.000000e+00
3.250000e+02	2.720000e+02	0.000000e+00	1	0.000000e+00
3.500000e+02	2.480000e+02	0.000000e+00	1	0.000000e+00
3.500000e+02	2.480000e+02	0.000000e+00	1	0.000000e+00
2.720000e+02	3.320000e+02	0.000000e+00	1	0.000000e+00
3.410000e+02	2.550000e+02	0.000000e+00	1	0.000000e+00
2.900000e+02	3.130000e+02	0.000000e+00	1	0.000000e+00
3.220000e+02	2.760000e+02	0.000000e+00	1	0.000000e+00
3.180000e+02	2.810000e+02	0.000000e+00	1	0.000000e+00
2.750000e+02	3.290000e+02	0.000000e+00	1	0.000000e+00
3.130000e+02	2.860000e+02	0.000000e+00	1	0.000000e+00
3.250000e+02	2.720000e+02	0.000000e+00	1	0.000000e+00
3.360000e+02	2.600000e+02	0.000000e+00	1	0.000000e+00
3.480000e+02	2.500000e+02	0.000000e+00	1	0.000000e+00
3.180000e+02	2.810000e+02	0.000000e+00	1	0.000000e+00
3.310000e+02	2.670000e+02	0.000000e+00	1	0.000000e+00
3.440000e+02	2.540000e+02	0.000000e+00	1	0.000000e+00
3.130000e+02	2.860000e+02	0.000000e+00	1	0.000000e+00
3.090000e+02	2.920000e+02	0.000000e+00	1	0.000000e+00
2.580000e+02	3.490000e+02	0.000000e+00	1	0.000000e+00
2.870000e+02	3.180000e+02	0.000000e+00	1	0.000000e+00
2.460000e+02	3.840000e+02	0.000000e+00	1	0.000000e+00
3.290000e+02	2.690000e+02	0.000000e+00	1	0.000000e+00
3.400000e+02	2.570000e+02	0.000000e+00	1	0.000000e+00
3.360000e+02	2.600000e+02	0.000000e+00	1	0.000000e+00
3.320000e+02	2.660000e+02	0.000000e+00	1	0.000000e+00
2.770000e+02	3.260000e+02	0.000000e+00	1	0.000000e+00
3.130000e+02	2.860000e+02	0.000000e+00	1	0.000000e+00
3.200000e+02	2.780000e+02	0.000000e+00	1	0.000000e+00
3.290000e+02	2.690000e+02	0.000000e+00	1	0.000000e+00
3.140000e+02	2.850000e+02	0.000000e+00	1	0.000000e+00
3.360000e+02	2.600000e+02	0.000000e+00	1	0.000000e+00
2.790000e+02	3.240000e+02	0.000000e+00	1	0.000000e+00
3.410000e+02	2.550000e+02	0.000000e+00	1	0.000000e+00
3.500000e+02	2.480000e+02	0.000000e+00	1	0.000000e+00
2.950000e+02	3.080000e+02	0.000000e+00	1	0.000000e+00
3.240000e+02	2.750000e+02	0.000000e+00	1	0.000000e+00
2.970000e+02	3.060000e+02	0.000000e+00	1	0.000000e+00
3.240000e+02	2.750000e+02	0.000000e+00	1	0.000000e+00
3.130000e+02	2.860000e+02	0.000000e+00	1	0.000000e+00
3.030000e+02	2.980000e+02	0.000000e+00	1	0.000000e+00
2.930000e+02	3.100000e+02	0.000000e+00	1	0.000000e+00
3.310000e+02	2.670000e+02	0.000000e+00	1	0.000000e+00
3.410000e+02	2.550000e+02	0.000000e+00	1	0.000000e+00
3.130000e+02	2.860000e+02	0.000000e+00	1	0.000000e+00
2.820000e+02	3.220000e+02	0.000000e+00	1	0.000000e+00
2.720000e+02	3.320000e+02	0.000000e+00	1	0.000000e+00
3.310000e+02	2.670000e+02	0.000000e+00	1	0.000000e+00
3.000000e+02	3.030000e+02	0.000000e+00	1	0.000000e+00
3.380000e+02	2.590000e+02	0.000000e+00	1	0.000000e+00
2.890000e+02	3.140000e+02	0.000000e+00	1	0.000000e+00
2.840000e+02	3.200000e+02	0.000000e+00	1	0.000000e+00
3.250000e+02	2.720000e+02	0.000000e+00	1	0.000000e+00
3.330000e+02	2.640000e+02	0.000000e+00	1	0.000000e+00
3.250000e+02	2.720000e+02	0.000000e+00	1	0.000000e+00
3.460000e+02	2.530000e+02	0.000000e+00	1	0.000000e+00
3.500000e+02	2.480000e+02	0.000000e+00	1	0.000000e+00
3.050000e+02	2.950000e+02	0.000000e+00	1	0.000000e+00
3.050000e+02	2.950000e+02	0.000000e+00	1	0.000000e+00
3.480000e+02	2.500000e+02	0.000000e+00	1	0.000000e+00
3.090000e+02	2.920000e+02	0.000000e+00	1	0.000000e+00
3.320000e+02	2.660000e+02	0.000000e+00	1	0.000000e+00
3.500000e+02	2.480000e+02	0.000000e+00	1	0.000000e+00
3.090000e+02	2.920000e+02	0.000000e+00	1	0.000000e+00
3.320000e+02	2.660000e+02	0.000000e+00	1	0.000000e+00
2.650000e+02	3.420000e+02	0.000000e+00	1	0.000000e+00
3.360000e+02	2.600000e+02	0.000000e+00	1	0.000000e+00
3.500000e+02	2.480000e+02	0.000000e+00	1	0.000000e+00
2.790000e+02	3.240000e+02	0.000000e+00	1	0.000000e+00
3.240000e+02	2.750000e+02	0.000000e+00	1	0.000000e+00
3.360000e+02	2.600000e+02	0.000000e+00	1	0.000000e+00
2.580000e+02	3.490000e+02	0.000000e+00	1	0.000000e+00
2.720000e+02	3.320000e+02	0.000000e+00	1	0.000000e+00
3.320000e+02	2.660000e+02	0.000000e+00	1	0.000000e+00
3.130000e+02	2.860000e+02	0.000000e+00	1	0.000000e+00
3.380000e+02	2.590000e+02	0.000000e+00	1	0.000000e+00
3.380000e+02	2.590000e+02	0.000000e+00	1	0.000000e+00
3.380000e+02	2.590000e+02	0.000000e+00	1	0.000000e+00
3.200000e+02	2.780000e+02	0.000000e+00	1	0.000000e+00
3.030000e+02	2.980000e+02	0.000000e+00	1	0.000000e+00
3.400000e+02	2.570000e+02	0.000000e+00	1	0.000000e+00
3.130000e+02	2.860000e+02	0.000000e+00	1	0.000000e+00
3.340000e+02	2.630000e+02	0.000000e+00	1	0.000000e+00
2.790000e+02	3.240000e+02	0.000000e+00	1	0.000000e+00
3.460000e+02	2.530000e+02	0.000000e+00	1	0.000000e+00
3.360000e+02	2.600000e+02	0.000000e+00	1	0.000000e+00
3.360000e+02	2.600000e+02	0.000000e+00	1	0.000000e+00
3.200000e+02	2.780000e+02	0.000000e+00	1	0.000000e+00
3.240000e+02	2.750000e+02	0.000000e+00	1	0.000000e+00
3.330000e+02	2.640000e+02	0.000000e+00	1	0.000000e+00
3.410000e+02	2.550000e+02	0.000000e+00	1	0.000000e+00
3.360000e+02	2.600000e+02	0.000000e+00	1	0.000000e+00
2.580000e+02	3.490000e+02	0.000000e+00	1	0.000000e+00
3.050000e+02	2.950000e+02	0.000000e+00	1	0.000000e+00
3.500000e+02	2.480000e+02	0.000000e+00	1	0.000000e+00
3.580000e+02	2.430000e+02	0.000000e+00	1	0.000000e+00
3.380000e+02	2.590000e+02	0.000000e+00	1	0.000000e+00
3.360000e+02	2.600000e+02	0.000000e+00	1	0.000000e+00
3.360000e+02	2.600000e+02	0.000000e+00	1	0.000000e+00
3.360000e+02	2.600000e+02	0.000000e+00	1	0.000000e+00
3.340000e+02	2.630000e+02	0.000000e+00	1	0.000000e+00
2.870000e+02	3.180000e+02	0.000000e+00	1	0.000000e+00
3.410000e+02	2.550000e+02	0.000000e+00	1	0.000000e+00
3.520000e+02	2.470000e+02	0.000000e+00	1	0.000000e+00
3.140000e+02	2.850000e+02	0.000000e+00	1	0.000000e+00
3.460000e+02	2.530000e+02	0.000000e+00	1	0.000000e+00
3.410000e+02	2.550000e+02	0.000000e+00	1	0.000000e+00
2.820000e+02	3.220000e+02	0.000000e+00	1	0.000000e+00
3.130000e+02	2.860000e+02	0.000000e+00	1	0.000000e+00
3.410000e+02	2.550000e+02	0.000000e+00	1	0.000000e+00
3.340000e+02	2.630000e+02	0.000000e+00	1	0.000000e+00
3.090000e+02	2.920000e+02	0.000000e+00	1	0.000000e+00
3.080000e+02	2.940000e+02	0.000000e+00	1	0.000000e+00
3.440000e+02	2.540000e+02	0.000000e+00	1	0.000000e+00
2.490000e+02	3.780000e+02	0.000000e+00	1	0.000000e+00
2.860000e+02	3.190000e+02	0.000000e+00	1	0.000000e+00
3.410000e+02	2.550000e+02	0.000000e+00	1	0.000000e+00
3.050000e+02	2.950000e+02	0.000000e+00	1	0.000000e+00
3.360000e+02	2.600000e+02	0.000000e+00	1	0.000000e+00
3.320000e+02	2.660000e+02	0.000000e+00	1	0.000000e+00
3.200000e+02	2.780000e+02	0.000000e+00	1	0.000000e+00
2.970000e+02	3.060000e+02	0.000000e+00	1	0.000000e+00
3.130000e+02	2.860000e+02	0.000000e+00	1	0.000000e+00
3.130000e+02	2.860000e+02	0.000000e+00	1	0.000000e+00
3.250000e+02	2.720000e+02	0.000000e+00	1	0.000000e+00
3.050000e+02	2.950000e+02	0.000000e+00	1	0.000000e+00
3.410000e+02	2.550000e+02	0.000000e+00	1	0.000000e+00
3.320000e+02	2.660000e+02	0.000000e+00	1	0.000000e+00
2.700000e+02	3.360000e+02	0.000000e+00	1	0.000000e+00
3.410000e+02	2.550000e+02	0.000000e+00	1	0.000000e+00
3.410000e+02	2.550000e+02	0.000000e+00	1	0.000000e+00
2.630000e+02	3.440000e+02	0.000000e+00	1	0.000000e+00
3.330000e+02	2.640000e+02	0.000000e+00	1	0.000000e+00
3.480000e+02	2.500000e+02	0.000000e+00	1	0.000000e+00
2.950000e+02	3.080000e+02	0.000000e+00	1	0.000000e+00
3.480000e+02	2.500000e+02	0.000000e+00	1	0.000000e+00
2.840000e+02	3.200000e+02	0.000000e+00	1	0.000000e+00
3.080000e+02	2.940000e+02	0.000000e+00	1	0.000000e+00
3.280000e+02	2.700000e+02	0.000000e+00	1	0.000000e+00
3.290000e+02	2.690000e+02	0.000000e+00	1	0.000000e+00
3.360000e+02	2.600000e+02	0.000000e+00	1	0.000000e+00
3.130000e+02	2.860000e+02	0.000000e+00	1	0.000000e+00
3.410000e+02	2.550000e+02	0.000000e+00	1	0.000000e+00
3.050000e+02	2.950000e+02	0.000000e+00	1	0.000000e+00
3.410000e+02	2.550000e+02	0.000000e+00	1	0.000000e+00
3.290000e+02	2.690000e+02	0.000000e+00	1	0.000000e+00
3.090000e+02	2.920000e+02	0.000000e+00	1	0.000000e+00
3.030000e+02	2.980000e+02	0.000000e+00	1	0.000000e+00
3.480000e+02	2.500000e+02	0.000000e+00	1	0.000000e+00
3.050000e+02	2.950000e+02	0.000000e+00	1	0.000000e+00
3.130000e+02	2.860000e+02	0.000000e+00	1	0.000000e+00
2.650000e+02	3.420000e+02	0.000000e+00	1	0.000000e+00
3.050000e+02	2.950000e+02	0.000000e+00	1	0.000000e+00
3.480000e+02	2.500000e+02	0.000000e+00	1	0.000000e+00
3.400000e+02	2.570000e+02	0.000000e+00	1	0.000000e+00
3.380000e+02	2.590000e+02	0.000000e+00	1	0.000000e+00
3.340000e+02	2.630000e+02	0.000000e+00	1	0.000000e+00
3.340000e+02	2.630000e+02	0.000000e+00	1	0.000000e+00
3.560000e+02	2.440000e+02	0.000000e+00	1	0.000000e+00
3.410000e+02	2.550000e+02	0.000000e+00	1	0.000000e+00
2.650000e+02	3.420000e+02	0.000000e+00	1	0.000000e+00
3.050000e+02	2.950000e+02	0.000000e+00	1	0.000000e+00
3.400000e+02	2.570000e+02	0.000000e+00	1	0.000000e+00
2.860000e+02	3.190000e+02	0.000000e+00	1	0.000000e+00
3.140000e+02	2.850000e+02	0.000000e+00	1	0.000000e+00
3.050000e+02	2.950000e+02	0.000000e+00	1	0.000000e+00
3.560000e+02	2.440000e+02	0.000000e+00	1	0.000000e+00
3.440000e+02	2.540000e+02	0.000000e+00	1	0.000000e+00
2.650000e+02	3.420000e+02	0.000000e+00	1	0.000000e+00
3.180000e+02	2.810000e+02	0.000000e+00	1	0.000000e+00
2.500000e+02	3.770000e+02	0.000000e+00	1	0.000000e+00
3.250000e+02	2.720000e+02	0.000000e+00	1	0.000000e+00
2.870000e+02	3.180000e+02	0.000000e+00	1	0.000000e+00
2.470000e+02	3.800000e+02	0.000000e+00	1	0.000000e+00
2.750000e+02	3.290000e+02	0.000000e+00	1	0.000000e+00
2.630000e+02	3.440000e+02	0.000000e+00	1	0.000000e+00
3.410000e+02	2.550000e+02	0.000000e+00	1	0.000000e+00
2.970000e+02	3.060000e+02	0.000000e+00	1	0.000000e+00
3.320000e+02	2.660000e+02	0.000000e+00	1	0.000000e+00
3.050000e+02	2.950000e+02	0.000000e+00	1	0.000000e+00
3.440000e+02	2.540000e+02	0.000000e+00	1	0.000000e+00
3.410000e+02	2.550000e+02	0.000000e+00	1	0.000000e+00
3.520000e+02	2.470000e+02	0.000000e+00	1	0.000000e+00
3.500000e+02	2.480000e+02	0.000000e+00	1	0.000000e+00
3.250000e+02	2.720000e+02	0.000000e+00	1	0.000000e+00
3.310000e+02	2.670000e+02	0.000000e+00	1	0.000000e+00
3.050000e+02	2.950000e+02	0.000000e+00	1	0.000000e+00
2.860000e+02	3.190000e+02	0.000000e+00	1	0.000000e+00
2.970000e+02	3.060000e+02	0.000000e+00	1	0.000000e+00
3.460000e+02	2.530000e+02	0.000000e+00	1	0.000000e+00
2.840000e+02	3.200000e+02	0.000000e+00	1	0.000000e+00
3.180000e+02	2.810000e+02	0.000000e+00	1	0.000000e+00
2.970000e+02	3.060000e+02	0.000000e+00	1	0.000000e+00
2.900000e+02	3.130000e+02	0.000000e+00	1	0.000000e+00
3.290000e+02	2.690000e+02	0.000000e+00	1	0.000000e+00
3.410000e+02	2.550000e+02	0.000000e+00	1	0.000000e+00
3.480000e+02	2.500000e+02	0.000000e+00	1	0.000000e+00
2.670000e+02	3.390000e+02	0.000000e+00	1	0.000000e+00
3.240000e+02	2.750000e+02	0.000000e+00	1	0.000000e+00
3.290000e+02	2.690000e+02	0.000000e+00	1	0.000000e+00
3.090000e+02	2.920000e+02	0.000000e+00	1	0.000000e+00
3.310000e+02	2.670000e+02	0.000000e+00	1	0.000000e+00
3.460000e+02	2.530000e+02	0.000000e+00	1	0.000000e+00
3.130000e+02	2.860000e+02	0.000000e+00	1	0.000000e+00
2.950000e+02	3.080000e+02	0.000000e+00	1	0.000000e+00
3.090000e+02	2.920000e+02	0.000000e+00	1	0.000000e+00
3.410000e+02	2.550000e+02	0.000000e+00	1	0.000000e+00
3.500000e+02	2.480000e+02	0.000000e+00	1	0.000000e+00
3.050000e+02	2.950000e+02	0.000000e+00	1	0.000000e+00
3.440000e+02	2.540000e+02	0.000000e+00	1	0.000000e+00
3.380000e+02	2.590000e+02	0.000000e+00	1	0.000000e+00
2.740000e+02	3.310000e+02	0.000000e+00	1	0.000000e+00
3.340000e+02	2.630000e+02	0.000000e+00	1	0.000000e+00
2.700000e+02	3.360000e+02	0.000000e+00	1	0.000000e+00
3.280000e+02	2.700000e+02	0.000000e+00	1	0.000000e+00
3.340000e+02	2.630000e+02	0.000000e+00	1	0.000000e+00
3.090000e+02	2.920000e+02	0.000000e+00	1	0.000000e+00
3.050000e+02	2.950000e+02	0.000000e+00	1	0.000000e+00
3.410000e+02	2.550000e+02	0.000000e+00	1	0.000000e+00
3.250000e+02	2.720000e+02	0.000000e+00	1	0.000000e+00
2.700000e+02	3.360000e+02	0.000000e+00	1	0.000000e+00
3.140000e+02	2.850000e+02	0.000000e+00	1	0.000000e+00
3.410000e+02	2.550000e+02	0.000000e+00	1	0.000000e+00
3.240000e+02	2.750000e+02	0.000000e+00	1	0.000000e+00
3.090000e+02	2.920000e+02	0.000000e+00	1	0.000000e+00
3.330000e+02	2.640000e+02	0.000000e+00	1	0.000000e+00
2.470000e+02	3.800000e+02	0.000000e+00	1	0.000000e+00
3.360000e+02	2.600000e+02	0.000000e+00	1	0.000000e+00
3.320000e+02	2.660000e+02	0.000000e+00	1	0.000000e+00
3.460000e+02	2.530000e+02	0.000000e+00	1	0.000000e+00
3.460000e+02	2.530000e+02	0.000000e+00	1	0.000000e+00
2.470000e+02	3.800000e+02	0.000000e+00	1	0.000000e+00
2.540000e+02	3.580000e+02	0.000000e+00	1	0.000000e+00
3.340000e+02	2.630000e+02	0.000000e+00	1	0.000000e+00
2.770000e+02	3.260000e+02	0.000000e+00	1	0.000000e+00
3.310000e+02	2.670000e+02	0.000000e+00	1	0.000000e+00
3.380000e+02	2.590000e+02	0.000000e+00	1	0.000000e+00
3.240000e+02	2.750000e+02	0.000000e+00	1	0.000000e+00
3.180000e+02	2.810000e+02	0.000000e+00	1	0.000000e+00
3.010000e+02	3.010000e+02	0.000000e+00	1	0.000000e+00
2.970000e+02	3.060000e+02	0.000000e+00	1	0.000000e+00
3.130000e+02	2.860000e+02	0.000000e+00	1	0.000000e+00
3.440000e+02	2.540000e+02	0.000000e+00	1	0.000000e+00
3.250000e+02	2.720000e+02	0.000000e+00	1	0.000000e+00
3.560000e+02	2.440000e+02	0.000000e+00	1	0.000000e+00
3.140000e+02	2.850000e+02	0.000000e+00	1	0.000000e+00
3.410000e+02	2.550000e+02	0.000000e+00	1	0.000000e+00
3.520000e+02	2.470000e+02	0.000000e+00	1	0.000000e+00
2.580000e+02	3.490000e+02	0.000000e+00	1	0.000000e+00
3.250000e+02	2.720000e+02	0.000000e+00	1	0.000000e+00
3.130000e+02	2.860000e+02	0.000000e+00	1	0.000000e+00
3.340000e+02	2.630000e+02	0.000000e+00	1	0.000000e+00
3.320000e+02	2.660000e+02	0.000000e+00	1	0.000000e+00
3.580000e+02	2.430000e+02	0.000000e+00	1	0.000000e+00
3.320000e+02	2.660000e+02	0.000000e+00	1	0.000000e+00
3.460000e+02	2.530000e+02	0.000000e+00	1	0.000000e+00
2.580000e+02	3.490000e+02	0.000000e+00	1	0.000000e+00
3.360000e+02	2.600000e+02	0.000000e+00	1	0.000000e+00
3.410000e+02	2.550000e+02	0.000000e+00	1	0.000000e+00
3.380000e+02	2.590000e+02	0.000000e+00	1	0.000000e+00
Total execution time: 1227.547
