# This file contains the data of final feasible population (if found)
# of objectives = 2, # of constraints = 0, # of real_var = 0, # of bits of bin_var = 0, constr_violation, rank, crowding_distance
5.375000e-01	5.220408e-01	0.000000e+00	1	1.000000e+14
5.446429e-01	5.175510e-01	0.000000e+00	1	1.000000e+14
5.410714e-01	5.200000e-01	0.000000e+00	1	3.636364e-01
5.375000e-01	5.220408e-01	0.000000e+00	1	3.219697e-01
5.410714e-01	5.200000e-01	0.000000e+00	1	2.727273e-01
5.446429e-01	5.175510e-01	0.000000e+00	1	2.727273e-01
5.446429e-01	5.175510e-01	0.000000e+00	1	2.500000e-01
5.404762e-01	5.210204e-01	0.000000e+00	1	2.083333e-01
5.404762e-01	5.210204e-01	0.000000e+00	1	1.136364e-01
5.404762e-01	5.210204e-01	0.000000e+00	1	1.136364e-01
5.410714e-01	5.200000e-01	0.000000e+00	1	4.166667e-02
5.404762e-01	5.210204e-01	0.000000e+00	1	4.166667e-02
5.446429e-01	5.175510e-01	0.000000e+00	1	0.000000e+00
5.446429e-01	5.175510e-01	0.000000e+00	1	0.000000e+00
5.446429e-01	5.175510e-01	0.000000e+00	1	0.000000e+00
5.404762e-01	5.210204e-01	0.000000e+00	1	0.000000e+00
5.446429e-01	5.175510e-01	0.000000e+00	1	0.000000e+00
5.446429e-01	5.175510e-01	0.000000e+00	1	0.000000e+00
5.446429e-01	5.175510e-01	0.000000e+00	1	0.000000e+00
5.446429e-01	5.175510e-01	0.000000e+00	1	0.000000e+00
5.446429e-01	5.175510e-01	0.000000e+00	1	0.000000e+00
5.446429e-01	5.175510e-01	0.000000e+00	1	0.000000e+00
5.446429e-01	5.175510e-01	0.000000e+00	1	0.000000e+00
5.446429e-01	5.175510e-01	0.000000e+00	1	0.000000e+00
5.446429e-01	5.175510e-01	0.000000e+00	1	0.000000e+00
5.446429e-01	5.175510e-01	0.000000e+00	1	0.000000e+00
5.446429e-01	5.175510e-01	0.000000e+00	1	0.000000e+00
5.446429e-01	5.175510e-01	0.000000e+00	1	0.000000e+00
5.446429e-01	5.175510e-01	0.000000e+00	1	0.000000e+00
5.446429e-01	5.175510e-01	0.000000e+00	1	0.000000e+00
5.446429e-01	5.175510e-01	0.000000e+00	1	0.000000e+00
5.446429e-01	5.175510e-01	0.000000e+00	1	0.000000e+00
5.446429e-01	5.175510e-01	0.000000e+00	1	0.000000e+00
5.446429e-01	5.175510e-01	0.000000e+00	1	0.000000e+00
5.446429e-01	5.175510e-01	0.000000e+00	1	0.000000e+00
5.446429e-01	5.175510e-01	0.000000e+00	1	0.000000e+00
5.446429e-01	5.175510e-01	0.000000e+00	1	0.000000e+00
5.446429e-01	5.175510e-01	0.000000e+00	1	0.000000e+00
5.446429e-01	5.175510e-01	0.000000e+00	1	0.000000e+00
5.446429e-01	5.175510e-01	0.000000e+00	1	0.000000e+00
5.446429e-01	5.175510e-01	0.000000e+00	1	0.000000e+00
5.446429e-01	5.175510e-01	0.000000e+00	1	0.000000e+00
5.446429e-01	5.175510e-01	0.000000e+00	1	0.000000e+00
5.446429e-01	5.175510e-01	0.000000e+00	1	0.000000e+00
5.446429e-01	5.175510e-01	0.000000e+00	1	0.000000e+00
5.446429e-01	5.175510e-01	0.000000e+00	1	0.000000e+00
5.446429e-01	5.175510e-01	0.000000e+00	1	0.000000e+00
5.446429e-01	5.175510e-01	0.000000e+00	1	0.000000e+00
5.446429e-01	5.175510e-01	0.000000e+00	1	0.000000e+00
5.446429e-01	5.175510e-01	0.000000e+00	1	0.000000e+00
5.446429e-01	5.175510e-01	0.000000e+00	1	0.000000e+00
5.446429e-01	5.175510e-01	0.000000e+00	1	0.000000e+00
5.404762e-01	5.210204e-01	0.000000e+00	1	0.000000e+00
5.446429e-01	5.175510e-01	0.000000e+00	1	0.000000e+00
5.446429e-01	5.175510e-01	0.000000e+00	1	0.000000e+00
5.446429e-01	5.175510e-01	0.000000e+00	1	0.000000e+00
5.446429e-01	5.175510e-01	0.000000e+00	1	0.000000e+00
5.446429e-01	5.175510e-01	0.000000e+00	1	0.000000e+00
5.446429e-01	5.175510e-01	0.000000e+00	1	0.000000e+00
5.446429e-01	5.175510e-01	0.000000e+00	1	0.000000e+00
5.446429e-01	5.175510e-01	0.000000e+00	1	0.000000e+00
5.446429e-01	5.175510e-01	0.000000e+00	1	0.000000e+00
5.446429e-01	5.175510e-01	0.000000e+00	1	0.000000e+00
5.446429e-01	5.175510e-01	0.000000e+00	1	0.000000e+00
5.446429e-01	5.175510e-01	0.000000e+00	1	0.000000e+00
5.446429e-01	5.175510e-01	0.000000e+00	1	0.000000e+00
5.446429e-01	5.175510e-01	0.000000e+00	1	0.000000e+00
5.446429e-01	5.175510e-01	0.000000e+00	1	0.000000e+00
5.446429e-01	5.175510e-01	0.000000e+00	1	0.000000e+00
5.446429e-01	5.175510e-01	0.000000e+00	1	0.000000e+00
5.446429e-01	5.175510e-01	0.000000e+00	1	0.000000e+00
5.446429e-01	5.175510e-01	0.000000e+00	1	0.000000e+00
5.446429e-01	5.175510e-01	0.000000e+00	1	0.000000e+00
5.446429e-01	5.175510e-01	0.000000e+00	1	0.000000e+00
5.446429e-01	5.175510e-01	0.000000e+00	1	0.000000e+00
5.446429e-01	5.175510e-01	0.000000e+00	1	0.000000e+00
5.446429e-01	5.175510e-01	0.000000e+00	1	0.000000e+00
5.446429e-01	5.175510e-01	0.000000e+00	1	0.000000e+00
5.446429e-01	5.175510e-01	0.000000e+00	1	0.000000e+00
5.446429e-01	5.175510e-01	0.000000e+00	1	0.000000e+00
5.446429e-01	5.175510e-01	0.000000e+00	1	0.000000e+00
5.446429e-01	5.175510e-01	0.000000e+00	1	0.000000e+00
5.446429e-01	5.175510e-01	0.000000e+00	1	0.000000e+00
5.446429e-01	5.175510e-01	0.000000e+00	1	0.000000e+00
5.446429e-01	5.175510e-01	0.000000e+00	1	0.000000e+00
5.446429e-01	5.175510e-01	0.000000e+00	1	0.000000e+00
5.446429e-01	5.175510e-01	0.000000e+00	1	0.000000e+00
5.446429e-01	5.175510e-01	0.000000e+00	1	0.000000e+00
5.446429e-01	5.175510e-01	0.000000e+00	1	0.000000e+00
5.446429e-01	5.175510e-01	0.000000e+00	1	0.000000e+00
5.446429e-01	5.175510e-01	0.000000e+00	1	0.000000e+00
5.446429e-01	5.175510e-01	0.000000e+00	1	0.000000e+00
5.446429e-01	5.175510e-01	0.000000e+00	1	0.000000e+00
5.446429e-01	5.175510e-01	0.000000e+00	1	0.000000e+00
5.446429e-01	5.175510e-01	0.000000e+00	1	0.000000e+00
5.446429e-01	5.175510e-01	0.000000e+00	1	0.000000e+00
5.446429e-01	5.175510e-01	0.000000e+00	1	0.000000e+00
5.446429e-01	5.175510e-01	0.000000e+00	1	0.000000e+00
5.446429e-01	5.175510e-01	0.000000e+00	1	0.000000e+00
5.446429e-01	5.175510e-01	0.000000e+00	1	0.000000e+00
5.446429e-01	5.175510e-01	0.000000e+00	1	0.000000e+00
5.446429e-01	5.175510e-01	0.000000e+00	1	0.000000e+00
5.446429e-01	5.175510e-01	0.000000e+00	1	0.000000e+00
5.446429e-01	5.175510e-01	0.000000e+00	1	0.000000e+00
5.446429e-01	5.175510e-01	0.000000e+00	1	0.000000e+00
5.446429e-01	5.175510e-01	0.000000e+00	1	0.000000e+00
5.446429e-01	5.175510e-01	0.000000e+00	1	0.000000e+00
5.446429e-01	5.175510e-01	0.000000e+00	1	0.000000e+00
5.446429e-01	5.175510e-01	0.000000e+00	1	0.000000e+00
5.446429e-01	5.175510e-01	0.000000e+00	1	0.000000e+00
5.446429e-01	5.175510e-01	0.000000e+00	1	0.000000e+00
5.446429e-01	5.175510e-01	0.000000e+00	1	0.000000e+00
5.446429e-01	5.175510e-01	0.000000e+00	1	0.000000e+00
5.446429e-01	5.175510e-01	0.000000e+00	1	0.000000e+00
5.446429e-01	5.175510e-01	0.000000e+00	1	0.000000e+00
5.446429e-01	5.175510e-01	0.000000e+00	1	0.000000e+00
5.446429e-01	5.175510e-01	0.000000e+00	1	0.000000e+00
5.404762e-01	5.210204e-01	0.000000e+00	1	0.000000e+00
5.446429e-01	5.175510e-01	0.000000e+00	1	0.000000e+00
5.446429e-01	5.175510e-01	0.000000e+00	1	0.000000e+00
5.446429e-01	5.175510e-01	0.000000e+00	1	0.000000e+00
5.446429e-01	5.175510e-01	0.000000e+00	1	0.000000e+00
5.446429e-01	5.175510e-01	0.000000e+00	1	0.000000e+00
5.446429e-01	5.175510e-01	0.000000e+00	1	0.000000e+00
5.446429e-01	5.175510e-01	0.000000e+00	1	0.000000e+00
5.446429e-01	5.175510e-01	0.000000e+00	1	0.000000e+00
5.446429e-01	5.175510e-01	0.000000e+00	1	0.000000e+00
5.446429e-01	5.175510e-01	0.000000e+00	1	0.000000e+00
5.446429e-01	5.175510e-01	0.000000e+00	1	0.000000e+00
5.446429e-01	5.175510e-01	0.000000e+00	1	0.000000e+00
5.446429e-01	5.175510e-01	0.000000e+00	1	0.000000e+00
5.446429e-01	5.175510e-01	0.000000e+00	1	0.000000e+00
5.446429e-01	5.175510e-01	0.000000e+00	1	0.000000e+00
5.446429e-01	5.175510e-01	0.000000e+00	1	0.000000e+00
5.446429e-01	5.175510e-01	0.000000e+00	1	0.000000e+00
5.446429e-01	5.175510e-01	0.000000e+00	1	0.000000e+00
5.446429e-01	5.175510e-01	0.000000e+00	1	0.000000e+00
5.446429e-01	5.175510e-01	0.000000e+00	1	0.000000e+00
5.446429e-01	5.175510e-01	0.000000e+00	1	0.000000e+00
5.446429e-01	5.175510e-01	0.000000e+00	1	0.000000e+00
5.446429e-01	5.175510e-01	0.000000e+00	1	0.000000e+00
5.446429e-01	5.175510e-01	0.000000e+00	1	0.000000e+00
5.446429e-01	5.175510e-01	0.000000e+00	1	0.000000e+00
5.446429e-01	5.175510e-01	0.000000e+00	1	0.000000e+00
5.446429e-01	5.175510e-01	0.000000e+00	1	0.000000e+00
5.446429e-01	5.175510e-01	0.000000e+00	1	0.000000e+00
5.446429e-01	5.175510e-01	0.000000e+00	1	0.000000e+00
5.446429e-01	5.175510e-01	0.000000e+00	1	0.000000e+00
5.446429e-01	5.175510e-01	0.000000e+00	1	0.000000e+00
5.446429e-01	5.175510e-01	0.000000e+00	1	0.000000e+00
5.446429e-01	5.175510e-01	0.000000e+00	1	0.000000e+00
5.446429e-01	5.175510e-01	0.000000e+00	1	0.000000e+00
5.446429e-01	5.175510e-01	0.000000e+00	1	0.000000e+00
5.375000e-01	5.220408e-01	0.000000e+00	1	0.000000e+00
5.446429e-01	5.175510e-01	0.000000e+00	1	0.000000e+00
5.446429e-01	5.175510e-01	0.000000e+00	1	0.000000e+00
5.446429e-01	5.175510e-01	0.000000e+00	1	0.000000e+00
5.446429e-01	5.175510e-01	0.000000e+00	1	0.000000e+00
5.446429e-01	5.175510e-01	0.000000e+00	1	0.000000e+00
5.446429e-01	5.175510e-01	0.000000e+00	1	0.000000e+00
5.446429e-01	5.175510e-01	0.000000e+00	1	0.000000e+00
5.446429e-01	5.175510e-01	0.000000e+00	1	0.000000e+00
5.446429e-01	5.175510e-01	0.000000e+00	1	0.000000e+00
5.446429e-01	5.175510e-01	0.000000e+00	1	0.000000e+00
5.446429e-01	5.175510e-01	0.000000e+00	1	0.000000e+00
5.446429e-01	5.175510e-01	0.000000e+00	1	0.000000e+00
5.446429e-01	5.175510e-01	0.000000e+00	1	0.000000e+00
5.446429e-01	5.175510e-01	0.000000e+00	1	0.000000e+00
5.446429e-01	5.175510e-01	0.000000e+00	1	0.000000e+00
5.446429e-01	5.175510e-01	0.000000e+00	1	0.000000e+00
5.446429e-01	5.175510e-01	0.000000e+00	1	0.000000e+00
5.446429e-01	5.175510e-01	0.000000e+00	1	0.000000e+00
5.404762e-01	5.210204e-01	0.000000e+00	1	0.000000e+00
5.446429e-01	5.175510e-01	0.000000e+00	1	0.000000e+00
5.446429e-01	5.175510e-01	0.000000e+00	1	0.000000e+00
5.446429e-01	5.175510e-01	0.000000e+00	1	0.000000e+00
5.446429e-01	5.175510e-01	0.000000e+00	1	0.000000e+00
5.446429e-01	5.175510e-01	0.000000e+00	1	0.000000e+00
5.404762e-01	5.210204e-01	0.000000e+00	1	0.000000e+00
5.446429e-01	5.175510e-01	0.000000e+00	1	0.000000e+00
5.446429e-01	5.175510e-01	0.000000e+00	1	0.000000e+00
5.446429e-01	5.175510e-01	0.000000e+00	1	0.000000e+00
5.446429e-01	5.175510e-01	0.000000e+00	1	0.000000e+00
5.446429e-01	5.175510e-01	0.000000e+00	1	0.000000e+00
5.446429e-01	5.175510e-01	0.000000e+00	1	0.000000e+00
5.446429e-01	5.175510e-01	0.000000e+00	1	0.000000e+00
5.446429e-01	5.175510e-01	0.000000e+00	1	0.000000e+00
5.446429e-01	5.175510e-01	0.000000e+00	1	0.000000e+00
5.446429e-01	5.175510e-01	0.000000e+00	1	0.000000e+00
5.446429e-01	5.175510e-01	0.000000e+00	1	0.000000e+00
5.446429e-01	5.175510e-01	0.000000e+00	1	0.000000e+00
5.446429e-01	5.175510e-01	0.000000e+00	1	0.000000e+00
5.446429e-01	5.175510e-01	0.000000e+00	1	0.000000e+00
5.446429e-01	5.175510e-01	0.000000e+00	1	0.000000e+00
5.446429e-01	5.175510e-01	0.000000e+00	1	0.000000e+00
5.446429e-01	5.175510e-01	0.000000e+00	1	0.000000e+00
5.446429e-01	5.175510e-01	0.000000e+00	1	0.000000e+00
5.446429e-01	5.175510e-01	0.000000e+00	1	0.000000e+00
5.446429e-01	5.175510e-01	0.000000e+00	1	0.000000e+00
5.446429e-01	5.175510e-01	0.000000e+00	1	0.000000e+00
5.446429e-01	5.175510e-01	0.000000e+00	1	0.000000e+00
5.446429e-01	5.175510e-01	0.000000e+00	1	0.000000e+00
5.404762e-01	5.210204e-01	0.000000e+00	1	0.000000e+00
5.446429e-01	5.175510e-01	0.000000e+00	1	0.000000e+00
5.446429e-01	5.175510e-01	0.000000e+00	1	0.000000e+00
5.446429e-01	5.175510e-01	0.000000e+00	1	0.000000e+00
5.446429e-01	5.175510e-01	0.000000e+00	1	0.000000e+00
5.446429e-01	5.175510e-01	0.000000e+00	1	0.000000e+00
5.446429e-01	5.175510e-01	0.000000e+00	1	0.000000e+00
5.446429e-01	5.175510e-01	0.000000e+00	1	0.000000e+00
5.446429e-01	5.175510e-01	0.000000e+00	1	0.000000e+00
5.446429e-01	5.175510e-01	0.000000e+00	1	0.000000e+00
5.446429e-01	5.175510e-01	0.000000e+00	1	0.000000e+00
5.446429e-01	5.175510e-01	0.000000e+00	1	0.000000e+00
5.446429e-01	5.175510e-01	0.000000e+00	1	0.000000e+00
5.446429e-01	5.175510e-01	0.000000e+00	1	0.000000e+00
5.446429e-01	5.175510e-01	0.000000e+00	1	0.000000e+00
5.446429e-01	5.175510e-01	0.000000e+00	1	0.000000e+00
5.446429e-01	5.175510e-01	0.000000e+00	1	0.000000e+00
5.446429e-01	5.175510e-01	0.000000e+00	1	0.000000e+00
5.446429e-01	5.175510e-01	0.000000e+00	1	0.000000e+00
5.446429e-01	5.175510e-01	0.000000e+00	1	0.000000e+00
5.404762e-01	5.210204e-01	0.000000e+00	1	0.000000e+00
5.446429e-01	5.175510e-01	0.000000e+00	1	0.000000e+00
5.446429e-01	5.175510e-01	0.000000e+00	1	0.000000e+00
5.446429e-01	5.175510e-01	0.000000e+00	1	0.000000e+00
5.446429e-01	5.175510e-01	0.000000e+00	1	0.000000e+00
5.446429e-01	5.175510e-01	0.000000e+00	1	0.000000e+00
5.446429e-01	5.175510e-01	0.000000e+00	1	0.000000e+00
5.446429e-01	5.175510e-01	0.000000e+00	1	0.000000e+00
5.446429e-01	5.175510e-01	0.000000e+00	1	0.000000e+00
5.446429e-01	5.175510e-01	0.000000e+00	1	0.000000e+00
5.446429e-01	5.175510e-01	0.000000e+00	1	0.000000e+00
5.446429e-01	5.175510e-01	0.000000e+00	1	0.000000e+00
5.446429e-01	5.175510e-01	0.000000e+00	1	0.000000e+00
5.446429e-01	5.175510e-01	0.000000e+00	1	0.000000e+00
5.446429e-01	5.175510e-01	0.000000e+00	1	0.000000e+00
5.446429e-01	5.175510e-01	0.000000e+00	1	0.000000e+00
5.446429e-01	5.175510e-01	0.000000e+00	1	0.000000e+00
5.446429e-01	5.175510e-01	0.000000e+00	1	0.000000e+00
5.446429e-01	5.175510e-01	0.000000e+00	1	0.000000e+00
5.446429e-01	5.175510e-01	0.000000e+00	1	0.000000e+00
5.446429e-01	5.175510e-01	0.000000e+00	1	0.000000e+00
5.446429e-01	5.175510e-01	0.000000e+00	1	0.000000e+00
5.446429e-01	5.175510e-01	0.000000e+00	1	0.000000e+00
5.446429e-01	5.175510e-01	0.000000e+00	1	0.000000e+00
5.446429e-01	5.175510e-01	0.000000e+00	1	0.000000e+00
5.446429e-01	5.175510e-01	0.000000e+00	1	0.000000e+00
5.446429e-01	5.175510e-01	0.000000e+00	1	0.000000e+00
5.446429e-01	5.175510e-01	0.000000e+00	1	0.000000e+00
5.446429e-01	5.175510e-01	0.000000e+00	1	0.000000e+00
5.446429e-01	5.175510e-01	0.000000e+00	1	0.000000e+00
5.446429e-01	5.175510e-01	0.000000e+00	1	0.000000e+00
5.446429e-01	5.175510e-01	0.000000e+00	1	0.000000e+00
5.446429e-01	5.175510e-01	0.000000e+00	1	0.000000e+00
5.446429e-01	5.175510e-01	0.000000e+00	1	0.000000e+00
5.446429e-01	5.175510e-01	0.000000e+00	1	0.000000e+00
5.446429e-01	5.175510e-01	0.000000e+00	1	0.000000e+00
5.446429e-01	5.175510e-01	0.000000e+00	1	0.000000e+00
5.446429e-01	5.175510e-01	0.000000e+00	1	0.000000e+00
5.446429e-01	5.175510e-01	0.000000e+00	1	0.000000e+00
5.446429e-01	5.175510e-01	0.000000e+00	1	0.000000e+00
5.446429e-01	5.175510e-01	0.000000e+00	1	0.000000e+00
5.446429e-01	5.175510e-01	0.000000e+00	1	0.000000e+00
5.446429e-01	5.175510e-01	0.000000e+00	1	0.000000e+00
5.446429e-01	5.175510e-01	0.000000e+00	1	0.000000e+00
5.446429e-01	5.175510e-01	0.000000e+00	1	0.000000e+00
5.446429e-01	5.175510e-01	0.000000e+00	1	0.000000e+00
5.446429e-01	5.175510e-01	0.000000e+00	1	0.000000e+00
5.446429e-01	5.175510e-01	0.000000e+00	1	0.000000e+00
5.446429e-01	5.175510e-01	0.000000e+00	1	0.000000e+00
5.446429e-01	5.175510e-01	0.000000e+00	1	0.000000e+00
5.446429e-01	5.175510e-01	0.000000e+00	1	0.000000e+00
5.446429e-01	5.175510e-01	0.000000e+00	1	0.000000e+00
5.446429e-01	5.175510e-01	0.000000e+00	1	0.000000e+00
5.446429e-01	5.175510e-01	0.000000e+00	1	0.000000e+00
5.446429e-01	5.175510e-01	0.000000e+00	1	0.000000e+00
5.446429e-01	5.175510e-01	0.000000e+00	1	0.000000e+00
5.446429e-01	5.175510e-01	0.000000e+00	1	0.000000e+00
5.446429e-01	5.175510e-01	0.000000e+00	1	0.000000e+00
5.446429e-01	5.175510e-01	0.000000e+00	1	0.000000e+00
5.446429e-01	5.175510e-01	0.000000e+00	1	0.000000e+00
5.446429e-01	5.175510e-01	0.000000e+00	1	0.000000e+00
5.446429e-01	5.175510e-01	0.000000e+00	1	0.000000e+00
5.446429e-01	5.175510e-01	0.000000e+00	1	0.000000e+00
5.446429e-01	5.175510e-01	0.000000e+00	1	0.000000e+00
5.446429e-01	5.175510e-01	0.000000e+00	1	0.000000e+00
5.446429e-01	5.175510e-01	0.000000e+00	1	0.000000e+00
5.446429e-01	5.175510e-01	0.000000e+00	1	0.000000e+00
5.446429e-01	5.175510e-01	0.000000e+00	1	0.000000e+00
5.446429e-01	5.175510e-01	0.000000e+00	1	0.000000e+00
5.446429e-01	5.175510e-01	0.000000e+00	1	0.000000e+00
5.446429e-01	5.175510e-01	0.000000e+00	1	0.000000e+00
5.446429e-01	5.175510e-01	0.000000e+00	1	0.000000e+00
5.446429e-01	5.175510e-01	0.000000e+00	1	0.000000e+00
5.446429e-01	5.175510e-01	0.000000e+00	1	0.000000e+00
5.446429e-01	5.175510e-01	0.000000e+00	1	0.000000e+00
5.446429e-01	5.175510e-01	0.000000e+00	1	0.000000e+00
5.446429e-01	5.175510e-01	0.000000e+00	1	0.000000e+00
5.446429e-01	5.175510e-01	0.000000e+00	1	0.000000e+00
5.446429e-01	5.175510e-01	0.000000e+00	1	0.000000e+00
5.446429e-01	5.175510e-01	0.000000e+00	1	0.000000e+00
5.446429e-01	5.175510e-01	0.000000e+00	1	0.000000e+00
5.446429e-01	5.175510e-01	0.000000e+00	1	0.000000e+00
5.446429e-01	5.175510e-01	0.000000e+00	1	0.000000e+00
5.446429e-01	5.175510e-01	0.000000e+00	1	0.000000e+00
5.446429e-01	5.175510e-01	0.000000e+00	1	0.000000e+00
5.446429e-01	5.175510e-01	0.000000e+00	1	0.000000e+00
5.446429e-01	5.175510e-01	0.000000e+00	1	0.000000e+00
5.446429e-01	5.175510e-01	0.000000e+00	1	0.000000e+00
5.446429e-01	5.175510e-01	0.000000e+00	1	0.000000e+00
5.446429e-01	5.175510e-01	0.000000e+00	1	0.000000e+00
5.446429e-01	5.175510e-01	0.000000e+00	1	0.000000e+00
5.446429e-01	5.175510e-01	0.000000e+00	1	0.000000e+00
5.446429e-01	5.175510e-01	0.000000e+00	1	0.000000e+00
5.446429e-01	5.175510e-01	0.000000e+00	1	0.000000e+00
5.446429e-01	5.175510e-01	0.000000e+00	1	0.000000e+00
5.446429e-01	5.175510e-01	0.000000e+00	1	0.000000e+00
5.446429e-01	5.175510e-01	0.000000e+00	1	0.000000e+00
5.446429e-01	5.175510e-01	0.000000e+00	1	0.000000e+00
5.446429e-01	5.175510e-01	0.000000e+00	1	0.000000e+00
5.446429e-01	5.175510e-01	0.000000e+00	1	0.000000e+00
5.446429e-01	5.175510e-01	0.000000e+00	1	0.000000e+00
5.446429e-01	5.175510e-01	0.000000e+00	1	0.000000e+00
5.446429e-01	5.175510e-01	0.000000e+00	1	0.000000e+00
5.446429e-01	5.175510e-01	0.000000e+00	1	0.000000e+00
5.446429e-01	5.175510e-01	0.000000e+00	1	0.000000e+00
5.446429e-01	5.175510e-01	0.000000e+00	1	0.000000e+00
5.446429e-01	5.175510e-01	0.000000e+00	1	0.000000e+00
5.446429e-01	5.175510e-01	0.000000e+00	1	0.000000e+00
5.446429e-01	5.175510e-01	0.000000e+00	1	0.000000e+00
5.404762e-01	5.210204e-01	0.000000e+00	1	0.000000e+00
5.446429e-01	5.175510e-01	0.000000e+00	1	0.000000e+00
5.404762e-01	5.210204e-01	0.000000e+00	1	0.000000e+00
5.446429e-01	5.175510e-01	0.000000e+00	1	0.000000e+00
5.446429e-01	5.175510e-01	0.000000e+00	1	0.000000e+00
5.446429e-01	5.175510e-01	0.000000e+00	1	0.000000e+00
5.446429e-01	5.175510e-01	0.000000e+00	1	0.000000e+00
5.404762e-01	5.210204e-01	0.000000e+00	1	0.000000e+00
5.446429e-01	5.175510e-01	0.000000e+00	1	0.000000e+00
5.446429e-01	5.175510e-01	0.000000e+00	1	0.000000e+00
5.446429e-01	5.175510e-01	0.000000e+00	1	0.000000e+00
5.446429e-01	5.175510e-01	0.000000e+00	1	0.000000e+00
5.446429e-01	5.175510e-01	0.000000e+00	1	0.000000e+00
5.446429e-01	5.175510e-01	0.000000e+00	1	0.000000e+00
5.446429e-01	5.175510e-01	0.000000e+00	1	0.000000e+00
5.446429e-01	5.175510e-01	0.000000e+00	1	0.000000e+00
5.446429e-01	5.175510e-01	0.000000e+00	1	0.000000e+00
5.446429e-01	5.175510e-01	0.000000e+00	1	0.000000e+00
5.446429e-01	5.175510e-01	0.000000e+00	1	0.000000e+00
5.446429e-01	5.175510e-01	0.000000e+00	1	0.000000e+00
5.446429e-01	5.175510e-01	0.000000e+00	1	0.000000e+00
5.446429e-01	5.175510e-01	0.000000e+00	1	0.000000e+00
5.446429e-01	5.175510e-01	0.000000e+00	1	0.000000e+00
5.446429e-01	5.175510e-01	0.000000e+00	1	0.000000e+00
5.446429e-01	5.175510e-01	0.000000e+00	1	0.000000e+00
5.446429e-01	5.175510e-01	0.000000e+00	1	0.000000e+00
5.446429e-01	5.175510e-01	0.000000e+00	1	0.000000e+00
5.446429e-01	5.175510e-01	0.000000e+00	1	0.000000e+00
5.446429e-01	5.175510e-01	0.000000e+00	1	0.000000e+00
5.446429e-01	5.175510e-01	0.000000e+00	1	0.000000e+00
5.446429e-01	5.175510e-01	0.000000e+00	1	0.000000e+00
5.446429e-01	5.175510e-01	0.000000e+00	1	0.000000e+00
5.446429e-01	5.175510e-01	0.000000e+00	1	0.000000e+00
5.404762e-01	5.210204e-01	0.000000e+00	1	0.000000e+00
5.446429e-01	5.175510e-01	0.000000e+00	1	0.000000e+00
5.404762e-01	5.210204e-01	0.000000e+00	1	0.000000e+00
5.446429e-01	5.175510e-01	0.000000e+00	1	0.000000e+00
5.446429e-01	5.175510e-01	0.000000e+00	1	0.000000e+00
5.446429e-01	5.175510e-01	0.000000e+00	1	0.000000e+00
5.404762e-01	5.210204e-01	0.000000e+00	1	0.000000e+00
5.446429e-01	5.175510e-01	0.000000e+00	1	0.000000e+00
5.446429e-01	5.175510e-01	0.000000e+00	1	0.000000e+00
5.446429e-01	5.175510e-01	0.000000e+00	1	0.000000e+00
5.446429e-01	5.175510e-01	0.000000e+00	1	0.000000e+00
5.446429e-01	5.175510e-01	0.000000e+00	1	0.000000e+00
5.446429e-01	5.175510e-01	0.000000e+00	1	0.000000e+00
5.446429e-01	5.175510e-01	0.000000e+00	1	0.000000e+00
5.446429e-01	5.175510e-01	0.000000e+00	1	0.000000e+00
5.446429e-01	5.175510e-01	0.000000e+00	1	0.000000e+00
5.446429e-01	5.175510e-01	0.000000e+00	1	0.000000e+00
5.446429e-01	5.175510e-01	0.000000e+00	1	0.000000e+00
5.446429e-01	5.175510e-01	0.000000e+00	1	0.000000e+00
5.446429e-01	5.175510e-01	0.000000e+00	1	0.000000e+00
5.446429e-01	5.175510e-01	0.000000e+00	1	0.000000e+00
5.446429e-01	5.175510e-01	0.000000e+00	1	0.000000e+00
5.446429e-01	5.175510e-01	0.000000e+00	1	0.000000e+00
5.446429e-01	5.175510e-01	0.000000e+00	1	0.000000e+00
5.446429e-01	5.175510e-01	0.000000e+00	1	0.000000e+00
5.446429e-01	5.175510e-01	0.000000e+00	1	0.000000e+00
5.446429e-01	5.175510e-01	0.000000e+00	1	0.000000e+00
5.446429e-01	5.175510e-01	0.000000e+00	1	0.000000e+00
5.446429e-01	5.175510e-01	0.000000e+00	1	0.000000e+00
5.446429e-01	5.175510e-01	0.000000e+00	1	0.000000e+00
5.446429e-01	5.175510e-01	0.000000e+00	1	0.000000e+00
5.446429e-01	5.175510e-01	0.000000e+00	1	0.000000e+00
5.446429e-01	5.175510e-01	0.000000e+00	1	0.000000e+00
5.446429e-01	5.175510e-01	0.000000e+00	1	0.000000e+00
5.446429e-01	5.175510e-01	0.000000e+00	1	0.000000e+00
5.446429e-01	5.175510e-01	0.000000e+00	1	0.000000e+00
5.404762e-01	5.210204e-01	0.000000e+00	1	0.000000e+00
5.446429e-01	5.175510e-01	0.000000e+00	1	0.000000e+00
5.446429e-01	5.175510e-01	0.000000e+00	1	0.000000e+00
5.446429e-01	5.175510e-01	0.000000e+00	1	0.000000e+00
5.446429e-01	5.175510e-01	0.000000e+00	1	0.000000e+00
5.446429e-01	5.175510e-01	0.000000e+00	1	0.000000e+00
5.446429e-01	5.175510e-01	0.000000e+00	1	0.000000e+00
5.446429e-01	5.175510e-01	0.000000e+00	1	0.000000e+00
5.446429e-01	5.175510e-01	0.000000e+00	1	0.000000e+00
5.446429e-01	5.175510e-01	0.000000e+00	1	0.000000e+00
5.446429e-01	5.175510e-01	0.000000e+00	1	0.000000e+00
5.446429e-01	5.175510e-01	0.000000e+00	1	0.000000e+00
5.446429e-01	5.175510e-01	0.000000e+00	1	0.000000e+00
5.446429e-01	5.175510e-01	0.000000e+00	1	0.000000e+00
5.446429e-01	5.175510e-01	0.000000e+00	1	0.000000e+00
5.446429e-01	5.175510e-01	0.000000e+00	1	0.000000e+00
5.446429e-01	5.175510e-01	0.000000e+00	1	0.000000e+00
5.446429e-01	5.175510e-01	0.000000e+00	1	0.000000e+00
5.446429e-01	5.175510e-01	0.000000e+00	1	0.000000e+00
5.446429e-01	5.175510e-01	0.000000e+00	1	0.000000e+00
5.446429e-01	5.175510e-01	0.000000e+00	1	0.000000e+00
5.446429e-01	5.175510e-01	0.000000e+00	1	0.000000e+00
5.446429e-01	5.175510e-01	0.000000e+00	1	0.000000e+00
5.446429e-01	5.175510e-01	0.000000e+00	1	0.000000e+00
5.446429e-01	5.175510e-01	0.000000e+00	1	0.000000e+00
5.446429e-01	5.175510e-01	0.000000e+00	1	0.000000e+00
5.446429e-01	5.175510e-01	0.000000e+00	1	0.000000e+00
5.446429e-01	5.175510e-01	0.000000e+00	1	0.000000e+00
5.446429e-01	5.175510e-01	0.000000e+00	1	0.000000e+00
5.446429e-01	5.175510e-01	0.000000e+00	1	0.000000e+00
5.446429e-01	5.175510e-01	0.000000e+00	1	0.000000e+00
5.446429e-01	5.175510e-01	0.000000e+00	1	0.000000e+00
5.446429e-01	5.175510e-01	0.000000e+00	1	0.000000e+00
5.446429e-01	5.175510e-01	0.000000e+00	1	0.000000e+00
5.446429e-01	5.175510e-01	0.000000e+00	1	0.000000e+00
5.446429e-01	5.175510e-01	0.000000e+00	1	0.000000e+00
5.446429e-01	5.175510e-01	0.000000e+00	1	0.000000e+00
5.446429e-01	5.175510e-01	0.000000e+00	1	0.000000e+00
5.446429e-01	5.175510e-01	0.000000e+00	1	0.000000e+00
5.446429e-01	5.175510e-01	0.000000e+00	1	0.000000e+00
5.375000e-01	5.220408e-01	0.000000e+00	1	0.000000e+00
5.446429e-01	5.175510e-01	0.000000e+00	1	0.000000e+00
5.446429e-01	5.175510e-01	0.000000e+00	1	0.000000e+00
5.446429e-01	5.175510e-01	0.000000e+00	1	0.000000e+00
5.446429e-01	5.175510e-01	0.000000e+00	1	0.000000e+00
5.446429e-01	5.175510e-01	0.000000e+00	1	0.000000e+00
5.446429e-01	5.175510e-01	0.000000e+00	1	0.000000e+00
5.446429e-01	5.175510e-01	0.000000e+00	1	0.000000e+00
5.446429e-01	5.175510e-01	0.000000e+00	1	0.000000e+00
5.446429e-01	5.175510e-01	0.000000e+00	1	0.000000e+00
5.446429e-01	5.175510e-01	0.000000e+00	1	0.000000e+00
5.446429e-01	5.175510e-01	0.000000e+00	1	0.000000e+00
5.446429e-01	5.175510e-01	0.000000e+00	1	0.000000e+00
5.446429e-01	5.175510e-01	0.000000e+00	1	0.000000e+00
5.446429e-01	5.175510e-01	0.000000e+00	1	0.000000e+00
5.446429e-01	5.175510e-01	0.000000e+00	1	0.000000e+00
5.446429e-01	5.175510e-01	0.000000e+00	1	0.000000e+00
5.446429e-01	5.175510e-01	0.000000e+00	1	0.000000e+00
5.446429e-01	5.175510e-01	0.000000e+00	1	0.000000e+00
5.446429e-01	5.175510e-01	0.000000e+00	1	0.000000e+00
5.446429e-01	5.175510e-01	0.000000e+00	1	0.000000e+00
5.446429e-01	5.175510e-01	0.000000e+00	1	0.000000e+00
5.446429e-01	5.175510e-01	0.000000e+00	1	0.000000e+00
5.446429e-01	5.175510e-01	0.000000e+00	1	0.000000e+00
5.446429e-01	5.175510e-01	0.000000e+00	1	0.000000e+00
5.446429e-01	5.175510e-01	0.000000e+00	1	0.000000e+00
5.446429e-01	5.175510e-01	0.000000e+00	1	0.000000e+00
5.446429e-01	5.175510e-01	0.000000e+00	1	0.000000e+00
5.446429e-01	5.175510e-01	0.000000e+00	1	0.000000e+00
5.446429e-01	5.175510e-01	0.000000e+00	1	0.000000e+00
5.446429e-01	5.175510e-01	0.000000e+00	1	0.000000e+00
5.446429e-01	5.175510e-01	0.000000e+00	1	0.000000e+00
5.446429e-01	5.175510e-01	0.000000e+00	1	0.000000e+00
5.446429e-01	5.175510e-01	0.000000e+00	1	0.000000e+00
5.446429e-01	5.175510e-01	0.000000e+00	1	0.000000e+00
5.446429e-01	5.175510e-01	0.000000e+00	1	0.000000e+00
5.446429e-01	5.175510e-01	0.000000e+00	1	0.000000e+00
5.446429e-01	5.175510e-01	0.000000e+00	1	0.000000e+00
5.446429e-01	5.175510e-01	0.000000e+00	1	0.000000e+00
5.446429e-01	5.175510e-01	0.000000e+00	1	0.000000e+00
5.446429e-01	5.175510e-01	0.000000e+00	1	0.000000e+00
5.446429e-01	5.175510e-01	0.000000e+00	1	0.000000e+00
5.446429e-01	5.175510e-01	0.000000e+00	1	0.000000e+00
5.446429e-01	5.175510e-01	0.000000e+00	1	0.000000e+00
5.446429e-01	5.175510e-01	0.000000e+00	1	0.000000e+00
5.446429e-01	5.175510e-01	0.000000e+00	1	0.000000e+00
5.446429e-01	5.175510e-01	0.000000e+00	1	0.000000e+00
5.446429e-01	5.175510e-01	0.000000e+00	1	0.000000e+00
5.446429e-01	5.175510e-01	0.000000e+00	1	0.000000e+00
5.446429e-01	5.175510e-01	0.000000e+00	1	0.000000e+00
5.446429e-01	5.175510e-01	0.000000e+00	1	0.000000e+00
5.446429e-01	5.175510e-01	0.000000e+00	1	0.000000e+00
5.446429e-01	5.175510e-01	0.000000e+00	1	0.000000e+00
5.446429e-01	5.175510e-01	0.000000e+00	1	0.000000e+00
5.446429e-01	5.175510e-01	0.000000e+00	1	0.000000e+00
5.446429e-01	5.175510e-01	0.000000e+00	1	0.000000e+00
5.446429e-01	5.175510e-01	0.000000e+00	1	0.000000e+00
5.446429e-01	5.175510e-01	0.000000e+00	1	0.000000e+00
5.446429e-01	5.175510e-01	0.000000e+00	1	0.000000e+00
5.446429e-01	5.175510e-01	0.000000e+00	1	0.000000e+00
Total execution time: 361.277
