# This file contains the data of final feasible population (if found)
# of objectives = 2, # of constraints = 0, # of real_var = 0, # of bits of bin_var = 0, constr_violation, rank, crowding_distance
5.227891e-01	4.818594e-01	0.000000e+00	1	1.000000e+14
4.970758e-01	5.025510e-01	0.000000e+00	1	1.000000e+14
4.970758e-01	5.025510e-01	0.000000e+00	1	4.424658e-01
5.081538e-01	4.842404e-01	0.000000e+00	1	4.424658e-01
5.081538e-01	4.842404e-01	0.000000e+00	1	2.845857e-01
5.081538e-01	4.842404e-01	0.000000e+00	1	2.729485e-01
4.970758e-01	5.025510e-01	0.000000e+00	1	2.154143e-01
5.227891e-01	4.818594e-01	0.000000e+00	1	5.753425e-02
4.970758e-01	5.025510e-01	0.000000e+00	1	0.000000e+00
4.970758e-01	5.025510e-01	0.000000e+00	1	0.000000e+00
4.970758e-01	5.025510e-01	0.000000e+00	1	0.000000e+00
4.970758e-01	5.025510e-01	0.000000e+00	1	0.000000e+00
4.970758e-01	5.025510e-01	0.000000e+00	1	0.000000e+00
4.970758e-01	5.025510e-01	0.000000e+00	1	0.000000e+00
4.970758e-01	5.025510e-01	0.000000e+00	1	0.000000e+00
4.970758e-01	5.025510e-01	0.000000e+00	1	0.000000e+00
4.970758e-01	5.025510e-01	0.000000e+00	1	0.000000e+00
4.970758e-01	5.025510e-01	0.000000e+00	1	0.000000e+00
4.970758e-01	5.025510e-01	0.000000e+00	1	0.000000e+00
4.970758e-01	5.025510e-01	0.000000e+00	1	0.000000e+00
4.970758e-01	5.025510e-01	0.000000e+00	1	0.000000e+00
4.970758e-01	5.025510e-01	0.000000e+00	1	0.000000e+00
4.970758e-01	5.025510e-01	0.000000e+00	1	0.000000e+00
4.970758e-01	5.025510e-01	0.000000e+00	1	0.000000e+00
4.970758e-01	5.025510e-01	0.000000e+00	1	0.000000e+00
4.970758e-01	5.025510e-01	0.000000e+00	1	0.000000e+00
4.970758e-01	5.025510e-01	0.000000e+00	1	0.000000e+00
4.970758e-01	5.025510e-01	0.000000e+00	1	0.000000e+00
4.970758e-01	5.025510e-01	0.000000e+00	1	0.000000e+00
4.970758e-01	5.025510e-01	0.000000e+00	1	0.000000e+00
4.970758e-01	5.025510e-01	0.000000e+00	1	0.000000e+00
4.970758e-01	5.025510e-01	0.000000e+00	1	0.000000e+00
4.970758e-01	5.025510e-01	0.000000e+00	1	0.000000e+00
4.970758e-01	5.025510e-01	0.000000e+00	1	0.000000e+00
4.970758e-01	5.025510e-01	0.000000e+00	1	0.000000e+00
4.970758e-01	5.025510e-01	0.000000e+00	1	0.000000e+00
4.970758e-01	5.025510e-01	0.000000e+00	1	0.000000e+00
4.970758e-01	5.025510e-01	0.000000e+00	1	0.000000e+00
4.970758e-01	5.025510e-01	0.000000e+00	1	0.000000e+00
4.970758e-01	5.025510e-01	0.000000e+00	1	0.000000e+00
4.970758e-01	5.025510e-01	0.000000e+00	1	0.000000e+00
4.970758e-01	5.025510e-01	0.000000e+00	1	0.000000e+00
4.970758e-01	5.025510e-01	0.000000e+00	1	0.000000e+00
4.970758e-01	5.025510e-01	0.000000e+00	1	0.000000e+00
4.970758e-01	5.025510e-01	0.000000e+00	1	0.000000e+00
4.970758e-01	5.025510e-01	0.000000e+00	1	0.000000e+00
4.970758e-01	5.025510e-01	0.000000e+00	1	0.000000e+00
4.970758e-01	5.025510e-01	0.000000e+00	1	0.000000e+00
4.970758e-01	5.025510e-01	0.000000e+00	1	0.000000e+00
4.970758e-01	5.025510e-01	0.000000e+00	1	0.000000e+00
4.970758e-01	5.025510e-01	0.000000e+00	1	0.000000e+00
4.970758e-01	5.025510e-01	0.000000e+00	1	0.000000e+00
4.970758e-01	5.025510e-01	0.000000e+00	1	0.000000e+00
4.970758e-01	5.025510e-01	0.000000e+00	1	0.000000e+00
4.970758e-01	5.025510e-01	0.000000e+00	1	0.000000e+00
4.970758e-01	5.025510e-01	0.000000e+00	1	0.000000e+00
4.970758e-01	5.025510e-01	0.000000e+00	1	0.000000e+00
4.970758e-01	5.025510e-01	0.000000e+00	1	0.000000e+00
4.970758e-01	5.025510e-01	0.000000e+00	1	0.000000e+00
4.970758e-01	5.025510e-01	0.000000e+00	1	0.000000e+00
4.970758e-01	5.025510e-01	0.000000e+00	1	0.000000e+00
4.970758e-01	5.025510e-01	0.000000e+00	1	0.000000e+00
4.970758e-01	5.025510e-01	0.000000e+00	1	0.000000e+00
4.970758e-01	5.025510e-01	0.000000e+00	1	0.000000e+00
4.970758e-01	5.025510e-01	0.000000e+00	1	0.000000e+00
4.970758e-01	5.025510e-01	0.000000e+00	1	0.000000e+00
4.970758e-01	5.025510e-01	0.000000e+00	1	0.000000e+00
4.970758e-01	5.025510e-01	0.000000e+00	1	0.000000e+00
4.970758e-01	5.025510e-01	0.000000e+00	1	0.000000e+00
4.970758e-01	5.025510e-01	0.000000e+00	1	0.000000e+00
4.970758e-01	5.025510e-01	0.000000e+00	1	0.000000e+00
4.970758e-01	5.025510e-01	0.000000e+00	1	0.000000e+00
4.970758e-01	5.025510e-01	0.000000e+00	1	0.000000e+00
4.970758e-01	5.025510e-01	0.000000e+00	1	0.000000e+00
4.970758e-01	5.025510e-01	0.000000e+00	1	0.000000e+00
4.970758e-01	5.025510e-01	0.000000e+00	1	0.000000e+00
4.970758e-01	5.025510e-01	0.000000e+00	1	0.000000e+00
4.970758e-01	5.025510e-01	0.000000e+00	1	0.000000e+00
4.970758e-01	5.025510e-01	0.000000e+00	1	0.000000e+00
4.970758e-01	5.025510e-01	0.000000e+00	1	0.000000e+00
4.970758e-01	5.025510e-01	0.000000e+00	1	0.000000e+00
4.970758e-01	5.025510e-01	0.000000e+00	1	0.000000e+00
4.970758e-01	5.025510e-01	0.000000e+00	1	0.000000e+00
4.970758e-01	5.025510e-01	0.000000e+00	1	0.000000e+00
4.970758e-01	5.025510e-01	0.000000e+00	1	0.000000e+00
4.970758e-01	5.025510e-01	0.000000e+00	1	0.000000e+00
4.970758e-01	5.025510e-01	0.000000e+00	1	0.000000e+00
4.970758e-01	5.025510e-01	0.000000e+00	1	0.000000e+00
4.970758e-01	5.025510e-01	0.000000e+00	1	0.000000e+00
4.970758e-01	5.025510e-01	0.000000e+00	1	0.000000e+00
4.970758e-01	5.025510e-01	0.000000e+00	1	0.000000e+00
4.970758e-01	5.025510e-01	0.000000e+00	1	0.000000e+00
4.970758e-01	5.025510e-01	0.000000e+00	1	0.000000e+00
4.970758e-01	5.025510e-01	0.000000e+00	1	0.000000e+00
4.970758e-01	5.025510e-01	0.000000e+00	1	0.000000e+00
4.970758e-01	5.025510e-01	0.000000e+00	1	0.000000e+00
4.970758e-01	5.025510e-01	0.000000e+00	1	0.000000e+00
4.970758e-01	5.025510e-01	0.000000e+00	1	0.000000e+00
4.970758e-01	5.025510e-01	0.000000e+00	1	0.000000e+00
4.970758e-01	5.025510e-01	0.000000e+00	1	0.000000e+00
4.970758e-01	5.025510e-01	0.000000e+00	1	0.000000e+00
4.970758e-01	5.025510e-01	0.000000e+00	1	0.000000e+00
4.970758e-01	5.025510e-01	0.000000e+00	1	0.000000e+00
4.970758e-01	5.025510e-01	0.000000e+00	1	0.000000e+00
4.970758e-01	5.025510e-01	0.000000e+00	1	0.000000e+00
4.970758e-01	5.025510e-01	0.000000e+00	1	0.000000e+00
4.970758e-01	5.025510e-01	0.000000e+00	1	0.000000e+00
4.970758e-01	5.025510e-01	0.000000e+00	1	0.000000e+00
4.970758e-01	5.025510e-01	0.000000e+00	1	0.000000e+00
4.970758e-01	5.025510e-01	0.000000e+00	1	0.000000e+00
4.970758e-01	5.025510e-01	0.000000e+00	1	0.000000e+00
4.970758e-01	5.025510e-01	0.000000e+00	1	0.000000e+00
4.970758e-01	5.025510e-01	0.000000e+00	1	0.000000e+00
4.970758e-01	5.025510e-01	0.000000e+00	1	0.000000e+00
4.970758e-01	5.025510e-01	0.000000e+00	1	0.000000e+00
4.970758e-01	5.025510e-01	0.000000e+00	1	0.000000e+00
4.970758e-01	5.025510e-01	0.000000e+00	1	0.000000e+00
4.970758e-01	5.025510e-01	0.000000e+00	1	0.000000e+00
4.970758e-01	5.025510e-01	0.000000e+00	1	0.000000e+00
4.970758e-01	5.025510e-01	0.000000e+00	1	0.000000e+00
4.970758e-01	5.025510e-01	0.000000e+00	1	0.000000e+00
4.970758e-01	5.025510e-01	0.000000e+00	1	0.000000e+00
4.970758e-01	5.025510e-01	0.000000e+00	1	0.000000e+00
4.970758e-01	5.025510e-01	0.000000e+00	1	0.000000e+00
4.970758e-01	5.025510e-01	0.000000e+00	1	0.000000e+00
4.970758e-01	5.025510e-01	0.000000e+00	1	0.000000e+00
4.970758e-01	5.025510e-01	0.000000e+00	1	0.000000e+00
4.970758e-01	5.025510e-01	0.000000e+00	1	0.000000e+00
4.970758e-01	5.025510e-01	0.000000e+00	1	0.000000e+00
4.970758e-01	5.025510e-01	0.000000e+00	1	0.000000e+00
4.970758e-01	5.025510e-01	0.000000e+00	1	0.000000e+00
4.970758e-01	5.025510e-01	0.000000e+00	1	0.000000e+00
4.970758e-01	5.025510e-01	0.000000e+00	1	0.000000e+00
4.970758e-01	5.025510e-01	0.000000e+00	1	0.000000e+00
4.970758e-01	5.025510e-01	0.000000e+00	1	0.000000e+00
4.970758e-01	5.025510e-01	0.000000e+00	1	0.000000e+00
4.970758e-01	5.025510e-01	0.000000e+00	1	0.000000e+00
4.970758e-01	5.025510e-01	0.000000e+00	1	0.000000e+00
4.970758e-01	5.025510e-01	0.000000e+00	1	0.000000e+00
4.970758e-01	5.025510e-01	0.000000e+00	1	0.000000e+00
4.970758e-01	5.025510e-01	0.000000e+00	1	0.000000e+00
4.970758e-01	5.025510e-01	0.000000e+00	1	0.000000e+00
4.970758e-01	5.025510e-01	0.000000e+00	1	0.000000e+00
4.970758e-01	5.025510e-01	0.000000e+00	1	0.000000e+00
4.970758e-01	5.025510e-01	0.000000e+00	1	0.000000e+00
4.970758e-01	5.025510e-01	0.000000e+00	1	0.000000e+00
4.970758e-01	5.025510e-01	0.000000e+00	1	0.000000e+00
4.970758e-01	5.025510e-01	0.000000e+00	1	0.000000e+00
4.970758e-01	5.025510e-01	0.000000e+00	1	0.000000e+00
4.970758e-01	5.025510e-01	0.000000e+00	1	0.000000e+00
4.970758e-01	5.025510e-01	0.000000e+00	1	0.000000e+00
4.970758e-01	5.025510e-01	0.000000e+00	1	0.000000e+00
4.970758e-01	5.025510e-01	0.000000e+00	1	0.000000e+00
4.970758e-01	5.025510e-01	0.000000e+00	1	0.000000e+00
4.970758e-01	5.025510e-01	0.000000e+00	1	0.000000e+00
4.970758e-01	5.025510e-01	0.000000e+00	1	0.000000e+00
4.970758e-01	5.025510e-01	0.000000e+00	1	0.000000e+00
4.970758e-01	5.025510e-01	0.000000e+00	1	0.000000e+00
4.970758e-01	5.025510e-01	0.000000e+00	1	0.000000e+00
4.970758e-01	5.025510e-01	0.000000e+00	1	0.000000e+00
4.970758e-01	5.025510e-01	0.000000e+00	1	0.000000e+00
4.970758e-01	5.025510e-01	0.000000e+00	1	0.000000e+00
4.970758e-01	5.025510e-01	0.000000e+00	1	0.000000e+00
4.970758e-01	5.025510e-01	0.000000e+00	1	0.000000e+00
4.970758e-01	5.025510e-01	0.000000e+00	1	0.000000e+00
4.970758e-01	5.025510e-01	0.000000e+00	1	0.000000e+00
4.970758e-01	5.025510e-01	0.000000e+00	1	0.000000e+00
4.970758e-01	5.025510e-01	0.000000e+00	1	0.000000e+00
4.970758e-01	5.025510e-01	0.000000e+00	1	0.000000e+00
4.970758e-01	5.025510e-01	0.000000e+00	1	0.000000e+00
4.970758e-01	5.025510e-01	0.000000e+00	1	0.000000e+00
4.970758e-01	5.025510e-01	0.000000e+00	1	0.000000e+00
4.970758e-01	5.025510e-01	0.000000e+00	1	0.000000e+00
4.970758e-01	5.025510e-01	0.000000e+00	1	0.000000e+00
4.970758e-01	5.025510e-01	0.000000e+00	1	0.000000e+00
4.970758e-01	5.025510e-01	0.000000e+00	1	0.000000e+00
4.970758e-01	5.025510e-01	0.000000e+00	1	0.000000e+00
4.970758e-01	5.025510e-01	0.000000e+00	1	0.000000e+00
4.970758e-01	5.025510e-01	0.000000e+00	1	0.000000e+00
4.970758e-01	5.025510e-01	0.000000e+00	1	0.000000e+00
4.970758e-01	5.025510e-01	0.000000e+00	1	0.000000e+00
4.970758e-01	5.025510e-01	0.000000e+00	1	0.000000e+00
4.970758e-01	5.025510e-01	0.000000e+00	1	0.000000e+00
4.970758e-01	5.025510e-01	0.000000e+00	1	0.000000e+00
4.970758e-01	5.025510e-01	0.000000e+00	1	0.000000e+00
4.970758e-01	5.025510e-01	0.000000e+00	1	0.000000e+00
4.970758e-01	5.025510e-01	0.000000e+00	1	0.000000e+00
4.970758e-01	5.025510e-01	0.000000e+00	1	0.000000e+00
4.970758e-01	5.025510e-01	0.000000e+00	1	0.000000e+00
4.970758e-01	5.025510e-01	0.000000e+00	1	0.000000e+00
4.970758e-01	5.025510e-01	0.000000e+00	1	0.000000e+00
4.970758e-01	5.025510e-01	0.000000e+00	1	0.000000e+00
4.970758e-01	5.025510e-01	0.000000e+00	1	0.000000e+00
4.970758e-01	5.025510e-01	0.000000e+00	1	0.000000e+00
4.970758e-01	5.025510e-01	0.000000e+00	1	0.000000e+00
4.970758e-01	5.025510e-01	0.000000e+00	1	0.000000e+00
4.970758e-01	5.025510e-01	0.000000e+00	1	0.000000e+00
4.970758e-01	5.025510e-01	0.000000e+00	1	0.000000e+00
4.970758e-01	5.025510e-01	0.000000e+00	1	0.000000e+00
4.970758e-01	5.025510e-01	0.000000e+00	1	0.000000e+00
4.970758e-01	5.025510e-01	0.000000e+00	1	0.000000e+00
4.970758e-01	5.025510e-01	0.000000e+00	1	0.000000e+00
4.970758e-01	5.025510e-01	0.000000e+00	1	0.000000e+00
4.970758e-01	5.025510e-01	0.000000e+00	1	0.000000e+00
4.970758e-01	5.025510e-01	0.000000e+00	1	0.000000e+00
4.970758e-01	5.025510e-01	0.000000e+00	1	0.000000e+00
4.970758e-01	5.025510e-01	0.000000e+00	1	0.000000e+00
4.970758e-01	5.025510e-01	0.000000e+00	1	0.000000e+00
4.970758e-01	5.025510e-01	0.000000e+00	1	0.000000e+00
4.970758e-01	5.025510e-01	0.000000e+00	1	0.000000e+00
4.970758e-01	5.025510e-01	0.000000e+00	1	0.000000e+00
4.970758e-01	5.025510e-01	0.000000e+00	1	0.000000e+00
4.970758e-01	5.025510e-01	0.000000e+00	1	0.000000e+00
4.970758e-01	5.025510e-01	0.000000e+00	1	0.000000e+00
4.970758e-01	5.025510e-01	0.000000e+00	1	0.000000e+00
4.970758e-01	5.025510e-01	0.000000e+00	1	0.000000e+00
4.970758e-01	5.025510e-01	0.000000e+00	1	0.000000e+00
4.970758e-01	5.025510e-01	0.000000e+00	1	0.000000e+00
4.970758e-01	5.025510e-01	0.000000e+00	1	0.000000e+00
4.970758e-01	5.025510e-01	0.000000e+00	1	0.000000e+00
4.970758e-01	5.025510e-01	0.000000e+00	1	0.000000e+00
4.970758e-01	5.025510e-01	0.000000e+00	1	0.000000e+00
4.970758e-01	5.025510e-01	0.000000e+00	1	0.000000e+00
4.970758e-01	5.025510e-01	0.000000e+00	1	0.000000e+00
4.970758e-01	5.025510e-01	0.000000e+00	1	0.000000e+00
4.970758e-01	5.025510e-01	0.000000e+00	1	0.000000e+00
4.970758e-01	5.025510e-01	0.000000e+00	1	0.000000e+00
4.970758e-01	5.025510e-01	0.000000e+00	1	0.000000e+00
4.970758e-01	5.025510e-01	0.000000e+00	1	0.000000e+00
4.970758e-01	5.025510e-01	0.000000e+00	1	0.000000e+00
4.970758e-01	5.025510e-01	0.000000e+00	1	0.000000e+00
4.970758e-01	5.025510e-01	0.000000e+00	1	0.000000e+00
4.970758e-01	5.025510e-01	0.000000e+00	1	0.000000e+00
4.970758e-01	5.025510e-01	0.000000e+00	1	0.000000e+00
4.970758e-01	5.025510e-01	0.000000e+00	1	0.000000e+00
4.970758e-01	5.025510e-01	0.000000e+00	1	0.000000e+00
4.970758e-01	5.025510e-01	0.000000e+00	1	0.000000e+00
4.970758e-01	5.025510e-01	0.000000e+00	1	0.000000e+00
4.970758e-01	5.025510e-01	0.000000e+00	1	0.000000e+00
4.970758e-01	5.025510e-01	0.000000e+00	1	0.000000e+00
4.970758e-01	5.025510e-01	0.000000e+00	1	0.000000e+00
4.970758e-01	5.025510e-01	0.000000e+00	1	0.000000e+00
4.970758e-01	5.025510e-01	0.000000e+00	1	0.000000e+00
4.970758e-01	5.025510e-01	0.000000e+00	1	0.000000e+00
4.970758e-01	5.025510e-01	0.000000e+00	1	0.000000e+00
4.970758e-01	5.025510e-01	0.000000e+00	1	0.000000e+00
4.970758e-01	5.025510e-01	0.000000e+00	1	0.000000e+00
4.970758e-01	5.025510e-01	0.000000e+00	1	0.000000e+00
4.970758e-01	5.025510e-01	0.000000e+00	1	0.000000e+00
4.970758e-01	5.025510e-01	0.000000e+00	1	0.000000e+00
4.970758e-01	5.025510e-01	0.000000e+00	1	0.000000e+00
4.970758e-01	5.025510e-01	0.000000e+00	1	0.000000e+00
4.970758e-01	5.025510e-01	0.000000e+00	1	0.000000e+00
4.970758e-01	5.025510e-01	0.000000e+00	1	0.000000e+00
4.970758e-01	5.025510e-01	0.000000e+00	1	0.000000e+00
4.970758e-01	5.025510e-01	0.000000e+00	1	0.000000e+00
4.970758e-01	5.025510e-01	0.000000e+00	1	0.000000e+00
4.970758e-01	5.025510e-01	0.000000e+00	1	0.000000e+00
4.970758e-01	5.025510e-01	0.000000e+00	1	0.000000e+00
4.970758e-01	5.025510e-01	0.000000e+00	1	0.000000e+00
4.970758e-01	5.025510e-01	0.000000e+00	1	0.000000e+00
4.970758e-01	5.025510e-01	0.000000e+00	1	0.000000e+00
4.970758e-01	5.025510e-01	0.000000e+00	1	0.000000e+00
4.970758e-01	5.025510e-01	0.000000e+00	1	0.000000e+00
4.970758e-01	5.025510e-01	0.000000e+00	1	0.000000e+00
4.970758e-01	5.025510e-01	0.000000e+00	1	0.000000e+00
4.970758e-01	5.025510e-01	0.000000e+00	1	0.000000e+00
4.970758e-01	5.025510e-01	0.000000e+00	1	0.000000e+00
4.970758e-01	5.025510e-01	0.000000e+00	1	0.000000e+00
4.970758e-01	5.025510e-01	0.000000e+00	1	0.000000e+00
4.970758e-01	5.025510e-01	0.000000e+00	1	0.000000e+00
4.970758e-01	5.025510e-01	0.000000e+00	1	0.000000e+00
4.970758e-01	5.025510e-01	0.000000e+00	1	0.000000e+00
4.970758e-01	5.025510e-01	0.000000e+00	1	0.000000e+00
4.970758e-01	5.025510e-01	0.000000e+00	1	0.000000e+00
4.970758e-01	5.025510e-01	0.000000e+00	1	0.000000e+00
4.970758e-01	5.025510e-01	0.000000e+00	1	0.000000e+00
4.970758e-01	5.025510e-01	0.000000e+00	1	0.000000e+00
4.970758e-01	5.025510e-01	0.000000e+00	1	0.000000e+00
4.970758e-01	5.025510e-01	0.000000e+00	1	0.000000e+00
4.970758e-01	5.025510e-01	0.000000e+00	1	0.000000e+00
4.970758e-01	5.025510e-01	0.000000e+00	1	0.000000e+00
4.970758e-01	5.025510e-01	0.000000e+00	1	0.000000e+00
4.970758e-01	5.025510e-01	0.000000e+00	1	0.000000e+00
4.970758e-01	5.025510e-01	0.000000e+00	1	0.000000e+00
4.970758e-01	5.025510e-01	0.000000e+00	1	0.000000e+00
4.970758e-01	5.025510e-01	0.000000e+00	1	0.000000e+00
4.970758e-01	5.025510e-01	0.000000e+00	1	0.000000e+00
4.970758e-01	5.025510e-01	0.000000e+00	1	0.000000e+00
4.970758e-01	5.025510e-01	0.000000e+00	1	0.000000e+00
4.970758e-01	5.025510e-01	0.000000e+00	1	0.000000e+00
4.970758e-01	5.025510e-01	0.000000e+00	1	0.000000e+00
4.970758e-01	5.025510e-01	0.000000e+00	1	0.000000e+00
4.970758e-01	5.025510e-01	0.000000e+00	1	0.000000e+00
4.970758e-01	5.025510e-01	0.000000e+00	1	0.000000e+00
4.970758e-01	5.025510e-01	0.000000e+00	1	0.000000e+00
4.970758e-01	5.025510e-01	0.000000e+00	1	0.000000e+00
4.970758e-01	5.025510e-01	0.000000e+00	1	0.000000e+00
4.970758e-01	5.025510e-01	0.000000e+00	1	0.000000e+00
4.970758e-01	5.025510e-01	0.000000e+00	1	0.000000e+00
4.970758e-01	5.025510e-01	0.000000e+00	1	0.000000e+00
4.970758e-01	5.025510e-01	0.000000e+00	1	0.000000e+00
4.970758e-01	5.025510e-01	0.000000e+00	1	0.000000e+00
4.970758e-01	5.025510e-01	0.000000e+00	1	0.000000e+00
4.970758e-01	5.025510e-01	0.000000e+00	1	0.000000e+00
4.970758e-01	5.025510e-01	0.000000e+00	1	0.000000e+00
4.970758e-01	5.025510e-01	0.000000e+00	1	0.000000e+00
4.970758e-01	5.025510e-01	0.000000e+00	1	0.000000e+00
4.970758e-01	5.025510e-01	0.000000e+00	1	0.000000e+00
4.970758e-01	5.025510e-01	0.000000e+00	1	0.000000e+00
4.970758e-01	5.025510e-01	0.000000e+00	1	0.000000e+00
4.970758e-01	5.025510e-01	0.000000e+00	1	0.000000e+00
4.970758e-01	5.025510e-01	0.000000e+00	1	0.000000e+00
4.970758e-01	5.025510e-01	0.000000e+00	1	0.000000e+00
4.970758e-01	5.025510e-01	0.000000e+00	1	0.000000e+00
4.970758e-01	5.025510e-01	0.000000e+00	1	0.000000e+00
4.970758e-01	5.025510e-01	0.000000e+00	1	0.000000e+00
4.970758e-01	5.025510e-01	0.000000e+00	1	0.000000e+00
4.970758e-01	5.025510e-01	0.000000e+00	1	0.000000e+00
4.970758e-01	5.025510e-01	0.000000e+00	1	0.000000e+00
4.970758e-01	5.025510e-01	0.000000e+00	1	0.000000e+00
4.970758e-01	5.025510e-01	0.000000e+00	1	0.000000e+00
4.970758e-01	5.025510e-01	0.000000e+00	1	0.000000e+00
4.970758e-01	5.025510e-01	0.000000e+00	1	0.000000e+00
4.970758e-01	5.025510e-01	0.000000e+00	1	0.000000e+00
4.970758e-01	5.025510e-01	0.000000e+00	1	0.000000e+00
4.970758e-01	5.025510e-01	0.000000e+00	1	0.000000e+00
4.970758e-01	5.025510e-01	0.000000e+00	1	0.000000e+00
4.970758e-01	5.025510e-01	0.000000e+00	1	0.000000e+00
4.970758e-01	5.025510e-01	0.000000e+00	1	0.000000e+00
4.970758e-01	5.025510e-01	0.000000e+00	1	0.000000e+00
4.970758e-01	5.025510e-01	0.000000e+00	1	0.000000e+00
4.970758e-01	5.025510e-01	0.000000e+00	1	0.000000e+00
4.970758e-01	5.025510e-01	0.000000e+00	1	0.000000e+00
4.970758e-01	5.025510e-01	0.000000e+00	1	0.000000e+00
4.970758e-01	5.025510e-01	0.000000e+00	1	0.000000e+00
4.970758e-01	5.025510e-01	0.000000e+00	1	0.000000e+00
4.970758e-01	5.025510e-01	0.000000e+00	1	0.000000e+00
4.970758e-01	5.025510e-01	0.000000e+00	1	0.000000e+00
4.970758e-01	5.025510e-01	0.000000e+00	1	0.000000e+00
4.970758e-01	5.025510e-01	0.000000e+00	1	0.000000e+00
4.970758e-01	5.025510e-01	0.000000e+00	1	0.000000e+00
4.970758e-01	5.025510e-01	0.000000e+00	1	0.000000e+00
4.970758e-01	5.025510e-01	0.000000e+00	1	0.000000e+00
4.970758e-01	5.025510e-01	0.000000e+00	1	0.000000e+00
4.970758e-01	5.025510e-01	0.000000e+00	1	0.000000e+00
4.970758e-01	5.025510e-01	0.000000e+00	1	0.000000e+00
4.970758e-01	5.025510e-01	0.000000e+00	1	0.000000e+00
4.970758e-01	5.025510e-01	0.000000e+00	1	0.000000e+00
4.970758e-01	5.025510e-01	0.000000e+00	1	0.000000e+00
4.970758e-01	5.025510e-01	0.000000e+00	1	0.000000e+00
4.970758e-01	5.025510e-01	0.000000e+00	1	0.000000e+00
4.970758e-01	5.025510e-01	0.000000e+00	1	0.000000e+00
4.970758e-01	5.025510e-01	0.000000e+00	1	0.000000e+00
4.970758e-01	5.025510e-01	0.000000e+00	1	0.000000e+00
4.970758e-01	5.025510e-01	0.000000e+00	1	0.000000e+00
4.970758e-01	5.025510e-01	0.000000e+00	1	0.000000e+00
4.970758e-01	5.025510e-01	0.000000e+00	1	0.000000e+00
4.970758e-01	5.025510e-01	0.000000e+00	1	0.000000e+00
4.970758e-01	5.025510e-01	0.000000e+00	1	0.000000e+00
4.970758e-01	5.025510e-01	0.000000e+00	1	0.000000e+00
4.970758e-01	5.025510e-01	0.000000e+00	1	0.000000e+00
4.970758e-01	5.025510e-01	0.000000e+00	1	0.000000e+00
4.970758e-01	5.025510e-01	0.000000e+00	1	0.000000e+00
4.970758e-01	5.025510e-01	0.000000e+00	1	0.000000e+00
4.970758e-01	5.025510e-01	0.000000e+00	1	0.000000e+00
4.970758e-01	5.025510e-01	0.000000e+00	1	0.000000e+00
4.970758e-01	5.025510e-01	0.000000e+00	1	0.000000e+00
4.970758e-01	5.025510e-01	0.000000e+00	1	0.000000e+00
4.970758e-01	5.025510e-01	0.000000e+00	1	0.000000e+00
4.970758e-01	5.025510e-01	0.000000e+00	1	0.000000e+00
4.970758e-01	5.025510e-01	0.000000e+00	1	0.000000e+00
4.970758e-01	5.025510e-01	0.000000e+00	1	0.000000e+00
4.970758e-01	5.025510e-01	0.000000e+00	1	0.000000e+00
4.970758e-01	5.025510e-01	0.000000e+00	1	0.000000e+00
4.970758e-01	5.025510e-01	0.000000e+00	1	0.000000e+00
4.970758e-01	5.025510e-01	0.000000e+00	1	0.000000e+00
4.970758e-01	5.025510e-01	0.000000e+00	1	0.000000e+00
4.970758e-01	5.025510e-01	0.000000e+00	1	0.000000e+00
4.970758e-01	5.025510e-01	0.000000e+00	1	0.000000e+00
4.970758e-01	5.025510e-01	0.000000e+00	1	0.000000e+00
4.970758e-01	5.025510e-01	0.000000e+00	1	0.000000e+00
4.970758e-01	5.025510e-01	0.000000e+00	1	0.000000e+00
4.970758e-01	5.025510e-01	0.000000e+00	1	0.000000e+00
4.970758e-01	5.025510e-01	0.000000e+00	1	0.000000e+00
4.970758e-01	5.025510e-01	0.000000e+00	1	0.000000e+00
4.970758e-01	5.025510e-01	0.000000e+00	1	0.000000e+00
4.970758e-01	5.025510e-01	0.000000e+00	1	0.000000e+00
4.970758e-01	5.025510e-01	0.000000e+00	1	0.000000e+00
4.970758e-01	5.025510e-01	0.000000e+00	1	0.000000e+00
4.970758e-01	5.025510e-01	0.000000e+00	1	0.000000e+00
4.970758e-01	5.025510e-01	0.000000e+00	1	0.000000e+00
4.970758e-01	5.025510e-01	0.000000e+00	1	0.000000e+00
4.970758e-01	5.025510e-01	0.000000e+00	1	0.000000e+00
4.970758e-01	5.025510e-01	0.000000e+00	1	0.000000e+00
4.970758e-01	5.025510e-01	0.000000e+00	1	0.000000e+00
4.970758e-01	5.025510e-01	0.000000e+00	1	0.000000e+00
4.970758e-01	5.025510e-01	0.000000e+00	1	0.000000e+00
4.970758e-01	5.025510e-01	0.000000e+00	1	0.000000e+00
4.970758e-01	5.025510e-01	0.000000e+00	1	0.000000e+00
4.970758e-01	5.025510e-01	0.000000e+00	1	0.000000e+00
4.970758e-01	5.025510e-01	0.000000e+00	1	0.000000e+00
4.970758e-01	5.025510e-01	0.000000e+00	1	0.000000e+00
4.970758e-01	5.025510e-01	0.000000e+00	1	0.000000e+00
4.970758e-01	5.025510e-01	0.000000e+00	1	0.000000e+00
4.970758e-01	5.025510e-01	0.000000e+00	1	0.000000e+00
4.970758e-01	5.025510e-01	0.000000e+00	1	0.000000e+00
4.970758e-01	5.025510e-01	0.000000e+00	1	0.000000e+00
4.970758e-01	5.025510e-01	0.000000e+00	1	0.000000e+00
4.970758e-01	5.025510e-01	0.000000e+00	1	0.000000e+00
4.970758e-01	5.025510e-01	0.000000e+00	1	0.000000e+00
4.970758e-01	5.025510e-01	0.000000e+00	1	0.000000e+00
4.970758e-01	5.025510e-01	0.000000e+00	1	0.000000e+00
4.970758e-01	5.025510e-01	0.000000e+00	1	0.000000e+00
4.970758e-01	5.025510e-01	0.000000e+00	1	0.000000e+00
4.970758e-01	5.025510e-01	0.000000e+00	1	0.000000e+00
4.970758e-01	5.025510e-01	0.000000e+00	1	0.000000e+00
4.970758e-01	5.025510e-01	0.000000e+00	1	0.000000e+00
4.970758e-01	5.025510e-01	0.000000e+00	1	0.000000e+00
4.970758e-01	5.025510e-01	0.000000e+00	1	0.000000e+00
4.970758e-01	5.025510e-01	0.000000e+00	1	0.000000e+00
4.970758e-01	5.025510e-01	0.000000e+00	1	0.000000e+00
4.970758e-01	5.025510e-01	0.000000e+00	1	0.000000e+00
4.970758e-01	5.025510e-01	0.000000e+00	1	0.000000e+00
4.970758e-01	5.025510e-01	0.000000e+00	1	0.000000e+00
4.970758e-01	5.025510e-01	0.000000e+00	1	0.000000e+00
4.970758e-01	5.025510e-01	0.000000e+00	1	0.000000e+00
4.970758e-01	5.025510e-01	0.000000e+00	1	0.000000e+00
4.970758e-01	5.025510e-01	0.000000e+00	1	0.000000e+00
4.970758e-01	5.025510e-01	0.000000e+00	1	0.000000e+00
4.970758e-01	5.025510e-01	0.000000e+00	1	0.000000e+00
4.970758e-01	5.025510e-01	0.000000e+00	1	0.000000e+00
4.970758e-01	5.025510e-01	0.000000e+00	1	0.000000e+00
4.970758e-01	5.025510e-01	0.000000e+00	1	0.000000e+00
4.970758e-01	5.025510e-01	0.000000e+00	1	0.000000e+00
4.970758e-01	5.025510e-01	0.000000e+00	1	0.000000e+00
4.970758e-01	5.025510e-01	0.000000e+00	1	0.000000e+00
4.970758e-01	5.025510e-01	0.000000e+00	1	0.000000e+00
4.970758e-01	5.025510e-01	0.000000e+00	1	0.000000e+00
4.970758e-01	5.025510e-01	0.000000e+00	1	0.000000e+00
4.970758e-01	5.025510e-01	0.000000e+00	1	0.000000e+00
4.970758e-01	5.025510e-01	0.000000e+00	1	0.000000e+00
4.970758e-01	5.025510e-01	0.000000e+00	1	0.000000e+00
4.970758e-01	5.025510e-01	0.000000e+00	1	0.000000e+00
4.970758e-01	5.025510e-01	0.000000e+00	1	0.000000e+00
4.970758e-01	5.025510e-01	0.000000e+00	1	0.000000e+00
4.970758e-01	5.025510e-01	0.000000e+00	1	0.000000e+00
4.970758e-01	5.025510e-01	0.000000e+00	1	0.000000e+00
4.970758e-01	5.025510e-01	0.000000e+00	1	0.000000e+00
4.970758e-01	5.025510e-01	0.000000e+00	1	0.000000e+00
4.970758e-01	5.025510e-01	0.000000e+00	1	0.000000e+00
4.970758e-01	5.025510e-01	0.000000e+00	1	0.000000e+00
4.970758e-01	5.025510e-01	0.000000e+00	1	0.000000e+00
4.970758e-01	5.025510e-01	0.000000e+00	1	0.000000e+00
4.970758e-01	5.025510e-01	0.000000e+00	1	0.000000e+00
4.970758e-01	5.025510e-01	0.000000e+00	1	0.000000e+00
4.970758e-01	5.025510e-01	0.000000e+00	1	0.000000e+00
4.970758e-01	5.025510e-01	0.000000e+00	1	0.000000e+00
4.970758e-01	5.025510e-01	0.000000e+00	1	0.000000e+00
4.970758e-01	5.025510e-01	0.000000e+00	1	0.000000e+00
4.970758e-01	5.025510e-01	0.000000e+00	1	0.000000e+00
4.970758e-01	5.025510e-01	0.000000e+00	1	0.000000e+00
4.970758e-01	5.025510e-01	0.000000e+00	1	0.000000e+00
4.970758e-01	5.025510e-01	0.000000e+00	1	0.000000e+00
4.970758e-01	5.025510e-01	0.000000e+00	1	0.000000e+00
4.970758e-01	5.025510e-01	0.000000e+00	1	0.000000e+00
4.970758e-01	5.025510e-01	0.000000e+00	1	0.000000e+00
4.970758e-01	5.025510e-01	0.000000e+00	1	0.000000e+00
4.970758e-01	5.025510e-01	0.000000e+00	1	0.000000e+00
4.970758e-01	5.025510e-01	0.000000e+00	1	0.000000e+00
4.970758e-01	5.025510e-01	0.000000e+00	1	0.000000e+00
4.970758e-01	5.025510e-01	0.000000e+00	1	0.000000e+00
4.970758e-01	5.025510e-01	0.000000e+00	1	0.000000e+00
4.970758e-01	5.025510e-01	0.000000e+00	1	0.000000e+00
4.970758e-01	5.025510e-01	0.000000e+00	1	0.000000e+00
4.970758e-01	5.025510e-01	0.000000e+00	1	0.000000e+00
4.970758e-01	5.025510e-01	0.000000e+00	1	0.000000e+00
4.970758e-01	5.025510e-01	0.000000e+00	1	0.000000e+00
4.970758e-01	5.025510e-01	0.000000e+00	1	0.000000e+00
4.970758e-01	5.025510e-01	0.000000e+00	1	0.000000e+00
4.970758e-01	5.025510e-01	0.000000e+00	1	0.000000e+00
4.970758e-01	5.025510e-01	0.000000e+00	1	0.000000e+00
4.970758e-01	5.025510e-01	0.000000e+00	1	0.000000e+00
4.970758e-01	5.025510e-01	0.000000e+00	1	0.000000e+00
4.970758e-01	5.025510e-01	0.000000e+00	1	0.000000e+00
4.970758e-01	5.025510e-01	0.000000e+00	1	0.000000e+00
4.970758e-01	5.025510e-01	0.000000e+00	1	0.000000e+00
4.970758e-01	5.025510e-01	0.000000e+00	1	0.000000e+00
4.970758e-01	5.025510e-01	0.000000e+00	1	0.000000e+00
4.970758e-01	5.025510e-01	0.000000e+00	1	0.000000e+00
4.970758e-01	5.025510e-01	0.000000e+00	1	0.000000e+00
4.970758e-01	5.025510e-01	0.000000e+00	1	0.000000e+00
4.970758e-01	5.025510e-01	0.000000e+00	1	0.000000e+00
4.970758e-01	5.025510e-01	0.000000e+00	1	0.000000e+00
4.970758e-01	5.025510e-01	0.000000e+00	1	0.000000e+00
4.970758e-01	5.025510e-01	0.000000e+00	1	0.000000e+00
4.970758e-01	5.025510e-01	0.000000e+00	1	0.000000e+00
4.970758e-01	5.025510e-01	0.000000e+00	1	0.000000e+00
4.970758e-01	5.025510e-01	0.000000e+00	1	0.000000e+00
4.970758e-01	5.025510e-01	0.000000e+00	1	0.000000e+00
Total execution time: 294.358
