# This file contains the data of final feasible population (if found)
# of objectives = 2, # of constraints = 0, # of real_var = 0, # of bits of bin_var = 0, constr_violation, rank, crowding_distance
2.190000e+02	2.580000e+02	0.000000e+00	1	1.000000e+14
3.440000e+02	1.440000e+02	0.000000e+00	1	1.000000e+14
2.240000e+02	2.420000e+02	0.000000e+00	1	7.817544e-02
2.190000e+02	2.580000e+02	0.000000e+00	1	7.017544e-02
3.400000e+02	1.500000e+02	0.000000e+00	1	4.231579e-02
3.020000e+02	1.730000e+02	0.000000e+00	1	3.200000e-02
2.940000e+02	1.750000e+02	0.000000e+00	1	3.200000e-02
2.240000e+02	2.420000e+02	0.000000e+00	1	3.070175e-02
2.260000e+02	2.350000e+02	0.000000e+00	1	3.070175e-02
3.050000e+02	1.690000e+02	0.000000e+00	1	2.954386e-02
3.280000e+02	1.550000e+02	0.000000e+00	1	2.877193e-02
3.280000e+02	1.550000e+02	0.000000e+00	1	2.877193e-02
2.580000e+02	2.050000e+02	0.000000e+00	1	2.631579e-02
2.590000e+02	1.990000e+02	0.000000e+00	1	2.631579e-02
3.440000e+02	1.440000e+02	0.000000e+00	1	2.631579e-02
2.310000e+02	2.280000e+02	0.000000e+00	1	2.515789e-02
2.340000e+02	2.250000e+02	0.000000e+00	1	2.515789e-02
2.280000e+02	2.310000e+02	0.000000e+00	1	2.515789e-02
3.130000e+02	1.640000e+02	0.000000e+00	1	2.438596e-02
3.230000e+02	1.570000e+02	0.000000e+00	1	2.154386e-02
2.360000e+02	2.220000e+02	0.000000e+00	1	2.115789e-02
3.170000e+02	1.630000e+02	0.000000e+00	1	2.038596e-02
2.590000e+02	1.990000e+02	0.000000e+00	1	2.038596e-02
3.330000e+02	1.530000e+02	0.000000e+00	1	2.000000e-02
2.890000e+02	1.780000e+02	0.000000e+00	1	2.000000e-02
2.240000e+02	2.420000e+02	0.000000e+00	1	2.000000e-02
2.940000e+02	1.750000e+02	0.000000e+00	1	2.000000e-02
3.080000e+02	1.670000e+02	0.000000e+00	1	2.000000e-02
2.190000e+02	2.580000e+02	0.000000e+00	1	2.000000e-02
3.230000e+02	1.570000e+02	0.000000e+00	1	2.000000e-02
3.020000e+02	1.730000e+02	0.000000e+00	1	1.754386e-02
3.220000e+02	1.610000e+02	0.000000e+00	1	1.754386e-02
2.260000e+02	2.350000e+02	0.000000e+00	1	1.754386e-02
2.280000e+02	2.310000e+02	0.000000e+00	1	1.754386e-02
2.890000e+02	1.780000e+02	0.000000e+00	1	1.754386e-02
2.870000e+02	1.820000e+02	0.000000e+00	1	1.754386e-02
2.480000e+02	2.130000e+02	0.000000e+00	1	1.677193e-02
3.190000e+02	1.620000e+02	0.000000e+00	1	1.638596e-02
2.750000e+02	1.890000e+02	0.000000e+00	1	1.600000e-02
2.360000e+02	2.220000e+02	0.000000e+00	1	1.600000e-02
2.400000e+02	2.210000e+02	0.000000e+00	1	1.600000e-02
2.820000e+02	1.840000e+02	0.000000e+00	1	1.600000e-02
2.630000e+02	1.980000e+02	0.000000e+00	1	1.600000e-02
2.870000e+02	1.820000e+02	0.000000e+00	1	1.600000e-02
2.830000e+02	1.830000e+02	0.000000e+00	1	1.600000e-02
3.360000e+02	1.510000e+02	0.000000e+00	1	1.600000e-02
3.130000e+02	1.640000e+02	0.000000e+00	1	1.600000e-02
3.400000e+02	1.500000e+02	0.000000e+00	1	1.600000e-02
2.780000e+02	1.860000e+02	0.000000e+00	1	1.600000e-02
2.710000e+02	1.920000e+02	0.000000e+00	1	1.600000e-02
3.440000e+02	1.440000e+02	0.000000e+00	1	1.600000e-02
2.650000e+02	1.950000e+02	0.000000e+00	1	1.315789e-02
3.080000e+02	1.670000e+02	0.000000e+00	1	1.315789e-02
2.340000e+02	2.250000e+02	0.000000e+00	1	1.315789e-02
2.710000e+02	1.920000e+02	0.000000e+00	1	1.315789e-02
2.410000e+02	2.190000e+02	0.000000e+00	1	1.315789e-02
2.630000e+02	1.980000e+02	0.000000e+00	1	1.315789e-02
2.430000e+02	2.160000e+02	0.000000e+00	1	1.315789e-02
2.310000e+02	2.280000e+02	0.000000e+00	1	1.315789e-02
2.890000e+02	1.780000e+02	0.000000e+00	1	1.315789e-02
2.750000e+02	1.890000e+02	0.000000e+00	1	1.315789e-02
3.130000e+02	1.640000e+02	0.000000e+00	1	1.315789e-02
2.940000e+02	1.750000e+02	0.000000e+00	1	1.315789e-02
2.540000e+02	2.080000e+02	0.000000e+00	1	1.277193e-02
3.170000e+02	1.630000e+02	0.000000e+00	1	1.238596e-02
3.190000e+02	1.620000e+02	0.000000e+00	1	1.238596e-02
2.450000e+02	2.140000e+02	0.000000e+00	1	1.200000e-02
3.050000e+02	1.690000e+02	0.000000e+00	1	1.200000e-02
3.360000e+02	1.510000e+02	0.000000e+00	1	1.200000e-02
2.550000e+02	2.060000e+02	0.000000e+00	1	1.200000e-02
2.650000e+02	1.950000e+02	0.000000e+00	1	1.200000e-02
2.310000e+02	2.280000e+02	0.000000e+00	1	1.200000e-02
2.480000e+02	2.130000e+02	0.000000e+00	1	1.200000e-02
2.680000e+02	1.940000e+02	0.000000e+00	1	1.200000e-02
3.330000e+02	1.530000e+02	0.000000e+00	1	1.200000e-02
3.020000e+02	1.730000e+02	0.000000e+00	1	1.200000e-02
2.680000e+02	1.940000e+02	0.000000e+00	1	1.200000e-02
3.080000e+02	1.670000e+02	0.000000e+00	1	1.200000e-02
2.580000e+02	2.050000e+02	0.000000e+00	1	1.200000e-02
2.710000e+02	1.920000e+02	0.000000e+00	1	1.200000e-02
3.220000e+02	1.610000e+02	0.000000e+00	1	1.200000e-02
2.940000e+02	1.750000e+02	0.000000e+00	1	8.771930e-03
3.330000e+02	1.530000e+02	0.000000e+00	1	8.771930e-03
3.050000e+02	1.690000e+02	0.000000e+00	1	8.771930e-03
2.410000e+02	2.190000e+02	0.000000e+00	1	8.771930e-03
2.450000e+02	2.140000e+02	0.000000e+00	1	8.771930e-03
3.230000e+02	1.570000e+02	0.000000e+00	1	8.771930e-03
3.080000e+02	1.670000e+02	0.000000e+00	1	8.771930e-03
2.550000e+02	2.060000e+02	0.000000e+00	1	8.771930e-03
2.780000e+02	1.860000e+02	0.000000e+00	1	8.771930e-03
2.400000e+02	2.210000e+02	0.000000e+00	1	8.771930e-03
2.820000e+02	1.840000e+02	0.000000e+00	1	8.771930e-03
2.680000e+02	1.940000e+02	0.000000e+00	1	8.771930e-03
3.330000e+02	1.530000e+02	0.000000e+00	1	8.771930e-03
2.770000e+02	1.880000e+02	0.000000e+00	1	8.771930e-03
3.020000e+02	1.730000e+02	0.000000e+00	1	8.771930e-03
2.780000e+02	1.860000e+02	0.000000e+00	1	8.771930e-03
2.710000e+02	1.920000e+02	0.000000e+00	1	8.771930e-03
2.430000e+02	2.160000e+02	0.000000e+00	1	8.771930e-03
3.360000e+02	1.510000e+02	0.000000e+00	1	8.771930e-03
2.500000e+02	2.110000e+02	0.000000e+00	1	8.771930e-03
2.830000e+02	1.830000e+02	0.000000e+00	1	8.385965e-03
2.770000e+02	1.880000e+02	0.000000e+00	1	8.385965e-03
2.430000e+02	2.160000e+02	0.000000e+00	1	8.000000e-03
2.340000e+02	2.250000e+02	0.000000e+00	1	8.000000e-03
2.770000e+02	1.880000e+02	0.000000e+00	1	8.000000e-03
2.280000e+02	2.310000e+02	0.000000e+00	1	8.000000e-03
2.450000e+02	2.140000e+02	0.000000e+00	1	8.000000e-03
2.430000e+02	2.160000e+02	0.000000e+00	1	8.000000e-03
2.530000e+02	2.090000e+02	0.000000e+00	1	8.000000e-03
2.630000e+02	1.980000e+02	0.000000e+00	1	8.000000e-03
2.260000e+02	2.350000e+02	0.000000e+00	1	8.000000e-03
2.500000e+02	2.110000e+02	0.000000e+00	1	8.000000e-03
2.750000e+02	1.890000e+02	0.000000e+00	1	8.000000e-03
2.650000e+02	1.950000e+02	0.000000e+00	1	8.000000e-03
2.510000e+02	2.100000e+02	0.000000e+00	1	8.000000e-03
2.260000e+02	2.350000e+02	0.000000e+00	1	8.000000e-03
2.870000e+02	1.820000e+02	0.000000e+00	1	8.000000e-03
2.890000e+02	1.780000e+02	0.000000e+00	1	8.000000e-03
2.410000e+02	2.190000e+02	0.000000e+00	1	8.000000e-03
2.830000e+02	1.830000e+02	0.000000e+00	1	4.385965e-03
2.530000e+02	2.090000e+02	0.000000e+00	1	4.385965e-03
3.220000e+02	1.610000e+02	0.000000e+00	1	4.385965e-03
2.650000e+02	1.950000e+02	0.000000e+00	1	4.385965e-03
2.870000e+02	1.820000e+02	0.000000e+00	1	4.385965e-03
3.400000e+02	1.500000e+02	0.000000e+00	1	4.385965e-03
2.540000e+02	2.080000e+02	0.000000e+00	1	4.385965e-03
2.550000e+02	2.060000e+02	0.000000e+00	1	4.385965e-03
2.360000e+02	2.220000e+02	0.000000e+00	1	4.385965e-03
2.450000e+02	2.140000e+02	0.000000e+00	1	4.385965e-03
2.400000e+02	2.210000e+02	0.000000e+00	1	4.385965e-03
2.820000e+02	1.840000e+02	0.000000e+00	1	4.385965e-03
2.480000e+02	2.130000e+02	0.000000e+00	1	4.385965e-03
3.360000e+02	1.510000e+02	0.000000e+00	1	4.385965e-03
2.630000e+02	1.980000e+02	0.000000e+00	1	4.385965e-03
2.680000e+02	1.940000e+02	0.000000e+00	1	4.385965e-03
2.510000e+02	2.100000e+02	0.000000e+00	1	4.385965e-03
2.510000e+02	2.100000e+02	0.000000e+00	1	4.385965e-03
2.750000e+02	1.890000e+02	0.000000e+00	1	4.385965e-03
2.500000e+02	2.110000e+02	0.000000e+00	1	4.385965e-03
2.530000e+02	2.090000e+02	0.000000e+00	1	4.385965e-03
2.580000e+02	2.050000e+02	0.000000e+00	1	4.385965e-03
2.400000e+02	2.210000e+02	0.000000e+00	1	4.000000e-03
2.410000e+02	2.190000e+02	0.000000e+00	1	4.000000e-03
2.550000e+02	2.060000e+02	0.000000e+00	1	4.000000e-03
2.590000e+02	1.990000e+02	0.000000e+00	1	4.000000e-03
2.780000e+02	1.860000e+02	0.000000e+00	1	4.000000e-03
3.220000e+02	1.610000e+02	0.000000e+00	1	4.000000e-03
2.820000e+02	1.840000e+02	0.000000e+00	1	4.000000e-03
2.500000e+02	2.110000e+02	0.000000e+00	1	4.000000e-03
2.580000e+02	2.050000e+02	0.000000e+00	1	4.000000e-03
2.540000e+02	2.080000e+02	0.000000e+00	1	4.000000e-03
2.510000e+02	2.100000e+02	0.000000e+00	1	4.000000e-03
2.530000e+02	2.090000e+02	0.000000e+00	1	4.000000e-03
2.890000e+02	1.780000e+02	0.000000e+00	1	0.000000e+00
2.770000e+02	1.880000e+02	0.000000e+00	1	0.000000e+00
2.870000e+02	1.820000e+02	0.000000e+00	1	0.000000e+00
2.770000e+02	1.880000e+02	0.000000e+00	1	0.000000e+00
2.580000e+02	2.050000e+02	0.000000e+00	1	0.000000e+00
2.240000e+02	2.420000e+02	0.000000e+00	1	0.000000e+00
3.020000e+02	1.730000e+02	0.000000e+00	1	0.000000e+00
2.550000e+02	2.060000e+02	0.000000e+00	1	0.000000e+00
2.750000e+02	1.890000e+02	0.000000e+00	1	0.000000e+00
2.580000e+02	2.050000e+02	0.000000e+00	1	0.000000e+00
2.770000e+02	1.880000e+02	0.000000e+00	1	0.000000e+00
2.510000e+02	2.100000e+02	0.000000e+00	1	0.000000e+00
2.500000e+02	2.110000e+02	0.000000e+00	1	0.000000e+00
2.780000e+02	1.860000e+02	0.000000e+00	1	0.000000e+00
2.540000e+02	2.080000e+02	0.000000e+00	1	0.000000e+00
2.750000e+02	1.890000e+02	0.000000e+00	1	0.000000e+00
3.280000e+02	1.550000e+02	0.000000e+00	1	0.000000e+00
2.870000e+02	1.820000e+02	0.000000e+00	1	0.000000e+00
2.500000e+02	2.110000e+02	0.000000e+00	1	0.000000e+00
2.820000e+02	1.840000e+02	0.000000e+00	1	0.000000e+00
2.940000e+02	1.750000e+02	0.000000e+00	1	0.000000e+00
2.890000e+02	1.780000e+02	0.000000e+00	1	0.000000e+00
2.750000e+02	1.890000e+02	0.000000e+00	1	0.000000e+00
2.410000e+02	2.190000e+02	0.000000e+00	1	0.000000e+00
2.480000e+02	2.130000e+02	0.000000e+00	1	0.000000e+00
2.340000e+02	2.250000e+02	0.000000e+00	1	0.000000e+00
2.890000e+02	1.780000e+02	0.000000e+00	1	0.000000e+00
2.830000e+02	1.830000e+02	0.000000e+00	1	0.000000e+00
3.220000e+02	1.610000e+02	0.000000e+00	1	0.000000e+00
2.580000e+02	2.050000e+02	0.000000e+00	1	0.000000e+00
2.310000e+02	2.280000e+02	0.000000e+00	1	0.000000e+00
2.550000e+02	2.060000e+02	0.000000e+00	1	0.000000e+00
2.580000e+02	2.050000e+02	0.000000e+00	1	0.000000e+00
2.750000e+02	1.890000e+02	0.000000e+00	1	0.000000e+00
2.480000e+02	2.130000e+02	0.000000e+00	1	0.000000e+00
3.080000e+02	1.670000e+02	0.000000e+00	1	0.000000e+00
2.400000e+02	2.210000e+02	0.000000e+00	1	0.000000e+00
2.630000e+02	1.980000e+02	0.000000e+00	1	0.000000e+00
2.940000e+02	1.750000e+02	0.000000e+00	1	0.000000e+00
2.280000e+02	2.310000e+02	0.000000e+00	1	0.000000e+00
2.260000e+02	2.350000e+02	0.000000e+00	1	0.000000e+00
2.310000e+02	2.280000e+02	0.000000e+00	1	0.000000e+00
2.940000e+02	1.750000e+02	0.000000e+00	1	0.000000e+00
2.510000e+02	2.100000e+02	0.000000e+00	1	0.000000e+00
2.500000e+02	2.110000e+02	0.000000e+00	1	0.000000e+00
2.530000e+02	2.090000e+02	0.000000e+00	1	0.000000e+00
2.780000e+02	1.860000e+02	0.000000e+00	1	0.000000e+00
2.710000e+02	1.920000e+02	0.000000e+00	1	0.000000e+00
2.190000e+02	2.580000e+02	0.000000e+00	1	0.000000e+00
2.820000e+02	1.840000e+02	0.000000e+00	1	0.000000e+00
2.940000e+02	1.750000e+02	0.000000e+00	1	0.000000e+00
2.890000e+02	1.780000e+02	0.000000e+00	1	0.000000e+00
2.830000e+02	1.830000e+02	0.000000e+00	1	0.000000e+00
2.710000e+02	1.920000e+02	0.000000e+00	1	0.000000e+00
3.440000e+02	1.440000e+02	0.000000e+00	1	0.000000e+00
2.770000e+02	1.880000e+02	0.000000e+00	1	0.000000e+00
2.280000e+02	2.310000e+02	0.000000e+00	1	0.000000e+00
2.630000e+02	1.980000e+02	0.000000e+00	1	0.000000e+00
2.340000e+02	2.250000e+02	0.000000e+00	1	0.000000e+00
2.310000e+02	2.280000e+02	0.000000e+00	1	0.000000e+00
2.750000e+02	1.890000e+02	0.000000e+00	1	0.000000e+00
3.170000e+02	1.630000e+02	0.000000e+00	1	0.000000e+00
2.340000e+02	2.250000e+02	0.000000e+00	1	0.000000e+00
2.340000e+02	2.250000e+02	0.000000e+00	1	0.000000e+00
2.260000e+02	2.350000e+02	0.000000e+00	1	0.000000e+00
2.890000e+02	1.780000e+02	0.000000e+00	1	0.000000e+00
2.770000e+02	1.880000e+02	0.000000e+00	1	0.000000e+00
2.770000e+02	1.880000e+02	0.000000e+00	1	0.000000e+00
2.400000e+02	2.210000e+02	0.000000e+00	1	0.000000e+00
2.710000e+02	1.920000e+02	0.000000e+00	1	0.000000e+00
2.310000e+02	2.280000e+02	0.000000e+00	1	0.000000e+00
2.710000e+02	1.920000e+02	0.000000e+00	1	0.000000e+00
2.780000e+02	1.860000e+02	0.000000e+00	1	0.000000e+00
2.770000e+02	1.880000e+02	0.000000e+00	1	0.000000e+00
2.480000e+02	2.130000e+02	0.000000e+00	1	0.000000e+00
2.480000e+02	2.130000e+02	0.000000e+00	1	0.000000e+00
2.940000e+02	1.750000e+02	0.000000e+00	1	0.000000e+00
2.400000e+02	2.210000e+02	0.000000e+00	1	0.000000e+00
2.940000e+02	1.750000e+02	0.000000e+00	1	0.000000e+00
2.630000e+02	1.980000e+02	0.000000e+00	1	0.000000e+00
2.550000e+02	2.060000e+02	0.000000e+00	1	0.000000e+00
2.870000e+02	1.820000e+02	0.000000e+00	1	0.000000e+00
3.440000e+02	1.440000e+02	0.000000e+00	1	0.000000e+00
2.580000e+02	2.050000e+02	0.000000e+00	1	0.000000e+00
2.480000e+02	2.130000e+02	0.000000e+00	1	0.000000e+00
2.430000e+02	2.160000e+02	0.000000e+00	1	0.000000e+00
3.050000e+02	1.690000e+02	0.000000e+00	1	0.000000e+00
2.340000e+02	2.250000e+02	0.000000e+00	1	0.000000e+00
2.340000e+02	2.250000e+02	0.000000e+00	1	0.000000e+00
2.400000e+02	2.210000e+02	0.000000e+00	1	0.000000e+00
2.510000e+02	2.100000e+02	0.000000e+00	1	0.000000e+00
2.310000e+02	2.280000e+02	0.000000e+00	1	0.000000e+00
3.130000e+02	1.640000e+02	0.000000e+00	1	0.000000e+00
2.750000e+02	1.890000e+02	0.000000e+00	1	0.000000e+00
2.500000e+02	2.110000e+02	0.000000e+00	1	0.000000e+00
3.190000e+02	1.620000e+02	0.000000e+00	1	0.000000e+00
2.340000e+02	2.250000e+02	0.000000e+00	1	0.000000e+00
2.830000e+02	1.830000e+02	0.000000e+00	1	0.000000e+00
2.400000e+02	2.210000e+02	0.000000e+00	1	0.000000e+00
2.830000e+02	1.830000e+02	0.000000e+00	1	0.000000e+00
2.890000e+02	1.780000e+02	0.000000e+00	1	0.000000e+00
2.500000e+02	2.110000e+02	0.000000e+00	1	0.000000e+00
2.580000e+02	2.050000e+02	0.000000e+00	1	0.000000e+00
2.400000e+02	2.210000e+02	0.000000e+00	1	0.000000e+00
2.410000e+02	2.190000e+02	0.000000e+00	1	0.000000e+00
2.820000e+02	1.840000e+02	0.000000e+00	1	0.000000e+00
2.410000e+02	2.190000e+02	0.000000e+00	1	0.000000e+00
2.280000e+02	2.310000e+02	0.000000e+00	1	0.000000e+00
2.410000e+02	2.190000e+02	0.000000e+00	1	0.000000e+00
3.130000e+02	1.640000e+02	0.000000e+00	1	0.000000e+00
2.340000e+02	2.250000e+02	0.000000e+00	1	0.000000e+00
2.630000e+02	1.980000e+02	0.000000e+00	1	0.000000e+00
2.340000e+02	2.250000e+02	0.000000e+00	1	0.000000e+00
2.280000e+02	2.310000e+02	0.000000e+00	1	0.000000e+00
2.540000e+02	2.080000e+02	0.000000e+00	1	0.000000e+00
2.550000e+02	2.060000e+02	0.000000e+00	1	0.000000e+00
2.780000e+02	1.860000e+02	0.000000e+00	1	0.000000e+00
2.280000e+02	2.310000e+02	0.000000e+00	1	0.000000e+00
2.530000e+02	2.090000e+02	0.000000e+00	1	0.000000e+00
2.710000e+02	1.920000e+02	0.000000e+00	1	0.000000e+00
2.530000e+02	2.090000e+02	0.000000e+00	1	0.000000e+00
2.530000e+02	2.090000e+02	0.000000e+00	1	0.000000e+00
2.750000e+02	1.890000e+02	0.000000e+00	1	0.000000e+00
2.280000e+02	2.310000e+02	0.000000e+00	1	0.000000e+00
2.530000e+02	2.090000e+02	0.000000e+00	1	0.000000e+00
2.580000e+02	2.050000e+02	0.000000e+00	1	0.000000e+00
2.450000e+02	2.140000e+02	0.000000e+00	1	0.000000e+00
2.580000e+02	2.050000e+02	0.000000e+00	1	0.000000e+00
2.780000e+02	1.860000e+02	0.000000e+00	1	0.000000e+00
3.360000e+02	1.510000e+02	0.000000e+00	1	0.000000e+00
2.310000e+02	2.280000e+02	0.000000e+00	1	0.000000e+00
2.770000e+02	1.880000e+02	0.000000e+00	1	0.000000e+00
2.400000e+02	2.210000e+02	0.000000e+00	1	0.000000e+00
2.450000e+02	2.140000e+02	0.000000e+00	1	0.000000e+00
2.410000e+02	2.190000e+02	0.000000e+00	1	0.000000e+00
2.510000e+02	2.100000e+02	0.000000e+00	1	0.000000e+00
2.400000e+02	2.210000e+02	0.000000e+00	1	0.000000e+00
2.400000e+02	2.210000e+02	0.000000e+00	1	0.000000e+00
2.890000e+02	1.780000e+02	0.000000e+00	1	0.000000e+00
2.500000e+02	2.110000e+02	0.000000e+00	1	0.000000e+00
2.410000e+02	2.190000e+02	0.000000e+00	1	0.000000e+00
2.340000e+02	2.250000e+02	0.000000e+00	1	0.000000e+00
2.580000e+02	2.050000e+02	0.000000e+00	1	0.000000e+00
2.360000e+02	2.220000e+02	0.000000e+00	1	0.000000e+00
2.340000e+02	2.250000e+02	0.000000e+00	1	0.000000e+00
2.770000e+02	1.880000e+02	0.000000e+00	1	0.000000e+00
2.830000e+02	1.830000e+02	0.000000e+00	1	0.000000e+00
2.400000e+02	2.210000e+02	0.000000e+00	1	0.000000e+00
2.770000e+02	1.880000e+02	0.000000e+00	1	0.000000e+00
2.750000e+02	1.890000e+02	0.000000e+00	1	0.000000e+00
2.630000e+02	1.980000e+02	0.000000e+00	1	0.000000e+00
2.940000e+02	1.750000e+02	0.000000e+00	1	0.000000e+00
2.410000e+02	2.190000e+02	0.000000e+00	1	0.000000e+00
2.780000e+02	1.860000e+02	0.000000e+00	1	0.000000e+00
2.580000e+02	2.050000e+02	0.000000e+00	1	0.000000e+00
2.820000e+02	1.840000e+02	0.000000e+00	1	0.000000e+00
2.890000e+02	1.780000e+02	0.000000e+00	1	0.000000e+00
2.540000e+02	2.080000e+02	0.000000e+00	1	0.000000e+00
2.410000e+02	2.190000e+02	0.000000e+00	1	0.000000e+00
2.750000e+02	1.890000e+02	0.000000e+00	1	0.000000e+00
2.870000e+02	1.820000e+02	0.000000e+00	1	0.000000e+00
2.280000e+02	2.310000e+02	0.000000e+00	1	0.000000e+00
2.310000e+02	2.280000e+02	0.000000e+00	1	0.000000e+00
2.770000e+02	1.880000e+02	0.000000e+00	1	0.000000e+00
2.890000e+02	1.780000e+02	0.000000e+00	1	0.000000e+00
2.750000e+02	1.890000e+02	0.000000e+00	1	0.000000e+00
3.400000e+02	1.500000e+02	0.000000e+00	1	0.000000e+00
2.770000e+02	1.880000e+02	0.000000e+00	1	0.000000e+00
3.440000e+02	1.440000e+02	0.000000e+00	1	0.000000e+00
2.750000e+02	1.890000e+02	0.000000e+00	1	0.000000e+00
2.770000e+02	1.880000e+02	0.000000e+00	1	0.000000e+00
2.710000e+02	1.920000e+02	0.000000e+00	1	0.000000e+00
2.750000e+02	1.890000e+02	0.000000e+00	1	0.000000e+00
2.430000e+02	2.160000e+02	0.000000e+00	1	0.000000e+00
2.580000e+02	2.050000e+02	0.000000e+00	1	0.000000e+00
2.530000e+02	2.090000e+02	0.000000e+00	1	0.000000e+00
2.530000e+02	2.090000e+02	0.000000e+00	1	0.000000e+00
2.500000e+02	2.110000e+02	0.000000e+00	1	0.000000e+00
2.750000e+02	1.890000e+02	0.000000e+00	1	0.000000e+00
2.540000e+02	2.080000e+02	0.000000e+00	1	0.000000e+00
2.820000e+02	1.840000e+02	0.000000e+00	1	0.000000e+00
2.710000e+02	1.920000e+02	0.000000e+00	1	0.000000e+00
3.360000e+02	1.510000e+02	0.000000e+00	1	0.000000e+00
3.280000e+02	1.550000e+02	0.000000e+00	1	0.000000e+00
2.510000e+02	2.100000e+02	0.000000e+00	1	0.000000e+00
2.780000e+02	1.860000e+02	0.000000e+00	1	0.000000e+00
2.820000e+02	1.840000e+02	0.000000e+00	1	0.000000e+00
2.770000e+02	1.880000e+02	0.000000e+00	1	0.000000e+00
2.770000e+02	1.880000e+02	0.000000e+00	1	0.000000e+00
2.540000e+02	2.080000e+02	0.000000e+00	1	0.000000e+00
2.550000e+02	2.060000e+02	0.000000e+00	1	0.000000e+00
2.750000e+02	1.890000e+02	0.000000e+00	1	0.000000e+00
2.400000e+02	2.210000e+02	0.000000e+00	1	0.000000e+00
3.230000e+02	1.570000e+02	0.000000e+00	1	0.000000e+00
3.190000e+02	1.620000e+02	0.000000e+00	1	0.000000e+00
3.170000e+02	1.630000e+02	0.000000e+00	1	0.000000e+00
2.280000e+02	2.310000e+02	0.000000e+00	1	0.000000e+00
2.770000e+02	1.880000e+02	0.000000e+00	1	0.000000e+00
2.410000e+02	2.190000e+02	0.000000e+00	1	0.000000e+00
2.430000e+02	2.160000e+02	0.000000e+00	1	0.000000e+00
2.500000e+02	2.110000e+02	0.000000e+00	1	0.000000e+00
2.820000e+02	1.840000e+02	0.000000e+00	1	0.000000e+00
2.710000e+02	1.920000e+02	0.000000e+00	1	0.000000e+00
2.780000e+02	1.860000e+02	0.000000e+00	1	0.000000e+00
2.770000e+02	1.880000e+02	0.000000e+00	1	0.000000e+00
2.590000e+02	1.990000e+02	0.000000e+00	1	0.000000e+00
2.340000e+02	2.250000e+02	0.000000e+00	1	0.000000e+00
2.430000e+02	2.160000e+02	0.000000e+00	1	0.000000e+00
2.750000e+02	1.890000e+02	0.000000e+00	1	0.000000e+00
2.430000e+02	2.160000e+02	0.000000e+00	1	0.000000e+00
2.750000e+02	1.890000e+02	0.000000e+00	1	0.000000e+00
2.500000e+02	2.110000e+02	0.000000e+00	1	0.000000e+00
2.540000e+02	2.080000e+02	0.000000e+00	1	0.000000e+00
2.710000e+02	1.920000e+02	0.000000e+00	1	0.000000e+00
2.890000e+02	1.780000e+02	0.000000e+00	1	0.000000e+00
2.630000e+02	1.980000e+02	0.000000e+00	1	0.000000e+00
2.530000e+02	2.090000e+02	0.000000e+00	1	0.000000e+00
2.360000e+02	2.220000e+02	0.000000e+00	1	0.000000e+00
2.580000e+02	2.050000e+02	0.000000e+00	1	0.000000e+00
2.820000e+02	1.840000e+02	0.000000e+00	1	0.000000e+00
2.890000e+02	1.780000e+02	0.000000e+00	1	0.000000e+00
3.360000e+02	1.510000e+02	0.000000e+00	1	0.000000e+00
3.050000e+02	1.690000e+02	0.000000e+00	1	0.000000e+00
2.770000e+02	1.880000e+02	0.000000e+00	1	0.000000e+00
2.820000e+02	1.840000e+02	0.000000e+00	1	0.000000e+00
2.770000e+02	1.880000e+02	0.000000e+00	1	0.000000e+00
2.400000e+02	2.210000e+02	0.000000e+00	1	0.000000e+00
2.550000e+02	2.060000e+02	0.000000e+00	1	0.000000e+00
2.550000e+02	2.060000e+02	0.000000e+00	1	0.000000e+00
2.940000e+02	1.750000e+02	0.000000e+00	1	0.000000e+00
2.830000e+02	1.830000e+02	0.000000e+00	1	0.000000e+00
2.310000e+02	2.280000e+02	0.000000e+00	1	0.000000e+00
2.340000e+02	2.250000e+02	0.000000e+00	1	0.000000e+00
2.340000e+02	2.250000e+02	0.000000e+00	1	0.000000e+00
2.630000e+02	1.980000e+02	0.000000e+00	1	0.000000e+00
2.500000e+02	2.110000e+02	0.000000e+00	1	0.000000e+00
2.580000e+02	2.050000e+02	0.000000e+00	1	0.000000e+00
2.870000e+02	1.820000e+02	0.000000e+00	1	0.000000e+00
2.770000e+02	1.880000e+02	0.000000e+00	1	0.000000e+00
2.430000e+02	2.160000e+02	0.000000e+00	1	0.000000e+00
3.330000e+02	1.530000e+02	0.000000e+00	1	0.000000e+00
3.400000e+02	1.500000e+02	0.000000e+00	1	0.000000e+00
2.770000e+02	1.880000e+02	0.000000e+00	1	0.000000e+00
3.080000e+02	1.670000e+02	0.000000e+00	1	0.000000e+00
2.550000e+02	2.060000e+02	0.000000e+00	1	0.000000e+00
2.870000e+02	1.820000e+02	0.000000e+00	1	0.000000e+00
2.410000e+02	2.190000e+02	0.000000e+00	1	0.000000e+00
2.680000e+02	1.940000e+02	0.000000e+00	1	0.000000e+00
2.710000e+02	1.920000e+02	0.000000e+00	1	0.000000e+00
2.410000e+02	2.190000e+02	0.000000e+00	1	0.000000e+00
2.820000e+02	1.840000e+02	0.000000e+00	1	0.000000e+00
2.410000e+02	2.190000e+02	0.000000e+00	1	0.000000e+00
2.590000e+02	1.990000e+02	0.000000e+00	1	0.000000e+00
2.340000e+02	2.250000e+02	0.000000e+00	1	0.000000e+00
2.580000e+02	2.050000e+02	0.000000e+00	1	0.000000e+00
2.430000e+02	2.160000e+02	0.000000e+00	1	0.000000e+00
2.500000e+02	2.110000e+02	0.000000e+00	1	0.000000e+00
2.260000e+02	2.350000e+02	0.000000e+00	1	0.000000e+00
2.940000e+02	1.750000e+02	0.000000e+00	1	0.000000e+00
2.750000e+02	1.890000e+02	0.000000e+00	1	0.000000e+00
2.500000e+02	2.110000e+02	0.000000e+00	1	0.000000e+00
2.400000e+02	2.210000e+02	0.000000e+00	1	0.000000e+00
2.820000e+02	1.840000e+02	0.000000e+00	1	0.000000e+00
2.780000e+02	1.860000e+02	0.000000e+00	1	0.000000e+00
2.510000e+02	2.100000e+02	0.000000e+00	1	0.000000e+00
2.890000e+02	1.780000e+02	0.000000e+00	1	0.000000e+00
2.280000e+02	2.310000e+02	0.000000e+00	1	0.000000e+00
2.500000e+02	2.110000e+02	0.000000e+00	1	0.000000e+00
2.750000e+02	1.890000e+02	0.000000e+00	1	0.000000e+00
2.750000e+02	1.890000e+02	0.000000e+00	1	0.000000e+00
2.430000e+02	2.160000e+02	0.000000e+00	1	0.000000e+00
2.580000e+02	2.050000e+02	0.000000e+00	1	0.000000e+00
2.340000e+02	2.250000e+02	0.000000e+00	1	0.000000e+00
2.580000e+02	2.050000e+02	0.000000e+00	1	0.000000e+00
2.360000e+02	2.220000e+02	0.000000e+00	1	0.000000e+00
2.360000e+02	2.220000e+02	0.000000e+00	1	0.000000e+00
2.580000e+02	2.050000e+02	0.000000e+00	1	0.000000e+00
2.830000e+02	1.830000e+02	0.000000e+00	1	0.000000e+00
2.550000e+02	2.060000e+02	0.000000e+00	1	0.000000e+00
2.890000e+02	1.780000e+02	0.000000e+00	1	0.000000e+00
2.750000e+02	1.890000e+02	0.000000e+00	1	0.000000e+00
2.820000e+02	1.840000e+02	0.000000e+00	1	0.000000e+00
2.830000e+02	1.830000e+02	0.000000e+00	1	0.000000e+00
3.330000e+02	1.530000e+02	0.000000e+00	1	0.000000e+00
2.340000e+02	2.250000e+02	0.000000e+00	1	0.000000e+00
2.750000e+02	1.890000e+02	0.000000e+00	1	0.000000e+00
2.580000e+02	2.050000e+02	0.000000e+00	1	0.000000e+00
2.500000e+02	2.110000e+02	0.000000e+00	1	0.000000e+00
2.280000e+02	2.310000e+02	0.000000e+00	1	0.000000e+00
2.770000e+02	1.880000e+02	0.000000e+00	1	0.000000e+00
2.940000e+02	1.750000e+02	0.000000e+00	1	0.000000e+00
2.240000e+02	2.420000e+02	0.000000e+00	1	0.000000e+00
2.400000e+02	2.210000e+02	0.000000e+00	1	0.000000e+00
2.710000e+02	1.920000e+02	0.000000e+00	1	0.000000e+00
2.430000e+02	2.160000e+02	0.000000e+00	1	0.000000e+00
2.750000e+02	1.890000e+02	0.000000e+00	1	0.000000e+00
2.770000e+02	1.880000e+02	0.000000e+00	1	0.000000e+00
2.750000e+02	1.890000e+02	0.000000e+00	1	0.000000e+00
3.400000e+02	1.500000e+02	0.000000e+00	1	0.000000e+00
2.710000e+02	1.920000e+02	0.000000e+00	1	0.000000e+00
2.770000e+02	1.880000e+02	0.000000e+00	1	0.000000e+00
2.820000e+02	1.840000e+02	0.000000e+00	1	0.000000e+00
2.510000e+02	2.100000e+02	0.000000e+00	1	0.000000e+00
2.630000e+02	1.980000e+02	0.000000e+00	1	0.000000e+00
2.410000e+02	2.190000e+02	0.000000e+00	1	0.000000e+00
2.820000e+02	1.840000e+02	0.000000e+00	1	0.000000e+00
2.680000e+02	1.940000e+02	0.000000e+00	1	0.000000e+00
2.680000e+02	1.940000e+02	0.000000e+00	1	0.000000e+00
2.870000e+02	1.820000e+02	0.000000e+00	1	0.000000e+00
2.240000e+02	2.420000e+02	0.000000e+00	1	0.000000e+00
2.500000e+02	2.110000e+02	0.000000e+00	1	0.000000e+00
2.500000e+02	2.110000e+02	0.000000e+00	1	0.000000e+00
2.580000e+02	2.050000e+02	0.000000e+00	1	0.000000e+00
2.820000e+02	1.840000e+02	0.000000e+00	1	0.000000e+00
2.750000e+02	1.890000e+02	0.000000e+00	1	0.000000e+00
2.870000e+02	1.820000e+02	0.000000e+00	1	0.000000e+00
2.400000e+02	2.210000e+02	0.000000e+00	1	0.000000e+00
2.550000e+02	2.060000e+02	0.000000e+00	1	0.000000e+00
2.340000e+02	2.250000e+02	0.000000e+00	1	0.000000e+00
2.820000e+02	1.840000e+02	0.000000e+00	1	0.000000e+00
3.190000e+02	1.620000e+02	0.000000e+00	1	0.000000e+00
2.890000e+02	1.780000e+02	0.000000e+00	1	0.000000e+00
2.770000e+02	1.880000e+02	0.000000e+00	1	0.000000e+00
2.580000e+02	2.050000e+02	0.000000e+00	1	0.000000e+00
2.530000e+02	2.090000e+02	0.000000e+00	1	0.000000e+00
2.340000e+02	2.250000e+02	0.000000e+00	1	0.000000e+00
2.650000e+02	1.950000e+02	0.000000e+00	1	0.000000e+00
2.770000e+02	1.880000e+02	0.000000e+00	1	0.000000e+00
2.710000e+02	1.920000e+02	0.000000e+00	1	0.000000e+00
2.500000e+02	2.110000e+02	0.000000e+00	1	0.000000e+00
2.680000e+02	1.940000e+02	0.000000e+00	1	0.000000e+00
2.830000e+02	1.830000e+02	0.000000e+00	1	0.000000e+00
2.340000e+02	2.250000e+02	0.000000e+00	1	0.000000e+00
2.400000e+02	2.210000e+02	0.000000e+00	1	0.000000e+00
2.650000e+02	1.950000e+02	0.000000e+00	1	0.000000e+00
2.400000e+02	2.210000e+02	0.000000e+00	1	0.000000e+00
2.550000e+02	2.060000e+02	0.000000e+00	1	0.000000e+00
2.410000e+02	2.190000e+02	0.000000e+00	1	0.000000e+00
2.580000e+02	2.050000e+02	0.000000e+00	1	0.000000e+00
2.400000e+02	2.210000e+02	0.000000e+00	1	0.000000e+00
2.870000e+02	1.820000e+02	0.000000e+00	1	0.000000e+00
2.400000e+02	2.210000e+02	0.000000e+00	1	0.000000e+00
2.750000e+02	1.890000e+02	0.000000e+00	1	0.000000e+00
2.770000e+02	1.880000e+02	0.000000e+00	1	0.000000e+00
2.400000e+02	2.210000e+02	0.000000e+00	1	0.000000e+00
2.550000e+02	2.060000e+02	0.000000e+00	1	0.000000e+00
Total execution time: 396.853
