# This file contains the data of final feasible population (if found)
# of objectives = 2, # of constraints = 0, # of real_var = 0, # of bits of bin_var = 0, constr_violation, rank, crowding_distance
5.059524e-01	4.921769e-01	0.000000e+00	1	1.000000e+14
4.930556e-01	5.036848e-01	0.000000e+00	1	1.000000e+14
4.940476e-01	4.949546e-01	0.000000e+00	1	4.615385e-01
4.930556e-01	5.036848e-01	0.000000e+00	1	3.793103e-01
4.940476e-01	4.949546e-01	0.000000e+00	1	3.793103e-01
4.940476e-01	4.949546e-01	0.000000e+00	1	1.206897e-01
5.059524e-01	4.921769e-01	0.000000e+00	1	1.206897e-01
4.930556e-01	5.036848e-01	0.000000e+00	1	3.846154e-02
4.940476e-01	4.949546e-01	0.000000e+00	1	3.846154e-02
4.930556e-01	5.036848e-01	0.000000e+00	1	0.000000e+00
4.940476e-01	4.949546e-01	0.000000e+00	1	0.000000e+00
4.930556e-01	5.036848e-01	0.000000e+00	1	0.000000e+00
4.940476e-01	4.949546e-01	0.000000e+00	1	0.000000e+00
4.930556e-01	5.036848e-01	0.000000e+00	1	0.000000e+00
4.940476e-01	4.949546e-01	0.000000e+00	1	0.000000e+00
4.940476e-01	4.949546e-01	0.000000e+00	1	0.000000e+00
4.940476e-01	4.949546e-01	0.000000e+00	1	0.000000e+00
4.940476e-01	4.949546e-01	0.000000e+00	1	0.000000e+00
4.930556e-01	5.036848e-01	0.000000e+00	1	0.000000e+00
4.930556e-01	5.036848e-01	0.000000e+00	1	0.000000e+00
4.940476e-01	4.949546e-01	0.000000e+00	1	0.000000e+00
4.940476e-01	4.949546e-01	0.000000e+00	1	0.000000e+00
4.930556e-01	5.036848e-01	0.000000e+00	1	0.000000e+00
4.930556e-01	5.036848e-01	0.000000e+00	1	0.000000e+00
4.940476e-01	4.949546e-01	0.000000e+00	1	0.000000e+00
4.940476e-01	4.949546e-01	0.000000e+00	1	0.000000e+00
4.930556e-01	5.036848e-01	0.000000e+00	1	0.000000e+00
4.930556e-01	5.036848e-01	0.000000e+00	1	0.000000e+00
4.930556e-01	5.036848e-01	0.000000e+00	1	0.000000e+00
4.940476e-01	4.949546e-01	0.000000e+00	1	0.000000e+00
4.930556e-01	5.036848e-01	0.000000e+00	1	0.000000e+00
4.940476e-01	4.949546e-01	0.000000e+00	1	0.000000e+00
4.940476e-01	4.949546e-01	0.000000e+00	1	0.000000e+00
4.940476e-01	4.949546e-01	0.000000e+00	1	0.000000e+00
4.940476e-01	4.949546e-01	0.000000e+00	1	0.000000e+00
4.930556e-01	5.036848e-01	0.000000e+00	1	0.000000e+00
4.940476e-01	4.949546e-01	0.000000e+00	1	0.000000e+00
4.930556e-01	5.036848e-01	0.000000e+00	1	0.000000e+00
4.940476e-01	4.949546e-01	0.000000e+00	1	0.000000e+00
4.930556e-01	5.036848e-01	0.000000e+00	1	0.000000e+00
4.930556e-01	5.036848e-01	0.000000e+00	1	0.000000e+00
4.930556e-01	5.036848e-01	0.000000e+00	1	0.000000e+00
4.940476e-01	4.949546e-01	0.000000e+00	1	0.000000e+00
4.930556e-01	5.036848e-01	0.000000e+00	1	0.000000e+00
4.930556e-01	5.036848e-01	0.000000e+00	1	0.000000e+00
4.930556e-01	5.036848e-01	0.000000e+00	1	0.000000e+00
4.930556e-01	5.036848e-01	0.000000e+00	1	0.000000e+00
4.940476e-01	4.949546e-01	0.000000e+00	1	0.000000e+00
4.940476e-01	4.949546e-01	0.000000e+00	1	0.000000e+00
4.930556e-01	5.036848e-01	0.000000e+00	1	0.000000e+00
4.930556e-01	5.036848e-01	0.000000e+00	1	0.000000e+00
4.930556e-01	5.036848e-01	0.000000e+00	1	0.000000e+00
4.930556e-01	5.036848e-01	0.000000e+00	1	0.000000e+00
4.930556e-01	5.036848e-01	0.000000e+00	1	0.000000e+00
4.940476e-01	4.949546e-01	0.000000e+00	1	0.000000e+00
4.930556e-01	5.036848e-01	0.000000e+00	1	0.000000e+00
4.940476e-01	4.949546e-01	0.000000e+00	1	0.000000e+00
4.940476e-01	4.949546e-01	0.000000e+00	1	0.000000e+00
4.940476e-01	4.949546e-01	0.000000e+00	1	0.000000e+00
4.940476e-01	4.949546e-01	0.000000e+00	1	0.000000e+00
4.940476e-01	4.949546e-01	0.000000e+00	1	0.000000e+00
4.940476e-01	4.949546e-01	0.000000e+00	1	0.000000e+00
4.940476e-01	4.949546e-01	0.000000e+00	1	0.000000e+00
4.930556e-01	5.036848e-01	0.000000e+00	1	0.000000e+00
4.940476e-01	4.949546e-01	0.000000e+00	1	0.000000e+00
4.930556e-01	5.036848e-01	0.000000e+00	1	0.000000e+00
4.930556e-01	5.036848e-01	0.000000e+00	1	0.000000e+00
4.930556e-01	5.036848e-01	0.000000e+00	1	0.000000e+00
4.940476e-01	4.949546e-01	0.000000e+00	1	0.000000e+00
4.930556e-01	5.036848e-01	0.000000e+00	1	0.000000e+00
4.940476e-01	4.949546e-01	0.000000e+00	1	0.000000e+00
4.930556e-01	5.036848e-01	0.000000e+00	1	0.000000e+00
4.930556e-01	5.036848e-01	0.000000e+00	1	0.000000e+00
4.930556e-01	5.036848e-01	0.000000e+00	1	0.000000e+00
4.930556e-01	5.036848e-01	0.000000e+00	1	0.000000e+00
4.940476e-01	4.949546e-01	0.000000e+00	1	0.000000e+00
4.930556e-01	5.036848e-01	0.000000e+00	1	0.000000e+00
4.930556e-01	5.036848e-01	0.000000e+00	1	0.000000e+00
4.930556e-01	5.036848e-01	0.000000e+00	1	0.000000e+00
4.940476e-01	4.949546e-01	0.000000e+00	1	0.000000e+00
4.940476e-01	4.949546e-01	0.000000e+00	1	0.000000e+00
4.930556e-01	5.036848e-01	0.000000e+00	1	0.000000e+00
4.930556e-01	5.036848e-01	0.000000e+00	1	0.000000e+00
4.930556e-01	5.036848e-01	0.000000e+00	1	0.000000e+00
4.940476e-01	4.949546e-01	0.000000e+00	1	0.000000e+00
4.940476e-01	4.949546e-01	0.000000e+00	1	0.000000e+00
4.930556e-01	5.036848e-01	0.000000e+00	1	0.000000e+00
4.930556e-01	5.036848e-01	0.000000e+00	1	0.000000e+00
4.940476e-01	4.949546e-01	0.000000e+00	1	0.000000e+00
4.940476e-01	4.949546e-01	0.000000e+00	1	0.000000e+00
4.930556e-01	5.036848e-01	0.000000e+00	1	0.000000e+00
4.940476e-01	4.949546e-01	0.000000e+00	1	0.000000e+00
4.940476e-01	4.949546e-01	0.000000e+00	1	0.000000e+00
4.930556e-01	5.036848e-01	0.000000e+00	1	0.000000e+00
4.930556e-01	5.036848e-01	0.000000e+00	1	0.000000e+00
4.930556e-01	5.036848e-01	0.000000e+00	1	0.000000e+00
4.930556e-01	5.036848e-01	0.000000e+00	1	0.000000e+00
4.930556e-01	5.036848e-01	0.000000e+00	1	0.000000e+00
4.930556e-01	5.036848e-01	0.000000e+00	1	0.000000e+00
4.930556e-01	5.036848e-01	0.000000e+00	1	0.000000e+00
4.930556e-01	5.036848e-01	0.000000e+00	1	0.000000e+00
4.940476e-01	4.949546e-01	0.000000e+00	1	0.000000e+00
4.940476e-01	4.949546e-01	0.000000e+00	1	0.000000e+00
4.940476e-01	4.949546e-01	0.000000e+00	1	0.000000e+00
4.930556e-01	5.036848e-01	0.000000e+00	1	0.000000e+00
4.940476e-01	4.949546e-01	0.000000e+00	1	0.000000e+00
4.930556e-01	5.036848e-01	0.000000e+00	1	0.000000e+00
4.940476e-01	4.949546e-01	0.000000e+00	1	0.000000e+00
4.930556e-01	5.036848e-01	0.000000e+00	1	0.000000e+00
4.930556e-01	5.036848e-01	0.000000e+00	1	0.000000e+00
4.930556e-01	5.036848e-01	0.000000e+00	1	0.000000e+00
4.930556e-01	5.036848e-01	0.000000e+00	1	0.000000e+00
4.930556e-01	5.036848e-01	0.000000e+00	1	0.000000e+00
4.940476e-01	4.949546e-01	0.000000e+00	1	0.000000e+00
4.930556e-01	5.036848e-01	0.000000e+00	1	0.000000e+00
4.940476e-01	4.949546e-01	0.000000e+00	1	0.000000e+00
4.940476e-01	4.949546e-01	0.000000e+00	1	0.000000e+00
4.940476e-01	4.949546e-01	0.000000e+00	1	0.000000e+00
4.940476e-01	4.949546e-01	0.000000e+00	1	0.000000e+00
4.940476e-01	4.949546e-01	0.000000e+00	1	0.000000e+00
4.940476e-01	4.949546e-01	0.000000e+00	1	0.000000e+00
4.930556e-01	5.036848e-01	0.000000e+00	1	0.000000e+00
4.940476e-01	4.949546e-01	0.000000e+00	1	0.000000e+00
4.930556e-01	5.036848e-01	0.000000e+00	1	0.000000e+00
4.930556e-01	5.036848e-01	0.000000e+00	1	0.000000e+00
4.930556e-01	5.036848e-01	0.000000e+00	1	0.000000e+00
4.930556e-01	5.036848e-01	0.000000e+00	1	0.000000e+00
4.930556e-01	5.036848e-01	0.000000e+00	1	0.000000e+00
4.940476e-01	4.949546e-01	0.000000e+00	1	0.000000e+00
4.940476e-01	4.949546e-01	0.000000e+00	1	0.000000e+00
4.940476e-01	4.949546e-01	0.000000e+00	1	0.000000e+00
4.930556e-01	5.036848e-01	0.000000e+00	1	0.000000e+00
4.940476e-01	4.949546e-01	0.000000e+00	1	0.000000e+00
4.930556e-01	5.036848e-01	0.000000e+00	1	0.000000e+00
4.930556e-01	5.036848e-01	0.000000e+00	1	0.000000e+00
4.940476e-01	4.949546e-01	0.000000e+00	1	0.000000e+00
4.940476e-01	4.949546e-01	0.000000e+00	1	0.000000e+00
4.930556e-01	5.036848e-01	0.000000e+00	1	0.000000e+00
4.930556e-01	5.036848e-01	0.000000e+00	1	0.000000e+00
4.940476e-01	4.949546e-01	0.000000e+00	1	0.000000e+00
4.940476e-01	4.949546e-01	0.000000e+00	1	0.000000e+00
4.930556e-01	5.036848e-01	0.000000e+00	1	0.000000e+00
4.930556e-01	5.036848e-01	0.000000e+00	1	0.000000e+00
4.940476e-01	4.949546e-01	0.000000e+00	1	0.000000e+00
4.940476e-01	4.949546e-01	0.000000e+00	1	0.000000e+00
4.930556e-01	5.036848e-01	0.000000e+00	1	0.000000e+00
4.930556e-01	5.036848e-01	0.000000e+00	1	0.000000e+00
4.940476e-01	4.949546e-01	0.000000e+00	1	0.000000e+00
4.940476e-01	4.949546e-01	0.000000e+00	1	0.000000e+00
4.930556e-01	5.036848e-01	0.000000e+00	1	0.000000e+00
4.930556e-01	5.036848e-01	0.000000e+00	1	0.000000e+00
4.930556e-01	5.036848e-01	0.000000e+00	1	0.000000e+00
4.930556e-01	5.036848e-01	0.000000e+00	1	0.000000e+00
4.930556e-01	5.036848e-01	0.000000e+00	1	0.000000e+00
4.930556e-01	5.036848e-01	0.000000e+00	1	0.000000e+00
4.930556e-01	5.036848e-01	0.000000e+00	1	0.000000e+00
4.930556e-01	5.036848e-01	0.000000e+00	1	0.000000e+00
4.940476e-01	4.949546e-01	0.000000e+00	1	0.000000e+00
4.930556e-01	5.036848e-01	0.000000e+00	1	0.000000e+00
4.930556e-01	5.036848e-01	0.000000e+00	1	0.000000e+00
4.930556e-01	5.036848e-01	0.000000e+00	1	0.000000e+00
4.940476e-01	4.949546e-01	0.000000e+00	1	0.000000e+00
4.930556e-01	5.036848e-01	0.000000e+00	1	0.000000e+00
4.930556e-01	5.036848e-01	0.000000e+00	1	0.000000e+00
4.930556e-01	5.036848e-01	0.000000e+00	1	0.000000e+00
4.930556e-01	5.036848e-01	0.000000e+00	1	0.000000e+00
4.930556e-01	5.036848e-01	0.000000e+00	1	0.000000e+00
4.930556e-01	5.036848e-01	0.000000e+00	1	0.000000e+00
4.940476e-01	4.949546e-01	0.000000e+00	1	0.000000e+00
4.930556e-01	5.036848e-01	0.000000e+00	1	0.000000e+00
4.940476e-01	4.949546e-01	0.000000e+00	1	0.000000e+00
4.930556e-01	5.036848e-01	0.000000e+00	1	0.000000e+00
4.930556e-01	5.036848e-01	0.000000e+00	1	0.000000e+00
4.940476e-01	4.949546e-01	0.000000e+00	1	0.000000e+00
4.930556e-01	5.036848e-01	0.000000e+00	1	0.000000e+00
4.930556e-01	5.036848e-01	0.000000e+00	1	0.000000e+00
4.940476e-01	4.949546e-01	0.000000e+00	1	0.000000e+00
4.930556e-01	5.036848e-01	0.000000e+00	1	0.000000e+00
4.930556e-01	5.036848e-01	0.000000e+00	1	0.000000e+00
4.930556e-01	5.036848e-01	0.000000e+00	1	0.000000e+00
4.940476e-01	4.949546e-01	0.000000e+00	1	0.000000e+00
4.930556e-01	5.036848e-01	0.000000e+00	1	0.000000e+00
4.940476e-01	4.949546e-01	0.000000e+00	1	0.000000e+00
4.930556e-01	5.036848e-01	0.000000e+00	1	0.000000e+00
4.940476e-01	4.949546e-01	0.000000e+00	1	0.000000e+00
4.930556e-01	5.036848e-01	0.000000e+00	1	0.000000e+00
4.930556e-01	5.036848e-01	0.000000e+00	1	0.000000e+00
4.940476e-01	4.949546e-01	0.000000e+00	1	0.000000e+00
4.940476e-01	4.949546e-01	0.000000e+00	1	0.000000e+00
4.940476e-01	4.949546e-01	0.000000e+00	1	0.000000e+00
4.940476e-01	4.949546e-01	0.000000e+00	1	0.000000e+00
4.930556e-01	5.036848e-01	0.000000e+00	1	0.000000e+00
4.930556e-01	5.036848e-01	0.000000e+00	1	0.000000e+00
4.930556e-01	5.036848e-01	0.000000e+00	1	0.000000e+00
4.930556e-01	5.036848e-01	0.000000e+00	1	0.000000e+00
4.940476e-01	4.949546e-01	0.000000e+00	1	0.000000e+00
4.940476e-01	4.949546e-01	0.000000e+00	1	0.000000e+00
4.930556e-01	5.036848e-01	0.000000e+00	1	0.000000e+00
4.930556e-01	5.036848e-01	0.000000e+00	1	0.000000e+00
4.940476e-01	4.949546e-01	0.000000e+00	1	0.000000e+00
4.940476e-01	4.949546e-01	0.000000e+00	1	0.000000e+00
4.930556e-01	5.036848e-01	0.000000e+00	1	0.000000e+00
4.940476e-01	4.949546e-01	0.000000e+00	1	0.000000e+00
4.940476e-01	4.949546e-01	0.000000e+00	1	0.000000e+00
4.930556e-01	5.036848e-01	0.000000e+00	1	0.000000e+00
4.930556e-01	5.036848e-01	0.000000e+00	1	0.000000e+00
4.930556e-01	5.036848e-01	0.000000e+00	1	0.000000e+00
4.940476e-01	4.949546e-01	0.000000e+00	1	0.000000e+00
4.940476e-01	4.949546e-01	0.000000e+00	1	0.000000e+00
4.940476e-01	4.949546e-01	0.000000e+00	1	0.000000e+00
4.940476e-01	4.949546e-01	0.000000e+00	1	0.000000e+00
4.940476e-01	4.949546e-01	0.000000e+00	1	0.000000e+00
4.930556e-01	5.036848e-01	0.000000e+00	1	0.000000e+00
4.940476e-01	4.949546e-01	0.000000e+00	1	0.000000e+00
4.940476e-01	4.949546e-01	0.000000e+00	1	0.000000e+00
4.940476e-01	4.949546e-01	0.000000e+00	1	0.000000e+00
4.930556e-01	5.036848e-01	0.000000e+00	1	0.000000e+00
4.930556e-01	5.036848e-01	0.000000e+00	1	0.000000e+00
4.930556e-01	5.036848e-01	0.000000e+00	1	0.000000e+00
4.930556e-01	5.036848e-01	0.000000e+00	1	0.000000e+00
4.930556e-01	5.036848e-01	0.000000e+00	1	0.000000e+00
4.930556e-01	5.036848e-01	0.000000e+00	1	0.000000e+00
4.930556e-01	5.036848e-01	0.000000e+00	1	0.000000e+00
4.940476e-01	4.949546e-01	0.000000e+00	1	0.000000e+00
4.940476e-01	4.949546e-01	0.000000e+00	1	0.000000e+00
4.940476e-01	4.949546e-01	0.000000e+00	1	0.000000e+00
4.930556e-01	5.036848e-01	0.000000e+00	1	0.000000e+00
4.940476e-01	4.949546e-01	0.000000e+00	1	0.000000e+00
4.930556e-01	5.036848e-01	0.000000e+00	1	0.000000e+00
4.940476e-01	4.949546e-01	0.000000e+00	1	0.000000e+00
4.940476e-01	4.949546e-01	0.000000e+00	1	0.000000e+00
4.930556e-01	5.036848e-01	0.000000e+00	1	0.000000e+00
4.940476e-01	4.949546e-01	0.000000e+00	1	0.000000e+00
4.940476e-01	4.949546e-01	0.000000e+00	1	0.000000e+00
4.930556e-01	5.036848e-01	0.000000e+00	1	0.000000e+00
4.940476e-01	4.949546e-01	0.000000e+00	1	0.000000e+00
4.930556e-01	5.036848e-01	0.000000e+00	1	0.000000e+00
4.930556e-01	5.036848e-01	0.000000e+00	1	0.000000e+00
4.940476e-01	4.949546e-01	0.000000e+00	1	0.000000e+00
4.930556e-01	5.036848e-01	0.000000e+00	1	0.000000e+00
4.930556e-01	5.036848e-01	0.000000e+00	1	0.000000e+00
4.930556e-01	5.036848e-01	0.000000e+00	1	0.000000e+00
4.930556e-01	5.036848e-01	0.000000e+00	1	0.000000e+00
4.930556e-01	5.036848e-01	0.000000e+00	1	0.000000e+00
4.940476e-01	4.949546e-01	0.000000e+00	1	0.000000e+00
4.930556e-01	5.036848e-01	0.000000e+00	1	0.000000e+00
4.930556e-01	5.036848e-01	0.000000e+00	1	0.000000e+00
4.930556e-01	5.036848e-01	0.000000e+00	1	0.000000e+00
4.930556e-01	5.036848e-01	0.000000e+00	1	0.000000e+00
4.940476e-01	4.949546e-01	0.000000e+00	1	0.000000e+00
4.940476e-01	4.949546e-01	0.000000e+00	1	0.000000e+00
4.930556e-01	5.036848e-01	0.000000e+00	1	0.000000e+00
4.940476e-01	4.949546e-01	0.000000e+00	1	0.000000e+00
4.930556e-01	5.036848e-01	0.000000e+00	1	0.000000e+00
4.930556e-01	5.036848e-01	0.000000e+00	1	0.000000e+00
4.930556e-01	5.036848e-01	0.000000e+00	1	0.000000e+00
4.940476e-01	4.949546e-01	0.000000e+00	1	0.000000e+00
4.930556e-01	5.036848e-01	0.000000e+00	1	0.000000e+00
4.940476e-01	4.949546e-01	0.000000e+00	1	0.000000e+00
4.930556e-01	5.036848e-01	0.000000e+00	1	0.000000e+00
4.930556e-01	5.036848e-01	0.000000e+00	1	0.000000e+00
4.930556e-01	5.036848e-01	0.000000e+00	1	0.000000e+00
4.930556e-01	5.036848e-01	0.000000e+00	1	0.000000e+00
4.940476e-01	4.949546e-01	0.000000e+00	1	0.000000e+00
4.930556e-01	5.036848e-01	0.000000e+00	1	0.000000e+00
4.930556e-01	5.036848e-01	0.000000e+00	1	0.000000e+00
4.940476e-01	4.949546e-01	0.000000e+00	1	0.000000e+00
4.940476e-01	4.949546e-01	0.000000e+00	1	0.000000e+00
4.930556e-01	5.036848e-01	0.000000e+00	1	0.000000e+00
4.940476e-01	4.949546e-01	0.000000e+00	1	0.000000e+00
4.940476e-01	4.949546e-01	0.000000e+00	1	0.000000e+00
4.930556e-01	5.036848e-01	0.000000e+00	1	0.000000e+00
4.930556e-01	5.036848e-01	0.000000e+00	1	0.000000e+00
4.940476e-01	4.949546e-01	0.000000e+00	1	0.000000e+00
4.930556e-01	5.036848e-01	0.000000e+00	1	0.000000e+00
4.930556e-01	5.036848e-01	0.000000e+00	1	0.000000e+00
4.940476e-01	4.949546e-01	0.000000e+00	1	0.000000e+00
4.930556e-01	5.036848e-01	0.000000e+00	1	0.000000e+00
4.930556e-01	5.036848e-01	0.000000e+00	1	0.000000e+00
4.940476e-01	4.949546e-01	0.000000e+00	1	0.000000e+00
4.930556e-01	5.036848e-01	0.000000e+00	1	0.000000e+00
4.930556e-01	5.036848e-01	0.000000e+00	1	0.000000e+00
4.930556e-01	5.036848e-01	0.000000e+00	1	0.000000e+00
4.930556e-01	5.036848e-01	0.000000e+00	1	0.000000e+00
4.930556e-01	5.036848e-01	0.000000e+00	1	0.000000e+00
4.940476e-01	4.949546e-01	0.000000e+00	1	0.000000e+00
4.940476e-01	4.949546e-01	0.000000e+00	1	0.000000e+00
4.940476e-01	4.949546e-01	0.000000e+00	1	0.000000e+00
4.930556e-01	5.036848e-01	0.000000e+00	1	0.000000e+00
4.930556e-01	5.036848e-01	0.000000e+00	1	0.000000e+00
4.930556e-01	5.036848e-01	0.000000e+00	1	0.000000e+00
4.930556e-01	5.036848e-01	0.000000e+00	1	0.000000e+00
4.930556e-01	5.036848e-01	0.000000e+00	1	0.000000e+00
4.930556e-01	5.036848e-01	0.000000e+00	1	0.000000e+00
4.930556e-01	5.036848e-01	0.000000e+00	1	0.000000e+00
4.930556e-01	5.036848e-01	0.000000e+00	1	0.000000e+00
4.930556e-01	5.036848e-01	0.000000e+00	1	0.000000e+00
4.930556e-01	5.036848e-01	0.000000e+00	1	0.000000e+00
4.930556e-01	5.036848e-01	0.000000e+00	1	0.000000e+00
4.940476e-01	4.949546e-01	0.000000e+00	1	0.000000e+00
4.930556e-01	5.036848e-01	0.000000e+00	1	0.000000e+00
4.930556e-01	5.036848e-01	0.000000e+00	1	0.000000e+00
4.930556e-01	5.036848e-01	0.000000e+00	1	0.000000e+00
4.940476e-01	4.949546e-01	0.000000e+00	1	0.000000e+00
4.940476e-01	4.949546e-01	0.000000e+00	1	0.000000e+00
4.930556e-01	5.036848e-01	0.000000e+00	1	0.000000e+00
4.930556e-01	5.036848e-01	0.000000e+00	1	0.000000e+00
4.930556e-01	5.036848e-01	0.000000e+00	1	0.000000e+00
4.940476e-01	4.949546e-01	0.000000e+00	1	0.000000e+00
4.930556e-01	5.036848e-01	0.000000e+00	1	0.000000e+00
4.940476e-01	4.949546e-01	0.000000e+00	1	0.000000e+00
4.930556e-01	5.036848e-01	0.000000e+00	1	0.000000e+00
4.930556e-01	5.036848e-01	0.000000e+00	1	0.000000e+00
4.940476e-01	4.949546e-01	0.000000e+00	1	0.000000e+00
4.940476e-01	4.949546e-01	0.000000e+00	1	0.000000e+00
4.930556e-01	5.036848e-01	0.000000e+00	1	0.000000e+00
4.940476e-01	4.949546e-01	0.000000e+00	1	0.000000e+00
4.940476e-01	4.949546e-01	0.000000e+00	1	0.000000e+00
4.940476e-01	4.949546e-01	0.000000e+00	1	0.000000e+00
4.940476e-01	4.949546e-01	0.000000e+00	1	0.000000e+00
4.940476e-01	4.949546e-01	0.000000e+00	1	0.000000e+00
4.940476e-01	4.949546e-01	0.000000e+00	1	0.000000e+00
4.930556e-01	5.036848e-01	0.000000e+00	1	0.000000e+00
4.940476e-01	4.949546e-01	0.000000e+00	1	0.000000e+00
4.940476e-01	4.949546e-01	0.000000e+00	1	0.000000e+00
4.940476e-01	4.949546e-01	0.000000e+00	1	0.000000e+00
4.930556e-01	5.036848e-01	0.000000e+00	1	0.000000e+00
4.940476e-01	4.949546e-01	0.000000e+00	1	0.000000e+00
4.930556e-01	5.036848e-01	0.000000e+00	1	0.000000e+00
4.940476e-01	4.949546e-01	0.000000e+00	1	0.000000e+00
4.940476e-01	4.949546e-01	0.000000e+00	1	0.000000e+00
4.940476e-01	4.949546e-01	0.000000e+00	1	0.000000e+00
4.940476e-01	4.949546e-01	0.000000e+00	1	0.000000e+00
4.930556e-01	5.036848e-01	0.000000e+00	1	0.000000e+00
4.940476e-01	4.949546e-01	0.000000e+00	1	0.000000e+00
4.940476e-01	4.949546e-01	0.000000e+00	1	0.000000e+00
4.930556e-01	5.036848e-01	0.000000e+00	1	0.000000e+00
4.930556e-01	5.036848e-01	0.000000e+00	1	0.000000e+00
4.940476e-01	4.949546e-01	0.000000e+00	1	0.000000e+00
4.930556e-01	5.036848e-01	0.000000e+00	1	0.000000e+00
4.940476e-01	4.949546e-01	0.000000e+00	1	0.000000e+00
4.930556e-01	5.036848e-01	0.000000e+00	1	0.000000e+00
4.930556e-01	5.036848e-01	0.000000e+00	1	0.000000e+00
4.930556e-01	5.036848e-01	0.000000e+00	1	0.000000e+00
4.940476e-01	4.949546e-01	0.000000e+00	1	0.000000e+00
4.940476e-01	4.949546e-01	0.000000e+00	1	0.000000e+00
4.930556e-01	5.036848e-01	0.000000e+00	1	0.000000e+00
4.930556e-01	5.036848e-01	0.000000e+00	1	0.000000e+00
4.940476e-01	4.949546e-01	0.000000e+00	1	0.000000e+00
4.930556e-01	5.036848e-01	0.000000e+00	1	0.000000e+00
4.940476e-01	4.949546e-01	0.000000e+00	1	0.000000e+00
4.940476e-01	4.949546e-01	0.000000e+00	1	0.000000e+00
4.930556e-01	5.036848e-01	0.000000e+00	1	0.000000e+00
4.930556e-01	5.036848e-01	0.000000e+00	1	0.000000e+00
4.930556e-01	5.036848e-01	0.000000e+00	1	0.000000e+00
4.930556e-01	5.036848e-01	0.000000e+00	1	0.000000e+00
4.930556e-01	5.036848e-01	0.000000e+00	1	0.000000e+00
4.940476e-01	4.949546e-01	0.000000e+00	1	0.000000e+00
4.930556e-01	5.036848e-01	0.000000e+00	1	0.000000e+00
4.930556e-01	5.036848e-01	0.000000e+00	1	0.000000e+00
4.930556e-01	5.036848e-01	0.000000e+00	1	0.000000e+00
4.930556e-01	5.036848e-01	0.000000e+00	1	0.000000e+00
4.930556e-01	5.036848e-01	0.000000e+00	1	0.000000e+00
4.930556e-01	5.036848e-01	0.000000e+00	1	0.000000e+00
4.940476e-01	4.949546e-01	0.000000e+00	1	0.000000e+00
4.930556e-01	5.036848e-01	0.000000e+00	1	0.000000e+00
4.930556e-01	5.036848e-01	0.000000e+00	1	0.000000e+00
4.940476e-01	4.949546e-01	0.000000e+00	1	0.000000e+00
4.940476e-01	4.949546e-01	0.000000e+00	1	0.000000e+00
4.940476e-01	4.949546e-01	0.000000e+00	1	0.000000e+00
4.940476e-01	4.949546e-01	0.000000e+00	1	0.000000e+00
4.940476e-01	4.949546e-01	0.000000e+00	1	0.000000e+00
4.930556e-01	5.036848e-01	0.000000e+00	1	0.000000e+00
4.930556e-01	5.036848e-01	0.000000e+00	1	0.000000e+00
4.930556e-01	5.036848e-01	0.000000e+00	1	0.000000e+00
4.930556e-01	5.036848e-01	0.000000e+00	1	0.000000e+00
4.940476e-01	4.949546e-01	0.000000e+00	1	0.000000e+00
4.930556e-01	5.036848e-01	0.000000e+00	1	0.000000e+00
4.930556e-01	5.036848e-01	0.000000e+00	1	0.000000e+00
4.930556e-01	5.036848e-01	0.000000e+00	1	0.000000e+00
4.930556e-01	5.036848e-01	0.000000e+00	1	0.000000e+00
4.940476e-01	4.949546e-01	0.000000e+00	1	0.000000e+00
4.940476e-01	4.949546e-01	0.000000e+00	1	0.000000e+00
4.940476e-01	4.949546e-01	0.000000e+00	1	0.000000e+00
4.930556e-01	5.036848e-01	0.000000e+00	1	0.000000e+00
4.940476e-01	4.949546e-01	0.000000e+00	1	0.000000e+00
4.940476e-01	4.949546e-01	0.000000e+00	1	0.000000e+00
4.930556e-01	5.036848e-01	0.000000e+00	1	0.000000e+00
4.940476e-01	4.949546e-01	0.000000e+00	1	0.000000e+00
4.930556e-01	5.036848e-01	0.000000e+00	1	0.000000e+00
4.940476e-01	4.949546e-01	0.000000e+00	1	0.000000e+00
4.930556e-01	5.036848e-01	0.000000e+00	1	0.000000e+00
4.930556e-01	5.036848e-01	0.000000e+00	1	0.000000e+00
4.930556e-01	5.036848e-01	0.000000e+00	1	0.000000e+00
4.930556e-01	5.036848e-01	0.000000e+00	1	0.000000e+00
4.930556e-01	5.036848e-01	0.000000e+00	1	0.000000e+00
4.930556e-01	5.036848e-01	0.000000e+00	1	0.000000e+00
4.930556e-01	5.036848e-01	0.000000e+00	1	0.000000e+00
4.940476e-01	4.949546e-01	0.000000e+00	1	0.000000e+00
4.930556e-01	5.036848e-01	0.000000e+00	1	0.000000e+00
4.940476e-01	4.949546e-01	0.000000e+00	1	0.000000e+00
4.940476e-01	4.949546e-01	0.000000e+00	1	0.000000e+00
4.930556e-01	5.036848e-01	0.000000e+00	1	0.000000e+00
4.930556e-01	5.036848e-01	0.000000e+00	1	0.000000e+00
4.930556e-01	5.036848e-01	0.000000e+00	1	0.000000e+00
4.930556e-01	5.036848e-01	0.000000e+00	1	0.000000e+00
4.940476e-01	4.949546e-01	0.000000e+00	1	0.000000e+00
4.940476e-01	4.949546e-01	0.000000e+00	1	0.000000e+00
4.930556e-01	5.036848e-01	0.000000e+00	1	0.000000e+00
4.930556e-01	5.036848e-01	0.000000e+00	1	0.000000e+00
4.930556e-01	5.036848e-01	0.000000e+00	1	0.000000e+00
4.940476e-01	4.949546e-01	0.000000e+00	1	0.000000e+00
4.930556e-01	5.036848e-01	0.000000e+00	1	0.000000e+00
4.940476e-01	4.949546e-01	0.000000e+00	1	0.000000e+00
4.940476e-01	4.949546e-01	0.000000e+00	1	0.000000e+00
4.940476e-01	4.949546e-01	0.000000e+00	1	0.000000e+00
4.940476e-01	4.949546e-01	0.000000e+00	1	0.000000e+00
4.940476e-01	4.949546e-01	0.000000e+00	1	0.000000e+00
4.930556e-01	5.036848e-01	0.000000e+00	1	0.000000e+00
4.940476e-01	4.949546e-01	0.000000e+00	1	0.000000e+00
4.930556e-01	5.036848e-01	0.000000e+00	1	0.000000e+00
4.940476e-01	4.949546e-01	0.000000e+00	1	0.000000e+00
4.930556e-01	5.036848e-01	0.000000e+00	1	0.000000e+00
4.930556e-01	5.036848e-01	0.000000e+00	1	0.000000e+00
4.930556e-01	5.036848e-01	0.000000e+00	1	0.000000e+00
4.930556e-01	5.036848e-01	0.000000e+00	1	0.000000e+00
4.930556e-01	5.036848e-01	0.000000e+00	1	0.000000e+00
4.930556e-01	5.036848e-01	0.000000e+00	1	0.000000e+00
4.940476e-01	4.949546e-01	0.000000e+00	1	0.000000e+00
4.930556e-01	5.036848e-01	0.000000e+00	1	0.000000e+00
4.930556e-01	5.036848e-01	0.000000e+00	1	0.000000e+00
4.930556e-01	5.036848e-01	0.000000e+00	1	0.000000e+00
4.940476e-01	4.949546e-01	0.000000e+00	1	0.000000e+00
4.940476e-01	4.949546e-01	0.000000e+00	1	0.000000e+00
4.930556e-01	5.036848e-01	0.000000e+00	1	0.000000e+00
4.940476e-01	4.949546e-01	0.000000e+00	1	0.000000e+00
4.930556e-01	5.036848e-01	0.000000e+00	1	0.000000e+00
4.940476e-01	4.949546e-01	0.000000e+00	1	0.000000e+00
4.940476e-01	4.949546e-01	0.000000e+00	1	0.000000e+00
4.930556e-01	5.036848e-01	0.000000e+00	1	0.000000e+00
4.930556e-01	5.036848e-01	0.000000e+00	1	0.000000e+00
4.930556e-01	5.036848e-01	0.000000e+00	1	0.000000e+00
4.930556e-01	5.036848e-01	0.000000e+00	1	0.000000e+00
4.930556e-01	5.036848e-01	0.000000e+00	1	0.000000e+00
4.930556e-01	5.036848e-01	0.000000e+00	1	0.000000e+00
4.930556e-01	5.036848e-01	0.000000e+00	1	0.000000e+00
4.940476e-01	4.949546e-01	0.000000e+00	1	0.000000e+00
4.940476e-01	4.949546e-01	0.000000e+00	1	0.000000e+00
4.930556e-01	5.036848e-01	0.000000e+00	1	0.000000e+00
4.930556e-01	5.036848e-01	0.000000e+00	1	0.000000e+00
4.930556e-01	5.036848e-01	0.000000e+00	1	0.000000e+00
4.930556e-01	5.036848e-01	0.000000e+00	1	0.000000e+00
4.940476e-01	4.949546e-01	0.000000e+00	1	0.000000e+00
4.940476e-01	4.949546e-01	0.000000e+00	1	0.000000e+00
4.940476e-01	4.949546e-01	0.000000e+00	1	0.000000e+00
4.940476e-01	4.949546e-01	0.000000e+00	1	0.000000e+00
4.940476e-01	4.949546e-01	0.000000e+00	1	0.000000e+00
4.940476e-01	4.949546e-01	0.000000e+00	1	0.000000e+00
4.930556e-01	5.036848e-01	0.000000e+00	1	0.000000e+00
4.930556e-01	5.036848e-01	0.000000e+00	1	0.000000e+00
4.940476e-01	4.949546e-01	0.000000e+00	1	0.000000e+00
4.930556e-01	5.036848e-01	0.000000e+00	1	0.000000e+00
4.930556e-01	5.036848e-01	0.000000e+00	1	0.000000e+00
4.930556e-01	5.036848e-01	0.000000e+00	1	0.000000e+00
4.940476e-01	4.949546e-01	0.000000e+00	1	0.000000e+00
4.930556e-01	5.036848e-01	0.000000e+00	1	0.000000e+00
4.940476e-01	4.949546e-01	0.000000e+00	1	0.000000e+00
4.930556e-01	5.036848e-01	0.000000e+00	1	0.000000e+00
4.930556e-01	5.036848e-01	0.000000e+00	1	0.000000e+00
4.930556e-01	5.036848e-01	0.000000e+00	1	0.000000e+00
4.930556e-01	5.036848e-01	0.000000e+00	1	0.000000e+00
4.930556e-01	5.036848e-01	0.000000e+00	1	0.000000e+00
4.940476e-01	4.949546e-01	0.000000e+00	1	0.000000e+00
4.930556e-01	5.036848e-01	0.000000e+00	1	0.000000e+00
4.940476e-01	4.949546e-01	0.000000e+00	1	0.000000e+00
4.930556e-01	5.036848e-01	0.000000e+00	1	0.000000e+00
4.930556e-01	5.036848e-01	0.000000e+00	1	0.000000e+00
4.940476e-01	4.949546e-01	0.000000e+00	1	0.000000e+00
4.930556e-01	5.036848e-01	0.000000e+00	1	0.000000e+00
4.930556e-01	5.036848e-01	0.000000e+00	1	0.000000e+00
4.930556e-01	5.036848e-01	0.000000e+00	1	0.000000e+00
4.930556e-01	5.036848e-01	0.000000e+00	1	0.000000e+00
4.930556e-01	5.036848e-01	0.000000e+00	1	0.000000e+00
4.930556e-01	5.036848e-01	0.000000e+00	1	0.000000e+00
4.940476e-01	4.949546e-01	0.000000e+00	1	0.000000e+00
4.930556e-01	5.036848e-01	0.000000e+00	1	0.000000e+00
4.930556e-01	5.036848e-01	0.000000e+00	1	0.000000e+00
4.940476e-01	4.949546e-01	0.000000e+00	1	0.000000e+00
4.940476e-01	4.949546e-01	0.000000e+00	1	0.000000e+00
4.940476e-01	4.949546e-01	0.000000e+00	1	0.000000e+00
4.930556e-01	5.036848e-01	0.000000e+00	1	0.000000e+00
4.930556e-01	5.036848e-01	0.000000e+00	1	0.000000e+00
4.930556e-01	5.036848e-01	0.000000e+00	1	0.000000e+00
4.940476e-01	4.949546e-01	0.000000e+00	1	0.000000e+00
4.930556e-01	5.036848e-01	0.000000e+00	1	0.000000e+00
4.930556e-01	5.036848e-01	0.000000e+00	1	0.000000e+00
4.940476e-01	4.949546e-01	0.000000e+00	1	0.000000e+00
4.940476e-01	4.949546e-01	0.000000e+00	1	0.000000e+00
4.930556e-01	5.036848e-01	0.000000e+00	1	0.000000e+00
4.940476e-01	4.949546e-01	0.000000e+00	1	0.000000e+00
Total execution time: 218.123
