# This file contains the data of final feasible population (if found)
# of objectives = 2, # of constraints = 0, # of real_var = 0, # of bits of bin_var = 0, constr_violation, rank, crowding_distance
4.851190e-01	4.835034e-01	0.000000e+00	1	1.000000e+14
4.791667e-01	4.906463e-01	0.000000e+00	1	1.000000e+14
4.851190e-01	4.835034e-01	0.000000e+00	1	7.500000e-01
4.801587e-01	4.882653e-01	0.000000e+00	1	5.833333e-01
4.801587e-01	4.882653e-01	0.000000e+00	1	3.333333e-01
4.791667e-01	4.906463e-01	0.000000e+00	1	1.666667e-01
4.801587e-01	4.882653e-01	0.000000e+00	1	8.333333e-02
4.791667e-01	4.906463e-01	0.000000e+00	1	8.333333e-02
4.791667e-01	4.906463e-01	0.000000e+00	1	0.000000e+00
4.791667e-01	4.906463e-01	0.000000e+00	1	0.000000e+00
4.791667e-01	4.906463e-01	0.000000e+00	1	0.000000e+00
4.791667e-01	4.906463e-01	0.000000e+00	1	0.000000e+00
4.791667e-01	4.906463e-01	0.000000e+00	1	0.000000e+00
4.791667e-01	4.906463e-01	0.000000e+00	1	0.000000e+00
4.791667e-01	4.906463e-01	0.000000e+00	1	0.000000e+00
4.791667e-01	4.906463e-01	0.000000e+00	1	0.000000e+00
4.791667e-01	4.906463e-01	0.000000e+00	1	0.000000e+00
4.791667e-01	4.906463e-01	0.000000e+00	1	0.000000e+00
4.791667e-01	4.906463e-01	0.000000e+00	1	0.000000e+00
4.791667e-01	4.906463e-01	0.000000e+00	1	0.000000e+00
4.791667e-01	4.906463e-01	0.000000e+00	1	0.000000e+00
4.791667e-01	4.906463e-01	0.000000e+00	1	0.000000e+00
4.791667e-01	4.906463e-01	0.000000e+00	1	0.000000e+00
4.791667e-01	4.906463e-01	0.000000e+00	1	0.000000e+00
4.791667e-01	4.906463e-01	0.000000e+00	1	0.000000e+00
4.791667e-01	4.906463e-01	0.000000e+00	1	0.000000e+00
4.791667e-01	4.906463e-01	0.000000e+00	1	0.000000e+00
4.791667e-01	4.906463e-01	0.000000e+00	1	0.000000e+00
4.791667e-01	4.906463e-01	0.000000e+00	1	0.000000e+00
4.791667e-01	4.906463e-01	0.000000e+00	1	0.000000e+00
4.791667e-01	4.906463e-01	0.000000e+00	1	0.000000e+00
4.791667e-01	4.906463e-01	0.000000e+00	1	0.000000e+00
4.791667e-01	4.906463e-01	0.000000e+00	1	0.000000e+00
4.791667e-01	4.906463e-01	0.000000e+00	1	0.000000e+00
4.791667e-01	4.906463e-01	0.000000e+00	1	0.000000e+00
4.791667e-01	4.906463e-01	0.000000e+00	1	0.000000e+00
4.791667e-01	4.906463e-01	0.000000e+00	1	0.000000e+00
4.791667e-01	4.906463e-01	0.000000e+00	1	0.000000e+00
4.791667e-01	4.906463e-01	0.000000e+00	1	0.000000e+00
4.791667e-01	4.906463e-01	0.000000e+00	1	0.000000e+00
4.791667e-01	4.906463e-01	0.000000e+00	1	0.000000e+00
4.791667e-01	4.906463e-01	0.000000e+00	1	0.000000e+00
4.791667e-01	4.906463e-01	0.000000e+00	1	0.000000e+00
4.791667e-01	4.906463e-01	0.000000e+00	1	0.000000e+00
4.791667e-01	4.906463e-01	0.000000e+00	1	0.000000e+00
4.791667e-01	4.906463e-01	0.000000e+00	1	0.000000e+00
4.791667e-01	4.906463e-01	0.000000e+00	1	0.000000e+00
4.791667e-01	4.906463e-01	0.000000e+00	1	0.000000e+00
4.791667e-01	4.906463e-01	0.000000e+00	1	0.000000e+00
4.791667e-01	4.906463e-01	0.000000e+00	1	0.000000e+00
4.791667e-01	4.906463e-01	0.000000e+00	1	0.000000e+00
4.791667e-01	4.906463e-01	0.000000e+00	1	0.000000e+00
4.791667e-01	4.906463e-01	0.000000e+00	1	0.000000e+00
4.791667e-01	4.906463e-01	0.000000e+00	1	0.000000e+00
4.791667e-01	4.906463e-01	0.000000e+00	1	0.000000e+00
4.791667e-01	4.906463e-01	0.000000e+00	1	0.000000e+00
4.791667e-01	4.906463e-01	0.000000e+00	1	0.000000e+00
4.791667e-01	4.906463e-01	0.000000e+00	1	0.000000e+00
4.791667e-01	4.906463e-01	0.000000e+00	1	0.000000e+00
4.791667e-01	4.906463e-01	0.000000e+00	1	0.000000e+00
4.791667e-01	4.906463e-01	0.000000e+00	1	0.000000e+00
4.791667e-01	4.906463e-01	0.000000e+00	1	0.000000e+00
4.791667e-01	4.906463e-01	0.000000e+00	1	0.000000e+00
4.791667e-01	4.906463e-01	0.000000e+00	1	0.000000e+00
4.791667e-01	4.906463e-01	0.000000e+00	1	0.000000e+00
4.791667e-01	4.906463e-01	0.000000e+00	1	0.000000e+00
4.791667e-01	4.906463e-01	0.000000e+00	1	0.000000e+00
4.791667e-01	4.906463e-01	0.000000e+00	1	0.000000e+00
4.791667e-01	4.906463e-01	0.000000e+00	1	0.000000e+00
4.791667e-01	4.906463e-01	0.000000e+00	1	0.000000e+00
4.791667e-01	4.906463e-01	0.000000e+00	1	0.000000e+00
4.791667e-01	4.906463e-01	0.000000e+00	1	0.000000e+00
4.791667e-01	4.906463e-01	0.000000e+00	1	0.000000e+00
4.791667e-01	4.906463e-01	0.000000e+00	1	0.000000e+00
4.791667e-01	4.906463e-01	0.000000e+00	1	0.000000e+00
4.791667e-01	4.906463e-01	0.000000e+00	1	0.000000e+00
4.791667e-01	4.906463e-01	0.000000e+00	1	0.000000e+00
4.791667e-01	4.906463e-01	0.000000e+00	1	0.000000e+00
4.791667e-01	4.906463e-01	0.000000e+00	1	0.000000e+00
4.791667e-01	4.906463e-01	0.000000e+00	1	0.000000e+00
4.791667e-01	4.906463e-01	0.000000e+00	1	0.000000e+00
4.791667e-01	4.906463e-01	0.000000e+00	1	0.000000e+00
4.791667e-01	4.906463e-01	0.000000e+00	1	0.000000e+00
4.791667e-01	4.906463e-01	0.000000e+00	1	0.000000e+00
4.791667e-01	4.906463e-01	0.000000e+00	1	0.000000e+00
4.791667e-01	4.906463e-01	0.000000e+00	1	0.000000e+00
4.791667e-01	4.906463e-01	0.000000e+00	1	0.000000e+00
4.791667e-01	4.906463e-01	0.000000e+00	1	0.000000e+00
4.791667e-01	4.906463e-01	0.000000e+00	1	0.000000e+00
4.791667e-01	4.906463e-01	0.000000e+00	1	0.000000e+00
4.791667e-01	4.906463e-01	0.000000e+00	1	0.000000e+00
4.791667e-01	4.906463e-01	0.000000e+00	1	0.000000e+00
4.791667e-01	4.906463e-01	0.000000e+00	1	0.000000e+00
4.791667e-01	4.906463e-01	0.000000e+00	1	0.000000e+00
4.791667e-01	4.906463e-01	0.000000e+00	1	0.000000e+00
4.791667e-01	4.906463e-01	0.000000e+00	1	0.000000e+00
4.791667e-01	4.906463e-01	0.000000e+00	1	0.000000e+00
4.791667e-01	4.906463e-01	0.000000e+00	1	0.000000e+00
4.791667e-01	4.906463e-01	0.000000e+00	1	0.000000e+00
4.791667e-01	4.906463e-01	0.000000e+00	1	0.000000e+00
4.791667e-01	4.906463e-01	0.000000e+00	1	0.000000e+00
4.791667e-01	4.906463e-01	0.000000e+00	1	0.000000e+00
4.791667e-01	4.906463e-01	0.000000e+00	1	0.000000e+00
4.791667e-01	4.906463e-01	0.000000e+00	1	0.000000e+00
4.791667e-01	4.906463e-01	0.000000e+00	1	0.000000e+00
4.791667e-01	4.906463e-01	0.000000e+00	1	0.000000e+00
4.791667e-01	4.906463e-01	0.000000e+00	1	0.000000e+00
4.791667e-01	4.906463e-01	0.000000e+00	1	0.000000e+00
4.791667e-01	4.906463e-01	0.000000e+00	1	0.000000e+00
4.791667e-01	4.906463e-01	0.000000e+00	1	0.000000e+00
4.791667e-01	4.906463e-01	0.000000e+00	1	0.000000e+00
4.791667e-01	4.906463e-01	0.000000e+00	1	0.000000e+00
4.791667e-01	4.906463e-01	0.000000e+00	1	0.000000e+00
4.791667e-01	4.906463e-01	0.000000e+00	1	0.000000e+00
4.791667e-01	4.906463e-01	0.000000e+00	1	0.000000e+00
4.791667e-01	4.906463e-01	0.000000e+00	1	0.000000e+00
4.791667e-01	4.906463e-01	0.000000e+00	1	0.000000e+00
4.791667e-01	4.906463e-01	0.000000e+00	1	0.000000e+00
4.791667e-01	4.906463e-01	0.000000e+00	1	0.000000e+00
4.791667e-01	4.906463e-01	0.000000e+00	1	0.000000e+00
4.791667e-01	4.906463e-01	0.000000e+00	1	0.000000e+00
4.791667e-01	4.906463e-01	0.000000e+00	1	0.000000e+00
4.791667e-01	4.906463e-01	0.000000e+00	1	0.000000e+00
4.791667e-01	4.906463e-01	0.000000e+00	1	0.000000e+00
4.791667e-01	4.906463e-01	0.000000e+00	1	0.000000e+00
4.791667e-01	4.906463e-01	0.000000e+00	1	0.000000e+00
4.791667e-01	4.906463e-01	0.000000e+00	1	0.000000e+00
4.791667e-01	4.906463e-01	0.000000e+00	1	0.000000e+00
4.791667e-01	4.906463e-01	0.000000e+00	1	0.000000e+00
4.791667e-01	4.906463e-01	0.000000e+00	1	0.000000e+00
4.791667e-01	4.906463e-01	0.000000e+00	1	0.000000e+00
4.791667e-01	4.906463e-01	0.000000e+00	1	0.000000e+00
4.791667e-01	4.906463e-01	0.000000e+00	1	0.000000e+00
4.791667e-01	4.906463e-01	0.000000e+00	1	0.000000e+00
4.791667e-01	4.906463e-01	0.000000e+00	1	0.000000e+00
4.791667e-01	4.906463e-01	0.000000e+00	1	0.000000e+00
4.791667e-01	4.906463e-01	0.000000e+00	1	0.000000e+00
4.791667e-01	4.906463e-01	0.000000e+00	1	0.000000e+00
4.791667e-01	4.906463e-01	0.000000e+00	1	0.000000e+00
4.791667e-01	4.906463e-01	0.000000e+00	1	0.000000e+00
4.791667e-01	4.906463e-01	0.000000e+00	1	0.000000e+00
4.791667e-01	4.906463e-01	0.000000e+00	1	0.000000e+00
4.791667e-01	4.906463e-01	0.000000e+00	1	0.000000e+00
4.791667e-01	4.906463e-01	0.000000e+00	1	0.000000e+00
4.791667e-01	4.906463e-01	0.000000e+00	1	0.000000e+00
4.791667e-01	4.906463e-01	0.000000e+00	1	0.000000e+00
4.791667e-01	4.906463e-01	0.000000e+00	1	0.000000e+00
4.791667e-01	4.906463e-01	0.000000e+00	1	0.000000e+00
4.791667e-01	4.906463e-01	0.000000e+00	1	0.000000e+00
4.791667e-01	4.906463e-01	0.000000e+00	1	0.000000e+00
4.791667e-01	4.906463e-01	0.000000e+00	1	0.000000e+00
4.791667e-01	4.906463e-01	0.000000e+00	1	0.000000e+00
4.791667e-01	4.906463e-01	0.000000e+00	1	0.000000e+00
4.791667e-01	4.906463e-01	0.000000e+00	1	0.000000e+00
4.791667e-01	4.906463e-01	0.000000e+00	1	0.000000e+00
4.791667e-01	4.906463e-01	0.000000e+00	1	0.000000e+00
4.791667e-01	4.906463e-01	0.000000e+00	1	0.000000e+00
4.791667e-01	4.906463e-01	0.000000e+00	1	0.000000e+00
4.791667e-01	4.906463e-01	0.000000e+00	1	0.000000e+00
4.791667e-01	4.906463e-01	0.000000e+00	1	0.000000e+00
4.791667e-01	4.906463e-01	0.000000e+00	1	0.000000e+00
4.791667e-01	4.906463e-01	0.000000e+00	1	0.000000e+00
4.791667e-01	4.906463e-01	0.000000e+00	1	0.000000e+00
4.791667e-01	4.906463e-01	0.000000e+00	1	0.000000e+00
4.791667e-01	4.906463e-01	0.000000e+00	1	0.000000e+00
4.791667e-01	4.906463e-01	0.000000e+00	1	0.000000e+00
4.791667e-01	4.906463e-01	0.000000e+00	1	0.000000e+00
4.791667e-01	4.906463e-01	0.000000e+00	1	0.000000e+00
4.791667e-01	4.906463e-01	0.000000e+00	1	0.000000e+00
4.791667e-01	4.906463e-01	0.000000e+00	1	0.000000e+00
4.791667e-01	4.906463e-01	0.000000e+00	1	0.000000e+00
4.791667e-01	4.906463e-01	0.000000e+00	1	0.000000e+00
4.791667e-01	4.906463e-01	0.000000e+00	1	0.000000e+00
4.791667e-01	4.906463e-01	0.000000e+00	1	0.000000e+00
4.791667e-01	4.906463e-01	0.000000e+00	1	0.000000e+00
4.791667e-01	4.906463e-01	0.000000e+00	1	0.000000e+00
4.791667e-01	4.906463e-01	0.000000e+00	1	0.000000e+00
4.791667e-01	4.906463e-01	0.000000e+00	1	0.000000e+00
4.791667e-01	4.906463e-01	0.000000e+00	1	0.000000e+00
4.791667e-01	4.906463e-01	0.000000e+00	1	0.000000e+00
4.791667e-01	4.906463e-01	0.000000e+00	1	0.000000e+00
4.791667e-01	4.906463e-01	0.000000e+00	1	0.000000e+00
4.791667e-01	4.906463e-01	0.000000e+00	1	0.000000e+00
4.791667e-01	4.906463e-01	0.000000e+00	1	0.000000e+00
4.791667e-01	4.906463e-01	0.000000e+00	1	0.000000e+00
4.791667e-01	4.906463e-01	0.000000e+00	1	0.000000e+00
4.791667e-01	4.906463e-01	0.000000e+00	1	0.000000e+00
4.791667e-01	4.906463e-01	0.000000e+00	1	0.000000e+00
4.791667e-01	4.906463e-01	0.000000e+00	1	0.000000e+00
4.791667e-01	4.906463e-01	0.000000e+00	1	0.000000e+00
4.791667e-01	4.906463e-01	0.000000e+00	1	0.000000e+00
4.791667e-01	4.906463e-01	0.000000e+00	1	0.000000e+00
4.791667e-01	4.906463e-01	0.000000e+00	1	0.000000e+00
4.791667e-01	4.906463e-01	0.000000e+00	1	0.000000e+00
4.791667e-01	4.906463e-01	0.000000e+00	1	0.000000e+00
4.791667e-01	4.906463e-01	0.000000e+00	1	0.000000e+00
4.791667e-01	4.906463e-01	0.000000e+00	1	0.000000e+00
4.791667e-01	4.906463e-01	0.000000e+00	1	0.000000e+00
4.791667e-01	4.906463e-01	0.000000e+00	1	0.000000e+00
4.791667e-01	4.906463e-01	0.000000e+00	1	0.000000e+00
4.791667e-01	4.906463e-01	0.000000e+00	1	0.000000e+00
4.791667e-01	4.906463e-01	0.000000e+00	1	0.000000e+00
4.791667e-01	4.906463e-01	0.000000e+00	1	0.000000e+00
4.791667e-01	4.906463e-01	0.000000e+00	1	0.000000e+00
4.791667e-01	4.906463e-01	0.000000e+00	1	0.000000e+00
4.791667e-01	4.906463e-01	0.000000e+00	1	0.000000e+00
4.791667e-01	4.906463e-01	0.000000e+00	1	0.000000e+00
4.791667e-01	4.906463e-01	0.000000e+00	1	0.000000e+00
4.791667e-01	4.906463e-01	0.000000e+00	1	0.000000e+00
4.791667e-01	4.906463e-01	0.000000e+00	1	0.000000e+00
4.791667e-01	4.906463e-01	0.000000e+00	1	0.000000e+00
4.791667e-01	4.906463e-01	0.000000e+00	1	0.000000e+00
4.791667e-01	4.906463e-01	0.000000e+00	1	0.000000e+00
4.791667e-01	4.906463e-01	0.000000e+00	1	0.000000e+00
4.791667e-01	4.906463e-01	0.000000e+00	1	0.000000e+00
4.791667e-01	4.906463e-01	0.000000e+00	1	0.000000e+00
4.791667e-01	4.906463e-01	0.000000e+00	1	0.000000e+00
4.791667e-01	4.906463e-01	0.000000e+00	1	0.000000e+00
4.791667e-01	4.906463e-01	0.000000e+00	1	0.000000e+00
4.791667e-01	4.906463e-01	0.000000e+00	1	0.000000e+00
4.791667e-01	4.906463e-01	0.000000e+00	1	0.000000e+00
4.791667e-01	4.906463e-01	0.000000e+00	1	0.000000e+00
4.791667e-01	4.906463e-01	0.000000e+00	1	0.000000e+00
4.791667e-01	4.906463e-01	0.000000e+00	1	0.000000e+00
4.791667e-01	4.906463e-01	0.000000e+00	1	0.000000e+00
4.791667e-01	4.906463e-01	0.000000e+00	1	0.000000e+00
4.791667e-01	4.906463e-01	0.000000e+00	1	0.000000e+00
4.791667e-01	4.906463e-01	0.000000e+00	1	0.000000e+00
4.791667e-01	4.906463e-01	0.000000e+00	1	0.000000e+00
4.791667e-01	4.906463e-01	0.000000e+00	1	0.000000e+00
4.791667e-01	4.906463e-01	0.000000e+00	1	0.000000e+00
4.791667e-01	4.906463e-01	0.000000e+00	1	0.000000e+00
4.791667e-01	4.906463e-01	0.000000e+00	1	0.000000e+00
4.791667e-01	4.906463e-01	0.000000e+00	1	0.000000e+00
4.791667e-01	4.906463e-01	0.000000e+00	1	0.000000e+00
4.791667e-01	4.906463e-01	0.000000e+00	1	0.000000e+00
4.791667e-01	4.906463e-01	0.000000e+00	1	0.000000e+00
4.791667e-01	4.906463e-01	0.000000e+00	1	0.000000e+00
4.791667e-01	4.906463e-01	0.000000e+00	1	0.000000e+00
4.791667e-01	4.906463e-01	0.000000e+00	1	0.000000e+00
4.791667e-01	4.906463e-01	0.000000e+00	1	0.000000e+00
4.791667e-01	4.906463e-01	0.000000e+00	1	0.000000e+00
4.791667e-01	4.906463e-01	0.000000e+00	1	0.000000e+00
4.791667e-01	4.906463e-01	0.000000e+00	1	0.000000e+00
4.791667e-01	4.906463e-01	0.000000e+00	1	0.000000e+00
4.791667e-01	4.906463e-01	0.000000e+00	1	0.000000e+00
4.791667e-01	4.906463e-01	0.000000e+00	1	0.000000e+00
4.791667e-01	4.906463e-01	0.000000e+00	1	0.000000e+00
4.791667e-01	4.906463e-01	0.000000e+00	1	0.000000e+00
4.791667e-01	4.906463e-01	0.000000e+00	1	0.000000e+00
4.791667e-01	4.906463e-01	0.000000e+00	1	0.000000e+00
4.791667e-01	4.906463e-01	0.000000e+00	1	0.000000e+00
4.791667e-01	4.906463e-01	0.000000e+00	1	0.000000e+00
4.791667e-01	4.906463e-01	0.000000e+00	1	0.000000e+00
4.791667e-01	4.906463e-01	0.000000e+00	1	0.000000e+00
4.791667e-01	4.906463e-01	0.000000e+00	1	0.000000e+00
4.791667e-01	4.906463e-01	0.000000e+00	1	0.000000e+00
4.791667e-01	4.906463e-01	0.000000e+00	1	0.000000e+00
4.791667e-01	4.906463e-01	0.000000e+00	1	0.000000e+00
4.791667e-01	4.906463e-01	0.000000e+00	1	0.000000e+00
4.791667e-01	4.906463e-01	0.000000e+00	1	0.000000e+00
4.791667e-01	4.906463e-01	0.000000e+00	1	0.000000e+00
4.791667e-01	4.906463e-01	0.000000e+00	1	0.000000e+00
4.791667e-01	4.906463e-01	0.000000e+00	1	0.000000e+00
4.791667e-01	4.906463e-01	0.000000e+00	1	0.000000e+00
4.791667e-01	4.906463e-01	0.000000e+00	1	0.000000e+00
4.791667e-01	4.906463e-01	0.000000e+00	1	0.000000e+00
4.791667e-01	4.906463e-01	0.000000e+00	1	0.000000e+00
4.791667e-01	4.906463e-01	0.000000e+00	1	0.000000e+00
4.791667e-01	4.906463e-01	0.000000e+00	1	0.000000e+00
4.791667e-01	4.906463e-01	0.000000e+00	1	0.000000e+00
4.791667e-01	4.906463e-01	0.000000e+00	1	0.000000e+00
4.791667e-01	4.906463e-01	0.000000e+00	1	0.000000e+00
4.791667e-01	4.906463e-01	0.000000e+00	1	0.000000e+00
4.791667e-01	4.906463e-01	0.000000e+00	1	0.000000e+00
4.791667e-01	4.906463e-01	0.000000e+00	1	0.000000e+00
4.791667e-01	4.906463e-01	0.000000e+00	1	0.000000e+00
4.791667e-01	4.906463e-01	0.000000e+00	1	0.000000e+00
4.791667e-01	4.906463e-01	0.000000e+00	1	0.000000e+00
4.791667e-01	4.906463e-01	0.000000e+00	1	0.000000e+00
4.791667e-01	4.906463e-01	0.000000e+00	1	0.000000e+00
4.791667e-01	4.906463e-01	0.000000e+00	1	0.000000e+00
4.791667e-01	4.906463e-01	0.000000e+00	1	0.000000e+00
4.791667e-01	4.906463e-01	0.000000e+00	1	0.000000e+00
4.791667e-01	4.906463e-01	0.000000e+00	1	0.000000e+00
4.791667e-01	4.906463e-01	0.000000e+00	1	0.000000e+00
4.791667e-01	4.906463e-01	0.000000e+00	1	0.000000e+00
4.791667e-01	4.906463e-01	0.000000e+00	1	0.000000e+00
4.791667e-01	4.906463e-01	0.000000e+00	1	0.000000e+00
4.791667e-01	4.906463e-01	0.000000e+00	1	0.000000e+00
4.791667e-01	4.906463e-01	0.000000e+00	1	0.000000e+00
4.791667e-01	4.906463e-01	0.000000e+00	1	0.000000e+00
4.791667e-01	4.906463e-01	0.000000e+00	1	0.000000e+00
4.791667e-01	4.906463e-01	0.000000e+00	1	0.000000e+00
4.791667e-01	4.906463e-01	0.000000e+00	1	0.000000e+00
4.791667e-01	4.906463e-01	0.000000e+00	1	0.000000e+00
4.791667e-01	4.906463e-01	0.000000e+00	1	0.000000e+00
4.791667e-01	4.906463e-01	0.000000e+00	1	0.000000e+00
4.791667e-01	4.906463e-01	0.000000e+00	1	0.000000e+00
4.791667e-01	4.906463e-01	0.000000e+00	1	0.000000e+00
4.791667e-01	4.906463e-01	0.000000e+00	1	0.000000e+00
4.791667e-01	4.906463e-01	0.000000e+00	1	0.000000e+00
4.791667e-01	4.906463e-01	0.000000e+00	1	0.000000e+00
4.791667e-01	4.906463e-01	0.000000e+00	1	0.000000e+00
4.791667e-01	4.906463e-01	0.000000e+00	1	0.000000e+00
4.791667e-01	4.906463e-01	0.000000e+00	1	0.000000e+00
4.791667e-01	4.906463e-01	0.000000e+00	1	0.000000e+00
4.791667e-01	4.906463e-01	0.000000e+00	1	0.000000e+00
4.791667e-01	4.906463e-01	0.000000e+00	1	0.000000e+00
4.791667e-01	4.906463e-01	0.000000e+00	1	0.000000e+00
4.791667e-01	4.906463e-01	0.000000e+00	1	0.000000e+00
4.791667e-01	4.906463e-01	0.000000e+00	1	0.000000e+00
4.791667e-01	4.906463e-01	0.000000e+00	1	0.000000e+00
4.791667e-01	4.906463e-01	0.000000e+00	1	0.000000e+00
4.791667e-01	4.906463e-01	0.000000e+00	1	0.000000e+00
4.791667e-01	4.906463e-01	0.000000e+00	1	0.000000e+00
4.791667e-01	4.906463e-01	0.000000e+00	1	0.000000e+00
4.791667e-01	4.906463e-01	0.000000e+00	1	0.000000e+00
4.791667e-01	4.906463e-01	0.000000e+00	1	0.000000e+00
4.791667e-01	4.906463e-01	0.000000e+00	1	0.000000e+00
4.791667e-01	4.906463e-01	0.000000e+00	1	0.000000e+00
4.791667e-01	4.906463e-01	0.000000e+00	1	0.000000e+00
4.791667e-01	4.906463e-01	0.000000e+00	1	0.000000e+00
4.791667e-01	4.906463e-01	0.000000e+00	1	0.000000e+00
4.791667e-01	4.906463e-01	0.000000e+00	1	0.000000e+00
4.791667e-01	4.906463e-01	0.000000e+00	1	0.000000e+00
4.791667e-01	4.906463e-01	0.000000e+00	1	0.000000e+00
4.791667e-01	4.906463e-01	0.000000e+00	1	0.000000e+00
4.791667e-01	4.906463e-01	0.000000e+00	1	0.000000e+00
4.791667e-01	4.906463e-01	0.000000e+00	1	0.000000e+00
4.791667e-01	4.906463e-01	0.000000e+00	1	0.000000e+00
4.791667e-01	4.906463e-01	0.000000e+00	1	0.000000e+00
4.791667e-01	4.906463e-01	0.000000e+00	1	0.000000e+00
4.791667e-01	4.906463e-01	0.000000e+00	1	0.000000e+00
4.791667e-01	4.906463e-01	0.000000e+00	1	0.000000e+00
4.791667e-01	4.906463e-01	0.000000e+00	1	0.000000e+00
4.791667e-01	4.906463e-01	0.000000e+00	1	0.000000e+00
4.791667e-01	4.906463e-01	0.000000e+00	1	0.000000e+00
4.791667e-01	4.906463e-01	0.000000e+00	1	0.000000e+00
4.791667e-01	4.906463e-01	0.000000e+00	1	0.000000e+00
4.791667e-01	4.906463e-01	0.000000e+00	1	0.000000e+00
4.791667e-01	4.906463e-01	0.000000e+00	1	0.000000e+00
4.791667e-01	4.906463e-01	0.000000e+00	1	0.000000e+00
4.791667e-01	4.906463e-01	0.000000e+00	1	0.000000e+00
4.791667e-01	4.906463e-01	0.000000e+00	1	0.000000e+00
4.791667e-01	4.906463e-01	0.000000e+00	1	0.000000e+00
4.791667e-01	4.906463e-01	0.000000e+00	1	0.000000e+00
4.791667e-01	4.906463e-01	0.000000e+00	1	0.000000e+00
4.791667e-01	4.906463e-01	0.000000e+00	1	0.000000e+00
4.791667e-01	4.906463e-01	0.000000e+00	1	0.000000e+00
4.791667e-01	4.906463e-01	0.000000e+00	1	0.000000e+00
4.791667e-01	4.906463e-01	0.000000e+00	1	0.000000e+00
4.791667e-01	4.906463e-01	0.000000e+00	1	0.000000e+00
4.791667e-01	4.906463e-01	0.000000e+00	1	0.000000e+00
4.791667e-01	4.906463e-01	0.000000e+00	1	0.000000e+00
4.791667e-01	4.906463e-01	0.000000e+00	1	0.000000e+00
4.791667e-01	4.906463e-01	0.000000e+00	1	0.000000e+00
4.791667e-01	4.906463e-01	0.000000e+00	1	0.000000e+00
4.791667e-01	4.906463e-01	0.000000e+00	1	0.000000e+00
4.791667e-01	4.906463e-01	0.000000e+00	1	0.000000e+00
4.791667e-01	4.906463e-01	0.000000e+00	1	0.000000e+00
4.791667e-01	4.906463e-01	0.000000e+00	1	0.000000e+00
4.791667e-01	4.906463e-01	0.000000e+00	1	0.000000e+00
4.791667e-01	4.906463e-01	0.000000e+00	1	0.000000e+00
4.791667e-01	4.906463e-01	0.000000e+00	1	0.000000e+00
4.791667e-01	4.906463e-01	0.000000e+00	1	0.000000e+00
4.791667e-01	4.906463e-01	0.000000e+00	1	0.000000e+00
4.791667e-01	4.906463e-01	0.000000e+00	1	0.000000e+00
4.791667e-01	4.906463e-01	0.000000e+00	1	0.000000e+00
4.791667e-01	4.906463e-01	0.000000e+00	1	0.000000e+00
4.791667e-01	4.906463e-01	0.000000e+00	1	0.000000e+00
4.791667e-01	4.906463e-01	0.000000e+00	1	0.000000e+00
4.791667e-01	4.906463e-01	0.000000e+00	1	0.000000e+00
4.791667e-01	4.906463e-01	0.000000e+00	1	0.000000e+00
4.791667e-01	4.906463e-01	0.000000e+00	1	0.000000e+00
4.791667e-01	4.906463e-01	0.000000e+00	1	0.000000e+00
4.791667e-01	4.906463e-01	0.000000e+00	1	0.000000e+00
4.791667e-01	4.906463e-01	0.000000e+00	1	0.000000e+00
4.791667e-01	4.906463e-01	0.000000e+00	1	0.000000e+00
4.791667e-01	4.906463e-01	0.000000e+00	1	0.000000e+00
4.791667e-01	4.906463e-01	0.000000e+00	1	0.000000e+00
4.791667e-01	4.906463e-01	0.000000e+00	1	0.000000e+00
4.791667e-01	4.906463e-01	0.000000e+00	1	0.000000e+00
4.791667e-01	4.906463e-01	0.000000e+00	1	0.000000e+00
4.791667e-01	4.906463e-01	0.000000e+00	1	0.000000e+00
4.791667e-01	4.906463e-01	0.000000e+00	1	0.000000e+00
4.791667e-01	4.906463e-01	0.000000e+00	1	0.000000e+00
4.791667e-01	4.906463e-01	0.000000e+00	1	0.000000e+00
4.791667e-01	4.906463e-01	0.000000e+00	1	0.000000e+00
4.791667e-01	4.906463e-01	0.000000e+00	1	0.000000e+00
4.791667e-01	4.906463e-01	0.000000e+00	1	0.000000e+00
4.791667e-01	4.906463e-01	0.000000e+00	1	0.000000e+00
4.791667e-01	4.906463e-01	0.000000e+00	1	0.000000e+00
4.791667e-01	4.906463e-01	0.000000e+00	1	0.000000e+00
4.791667e-01	4.906463e-01	0.000000e+00	1	0.000000e+00
4.791667e-01	4.906463e-01	0.000000e+00	1	0.000000e+00
4.791667e-01	4.906463e-01	0.000000e+00	1	0.000000e+00
4.791667e-01	4.906463e-01	0.000000e+00	1	0.000000e+00
4.791667e-01	4.906463e-01	0.000000e+00	1	0.000000e+00
4.791667e-01	4.906463e-01	0.000000e+00	1	0.000000e+00
4.791667e-01	4.906463e-01	0.000000e+00	1	0.000000e+00
4.791667e-01	4.906463e-01	0.000000e+00	1	0.000000e+00
4.791667e-01	4.906463e-01	0.000000e+00	1	0.000000e+00
4.791667e-01	4.906463e-01	0.000000e+00	1	0.000000e+00
4.791667e-01	4.906463e-01	0.000000e+00	1	0.000000e+00
4.791667e-01	4.906463e-01	0.000000e+00	1	0.000000e+00
4.791667e-01	4.906463e-01	0.000000e+00	1	0.000000e+00
4.791667e-01	4.906463e-01	0.000000e+00	1	0.000000e+00
4.791667e-01	4.906463e-01	0.000000e+00	1	0.000000e+00
4.791667e-01	4.906463e-01	0.000000e+00	1	0.000000e+00
4.791667e-01	4.906463e-01	0.000000e+00	1	0.000000e+00
4.791667e-01	4.906463e-01	0.000000e+00	1	0.000000e+00
4.791667e-01	4.906463e-01	0.000000e+00	1	0.000000e+00
4.791667e-01	4.906463e-01	0.000000e+00	1	0.000000e+00
4.791667e-01	4.906463e-01	0.000000e+00	1	0.000000e+00
4.791667e-01	4.906463e-01	0.000000e+00	1	0.000000e+00
4.791667e-01	4.906463e-01	0.000000e+00	1	0.000000e+00
4.791667e-01	4.906463e-01	0.000000e+00	1	0.000000e+00
4.791667e-01	4.906463e-01	0.000000e+00	1	0.000000e+00
4.791667e-01	4.906463e-01	0.000000e+00	1	0.000000e+00
4.791667e-01	4.906463e-01	0.000000e+00	1	0.000000e+00
4.791667e-01	4.906463e-01	0.000000e+00	1	0.000000e+00
4.791667e-01	4.906463e-01	0.000000e+00	1	0.000000e+00
4.791667e-01	4.906463e-01	0.000000e+00	1	0.000000e+00
4.791667e-01	4.906463e-01	0.000000e+00	1	0.000000e+00
4.791667e-01	4.906463e-01	0.000000e+00	1	0.000000e+00
4.791667e-01	4.906463e-01	0.000000e+00	1	0.000000e+00
4.791667e-01	4.906463e-01	0.000000e+00	1	0.000000e+00
4.791667e-01	4.906463e-01	0.000000e+00	1	0.000000e+00
4.791667e-01	4.906463e-01	0.000000e+00	1	0.000000e+00
4.791667e-01	4.906463e-01	0.000000e+00	1	0.000000e+00
4.791667e-01	4.906463e-01	0.000000e+00	1	0.000000e+00
4.791667e-01	4.906463e-01	0.000000e+00	1	0.000000e+00
4.791667e-01	4.906463e-01	0.000000e+00	1	0.000000e+00
4.791667e-01	4.906463e-01	0.000000e+00	1	0.000000e+00
4.791667e-01	4.906463e-01	0.000000e+00	1	0.000000e+00
4.791667e-01	4.906463e-01	0.000000e+00	1	0.000000e+00
4.791667e-01	4.906463e-01	0.000000e+00	1	0.000000e+00
4.791667e-01	4.906463e-01	0.000000e+00	1	0.000000e+00
4.791667e-01	4.906463e-01	0.000000e+00	1	0.000000e+00
4.791667e-01	4.906463e-01	0.000000e+00	1	0.000000e+00
4.791667e-01	4.906463e-01	0.000000e+00	1	0.000000e+00
4.791667e-01	4.906463e-01	0.000000e+00	1	0.000000e+00
4.791667e-01	4.906463e-01	0.000000e+00	1	0.000000e+00
4.791667e-01	4.906463e-01	0.000000e+00	1	0.000000e+00
4.791667e-01	4.906463e-01	0.000000e+00	1	0.000000e+00
4.791667e-01	4.906463e-01	0.000000e+00	1	0.000000e+00
4.791667e-01	4.906463e-01	0.000000e+00	1	0.000000e+00
4.791667e-01	4.906463e-01	0.000000e+00	1	0.000000e+00
4.791667e-01	4.906463e-01	0.000000e+00	1	0.000000e+00
4.791667e-01	4.906463e-01	0.000000e+00	1	0.000000e+00
4.791667e-01	4.906463e-01	0.000000e+00	1	0.000000e+00
4.791667e-01	4.906463e-01	0.000000e+00	1	0.000000e+00
4.791667e-01	4.906463e-01	0.000000e+00	1	0.000000e+00
4.791667e-01	4.906463e-01	0.000000e+00	1	0.000000e+00
4.791667e-01	4.906463e-01	0.000000e+00	1	0.000000e+00
4.791667e-01	4.906463e-01	0.000000e+00	1	0.000000e+00
4.791667e-01	4.906463e-01	0.000000e+00	1	0.000000e+00
4.791667e-01	4.906463e-01	0.000000e+00	1	0.000000e+00
4.791667e-01	4.906463e-01	0.000000e+00	1	0.000000e+00
4.791667e-01	4.906463e-01	0.000000e+00	1	0.000000e+00
4.791667e-01	4.906463e-01	0.000000e+00	1	0.000000e+00
4.791667e-01	4.906463e-01	0.000000e+00	1	0.000000e+00
4.791667e-01	4.906463e-01	0.000000e+00	1	0.000000e+00
4.791667e-01	4.906463e-01	0.000000e+00	1	0.000000e+00
4.791667e-01	4.906463e-01	0.000000e+00	1	0.000000e+00
4.791667e-01	4.906463e-01	0.000000e+00	1	0.000000e+00
4.791667e-01	4.906463e-01	0.000000e+00	1	0.000000e+00
4.791667e-01	4.906463e-01	0.000000e+00	1	0.000000e+00
4.791667e-01	4.906463e-01	0.000000e+00	1	0.000000e+00
4.791667e-01	4.906463e-01	0.000000e+00	1	0.000000e+00
4.791667e-01	4.906463e-01	0.000000e+00	1	0.000000e+00
4.791667e-01	4.906463e-01	0.000000e+00	1	0.000000e+00
4.791667e-01	4.906463e-01	0.000000e+00	1	0.000000e+00
4.791667e-01	4.906463e-01	0.000000e+00	1	0.000000e+00
4.791667e-01	4.906463e-01	0.000000e+00	1	0.000000e+00
4.791667e-01	4.906463e-01	0.000000e+00	1	0.000000e+00
4.791667e-01	4.906463e-01	0.000000e+00	1	0.000000e+00
4.791667e-01	4.906463e-01	0.000000e+00	1	0.000000e+00
4.791667e-01	4.906463e-01	0.000000e+00	1	0.000000e+00
4.791667e-01	4.906463e-01	0.000000e+00	1	0.000000e+00
4.791667e-01	4.906463e-01	0.000000e+00	1	0.000000e+00
4.791667e-01	4.906463e-01	0.000000e+00	1	0.000000e+00
4.791667e-01	4.906463e-01	0.000000e+00	1	0.000000e+00
4.791667e-01	4.906463e-01	0.000000e+00	1	0.000000e+00
4.791667e-01	4.906463e-01	0.000000e+00	1	0.000000e+00
4.791667e-01	4.906463e-01	0.000000e+00	1	0.000000e+00
4.791667e-01	4.906463e-01	0.000000e+00	1	0.000000e+00
4.791667e-01	4.906463e-01	0.000000e+00	1	0.000000e+00
4.791667e-01	4.906463e-01	0.000000e+00	1	0.000000e+00
4.791667e-01	4.906463e-01	0.000000e+00	1	0.000000e+00
4.791667e-01	4.906463e-01	0.000000e+00	1	0.000000e+00
4.791667e-01	4.906463e-01	0.000000e+00	1	0.000000e+00
4.791667e-01	4.906463e-01	0.000000e+00	1	0.000000e+00
4.791667e-01	4.906463e-01	0.000000e+00	1	0.000000e+00
4.791667e-01	4.906463e-01	0.000000e+00	1	0.000000e+00
4.791667e-01	4.906463e-01	0.000000e+00	1	0.000000e+00
4.791667e-01	4.906463e-01	0.000000e+00	1	0.000000e+00
4.791667e-01	4.906463e-01	0.000000e+00	1	0.000000e+00
4.791667e-01	4.906463e-01	0.000000e+00	1	0.000000e+00
Total execution time: 214.015
