# This file contains the data of final feasible population (if found)
# of objectives = 2, # of constraints = 0, # of real_var = 0, # of bits of bin_var = 0, constr_violation, rank, crowding_distance
5.515873e-01	4.997166e-01	0.000000e+00	1	1.000000e+14
4.970238e-01	5.031179e-01	0.000000e+00	1	1.000000e+14
4.970238e-01	5.031179e-01	0.000000e+00	1	6.772727e-01
5.327381e-01	5.007370e-01	0.000000e+00	1	3.500000e-01
5.327381e-01	5.007370e-01	0.000000e+00	1	3.272727e-01
5.327381e-01	5.007370e-01	0.000000e+00	1	3.227273e-01
5.515873e-01	4.997166e-01	0.000000e+00	1	1.727273e-01
5.515873e-01	4.997166e-01	0.000000e+00	1	1.500000e-01
5.515873e-01	4.997166e-01	0.000000e+00	1	0.000000e+00
5.515873e-01	4.997166e-01	0.000000e+00	1	0.000000e+00
5.515873e-01	4.997166e-01	0.000000e+00	1	0.000000e+00
5.515873e-01	4.997166e-01	0.000000e+00	1	0.000000e+00
5.515873e-01	4.997166e-01	0.000000e+00	1	0.000000e+00
5.515873e-01	4.997166e-01	0.000000e+00	1	0.000000e+00
5.515873e-01	4.997166e-01	0.000000e+00	1	0.000000e+00
5.515873e-01	4.997166e-01	0.000000e+00	1	0.000000e+00
5.515873e-01	4.997166e-01	0.000000e+00	1	0.000000e+00
5.515873e-01	4.997166e-01	0.000000e+00	1	0.000000e+00
5.515873e-01	4.997166e-01	0.000000e+00	1	0.000000e+00
5.515873e-01	4.997166e-01	0.000000e+00	1	0.000000e+00
5.515873e-01	4.997166e-01	0.000000e+00	1	0.000000e+00
5.515873e-01	4.997166e-01	0.000000e+00	1	0.000000e+00
5.515873e-01	4.997166e-01	0.000000e+00	1	0.000000e+00
5.515873e-01	4.997166e-01	0.000000e+00	1	0.000000e+00
5.515873e-01	4.997166e-01	0.000000e+00	1	0.000000e+00
5.515873e-01	4.997166e-01	0.000000e+00	1	0.000000e+00
5.515873e-01	4.997166e-01	0.000000e+00	1	0.000000e+00
5.515873e-01	4.997166e-01	0.000000e+00	1	0.000000e+00
5.515873e-01	4.997166e-01	0.000000e+00	1	0.000000e+00
5.515873e-01	4.997166e-01	0.000000e+00	1	0.000000e+00
5.515873e-01	4.997166e-01	0.000000e+00	1	0.000000e+00
5.515873e-01	4.997166e-01	0.000000e+00	1	0.000000e+00
5.515873e-01	4.997166e-01	0.000000e+00	1	0.000000e+00
5.515873e-01	4.997166e-01	0.000000e+00	1	0.000000e+00
5.515873e-01	4.997166e-01	0.000000e+00	1	0.000000e+00
5.515873e-01	4.997166e-01	0.000000e+00	1	0.000000e+00
5.515873e-01	4.997166e-01	0.000000e+00	1	0.000000e+00
5.515873e-01	4.997166e-01	0.000000e+00	1	0.000000e+00
5.515873e-01	4.997166e-01	0.000000e+00	1	0.000000e+00
5.515873e-01	4.997166e-01	0.000000e+00	1	0.000000e+00
5.515873e-01	4.997166e-01	0.000000e+00	1	0.000000e+00
5.515873e-01	4.997166e-01	0.000000e+00	1	0.000000e+00
5.515873e-01	4.997166e-01	0.000000e+00	1	0.000000e+00
5.515873e-01	4.997166e-01	0.000000e+00	1	0.000000e+00
5.515873e-01	4.997166e-01	0.000000e+00	1	0.000000e+00
5.515873e-01	4.997166e-01	0.000000e+00	1	0.000000e+00
5.515873e-01	4.997166e-01	0.000000e+00	1	0.000000e+00
5.515873e-01	4.997166e-01	0.000000e+00	1	0.000000e+00
5.515873e-01	4.997166e-01	0.000000e+00	1	0.000000e+00
5.515873e-01	4.997166e-01	0.000000e+00	1	0.000000e+00
5.515873e-01	4.997166e-01	0.000000e+00	1	0.000000e+00
5.515873e-01	4.997166e-01	0.000000e+00	1	0.000000e+00
5.515873e-01	4.997166e-01	0.000000e+00	1	0.000000e+00
5.515873e-01	4.997166e-01	0.000000e+00	1	0.000000e+00
5.515873e-01	4.997166e-01	0.000000e+00	1	0.000000e+00
5.515873e-01	4.997166e-01	0.000000e+00	1	0.000000e+00
5.515873e-01	4.997166e-01	0.000000e+00	1	0.000000e+00
5.515873e-01	4.997166e-01	0.000000e+00	1	0.000000e+00
5.515873e-01	4.997166e-01	0.000000e+00	1	0.000000e+00
5.515873e-01	4.997166e-01	0.000000e+00	1	0.000000e+00
5.515873e-01	4.997166e-01	0.000000e+00	1	0.000000e+00
5.515873e-01	4.997166e-01	0.000000e+00	1	0.000000e+00
5.515873e-01	4.997166e-01	0.000000e+00	1	0.000000e+00
5.515873e-01	4.997166e-01	0.000000e+00	1	0.000000e+00
5.515873e-01	4.997166e-01	0.000000e+00	1	0.000000e+00
5.515873e-01	4.997166e-01	0.000000e+00	1	0.000000e+00
5.515873e-01	4.997166e-01	0.000000e+00	1	0.000000e+00
5.515873e-01	4.997166e-01	0.000000e+00	1	0.000000e+00
5.515873e-01	4.997166e-01	0.000000e+00	1	0.000000e+00
5.515873e-01	4.997166e-01	0.000000e+00	1	0.000000e+00
5.515873e-01	4.997166e-01	0.000000e+00	1	0.000000e+00
5.515873e-01	4.997166e-01	0.000000e+00	1	0.000000e+00
5.515873e-01	4.997166e-01	0.000000e+00	1	0.000000e+00
5.515873e-01	4.997166e-01	0.000000e+00	1	0.000000e+00
5.515873e-01	4.997166e-01	0.000000e+00	1	0.000000e+00
5.515873e-01	4.997166e-01	0.000000e+00	1	0.000000e+00
5.515873e-01	4.997166e-01	0.000000e+00	1	0.000000e+00
5.515873e-01	4.997166e-01	0.000000e+00	1	0.000000e+00
5.515873e-01	4.997166e-01	0.000000e+00	1	0.000000e+00
5.515873e-01	4.997166e-01	0.000000e+00	1	0.000000e+00
5.515873e-01	4.997166e-01	0.000000e+00	1	0.000000e+00
5.515873e-01	4.997166e-01	0.000000e+00	1	0.000000e+00
5.515873e-01	4.997166e-01	0.000000e+00	1	0.000000e+00
5.515873e-01	4.997166e-01	0.000000e+00	1	0.000000e+00
5.515873e-01	4.997166e-01	0.000000e+00	1	0.000000e+00
5.515873e-01	4.997166e-01	0.000000e+00	1	0.000000e+00
5.515873e-01	4.997166e-01	0.000000e+00	1	0.000000e+00
5.515873e-01	4.997166e-01	0.000000e+00	1	0.000000e+00
5.515873e-01	4.997166e-01	0.000000e+00	1	0.000000e+00
5.515873e-01	4.997166e-01	0.000000e+00	1	0.000000e+00
5.515873e-01	4.997166e-01	0.000000e+00	1	0.000000e+00
5.515873e-01	4.997166e-01	0.000000e+00	1	0.000000e+00
5.515873e-01	4.997166e-01	0.000000e+00	1	0.000000e+00
5.515873e-01	4.997166e-01	0.000000e+00	1	0.000000e+00
5.515873e-01	4.997166e-01	0.000000e+00	1	0.000000e+00
5.515873e-01	4.997166e-01	0.000000e+00	1	0.000000e+00
5.515873e-01	4.997166e-01	0.000000e+00	1	0.000000e+00
5.515873e-01	4.997166e-01	0.000000e+00	1	0.000000e+00
5.515873e-01	4.997166e-01	0.000000e+00	1	0.000000e+00
5.515873e-01	4.997166e-01	0.000000e+00	1	0.000000e+00
5.515873e-01	4.997166e-01	0.000000e+00	1	0.000000e+00
5.515873e-01	4.997166e-01	0.000000e+00	1	0.000000e+00
5.515873e-01	4.997166e-01	0.000000e+00	1	0.000000e+00
5.515873e-01	4.997166e-01	0.000000e+00	1	0.000000e+00
5.515873e-01	4.997166e-01	0.000000e+00	1	0.000000e+00
5.515873e-01	4.997166e-01	0.000000e+00	1	0.000000e+00
5.515873e-01	4.997166e-01	0.000000e+00	1	0.000000e+00
5.515873e-01	4.997166e-01	0.000000e+00	1	0.000000e+00
5.515873e-01	4.997166e-01	0.000000e+00	1	0.000000e+00
5.515873e-01	4.997166e-01	0.000000e+00	1	0.000000e+00
5.515873e-01	4.997166e-01	0.000000e+00	1	0.000000e+00
5.515873e-01	4.997166e-01	0.000000e+00	1	0.000000e+00
5.515873e-01	4.997166e-01	0.000000e+00	1	0.000000e+00
5.515873e-01	4.997166e-01	0.000000e+00	1	0.000000e+00
5.515873e-01	4.997166e-01	0.000000e+00	1	0.000000e+00
5.515873e-01	4.997166e-01	0.000000e+00	1	0.000000e+00
5.515873e-01	4.997166e-01	0.000000e+00	1	0.000000e+00
5.515873e-01	4.997166e-01	0.000000e+00	1	0.000000e+00
5.515873e-01	4.997166e-01	0.000000e+00	1	0.000000e+00
5.515873e-01	4.997166e-01	0.000000e+00	1	0.000000e+00
5.515873e-01	4.997166e-01	0.000000e+00	1	0.000000e+00
5.515873e-01	4.997166e-01	0.000000e+00	1	0.000000e+00
5.515873e-01	4.997166e-01	0.000000e+00	1	0.000000e+00
5.515873e-01	4.997166e-01	0.000000e+00	1	0.000000e+00
5.515873e-01	4.997166e-01	0.000000e+00	1	0.000000e+00
5.515873e-01	4.997166e-01	0.000000e+00	1	0.000000e+00
5.515873e-01	4.997166e-01	0.000000e+00	1	0.000000e+00
5.515873e-01	4.997166e-01	0.000000e+00	1	0.000000e+00
5.515873e-01	4.997166e-01	0.000000e+00	1	0.000000e+00
5.327381e-01	5.007370e-01	0.000000e+00	1	0.000000e+00
5.515873e-01	4.997166e-01	0.000000e+00	1	0.000000e+00
5.515873e-01	4.997166e-01	0.000000e+00	1	0.000000e+00
5.515873e-01	4.997166e-01	0.000000e+00	1	0.000000e+00
5.515873e-01	4.997166e-01	0.000000e+00	1	0.000000e+00
5.515873e-01	4.997166e-01	0.000000e+00	1	0.000000e+00
5.515873e-01	4.997166e-01	0.000000e+00	1	0.000000e+00
5.515873e-01	4.997166e-01	0.000000e+00	1	0.000000e+00
5.515873e-01	4.997166e-01	0.000000e+00	1	0.000000e+00
5.515873e-01	4.997166e-01	0.000000e+00	1	0.000000e+00
5.515873e-01	4.997166e-01	0.000000e+00	1	0.000000e+00
5.515873e-01	4.997166e-01	0.000000e+00	1	0.000000e+00
5.515873e-01	4.997166e-01	0.000000e+00	1	0.000000e+00
5.515873e-01	4.997166e-01	0.000000e+00	1	0.000000e+00
5.515873e-01	4.997166e-01	0.000000e+00	1	0.000000e+00
5.515873e-01	4.997166e-01	0.000000e+00	1	0.000000e+00
5.515873e-01	4.997166e-01	0.000000e+00	1	0.000000e+00
5.515873e-01	4.997166e-01	0.000000e+00	1	0.000000e+00
5.515873e-01	4.997166e-01	0.000000e+00	1	0.000000e+00
5.515873e-01	4.997166e-01	0.000000e+00	1	0.000000e+00
5.515873e-01	4.997166e-01	0.000000e+00	1	0.000000e+00
5.515873e-01	4.997166e-01	0.000000e+00	1	0.000000e+00
5.515873e-01	4.997166e-01	0.000000e+00	1	0.000000e+00
5.515873e-01	4.997166e-01	0.000000e+00	1	0.000000e+00
5.515873e-01	4.997166e-01	0.000000e+00	1	0.000000e+00
5.515873e-01	4.997166e-01	0.000000e+00	1	0.000000e+00
4.970238e-01	5.031179e-01	0.000000e+00	1	0.000000e+00
5.515873e-01	4.997166e-01	0.000000e+00	1	0.000000e+00
5.515873e-01	4.997166e-01	0.000000e+00	1	0.000000e+00
5.327381e-01	5.007370e-01	0.000000e+00	1	0.000000e+00
5.515873e-01	4.997166e-01	0.000000e+00	1	0.000000e+00
5.515873e-01	4.997166e-01	0.000000e+00	1	0.000000e+00
5.515873e-01	4.997166e-01	0.000000e+00	1	0.000000e+00
5.515873e-01	4.997166e-01	0.000000e+00	1	0.000000e+00
5.515873e-01	4.997166e-01	0.000000e+00	1	0.000000e+00
5.515873e-01	4.997166e-01	0.000000e+00	1	0.000000e+00
5.515873e-01	4.997166e-01	0.000000e+00	1	0.000000e+00
5.515873e-01	4.997166e-01	0.000000e+00	1	0.000000e+00
5.515873e-01	4.997166e-01	0.000000e+00	1	0.000000e+00
5.515873e-01	4.997166e-01	0.000000e+00	1	0.000000e+00
5.515873e-01	4.997166e-01	0.000000e+00	1	0.000000e+00
5.515873e-01	4.997166e-01	0.000000e+00	1	0.000000e+00
5.515873e-01	4.997166e-01	0.000000e+00	1	0.000000e+00
5.515873e-01	4.997166e-01	0.000000e+00	1	0.000000e+00
5.515873e-01	4.997166e-01	0.000000e+00	1	0.000000e+00
5.515873e-01	4.997166e-01	0.000000e+00	1	0.000000e+00
5.515873e-01	4.997166e-01	0.000000e+00	1	0.000000e+00
5.515873e-01	4.997166e-01	0.000000e+00	1	0.000000e+00
5.515873e-01	4.997166e-01	0.000000e+00	1	0.000000e+00
5.515873e-01	4.997166e-01	0.000000e+00	1	0.000000e+00
5.515873e-01	4.997166e-01	0.000000e+00	1	0.000000e+00
5.515873e-01	4.997166e-01	0.000000e+00	1	0.000000e+00
5.515873e-01	4.997166e-01	0.000000e+00	1	0.000000e+00
5.515873e-01	4.997166e-01	0.000000e+00	1	0.000000e+00
5.515873e-01	4.997166e-01	0.000000e+00	1	0.000000e+00
5.515873e-01	4.997166e-01	0.000000e+00	1	0.000000e+00
5.515873e-01	4.997166e-01	0.000000e+00	1	0.000000e+00
5.515873e-01	4.997166e-01	0.000000e+00	1	0.000000e+00
5.515873e-01	4.997166e-01	0.000000e+00	1	0.000000e+00
5.515873e-01	4.997166e-01	0.000000e+00	1	0.000000e+00
5.515873e-01	4.997166e-01	0.000000e+00	1	0.000000e+00
5.515873e-01	4.997166e-01	0.000000e+00	1	0.000000e+00
5.515873e-01	4.997166e-01	0.000000e+00	1	0.000000e+00
5.515873e-01	4.997166e-01	0.000000e+00	1	0.000000e+00
5.515873e-01	4.997166e-01	0.000000e+00	1	0.000000e+00
5.515873e-01	4.997166e-01	0.000000e+00	1	0.000000e+00
5.515873e-01	4.997166e-01	0.000000e+00	1	0.000000e+00
5.515873e-01	4.997166e-01	0.000000e+00	1	0.000000e+00
5.515873e-01	4.997166e-01	0.000000e+00	1	0.000000e+00
5.515873e-01	4.997166e-01	0.000000e+00	1	0.000000e+00
5.515873e-01	4.997166e-01	0.000000e+00	1	0.000000e+00
5.515873e-01	4.997166e-01	0.000000e+00	1	0.000000e+00
5.515873e-01	4.997166e-01	0.000000e+00	1	0.000000e+00
5.515873e-01	4.997166e-01	0.000000e+00	1	0.000000e+00
5.515873e-01	4.997166e-01	0.000000e+00	1	0.000000e+00
5.515873e-01	4.997166e-01	0.000000e+00	1	0.000000e+00
5.515873e-01	4.997166e-01	0.000000e+00	1	0.000000e+00
5.515873e-01	4.997166e-01	0.000000e+00	1	0.000000e+00
5.515873e-01	4.997166e-01	0.000000e+00	1	0.000000e+00
5.515873e-01	4.997166e-01	0.000000e+00	1	0.000000e+00
5.515873e-01	4.997166e-01	0.000000e+00	1	0.000000e+00
5.515873e-01	4.997166e-01	0.000000e+00	1	0.000000e+00
5.515873e-01	4.997166e-01	0.000000e+00	1	0.000000e+00
5.515873e-01	4.997166e-01	0.000000e+00	1	0.000000e+00
5.515873e-01	4.997166e-01	0.000000e+00	1	0.000000e+00
5.515873e-01	4.997166e-01	0.000000e+00	1	0.000000e+00
5.515873e-01	4.997166e-01	0.000000e+00	1	0.000000e+00
5.515873e-01	4.997166e-01	0.000000e+00	1	0.000000e+00
5.515873e-01	4.997166e-01	0.000000e+00	1	0.000000e+00
5.515873e-01	4.997166e-01	0.000000e+00	1	0.000000e+00
5.515873e-01	4.997166e-01	0.000000e+00	1	0.000000e+00
5.515873e-01	4.997166e-01	0.000000e+00	1	0.000000e+00
5.515873e-01	4.997166e-01	0.000000e+00	1	0.000000e+00
5.515873e-01	4.997166e-01	0.000000e+00	1	0.000000e+00
5.515873e-01	4.997166e-01	0.000000e+00	1	0.000000e+00
5.515873e-01	4.997166e-01	0.000000e+00	1	0.000000e+00
5.515873e-01	4.997166e-01	0.000000e+00	1	0.000000e+00
5.515873e-01	4.997166e-01	0.000000e+00	1	0.000000e+00
5.515873e-01	4.997166e-01	0.000000e+00	1	0.000000e+00
5.515873e-01	4.997166e-01	0.000000e+00	1	0.000000e+00
5.515873e-01	4.997166e-01	0.000000e+00	1	0.000000e+00
5.515873e-01	4.997166e-01	0.000000e+00	1	0.000000e+00
5.515873e-01	4.997166e-01	0.000000e+00	1	0.000000e+00
5.515873e-01	4.997166e-01	0.000000e+00	1	0.000000e+00
5.515873e-01	4.997166e-01	0.000000e+00	1	0.000000e+00
5.515873e-01	4.997166e-01	0.000000e+00	1	0.000000e+00
5.515873e-01	4.997166e-01	0.000000e+00	1	0.000000e+00
5.515873e-01	4.997166e-01	0.000000e+00	1	0.000000e+00
5.515873e-01	4.997166e-01	0.000000e+00	1	0.000000e+00
5.515873e-01	4.997166e-01	0.000000e+00	1	0.000000e+00
5.515873e-01	4.997166e-01	0.000000e+00	1	0.000000e+00
5.515873e-01	4.997166e-01	0.000000e+00	1	0.000000e+00
5.515873e-01	4.997166e-01	0.000000e+00	1	0.000000e+00
5.515873e-01	4.997166e-01	0.000000e+00	1	0.000000e+00
5.515873e-01	4.997166e-01	0.000000e+00	1	0.000000e+00
5.515873e-01	4.997166e-01	0.000000e+00	1	0.000000e+00
5.515873e-01	4.997166e-01	0.000000e+00	1	0.000000e+00
5.515873e-01	4.997166e-01	0.000000e+00	1	0.000000e+00
5.515873e-01	4.997166e-01	0.000000e+00	1	0.000000e+00
5.515873e-01	4.997166e-01	0.000000e+00	1	0.000000e+00
5.515873e-01	4.997166e-01	0.000000e+00	1	0.000000e+00
5.515873e-01	4.997166e-01	0.000000e+00	1	0.000000e+00
5.515873e-01	4.997166e-01	0.000000e+00	1	0.000000e+00
5.515873e-01	4.997166e-01	0.000000e+00	1	0.000000e+00
5.515873e-01	4.997166e-01	0.000000e+00	1	0.000000e+00
5.515873e-01	4.997166e-01	0.000000e+00	1	0.000000e+00
5.515873e-01	4.997166e-01	0.000000e+00	1	0.000000e+00
5.515873e-01	4.997166e-01	0.000000e+00	1	0.000000e+00
5.515873e-01	4.997166e-01	0.000000e+00	1	0.000000e+00
5.515873e-01	4.997166e-01	0.000000e+00	1	0.000000e+00
5.515873e-01	4.997166e-01	0.000000e+00	1	0.000000e+00
5.515873e-01	4.997166e-01	0.000000e+00	1	0.000000e+00
5.515873e-01	4.997166e-01	0.000000e+00	1	0.000000e+00
5.515873e-01	4.997166e-01	0.000000e+00	1	0.000000e+00
5.515873e-01	4.997166e-01	0.000000e+00	1	0.000000e+00
5.515873e-01	4.997166e-01	0.000000e+00	1	0.000000e+00
5.515873e-01	4.997166e-01	0.000000e+00	1	0.000000e+00
5.515873e-01	4.997166e-01	0.000000e+00	1	0.000000e+00
5.515873e-01	4.997166e-01	0.000000e+00	1	0.000000e+00
5.515873e-01	4.997166e-01	0.000000e+00	1	0.000000e+00
5.515873e-01	4.997166e-01	0.000000e+00	1	0.000000e+00
5.515873e-01	4.997166e-01	0.000000e+00	1	0.000000e+00
5.515873e-01	4.997166e-01	0.000000e+00	1	0.000000e+00
5.515873e-01	4.997166e-01	0.000000e+00	1	0.000000e+00
5.515873e-01	4.997166e-01	0.000000e+00	1	0.000000e+00
5.515873e-01	4.997166e-01	0.000000e+00	1	0.000000e+00
5.515873e-01	4.997166e-01	0.000000e+00	1	0.000000e+00
5.515873e-01	4.997166e-01	0.000000e+00	1	0.000000e+00
5.515873e-01	4.997166e-01	0.000000e+00	1	0.000000e+00
5.515873e-01	4.997166e-01	0.000000e+00	1	0.000000e+00
5.515873e-01	4.997166e-01	0.000000e+00	1	0.000000e+00
5.515873e-01	4.997166e-01	0.000000e+00	1	0.000000e+00
5.515873e-01	4.997166e-01	0.000000e+00	1	0.000000e+00
5.515873e-01	4.997166e-01	0.000000e+00	1	0.000000e+00
5.515873e-01	4.997166e-01	0.000000e+00	1	0.000000e+00
5.515873e-01	4.997166e-01	0.000000e+00	1	0.000000e+00
5.515873e-01	4.997166e-01	0.000000e+00	1	0.000000e+00
5.515873e-01	4.997166e-01	0.000000e+00	1	0.000000e+00
5.515873e-01	4.997166e-01	0.000000e+00	1	0.000000e+00
5.515873e-01	4.997166e-01	0.000000e+00	1	0.000000e+00
5.515873e-01	4.997166e-01	0.000000e+00	1	0.000000e+00
5.515873e-01	4.997166e-01	0.000000e+00	1	0.000000e+00
5.515873e-01	4.997166e-01	0.000000e+00	1	0.000000e+00
5.515873e-01	4.997166e-01	0.000000e+00	1	0.000000e+00
5.515873e-01	4.997166e-01	0.000000e+00	1	0.000000e+00
5.515873e-01	4.997166e-01	0.000000e+00	1	0.000000e+00
5.515873e-01	4.997166e-01	0.000000e+00	1	0.000000e+00
5.515873e-01	4.997166e-01	0.000000e+00	1	0.000000e+00
5.515873e-01	4.997166e-01	0.000000e+00	1	0.000000e+00
5.515873e-01	4.997166e-01	0.000000e+00	1	0.000000e+00
5.515873e-01	4.997166e-01	0.000000e+00	1	0.000000e+00
5.515873e-01	4.997166e-01	0.000000e+00	1	0.000000e+00
5.515873e-01	4.997166e-01	0.000000e+00	1	0.000000e+00
5.515873e-01	4.997166e-01	0.000000e+00	1	0.000000e+00
5.515873e-01	4.997166e-01	0.000000e+00	1	0.000000e+00
5.515873e-01	4.997166e-01	0.000000e+00	1	0.000000e+00
5.515873e-01	4.997166e-01	0.000000e+00	1	0.000000e+00
5.515873e-01	4.997166e-01	0.000000e+00	1	0.000000e+00
5.515873e-01	4.997166e-01	0.000000e+00	1	0.000000e+00
5.515873e-01	4.997166e-01	0.000000e+00	1	0.000000e+00
5.515873e-01	4.997166e-01	0.000000e+00	1	0.000000e+00
5.515873e-01	4.997166e-01	0.000000e+00	1	0.000000e+00
5.515873e-01	4.997166e-01	0.000000e+00	1	0.000000e+00
5.515873e-01	4.997166e-01	0.000000e+00	1	0.000000e+00
5.515873e-01	4.997166e-01	0.000000e+00	1	0.000000e+00
5.515873e-01	4.997166e-01	0.000000e+00	1	0.000000e+00
5.515873e-01	4.997166e-01	0.000000e+00	1	0.000000e+00
5.515873e-01	4.997166e-01	0.000000e+00	1	0.000000e+00
5.515873e-01	4.997166e-01	0.000000e+00	1	0.000000e+00
5.515873e-01	4.997166e-01	0.000000e+00	1	0.000000e+00
5.515873e-01	4.997166e-01	0.000000e+00	1	0.000000e+00
5.515873e-01	4.997166e-01	0.000000e+00	1	0.000000e+00
5.515873e-01	4.997166e-01	0.000000e+00	1	0.000000e+00
5.515873e-01	4.997166e-01	0.000000e+00	1	0.000000e+00
5.515873e-01	4.997166e-01	0.000000e+00	1	0.000000e+00
5.515873e-01	4.997166e-01	0.000000e+00	1	0.000000e+00
5.515873e-01	4.997166e-01	0.000000e+00	1	0.000000e+00
5.515873e-01	4.997166e-01	0.000000e+00	1	0.000000e+00
5.515873e-01	4.997166e-01	0.000000e+00	1	0.000000e+00
5.515873e-01	4.997166e-01	0.000000e+00	1	0.000000e+00
5.515873e-01	4.997166e-01	0.000000e+00	1	0.000000e+00
5.515873e-01	4.997166e-01	0.000000e+00	1	0.000000e+00
5.515873e-01	4.997166e-01	0.000000e+00	1	0.000000e+00
5.515873e-01	4.997166e-01	0.000000e+00	1	0.000000e+00
5.515873e-01	4.997166e-01	0.000000e+00	1	0.000000e+00
5.515873e-01	4.997166e-01	0.000000e+00	1	0.000000e+00
5.515873e-01	4.997166e-01	0.000000e+00	1	0.000000e+00
5.515873e-01	4.997166e-01	0.000000e+00	1	0.000000e+00
5.515873e-01	4.997166e-01	0.000000e+00	1	0.000000e+00
5.515873e-01	4.997166e-01	0.000000e+00	1	0.000000e+00
5.515873e-01	4.997166e-01	0.000000e+00	1	0.000000e+00
5.515873e-01	4.997166e-01	0.000000e+00	1	0.000000e+00
5.515873e-01	4.997166e-01	0.000000e+00	1	0.000000e+00
5.515873e-01	4.997166e-01	0.000000e+00	1	0.000000e+00
5.515873e-01	4.997166e-01	0.000000e+00	1	0.000000e+00
5.515873e-01	4.997166e-01	0.000000e+00	1	0.000000e+00
5.515873e-01	4.997166e-01	0.000000e+00	1	0.000000e+00
5.515873e-01	4.997166e-01	0.000000e+00	1	0.000000e+00
5.515873e-01	4.997166e-01	0.000000e+00	1	0.000000e+00
5.515873e-01	4.997166e-01	0.000000e+00	1	0.000000e+00
5.515873e-01	4.997166e-01	0.000000e+00	1	0.000000e+00
5.515873e-01	4.997166e-01	0.000000e+00	1	0.000000e+00
5.515873e-01	4.997166e-01	0.000000e+00	1	0.000000e+00
5.515873e-01	4.997166e-01	0.000000e+00	1	0.000000e+00
5.515873e-01	4.997166e-01	0.000000e+00	1	0.000000e+00
5.515873e-01	4.997166e-01	0.000000e+00	1	0.000000e+00
5.515873e-01	4.997166e-01	0.000000e+00	1	0.000000e+00
5.515873e-01	4.997166e-01	0.000000e+00	1	0.000000e+00
5.515873e-01	4.997166e-01	0.000000e+00	1	0.000000e+00
5.515873e-01	4.997166e-01	0.000000e+00	1	0.000000e+00
5.515873e-01	4.997166e-01	0.000000e+00	1	0.000000e+00
5.515873e-01	4.997166e-01	0.000000e+00	1	0.000000e+00
5.515873e-01	4.997166e-01	0.000000e+00	1	0.000000e+00
5.515873e-01	4.997166e-01	0.000000e+00	1	0.000000e+00
5.515873e-01	4.997166e-01	0.000000e+00	1	0.000000e+00
5.515873e-01	4.997166e-01	0.000000e+00	1	0.000000e+00
5.515873e-01	4.997166e-01	0.000000e+00	1	0.000000e+00
5.515873e-01	4.997166e-01	0.000000e+00	1	0.000000e+00
5.515873e-01	4.997166e-01	0.000000e+00	1	0.000000e+00
5.515873e-01	4.997166e-01	0.000000e+00	1	0.000000e+00
5.515873e-01	4.997166e-01	0.000000e+00	1	0.000000e+00
5.515873e-01	4.997166e-01	0.000000e+00	1	0.000000e+00
5.515873e-01	4.997166e-01	0.000000e+00	1	0.000000e+00
5.515873e-01	4.997166e-01	0.000000e+00	1	0.000000e+00
5.515873e-01	4.997166e-01	0.000000e+00	1	0.000000e+00
5.515873e-01	4.997166e-01	0.000000e+00	1	0.000000e+00
5.515873e-01	4.997166e-01	0.000000e+00	1	0.000000e+00
5.515873e-01	4.997166e-01	0.000000e+00	1	0.000000e+00
5.515873e-01	4.997166e-01	0.000000e+00	1	0.000000e+00
5.515873e-01	4.997166e-01	0.000000e+00	1	0.000000e+00
5.515873e-01	4.997166e-01	0.000000e+00	1	0.000000e+00
5.515873e-01	4.997166e-01	0.000000e+00	1	0.000000e+00
5.515873e-01	4.997166e-01	0.000000e+00	1	0.000000e+00
5.515873e-01	4.997166e-01	0.000000e+00	1	0.000000e+00
5.515873e-01	4.997166e-01	0.000000e+00	1	0.000000e+00
5.515873e-01	4.997166e-01	0.000000e+00	1	0.000000e+00
5.515873e-01	4.997166e-01	0.000000e+00	1	0.000000e+00
5.515873e-01	4.997166e-01	0.000000e+00	1	0.000000e+00
5.515873e-01	4.997166e-01	0.000000e+00	1	0.000000e+00
5.515873e-01	4.997166e-01	0.000000e+00	1	0.000000e+00
5.515873e-01	4.997166e-01	0.000000e+00	1	0.000000e+00
5.515873e-01	4.997166e-01	0.000000e+00	1	0.000000e+00
5.515873e-01	4.997166e-01	0.000000e+00	1	0.000000e+00
5.515873e-01	4.997166e-01	0.000000e+00	1	0.000000e+00
5.515873e-01	4.997166e-01	0.000000e+00	1	0.000000e+00
5.515873e-01	4.997166e-01	0.000000e+00	1	0.000000e+00
5.515873e-01	4.997166e-01	0.000000e+00	1	0.000000e+00
5.515873e-01	4.997166e-01	0.000000e+00	1	0.000000e+00
5.515873e-01	4.997166e-01	0.000000e+00	1	0.000000e+00
5.515873e-01	4.997166e-01	0.000000e+00	1	0.000000e+00
5.515873e-01	4.997166e-01	0.000000e+00	1	0.000000e+00
5.515873e-01	4.997166e-01	0.000000e+00	1	0.000000e+00
5.515873e-01	4.997166e-01	0.000000e+00	1	0.000000e+00
5.515873e-01	4.997166e-01	0.000000e+00	1	0.000000e+00
5.515873e-01	4.997166e-01	0.000000e+00	1	0.000000e+00
5.515873e-01	4.997166e-01	0.000000e+00	1	0.000000e+00
5.515873e-01	4.997166e-01	0.000000e+00	1	0.000000e+00
5.515873e-01	4.997166e-01	0.000000e+00	1	0.000000e+00
5.515873e-01	4.997166e-01	0.000000e+00	1	0.000000e+00
5.515873e-01	4.997166e-01	0.000000e+00	1	0.000000e+00
5.515873e-01	4.997166e-01	0.000000e+00	1	0.000000e+00
5.515873e-01	4.997166e-01	0.000000e+00	1	0.000000e+00
5.515873e-01	4.997166e-01	0.000000e+00	1	0.000000e+00
5.515873e-01	4.997166e-01	0.000000e+00	1	0.000000e+00
5.515873e-01	4.997166e-01	0.000000e+00	1	0.000000e+00
5.515873e-01	4.997166e-01	0.000000e+00	1	0.000000e+00
5.515873e-01	4.997166e-01	0.000000e+00	1	0.000000e+00
5.515873e-01	4.997166e-01	0.000000e+00	1	0.000000e+00
5.515873e-01	4.997166e-01	0.000000e+00	1	0.000000e+00
5.515873e-01	4.997166e-01	0.000000e+00	1	0.000000e+00
5.515873e-01	4.997166e-01	0.000000e+00	1	0.000000e+00
5.515873e-01	4.997166e-01	0.000000e+00	1	0.000000e+00
5.515873e-01	4.997166e-01	0.000000e+00	1	0.000000e+00
5.515873e-01	4.997166e-01	0.000000e+00	1	0.000000e+00
5.515873e-01	4.997166e-01	0.000000e+00	1	0.000000e+00
5.515873e-01	4.997166e-01	0.000000e+00	1	0.000000e+00
5.515873e-01	4.997166e-01	0.000000e+00	1	0.000000e+00
5.515873e-01	4.997166e-01	0.000000e+00	1	0.000000e+00
5.515873e-01	4.997166e-01	0.000000e+00	1	0.000000e+00
5.515873e-01	4.997166e-01	0.000000e+00	1	0.000000e+00
5.515873e-01	4.997166e-01	0.000000e+00	1	0.000000e+00
5.515873e-01	4.997166e-01	0.000000e+00	1	0.000000e+00
5.515873e-01	4.997166e-01	0.000000e+00	1	0.000000e+00
5.515873e-01	4.997166e-01	0.000000e+00	1	0.000000e+00
5.515873e-01	4.997166e-01	0.000000e+00	1	0.000000e+00
5.515873e-01	4.997166e-01	0.000000e+00	1	0.000000e+00
5.515873e-01	4.997166e-01	0.000000e+00	1	0.000000e+00
5.515873e-01	4.997166e-01	0.000000e+00	1	0.000000e+00
5.515873e-01	4.997166e-01	0.000000e+00	1	0.000000e+00
5.515873e-01	4.997166e-01	0.000000e+00	1	0.000000e+00
5.515873e-01	4.997166e-01	0.000000e+00	1	0.000000e+00
5.515873e-01	4.997166e-01	0.000000e+00	1	0.000000e+00
5.515873e-01	4.997166e-01	0.000000e+00	1	0.000000e+00
5.515873e-01	4.997166e-01	0.000000e+00	1	0.000000e+00
5.515873e-01	4.997166e-01	0.000000e+00	1	0.000000e+00
5.515873e-01	4.997166e-01	0.000000e+00	1	0.000000e+00
5.515873e-01	4.997166e-01	0.000000e+00	1	0.000000e+00
5.515873e-01	4.997166e-01	0.000000e+00	1	0.000000e+00
5.515873e-01	4.997166e-01	0.000000e+00	1	0.000000e+00
5.515873e-01	4.997166e-01	0.000000e+00	1	0.000000e+00
5.515873e-01	4.997166e-01	0.000000e+00	1	0.000000e+00
5.515873e-01	4.997166e-01	0.000000e+00	1	0.000000e+00
5.515873e-01	4.997166e-01	0.000000e+00	1	0.000000e+00
5.515873e-01	4.997166e-01	0.000000e+00	1	0.000000e+00
5.515873e-01	4.997166e-01	0.000000e+00	1	0.000000e+00
5.515873e-01	4.997166e-01	0.000000e+00	1	0.000000e+00
5.515873e-01	4.997166e-01	0.000000e+00	1	0.000000e+00
5.515873e-01	4.997166e-01	0.000000e+00	1	0.000000e+00
5.515873e-01	4.997166e-01	0.000000e+00	1	0.000000e+00
5.515873e-01	4.997166e-01	0.000000e+00	1	0.000000e+00
5.515873e-01	4.997166e-01	0.000000e+00	1	0.000000e+00
5.515873e-01	4.997166e-01	0.000000e+00	1	0.000000e+00
5.515873e-01	4.997166e-01	0.000000e+00	1	0.000000e+00
5.515873e-01	4.997166e-01	0.000000e+00	1	0.000000e+00
5.515873e-01	4.997166e-01	0.000000e+00	1	0.000000e+00
5.515873e-01	4.997166e-01	0.000000e+00	1	0.000000e+00
5.515873e-01	4.997166e-01	0.000000e+00	1	0.000000e+00
5.515873e-01	4.997166e-01	0.000000e+00	1	0.000000e+00
5.515873e-01	4.997166e-01	0.000000e+00	1	0.000000e+00
5.515873e-01	4.997166e-01	0.000000e+00	1	0.000000e+00
5.515873e-01	4.997166e-01	0.000000e+00	1	0.000000e+00
5.515873e-01	4.997166e-01	0.000000e+00	1	0.000000e+00
5.515873e-01	4.997166e-01	0.000000e+00	1	0.000000e+00
5.515873e-01	4.997166e-01	0.000000e+00	1	0.000000e+00
5.515873e-01	4.997166e-01	0.000000e+00	1	0.000000e+00
5.515873e-01	4.997166e-01	0.000000e+00	1	0.000000e+00
5.515873e-01	4.997166e-01	0.000000e+00	1	0.000000e+00
5.515873e-01	4.997166e-01	0.000000e+00	1	0.000000e+00
5.515873e-01	4.997166e-01	0.000000e+00	1	0.000000e+00
5.515873e-01	4.997166e-01	0.000000e+00	1	0.000000e+00
5.515873e-01	4.997166e-01	0.000000e+00	1	0.000000e+00
5.515873e-01	4.997166e-01	0.000000e+00	1	0.000000e+00
5.515873e-01	4.997166e-01	0.000000e+00	1	0.000000e+00
5.515873e-01	4.997166e-01	0.000000e+00	1	0.000000e+00
5.515873e-01	4.997166e-01	0.000000e+00	1	0.000000e+00
5.515873e-01	4.997166e-01	0.000000e+00	1	0.000000e+00
5.515873e-01	4.997166e-01	0.000000e+00	1	0.000000e+00
5.515873e-01	4.997166e-01	0.000000e+00	1	0.000000e+00
5.515873e-01	4.997166e-01	0.000000e+00	1	0.000000e+00
5.515873e-01	4.997166e-01	0.000000e+00	1	0.000000e+00
5.515873e-01	4.997166e-01	0.000000e+00	1	0.000000e+00
5.515873e-01	4.997166e-01	0.000000e+00	1	0.000000e+00
5.515873e-01	4.997166e-01	0.000000e+00	1	0.000000e+00
5.515873e-01	4.997166e-01	0.000000e+00	1	0.000000e+00
5.515873e-01	4.997166e-01	0.000000e+00	1	0.000000e+00
5.515873e-01	4.997166e-01	0.000000e+00	1	0.000000e+00
5.515873e-01	4.997166e-01	0.000000e+00	1	0.000000e+00
5.515873e-01	4.997166e-01	0.000000e+00	1	0.000000e+00
5.515873e-01	4.997166e-01	0.000000e+00	1	0.000000e+00
5.515873e-01	4.997166e-01	0.000000e+00	1	0.000000e+00
5.515873e-01	4.997166e-01	0.000000e+00	1	0.000000e+00
Total execution time: 250.590
