# This file contains the data of final feasible population (if found)
# of objectives = 2, # of constraints = 0, # of real_var = 0, # of bits of bin_var = 0, constr_violation, rank, crowding_distance
4.632937e-01	5.001701e-01	0.000000e+00	1	1.000000e+14
4.791667e-01	4.906463e-01	0.000000e+00	1	1.000000e+14
4.791667e-01	4.906463e-01	0.000000e+00	1	2.500000e-01
4.712302e-01	4.954082e-01	0.000000e+00	1	2.500000e-01
4.712302e-01	4.954082e-01	0.000000e+00	1	2.500000e-01
4.791667e-01	4.906463e-01	0.000000e+00	1	2.500000e-01
4.712302e-01	4.954082e-01	0.000000e+00	1	2.500000e-01
4.712302e-01	4.954082e-01	0.000000e+00	1	2.500000e-01
4.632937e-01	5.001701e-01	0.000000e+00	1	2.500000e-01
4.712302e-01	4.954082e-01	0.000000e+00	1	0.000000e+00
4.712302e-01	4.954082e-01	0.000000e+00	1	0.000000e+00
4.712302e-01	4.954082e-01	0.000000e+00	1	0.000000e+00
4.712302e-01	4.954082e-01	0.000000e+00	1	0.000000e+00
4.712302e-01	4.954082e-01	0.000000e+00	1	0.000000e+00
4.712302e-01	4.954082e-01	0.000000e+00	1	0.000000e+00
4.712302e-01	4.954082e-01	0.000000e+00	1	0.000000e+00
4.712302e-01	4.954082e-01	0.000000e+00	1	0.000000e+00
4.712302e-01	4.954082e-01	0.000000e+00	1	0.000000e+00
4.712302e-01	4.954082e-01	0.000000e+00	1	0.000000e+00
4.712302e-01	4.954082e-01	0.000000e+00	1	0.000000e+00
4.712302e-01	4.954082e-01	0.000000e+00	1	0.000000e+00
4.712302e-01	4.954082e-01	0.000000e+00	1	0.000000e+00
4.712302e-01	4.954082e-01	0.000000e+00	1	0.000000e+00
4.712302e-01	4.954082e-01	0.000000e+00	1	0.000000e+00
4.712302e-01	4.954082e-01	0.000000e+00	1	0.000000e+00
4.712302e-01	4.954082e-01	0.000000e+00	1	0.000000e+00
4.712302e-01	4.954082e-01	0.000000e+00	1	0.000000e+00
4.712302e-01	4.954082e-01	0.000000e+00	1	0.000000e+00
4.712302e-01	4.954082e-01	0.000000e+00	1	0.000000e+00
4.712302e-01	4.954082e-01	0.000000e+00	1	0.000000e+00
4.712302e-01	4.954082e-01	0.000000e+00	1	0.000000e+00
4.712302e-01	4.954082e-01	0.000000e+00	1	0.000000e+00
4.791667e-01	4.906463e-01	0.000000e+00	1	0.000000e+00
4.712302e-01	4.954082e-01	0.000000e+00	1	0.000000e+00
4.712302e-01	4.954082e-01	0.000000e+00	1	0.000000e+00
4.712302e-01	4.954082e-01	0.000000e+00	1	0.000000e+00
4.712302e-01	4.954082e-01	0.000000e+00	1	0.000000e+00
4.712302e-01	4.954082e-01	0.000000e+00	1	0.000000e+00
4.712302e-01	4.954082e-01	0.000000e+00	1	0.000000e+00
4.712302e-01	4.954082e-01	0.000000e+00	1	0.000000e+00
4.712302e-01	4.954082e-01	0.000000e+00	1	0.000000e+00
4.712302e-01	4.954082e-01	0.000000e+00	1	0.000000e+00
4.791667e-01	4.906463e-01	0.000000e+00	1	0.000000e+00
4.712302e-01	4.954082e-01	0.000000e+00	1	0.000000e+00
4.712302e-01	4.954082e-01	0.000000e+00	1	0.000000e+00
4.712302e-01	4.954082e-01	0.000000e+00	1	0.000000e+00
4.712302e-01	4.954082e-01	0.000000e+00	1	0.000000e+00
4.712302e-01	4.954082e-01	0.000000e+00	1	0.000000e+00
4.712302e-01	4.954082e-01	0.000000e+00	1	0.000000e+00
4.712302e-01	4.954082e-01	0.000000e+00	1	0.000000e+00
4.712302e-01	4.954082e-01	0.000000e+00	1	0.000000e+00
4.712302e-01	4.954082e-01	0.000000e+00	1	0.000000e+00
4.712302e-01	4.954082e-01	0.000000e+00	1	0.000000e+00
4.712302e-01	4.954082e-01	0.000000e+00	1	0.000000e+00
4.712302e-01	4.954082e-01	0.000000e+00	1	0.000000e+00
4.712302e-01	4.954082e-01	0.000000e+00	1	0.000000e+00
4.712302e-01	4.954082e-01	0.000000e+00	1	0.000000e+00
4.712302e-01	4.954082e-01	0.000000e+00	1	0.000000e+00
4.712302e-01	4.954082e-01	0.000000e+00	1	0.000000e+00
4.712302e-01	4.954082e-01	0.000000e+00	1	0.000000e+00
4.712302e-01	4.954082e-01	0.000000e+00	1	0.000000e+00
4.712302e-01	4.954082e-01	0.000000e+00	1	0.000000e+00
4.712302e-01	4.954082e-01	0.000000e+00	1	0.000000e+00
4.791667e-01	4.906463e-01	0.000000e+00	1	0.000000e+00
4.712302e-01	4.954082e-01	0.000000e+00	1	0.000000e+00
4.712302e-01	4.954082e-01	0.000000e+00	1	0.000000e+00
4.712302e-01	4.954082e-01	0.000000e+00	1	0.000000e+00
4.791667e-01	4.906463e-01	0.000000e+00	1	0.000000e+00
4.712302e-01	4.954082e-01	0.000000e+00	1	0.000000e+00
4.712302e-01	4.954082e-01	0.000000e+00	1	0.000000e+00
4.712302e-01	4.954082e-01	0.000000e+00	1	0.000000e+00
4.712302e-01	4.954082e-01	0.000000e+00	1	0.000000e+00
4.712302e-01	4.954082e-01	0.000000e+00	1	0.000000e+00
4.712302e-01	4.954082e-01	0.000000e+00	1	0.000000e+00
4.712302e-01	4.954082e-01	0.000000e+00	1	0.000000e+00
4.712302e-01	4.954082e-01	0.000000e+00	1	0.000000e+00
4.632937e-01	5.001701e-01	0.000000e+00	1	0.000000e+00
4.712302e-01	4.954082e-01	0.000000e+00	1	0.000000e+00
4.712302e-01	4.954082e-01	0.000000e+00	1	0.000000e+00
4.712302e-01	4.954082e-01	0.000000e+00	1	0.000000e+00
4.712302e-01	4.954082e-01	0.000000e+00	1	0.000000e+00
4.712302e-01	4.954082e-01	0.000000e+00	1	0.000000e+00
4.712302e-01	4.954082e-01	0.000000e+00	1	0.000000e+00
4.712302e-01	4.954082e-01	0.000000e+00	1	0.000000e+00
4.712302e-01	4.954082e-01	0.000000e+00	1	0.000000e+00
4.712302e-01	4.954082e-01	0.000000e+00	1	0.000000e+00
4.712302e-01	4.954082e-01	0.000000e+00	1	0.000000e+00
4.712302e-01	4.954082e-01	0.000000e+00	1	0.000000e+00
4.712302e-01	4.954082e-01	0.000000e+00	1	0.000000e+00
4.712302e-01	4.954082e-01	0.000000e+00	1	0.000000e+00
4.712302e-01	4.954082e-01	0.000000e+00	1	0.000000e+00
4.712302e-01	4.954082e-01	0.000000e+00	1	0.000000e+00
4.791667e-01	4.906463e-01	0.000000e+00	1	0.000000e+00
4.712302e-01	4.954082e-01	0.000000e+00	1	0.000000e+00
4.791667e-01	4.906463e-01	0.000000e+00	1	0.000000e+00
4.712302e-01	4.954082e-01	0.000000e+00	1	0.000000e+00
4.712302e-01	4.954082e-01	0.000000e+00	1	0.000000e+00
4.712302e-01	4.954082e-01	0.000000e+00	1	0.000000e+00
4.712302e-01	4.954082e-01	0.000000e+00	1	0.000000e+00
4.712302e-01	4.954082e-01	0.000000e+00	1	0.000000e+00
4.712302e-01	4.954082e-01	0.000000e+00	1	0.000000e+00
4.712302e-01	4.954082e-01	0.000000e+00	1	0.000000e+00
4.712302e-01	4.954082e-01	0.000000e+00	1	0.000000e+00
4.712302e-01	4.954082e-01	0.000000e+00	1	0.000000e+00
4.712302e-01	4.954082e-01	0.000000e+00	1	0.000000e+00
4.712302e-01	4.954082e-01	0.000000e+00	1	0.000000e+00
4.712302e-01	4.954082e-01	0.000000e+00	1	0.000000e+00
4.712302e-01	4.954082e-01	0.000000e+00	1	0.000000e+00
4.712302e-01	4.954082e-01	0.000000e+00	1	0.000000e+00
4.712302e-01	4.954082e-01	0.000000e+00	1	0.000000e+00
4.712302e-01	4.954082e-01	0.000000e+00	1	0.000000e+00
4.712302e-01	4.954082e-01	0.000000e+00	1	0.000000e+00
4.712302e-01	4.954082e-01	0.000000e+00	1	0.000000e+00
4.791667e-01	4.906463e-01	0.000000e+00	1	0.000000e+00
4.712302e-01	4.954082e-01	0.000000e+00	1	0.000000e+00
4.712302e-01	4.954082e-01	0.000000e+00	1	0.000000e+00
4.712302e-01	4.954082e-01	0.000000e+00	1	0.000000e+00
4.712302e-01	4.954082e-01	0.000000e+00	1	0.000000e+00
4.712302e-01	4.954082e-01	0.000000e+00	1	0.000000e+00
4.712302e-01	4.954082e-01	0.000000e+00	1	0.000000e+00
4.712302e-01	4.954082e-01	0.000000e+00	1	0.000000e+00
4.712302e-01	4.954082e-01	0.000000e+00	1	0.000000e+00
4.712302e-01	4.954082e-01	0.000000e+00	1	0.000000e+00
4.712302e-01	4.954082e-01	0.000000e+00	1	0.000000e+00
4.712302e-01	4.954082e-01	0.000000e+00	1	0.000000e+00
4.712302e-01	4.954082e-01	0.000000e+00	1	0.000000e+00
4.712302e-01	4.954082e-01	0.000000e+00	1	0.000000e+00
4.712302e-01	4.954082e-01	0.000000e+00	1	0.000000e+00
4.712302e-01	4.954082e-01	0.000000e+00	1	0.000000e+00
4.712302e-01	4.954082e-01	0.000000e+00	1	0.000000e+00
4.712302e-01	4.954082e-01	0.000000e+00	1	0.000000e+00
4.712302e-01	4.954082e-01	0.000000e+00	1	0.000000e+00
4.712302e-01	4.954082e-01	0.000000e+00	1	0.000000e+00
4.791667e-01	4.906463e-01	0.000000e+00	1	0.000000e+00
4.712302e-01	4.954082e-01	0.000000e+00	1	0.000000e+00
4.712302e-01	4.954082e-01	0.000000e+00	1	0.000000e+00
4.712302e-01	4.954082e-01	0.000000e+00	1	0.000000e+00
4.791667e-01	4.906463e-01	0.000000e+00	1	0.000000e+00
4.712302e-01	4.954082e-01	0.000000e+00	1	0.000000e+00
4.712302e-01	4.954082e-01	0.000000e+00	1	0.000000e+00
4.712302e-01	4.954082e-01	0.000000e+00	1	0.000000e+00
4.791667e-01	4.906463e-01	0.000000e+00	1	0.000000e+00
4.712302e-01	4.954082e-01	0.000000e+00	1	0.000000e+00
4.712302e-01	4.954082e-01	0.000000e+00	1	0.000000e+00
4.712302e-01	4.954082e-01	0.000000e+00	1	0.000000e+00
4.712302e-01	4.954082e-01	0.000000e+00	1	0.000000e+00
4.712302e-01	4.954082e-01	0.000000e+00	1	0.000000e+00
4.712302e-01	4.954082e-01	0.000000e+00	1	0.000000e+00
4.712302e-01	4.954082e-01	0.000000e+00	1	0.000000e+00
4.712302e-01	4.954082e-01	0.000000e+00	1	0.000000e+00
4.712302e-01	4.954082e-01	0.000000e+00	1	0.000000e+00
4.712302e-01	4.954082e-01	0.000000e+00	1	0.000000e+00
4.712302e-01	4.954082e-01	0.000000e+00	1	0.000000e+00
4.712302e-01	4.954082e-01	0.000000e+00	1	0.000000e+00
4.712302e-01	4.954082e-01	0.000000e+00	1	0.000000e+00
4.712302e-01	4.954082e-01	0.000000e+00	1	0.000000e+00
4.712302e-01	4.954082e-01	0.000000e+00	1	0.000000e+00
4.712302e-01	4.954082e-01	0.000000e+00	1	0.000000e+00
4.712302e-01	4.954082e-01	0.000000e+00	1	0.000000e+00
4.712302e-01	4.954082e-01	0.000000e+00	1	0.000000e+00
4.712302e-01	4.954082e-01	0.000000e+00	1	0.000000e+00
4.712302e-01	4.954082e-01	0.000000e+00	1	0.000000e+00
4.712302e-01	4.954082e-01	0.000000e+00	1	0.000000e+00
4.712302e-01	4.954082e-01	0.000000e+00	1	0.000000e+00
4.712302e-01	4.954082e-01	0.000000e+00	1	0.000000e+00
4.712302e-01	4.954082e-01	0.000000e+00	1	0.000000e+00
4.712302e-01	4.954082e-01	0.000000e+00	1	0.000000e+00
4.712302e-01	4.954082e-01	0.000000e+00	1	0.000000e+00
4.712302e-01	4.954082e-01	0.000000e+00	1	0.000000e+00
4.712302e-01	4.954082e-01	0.000000e+00	1	0.000000e+00
4.791667e-01	4.906463e-01	0.000000e+00	1	0.000000e+00
4.712302e-01	4.954082e-01	0.000000e+00	1	0.000000e+00
4.712302e-01	4.954082e-01	0.000000e+00	1	0.000000e+00
4.712302e-01	4.954082e-01	0.000000e+00	1	0.000000e+00
4.712302e-01	4.954082e-01	0.000000e+00	1	0.000000e+00
4.712302e-01	4.954082e-01	0.000000e+00	1	0.000000e+00
4.712302e-01	4.954082e-01	0.000000e+00	1	0.000000e+00
4.712302e-01	4.954082e-01	0.000000e+00	1	0.000000e+00
4.712302e-01	4.954082e-01	0.000000e+00	1	0.000000e+00
4.712302e-01	4.954082e-01	0.000000e+00	1	0.000000e+00
4.712302e-01	4.954082e-01	0.000000e+00	1	0.000000e+00
4.712302e-01	4.954082e-01	0.000000e+00	1	0.000000e+00
4.712302e-01	4.954082e-01	0.000000e+00	1	0.000000e+00
4.712302e-01	4.954082e-01	0.000000e+00	1	0.000000e+00
4.712302e-01	4.954082e-01	0.000000e+00	1	0.000000e+00
4.712302e-01	4.954082e-01	0.000000e+00	1	0.000000e+00
4.712302e-01	4.954082e-01	0.000000e+00	1	0.000000e+00
4.712302e-01	4.954082e-01	0.000000e+00	1	0.000000e+00
4.712302e-01	4.954082e-01	0.000000e+00	1	0.000000e+00
4.712302e-01	4.954082e-01	0.000000e+00	1	0.000000e+00
4.712302e-01	4.954082e-01	0.000000e+00	1	0.000000e+00
4.712302e-01	4.954082e-01	0.000000e+00	1	0.000000e+00
4.712302e-01	4.954082e-01	0.000000e+00	1	0.000000e+00
4.712302e-01	4.954082e-01	0.000000e+00	1	0.000000e+00
4.712302e-01	4.954082e-01	0.000000e+00	1	0.000000e+00
4.712302e-01	4.954082e-01	0.000000e+00	1	0.000000e+00
4.712302e-01	4.954082e-01	0.000000e+00	1	0.000000e+00
4.712302e-01	4.954082e-01	0.000000e+00	1	0.000000e+00
4.712302e-01	4.954082e-01	0.000000e+00	1	0.000000e+00
4.712302e-01	4.954082e-01	0.000000e+00	1	0.000000e+00
4.712302e-01	4.954082e-01	0.000000e+00	1	0.000000e+00
4.712302e-01	4.954082e-01	0.000000e+00	1	0.000000e+00
4.712302e-01	4.954082e-01	0.000000e+00	1	0.000000e+00
4.712302e-01	4.954082e-01	0.000000e+00	1	0.000000e+00
4.791667e-01	4.906463e-01	0.000000e+00	1	0.000000e+00
4.712302e-01	4.954082e-01	0.000000e+00	1	0.000000e+00
4.712302e-01	4.954082e-01	0.000000e+00	1	0.000000e+00
4.712302e-01	4.954082e-01	0.000000e+00	1	0.000000e+00
4.712302e-01	4.954082e-01	0.000000e+00	1	0.000000e+00
4.712302e-01	4.954082e-01	0.000000e+00	1	0.000000e+00
4.712302e-01	4.954082e-01	0.000000e+00	1	0.000000e+00
4.712302e-01	4.954082e-01	0.000000e+00	1	0.000000e+00
4.712302e-01	4.954082e-01	0.000000e+00	1	0.000000e+00
4.712302e-01	4.954082e-01	0.000000e+00	1	0.000000e+00
4.712302e-01	4.954082e-01	0.000000e+00	1	0.000000e+00
4.791667e-01	4.906463e-01	0.000000e+00	1	0.000000e+00
4.712302e-01	4.954082e-01	0.000000e+00	1	0.000000e+00
4.712302e-01	4.954082e-01	0.000000e+00	1	0.000000e+00
4.712302e-01	4.954082e-01	0.000000e+00	1	0.000000e+00
4.712302e-01	4.954082e-01	0.000000e+00	1	0.000000e+00
4.712302e-01	4.954082e-01	0.000000e+00	1	0.000000e+00
4.712302e-01	4.954082e-01	0.000000e+00	1	0.000000e+00
4.712302e-01	4.954082e-01	0.000000e+00	1	0.000000e+00
4.712302e-01	4.954082e-01	0.000000e+00	1	0.000000e+00
4.712302e-01	4.954082e-01	0.000000e+00	1	0.000000e+00
4.712302e-01	4.954082e-01	0.000000e+00	1	0.000000e+00
4.712302e-01	4.954082e-01	0.000000e+00	1	0.000000e+00
4.712302e-01	4.954082e-01	0.000000e+00	1	0.000000e+00
4.712302e-01	4.954082e-01	0.000000e+00	1	0.000000e+00
4.712302e-01	4.954082e-01	0.000000e+00	1	0.000000e+00
4.712302e-01	4.954082e-01	0.000000e+00	1	0.000000e+00
4.712302e-01	4.954082e-01	0.000000e+00	1	0.000000e+00
4.712302e-01	4.954082e-01	0.000000e+00	1	0.000000e+00
4.712302e-01	4.954082e-01	0.000000e+00	1	0.000000e+00
4.712302e-01	4.954082e-01	0.000000e+00	1	0.000000e+00
4.712302e-01	4.954082e-01	0.000000e+00	1	0.000000e+00
4.712302e-01	4.954082e-01	0.000000e+00	1	0.000000e+00
4.712302e-01	4.954082e-01	0.000000e+00	1	0.000000e+00
4.712302e-01	4.954082e-01	0.000000e+00	1	0.000000e+00
4.712302e-01	4.954082e-01	0.000000e+00	1	0.000000e+00
4.712302e-01	4.954082e-01	0.000000e+00	1	0.000000e+00
4.712302e-01	4.954082e-01	0.000000e+00	1	0.000000e+00
4.712302e-01	4.954082e-01	0.000000e+00	1	0.000000e+00
4.712302e-01	4.954082e-01	0.000000e+00	1	0.000000e+00
4.712302e-01	4.954082e-01	0.000000e+00	1	0.000000e+00
4.712302e-01	4.954082e-01	0.000000e+00	1	0.000000e+00
4.712302e-01	4.954082e-01	0.000000e+00	1	0.000000e+00
4.712302e-01	4.954082e-01	0.000000e+00	1	0.000000e+00
4.712302e-01	4.954082e-01	0.000000e+00	1	0.000000e+00
4.712302e-01	4.954082e-01	0.000000e+00	1	0.000000e+00
4.712302e-01	4.954082e-01	0.000000e+00	1	0.000000e+00
4.712302e-01	4.954082e-01	0.000000e+00	1	0.000000e+00
4.712302e-01	4.954082e-01	0.000000e+00	1	0.000000e+00
4.712302e-01	4.954082e-01	0.000000e+00	1	0.000000e+00
4.791667e-01	4.906463e-01	0.000000e+00	1	0.000000e+00
4.712302e-01	4.954082e-01	0.000000e+00	1	0.000000e+00
4.712302e-01	4.954082e-01	0.000000e+00	1	0.000000e+00
4.712302e-01	4.954082e-01	0.000000e+00	1	0.000000e+00
4.712302e-01	4.954082e-01	0.000000e+00	1	0.000000e+00
4.791667e-01	4.906463e-01	0.000000e+00	1	0.000000e+00
4.712302e-01	4.954082e-01	0.000000e+00	1	0.000000e+00
4.712302e-01	4.954082e-01	0.000000e+00	1	0.000000e+00
4.712302e-01	4.954082e-01	0.000000e+00	1	0.000000e+00
4.712302e-01	4.954082e-01	0.000000e+00	1	0.000000e+00
4.712302e-01	4.954082e-01	0.000000e+00	1	0.000000e+00
4.791667e-01	4.906463e-01	0.000000e+00	1	0.000000e+00
4.712302e-01	4.954082e-01	0.000000e+00	1	0.000000e+00
4.712302e-01	4.954082e-01	0.000000e+00	1	0.000000e+00
4.712302e-01	4.954082e-01	0.000000e+00	1	0.000000e+00
4.712302e-01	4.954082e-01	0.000000e+00	1	0.000000e+00
4.712302e-01	4.954082e-01	0.000000e+00	1	0.000000e+00
4.712302e-01	4.954082e-01	0.000000e+00	1	0.000000e+00
4.712302e-01	4.954082e-01	0.000000e+00	1	0.000000e+00
4.712302e-01	4.954082e-01	0.000000e+00	1	0.000000e+00
4.712302e-01	4.954082e-01	0.000000e+00	1	0.000000e+00
4.712302e-01	4.954082e-01	0.000000e+00	1	0.000000e+00
4.712302e-01	4.954082e-01	0.000000e+00	1	0.000000e+00
4.712302e-01	4.954082e-01	0.000000e+00	1	0.000000e+00
4.712302e-01	4.954082e-01	0.000000e+00	1	0.000000e+00
4.712302e-01	4.954082e-01	0.000000e+00	1	0.000000e+00
4.712302e-01	4.954082e-01	0.000000e+00	1	0.000000e+00
4.712302e-01	4.954082e-01	0.000000e+00	1	0.000000e+00
4.712302e-01	4.954082e-01	0.000000e+00	1	0.000000e+00
4.712302e-01	4.954082e-01	0.000000e+00	1	0.000000e+00
4.712302e-01	4.954082e-01	0.000000e+00	1	0.000000e+00
4.712302e-01	4.954082e-01	0.000000e+00	1	0.000000e+00
4.712302e-01	4.954082e-01	0.000000e+00	1	0.000000e+00
4.712302e-01	4.954082e-01	0.000000e+00	1	0.000000e+00
4.712302e-01	4.954082e-01	0.000000e+00	1	0.000000e+00
4.791667e-01	4.906463e-01	0.000000e+00	1	0.000000e+00
4.712302e-01	4.954082e-01	0.000000e+00	1	0.000000e+00
4.712302e-01	4.954082e-01	0.000000e+00	1	0.000000e+00
4.712302e-01	4.954082e-01	0.000000e+00	1	0.000000e+00
4.712302e-01	4.954082e-01	0.000000e+00	1	0.000000e+00
4.712302e-01	4.954082e-01	0.000000e+00	1	0.000000e+00
4.712302e-01	4.954082e-01	0.000000e+00	1	0.000000e+00
4.712302e-01	4.954082e-01	0.000000e+00	1	0.000000e+00
4.712302e-01	4.954082e-01	0.000000e+00	1	0.000000e+00
4.712302e-01	4.954082e-01	0.000000e+00	1	0.000000e+00
4.712302e-01	4.954082e-01	0.000000e+00	1	0.000000e+00
4.712302e-01	4.954082e-01	0.000000e+00	1	0.000000e+00
4.712302e-01	4.954082e-01	0.000000e+00	1	0.000000e+00
4.712302e-01	4.954082e-01	0.000000e+00	1	0.000000e+00
4.712302e-01	4.954082e-01	0.000000e+00	1	0.000000e+00
4.712302e-01	4.954082e-01	0.000000e+00	1	0.000000e+00
4.712302e-01	4.954082e-01	0.000000e+00	1	0.000000e+00
4.712302e-01	4.954082e-01	0.000000e+00	1	0.000000e+00
4.712302e-01	4.954082e-01	0.000000e+00	1	0.000000e+00
4.712302e-01	4.954082e-01	0.000000e+00	1	0.000000e+00
4.712302e-01	4.954082e-01	0.000000e+00	1	0.000000e+00
4.712302e-01	4.954082e-01	0.000000e+00	1	0.000000e+00
4.712302e-01	4.954082e-01	0.000000e+00	1	0.000000e+00
4.712302e-01	4.954082e-01	0.000000e+00	1	0.000000e+00
4.712302e-01	4.954082e-01	0.000000e+00	1	0.000000e+00
4.712302e-01	4.954082e-01	0.000000e+00	1	0.000000e+00
4.712302e-01	4.954082e-01	0.000000e+00	1	0.000000e+00
4.712302e-01	4.954082e-01	0.000000e+00	1	0.000000e+00
4.712302e-01	4.954082e-01	0.000000e+00	1	0.000000e+00
4.712302e-01	4.954082e-01	0.000000e+00	1	0.000000e+00
4.712302e-01	4.954082e-01	0.000000e+00	1	0.000000e+00
4.791667e-01	4.906463e-01	0.000000e+00	1	0.000000e+00
4.712302e-01	4.954082e-01	0.000000e+00	1	0.000000e+00
4.791667e-01	4.906463e-01	0.000000e+00	1	0.000000e+00
4.712302e-01	4.954082e-01	0.000000e+00	1	0.000000e+00
4.712302e-01	4.954082e-01	0.000000e+00	1	0.000000e+00
4.712302e-01	4.954082e-01	0.000000e+00	1	0.000000e+00
4.712302e-01	4.954082e-01	0.000000e+00	1	0.000000e+00
4.712302e-01	4.954082e-01	0.000000e+00	1	0.000000e+00
4.712302e-01	4.954082e-01	0.000000e+00	1	0.000000e+00
4.712302e-01	4.954082e-01	0.000000e+00	1	0.000000e+00
4.712302e-01	4.954082e-01	0.000000e+00	1	0.000000e+00
4.712302e-01	4.954082e-01	0.000000e+00	1	0.000000e+00
4.712302e-01	4.954082e-01	0.000000e+00	1	0.000000e+00
4.712302e-01	4.954082e-01	0.000000e+00	1	0.000000e+00
4.712302e-01	4.954082e-01	0.000000e+00	1	0.000000e+00
4.712302e-01	4.954082e-01	0.000000e+00	1	0.000000e+00
4.712302e-01	4.954082e-01	0.000000e+00	1	0.000000e+00
4.712302e-01	4.954082e-01	0.000000e+00	1	0.000000e+00
4.712302e-01	4.954082e-01	0.000000e+00	1	0.000000e+00
4.712302e-01	4.954082e-01	0.000000e+00	1	0.000000e+00
4.712302e-01	4.954082e-01	0.000000e+00	1	0.000000e+00
4.712302e-01	4.954082e-01	0.000000e+00	1	0.000000e+00
4.712302e-01	4.954082e-01	0.000000e+00	1	0.000000e+00
4.712302e-01	4.954082e-01	0.000000e+00	1	0.000000e+00
4.712302e-01	4.954082e-01	0.000000e+00	1	0.000000e+00
4.712302e-01	4.954082e-01	0.000000e+00	1	0.000000e+00
4.712302e-01	4.954082e-01	0.000000e+00	1	0.000000e+00
4.712302e-01	4.954082e-01	0.000000e+00	1	0.000000e+00
4.712302e-01	4.954082e-01	0.000000e+00	1	0.000000e+00
4.712302e-01	4.954082e-01	0.000000e+00	1	0.000000e+00
4.712302e-01	4.954082e-01	0.000000e+00	1	0.000000e+00
4.712302e-01	4.954082e-01	0.000000e+00	1	0.000000e+00
4.712302e-01	4.954082e-01	0.000000e+00	1	0.000000e+00
4.712302e-01	4.954082e-01	0.000000e+00	1	0.000000e+00
4.712302e-01	4.954082e-01	0.000000e+00	1	0.000000e+00
4.712302e-01	4.954082e-01	0.000000e+00	1	0.000000e+00
4.712302e-01	4.954082e-01	0.000000e+00	1	0.000000e+00
4.712302e-01	4.954082e-01	0.000000e+00	1	0.000000e+00
4.712302e-01	4.954082e-01	0.000000e+00	1	0.000000e+00
4.712302e-01	4.954082e-01	0.000000e+00	1	0.000000e+00
4.712302e-01	4.954082e-01	0.000000e+00	1	0.000000e+00
4.712302e-01	4.954082e-01	0.000000e+00	1	0.000000e+00
4.712302e-01	4.954082e-01	0.000000e+00	1	0.000000e+00
4.712302e-01	4.954082e-01	0.000000e+00	1	0.000000e+00
4.712302e-01	4.954082e-01	0.000000e+00	1	0.000000e+00
4.712302e-01	4.954082e-01	0.000000e+00	1	0.000000e+00
4.712302e-01	4.954082e-01	0.000000e+00	1	0.000000e+00
4.712302e-01	4.954082e-01	0.000000e+00	1	0.000000e+00
4.712302e-01	4.954082e-01	0.000000e+00	1	0.000000e+00
4.712302e-01	4.954082e-01	0.000000e+00	1	0.000000e+00
4.791667e-01	4.906463e-01	0.000000e+00	1	0.000000e+00
4.712302e-01	4.954082e-01	0.000000e+00	1	0.000000e+00
4.712302e-01	4.954082e-01	0.000000e+00	1	0.000000e+00
4.712302e-01	4.954082e-01	0.000000e+00	1	0.000000e+00
4.791667e-01	4.906463e-01	0.000000e+00	1	0.000000e+00
4.712302e-01	4.954082e-01	0.000000e+00	1	0.000000e+00
4.712302e-01	4.954082e-01	0.000000e+00	1	0.000000e+00
4.712302e-01	4.954082e-01	0.000000e+00	1	0.000000e+00
4.712302e-01	4.954082e-01	0.000000e+00	1	0.000000e+00
4.712302e-01	4.954082e-01	0.000000e+00	1	0.000000e+00
4.791667e-01	4.906463e-01	0.000000e+00	1	0.000000e+00
4.712302e-01	4.954082e-01	0.000000e+00	1	0.000000e+00
4.712302e-01	4.954082e-01	0.000000e+00	1	0.000000e+00
4.712302e-01	4.954082e-01	0.000000e+00	1	0.000000e+00
4.712302e-01	4.954082e-01	0.000000e+00	1	0.000000e+00
4.712302e-01	4.954082e-01	0.000000e+00	1	0.000000e+00
4.712302e-01	4.954082e-01	0.000000e+00	1	0.000000e+00
4.712302e-01	4.954082e-01	0.000000e+00	1	0.000000e+00
4.712302e-01	4.954082e-01	0.000000e+00	1	0.000000e+00
4.712302e-01	4.954082e-01	0.000000e+00	1	0.000000e+00
4.712302e-01	4.954082e-01	0.000000e+00	1	0.000000e+00
4.712302e-01	4.954082e-01	0.000000e+00	1	0.000000e+00
4.712302e-01	4.954082e-01	0.000000e+00	1	0.000000e+00
4.791667e-01	4.906463e-01	0.000000e+00	1	0.000000e+00
4.712302e-01	4.954082e-01	0.000000e+00	1	0.000000e+00
4.712302e-01	4.954082e-01	0.000000e+00	1	0.000000e+00
4.712302e-01	4.954082e-01	0.000000e+00	1	0.000000e+00
4.712302e-01	4.954082e-01	0.000000e+00	1	0.000000e+00
4.712302e-01	4.954082e-01	0.000000e+00	1	0.000000e+00
4.712302e-01	4.954082e-01	0.000000e+00	1	0.000000e+00
4.712302e-01	4.954082e-01	0.000000e+00	1	0.000000e+00
4.712302e-01	4.954082e-01	0.000000e+00	1	0.000000e+00
4.712302e-01	4.954082e-01	0.000000e+00	1	0.000000e+00
4.712302e-01	4.954082e-01	0.000000e+00	1	0.000000e+00
4.712302e-01	4.954082e-01	0.000000e+00	1	0.000000e+00
4.712302e-01	4.954082e-01	0.000000e+00	1	0.000000e+00
4.712302e-01	4.954082e-01	0.000000e+00	1	0.000000e+00
4.712302e-01	4.954082e-01	0.000000e+00	1	0.000000e+00
4.712302e-01	4.954082e-01	0.000000e+00	1	0.000000e+00
4.712302e-01	4.954082e-01	0.000000e+00	1	0.000000e+00
4.712302e-01	4.954082e-01	0.000000e+00	1	0.000000e+00
4.712302e-01	4.954082e-01	0.000000e+00	1	0.000000e+00
4.712302e-01	4.954082e-01	0.000000e+00	1	0.000000e+00
4.712302e-01	4.954082e-01	0.000000e+00	1	0.000000e+00
4.712302e-01	4.954082e-01	0.000000e+00	1	0.000000e+00
4.712302e-01	4.954082e-01	0.000000e+00	1	0.000000e+00
4.712302e-01	4.954082e-01	0.000000e+00	1	0.000000e+00
4.712302e-01	4.954082e-01	0.000000e+00	1	0.000000e+00
4.791667e-01	4.906463e-01	0.000000e+00	1	0.000000e+00
4.712302e-01	4.954082e-01	0.000000e+00	1	0.000000e+00
4.712302e-01	4.954082e-01	0.000000e+00	1	0.000000e+00
4.791667e-01	4.906463e-01	0.000000e+00	1	0.000000e+00
4.712302e-01	4.954082e-01	0.000000e+00	1	0.000000e+00
4.712302e-01	4.954082e-01	0.000000e+00	1	0.000000e+00
4.791667e-01	4.906463e-01	0.000000e+00	1	0.000000e+00
4.712302e-01	4.954082e-01	0.000000e+00	1	0.000000e+00
4.712302e-01	4.954082e-01	0.000000e+00	1	0.000000e+00
4.712302e-01	4.954082e-01	0.000000e+00	1	0.000000e+00
4.712302e-01	4.954082e-01	0.000000e+00	1	0.000000e+00
4.712302e-01	4.954082e-01	0.000000e+00	1	0.000000e+00
4.712302e-01	4.954082e-01	0.000000e+00	1	0.000000e+00
4.712302e-01	4.954082e-01	0.000000e+00	1	0.000000e+00
4.712302e-01	4.954082e-01	0.000000e+00	1	0.000000e+00
4.712302e-01	4.954082e-01	0.000000e+00	1	0.000000e+00
4.712302e-01	4.954082e-01	0.000000e+00	1	0.000000e+00
4.712302e-01	4.954082e-01	0.000000e+00	1	0.000000e+00
4.712302e-01	4.954082e-01	0.000000e+00	1	0.000000e+00
4.712302e-01	4.954082e-01	0.000000e+00	1	0.000000e+00
4.712302e-01	4.954082e-01	0.000000e+00	1	0.000000e+00
4.712302e-01	4.954082e-01	0.000000e+00	1	0.000000e+00
4.712302e-01	4.954082e-01	0.000000e+00	1	0.000000e+00
4.712302e-01	4.954082e-01	0.000000e+00	1	0.000000e+00
4.712302e-01	4.954082e-01	0.000000e+00	1	0.000000e+00
4.712302e-01	4.954082e-01	0.000000e+00	1	0.000000e+00
4.712302e-01	4.954082e-01	0.000000e+00	1	0.000000e+00
4.712302e-01	4.954082e-01	0.000000e+00	1	0.000000e+00
4.712302e-01	4.954082e-01	0.000000e+00	1	0.000000e+00
4.791667e-01	4.906463e-01	0.000000e+00	1	0.000000e+00
4.791667e-01	4.906463e-01	0.000000e+00	1	0.000000e+00
4.712302e-01	4.954082e-01	0.000000e+00	1	0.000000e+00
4.712302e-01	4.954082e-01	0.000000e+00	1	0.000000e+00
4.712302e-01	4.954082e-01	0.000000e+00	1	0.000000e+00
4.712302e-01	4.954082e-01	0.000000e+00	1	0.000000e+00
4.712302e-01	4.954082e-01	0.000000e+00	1	0.000000e+00
4.712302e-01	4.954082e-01	0.000000e+00	1	0.000000e+00
4.712302e-01	4.954082e-01	0.000000e+00	1	0.000000e+00
4.712302e-01	4.954082e-01	0.000000e+00	1	0.000000e+00
4.791667e-01	4.906463e-01	0.000000e+00	1	0.000000e+00
4.791667e-01	4.906463e-01	0.000000e+00	1	0.000000e+00
4.712302e-01	4.954082e-01	0.000000e+00	1	0.000000e+00
4.712302e-01	4.954082e-01	0.000000e+00	1	0.000000e+00
4.712302e-01	4.954082e-01	0.000000e+00	1	0.000000e+00
4.791667e-01	4.906463e-01	0.000000e+00	1	0.000000e+00
4.712302e-01	4.954082e-01	0.000000e+00	1	0.000000e+00
4.712302e-01	4.954082e-01	0.000000e+00	1	0.000000e+00
4.712302e-01	4.954082e-01	0.000000e+00	1	0.000000e+00
4.712302e-01	4.954082e-01	0.000000e+00	1	0.000000e+00
4.712302e-01	4.954082e-01	0.000000e+00	1	0.000000e+00
4.712302e-01	4.954082e-01	0.000000e+00	1	0.000000e+00
4.712302e-01	4.954082e-01	0.000000e+00	1	0.000000e+00
4.712302e-01	4.954082e-01	0.000000e+00	1	0.000000e+00
4.712302e-01	4.954082e-01	0.000000e+00	1	0.000000e+00
4.712302e-01	4.954082e-01	0.000000e+00	1	0.000000e+00
4.712302e-01	4.954082e-01	0.000000e+00	1	0.000000e+00
4.791667e-01	4.906463e-01	0.000000e+00	1	0.000000e+00
4.712302e-01	4.954082e-01	0.000000e+00	1	0.000000e+00
4.712302e-01	4.954082e-01	0.000000e+00	1	0.000000e+00
4.712302e-01	4.954082e-01	0.000000e+00	1	0.000000e+00
4.712302e-01	4.954082e-01	0.000000e+00	1	0.000000e+00
4.712302e-01	4.954082e-01	0.000000e+00	1	0.000000e+00
4.712302e-01	4.954082e-01	0.000000e+00	1	0.000000e+00
4.712302e-01	4.954082e-01	0.000000e+00	1	0.000000e+00
4.712302e-01	4.954082e-01	0.000000e+00	1	0.000000e+00
4.791667e-01	4.906463e-01	0.000000e+00	1	0.000000e+00
4.712302e-01	4.954082e-01	0.000000e+00	1	0.000000e+00
4.712302e-01	4.954082e-01	0.000000e+00	1	0.000000e+00
4.712302e-01	4.954082e-01	0.000000e+00	1	0.000000e+00
4.712302e-01	4.954082e-01	0.000000e+00	1	0.000000e+00
4.712302e-01	4.954082e-01	0.000000e+00	1	0.000000e+00
4.712302e-01	4.954082e-01	0.000000e+00	1	0.000000e+00
4.712302e-01	4.954082e-01	0.000000e+00	1	0.000000e+00
4.712302e-01	4.954082e-01	0.000000e+00	1	0.000000e+00
4.712302e-01	4.954082e-01	0.000000e+00	1	0.000000e+00
4.791667e-01	4.906463e-01	0.000000e+00	1	0.000000e+00
4.791667e-01	4.906463e-01	0.000000e+00	1	0.000000e+00
4.712302e-01	4.954082e-01	0.000000e+00	1	0.000000e+00
4.712302e-01	4.954082e-01	0.000000e+00	1	0.000000e+00
4.712302e-01	4.954082e-01	0.000000e+00	1	0.000000e+00
4.712302e-01	4.954082e-01	0.000000e+00	1	0.000000e+00
4.712302e-01	4.954082e-01	0.000000e+00	1	0.000000e+00
Total execution time: 208.384
