# This file contains the data of final feasible population (if found)
# of objectives = 2, # of constraints = 0, # of real_var = 0, # of bits of bin_var = 0, constr_violation, rank, crowding_distance
4.533730e-01	5.254535e-01	0.000000e+00	1	1.000000e+14
4.623016e-01	4.977891e-01	0.000000e+00	1	1.000000e+14
4.613095e-01	5.079365e-01	0.000000e+00	1	2.858607e-01
4.573413e-01	5.237528e-01	0.000000e+00	1	2.858607e-01
4.573413e-01	5.237528e-01	0.000000e+00	1	2.222222e-01
4.613095e-01	5.079365e-01	0.000000e+00	1	2.222222e-01
4.573413e-01	5.237528e-01	0.000000e+00	1	2.222222e-01
4.533730e-01	5.254535e-01	0.000000e+00	1	2.222222e-01
4.623016e-01	4.977891e-01	0.000000e+00	1	1.834016e-01
4.613095e-01	5.079365e-01	0.000000e+00	1	1.834016e-01
4.613095e-01	5.079365e-01	0.000000e+00	1	5.555556e-02
4.573413e-01	5.237528e-01	0.000000e+00	1	3.073770e-02
4.533730e-01	5.254535e-01	0.000000e+00	1	3.073770e-02
4.573413e-01	5.237528e-01	0.000000e+00	1	0.000000e+00
4.573413e-01	5.237528e-01	0.000000e+00	1	0.000000e+00
4.533730e-01	5.254535e-01	0.000000e+00	1	0.000000e+00
4.573413e-01	5.237528e-01	0.000000e+00	1	0.000000e+00
4.533730e-01	5.254535e-01	0.000000e+00	1	0.000000e+00
4.573413e-01	5.237528e-01	0.000000e+00	1	0.000000e+00
4.533730e-01	5.254535e-01	0.000000e+00	1	0.000000e+00
4.533730e-01	5.254535e-01	0.000000e+00	1	0.000000e+00
4.533730e-01	5.254535e-01	0.000000e+00	1	0.000000e+00
4.573413e-01	5.237528e-01	0.000000e+00	1	0.000000e+00
4.573413e-01	5.237528e-01	0.000000e+00	1	0.000000e+00
4.573413e-01	5.237528e-01	0.000000e+00	1	0.000000e+00
4.573413e-01	5.237528e-01	0.000000e+00	1	0.000000e+00
4.533730e-01	5.254535e-01	0.000000e+00	1	0.000000e+00
4.533730e-01	5.254535e-01	0.000000e+00	1	0.000000e+00
4.573413e-01	5.237528e-01	0.000000e+00	1	0.000000e+00
4.533730e-01	5.254535e-01	0.000000e+00	1	0.000000e+00
4.573413e-01	5.237528e-01	0.000000e+00	1	0.000000e+00
4.533730e-01	5.254535e-01	0.000000e+00	1	0.000000e+00
4.573413e-01	5.237528e-01	0.000000e+00	1	0.000000e+00
4.533730e-01	5.254535e-01	0.000000e+00	1	0.000000e+00
4.573413e-01	5.237528e-01	0.000000e+00	1	0.000000e+00
4.533730e-01	5.254535e-01	0.000000e+00	1	0.000000e+00
4.573413e-01	5.237528e-01	0.000000e+00	1	0.000000e+00
4.533730e-01	5.254535e-01	0.000000e+00	1	0.000000e+00
4.533730e-01	5.254535e-01	0.000000e+00	1	0.000000e+00
4.533730e-01	5.254535e-01	0.000000e+00	1	0.000000e+00
4.533730e-01	5.254535e-01	0.000000e+00	1	0.000000e+00
4.533730e-01	5.254535e-01	0.000000e+00	1	0.000000e+00
4.573413e-01	5.237528e-01	0.000000e+00	1	0.000000e+00
4.533730e-01	5.254535e-01	0.000000e+00	1	0.000000e+00
4.533730e-01	5.254535e-01	0.000000e+00	1	0.000000e+00
4.533730e-01	5.254535e-01	0.000000e+00	1	0.000000e+00
4.533730e-01	5.254535e-01	0.000000e+00	1	0.000000e+00
4.573413e-01	5.237528e-01	0.000000e+00	1	0.000000e+00
4.533730e-01	5.254535e-01	0.000000e+00	1	0.000000e+00
4.623016e-01	4.977891e-01	0.000000e+00	1	0.000000e+00
4.573413e-01	5.237528e-01	0.000000e+00	1	0.000000e+00
4.573413e-01	5.237528e-01	0.000000e+00	1	0.000000e+00
4.533730e-01	5.254535e-01	0.000000e+00	1	0.000000e+00
4.573413e-01	5.237528e-01	0.000000e+00	1	0.000000e+00
4.573413e-01	5.237528e-01	0.000000e+00	1	0.000000e+00
4.573413e-01	5.237528e-01	0.000000e+00	1	0.000000e+00
4.573413e-01	5.237528e-01	0.000000e+00	1	0.000000e+00
4.533730e-01	5.254535e-01	0.000000e+00	1	0.000000e+00
4.573413e-01	5.237528e-01	0.000000e+00	1	0.000000e+00
4.533730e-01	5.254535e-01	0.000000e+00	1	0.000000e+00
4.533730e-01	5.254535e-01	0.000000e+00	1	0.000000e+00
4.533730e-01	5.254535e-01	0.000000e+00	1	0.000000e+00
4.533730e-01	5.254535e-01	0.000000e+00	1	0.000000e+00
4.573413e-01	5.237528e-01	0.000000e+00	1	0.000000e+00
4.573413e-01	5.237528e-01	0.000000e+00	1	0.000000e+00
4.533730e-01	5.254535e-01	0.000000e+00	1	0.000000e+00
4.573413e-01	5.237528e-01	0.000000e+00	1	0.000000e+00
4.573413e-01	5.237528e-01	0.000000e+00	1	0.000000e+00
4.573413e-01	5.237528e-01	0.000000e+00	1	0.000000e+00
4.533730e-01	5.254535e-01	0.000000e+00	1	0.000000e+00
4.533730e-01	5.254535e-01	0.000000e+00	1	0.000000e+00
4.573413e-01	5.237528e-01	0.000000e+00	1	0.000000e+00
4.573413e-01	5.237528e-01	0.000000e+00	1	0.000000e+00
4.533730e-01	5.254535e-01	0.000000e+00	1	0.000000e+00
4.533730e-01	5.254535e-01	0.000000e+00	1	0.000000e+00
4.533730e-01	5.254535e-01	0.000000e+00	1	0.000000e+00
4.533730e-01	5.254535e-01	0.000000e+00	1	0.000000e+00
4.573413e-01	5.237528e-01	0.000000e+00	1	0.000000e+00
4.573413e-01	5.237528e-01	0.000000e+00	1	0.000000e+00
4.533730e-01	5.254535e-01	0.000000e+00	1	0.000000e+00
4.533730e-01	5.254535e-01	0.000000e+00	1	0.000000e+00
4.533730e-01	5.254535e-01	0.000000e+00	1	0.000000e+00
4.533730e-01	5.254535e-01	0.000000e+00	1	0.000000e+00
4.533730e-01	5.254535e-01	0.000000e+00	1	0.000000e+00
4.573413e-01	5.237528e-01	0.000000e+00	1	0.000000e+00
4.533730e-01	5.254535e-01	0.000000e+00	1	0.000000e+00
4.573413e-01	5.237528e-01	0.000000e+00	1	0.000000e+00
4.533730e-01	5.254535e-01	0.000000e+00	1	0.000000e+00
4.533730e-01	5.254535e-01	0.000000e+00	1	0.000000e+00
4.573413e-01	5.237528e-01	0.000000e+00	1	0.000000e+00
4.573413e-01	5.237528e-01	0.000000e+00	1	0.000000e+00
4.533730e-01	5.254535e-01	0.000000e+00	1	0.000000e+00
4.533730e-01	5.254535e-01	0.000000e+00	1	0.000000e+00
4.533730e-01	5.254535e-01	0.000000e+00	1	0.000000e+00
4.573413e-01	5.237528e-01	0.000000e+00	1	0.000000e+00
4.533730e-01	5.254535e-01	0.000000e+00	1	0.000000e+00
4.573413e-01	5.237528e-01	0.000000e+00	1	0.000000e+00
4.573413e-01	5.237528e-01	0.000000e+00	1	0.000000e+00
4.573413e-01	5.237528e-01	0.000000e+00	1	0.000000e+00
4.573413e-01	5.237528e-01	0.000000e+00	1	0.000000e+00
4.573413e-01	5.237528e-01	0.000000e+00	1	0.000000e+00
4.533730e-01	5.254535e-01	0.000000e+00	1	0.000000e+00
4.533730e-01	5.254535e-01	0.000000e+00	1	0.000000e+00
4.573413e-01	5.237528e-01	0.000000e+00	1	0.000000e+00
4.533730e-01	5.254535e-01	0.000000e+00	1	0.000000e+00
4.533730e-01	5.254535e-01	0.000000e+00	1	0.000000e+00
4.573413e-01	5.237528e-01	0.000000e+00	1	0.000000e+00
4.573413e-01	5.237528e-01	0.000000e+00	1	0.000000e+00
4.573413e-01	5.237528e-01	0.000000e+00	1	0.000000e+00
4.573413e-01	5.237528e-01	0.000000e+00	1	0.000000e+00
4.573413e-01	5.237528e-01	0.000000e+00	1	0.000000e+00
4.573413e-01	5.237528e-01	0.000000e+00	1	0.000000e+00
4.573413e-01	5.237528e-01	0.000000e+00	1	0.000000e+00
4.533730e-01	5.254535e-01	0.000000e+00	1	0.000000e+00
4.573413e-01	5.237528e-01	0.000000e+00	1	0.000000e+00
4.573413e-01	5.237528e-01	0.000000e+00	1	0.000000e+00
4.533730e-01	5.254535e-01	0.000000e+00	1	0.000000e+00
4.573413e-01	5.237528e-01	0.000000e+00	1	0.000000e+00
4.573413e-01	5.237528e-01	0.000000e+00	1	0.000000e+00
4.533730e-01	5.254535e-01	0.000000e+00	1	0.000000e+00
4.533730e-01	5.254535e-01	0.000000e+00	1	0.000000e+00
4.573413e-01	5.237528e-01	0.000000e+00	1	0.000000e+00
4.533730e-01	5.254535e-01	0.000000e+00	1	0.000000e+00
4.533730e-01	5.254535e-01	0.000000e+00	1	0.000000e+00
4.573413e-01	5.237528e-01	0.000000e+00	1	0.000000e+00
4.573413e-01	5.237528e-01	0.000000e+00	1	0.000000e+00
4.573413e-01	5.237528e-01	0.000000e+00	1	0.000000e+00
4.573413e-01	5.237528e-01	0.000000e+00	1	0.000000e+00
4.573413e-01	5.237528e-01	0.000000e+00	1	0.000000e+00
4.573413e-01	5.237528e-01	0.000000e+00	1	0.000000e+00
4.613095e-01	5.079365e-01	0.000000e+00	1	0.000000e+00
4.573413e-01	5.237528e-01	0.000000e+00	1	0.000000e+00
4.533730e-01	5.254535e-01	0.000000e+00	1	0.000000e+00
4.573413e-01	5.237528e-01	0.000000e+00	1	0.000000e+00
4.533730e-01	5.254535e-01	0.000000e+00	1	0.000000e+00
4.533730e-01	5.254535e-01	0.000000e+00	1	0.000000e+00
4.533730e-01	5.254535e-01	0.000000e+00	1	0.000000e+00
4.533730e-01	5.254535e-01	0.000000e+00	1	0.000000e+00
4.533730e-01	5.254535e-01	0.000000e+00	1	0.000000e+00
4.573413e-01	5.237528e-01	0.000000e+00	1	0.000000e+00
4.533730e-01	5.254535e-01	0.000000e+00	1	0.000000e+00
4.533730e-01	5.254535e-01	0.000000e+00	1	0.000000e+00
4.533730e-01	5.254535e-01	0.000000e+00	1	0.000000e+00
4.533730e-01	5.254535e-01	0.000000e+00	1	0.000000e+00
4.573413e-01	5.237528e-01	0.000000e+00	1	0.000000e+00
4.533730e-01	5.254535e-01	0.000000e+00	1	0.000000e+00
4.573413e-01	5.237528e-01	0.000000e+00	1	0.000000e+00
4.573413e-01	5.237528e-01	0.000000e+00	1	0.000000e+00
4.573413e-01	5.237528e-01	0.000000e+00	1	0.000000e+00
4.573413e-01	5.237528e-01	0.000000e+00	1	0.000000e+00
4.573413e-01	5.237528e-01	0.000000e+00	1	0.000000e+00
4.573413e-01	5.237528e-01	0.000000e+00	1	0.000000e+00
4.573413e-01	5.237528e-01	0.000000e+00	1	0.000000e+00
4.573413e-01	5.237528e-01	0.000000e+00	1	0.000000e+00
4.573413e-01	5.237528e-01	0.000000e+00	1	0.000000e+00
4.573413e-01	5.237528e-01	0.000000e+00	1	0.000000e+00
4.573413e-01	5.237528e-01	0.000000e+00	1	0.000000e+00
4.573413e-01	5.237528e-01	0.000000e+00	1	0.000000e+00
4.533730e-01	5.254535e-01	0.000000e+00	1	0.000000e+00
4.573413e-01	5.237528e-01	0.000000e+00	1	0.000000e+00
4.533730e-01	5.254535e-01	0.000000e+00	1	0.000000e+00
4.533730e-01	5.254535e-01	0.000000e+00	1	0.000000e+00
4.573413e-01	5.237528e-01	0.000000e+00	1	0.000000e+00
4.573413e-01	5.237528e-01	0.000000e+00	1	0.000000e+00
4.533730e-01	5.254535e-01	0.000000e+00	1	0.000000e+00
4.533730e-01	5.254535e-01	0.000000e+00	1	0.000000e+00
4.573413e-01	5.237528e-01	0.000000e+00	1	0.000000e+00
4.573413e-01	5.237528e-01	0.000000e+00	1	0.000000e+00
4.613095e-01	5.079365e-01	0.000000e+00	1	0.000000e+00
4.573413e-01	5.237528e-01	0.000000e+00	1	0.000000e+00
4.573413e-01	5.237528e-01	0.000000e+00	1	0.000000e+00
4.573413e-01	5.237528e-01	0.000000e+00	1	0.000000e+00
4.573413e-01	5.237528e-01	0.000000e+00	1	0.000000e+00
4.533730e-01	5.254535e-01	0.000000e+00	1	0.000000e+00
4.533730e-01	5.254535e-01	0.000000e+00	1	0.000000e+00
4.533730e-01	5.254535e-01	0.000000e+00	1	0.000000e+00
4.573413e-01	5.237528e-01	0.000000e+00	1	0.000000e+00
4.533730e-01	5.254535e-01	0.000000e+00	1	0.000000e+00
4.573413e-01	5.237528e-01	0.000000e+00	1	0.000000e+00
4.533730e-01	5.254535e-01	0.000000e+00	1	0.000000e+00
4.573413e-01	5.237528e-01	0.000000e+00	1	0.000000e+00
4.573413e-01	5.237528e-01	0.000000e+00	1	0.000000e+00
4.573413e-01	5.237528e-01	0.000000e+00	1	0.000000e+00
4.573413e-01	5.237528e-01	0.000000e+00	1	0.000000e+00
4.573413e-01	5.237528e-01	0.000000e+00	1	0.000000e+00
4.533730e-01	5.254535e-01	0.000000e+00	1	0.000000e+00
4.573413e-01	5.237528e-01	0.000000e+00	1	0.000000e+00
4.533730e-01	5.254535e-01	0.000000e+00	1	0.000000e+00
4.573413e-01	5.237528e-01	0.000000e+00	1	0.000000e+00
4.533730e-01	5.254535e-01	0.000000e+00	1	0.000000e+00
4.573413e-01	5.237528e-01	0.000000e+00	1	0.000000e+00
4.573413e-01	5.237528e-01	0.000000e+00	1	0.000000e+00
4.623016e-01	4.977891e-01	0.000000e+00	1	0.000000e+00
4.573413e-01	5.237528e-01	0.000000e+00	1	0.000000e+00
4.573413e-01	5.237528e-01	0.000000e+00	1	0.000000e+00
4.573413e-01	5.237528e-01	0.000000e+00	1	0.000000e+00
4.573413e-01	5.237528e-01	0.000000e+00	1	0.000000e+00
4.533730e-01	5.254535e-01	0.000000e+00	1	0.000000e+00
4.573413e-01	5.237528e-01	0.000000e+00	1	0.000000e+00
4.533730e-01	5.254535e-01	0.000000e+00	1	0.000000e+00
4.533730e-01	5.254535e-01	0.000000e+00	1	0.000000e+00
4.573413e-01	5.237528e-01	0.000000e+00	1	0.000000e+00
4.573413e-01	5.237528e-01	0.000000e+00	1	0.000000e+00
4.533730e-01	5.254535e-01	0.000000e+00	1	0.000000e+00
4.533730e-01	5.254535e-01	0.000000e+00	1	0.000000e+00
4.573413e-01	5.237528e-01	0.000000e+00	1	0.000000e+00
4.573413e-01	5.237528e-01	0.000000e+00	1	0.000000e+00
4.533730e-01	5.254535e-01	0.000000e+00	1	0.000000e+00
4.573413e-01	5.237528e-01	0.000000e+00	1	0.000000e+00
4.573413e-01	5.237528e-01	0.000000e+00	1	0.000000e+00
4.533730e-01	5.254535e-01	0.000000e+00	1	0.000000e+00
4.533730e-01	5.254535e-01	0.000000e+00	1	0.000000e+00
4.573413e-01	5.237528e-01	0.000000e+00	1	0.000000e+00
4.533730e-01	5.254535e-01	0.000000e+00	1	0.000000e+00
4.573413e-01	5.237528e-01	0.000000e+00	1	0.000000e+00
4.533730e-01	5.254535e-01	0.000000e+00	1	0.000000e+00
4.573413e-01	5.237528e-01	0.000000e+00	1	0.000000e+00
4.533730e-01	5.254535e-01	0.000000e+00	1	0.000000e+00
4.573413e-01	5.237528e-01	0.000000e+00	1	0.000000e+00
4.573413e-01	5.237528e-01	0.000000e+00	1	0.000000e+00
4.533730e-01	5.254535e-01	0.000000e+00	1	0.000000e+00
4.533730e-01	5.254535e-01	0.000000e+00	1	0.000000e+00
4.533730e-01	5.254535e-01	0.000000e+00	1	0.000000e+00
4.573413e-01	5.237528e-01	0.000000e+00	1	0.000000e+00
4.573413e-01	5.237528e-01	0.000000e+00	1	0.000000e+00
4.573413e-01	5.237528e-01	0.000000e+00	1	0.000000e+00
4.573413e-01	5.237528e-01	0.000000e+00	1	0.000000e+00
4.573413e-01	5.237528e-01	0.000000e+00	1	0.000000e+00
4.533730e-01	5.254535e-01	0.000000e+00	1	0.000000e+00
4.533730e-01	5.254535e-01	0.000000e+00	1	0.000000e+00
4.573413e-01	5.237528e-01	0.000000e+00	1	0.000000e+00
4.573413e-01	5.237528e-01	0.000000e+00	1	0.000000e+00
4.533730e-01	5.254535e-01	0.000000e+00	1	0.000000e+00
4.573413e-01	5.237528e-01	0.000000e+00	1	0.000000e+00
4.573413e-01	5.237528e-01	0.000000e+00	1	0.000000e+00
4.533730e-01	5.254535e-01	0.000000e+00	1	0.000000e+00
4.573413e-01	5.237528e-01	0.000000e+00	1	0.000000e+00
4.533730e-01	5.254535e-01	0.000000e+00	1	0.000000e+00
4.533730e-01	5.254535e-01	0.000000e+00	1	0.000000e+00
4.573413e-01	5.237528e-01	0.000000e+00	1	0.000000e+00
4.533730e-01	5.254535e-01	0.000000e+00	1	0.000000e+00
4.533730e-01	5.254535e-01	0.000000e+00	1	0.000000e+00
4.573413e-01	5.237528e-01	0.000000e+00	1	0.000000e+00
4.533730e-01	5.254535e-01	0.000000e+00	1	0.000000e+00
4.573413e-01	5.237528e-01	0.000000e+00	1	0.000000e+00
4.573413e-01	5.237528e-01	0.000000e+00	1	0.000000e+00
4.533730e-01	5.254535e-01	0.000000e+00	1	0.000000e+00
4.533730e-01	5.254535e-01	0.000000e+00	1	0.000000e+00
4.533730e-01	5.254535e-01	0.000000e+00	1	0.000000e+00
4.573413e-01	5.237528e-01	0.000000e+00	1	0.000000e+00
4.573413e-01	5.237528e-01	0.000000e+00	1	0.000000e+00
4.573413e-01	5.237528e-01	0.000000e+00	1	0.000000e+00
4.573413e-01	5.237528e-01	0.000000e+00	1	0.000000e+00
4.573413e-01	5.237528e-01	0.000000e+00	1	0.000000e+00
4.533730e-01	5.254535e-01	0.000000e+00	1	0.000000e+00
4.573413e-01	5.237528e-01	0.000000e+00	1	0.000000e+00
4.533730e-01	5.254535e-01	0.000000e+00	1	0.000000e+00
4.573413e-01	5.237528e-01	0.000000e+00	1	0.000000e+00
4.573413e-01	5.237528e-01	0.000000e+00	1	0.000000e+00
4.573413e-01	5.237528e-01	0.000000e+00	1	0.000000e+00
4.533730e-01	5.254535e-01	0.000000e+00	1	0.000000e+00
4.573413e-01	5.237528e-01	0.000000e+00	1	0.000000e+00
4.533730e-01	5.254535e-01	0.000000e+00	1	0.000000e+00
4.533730e-01	5.254535e-01	0.000000e+00	1	0.000000e+00
4.573413e-01	5.237528e-01	0.000000e+00	1	0.000000e+00
4.533730e-01	5.254535e-01	0.000000e+00	1	0.000000e+00
4.573413e-01	5.237528e-01	0.000000e+00	1	0.000000e+00
4.533730e-01	5.254535e-01	0.000000e+00	1	0.000000e+00
4.573413e-01	5.237528e-01	0.000000e+00	1	0.000000e+00
4.533730e-01	5.254535e-01	0.000000e+00	1	0.000000e+00
4.533730e-01	5.254535e-01	0.000000e+00	1	0.000000e+00
4.573413e-01	5.237528e-01	0.000000e+00	1	0.000000e+00
4.573413e-01	5.237528e-01	0.000000e+00	1	0.000000e+00
4.533730e-01	5.254535e-01	0.000000e+00	1	0.000000e+00
4.533730e-01	5.254535e-01	0.000000e+00	1	0.000000e+00
4.533730e-01	5.254535e-01	0.000000e+00	1	0.000000e+00
4.573413e-01	5.237528e-01	0.000000e+00	1	0.000000e+00
4.573413e-01	5.237528e-01	0.000000e+00	1	0.000000e+00
4.533730e-01	5.254535e-01	0.000000e+00	1	0.000000e+00
4.573413e-01	5.237528e-01	0.000000e+00	1	0.000000e+00
4.533730e-01	5.254535e-01	0.000000e+00	1	0.000000e+00
4.533730e-01	5.254535e-01	0.000000e+00	1	0.000000e+00
4.573413e-01	5.237528e-01	0.000000e+00	1	0.000000e+00
4.533730e-01	5.254535e-01	0.000000e+00	1	0.000000e+00
4.533730e-01	5.254535e-01	0.000000e+00	1	0.000000e+00
4.533730e-01	5.254535e-01	0.000000e+00	1	0.000000e+00
4.533730e-01	5.254535e-01	0.000000e+00	1	0.000000e+00
4.533730e-01	5.254535e-01	0.000000e+00	1	0.000000e+00
4.573413e-01	5.237528e-01	0.000000e+00	1	0.000000e+00
4.573413e-01	5.237528e-01	0.000000e+00	1	0.000000e+00
4.573413e-01	5.237528e-01	0.000000e+00	1	0.000000e+00
4.573413e-01	5.237528e-01	0.000000e+00	1	0.000000e+00
4.533730e-01	5.254535e-01	0.000000e+00	1	0.000000e+00
4.533730e-01	5.254535e-01	0.000000e+00	1	0.000000e+00
4.533730e-01	5.254535e-01	0.000000e+00	1	0.000000e+00
4.533730e-01	5.254535e-01	0.000000e+00	1	0.000000e+00
4.573413e-01	5.237528e-01	0.000000e+00	1	0.000000e+00
4.573413e-01	5.237528e-01	0.000000e+00	1	0.000000e+00
4.533730e-01	5.254535e-01	0.000000e+00	1	0.000000e+00
4.573413e-01	5.237528e-01	0.000000e+00	1	0.000000e+00
4.533730e-01	5.254535e-01	0.000000e+00	1	0.000000e+00
4.533730e-01	5.254535e-01	0.000000e+00	1	0.000000e+00
4.573413e-01	5.237528e-01	0.000000e+00	1	0.000000e+00
4.533730e-01	5.254535e-01	0.000000e+00	1	0.000000e+00
4.533730e-01	5.254535e-01	0.000000e+00	1	0.000000e+00
4.533730e-01	5.254535e-01	0.000000e+00	1	0.000000e+00
4.533730e-01	5.254535e-01	0.000000e+00	1	0.000000e+00
4.533730e-01	5.254535e-01	0.000000e+00	1	0.000000e+00
4.533730e-01	5.254535e-01	0.000000e+00	1	0.000000e+00
4.533730e-01	5.254535e-01	0.000000e+00	1	0.000000e+00
4.533730e-01	5.254535e-01	0.000000e+00	1	0.000000e+00
4.573413e-01	5.237528e-01	0.000000e+00	1	0.000000e+00
4.533730e-01	5.254535e-01	0.000000e+00	1	0.000000e+00
4.533730e-01	5.254535e-01	0.000000e+00	1	0.000000e+00
4.573413e-01	5.237528e-01	0.000000e+00	1	0.000000e+00
4.533730e-01	5.254535e-01	0.000000e+00	1	0.000000e+00
4.573413e-01	5.237528e-01	0.000000e+00	1	0.000000e+00
4.573413e-01	5.237528e-01	0.000000e+00	1	0.000000e+00
4.533730e-01	5.254535e-01	0.000000e+00	1	0.000000e+00
4.533730e-01	5.254535e-01	0.000000e+00	1	0.000000e+00
4.533730e-01	5.254535e-01	0.000000e+00	1	0.000000e+00
4.573413e-01	5.237528e-01	0.000000e+00	1	0.000000e+00
4.533730e-01	5.254535e-01	0.000000e+00	1	0.000000e+00
4.573413e-01	5.237528e-01	0.000000e+00	1	0.000000e+00
4.573413e-01	5.237528e-01	0.000000e+00	1	0.000000e+00
4.533730e-01	5.254535e-01	0.000000e+00	1	0.000000e+00
4.573413e-01	5.237528e-01	0.000000e+00	1	0.000000e+00
4.573413e-01	5.237528e-01	0.000000e+00	1	0.000000e+00
4.573413e-01	5.237528e-01	0.000000e+00	1	0.000000e+00
4.573413e-01	5.237528e-01	0.000000e+00	1	0.000000e+00
4.573413e-01	5.237528e-01	0.000000e+00	1	0.000000e+00
4.573413e-01	5.237528e-01	0.000000e+00	1	0.000000e+00
4.533730e-01	5.254535e-01	0.000000e+00	1	0.000000e+00
4.533730e-01	5.254535e-01	0.000000e+00	1	0.000000e+00
4.533730e-01	5.254535e-01	0.000000e+00	1	0.000000e+00
4.573413e-01	5.237528e-01	0.000000e+00	1	0.000000e+00
4.533730e-01	5.254535e-01	0.000000e+00	1	0.000000e+00
4.533730e-01	5.254535e-01	0.000000e+00	1	0.000000e+00
4.533730e-01	5.254535e-01	0.000000e+00	1	0.000000e+00
4.533730e-01	5.254535e-01	0.000000e+00	1	0.000000e+00
4.573413e-01	5.237528e-01	0.000000e+00	1	0.000000e+00
4.573413e-01	5.237528e-01	0.000000e+00	1	0.000000e+00
4.533730e-01	5.254535e-01	0.000000e+00	1	0.000000e+00
4.573413e-01	5.237528e-01	0.000000e+00	1	0.000000e+00
4.533730e-01	5.254535e-01	0.000000e+00	1	0.000000e+00
4.573413e-01	5.237528e-01	0.000000e+00	1	0.000000e+00
4.533730e-01	5.254535e-01	0.000000e+00	1	0.000000e+00
4.573413e-01	5.237528e-01	0.000000e+00	1	0.000000e+00
4.573413e-01	5.237528e-01	0.000000e+00	1	0.000000e+00
4.533730e-01	5.254535e-01	0.000000e+00	1	0.000000e+00
4.533730e-01	5.254535e-01	0.000000e+00	1	0.000000e+00
4.533730e-01	5.254535e-01	0.000000e+00	1	0.000000e+00
4.573413e-01	5.237528e-01	0.000000e+00	1	0.000000e+00
4.573413e-01	5.237528e-01	0.000000e+00	1	0.000000e+00
4.573413e-01	5.237528e-01	0.000000e+00	1	0.000000e+00
4.573413e-01	5.237528e-01	0.000000e+00	1	0.000000e+00
4.573413e-01	5.237528e-01	0.000000e+00	1	0.000000e+00
4.573413e-01	5.237528e-01	0.000000e+00	1	0.000000e+00
4.533730e-01	5.254535e-01	0.000000e+00	1	0.000000e+00
4.533730e-01	5.254535e-01	0.000000e+00	1	0.000000e+00
4.573413e-01	5.237528e-01	0.000000e+00	1	0.000000e+00
4.533730e-01	5.254535e-01	0.000000e+00	1	0.000000e+00
4.573413e-01	5.237528e-01	0.000000e+00	1	0.000000e+00
4.573413e-01	5.237528e-01	0.000000e+00	1	0.000000e+00
4.573413e-01	5.237528e-01	0.000000e+00	1	0.000000e+00
4.573413e-01	5.237528e-01	0.000000e+00	1	0.000000e+00
4.573413e-01	5.237528e-01	0.000000e+00	1	0.000000e+00
4.573413e-01	5.237528e-01	0.000000e+00	1	0.000000e+00
4.533730e-01	5.254535e-01	0.000000e+00	1	0.000000e+00
4.533730e-01	5.254535e-01	0.000000e+00	1	0.000000e+00
4.533730e-01	5.254535e-01	0.000000e+00	1	0.000000e+00
4.573413e-01	5.237528e-01	0.000000e+00	1	0.000000e+00
4.573413e-01	5.237528e-01	0.000000e+00	1	0.000000e+00
4.573413e-01	5.237528e-01	0.000000e+00	1	0.000000e+00
4.573413e-01	5.237528e-01	0.000000e+00	1	0.000000e+00
4.573413e-01	5.237528e-01	0.000000e+00	1	0.000000e+00
4.613095e-01	5.079365e-01	0.000000e+00	1	0.000000e+00
4.533730e-01	5.254535e-01	0.000000e+00	1	0.000000e+00
4.573413e-01	5.237528e-01	0.000000e+00	1	0.000000e+00
4.573413e-01	5.237528e-01	0.000000e+00	1	0.000000e+00
4.573413e-01	5.237528e-01	0.000000e+00	1	0.000000e+00
4.533730e-01	5.254535e-01	0.000000e+00	1	0.000000e+00
4.533730e-01	5.254535e-01	0.000000e+00	1	0.000000e+00
4.573413e-01	5.237528e-01	0.000000e+00	1	0.000000e+00
4.573413e-01	5.237528e-01	0.000000e+00	1	0.000000e+00
4.533730e-01	5.254535e-01	0.000000e+00	1	0.000000e+00
4.573413e-01	5.237528e-01	0.000000e+00	1	0.000000e+00
4.573413e-01	5.237528e-01	0.000000e+00	1	0.000000e+00
4.573413e-01	5.237528e-01	0.000000e+00	1	0.000000e+00
4.533730e-01	5.254535e-01	0.000000e+00	1	0.000000e+00
4.573413e-01	5.237528e-01	0.000000e+00	1	0.000000e+00
4.573413e-01	5.237528e-01	0.000000e+00	1	0.000000e+00
4.573413e-01	5.237528e-01	0.000000e+00	1	0.000000e+00
4.573413e-01	5.237528e-01	0.000000e+00	1	0.000000e+00
4.573413e-01	5.237528e-01	0.000000e+00	1	0.000000e+00
4.533730e-01	5.254535e-01	0.000000e+00	1	0.000000e+00
4.533730e-01	5.254535e-01	0.000000e+00	1	0.000000e+00
4.533730e-01	5.254535e-01	0.000000e+00	1	0.000000e+00
4.573413e-01	5.237528e-01	0.000000e+00	1	0.000000e+00
4.573413e-01	5.237528e-01	0.000000e+00	1	0.000000e+00
4.533730e-01	5.254535e-01	0.000000e+00	1	0.000000e+00
4.533730e-01	5.254535e-01	0.000000e+00	1	0.000000e+00
4.533730e-01	5.254535e-01	0.000000e+00	1	0.000000e+00
4.533730e-01	5.254535e-01	0.000000e+00	1	0.000000e+00
4.573413e-01	5.237528e-01	0.000000e+00	1	0.000000e+00
4.613095e-01	5.079365e-01	0.000000e+00	1	0.000000e+00
4.573413e-01	5.237528e-01	0.000000e+00	1	0.000000e+00
4.573413e-01	5.237528e-01	0.000000e+00	1	0.000000e+00
4.573413e-01	5.237528e-01	0.000000e+00	1	0.000000e+00
4.573413e-01	5.237528e-01	0.000000e+00	1	0.000000e+00
4.573413e-01	5.237528e-01	0.000000e+00	1	0.000000e+00
4.573413e-01	5.237528e-01	0.000000e+00	1	0.000000e+00
4.533730e-01	5.254535e-01	0.000000e+00	1	0.000000e+00
4.533730e-01	5.254535e-01	0.000000e+00	1	0.000000e+00
4.573413e-01	5.237528e-01	0.000000e+00	1	0.000000e+00
4.533730e-01	5.254535e-01	0.000000e+00	1	0.000000e+00
4.533730e-01	5.254535e-01	0.000000e+00	1	0.000000e+00
4.573413e-01	5.237528e-01	0.000000e+00	1	0.000000e+00
4.533730e-01	5.254535e-01	0.000000e+00	1	0.000000e+00
4.613095e-01	5.079365e-01	0.000000e+00	1	0.000000e+00
4.573413e-01	5.237528e-01	0.000000e+00	1	0.000000e+00
4.573413e-01	5.237528e-01	0.000000e+00	1	0.000000e+00
4.573413e-01	5.237528e-01	0.000000e+00	1	0.000000e+00
4.533730e-01	5.254535e-01	0.000000e+00	1	0.000000e+00
4.533730e-01	5.254535e-01	0.000000e+00	1	0.000000e+00
4.533730e-01	5.254535e-01	0.000000e+00	1	0.000000e+00
4.533730e-01	5.254535e-01	0.000000e+00	1	0.000000e+00
4.533730e-01	5.254535e-01	0.000000e+00	1	0.000000e+00
4.533730e-01	5.254535e-01	0.000000e+00	1	0.000000e+00
4.533730e-01	5.254535e-01	0.000000e+00	1	0.000000e+00
4.533730e-01	5.254535e-01	0.000000e+00	1	0.000000e+00
4.533730e-01	5.254535e-01	0.000000e+00	1	0.000000e+00
4.573413e-01	5.237528e-01	0.000000e+00	1	0.000000e+00
4.573413e-01	5.237528e-01	0.000000e+00	1	0.000000e+00
4.533730e-01	5.254535e-01	0.000000e+00	1	0.000000e+00
4.573413e-01	5.237528e-01	0.000000e+00	1	0.000000e+00
4.573413e-01	5.237528e-01	0.000000e+00	1	0.000000e+00
4.533730e-01	5.254535e-01	0.000000e+00	1	0.000000e+00
4.573413e-01	5.237528e-01	0.000000e+00	1	0.000000e+00
4.613095e-01	5.079365e-01	0.000000e+00	1	0.000000e+00
4.573413e-01	5.237528e-01	0.000000e+00	1	0.000000e+00
4.573413e-01	5.237528e-01	0.000000e+00	1	0.000000e+00
4.573413e-01	5.237528e-01	0.000000e+00	1	0.000000e+00
4.573413e-01	5.237528e-01	0.000000e+00	1	0.000000e+00
4.573413e-01	5.237528e-01	0.000000e+00	1	0.000000e+00
4.533730e-01	5.254535e-01	0.000000e+00	1	0.000000e+00
4.573413e-01	5.237528e-01	0.000000e+00	1	0.000000e+00
4.533730e-01	5.254535e-01	0.000000e+00	1	0.000000e+00
4.573413e-01	5.237528e-01	0.000000e+00	1	0.000000e+00
4.573413e-01	5.237528e-01	0.000000e+00	1	0.000000e+00
4.573413e-01	5.237528e-01	0.000000e+00	1	0.000000e+00
4.573413e-01	5.237528e-01	0.000000e+00	1	0.000000e+00
4.533730e-01	5.254535e-01	0.000000e+00	1	0.000000e+00
4.533730e-01	5.254535e-01	0.000000e+00	1	0.000000e+00
4.573413e-01	5.237528e-01	0.000000e+00	1	0.000000e+00
4.533730e-01	5.254535e-01	0.000000e+00	1	0.000000e+00
4.573413e-01	5.237528e-01	0.000000e+00	1	0.000000e+00
4.573413e-01	5.237528e-01	0.000000e+00	1	0.000000e+00
4.533730e-01	5.254535e-01	0.000000e+00	1	0.000000e+00
4.573413e-01	5.237528e-01	0.000000e+00	1	0.000000e+00
4.533730e-01	5.254535e-01	0.000000e+00	1	0.000000e+00
4.573413e-01	5.237528e-01	0.000000e+00	1	0.000000e+00
4.533730e-01	5.254535e-01	0.000000e+00	1	0.000000e+00
4.533730e-01	5.254535e-01	0.000000e+00	1	0.000000e+00
4.533730e-01	5.254535e-01	0.000000e+00	1	0.000000e+00
4.533730e-01	5.254535e-01	0.000000e+00	1	0.000000e+00
4.573413e-01	5.237528e-01	0.000000e+00	1	0.000000e+00
4.573413e-01	5.237528e-01	0.000000e+00	1	0.000000e+00
4.613095e-01	5.079365e-01	0.000000e+00	1	0.000000e+00
4.533730e-01	5.254535e-01	0.000000e+00	1	0.000000e+00
4.533730e-01	5.254535e-01	0.000000e+00	1	0.000000e+00
4.573413e-01	5.237528e-01	0.000000e+00	1	0.000000e+00
4.533730e-01	5.254535e-01	0.000000e+00	1	0.000000e+00
4.533730e-01	5.254535e-01	0.000000e+00	1	0.000000e+00
4.573413e-01	5.237528e-01	0.000000e+00	1	0.000000e+00
4.573413e-01	5.237528e-01	0.000000e+00	1	0.000000e+00
4.533730e-01	5.254535e-01	0.000000e+00	1	0.000000e+00
4.573413e-01	5.237528e-01	0.000000e+00	1	0.000000e+00
4.533730e-01	5.254535e-01	0.000000e+00	1	0.000000e+00
4.533730e-01	5.254535e-01	0.000000e+00	1	0.000000e+00
4.573413e-01	5.237528e-01	0.000000e+00	1	0.000000e+00
4.613095e-01	5.079365e-01	0.000000e+00	1	0.000000e+00
4.533730e-01	5.254535e-01	0.000000e+00	1	0.000000e+00
4.573413e-01	5.237528e-01	0.000000e+00	1	0.000000e+00
4.573413e-01	5.237528e-01	0.000000e+00	1	0.000000e+00
4.573413e-01	5.237528e-01	0.000000e+00	1	0.000000e+00
4.533730e-01	5.254535e-01	0.000000e+00	1	0.000000e+00
4.573413e-01	5.237528e-01	0.000000e+00	1	0.000000e+00
4.573413e-01	5.237528e-01	0.000000e+00	1	0.000000e+00
4.533730e-01	5.254535e-01	0.000000e+00	1	0.000000e+00
4.573413e-01	5.237528e-01	0.000000e+00	1	0.000000e+00
4.573413e-01	5.237528e-01	0.000000e+00	1	0.000000e+00
4.573413e-01	5.237528e-01	0.000000e+00	1	0.000000e+00
4.533730e-01	5.254535e-01	0.000000e+00	1	0.000000e+00
4.573413e-01	5.237528e-01	0.000000e+00	1	0.000000e+00
4.533730e-01	5.254535e-01	0.000000e+00	1	0.000000e+00
4.573413e-01	5.237528e-01	0.000000e+00	1	0.000000e+00
4.533730e-01	5.254535e-01	0.000000e+00	1	0.000000e+00
4.533730e-01	5.254535e-01	0.000000e+00	1	0.000000e+00
4.533730e-01	5.254535e-01	0.000000e+00	1	0.000000e+00
Total execution time: 300.621
