# This file contains the data of final feasible population (if found)
# of objectives = 2, # of constraints = 0, # of real_var = 0, # of bits of bin_var = 0, constr_violation, rank, crowding_distance
1.170000e+02	2.400000e+02	0.000000e+00	1	1.000000e+14
2.030000e+02	1.310000e+02	0.000000e+00	1	1.000000e+14
2.000000e+02	1.330000e+02	0.000000e+00	1	3.243013e-02
1.900000e+02	1.420000e+02	0.000000e+00	1	3.120333e-02
1.230000e+02	2.250000e+02	0.000000e+00	1	3.120333e-02
1.510000e+02	1.820000e+02	0.000000e+00	1	2.997653e-02
1.900000e+02	1.420000e+02	0.000000e+00	1	2.906977e-02
1.850000e+02	1.450000e+02	0.000000e+00	1	2.906977e-02
1.280000e+02	2.170000e+02	0.000000e+00	1	2.874973e-02
1.190000e+02	2.350000e+02	0.000000e+00	1	2.416258e-02
1.740000e+02	1.580000e+02	0.000000e+00	1	2.416258e-02
1.370000e+02	1.990000e+02	0.000000e+00	1	2.325581e-02
1.410000e+02	1.960000e+02	0.000000e+00	1	2.325581e-02
1.610000e+02	1.720000e+02	0.000000e+00	1	2.325581e-02
1.650000e+02	1.710000e+02	0.000000e+00	1	2.325581e-02
1.960000e+02	1.360000e+02	0.000000e+00	1	2.325581e-02
1.190000e+02	2.350000e+02	0.000000e+00	1	2.293578e-02
1.690000e+02	1.620000e+02	0.000000e+00	1	2.293578e-02
1.170000e+02	2.400000e+02	0.000000e+00	1	2.293578e-02
1.290000e+02	2.120000e+02	0.000000e+00	1	2.293578e-02
1.660000e+02	1.670000e+02	0.000000e+00	1	2.293578e-02
1.800000e+02	1.530000e+02	0.000000e+00	1	1.834862e-02
1.850000e+02	1.450000e+02	0.000000e+00	1	1.834862e-02
1.320000e+02	2.060000e+02	0.000000e+00	1	1.834862e-02
1.830000e+02	1.490000e+02	0.000000e+00	1	1.834862e-02
1.770000e+02	1.540000e+02	0.000000e+00	1	1.834862e-02
1.830000e+02	1.490000e+02	0.000000e+00	1	1.834862e-02
1.660000e+02	1.670000e+02	0.000000e+00	1	1.834862e-02
1.230000e+02	2.250000e+02	0.000000e+00	1	1.834862e-02
1.210000e+02	2.290000e+02	0.000000e+00	1	1.834862e-02
1.650000e+02	1.710000e+02	0.000000e+00	1	1.834862e-02
1.200000e+02	2.310000e+02	0.000000e+00	1	1.834862e-02
1.300000e+02	2.100000e+02	0.000000e+00	1	1.834862e-02
1.490000e+02	1.860000e+02	0.000000e+00	1	1.834862e-02
2.000000e+02	1.330000e+02	0.000000e+00	1	1.744186e-02
1.930000e+02	1.400000e+02	0.000000e+00	1	1.744186e-02
1.740000e+02	1.580000e+02	0.000000e+00	1	1.744186e-02
1.770000e+02	1.540000e+02	0.000000e+00	1	1.744186e-02
1.700000e+02	1.610000e+02	0.000000e+00	1	1.744186e-02
1.770000e+02	1.540000e+02	0.000000e+00	1	1.744186e-02
1.660000e+02	1.670000e+02	0.000000e+00	1	1.744186e-02
1.730000e+02	1.590000e+02	0.000000e+00	1	1.744186e-02
1.570000e+02	1.770000e+02	0.000000e+00	1	1.744186e-02
1.410000e+02	1.960000e+02	0.000000e+00	1	1.744186e-02
1.440000e+02	1.930000e+02	0.000000e+00	1	1.744186e-02
1.260000e+02	2.220000e+02	0.000000e+00	1	1.744186e-02
1.800000e+02	1.530000e+02	0.000000e+00	1	1.744186e-02
1.830000e+02	1.490000e+02	0.000000e+00	1	1.744186e-02
2.030000e+02	1.310000e+02	0.000000e+00	1	1.744186e-02
1.800000e+02	1.530000e+02	0.000000e+00	1	1.744186e-02
1.540000e+02	1.780000e+02	0.000000e+00	1	1.744186e-02
1.690000e+02	1.620000e+02	0.000000e+00	1	1.744186e-02
1.510000e+02	1.820000e+02	0.000000e+00	1	1.621506e-02
1.290000e+02	2.120000e+02	0.000000e+00	1	1.498827e-02
1.370000e+02	1.990000e+02	0.000000e+00	1	1.376147e-02
1.930000e+02	1.400000e+02	0.000000e+00	1	1.376147e-02
1.530000e+02	1.810000e+02	0.000000e+00	1	1.376147e-02
1.490000e+02	1.860000e+02	0.000000e+00	1	1.376147e-02
1.960000e+02	1.360000e+02	0.000000e+00	1	1.376147e-02
1.270000e+02	2.190000e+02	0.000000e+00	1	1.376147e-02
1.540000e+02	1.780000e+02	0.000000e+00	1	1.376147e-02
1.260000e+02	2.220000e+02	0.000000e+00	1	1.376147e-02
1.470000e+02	1.890000e+02	0.000000e+00	1	1.376147e-02
1.410000e+02	1.960000e+02	0.000000e+00	1	1.376147e-02
2.000000e+02	1.330000e+02	0.000000e+00	1	1.376147e-02
1.410000e+02	1.960000e+02	0.000000e+00	1	1.376147e-02
1.950000e+02	1.370000e+02	0.000000e+00	1	1.376147e-02
1.440000e+02	1.930000e+02	0.000000e+00	1	1.376147e-02
1.850000e+02	1.450000e+02	0.000000e+00	1	1.376147e-02
1.360000e+02	2.010000e+02	0.000000e+00	1	1.376147e-02
1.260000e+02	2.220000e+02	0.000000e+00	1	1.376147e-02
1.350000e+02	2.040000e+02	0.000000e+00	1	1.376147e-02
1.850000e+02	1.450000e+02	0.000000e+00	1	1.162791e-02
1.300000e+02	2.100000e+02	0.000000e+00	1	1.162791e-02
1.320000e+02	2.060000e+02	0.000000e+00	1	1.162791e-02
1.170000e+02	2.400000e+02	0.000000e+00	1	1.162791e-02
1.340000e+02	2.050000e+02	0.000000e+00	1	1.162791e-02
1.490000e+02	1.860000e+02	0.000000e+00	1	1.162791e-02
1.600000e+02	1.740000e+02	0.000000e+00	1	1.162791e-02
1.190000e+02	2.350000e+02	0.000000e+00	1	1.162791e-02
1.490000e+02	1.860000e+02	0.000000e+00	1	1.162791e-02
1.470000e+02	1.890000e+02	0.000000e+00	1	1.162791e-02
1.950000e+02	1.370000e+02	0.000000e+00	1	1.162791e-02
1.930000e+02	1.400000e+02	0.000000e+00	1	1.162791e-02
1.210000e+02	2.290000e+02	0.000000e+00	1	1.162791e-02
1.580000e+02	1.760000e+02	0.000000e+00	1	1.162791e-02
1.830000e+02	1.490000e+02	0.000000e+00	1	1.162791e-02
1.450000e+02	1.910000e+02	0.000000e+00	1	1.162791e-02
1.470000e+02	1.890000e+02	0.000000e+00	1	1.162791e-02
1.530000e+02	1.810000e+02	0.000000e+00	1	1.162791e-02
1.230000e+02	2.250000e+02	0.000000e+00	1	1.162791e-02
1.320000e+02	2.060000e+02	0.000000e+00	1	1.162791e-02
1.570000e+02	1.770000e+02	0.000000e+00	1	1.040111e-02
1.580000e+02	1.760000e+02	0.000000e+00	1	9.174312e-03
1.470000e+02	1.890000e+02	0.000000e+00	1	9.174312e-03
1.610000e+02	1.720000e+02	0.000000e+00	1	9.174312e-03
1.450000e+02	1.910000e+02	0.000000e+00	1	9.174312e-03
1.450000e+02	1.910000e+02	0.000000e+00	1	9.174312e-03
1.700000e+02	1.610000e+02	0.000000e+00	1	9.174312e-03
1.360000e+02	2.010000e+02	0.000000e+00	1	9.174312e-03
1.270000e+02	2.190000e+02	0.000000e+00	1	9.174312e-03
1.370000e+02	1.990000e+02	0.000000e+00	1	9.174312e-03
1.600000e+02	1.740000e+02	0.000000e+00	1	9.174312e-03
1.930000e+02	1.400000e+02	0.000000e+00	1	9.174312e-03
1.300000e+02	2.100000e+02	0.000000e+00	1	9.174312e-03
1.200000e+02	2.310000e+02	0.000000e+00	1	9.174312e-03
1.210000e+02	2.290000e+02	0.000000e+00	1	9.174312e-03
1.600000e+02	1.740000e+02	0.000000e+00	1	9.174312e-03
1.900000e+02	1.420000e+02	0.000000e+00	1	9.174312e-03
2.030000e+02	1.310000e+02	0.000000e+00	1	9.174312e-03
1.730000e+02	1.590000e+02	0.000000e+00	1	9.174312e-03
1.440000e+02	1.930000e+02	0.000000e+00	1	9.174312e-03
1.280000e+02	2.170000e+02	0.000000e+00	1	9.174312e-03
1.210000e+02	2.290000e+02	0.000000e+00	1	5.813953e-03
1.580000e+02	1.760000e+02	0.000000e+00	1	5.813953e-03
1.530000e+02	1.810000e+02	0.000000e+00	1	5.813953e-03
1.450000e+02	1.910000e+02	0.000000e+00	1	5.813953e-03
1.700000e+02	1.610000e+02	0.000000e+00	1	5.813953e-03
1.270000e+02	2.190000e+02	0.000000e+00	1	5.813953e-03
1.440000e+02	1.930000e+02	0.000000e+00	1	5.813953e-03
1.200000e+02	2.310000e+02	0.000000e+00	1	5.813953e-03
1.290000e+02	2.120000e+02	0.000000e+00	1	5.813953e-03
1.350000e+02	2.040000e+02	0.000000e+00	1	5.813953e-03
1.660000e+02	1.670000e+02	0.000000e+00	1	5.813953e-03
1.370000e+02	1.990000e+02	0.000000e+00	1	5.813953e-03
1.270000e+02	2.190000e+02	0.000000e+00	1	5.813953e-03
1.540000e+02	1.780000e+02	0.000000e+00	1	5.813953e-03
1.650000e+02	1.710000e+02	0.000000e+00	1	5.813953e-03
1.690000e+02	1.620000e+02	0.000000e+00	1	5.813953e-03
1.350000e+02	2.040000e+02	0.000000e+00	1	5.813953e-03
1.610000e+02	1.720000e+02	0.000000e+00	1	5.813953e-03
1.300000e+02	2.100000e+02	0.000000e+00	1	5.813953e-03
1.260000e+02	2.220000e+02	0.000000e+00	1	5.813953e-03
1.200000e+02	2.310000e+02	0.000000e+00	1	5.813953e-03
1.360000e+02	2.010000e+02	0.000000e+00	1	5.813953e-03
1.360000e+02	2.010000e+02	0.000000e+00	1	5.813953e-03
1.730000e+02	1.590000e+02	0.000000e+00	1	5.813953e-03
1.340000e+02	2.050000e+02	0.000000e+00	1	5.813953e-03
1.600000e+02	1.740000e+02	0.000000e+00	1	5.813953e-03
1.950000e+02	1.370000e+02	0.000000e+00	1	5.813953e-03
1.960000e+02	1.360000e+02	0.000000e+00	1	5.813953e-03
1.280000e+02	2.170000e+02	0.000000e+00	1	5.813953e-03
1.570000e+02	1.770000e+02	0.000000e+00	1	4.587156e-03
1.530000e+02	1.810000e+02	0.000000e+00	1	4.587156e-03
1.580000e+02	1.760000e+02	0.000000e+00	1	4.587156e-03
1.770000e+02	1.540000e+02	0.000000e+00	1	4.587156e-03
1.740000e+02	1.580000e+02	0.000000e+00	1	4.587156e-03
1.690000e+02	1.620000e+02	0.000000e+00	1	4.587156e-03
1.540000e+02	1.780000e+02	0.000000e+00	1	4.587156e-03
1.800000e+02	1.530000e+02	0.000000e+00	1	4.587156e-03
1.350000e+02	2.040000e+02	0.000000e+00	1	4.587156e-03
1.960000e+02	1.360000e+02	0.000000e+00	1	4.587156e-03
1.950000e+02	1.370000e+02	0.000000e+00	1	4.587156e-03
1.650000e+02	1.710000e+02	0.000000e+00	1	4.587156e-03
1.610000e+02	1.720000e+02	0.000000e+00	1	4.587156e-03
1.320000e+02	2.060000e+02	0.000000e+00	1	4.587156e-03
1.340000e+02	2.050000e+02	0.000000e+00	1	4.587156e-03
1.340000e+02	2.050000e+02	0.000000e+00	1	4.587156e-03
1.700000e+02	1.610000e+02	0.000000e+00	1	4.587156e-03
1.730000e+02	1.590000e+02	0.000000e+00	1	4.587156e-03
1.800000e+02	1.530000e+02	0.000000e+00	1	0.000000e+00
1.650000e+02	1.710000e+02	0.000000e+00	1	0.000000e+00
1.340000e+02	2.050000e+02	0.000000e+00	1	0.000000e+00
1.340000e+02	2.050000e+02	0.000000e+00	1	0.000000e+00
1.280000e+02	2.170000e+02	0.000000e+00	1	0.000000e+00
1.800000e+02	1.530000e+02	0.000000e+00	1	0.000000e+00
1.740000e+02	1.580000e+02	0.000000e+00	1	0.000000e+00
1.260000e+02	2.220000e+02	0.000000e+00	1	0.000000e+00
1.960000e+02	1.360000e+02	0.000000e+00	1	0.000000e+00
1.690000e+02	1.620000e+02	0.000000e+00	1	0.000000e+00
1.540000e+02	1.780000e+02	0.000000e+00	1	0.000000e+00
1.360000e+02	2.010000e+02	0.000000e+00	1	0.000000e+00
1.700000e+02	1.610000e+02	0.000000e+00	1	0.000000e+00
1.740000e+02	1.580000e+02	0.000000e+00	1	0.000000e+00
1.320000e+02	2.060000e+02	0.000000e+00	1	0.000000e+00
1.770000e+02	1.540000e+02	0.000000e+00	1	0.000000e+00
1.190000e+02	2.350000e+02	0.000000e+00	1	0.000000e+00
1.320000e+02	2.060000e+02	0.000000e+00	1	0.000000e+00
1.540000e+02	1.780000e+02	0.000000e+00	1	0.000000e+00
1.770000e+02	1.540000e+02	0.000000e+00	1	0.000000e+00
1.540000e+02	1.780000e+02	0.000000e+00	1	0.000000e+00
1.530000e+02	1.810000e+02	0.000000e+00	1	0.000000e+00
1.740000e+02	1.580000e+02	0.000000e+00	1	0.000000e+00
1.960000e+02	1.360000e+02	0.000000e+00	1	0.000000e+00
1.610000e+02	1.720000e+02	0.000000e+00	1	0.000000e+00
1.190000e+02	2.350000e+02	0.000000e+00	1	0.000000e+00
1.360000e+02	2.010000e+02	0.000000e+00	1	0.000000e+00
1.830000e+02	1.490000e+02	0.000000e+00	1	0.000000e+00
1.230000e+02	2.250000e+02	0.000000e+00	1	0.000000e+00
1.540000e+02	1.780000e+02	0.000000e+00	1	0.000000e+00
1.320000e+02	2.060000e+02	0.000000e+00	1	0.000000e+00
1.170000e+02	2.400000e+02	0.000000e+00	1	0.000000e+00
1.360000e+02	2.010000e+02	0.000000e+00	1	0.000000e+00
1.660000e+02	1.670000e+02	0.000000e+00	1	0.000000e+00
1.260000e+02	2.220000e+02	0.000000e+00	1	0.000000e+00
1.490000e+02	1.860000e+02	0.000000e+00	1	0.000000e+00
1.540000e+02	1.780000e+02	0.000000e+00	1	0.000000e+00
1.260000e+02	2.220000e+02	0.000000e+00	1	0.000000e+00
1.270000e+02	2.190000e+02	0.000000e+00	1	0.000000e+00
1.190000e+02	2.350000e+02	0.000000e+00	1	0.000000e+00
1.900000e+02	1.420000e+02	0.000000e+00	1	0.000000e+00
1.440000e+02	1.930000e+02	0.000000e+00	1	0.000000e+00
1.350000e+02	2.040000e+02	0.000000e+00	1	0.000000e+00
1.440000e+02	1.930000e+02	0.000000e+00	1	0.000000e+00
1.170000e+02	2.400000e+02	0.000000e+00	1	0.000000e+00
1.660000e+02	1.670000e+02	0.000000e+00	1	0.000000e+00
1.740000e+02	1.580000e+02	0.000000e+00	1	0.000000e+00
1.610000e+02	1.720000e+02	0.000000e+00	1	0.000000e+00
1.360000e+02	2.010000e+02	0.000000e+00	1	0.000000e+00
1.260000e+02	2.220000e+02	0.000000e+00	1	0.000000e+00
1.830000e+02	1.490000e+02	0.000000e+00	1	0.000000e+00
1.660000e+02	1.670000e+02	0.000000e+00	1	0.000000e+00
1.660000e+02	1.670000e+02	0.000000e+00	1	0.000000e+00
1.440000e+02	1.930000e+02	0.000000e+00	1	0.000000e+00
1.740000e+02	1.580000e+02	0.000000e+00	1	0.000000e+00
1.660000e+02	1.670000e+02	0.000000e+00	1	0.000000e+00
1.440000e+02	1.930000e+02	0.000000e+00	1	0.000000e+00
1.740000e+02	1.580000e+02	0.000000e+00	1	0.000000e+00
1.360000e+02	2.010000e+02	0.000000e+00	1	0.000000e+00
1.690000e+02	1.620000e+02	0.000000e+00	1	0.000000e+00
1.740000e+02	1.580000e+02	0.000000e+00	1	0.000000e+00
1.650000e+02	1.710000e+02	0.000000e+00	1	0.000000e+00
1.360000e+02	2.010000e+02	0.000000e+00	1	0.000000e+00
1.260000e+02	2.220000e+02	0.000000e+00	1	0.000000e+00
1.900000e+02	1.420000e+02	0.000000e+00	1	0.000000e+00
1.950000e+02	1.370000e+02	0.000000e+00	1	0.000000e+00
1.360000e+02	2.010000e+02	0.000000e+00	1	0.000000e+00
1.740000e+02	1.580000e+02	0.000000e+00	1	0.000000e+00
1.740000e+02	1.580000e+02	0.000000e+00	1	0.000000e+00
1.200000e+02	2.310000e+02	0.000000e+00	1	0.000000e+00
1.370000e+02	1.990000e+02	0.000000e+00	1	0.000000e+00
1.340000e+02	2.050000e+02	0.000000e+00	1	0.000000e+00
1.360000e+02	2.010000e+02	0.000000e+00	1	0.000000e+00
1.950000e+02	1.370000e+02	0.000000e+00	1	0.000000e+00
1.660000e+02	1.670000e+02	0.000000e+00	1	0.000000e+00
1.490000e+02	1.860000e+02	0.000000e+00	1	0.000000e+00
1.450000e+02	1.910000e+02	0.000000e+00	1	0.000000e+00
1.260000e+02	2.220000e+02	0.000000e+00	1	0.000000e+00
1.370000e+02	1.990000e+02	0.000000e+00	1	0.000000e+00
1.510000e+02	1.820000e+02	0.000000e+00	1	0.000000e+00
1.540000e+02	1.780000e+02	0.000000e+00	1	0.000000e+00
1.660000e+02	1.670000e+02	0.000000e+00	1	0.000000e+00
2.030000e+02	1.310000e+02	0.000000e+00	1	0.000000e+00
1.360000e+02	2.010000e+02	0.000000e+00	1	0.000000e+00
1.950000e+02	1.370000e+02	0.000000e+00	1	0.000000e+00
1.360000e+02	2.010000e+02	0.000000e+00	1	0.000000e+00
1.830000e+02	1.490000e+02	0.000000e+00	1	0.000000e+00
1.740000e+02	1.580000e+02	0.000000e+00	1	0.000000e+00
1.830000e+02	1.490000e+02	0.000000e+00	1	0.000000e+00
1.440000e+02	1.930000e+02	0.000000e+00	1	0.000000e+00
1.700000e+02	1.610000e+02	0.000000e+00	1	0.000000e+00
1.210000e+02	2.290000e+02	0.000000e+00	1	0.000000e+00
1.300000e+02	2.100000e+02	0.000000e+00	1	0.000000e+00
1.360000e+02	2.010000e+02	0.000000e+00	1	0.000000e+00
1.360000e+02	2.010000e+02	0.000000e+00	1	0.000000e+00
1.360000e+02	2.010000e+02	0.000000e+00	1	0.000000e+00
1.300000e+02	2.100000e+02	0.000000e+00	1	0.000000e+00
1.540000e+02	1.780000e+02	0.000000e+00	1	0.000000e+00
1.660000e+02	1.670000e+02	0.000000e+00	1	0.000000e+00
1.200000e+02	2.310000e+02	0.000000e+00	1	0.000000e+00
1.190000e+02	2.350000e+02	0.000000e+00	1	0.000000e+00
1.660000e+02	1.670000e+02	0.000000e+00	1	0.000000e+00
1.350000e+02	2.040000e+02	0.000000e+00	1	0.000000e+00
1.360000e+02	2.010000e+02	0.000000e+00	1	0.000000e+00
1.300000e+02	2.100000e+02	0.000000e+00	1	0.000000e+00
1.280000e+02	2.170000e+02	0.000000e+00	1	0.000000e+00
1.360000e+02	2.010000e+02	0.000000e+00	1	0.000000e+00
1.440000e+02	1.930000e+02	0.000000e+00	1	0.000000e+00
1.260000e+02	2.220000e+02	0.000000e+00	1	0.000000e+00
1.440000e+02	1.930000e+02	0.000000e+00	1	0.000000e+00
1.800000e+02	1.530000e+02	0.000000e+00	1	0.000000e+00
1.170000e+02	2.400000e+02	0.000000e+00	1	0.000000e+00
1.900000e+02	1.420000e+02	0.000000e+00	1	0.000000e+00
1.280000e+02	2.170000e+02	0.000000e+00	1	0.000000e+00
1.440000e+02	1.930000e+02	0.000000e+00	1	0.000000e+00
1.260000e+02	2.220000e+02	0.000000e+00	1	0.000000e+00
1.800000e+02	1.530000e+02	0.000000e+00	1	0.000000e+00
1.580000e+02	1.760000e+02	0.000000e+00	1	0.000000e+00
1.170000e+02	2.400000e+02	0.000000e+00	1	0.000000e+00
1.800000e+02	1.530000e+02	0.000000e+00	1	0.000000e+00
1.320000e+02	2.060000e+02	0.000000e+00	1	0.000000e+00
1.830000e+02	1.490000e+02	0.000000e+00	1	0.000000e+00
1.320000e+02	2.060000e+02	0.000000e+00	1	0.000000e+00
1.340000e+02	2.050000e+02	0.000000e+00	1	0.000000e+00
1.610000e+02	1.720000e+02	0.000000e+00	1	0.000000e+00
1.370000e+02	1.990000e+02	0.000000e+00	1	0.000000e+00
1.490000e+02	1.860000e+02	0.000000e+00	1	0.000000e+00
1.190000e+02	2.350000e+02	0.000000e+00	1	0.000000e+00
1.540000e+02	1.780000e+02	0.000000e+00	1	0.000000e+00
1.350000e+02	2.040000e+02	0.000000e+00	1	0.000000e+00
1.540000e+02	1.780000e+02	0.000000e+00	1	0.000000e+00
1.190000e+02	2.350000e+02	0.000000e+00	1	0.000000e+00
1.290000e+02	2.120000e+02	0.000000e+00	1	0.000000e+00
1.660000e+02	1.670000e+02	0.000000e+00	1	0.000000e+00
1.660000e+02	1.670000e+02	0.000000e+00	1	0.000000e+00
1.190000e+02	2.350000e+02	0.000000e+00	1	0.000000e+00
1.360000e+02	2.010000e+02	0.000000e+00	1	0.000000e+00
1.930000e+02	1.400000e+02	0.000000e+00	1	0.000000e+00
1.830000e+02	1.490000e+02	0.000000e+00	1	0.000000e+00
1.650000e+02	1.710000e+02	0.000000e+00	1	0.000000e+00
1.740000e+02	1.580000e+02	0.000000e+00	1	0.000000e+00
1.360000e+02	2.010000e+02	0.000000e+00	1	0.000000e+00
1.260000e+02	2.220000e+02	0.000000e+00	1	0.000000e+00
1.360000e+02	2.010000e+02	0.000000e+00	1	0.000000e+00
1.660000e+02	1.670000e+02	0.000000e+00	1	0.000000e+00
1.190000e+02	2.350000e+02	0.000000e+00	1	0.000000e+00
1.700000e+02	1.610000e+02	0.000000e+00	1	0.000000e+00
1.290000e+02	2.120000e+02	0.000000e+00	1	0.000000e+00
1.800000e+02	1.530000e+02	0.000000e+00	1	0.000000e+00
1.690000e+02	1.620000e+02	0.000000e+00	1	0.000000e+00
1.360000e+02	2.010000e+02	0.000000e+00	1	0.000000e+00
1.260000e+02	2.220000e+02	0.000000e+00	1	0.000000e+00
1.850000e+02	1.450000e+02	0.000000e+00	1	0.000000e+00
1.340000e+02	2.050000e+02	0.000000e+00	1	0.000000e+00
1.700000e+02	1.610000e+02	0.000000e+00	1	0.000000e+00
1.490000e+02	1.860000e+02	0.000000e+00	1	0.000000e+00
1.610000e+02	1.720000e+02	0.000000e+00	1	0.000000e+00
1.540000e+02	1.780000e+02	0.000000e+00	1	0.000000e+00
1.320000e+02	2.060000e+02	0.000000e+00	1	0.000000e+00
1.800000e+02	1.530000e+02	0.000000e+00	1	0.000000e+00
1.370000e+02	1.990000e+02	0.000000e+00	1	0.000000e+00
1.600000e+02	1.740000e+02	0.000000e+00	1	0.000000e+00
1.260000e+02	2.220000e+02	0.000000e+00	1	0.000000e+00
1.440000e+02	1.930000e+02	0.000000e+00	1	0.000000e+00
1.290000e+02	2.120000e+02	0.000000e+00	1	0.000000e+00
1.260000e+02	2.220000e+02	0.000000e+00	1	0.000000e+00
1.360000e+02	2.010000e+02	0.000000e+00	1	0.000000e+00
1.700000e+02	1.610000e+02	0.000000e+00	1	0.000000e+00
1.360000e+02	2.010000e+02	0.000000e+00	1	0.000000e+00
1.410000e+02	1.960000e+02	0.000000e+00	1	0.000000e+00
1.360000e+02	2.010000e+02	0.000000e+00	1	0.000000e+00
1.300000e+02	2.100000e+02	0.000000e+00	1	0.000000e+00
1.770000e+02	1.540000e+02	0.000000e+00	1	0.000000e+00
1.580000e+02	1.760000e+02	0.000000e+00	1	0.000000e+00
1.260000e+02	2.220000e+02	0.000000e+00	1	0.000000e+00
1.440000e+02	1.930000e+02	0.000000e+00	1	0.000000e+00
1.850000e+02	1.450000e+02	0.000000e+00	1	0.000000e+00
1.690000e+02	1.620000e+02	0.000000e+00	1	0.000000e+00
1.690000e+02	1.620000e+02	0.000000e+00	1	0.000000e+00
1.260000e+02	2.220000e+02	0.000000e+00	1	0.000000e+00
1.190000e+02	2.350000e+02	0.000000e+00	1	0.000000e+00
1.300000e+02	2.100000e+02	0.000000e+00	1	0.000000e+00
1.260000e+02	2.220000e+02	0.000000e+00	1	0.000000e+00
1.800000e+02	1.530000e+02	0.000000e+00	1	0.000000e+00
1.360000e+02	2.010000e+02	0.000000e+00	1	0.000000e+00
1.930000e+02	1.400000e+02	0.000000e+00	1	0.000000e+00
1.470000e+02	1.890000e+02	0.000000e+00	1	0.000000e+00
2.030000e+02	1.310000e+02	0.000000e+00	1	0.000000e+00
1.530000e+02	1.810000e+02	0.000000e+00	1	0.000000e+00
1.190000e+02	2.350000e+02	0.000000e+00	1	0.000000e+00
1.700000e+02	1.610000e+02	0.000000e+00	1	0.000000e+00
1.960000e+02	1.360000e+02	0.000000e+00	1	0.000000e+00
1.540000e+02	1.780000e+02	0.000000e+00	1	0.000000e+00
1.360000e+02	2.010000e+02	0.000000e+00	1	0.000000e+00
1.360000e+02	2.010000e+02	0.000000e+00	1	0.000000e+00
1.360000e+02	2.010000e+02	0.000000e+00	1	0.000000e+00
1.360000e+02	2.010000e+02	0.000000e+00	1	0.000000e+00
1.370000e+02	1.990000e+02	0.000000e+00	1	0.000000e+00
1.260000e+02	2.220000e+02	0.000000e+00	1	0.000000e+00
1.260000e+02	2.220000e+02	0.000000e+00	1	0.000000e+00
1.190000e+02	2.350000e+02	0.000000e+00	1	0.000000e+00
1.610000e+02	1.720000e+02	0.000000e+00	1	0.000000e+00
1.340000e+02	2.050000e+02	0.000000e+00	1	0.000000e+00
1.800000e+02	1.530000e+02	0.000000e+00	1	0.000000e+00
2.030000e+02	1.310000e+02	0.000000e+00	1	0.000000e+00
1.260000e+02	2.220000e+02	0.000000e+00	1	0.000000e+00
1.830000e+02	1.490000e+02	0.000000e+00	1	0.000000e+00
1.800000e+02	1.530000e+02	0.000000e+00	1	0.000000e+00
1.440000e+02	1.930000e+02	0.000000e+00	1	0.000000e+00
1.260000e+02	2.220000e+02	0.000000e+00	1	0.000000e+00
1.360000e+02	2.010000e+02	0.000000e+00	1	0.000000e+00
1.440000e+02	1.930000e+02	0.000000e+00	1	0.000000e+00
1.830000e+02	1.490000e+02	0.000000e+00	1	0.000000e+00
1.190000e+02	2.350000e+02	0.000000e+00	1	0.000000e+00
1.320000e+02	2.060000e+02	0.000000e+00	1	0.000000e+00
1.690000e+02	1.620000e+02	0.000000e+00	1	0.000000e+00
2.030000e+02	1.310000e+02	0.000000e+00	1	0.000000e+00
1.440000e+02	1.930000e+02	0.000000e+00	1	0.000000e+00
1.190000e+02	2.350000e+02	0.000000e+00	1	0.000000e+00
1.950000e+02	1.370000e+02	0.000000e+00	1	0.000000e+00
1.440000e+02	1.930000e+02	0.000000e+00	1	0.000000e+00
1.360000e+02	2.010000e+02	0.000000e+00	1	0.000000e+00
1.830000e+02	1.490000e+02	0.000000e+00	1	0.000000e+00
1.700000e+02	1.610000e+02	0.000000e+00	1	0.000000e+00
1.360000e+02	2.010000e+02	0.000000e+00	1	0.000000e+00
1.280000e+02	2.170000e+02	0.000000e+00	1	0.000000e+00
1.290000e+02	2.120000e+02	0.000000e+00	1	0.000000e+00
1.660000e+02	1.670000e+02	0.000000e+00	1	0.000000e+00
1.540000e+02	1.780000e+02	0.000000e+00	1	0.000000e+00
1.650000e+02	1.710000e+02	0.000000e+00	1	0.000000e+00
1.700000e+02	1.610000e+02	0.000000e+00	1	0.000000e+00
1.740000e+02	1.580000e+02	0.000000e+00	1	0.000000e+00
1.410000e+02	1.960000e+02	0.000000e+00	1	0.000000e+00
1.360000e+02	2.010000e+02	0.000000e+00	1	0.000000e+00
1.690000e+02	1.620000e+02	0.000000e+00	1	0.000000e+00
1.340000e+02	2.050000e+02	0.000000e+00	1	0.000000e+00
1.690000e+02	1.620000e+02	0.000000e+00	1	0.000000e+00
1.650000e+02	1.710000e+02	0.000000e+00	1	0.000000e+00
1.340000e+02	2.050000e+02	0.000000e+00	1	0.000000e+00
1.740000e+02	1.580000e+02	0.000000e+00	1	0.000000e+00
1.960000e+02	1.360000e+02	0.000000e+00	1	0.000000e+00
1.900000e+02	1.420000e+02	0.000000e+00	1	0.000000e+00
2.030000e+02	1.310000e+02	0.000000e+00	1	0.000000e+00
1.650000e+02	1.710000e+02	0.000000e+00	1	0.000000e+00
1.190000e+02	2.350000e+02	0.000000e+00	1	0.000000e+00
1.740000e+02	1.580000e+02	0.000000e+00	1	0.000000e+00
1.260000e+02	2.220000e+02	0.000000e+00	1	0.000000e+00
1.340000e+02	2.050000e+02	0.000000e+00	1	0.000000e+00
1.700000e+02	1.610000e+02	0.000000e+00	1	0.000000e+00
1.260000e+02	2.220000e+02	0.000000e+00	1	0.000000e+00
1.830000e+02	1.490000e+02	0.000000e+00	1	0.000000e+00
1.580000e+02	1.760000e+02	0.000000e+00	1	0.000000e+00
1.190000e+02	2.350000e+02	0.000000e+00	1	0.000000e+00
1.800000e+02	1.530000e+02	0.000000e+00	1	0.000000e+00
1.190000e+02	2.350000e+02	0.000000e+00	1	0.000000e+00
1.370000e+02	1.990000e+02	0.000000e+00	1	0.000000e+00
1.210000e+02	2.290000e+02	0.000000e+00	1	0.000000e+00
1.280000e+02	2.170000e+02	0.000000e+00	1	0.000000e+00
1.230000e+02	2.250000e+02	0.000000e+00	1	0.000000e+00
1.690000e+02	1.620000e+02	0.000000e+00	1	0.000000e+00
1.260000e+02	2.220000e+02	0.000000e+00	1	0.000000e+00
1.600000e+02	1.740000e+02	0.000000e+00	1	0.000000e+00
1.350000e+02	2.040000e+02	0.000000e+00	1	0.000000e+00
1.740000e+02	1.580000e+02	0.000000e+00	1	0.000000e+00
1.350000e+02	2.040000e+02	0.000000e+00	1	0.000000e+00
1.290000e+02	2.120000e+02	0.000000e+00	1	0.000000e+00
1.950000e+02	1.370000e+02	0.000000e+00	1	0.000000e+00
1.320000e+02	2.060000e+02	0.000000e+00	1	0.000000e+00
1.510000e+02	1.820000e+02	0.000000e+00	1	0.000000e+00
1.740000e+02	1.580000e+02	0.000000e+00	1	0.000000e+00
1.350000e+02	2.040000e+02	0.000000e+00	1	0.000000e+00
1.360000e+02	2.010000e+02	0.000000e+00	1	0.000000e+00
1.190000e+02	2.350000e+02	0.000000e+00	1	0.000000e+00
1.740000e+02	1.580000e+02	0.000000e+00	1	0.000000e+00
1.360000e+02	2.010000e+02	0.000000e+00	1	0.000000e+00
1.410000e+02	1.960000e+02	0.000000e+00	1	0.000000e+00
1.270000e+02	2.190000e+02	0.000000e+00	1	0.000000e+00
1.800000e+02	1.530000e+02	0.000000e+00	1	0.000000e+00
1.320000e+02	2.060000e+02	0.000000e+00	1	0.000000e+00
1.270000e+02	2.190000e+02	0.000000e+00	1	0.000000e+00
1.260000e+02	2.220000e+02	0.000000e+00	1	0.000000e+00
1.350000e+02	2.040000e+02	0.000000e+00	1	0.000000e+00
1.260000e+02	2.220000e+02	0.000000e+00	1	0.000000e+00
1.260000e+02	2.220000e+02	0.000000e+00	1	0.000000e+00
1.530000e+02	1.810000e+02	0.000000e+00	1	0.000000e+00
1.950000e+02	1.370000e+02	0.000000e+00	1	0.000000e+00
1.850000e+02	1.450000e+02	0.000000e+00	1	0.000000e+00
1.770000e+02	1.540000e+02	0.000000e+00	1	0.000000e+00
1.660000e+02	1.670000e+02	0.000000e+00	1	0.000000e+00
1.360000e+02	2.010000e+02	0.000000e+00	1	0.000000e+00
1.770000e+02	1.540000e+02	0.000000e+00	1	0.000000e+00
1.260000e+02	2.220000e+02	0.000000e+00	1	0.000000e+00
1.800000e+02	1.530000e+02	0.000000e+00	1	0.000000e+00
1.190000e+02	2.350000e+02	0.000000e+00	1	0.000000e+00
1.540000e+02	1.780000e+02	0.000000e+00	1	0.000000e+00
1.660000e+02	1.670000e+02	0.000000e+00	1	0.000000e+00
1.540000e+02	1.780000e+02	0.000000e+00	1	0.000000e+00
1.900000e+02	1.420000e+02	0.000000e+00	1	0.000000e+00
1.320000e+02	2.060000e+02	0.000000e+00	1	0.000000e+00
1.510000e+02	1.820000e+02	0.000000e+00	1	0.000000e+00
1.360000e+02	2.010000e+02	0.000000e+00	1	0.000000e+00
1.320000e+02	2.060000e+02	0.000000e+00	1	0.000000e+00
1.260000e+02	2.220000e+02	0.000000e+00	1	0.000000e+00
1.300000e+02	2.100000e+02	0.000000e+00	1	0.000000e+00
1.360000e+02	2.010000e+02	0.000000e+00	1	0.000000e+00
1.300000e+02	2.100000e+02	0.000000e+00	1	0.000000e+00
1.300000e+02	2.100000e+02	0.000000e+00	1	0.000000e+00
1.410000e+02	1.960000e+02	0.000000e+00	1	0.000000e+00
1.350000e+02	2.040000e+02	0.000000e+00	1	0.000000e+00
1.580000e+02	1.760000e+02	0.000000e+00	1	0.000000e+00
1.320000e+02	2.060000e+02	0.000000e+00	1	0.000000e+00
1.830000e+02	1.490000e+02	0.000000e+00	1	0.000000e+00
1.660000e+02	1.670000e+02	0.000000e+00	1	0.000000e+00
1.260000e+02	2.220000e+02	0.000000e+00	1	0.000000e+00
1.360000e+02	2.010000e+02	0.000000e+00	1	0.000000e+00
1.260000e+02	2.220000e+02	0.000000e+00	1	0.000000e+00
1.360000e+02	2.010000e+02	0.000000e+00	1	0.000000e+00
1.280000e+02	2.170000e+02	0.000000e+00	1	0.000000e+00
1.270000e+02	2.190000e+02	0.000000e+00	1	0.000000e+00
1.360000e+02	2.010000e+02	0.000000e+00	1	0.000000e+00
1.650000e+02	1.710000e+02	0.000000e+00	1	0.000000e+00
1.830000e+02	1.490000e+02	0.000000e+00	1	0.000000e+00
1.260000e+02	2.220000e+02	0.000000e+00	1	0.000000e+00
1.600000e+02	1.740000e+02	0.000000e+00	1	0.000000e+00
1.170000e+02	2.400000e+02	0.000000e+00	1	0.000000e+00
1.740000e+02	1.580000e+02	0.000000e+00	1	0.000000e+00
1.800000e+02	1.530000e+02	0.000000e+00	1	0.000000e+00
1.610000e+02	1.720000e+02	0.000000e+00	1	0.000000e+00
1.260000e+02	2.220000e+02	0.000000e+00	1	0.000000e+00
1.360000e+02	2.010000e+02	0.000000e+00	1	0.000000e+00
1.280000e+02	2.170000e+02	0.000000e+00	1	0.000000e+00
1.270000e+02	2.190000e+02	0.000000e+00	1	0.000000e+00
1.770000e+02	1.540000e+02	0.000000e+00	1	0.000000e+00
1.260000e+02	2.220000e+02	0.000000e+00	1	0.000000e+00
1.320000e+02	2.060000e+02	0.000000e+00	1	0.000000e+00
1.190000e+02	2.350000e+02	0.000000e+00	1	0.000000e+00
1.360000e+02	2.010000e+02	0.000000e+00	1	0.000000e+00
1.440000e+02	1.930000e+02	0.000000e+00	1	0.000000e+00
1.660000e+02	1.670000e+02	0.000000e+00	1	0.000000e+00
1.580000e+02	1.760000e+02	0.000000e+00	1	0.000000e+00
Total execution time: 356.463
