# This file contains the data of final feasible population (if found)
# of objectives = 2, # of constraints = 0, # of real_var = 0, # of bits of bin_var = 0, constr_violation, rank, crowding_distance
1.777000e+03	1.170000e+02	0.000000e+00	1	1.000000e+14
1.490000e+03	3.590000e+02	0.000000e+00	1	1.000000e+14
1.719000e+03	1.360000e+02	0.000000e+00	1	1.919616e-01
1.610000e+03	1.380000e+02	0.000000e+00	1	1.919616e-01
1.514000e+03	2.320000e+02	0.000000e+00	1	1.029818e-01
1.513000e+03	2.810000e+02	0.000000e+00	1	1.029818e-01
1.496000e+03	3.200000e+02	0.000000e+00	1	4.306447e-02
1.495000e+03	3.400000e+02	0.000000e+00	1	4.132231e-02
1.512000e+03	2.940000e+02	0.000000e+00	1	2.860166e-02
1.513000e+03	2.810000e+02	0.000000e+00	1	2.685950e-02
1.749000e+03	1.260000e+02	0.000000e+00	1	2.439024e-02
1.735000e+03	1.270000e+02	0.000000e+00	1	2.439024e-02
1.519000e+03	2.150000e+02	0.000000e+00	1	2.033720e-02
1.518000e+03	2.240000e+02	0.000000e+00	1	1.859504e-02
1.760000e+03	1.230000e+02	0.000000e+00	1	1.600340e-02
1.493000e+03	3.460000e+02	0.000000e+00	1	1.446281e-02
1.492000e+03	3.530000e+02	0.000000e+00	1	1.446281e-02
1.603000e+03	1.390000e+02	0.000000e+00	1	1.426124e-02
1.752000e+03	1.250000e+02	0.000000e+00	1	1.393728e-02
1.610000e+03	1.380000e+02	0.000000e+00	1	1.219512e-02
1.505000e+03	3.030000e+02	0.000000e+00	1	1.207274e-02
1.504000e+03	3.080000e+02	0.000000e+00	1	1.033058e-02
1.491000e+03	3.550000e+02	0.000000e+00	1	1.000662e-02
1.528000e+03	1.930000e+02	0.000000e+00	1	1.000662e-02
1.527000e+03	1.970000e+02	0.000000e+00	1	1.000662e-02
1.493000e+03	3.460000e+02	0.000000e+00	1	1.000662e-02
1.603000e+03	1.390000e+02	0.000000e+00	1	9.034757e-03
1.587000e+03	1.440000e+02	0.000000e+00	1	9.034757e-03
1.599000e+03	1.400000e+02	0.000000e+00	1	9.034757e-03
1.599000e+03	1.400000e+02	0.000000e+00	1	9.034757e-03
1.494000e+03	3.420000e+02	0.000000e+00	1	8.264463e-03
1.519000e+03	2.150000e+02	0.000000e+00	1	7.940507e-03
1.525000e+03	2.020000e+02	0.000000e+00	1	7.940507e-03
1.528000e+03	1.930000e+02	0.000000e+00	1	7.940507e-03
1.515000e+03	2.290000e+02	0.000000e+00	1	7.940507e-03
1.520000e+03	2.120000e+02	0.000000e+00	1	7.940507e-03
1.760000e+03	1.230000e+02	0.000000e+00	1	7.616552e-03
1.749000e+03	1.260000e+02	0.000000e+00	1	7.292597e-03
1.732000e+03	1.280000e+02	0.000000e+00	1	7.292597e-03
1.768000e+03	1.200000e+02	0.000000e+00	1	6.968641e-03
1.595000e+03	1.410000e+02	0.000000e+00	1	6.968641e-03
1.591000e+03	1.430000e+02	0.000000e+00	1	6.968641e-03
1.772000e+03	1.190000e+02	0.000000e+00	1	6.968641e-03
1.529000e+03	1.900000e+02	0.000000e+00	1	6.198347e-03
1.526000e+03	1.990000e+02	0.000000e+00	1	6.198347e-03
1.514000e+03	2.320000e+02	0.000000e+00	1	6.198347e-03
1.495000e+03	3.400000e+02	0.000000e+00	1	5.874392e-03
1.508000e+03	2.980000e+02	0.000000e+00	1	5.874392e-03
1.523000e+03	2.060000e+02	0.000000e+00	1	5.874392e-03
1.532000e+03	1.840000e+02	0.000000e+00	1	5.874392e-03
1.523000e+03	2.060000e+02	0.000000e+00	1	5.874392e-03
1.502000e+03	3.110000e+02	0.000000e+00	1	5.874392e-03
1.525000e+03	2.020000e+02	0.000000e+00	1	5.874392e-03
1.492000e+03	3.530000e+02	0.000000e+00	1	5.874392e-03
1.506000e+03	3.010000e+02	0.000000e+00	1	5.874392e-03
1.524000e+03	2.040000e+02	0.000000e+00	1	5.874392e-03
1.527000e+03	1.970000e+02	0.000000e+00	1	5.874392e-03
1.496000e+03	3.200000e+02	0.000000e+00	1	5.874392e-03
1.534000e+03	1.810000e+02	0.000000e+00	1	5.874392e-03
1.563000e+03	1.580000e+02	0.000000e+00	1	5.550436e-03
1.720000e+03	1.350000e+02	0.000000e+00	1	5.550436e-03
1.591000e+03	1.430000e+02	0.000000e+00	1	5.550436e-03
1.762000e+03	1.220000e+02	0.000000e+00	1	5.550436e-03
1.722000e+03	1.340000e+02	0.000000e+00	1	5.550436e-03
1.726000e+03	1.310000e+02	0.000000e+00	1	5.550436e-03
1.567000e+03	1.560000e+02	0.000000e+00	1	5.550436e-03
1.573000e+03	1.520000e+02	0.000000e+00	1	5.550436e-03
1.578000e+03	1.490000e+02	0.000000e+00	1	5.550436e-03
1.576000e+03	1.500000e+02	0.000000e+00	1	5.550436e-03
1.549000e+03	1.660000e+02	0.000000e+00	1	5.550436e-03
1.732000e+03	1.280000e+02	0.000000e+00	1	5.550436e-03
1.580000e+03	1.480000e+02	0.000000e+00	1	5.550436e-03
1.578000e+03	1.490000e+02	0.000000e+00	1	5.550436e-03
1.772000e+03	1.190000e+02	0.000000e+00	1	5.550436e-03
1.563000e+03	1.580000e+02	0.000000e+00	1	5.550436e-03
1.556000e+03	1.620000e+02	0.000000e+00	1	5.550436e-03
1.585000e+03	1.450000e+02	0.000000e+00	1	5.550436e-03
1.730000e+03	1.290000e+02	0.000000e+00	1	5.550436e-03
1.723000e+03	1.330000e+02	0.000000e+00	1	5.550436e-03
1.777000e+03	1.170000e+02	0.000000e+00	1	5.226481e-03
1.762000e+03	1.220000e+02	0.000000e+00	1	5.226481e-03
1.768000e+03	1.200000e+02	0.000000e+00	1	5.226481e-03
1.765000e+03	1.210000e+02	0.000000e+00	1	5.226481e-03
1.765000e+03	1.210000e+02	0.000000e+00	1	5.226481e-03
1.752000e+03	1.250000e+02	0.000000e+00	1	5.226481e-03
1.735000e+03	1.270000e+02	0.000000e+00	1	5.226481e-03
1.774000e+03	1.180000e+02	0.000000e+00	1	5.226481e-03
1.537000e+03	1.770000e+02	0.000000e+00	1	4.132231e-03
1.752000e+03	1.250000e+02	0.000000e+00	1	4.132231e-03
1.526000e+03	1.990000e+02	0.000000e+00	1	4.132231e-03
1.517000e+03	2.260000e+02	0.000000e+00	1	4.132231e-03
1.530000e+03	1.880000e+02	0.000000e+00	1	4.132231e-03
1.530000e+03	1.880000e+02	0.000000e+00	1	4.132231e-03
1.610000e+03	1.380000e+02	0.000000e+00	1	4.132231e-03
1.524000e+03	2.040000e+02	0.000000e+00	1	4.132231e-03
1.719000e+03	1.360000e+02	0.000000e+00	1	4.132231e-03
1.518000e+03	2.240000e+02	0.000000e+00	1	4.132231e-03
1.522000e+03	2.080000e+02	0.000000e+00	1	4.132231e-03
1.499000e+03	3.150000e+02	0.000000e+00	1	4.132231e-03
1.494000e+03	3.420000e+02	0.000000e+00	1	4.132231e-03
1.515000e+03	2.290000e+02	0.000000e+00	1	4.132231e-03
1.505000e+03	3.030000e+02	0.000000e+00	1	4.132231e-03
1.522000e+03	2.080000e+02	0.000000e+00	1	4.132231e-03
1.520000e+03	2.120000e+02	0.000000e+00	1	4.132231e-03
1.497000e+03	3.180000e+02	0.000000e+00	1	4.132231e-03
1.503000e+03	3.090000e+02	0.000000e+00	1	4.132231e-03
1.536000e+03	1.790000e+02	0.000000e+00	1	4.132231e-03
1.533000e+03	1.830000e+02	0.000000e+00	1	4.132231e-03
1.507000e+03	3.000000e+02	0.000000e+00	1	4.132231e-03
1.501000e+03	3.120000e+02	0.000000e+00	1	4.132231e-03
1.521000e+03	2.100000e+02	0.000000e+00	1	4.132231e-03
1.516000e+03	2.270000e+02	0.000000e+00	1	4.132231e-03
1.531000e+03	1.860000e+02	0.000000e+00	1	4.132231e-03
1.521000e+03	2.100000e+02	0.000000e+00	1	4.132231e-03
1.491000e+03	3.550000e+02	0.000000e+00	1	4.132231e-03
1.531000e+03	1.860000e+02	0.000000e+00	1	4.132231e-03
1.529000e+03	1.900000e+02	0.000000e+00	1	4.132231e-03
1.500000e+03	3.140000e+02	0.000000e+00	1	4.132231e-03
1.498000e+03	3.170000e+02	0.000000e+00	1	4.132231e-03
1.538000e+03	1.760000e+02	0.000000e+00	1	3.808276e-03
1.583000e+03	1.460000e+02	0.000000e+00	1	3.808276e-03
1.542000e+03	1.720000e+02	0.000000e+00	1	3.808276e-03
1.504000e+03	3.080000e+02	0.000000e+00	1	3.808276e-03
1.582000e+03	1.470000e+02	0.000000e+00	1	3.808276e-03
1.499000e+03	3.150000e+02	0.000000e+00	1	3.808276e-03
1.726000e+03	1.310000e+02	0.000000e+00	1	3.808276e-03
1.552000e+03	1.640000e+02	0.000000e+00	1	3.808276e-03
1.512000e+03	2.940000e+02	0.000000e+00	1	3.808276e-03
1.540000e+03	1.740000e+02	0.000000e+00	1	3.808276e-03
1.558000e+03	1.610000e+02	0.000000e+00	1	3.808276e-03
1.545000e+03	1.690000e+02	0.000000e+00	1	3.808276e-03
1.722000e+03	1.340000e+02	0.000000e+00	1	3.808276e-03
1.517000e+03	2.260000e+02	0.000000e+00	1	3.808276e-03
1.501000e+03	3.120000e+02	0.000000e+00	1	3.808276e-03
1.500000e+03	3.140000e+02	0.000000e+00	1	3.808276e-03
1.507000e+03	3.000000e+02	0.000000e+00	1	3.808276e-03
1.720000e+03	1.350000e+02	0.000000e+00	1	3.808276e-03
1.510000e+03	2.960000e+02	0.000000e+00	1	3.808276e-03
1.544000e+03	1.700000e+02	0.000000e+00	1	3.808276e-03
1.723000e+03	1.330000e+02	0.000000e+00	1	3.808276e-03
1.571000e+03	1.530000e+02	0.000000e+00	1	3.808276e-03
1.509000e+03	2.970000e+02	0.000000e+00	1	3.808276e-03
1.503000e+03	3.090000e+02	0.000000e+00	1	3.808276e-03
1.728000e+03	1.300000e+02	0.000000e+00	1	3.484321e-03
1.567000e+03	1.560000e+02	0.000000e+00	1	3.484321e-03
1.571000e+03	1.530000e+02	0.000000e+00	1	3.484321e-03
1.774000e+03	1.180000e+02	0.000000e+00	1	3.484321e-03
1.728000e+03	1.300000e+02	0.000000e+00	1	3.484321e-03
1.585000e+03	1.450000e+02	0.000000e+00	1	3.484321e-03
1.595000e+03	1.410000e+02	0.000000e+00	1	3.484321e-03
1.547000e+03	1.680000e+02	0.000000e+00	1	3.484321e-03
1.545000e+03	1.690000e+02	0.000000e+00	1	3.484321e-03
1.565000e+03	1.570000e+02	0.000000e+00	1	3.484321e-03
1.565000e+03	1.570000e+02	0.000000e+00	1	3.484321e-03
1.551000e+03	1.650000e+02	0.000000e+00	1	3.484321e-03
1.552000e+03	1.640000e+02	0.000000e+00	1	3.484321e-03
1.559000e+03	1.600000e+02	0.000000e+00	1	3.484321e-03
1.583000e+03	1.460000e+02	0.000000e+00	1	3.484321e-03
1.561000e+03	1.590000e+02	0.000000e+00	1	3.484321e-03
1.573000e+03	1.520000e+02	0.000000e+00	1	3.484321e-03
1.582000e+03	1.470000e+02	0.000000e+00	1	3.484321e-03
1.561000e+03	1.590000e+02	0.000000e+00	1	3.484321e-03
1.593000e+03	1.420000e+02	0.000000e+00	1	3.484321e-03
1.725000e+03	1.320000e+02	0.000000e+00	1	3.484321e-03
1.730000e+03	1.290000e+02	0.000000e+00	1	3.484321e-03
1.556000e+03	1.620000e+02	0.000000e+00	1	3.484321e-03
1.580000e+03	1.480000e+02	0.000000e+00	1	3.484321e-03
1.554000e+03	1.630000e+02	0.000000e+00	1	3.484321e-03
1.554000e+03	1.630000e+02	0.000000e+00	1	3.484321e-03
1.587000e+03	1.440000e+02	0.000000e+00	1	3.484321e-03
1.569000e+03	1.550000e+02	0.000000e+00	1	3.484321e-03
1.593000e+03	1.420000e+02	0.000000e+00	1	3.484321e-03
1.558000e+03	1.610000e+02	0.000000e+00	1	3.484321e-03
1.575000e+03	1.510000e+02	0.000000e+00	1	3.484321e-03
1.569000e+03	1.550000e+02	0.000000e+00	1	2.066116e-03
1.544000e+03	1.700000e+02	0.000000e+00	1	2.066116e-03
1.536000e+03	1.790000e+02	0.000000e+00	1	2.066116e-03
1.595000e+03	1.410000e+02	0.000000e+00	1	2.066116e-03
1.591000e+03	1.430000e+02	0.000000e+00	1	2.066116e-03
1.506000e+03	3.010000e+02	0.000000e+00	1	2.066116e-03
1.585000e+03	1.450000e+02	0.000000e+00	1	2.066116e-03
1.535000e+03	1.800000e+02	0.000000e+00	1	2.066116e-03
1.558000e+03	1.610000e+02	0.000000e+00	1	2.066116e-03
1.730000e+03	1.290000e+02	0.000000e+00	1	2.066116e-03
1.735000e+03	1.270000e+02	0.000000e+00	1	2.066116e-03
1.554000e+03	1.630000e+02	0.000000e+00	1	2.066116e-03
1.772000e+03	1.190000e+02	0.000000e+00	1	2.066116e-03
1.725000e+03	1.320000e+02	0.000000e+00	1	2.066116e-03
1.535000e+03	1.800000e+02	0.000000e+00	1	2.066116e-03
1.583000e+03	1.460000e+02	0.000000e+00	1	2.066116e-03
1.542000e+03	1.720000e+02	0.000000e+00	1	2.066116e-03
1.548000e+03	1.670000e+02	0.000000e+00	1	2.066116e-03
1.516000e+03	2.270000e+02	0.000000e+00	1	2.066116e-03
1.545000e+03	1.690000e+02	0.000000e+00	1	2.066116e-03
1.768000e+03	1.200000e+02	0.000000e+00	1	2.066116e-03
1.556000e+03	1.620000e+02	0.000000e+00	1	2.066116e-03
1.575000e+03	1.510000e+02	0.000000e+00	1	2.066116e-03
1.552000e+03	1.640000e+02	0.000000e+00	1	2.066116e-03
1.509000e+03	2.970000e+02	0.000000e+00	1	2.066116e-03
1.728000e+03	1.300000e+02	0.000000e+00	1	2.066116e-03
1.539000e+03	1.750000e+02	0.000000e+00	1	2.066116e-03
1.547000e+03	1.680000e+02	0.000000e+00	1	2.066116e-03
1.735000e+03	1.270000e+02	0.000000e+00	1	2.066116e-03
1.762000e+03	1.220000e+02	0.000000e+00	1	2.066116e-03
1.587000e+03	1.440000e+02	0.000000e+00	1	2.066116e-03
1.538000e+03	1.760000e+02	0.000000e+00	1	2.066116e-03
1.728000e+03	1.300000e+02	0.000000e+00	1	2.066116e-03
1.502000e+03	3.110000e+02	0.000000e+00	1	2.066116e-03
1.551000e+03	1.650000e+02	0.000000e+00	1	2.066116e-03
1.541000e+03	1.730000e+02	0.000000e+00	1	2.066116e-03
1.539000e+03	1.750000e+02	0.000000e+00	1	2.066116e-03
1.497000e+03	3.180000e+02	0.000000e+00	1	2.066116e-03
1.511000e+03	2.950000e+02	0.000000e+00	1	2.066116e-03
1.551000e+03	1.650000e+02	0.000000e+00	1	2.066116e-03
1.498000e+03	3.170000e+02	0.000000e+00	1	2.066116e-03
1.561000e+03	1.590000e+02	0.000000e+00	1	2.066116e-03
1.570000e+03	1.540000e+02	0.000000e+00	1	2.066116e-03
1.533000e+03	1.830000e+02	0.000000e+00	1	2.066116e-03
1.511000e+03	2.950000e+02	0.000000e+00	1	2.066116e-03
1.595000e+03	1.410000e+02	0.000000e+00	1	2.066116e-03
1.537000e+03	1.770000e+02	0.000000e+00	1	2.066116e-03
1.765000e+03	1.210000e+02	0.000000e+00	1	2.066116e-03
1.548000e+03	1.670000e+02	0.000000e+00	1	2.066116e-03
1.582000e+03	1.470000e+02	0.000000e+00	1	2.066116e-03
1.540000e+03	1.740000e+02	0.000000e+00	1	2.066116e-03
1.573000e+03	1.520000e+02	0.000000e+00	1	2.066116e-03
1.543000e+03	1.710000e+02	0.000000e+00	1	2.066116e-03
1.508000e+03	2.980000e+02	0.000000e+00	1	2.066116e-03
1.549000e+03	1.660000e+02	0.000000e+00	1	2.066116e-03
1.777000e+03	1.170000e+02	0.000000e+00	1	2.066116e-03
1.571000e+03	1.530000e+02	0.000000e+00	1	2.066116e-03
1.593000e+03	1.420000e+02	0.000000e+00	1	2.066116e-03
1.576000e+03	1.500000e+02	0.000000e+00	1	2.066116e-03
1.554000e+03	1.630000e+02	0.000000e+00	1	2.066116e-03
1.510000e+03	2.960000e+02	0.000000e+00	1	2.066116e-03
1.543000e+03	1.710000e+02	0.000000e+00	1	2.066116e-03
1.752000e+03	1.250000e+02	0.000000e+00	1	2.066116e-03
1.559000e+03	1.600000e+02	0.000000e+00	1	2.066116e-03
1.765000e+03	1.210000e+02	0.000000e+00	1	2.066116e-03
1.580000e+03	1.480000e+02	0.000000e+00	1	2.066116e-03
1.565000e+03	1.570000e+02	0.000000e+00	1	2.066116e-03
1.593000e+03	1.420000e+02	0.000000e+00	1	2.066116e-03
1.541000e+03	1.730000e+02	0.000000e+00	1	2.066116e-03
1.774000e+03	1.180000e+02	0.000000e+00	1	2.066116e-03
1.565000e+03	1.570000e+02	0.000000e+00	1	2.066116e-03
1.768000e+03	1.200000e+02	0.000000e+00	1	2.066116e-03
1.532000e+03	1.840000e+02	0.000000e+00	1	2.066116e-03
1.575000e+03	1.510000e+02	0.000000e+00	1	2.066116e-03
1.559000e+03	1.600000e+02	0.000000e+00	1	2.066116e-03
1.567000e+03	1.560000e+02	0.000000e+00	1	2.066116e-03
1.725000e+03	1.320000e+02	0.000000e+00	1	2.066116e-03
1.569000e+03	1.550000e+02	0.000000e+00	1	2.066116e-03
1.534000e+03	1.810000e+02	0.000000e+00	1	2.066116e-03
1.547000e+03	1.680000e+02	0.000000e+00	1	2.066116e-03
1.570000e+03	1.540000e+02	0.000000e+00	1	2.066116e-03
1.774000e+03	1.180000e+02	0.000000e+00	1	2.066116e-03
1.749000e+03	1.260000e+02	0.000000e+00	1	2.066116e-03
1.561000e+03	1.590000e+02	0.000000e+00	1	2.066116e-03
1.569000e+03	1.550000e+02	0.000000e+00	1	1.742160e-03
1.533000e+03	1.830000e+02	0.000000e+00	1	1.742160e-03
1.490000e+03	3.590000e+02	0.000000e+00	1	1.742160e-03
1.503000e+03	3.090000e+02	0.000000e+00	1	1.742160e-03
1.516000e+03	2.270000e+02	0.000000e+00	1	1.742160e-03
1.511000e+03	2.950000e+02	0.000000e+00	1	1.742160e-03
1.492000e+03	3.530000e+02	0.000000e+00	1	1.742160e-03
1.529000e+03	1.900000e+02	0.000000e+00	1	1.742160e-03
1.509000e+03	2.970000e+02	0.000000e+00	1	1.742160e-03
1.548000e+03	1.670000e+02	0.000000e+00	1	1.742160e-03
1.517000e+03	2.260000e+02	0.000000e+00	1	1.742160e-03
1.530000e+03	1.880000e+02	0.000000e+00	1	1.742160e-03
1.521000e+03	2.100000e+02	0.000000e+00	1	1.742160e-03
1.531000e+03	1.860000e+02	0.000000e+00	1	1.742160e-03
1.513000e+03	2.810000e+02	0.000000e+00	1	1.742160e-03
1.516000e+03	2.270000e+02	0.000000e+00	1	1.742160e-03
1.505000e+03	3.030000e+02	0.000000e+00	1	1.742160e-03
1.506000e+03	3.010000e+02	0.000000e+00	1	1.742160e-03
1.541000e+03	1.730000e+02	0.000000e+00	1	1.742160e-03
1.535000e+03	1.800000e+02	0.000000e+00	1	1.742160e-03
1.541000e+03	1.730000e+02	0.000000e+00	1	1.742160e-03
1.531000e+03	1.860000e+02	0.000000e+00	1	1.742160e-03
1.498000e+03	3.170000e+02	0.000000e+00	1	1.742160e-03
1.521000e+03	2.100000e+02	0.000000e+00	1	1.742160e-03
1.515000e+03	2.290000e+02	0.000000e+00	1	1.742160e-03
1.540000e+03	1.740000e+02	0.000000e+00	1	1.742160e-03
1.522000e+03	2.080000e+02	0.000000e+00	1	1.742160e-03
1.575000e+03	1.510000e+02	0.000000e+00	1	1.742160e-03
1.576000e+03	1.500000e+02	0.000000e+00	1	1.742160e-03
1.559000e+03	1.600000e+02	0.000000e+00	1	1.742160e-03
1.494000e+03	3.420000e+02	0.000000e+00	1	1.742160e-03
1.538000e+03	1.760000e+02	0.000000e+00	1	1.742160e-03
1.526000e+03	1.990000e+02	0.000000e+00	1	1.742160e-03
1.514000e+03	2.320000e+02	0.000000e+00	1	1.742160e-03
1.543000e+03	1.710000e+02	0.000000e+00	1	1.742160e-03
1.497000e+03	3.180000e+02	0.000000e+00	1	1.742160e-03
1.536000e+03	1.790000e+02	0.000000e+00	1	1.742160e-03
1.570000e+03	1.540000e+02	0.000000e+00	1	1.742160e-03
1.497000e+03	3.180000e+02	0.000000e+00	1	1.742160e-03
1.518000e+03	2.240000e+02	0.000000e+00	1	1.742160e-03
1.549000e+03	1.660000e+02	0.000000e+00	1	1.742160e-03
1.547000e+03	1.680000e+02	0.000000e+00	1	1.742160e-03
1.491000e+03	3.550000e+02	0.000000e+00	1	1.742160e-03
1.534000e+03	1.810000e+02	0.000000e+00	1	1.742160e-03
1.535000e+03	1.800000e+02	0.000000e+00	1	1.742160e-03
1.522000e+03	2.080000e+02	0.000000e+00	1	1.742160e-03
1.510000e+03	2.960000e+02	0.000000e+00	1	1.742160e-03
1.532000e+03	1.840000e+02	0.000000e+00	1	1.742160e-03
1.498000e+03	3.170000e+02	0.000000e+00	1	1.742160e-03
1.719000e+03	1.360000e+02	0.000000e+00	1	1.742160e-03
1.551000e+03	1.650000e+02	0.000000e+00	1	1.742160e-03
1.504000e+03	3.080000e+02	0.000000e+00	1	1.742160e-03
1.501000e+03	3.120000e+02	0.000000e+00	1	1.742160e-03
1.537000e+03	1.770000e+02	0.000000e+00	1	1.742160e-03
1.542000e+03	1.720000e+02	0.000000e+00	1	1.742160e-03
1.524000e+03	2.040000e+02	0.000000e+00	1	1.742160e-03
1.725000e+03	1.320000e+02	0.000000e+00	1	1.742160e-03
1.499000e+03	3.150000e+02	0.000000e+00	1	1.742160e-03
1.544000e+03	1.700000e+02	0.000000e+00	1	1.742160e-03
1.493000e+03	3.460000e+02	0.000000e+00	1	1.742160e-03
1.526000e+03	1.990000e+02	0.000000e+00	1	1.742160e-03
1.543000e+03	1.710000e+02	0.000000e+00	1	1.742160e-03
1.533000e+03	1.830000e+02	0.000000e+00	1	1.742160e-03
1.502000e+03	3.110000e+02	0.000000e+00	1	1.742160e-03
1.511000e+03	2.950000e+02	0.000000e+00	1	1.742160e-03
1.495000e+03	3.400000e+02	0.000000e+00	1	1.742160e-03
1.536000e+03	1.790000e+02	0.000000e+00	1	1.742160e-03
1.570000e+03	1.540000e+02	0.000000e+00	1	1.742160e-03
1.530000e+03	1.880000e+02	0.000000e+00	1	1.742160e-03
1.529000e+03	1.900000e+02	0.000000e+00	1	1.742160e-03
1.539000e+03	1.750000e+02	0.000000e+00	1	1.742160e-03
1.548000e+03	1.670000e+02	0.000000e+00	1	1.742160e-03
1.507000e+03	3.000000e+02	0.000000e+00	1	1.742160e-03
1.539000e+03	1.750000e+02	0.000000e+00	1	1.742160e-03
1.500000e+03	3.140000e+02	0.000000e+00	1	1.742160e-03
1.537000e+03	1.770000e+02	0.000000e+00	1	1.742160e-03
1.494000e+03	3.420000e+02	0.000000e+00	1	1.742160e-03
1.520000e+03	2.120000e+02	0.000000e+00	1	1.742160e-03
1.518000e+03	2.240000e+02	0.000000e+00	1	1.742160e-03
1.508000e+03	2.980000e+02	0.000000e+00	1	1.742160e-03
1.508000e+03	2.980000e+02	0.000000e+00	1	0.000000e+00
1.502000e+03	3.110000e+02	0.000000e+00	1	0.000000e+00
1.536000e+03	1.790000e+02	0.000000e+00	1	0.000000e+00
1.547000e+03	1.680000e+02	0.000000e+00	1	0.000000e+00
1.603000e+03	1.390000e+02	0.000000e+00	1	0.000000e+00
1.514000e+03	2.320000e+02	0.000000e+00	1	0.000000e+00
1.516000e+03	2.270000e+02	0.000000e+00	1	0.000000e+00
1.585000e+03	1.450000e+02	0.000000e+00	1	0.000000e+00
1.521000e+03	2.100000e+02	0.000000e+00	1	0.000000e+00
1.496000e+03	3.200000e+02	0.000000e+00	1	0.000000e+00
1.536000e+03	1.790000e+02	0.000000e+00	1	0.000000e+00
1.563000e+03	1.580000e+02	0.000000e+00	1	0.000000e+00
1.593000e+03	1.420000e+02	0.000000e+00	1	0.000000e+00
1.532000e+03	1.840000e+02	0.000000e+00	1	0.000000e+00
1.587000e+03	1.440000e+02	0.000000e+00	1	0.000000e+00
1.519000e+03	2.150000e+02	0.000000e+00	1	0.000000e+00
1.507000e+03	3.000000e+02	0.000000e+00	1	0.000000e+00
1.559000e+03	1.600000e+02	0.000000e+00	1	0.000000e+00
1.772000e+03	1.190000e+02	0.000000e+00	1	0.000000e+00
1.580000e+03	1.480000e+02	0.000000e+00	1	0.000000e+00
1.723000e+03	1.330000e+02	0.000000e+00	1	0.000000e+00
1.544000e+03	1.700000e+02	0.000000e+00	1	0.000000e+00
1.567000e+03	1.560000e+02	0.000000e+00	1	0.000000e+00
1.540000e+03	1.740000e+02	0.000000e+00	1	0.000000e+00
1.492000e+03	3.530000e+02	0.000000e+00	1	0.000000e+00
1.496000e+03	3.200000e+02	0.000000e+00	1	0.000000e+00
1.536000e+03	1.790000e+02	0.000000e+00	1	0.000000e+00
1.535000e+03	1.800000e+02	0.000000e+00	1	0.000000e+00
1.504000e+03	3.080000e+02	0.000000e+00	1	0.000000e+00
1.504000e+03	3.080000e+02	0.000000e+00	1	0.000000e+00
1.533000e+03	1.830000e+02	0.000000e+00	1	0.000000e+00
1.726000e+03	1.310000e+02	0.000000e+00	1	0.000000e+00
1.527000e+03	1.970000e+02	0.000000e+00	1	0.000000e+00
1.730000e+03	1.290000e+02	0.000000e+00	1	0.000000e+00
1.587000e+03	1.440000e+02	0.000000e+00	1	0.000000e+00
1.558000e+03	1.610000e+02	0.000000e+00	1	0.000000e+00
1.543000e+03	1.710000e+02	0.000000e+00	1	0.000000e+00
1.538000e+03	1.760000e+02	0.000000e+00	1	0.000000e+00
1.501000e+03	3.120000e+02	0.000000e+00	1	0.000000e+00
1.541000e+03	1.730000e+02	0.000000e+00	1	0.000000e+00
1.554000e+03	1.630000e+02	0.000000e+00	1	0.000000e+00
1.554000e+03	1.630000e+02	0.000000e+00	1	0.000000e+00
1.580000e+03	1.480000e+02	0.000000e+00	1	0.000000e+00
1.583000e+03	1.460000e+02	0.000000e+00	1	0.000000e+00
1.529000e+03	1.900000e+02	0.000000e+00	1	0.000000e+00
1.535000e+03	1.800000e+02	0.000000e+00	1	0.000000e+00
1.559000e+03	1.600000e+02	0.000000e+00	1	0.000000e+00
1.512000e+03	2.940000e+02	0.000000e+00	1	0.000000e+00
1.580000e+03	1.480000e+02	0.000000e+00	1	0.000000e+00
1.514000e+03	2.320000e+02	0.000000e+00	1	0.000000e+00
1.561000e+03	1.590000e+02	0.000000e+00	1	0.000000e+00
1.543000e+03	1.710000e+02	0.000000e+00	1	0.000000e+00
1.591000e+03	1.430000e+02	0.000000e+00	1	0.000000e+00
1.593000e+03	1.420000e+02	0.000000e+00	1	0.000000e+00
1.765000e+03	1.210000e+02	0.000000e+00	1	0.000000e+00
1.521000e+03	2.100000e+02	0.000000e+00	1	0.000000e+00
1.523000e+03	2.060000e+02	0.000000e+00	1	0.000000e+00
1.535000e+03	1.800000e+02	0.000000e+00	1	0.000000e+00
1.534000e+03	1.810000e+02	0.000000e+00	1	0.000000e+00
1.530000e+03	1.880000e+02	0.000000e+00	1	0.000000e+00
1.558000e+03	1.610000e+02	0.000000e+00	1	0.000000e+00
1.762000e+03	1.220000e+02	0.000000e+00	1	0.000000e+00
1.537000e+03	1.770000e+02	0.000000e+00	1	0.000000e+00
1.571000e+03	1.530000e+02	0.000000e+00	1	0.000000e+00
1.535000e+03	1.800000e+02	0.000000e+00	1	0.000000e+00
1.526000e+03	1.990000e+02	0.000000e+00	1	0.000000e+00
1.536000e+03	1.790000e+02	0.000000e+00	1	0.000000e+00
1.517000e+03	2.260000e+02	0.000000e+00	1	0.000000e+00
1.523000e+03	2.060000e+02	0.000000e+00	1	0.000000e+00
1.587000e+03	1.440000e+02	0.000000e+00	1	0.000000e+00
1.501000e+03	3.120000e+02	0.000000e+00	1	0.000000e+00
1.498000e+03	3.170000e+02	0.000000e+00	1	0.000000e+00
1.523000e+03	2.060000e+02	0.000000e+00	1	0.000000e+00
1.493000e+03	3.460000e+02	0.000000e+00	1	0.000000e+00
1.515000e+03	2.290000e+02	0.000000e+00	1	0.000000e+00
1.569000e+03	1.550000e+02	0.000000e+00	1	0.000000e+00
1.536000e+03	1.790000e+02	0.000000e+00	1	0.000000e+00
1.552000e+03	1.640000e+02	0.000000e+00	1	0.000000e+00
1.509000e+03	2.970000e+02	0.000000e+00	1	0.000000e+00
1.533000e+03	1.830000e+02	0.000000e+00	1	0.000000e+00
1.517000e+03	2.260000e+02	0.000000e+00	1	0.000000e+00
1.526000e+03	1.990000e+02	0.000000e+00	1	0.000000e+00
1.541000e+03	1.730000e+02	0.000000e+00	1	0.000000e+00
1.530000e+03	1.880000e+02	0.000000e+00	1	0.000000e+00
1.563000e+03	1.580000e+02	0.000000e+00	1	0.000000e+00
1.508000e+03	2.980000e+02	0.000000e+00	1	0.000000e+00
1.506000e+03	3.010000e+02	0.000000e+00	1	0.000000e+00
1.509000e+03	2.970000e+02	0.000000e+00	1	0.000000e+00
1.523000e+03	2.060000e+02	0.000000e+00	1	0.000000e+00
1.575000e+03	1.510000e+02	0.000000e+00	1	0.000000e+00
1.573000e+03	1.520000e+02	0.000000e+00	1	0.000000e+00
1.556000e+03	1.620000e+02	0.000000e+00	1	0.000000e+00
1.503000e+03	3.090000e+02	0.000000e+00	1	0.000000e+00
1.571000e+03	1.530000e+02	0.000000e+00	1	0.000000e+00
1.511000e+03	2.950000e+02	0.000000e+00	1	0.000000e+00
1.527000e+03	1.970000e+02	0.000000e+00	1	0.000000e+00
1.494000e+03	3.420000e+02	0.000000e+00	1	0.000000e+00
1.578000e+03	1.490000e+02	0.000000e+00	1	0.000000e+00
1.512000e+03	2.940000e+02	0.000000e+00	1	0.000000e+00
1.599000e+03	1.400000e+02	0.000000e+00	1	0.000000e+00
1.570000e+03	1.540000e+02	0.000000e+00	1	0.000000e+00
1.735000e+03	1.270000e+02	0.000000e+00	1	0.000000e+00
1.531000e+03	1.860000e+02	0.000000e+00	1	0.000000e+00
1.752000e+03	1.250000e+02	0.000000e+00	1	0.000000e+00
1.571000e+03	1.530000e+02	0.000000e+00	1	0.000000e+00
1.504000e+03	3.080000e+02	0.000000e+00	1	0.000000e+00
1.576000e+03	1.500000e+02	0.000000e+00	1	0.000000e+00
1.533000e+03	1.830000e+02	0.000000e+00	1	0.000000e+00
1.526000e+03	1.990000e+02	0.000000e+00	1	0.000000e+00
1.540000e+03	1.740000e+02	0.000000e+00	1	0.000000e+00
1.507000e+03	3.000000e+02	0.000000e+00	1	0.000000e+00
1.719000e+03	1.360000e+02	0.000000e+00	1	0.000000e+00
1.556000e+03	1.620000e+02	0.000000e+00	1	0.000000e+00
1.777000e+03	1.170000e+02	0.000000e+00	1	0.000000e+00
1.578000e+03	1.490000e+02	0.000000e+00	1	0.000000e+00
1.533000e+03	1.830000e+02	0.000000e+00	1	0.000000e+00
1.552000e+03	1.640000e+02	0.000000e+00	1	0.000000e+00
1.541000e+03	1.730000e+02	0.000000e+00	1	0.000000e+00
1.515000e+03	2.290000e+02	0.000000e+00	1	0.000000e+00
1.573000e+03	1.520000e+02	0.000000e+00	1	0.000000e+00
1.517000e+03	2.260000e+02	0.000000e+00	1	0.000000e+00
1.530000e+03	1.880000e+02	0.000000e+00	1	0.000000e+00
1.541000e+03	1.730000e+02	0.000000e+00	1	0.000000e+00
1.582000e+03	1.470000e+02	0.000000e+00	1	0.000000e+00
1.582000e+03	1.470000e+02	0.000000e+00	1	0.000000e+00
1.539000e+03	1.750000e+02	0.000000e+00	1	0.000000e+00
1.603000e+03	1.390000e+02	0.000000e+00	1	0.000000e+00
1.559000e+03	1.600000e+02	0.000000e+00	1	0.000000e+00
1.569000e+03	1.550000e+02	0.000000e+00	1	0.000000e+00
1.554000e+03	1.630000e+02	0.000000e+00	1	0.000000e+00
1.538000e+03	1.760000e+02	0.000000e+00	1	0.000000e+00
1.524000e+03	2.040000e+02	0.000000e+00	1	0.000000e+00
1.760000e+03	1.230000e+02	0.000000e+00	1	0.000000e+00
1.495000e+03	3.400000e+02	0.000000e+00	1	0.000000e+00
1.582000e+03	1.470000e+02	0.000000e+00	1	0.000000e+00
1.558000e+03	1.610000e+02	0.000000e+00	1	0.000000e+00
1.511000e+03	2.950000e+02	0.000000e+00	1	0.000000e+00
1.529000e+03	1.900000e+02	0.000000e+00	1	0.000000e+00
1.582000e+03	1.470000e+02	0.000000e+00	1	0.000000e+00
1.510000e+03	2.960000e+02	0.000000e+00	1	0.000000e+00
1.523000e+03	2.060000e+02	0.000000e+00	1	0.000000e+00
1.536000e+03	1.790000e+02	0.000000e+00	1	0.000000e+00
1.494000e+03	3.420000e+02	0.000000e+00	1	0.000000e+00
1.547000e+03	1.680000e+02	0.000000e+00	1	0.000000e+00
1.595000e+03	1.410000e+02	0.000000e+00	1	0.000000e+00
1.533000e+03	1.830000e+02	0.000000e+00	1	0.000000e+00
1.522000e+03	2.080000e+02	0.000000e+00	1	0.000000e+00
1.535000e+03	1.800000e+02	0.000000e+00	1	0.000000e+00
1.548000e+03	1.670000e+02	0.000000e+00	1	0.000000e+00
1.526000e+03	1.990000e+02	0.000000e+00	1	0.000000e+00
1.498000e+03	3.170000e+02	0.000000e+00	1	0.000000e+00
1.533000e+03	1.830000e+02	0.000000e+00	1	0.000000e+00
1.521000e+03	2.100000e+02	0.000000e+00	1	0.000000e+00
1.536000e+03	1.790000e+02	0.000000e+00	1	0.000000e+00
1.533000e+03	1.830000e+02	0.000000e+00	1	0.000000e+00
1.536000e+03	1.790000e+02	0.000000e+00	1	0.000000e+00
1.524000e+03	2.040000e+02	0.000000e+00	1	0.000000e+00
1.571000e+03	1.530000e+02	0.000000e+00	1	0.000000e+00
1.498000e+03	3.170000e+02	0.000000e+00	1	0.000000e+00
1.571000e+03	1.530000e+02	0.000000e+00	1	0.000000e+00
1.522000e+03	2.080000e+02	0.000000e+00	1	0.000000e+00
1.526000e+03	1.990000e+02	0.000000e+00	1	0.000000e+00
Total execution time: 388846.782
