# This file contains the data of final feasible population (if found)
# of objectives = 2, # of constraints = 0, # of real_var = 0, # of bits of bin_var = 0, constr_violation, rank, crowding_distance
1.466000e+03	3.870000e+02	0.000000e+00	1	1.000000e+14
1.597000e+03	1.260000e+02	0.000000e+00	1	1.000000e+14
1.473000e+03	3.170000e+02	0.000000e+00	1	9.577082e-02
1.472000e+03	3.650000e+02	0.000000e+00	1	9.195402e-02
1.527000e+03	1.900000e+02	0.000000e+00	1	4.213097e-02
1.526000e+03	2.100000e+02	0.000000e+00	1	3.831418e-02
1.592000e+03	1.270000e+02	0.000000e+00	1	2.099968e-02
1.468000e+03	3.810000e+02	0.000000e+00	1	1.914246e-02
1.597000e+03	1.260000e+02	0.000000e+00	1	1.908397e-02
1.588000e+03	1.280000e+02	0.000000e+00	1	1.718288e-02
1.578000e+03	1.310000e+02	0.000000e+00	1	1.718288e-02
1.592000e+03	1.270000e+02	0.000000e+00	1	1.718288e-02
1.582000e+03	1.300000e+02	0.000000e+00	1	1.718288e-02
1.469000e+03	3.730000e+02	0.000000e+00	1	1.532567e-02
1.588000e+03	1.280000e+02	0.000000e+00	1	1.526718e-02
1.584000e+03	1.290000e+02	0.000000e+00	1	1.526718e-02
1.496000e+03	2.530000e+02	0.000000e+00	1	1.339534e-02
1.495000e+03	2.580000e+02	0.000000e+00	1	1.339534e-02
1.493000e+03	2.670000e+02	0.000000e+00	1	1.339534e-02
1.494000e+03	2.620000e+02	0.000000e+00	1	1.147963e-02
1.495000e+03	2.580000e+02	0.000000e+00	1	1.147963e-02
1.479000e+03	2.960000e+02	0.000000e+00	1	1.147963e-02
1.475000e+03	3.100000e+02	0.000000e+00	1	1.147963e-02
1.476000e+03	3.060000e+02	0.000000e+00	1	1.147963e-02
1.489000e+03	2.760000e+02	0.000000e+00	1	1.146501e-02
1.554000e+03	1.530000e+02	0.000000e+00	1	1.146501e-02
1.491000e+03	2.750000e+02	0.000000e+00	1	9.578544e-03
1.494000e+03	2.620000e+02	0.000000e+00	1	9.578544e-03
1.492000e+03	2.700000e+02	0.000000e+00	1	9.578544e-03
1.493000e+03	2.670000e+02	0.000000e+00	1	9.563920e-03
1.492000e+03	2.700000e+02	0.000000e+00	1	9.563920e-03
1.467000e+03	3.840000e+02	0.000000e+00	1	9.563920e-03
1.478000e+03	3.000000e+02	0.000000e+00	1	9.563920e-03
1.482000e+03	2.890000e+02	0.000000e+00	1	9.563920e-03
1.477000e+03	3.030000e+02	0.000000e+00	1	9.563920e-03
1.476000e+03	3.060000e+02	0.000000e+00	1	9.563920e-03
1.530000e+03	1.830000e+02	0.000000e+00	1	9.563920e-03
1.466000e+03	3.870000e+02	0.000000e+00	1	9.563920e-03
1.477000e+03	3.030000e+02	0.000000e+00	1	9.563920e-03
1.584000e+03	1.290000e+02	0.000000e+00	1	9.549297e-03
1.552000e+03	1.550000e+02	0.000000e+00	1	9.549297e-03
1.573000e+03	1.350000e+02	0.000000e+00	1	9.549297e-03
1.559000e+03	1.490000e+02	0.000000e+00	1	9.549297e-03
1.473000e+03	3.170000e+02	0.000000e+00	1	7.662835e-03
1.474000e+03	3.130000e+02	0.000000e+00	1	7.662835e-03
1.478000e+03	3.000000e+02	0.000000e+00	1	7.662835e-03
1.471000e+03	3.670000e+02	0.000000e+00	1	7.648212e-03
1.483000e+03	2.860000e+02	0.000000e+00	1	7.648212e-03
1.507000e+03	2.330000e+02	0.000000e+00	1	7.648212e-03
1.498000e+03	2.480000e+02	0.000000e+00	1	7.648212e-03
1.516000e+03	2.220000e+02	0.000000e+00	1	7.648212e-03
1.506000e+03	2.350000e+02	0.000000e+00	1	7.648212e-03
1.480000e+03	2.930000e+02	0.000000e+00	1	7.648212e-03
1.552000e+03	1.550000e+02	0.000000e+00	1	7.648212e-03
1.503000e+03	2.390000e+02	0.000000e+00	1	7.648212e-03
1.497000e+03	2.500000e+02	0.000000e+00	1	7.648212e-03
1.500000e+03	2.440000e+02	0.000000e+00	1	7.648212e-03
1.501000e+03	2.420000e+02	0.000000e+00	1	7.648212e-03
1.488000e+03	2.780000e+02	0.000000e+00	1	7.648212e-03
1.487000e+03	2.800000e+02	0.000000e+00	1	7.648212e-03
1.505000e+03	2.360000e+02	0.000000e+00	1	7.648212e-03
1.486000e+03	2.810000e+02	0.000000e+00	1	7.648212e-03
1.535000e+03	1.750000e+02	0.000000e+00	1	7.648212e-03
1.502000e+03	2.410000e+02	0.000000e+00	1	7.648212e-03
1.513000e+03	2.250000e+02	0.000000e+00	1	7.648212e-03
1.491000e+03	2.750000e+02	0.000000e+00	1	7.633588e-03
1.582000e+03	1.300000e+02	0.000000e+00	1	7.633588e-03
1.575000e+03	1.340000e+02	0.000000e+00	1	7.633588e-03
1.557000e+03	1.500000e+02	0.000000e+00	1	7.633588e-03
1.496000e+03	2.530000e+02	0.000000e+00	1	5.747126e-03
1.474000e+03	3.130000e+02	0.000000e+00	1	5.747126e-03
1.480000e+03	2.930000e+02	0.000000e+00	1	5.747126e-03
1.468000e+03	3.810000e+02	0.000000e+00	1	5.747126e-03
1.475000e+03	3.100000e+02	0.000000e+00	1	5.747126e-03
1.470000e+03	3.700000e+02	0.000000e+00	1	5.747126e-03
1.467000e+03	3.840000e+02	0.000000e+00	1	5.747126e-03
1.471000e+03	3.670000e+02	0.000000e+00	1	5.747126e-03
1.497000e+03	2.500000e+02	0.000000e+00	1	5.747126e-03
1.483000e+03	2.860000e+02	0.000000e+00	1	5.747126e-03
1.470000e+03	3.700000e+02	0.000000e+00	1	5.747126e-03
1.469000e+03	3.730000e+02	0.000000e+00	1	5.747126e-03
1.529000e+03	1.860000e+02	0.000000e+00	1	5.747126e-03
1.479000e+03	2.960000e+02	0.000000e+00	1	5.747126e-03
1.511000e+03	2.280000e+02	0.000000e+00	1	5.732503e-03
1.563000e+03	1.450000e+02	0.000000e+00	1	5.732503e-03
1.485000e+03	2.830000e+02	0.000000e+00	1	5.732503e-03
1.560000e+03	1.480000e+02	0.000000e+00	1	5.732503e-03
1.521000e+03	2.160000e+02	0.000000e+00	1	5.732503e-03
1.562000e+03	1.460000e+02	0.000000e+00	1	5.732503e-03
1.514000e+03	2.240000e+02	0.000000e+00	1	5.732503e-03
1.515000e+03	2.230000e+02	0.000000e+00	1	5.732503e-03
1.561000e+03	1.470000e+02	0.000000e+00	1	5.732503e-03
1.539000e+03	1.690000e+02	0.000000e+00	1	5.732503e-03
1.551000e+03	1.560000e+02	0.000000e+00	1	5.732503e-03
1.573000e+03	1.350000e+02	0.000000e+00	1	5.732503e-03
1.571000e+03	1.370000e+02	0.000000e+00	1	5.732503e-03
1.538000e+03	1.700000e+02	0.000000e+00	1	5.732503e-03
1.550000e+03	1.570000e+02	0.000000e+00	1	5.732503e-03
1.578000e+03	1.310000e+02	0.000000e+00	1	5.732503e-03
1.563000e+03	1.450000e+02	0.000000e+00	1	5.732503e-03
1.577000e+03	1.320000e+02	0.000000e+00	1	5.732503e-03
1.512000e+03	2.270000e+02	0.000000e+00	1	5.732503e-03
1.544000e+03	1.630000e+02	0.000000e+00	1	5.732503e-03
1.556000e+03	1.510000e+02	0.000000e+00	1	5.732503e-03
1.489000e+03	2.760000e+02	0.000000e+00	1	5.732503e-03
1.518000e+03	2.190000e+02	0.000000e+00	1	5.732503e-03
1.544000e+03	1.630000e+02	0.000000e+00	1	5.732503e-03
1.554000e+03	1.530000e+02	0.000000e+00	1	5.732503e-03
1.522000e+03	2.150000e+02	0.000000e+00	1	5.732503e-03
1.520000e+03	2.170000e+02	0.000000e+00	1	5.732503e-03
1.549000e+03	1.580000e+02	0.000000e+00	1	5.732503e-03
1.564000e+03	1.440000e+02	0.000000e+00	1	5.732503e-03
1.538000e+03	1.700000e+02	0.000000e+00	1	5.732503e-03
1.566000e+03	1.420000e+02	0.000000e+00	1	5.732503e-03
1.534000e+03	1.760000e+02	0.000000e+00	1	5.732503e-03
1.571000e+03	1.370000e+02	0.000000e+00	1	5.732503e-03
1.576000e+03	1.330000e+02	0.000000e+00	1	5.732503e-03
1.572000e+03	1.360000e+02	0.000000e+00	1	5.732503e-03
1.568000e+03	1.400000e+02	0.000000e+00	1	5.732503e-03
1.546000e+03	1.610000e+02	0.000000e+00	1	5.732503e-03
1.560000e+03	1.480000e+02	0.000000e+00	1	5.732503e-03
1.555000e+03	1.520000e+02	0.000000e+00	1	5.732503e-03
1.515000e+03	2.230000e+02	0.000000e+00	1	5.732503e-03
1.509000e+03	2.310000e+02	0.000000e+00	1	5.732503e-03
1.546000e+03	1.610000e+02	0.000000e+00	1	5.732503e-03
1.543000e+03	1.640000e+02	0.000000e+00	1	5.732503e-03
1.520000e+03	2.170000e+02	0.000000e+00	1	5.732503e-03
1.487000e+03	2.800000e+02	0.000000e+00	1	5.732503e-03
1.526000e+03	2.100000e+02	0.000000e+00	1	5.732503e-03
1.508000e+03	2.320000e+02	0.000000e+00	1	5.732503e-03
1.517000e+03	2.200000e+02	0.000000e+00	1	5.732503e-03
1.576000e+03	1.330000e+02	0.000000e+00	1	5.732503e-03
1.567000e+03	1.410000e+02	0.000000e+00	1	5.732503e-03
1.516000e+03	2.220000e+02	0.000000e+00	1	5.732503e-03
1.548000e+03	1.590000e+02	0.000000e+00	1	5.732503e-03
1.531000e+03	1.810000e+02	0.000000e+00	1	3.831418e-03
1.531000e+03	1.810000e+02	0.000000e+00	1	3.831418e-03
1.517000e+03	2.200000e+02	0.000000e+00	1	3.831418e-03
1.530000e+03	1.830000e+02	0.000000e+00	1	3.831418e-03
1.532000e+03	1.790000e+02	0.000000e+00	1	3.831418e-03
1.523000e+03	2.140000e+02	0.000000e+00	1	3.831418e-03
1.524000e+03	2.120000e+02	0.000000e+00	1	3.831418e-03
1.512000e+03	2.270000e+02	0.000000e+00	1	3.831418e-03
1.529000e+03	1.860000e+02	0.000000e+00	1	3.831418e-03
1.472000e+03	3.650000e+02	0.000000e+00	1	3.831418e-03
1.500000e+03	2.440000e+02	0.000000e+00	1	3.831418e-03
1.484000e+03	2.840000e+02	0.000000e+00	1	3.831418e-03
1.504000e+03	2.380000e+02	0.000000e+00	1	3.831418e-03
1.499000e+03	2.460000e+02	0.000000e+00	1	3.831418e-03
1.541000e+03	1.660000e+02	0.000000e+00	1	3.831418e-03
1.481000e+03	2.910000e+02	0.000000e+00	1	3.831418e-03
1.532000e+03	1.790000e+02	0.000000e+00	1	3.831418e-03
1.488000e+03	2.780000e+02	0.000000e+00	1	3.831418e-03
1.481000e+03	2.910000e+02	0.000000e+00	1	3.831418e-03
1.499000e+03	2.460000e+02	0.000000e+00	1	3.831418e-03
1.511000e+03	2.280000e+02	0.000000e+00	1	3.831418e-03
1.485000e+03	2.830000e+02	0.000000e+00	1	3.831418e-03
1.528000e+03	1.880000e+02	0.000000e+00	1	3.831418e-03
1.537000e+03	1.710000e+02	0.000000e+00	1	3.831418e-03
1.510000e+03	2.300000e+02	0.000000e+00	1	3.831418e-03
1.540000e+03	1.680000e+02	0.000000e+00	1	3.831418e-03
1.528000e+03	1.880000e+02	0.000000e+00	1	3.831418e-03
1.533000e+03	1.770000e+02	0.000000e+00	1	3.831418e-03
1.482000e+03	2.890000e+02	0.000000e+00	1	3.831418e-03
1.498000e+03	2.480000e+02	0.000000e+00	1	3.831418e-03
1.536000e+03	1.730000e+02	0.000000e+00	1	3.831418e-03
1.527000e+03	1.900000e+02	0.000000e+00	1	3.831418e-03
1.536000e+03	1.730000e+02	0.000000e+00	1	3.831418e-03
1.499000e+03	2.460000e+02	0.000000e+00	1	3.816794e-03
1.517000e+03	2.200000e+02	0.000000e+00	1	3.816794e-03
1.468000e+03	3.810000e+02	0.000000e+00	1	3.816794e-03
1.469000e+03	3.730000e+02	0.000000e+00	1	3.816794e-03
1.541000e+03	1.660000e+02	0.000000e+00	1	3.816794e-03
1.473000e+03	3.170000e+02	0.000000e+00	1	3.816794e-03
1.471000e+03	3.670000e+02	0.000000e+00	1	3.816794e-03
1.502000e+03	2.410000e+02	0.000000e+00	1	3.816794e-03
1.479000e+03	2.960000e+02	0.000000e+00	1	3.816794e-03
1.505000e+03	2.360000e+02	0.000000e+00	1	3.816794e-03
1.492000e+03	2.700000e+02	0.000000e+00	1	3.816794e-03
1.569000e+03	1.390000e+02	0.000000e+00	1	3.816794e-03
1.531000e+03	1.810000e+02	0.000000e+00	1	3.816794e-03
1.480000e+03	2.930000e+02	0.000000e+00	1	3.816794e-03
1.539000e+03	1.690000e+02	0.000000e+00	1	3.816794e-03
1.549000e+03	1.580000e+02	0.000000e+00	1	3.816794e-03
1.481000e+03	2.910000e+02	0.000000e+00	1	3.816794e-03
1.533000e+03	1.770000e+02	0.000000e+00	1	3.816794e-03
1.524000e+03	2.120000e+02	0.000000e+00	1	3.816794e-03
1.529000e+03	1.860000e+02	0.000000e+00	1	3.816794e-03
1.542000e+03	1.650000e+02	0.000000e+00	1	3.816794e-03
1.512000e+03	2.270000e+02	0.000000e+00	1	3.816794e-03
1.545000e+03	1.620000e+02	0.000000e+00	1	3.816794e-03
1.488000e+03	2.780000e+02	0.000000e+00	1	3.816794e-03
1.542000e+03	1.650000e+02	0.000000e+00	1	3.816794e-03
1.486000e+03	2.810000e+02	0.000000e+00	1	3.816794e-03
1.497000e+03	2.500000e+02	0.000000e+00	1	3.816794e-03
1.510000e+03	2.300000e+02	0.000000e+00	1	3.816794e-03
1.567000e+03	1.410000e+02	0.000000e+00	1	3.816794e-03
1.541000e+03	1.660000e+02	0.000000e+00	1	3.816794e-03
1.536000e+03	1.730000e+02	0.000000e+00	1	3.816794e-03
1.525000e+03	2.110000e+02	0.000000e+00	1	3.816794e-03
1.535000e+03	1.750000e+02	0.000000e+00	1	3.816794e-03
1.568000e+03	1.400000e+02	0.000000e+00	1	3.816794e-03
1.482000e+03	2.890000e+02	0.000000e+00	1	3.816794e-03
1.507000e+03	2.330000e+02	0.000000e+00	1	3.816794e-03
1.514000e+03	2.240000e+02	0.000000e+00	1	3.816794e-03
1.484000e+03	2.840000e+02	0.000000e+00	1	3.816794e-03
1.526000e+03	2.100000e+02	0.000000e+00	1	3.816794e-03
1.519000e+03	2.180000e+02	0.000000e+00	1	3.816794e-03
1.565000e+03	1.430000e+02	0.000000e+00	1	3.816794e-03
1.481000e+03	2.910000e+02	0.000000e+00	1	3.816794e-03
1.528000e+03	1.880000e+02	0.000000e+00	1	3.816794e-03
1.478000e+03	3.000000e+02	0.000000e+00	1	3.816794e-03
1.499000e+03	2.460000e+02	0.000000e+00	1	3.816794e-03
1.570000e+03	1.380000e+02	0.000000e+00	1	3.816794e-03
1.561000e+03	1.470000e+02	0.000000e+00	1	3.816794e-03
1.484000e+03	2.840000e+02	0.000000e+00	1	3.816794e-03
1.511000e+03	2.280000e+02	0.000000e+00	1	3.816794e-03
1.532000e+03	1.790000e+02	0.000000e+00	1	3.816794e-03
1.570000e+03	1.380000e+02	0.000000e+00	1	3.816794e-03
1.566000e+03	1.420000e+02	0.000000e+00	1	3.816794e-03
1.483000e+03	2.860000e+02	0.000000e+00	1	3.816794e-03
1.545000e+03	1.620000e+02	0.000000e+00	1	3.816794e-03
1.557000e+03	1.500000e+02	0.000000e+00	1	3.816794e-03
1.524000e+03	2.120000e+02	0.000000e+00	1	3.816794e-03
1.491000e+03	2.750000e+02	0.000000e+00	1	3.816794e-03
1.510000e+03	2.300000e+02	0.000000e+00	1	3.816794e-03
1.540000e+03	1.680000e+02	0.000000e+00	1	3.816794e-03
1.504000e+03	2.380000e+02	0.000000e+00	1	3.816794e-03
1.474000e+03	3.130000e+02	0.000000e+00	1	3.816794e-03
1.540000e+03	1.680000e+02	0.000000e+00	1	3.816794e-03
1.470000e+03	3.700000e+02	0.000000e+00	1	3.816794e-03
1.472000e+03	3.650000e+02	0.000000e+00	1	3.816794e-03
1.506000e+03	2.350000e+02	0.000000e+00	1	3.816794e-03
1.547000e+03	1.600000e+02	0.000000e+00	1	3.816794e-03
1.521000e+03	2.160000e+02	0.000000e+00	1	3.816794e-03
1.498000e+03	2.480000e+02	0.000000e+00	1	3.816794e-03
1.513000e+03	2.250000e+02	0.000000e+00	1	3.816794e-03
1.537000e+03	1.710000e+02	0.000000e+00	1	3.816794e-03
1.528000e+03	1.880000e+02	0.000000e+00	1	3.816794e-03
1.556000e+03	1.510000e+02	0.000000e+00	1	3.816794e-03
1.555000e+03	1.520000e+02	0.000000e+00	1	3.816794e-03
1.501000e+03	2.420000e+02	0.000000e+00	1	3.816794e-03
1.564000e+03	1.440000e+02	0.000000e+00	1	3.816794e-03
1.529000e+03	1.860000e+02	0.000000e+00	1	3.816794e-03
1.503000e+03	2.390000e+02	0.000000e+00	1	3.816794e-03
1.469000e+03	3.730000e+02	0.000000e+00	1	3.816794e-03
1.551000e+03	1.560000e+02	0.000000e+00	1	3.816794e-03
1.532000e+03	1.790000e+02	0.000000e+00	1	3.816794e-03
1.467000e+03	3.840000e+02	0.000000e+00	1	3.816794e-03
1.548000e+03	1.590000e+02	0.000000e+00	1	3.816794e-03
1.500000e+03	2.440000e+02	0.000000e+00	1	3.816794e-03
1.569000e+03	1.390000e+02	0.000000e+00	1	3.816794e-03
1.531000e+03	1.810000e+02	0.000000e+00	1	3.816794e-03
1.475000e+03	3.100000e+02	0.000000e+00	1	3.816794e-03
1.527000e+03	1.900000e+02	0.000000e+00	1	3.816794e-03
1.533000e+03	1.770000e+02	0.000000e+00	1	3.816794e-03
1.562000e+03	1.460000e+02	0.000000e+00	1	3.816794e-03
1.537000e+03	1.710000e+02	0.000000e+00	1	3.816794e-03
1.577000e+03	1.320000e+02	0.000000e+00	1	3.816794e-03
1.523000e+03	2.140000e+02	0.000000e+00	1	3.816794e-03
1.572000e+03	1.360000e+02	0.000000e+00	1	3.816794e-03
1.559000e+03	1.490000e+02	0.000000e+00	1	3.816794e-03
1.525000e+03	2.110000e+02	0.000000e+00	1	3.816794e-03
1.470000e+03	3.700000e+02	0.000000e+00	1	3.816794e-03
1.530000e+03	1.830000e+02	0.000000e+00	1	3.816794e-03
1.543000e+03	1.640000e+02	0.000000e+00	1	3.816794e-03
1.522000e+03	2.150000e+02	0.000000e+00	1	3.816794e-03
1.565000e+03	1.430000e+02	0.000000e+00	1	3.816794e-03
1.550000e+03	1.570000e+02	0.000000e+00	1	3.816794e-03
1.519000e+03	2.180000e+02	0.000000e+00	1	3.816794e-03
1.508000e+03	2.320000e+02	0.000000e+00	1	3.816794e-03
1.523000e+03	2.140000e+02	0.000000e+00	1	3.816794e-03
1.534000e+03	1.760000e+02	0.000000e+00	1	3.816794e-03
1.494000e+03	2.620000e+02	0.000000e+00	1	3.816794e-03
1.504000e+03	2.380000e+02	0.000000e+00	1	3.816794e-03
1.472000e+03	3.650000e+02	0.000000e+00	1	3.816794e-03
1.485000e+03	2.830000e+02	0.000000e+00	1	3.816794e-03
1.518000e+03	2.190000e+02	0.000000e+00	1	3.816794e-03
1.496000e+03	2.530000e+02	0.000000e+00	1	3.816794e-03
1.547000e+03	1.600000e+02	0.000000e+00	1	3.816794e-03
1.575000e+03	1.340000e+02	0.000000e+00	1	3.816794e-03
1.536000e+03	1.730000e+02	0.000000e+00	1	3.816794e-03
1.474000e+03	3.130000e+02	0.000000e+00	1	3.816794e-03
1.509000e+03	2.310000e+02	0.000000e+00	1	3.816794e-03
1.577000e+03	1.320000e+02	0.000000e+00	1	1.915709e-03
1.575000e+03	1.340000e+02	0.000000e+00	1	1.915709e-03
1.491000e+03	2.750000e+02	0.000000e+00	1	1.915709e-03
1.561000e+03	1.470000e+02	0.000000e+00	1	1.915709e-03
1.539000e+03	1.690000e+02	0.000000e+00	1	1.915709e-03
1.570000e+03	1.380000e+02	0.000000e+00	1	1.915709e-03
1.534000e+03	1.760000e+02	0.000000e+00	1	1.915709e-03
1.540000e+03	1.680000e+02	0.000000e+00	1	1.915709e-03
1.533000e+03	1.770000e+02	0.000000e+00	1	1.915709e-03
1.522000e+03	2.150000e+02	0.000000e+00	1	1.915709e-03
1.486000e+03	2.810000e+02	0.000000e+00	1	1.915709e-03
1.505000e+03	2.360000e+02	0.000000e+00	1	1.915709e-03
1.548000e+03	1.590000e+02	0.000000e+00	1	1.915709e-03
1.541000e+03	1.660000e+02	0.000000e+00	1	1.915709e-03
1.569000e+03	1.390000e+02	0.000000e+00	1	1.915709e-03
1.547000e+03	1.600000e+02	0.000000e+00	1	1.915709e-03
1.501000e+03	2.420000e+02	0.000000e+00	1	1.915709e-03
1.545000e+03	1.620000e+02	0.000000e+00	1	1.915709e-03
1.547000e+03	1.600000e+02	0.000000e+00	1	1.915709e-03
1.545000e+03	1.620000e+02	0.000000e+00	1	1.915709e-03
1.519000e+03	2.180000e+02	0.000000e+00	1	1.915709e-03
1.572000e+03	1.360000e+02	0.000000e+00	1	1.915709e-03
1.507000e+03	2.330000e+02	0.000000e+00	1	1.915709e-03
1.510000e+03	2.300000e+02	0.000000e+00	1	1.915709e-03
1.570000e+03	1.380000e+02	0.000000e+00	1	1.915709e-03
1.523000e+03	2.140000e+02	0.000000e+00	1	1.915709e-03
1.518000e+03	2.190000e+02	0.000000e+00	1	1.915709e-03
1.564000e+03	1.440000e+02	0.000000e+00	1	1.915709e-03
1.519000e+03	2.180000e+02	0.000000e+00	1	1.915709e-03
1.503000e+03	2.390000e+02	0.000000e+00	1	1.915709e-03
1.524000e+03	2.120000e+02	0.000000e+00	1	1.915709e-03
1.509000e+03	2.310000e+02	0.000000e+00	1	1.915709e-03
1.566000e+03	1.420000e+02	0.000000e+00	1	1.915709e-03
1.525000e+03	2.110000e+02	0.000000e+00	1	1.915709e-03
1.567000e+03	1.410000e+02	0.000000e+00	1	1.915709e-03
1.549000e+03	1.580000e+02	0.000000e+00	1	1.915709e-03
1.535000e+03	1.750000e+02	0.000000e+00	1	1.915709e-03
1.565000e+03	1.430000e+02	0.000000e+00	1	1.915709e-03
1.550000e+03	1.570000e+02	0.000000e+00	1	1.915709e-03
1.582000e+03	1.300000e+02	0.000000e+00	1	1.915709e-03
1.562000e+03	1.460000e+02	0.000000e+00	1	1.915709e-03
1.555000e+03	1.520000e+02	0.000000e+00	1	1.915709e-03
1.521000e+03	2.160000e+02	0.000000e+00	1	1.915709e-03
1.502000e+03	2.410000e+02	0.000000e+00	1	1.915709e-03
1.575000e+03	1.340000e+02	0.000000e+00	1	1.915709e-03
1.525000e+03	2.110000e+02	0.000000e+00	1	1.915709e-03
1.506000e+03	2.350000e+02	0.000000e+00	1	1.915709e-03
1.537000e+03	1.710000e+02	0.000000e+00	1	1.915709e-03
1.514000e+03	2.240000e+02	0.000000e+00	1	1.915709e-03
1.542000e+03	1.650000e+02	0.000000e+00	1	1.915709e-03
1.557000e+03	1.500000e+02	0.000000e+00	1	1.915709e-03
1.513000e+03	2.250000e+02	0.000000e+00	1	1.915709e-03
1.565000e+03	1.430000e+02	0.000000e+00	1	1.915709e-03
1.556000e+03	1.510000e+02	0.000000e+00	1	1.915709e-03
1.569000e+03	1.390000e+02	0.000000e+00	1	1.915709e-03
1.551000e+03	1.560000e+02	0.000000e+00	1	1.915709e-03
1.584000e+03	1.290000e+02	0.000000e+00	1	1.915709e-03
1.504000e+03	2.380000e+02	0.000000e+00	1	1.915709e-03
1.484000e+03	2.840000e+02	0.000000e+00	1	1.915709e-03
1.557000e+03	1.500000e+02	0.000000e+00	1	1.915709e-03
1.543000e+03	1.640000e+02	0.000000e+00	1	1.915709e-03
1.559000e+03	1.490000e+02	0.000000e+00	1	1.915709e-03
1.508000e+03	2.320000e+02	0.000000e+00	1	1.915709e-03
1.588000e+03	1.280000e+02	0.000000e+00	1	1.915709e-03
1.542000e+03	1.650000e+02	0.000000e+00	1	1.915709e-03
1.568000e+03	1.400000e+02	0.000000e+00	1	1.915709e-03
1.597000e+03	1.260000e+02	0.000000e+00	1	1.915709e-03
1.504000e+03	2.380000e+02	0.000000e+00	1	0.000000e+00
1.529000e+03	1.860000e+02	0.000000e+00	1	0.000000e+00
1.525000e+03	2.110000e+02	0.000000e+00	1	0.000000e+00
1.523000e+03	2.140000e+02	0.000000e+00	1	0.000000e+00
1.502000e+03	2.410000e+02	0.000000e+00	1	0.000000e+00
1.484000e+03	2.840000e+02	0.000000e+00	1	0.000000e+00
1.533000e+03	1.770000e+02	0.000000e+00	1	0.000000e+00
1.549000e+03	1.580000e+02	0.000000e+00	1	0.000000e+00
1.508000e+03	2.320000e+02	0.000000e+00	1	0.000000e+00
1.527000e+03	1.900000e+02	0.000000e+00	1	0.000000e+00
1.481000e+03	2.910000e+02	0.000000e+00	1	0.000000e+00
1.523000e+03	2.140000e+02	0.000000e+00	1	0.000000e+00
1.466000e+03	3.870000e+02	0.000000e+00	1	0.000000e+00
1.549000e+03	1.580000e+02	0.000000e+00	1	0.000000e+00
1.506000e+03	2.350000e+02	0.000000e+00	1	0.000000e+00
1.549000e+03	1.580000e+02	0.000000e+00	1	0.000000e+00
1.525000e+03	2.110000e+02	0.000000e+00	1	0.000000e+00
1.575000e+03	1.340000e+02	0.000000e+00	1	0.000000e+00
1.536000e+03	1.730000e+02	0.000000e+00	1	0.000000e+00
1.497000e+03	2.500000e+02	0.000000e+00	1	0.000000e+00
1.484000e+03	2.840000e+02	0.000000e+00	1	0.000000e+00
1.543000e+03	1.640000e+02	0.000000e+00	1	0.000000e+00
1.475000e+03	3.100000e+02	0.000000e+00	1	0.000000e+00
1.519000e+03	2.180000e+02	0.000000e+00	1	0.000000e+00
1.582000e+03	1.300000e+02	0.000000e+00	1	0.000000e+00
1.498000e+03	2.480000e+02	0.000000e+00	1	0.000000e+00
1.541000e+03	1.660000e+02	0.000000e+00	1	0.000000e+00
1.511000e+03	2.280000e+02	0.000000e+00	1	0.000000e+00
1.544000e+03	1.630000e+02	0.000000e+00	1	0.000000e+00
1.494000e+03	2.620000e+02	0.000000e+00	1	0.000000e+00
1.547000e+03	1.600000e+02	0.000000e+00	1	0.000000e+00
1.528000e+03	1.880000e+02	0.000000e+00	1	0.000000e+00
1.500000e+03	2.440000e+02	0.000000e+00	1	0.000000e+00
1.528000e+03	1.880000e+02	0.000000e+00	1	0.000000e+00
1.471000e+03	3.670000e+02	0.000000e+00	1	0.000000e+00
1.494000e+03	2.620000e+02	0.000000e+00	1	0.000000e+00
1.471000e+03	3.670000e+02	0.000000e+00	1	0.000000e+00
1.537000e+03	1.710000e+02	0.000000e+00	1	0.000000e+00
1.571000e+03	1.370000e+02	0.000000e+00	1	0.000000e+00
1.498000e+03	2.480000e+02	0.000000e+00	1	0.000000e+00
1.499000e+03	2.460000e+02	0.000000e+00	1	0.000000e+00
1.528000e+03	1.880000e+02	0.000000e+00	1	0.000000e+00
1.483000e+03	2.860000e+02	0.000000e+00	1	0.000000e+00
1.544000e+03	1.630000e+02	0.000000e+00	1	0.000000e+00
1.521000e+03	2.160000e+02	0.000000e+00	1	0.000000e+00
1.512000e+03	2.270000e+02	0.000000e+00	1	0.000000e+00
1.509000e+03	2.310000e+02	0.000000e+00	1	0.000000e+00
1.547000e+03	1.600000e+02	0.000000e+00	1	0.000000e+00
1.518000e+03	2.190000e+02	0.000000e+00	1	0.000000e+00
1.547000e+03	1.600000e+02	0.000000e+00	1	0.000000e+00
1.573000e+03	1.350000e+02	0.000000e+00	1	0.000000e+00
1.480000e+03	2.930000e+02	0.000000e+00	1	0.000000e+00
1.466000e+03	3.870000e+02	0.000000e+00	1	0.000000e+00
1.506000e+03	2.350000e+02	0.000000e+00	1	0.000000e+00
1.528000e+03	1.880000e+02	0.000000e+00	1	0.000000e+00
1.467000e+03	3.840000e+02	0.000000e+00	1	0.000000e+00
1.526000e+03	2.100000e+02	0.000000e+00	1	0.000000e+00
1.509000e+03	2.310000e+02	0.000000e+00	1	0.000000e+00
1.539000e+03	1.690000e+02	0.000000e+00	1	0.000000e+00
1.507000e+03	2.330000e+02	0.000000e+00	1	0.000000e+00
1.559000e+03	1.490000e+02	0.000000e+00	1	0.000000e+00
1.557000e+03	1.500000e+02	0.000000e+00	1	0.000000e+00
1.528000e+03	1.880000e+02	0.000000e+00	1	0.000000e+00
1.567000e+03	1.410000e+02	0.000000e+00	1	0.000000e+00
1.564000e+03	1.440000e+02	0.000000e+00	1	0.000000e+00
1.497000e+03	2.500000e+02	0.000000e+00	1	0.000000e+00
1.483000e+03	2.860000e+02	0.000000e+00	1	0.000000e+00
1.570000e+03	1.380000e+02	0.000000e+00	1	0.000000e+00
1.514000e+03	2.240000e+02	0.000000e+00	1	0.000000e+00
1.526000e+03	2.100000e+02	0.000000e+00	1	0.000000e+00
1.474000e+03	3.130000e+02	0.000000e+00	1	0.000000e+00
1.486000e+03	2.810000e+02	0.000000e+00	1	0.000000e+00
1.515000e+03	2.230000e+02	0.000000e+00	1	0.000000e+00
1.533000e+03	1.770000e+02	0.000000e+00	1	0.000000e+00
1.512000e+03	2.270000e+02	0.000000e+00	1	0.000000e+00
1.489000e+03	2.760000e+02	0.000000e+00	1	0.000000e+00
1.468000e+03	3.810000e+02	0.000000e+00	1	0.000000e+00
1.491000e+03	2.750000e+02	0.000000e+00	1	0.000000e+00
1.524000e+03	2.120000e+02	0.000000e+00	1	0.000000e+00
1.559000e+03	1.490000e+02	0.000000e+00	1	0.000000e+00
1.499000e+03	2.460000e+02	0.000000e+00	1	0.000000e+00
1.512000e+03	2.270000e+02	0.000000e+00	1	0.000000e+00
1.496000e+03	2.530000e+02	0.000000e+00	1	0.000000e+00
1.482000e+03	2.890000e+02	0.000000e+00	1	0.000000e+00
1.512000e+03	2.270000e+02	0.000000e+00	1	0.000000e+00
1.493000e+03	2.670000e+02	0.000000e+00	1	0.000000e+00
1.478000e+03	3.000000e+02	0.000000e+00	1	0.000000e+00
1.517000e+03	2.200000e+02	0.000000e+00	1	0.000000e+00
1.507000e+03	2.330000e+02	0.000000e+00	1	0.000000e+00
1.485000e+03	2.830000e+02	0.000000e+00	1	0.000000e+00
1.530000e+03	1.830000e+02	0.000000e+00	1	0.000000e+00
1.488000e+03	2.780000e+02	0.000000e+00	1	0.000000e+00
1.548000e+03	1.590000e+02	0.000000e+00	1	0.000000e+00
1.520000e+03	2.170000e+02	0.000000e+00	1	0.000000e+00
1.471000e+03	3.670000e+02	0.000000e+00	1	0.000000e+00
1.509000e+03	2.310000e+02	0.000000e+00	1	0.000000e+00
1.474000e+03	3.130000e+02	0.000000e+00	1	0.000000e+00
1.592000e+03	1.270000e+02	0.000000e+00	1	0.000000e+00
1.505000e+03	2.360000e+02	0.000000e+00	1	0.000000e+00
1.592000e+03	1.270000e+02	0.000000e+00	1	0.000000e+00
1.476000e+03	3.060000e+02	0.000000e+00	1	0.000000e+00
1.480000e+03	2.930000e+02	0.000000e+00	1	0.000000e+00
1.499000e+03	2.460000e+02	0.000000e+00	1	0.000000e+00
1.516000e+03	2.220000e+02	0.000000e+00	1	0.000000e+00
1.525000e+03	2.110000e+02	0.000000e+00	1	0.000000e+00
1.521000e+03	2.160000e+02	0.000000e+00	1	0.000000e+00
1.504000e+03	2.380000e+02	0.000000e+00	1	0.000000e+00
1.532000e+03	1.790000e+02	0.000000e+00	1	0.000000e+00
1.500000e+03	2.440000e+02	0.000000e+00	1	0.000000e+00
1.485000e+03	2.830000e+02	0.000000e+00	1	0.000000e+00
1.511000e+03	2.280000e+02	0.000000e+00	1	0.000000e+00
1.516000e+03	2.220000e+02	0.000000e+00	1	0.000000e+00
1.543000e+03	1.640000e+02	0.000000e+00	1	0.000000e+00
1.505000e+03	2.360000e+02	0.000000e+00	1	0.000000e+00
1.563000e+03	1.450000e+02	0.000000e+00	1	0.000000e+00
1.506000e+03	2.350000e+02	0.000000e+00	1	0.000000e+00
1.517000e+03	2.200000e+02	0.000000e+00	1	0.000000e+00
1.491000e+03	2.750000e+02	0.000000e+00	1	0.000000e+00
1.507000e+03	2.330000e+02	0.000000e+00	1	0.000000e+00
1.505000e+03	2.360000e+02	0.000000e+00	1	0.000000e+00
1.511000e+03	2.280000e+02	0.000000e+00	1	0.000000e+00
1.566000e+03	1.420000e+02	0.000000e+00	1	0.000000e+00
1.491000e+03	2.750000e+02	0.000000e+00	1	0.000000e+00
1.542000e+03	1.650000e+02	0.000000e+00	1	0.000000e+00
1.520000e+03	2.170000e+02	0.000000e+00	1	0.000000e+00
1.486000e+03	2.810000e+02	0.000000e+00	1	0.000000e+00
1.491000e+03	2.750000e+02	0.000000e+00	1	0.000000e+00
1.551000e+03	1.560000e+02	0.000000e+00	1	0.000000e+00
1.499000e+03	2.460000e+02	0.000000e+00	1	0.000000e+00
1.476000e+03	3.060000e+02	0.000000e+00	1	0.000000e+00
1.572000e+03	1.360000e+02	0.000000e+00	1	0.000000e+00
1.470000e+03	3.700000e+02	0.000000e+00	1	0.000000e+00
1.504000e+03	2.380000e+02	0.000000e+00	1	0.000000e+00
1.567000e+03	1.410000e+02	0.000000e+00	1	0.000000e+00
1.497000e+03	2.500000e+02	0.000000e+00	1	0.000000e+00
1.471000e+03	3.670000e+02	0.000000e+00	1	0.000000e+00
1.494000e+03	2.620000e+02	0.000000e+00	1	0.000000e+00
1.544000e+03	1.630000e+02	0.000000e+00	1	0.000000e+00
1.481000e+03	2.910000e+02	0.000000e+00	1	0.000000e+00
1.495000e+03	2.580000e+02	0.000000e+00	1	0.000000e+00
1.560000e+03	1.480000e+02	0.000000e+00	1	0.000000e+00
1.575000e+03	1.340000e+02	0.000000e+00	1	0.000000e+00
1.474000e+03	3.130000e+02	0.000000e+00	1	0.000000e+00
1.503000e+03	2.390000e+02	0.000000e+00	1	0.000000e+00
1.564000e+03	1.440000e+02	0.000000e+00	1	0.000000e+00
1.493000e+03	2.670000e+02	0.000000e+00	1	0.000000e+00
1.571000e+03	1.370000e+02	0.000000e+00	1	0.000000e+00
1.522000e+03	2.150000e+02	0.000000e+00	1	0.000000e+00
1.499000e+03	2.460000e+02	0.000000e+00	1	0.000000e+00
Total execution time: 350635.837
