# This file contains the data of final feasible population (if found)
# of objectives = 2, # of constraints = 0, # of real_var = 0, # of bits of bin_var = 0, constr_violation, rank, crowding_distance
1.585515e-01	8.037587e-01	0.000000e+00	1	1.000000e+14
1.465987e-01	8.173619e-01	0.000000e+00	1	1.000000e+14
1.498051e-01	8.142190e-01	0.000000e+00	1	8.332406e-02
1.503300e-01	8.120413e-01	0.000000e+00	1	8.004667e-02
1.560214e-01	8.045968e-01	0.000000e+00	1	5.507895e-02
1.571847e-01	8.044222e-01	0.000000e+00	1	5.006145e-02
1.583896e-01	8.038540e-01	0.000000e+00	1	4.243402e-02
1.574924e-01	8.039873e-01	0.000000e+00	1	4.103379e-02
1.547291e-01	8.047810e-01	0.000000e+00	1	3.525854e-02
1.555720e-01	8.047302e-01	0.000000e+00	1	3.525854e-02
1.498051e-01	8.142190e-01	0.000000e+00	1	2.545828e-02
1.541356e-01	8.047968e-01	0.000000e+00	1	2.482485e-02
1.547291e-01	8.047810e-01	0.000000e+00	1	2.482485e-02
1.560214e-01	8.045968e-01	0.000000e+00	1	2.370379e-02
1.490185e-01	8.149397e-01	0.000000e+00	1	2.197836e-02
1.484931e-01	8.151429e-01	0.000000e+00	1	2.197836e-02
1.503300e-01	8.120413e-01	0.000000e+00	1	2.195770e-02
1.515760e-01	8.097460e-01	0.000000e+00	1	2.186155e-02
1.510729e-01	8.097683e-01	0.000000e+00	1	2.104475e-02
1.555720e-01	8.047302e-01	0.000000e+00	1	2.066995e-02
1.506517e-01	8.104476e-01	0.000000e+00	1	1.986099e-02
1.508197e-01	8.101079e-01	0.000000e+00	1	1.951093e-02
1.477976e-01	8.155968e-01	0.000000e+00	1	1.766057e-02
1.467093e-01	8.167778e-01	0.000000e+00	1	1.446908e-02
1.466771e-01	8.171714e-01	0.000000e+00	1	1.446908e-02
1.468884e-01	8.166667e-01	0.000000e+00	1	1.375914e-02
1.529095e-01	8.060730e-01	0.000000e+00	1	1.354439e-02
1.540036e-01	8.051460e-01	0.000000e+00	1	1.283547e-02
1.505197e-01	8.107968e-01	0.000000e+00	1	1.283547e-02
1.541356e-01	8.047968e-01	0.000000e+00	1	1.283547e-02
1.510729e-01	8.097683e-01	0.000000e+00	1	1.248541e-02
1.508197e-01	8.101079e-01	0.000000e+00	1	1.248541e-02
1.506517e-01	8.104476e-01	0.000000e+00	1	1.248541e-02
1.469328e-01	8.163429e-01	0.000000e+00	1	1.190198e-02
1.520156e-01	8.084190e-01	0.000000e+00	1	1.110976e-02
1.508197e-01	8.101079e-01	0.000000e+00	1	1.059164e-02
1.510729e-01	8.097683e-01	0.000000e+00	1	1.059164e-02
1.480469e-01	8.154000e-01	0.000000e+00	1	1.042603e-02
1.466771e-01	8.171714e-01	0.000000e+00	1	1.027855e-02
1.474745e-01	8.158095e-01	0.000000e+00	1	9.755133e-03
1.537667e-01	8.052635e-01	0.000000e+00	1	9.748584e-03
1.522199e-01	8.081937e-01	0.000000e+00	1	9.748584e-03
1.531974e-01	8.059556e-01	0.000000e+00	1	9.699830e-03
1.505030e-01	8.110190e-01	0.000000e+00	1	9.562406e-03
1.573527e-01	8.040825e-01	0.000000e+00	1	9.343691e-03
1.533371e-01	8.058603e-01	0.000000e+00	1	9.343691e-03
1.537667e-01	8.052635e-01	0.000000e+00	1	9.343691e-03
1.535498e-01	8.058127e-01	0.000000e+00	1	9.098370e-03
1.483323e-01	8.152063e-01	0.000000e+00	1	9.061839e-03
1.504208e-01	8.113683e-01	0.000000e+00	1	8.865217e-03
1.503467e-01	8.118190e-01	0.000000e+00	1	8.865217e-03
1.537090e-01	8.055841e-01	0.000000e+00	1	8.698741e-03
1.482077e-01	8.153365e-01	0.000000e+00	1	8.478409e-03
1.504041e-01	8.115905e-01	0.000000e+00	1	8.168028e-03
1.505197e-01	8.107968e-01	0.000000e+00	1	8.168028e-03
1.503300e-01	8.120413e-01	0.000000e+00	1	8.168028e-03
1.503467e-01	8.118190e-01	0.000000e+00	1	7.701284e-03
1.517987e-01	8.089683e-01	0.000000e+00	1	7.701284e-03
1.519667e-01	8.086286e-01	0.000000e+00	1	7.701284e-03
1.527416e-01	8.064127e-01	0.000000e+00	1	7.701284e-03
1.537177e-01	8.054730e-01	0.000000e+00	1	7.701284e-03
1.518477e-01	8.087587e-01	0.000000e+00	1	7.701284e-03
1.503956e-01	8.116095e-01	0.000000e+00	1	7.701284e-03
1.526927e-01	8.066222e-01	0.000000e+00	1	7.701284e-03
1.528606e-01	8.062825e-01	0.000000e+00	1	7.701284e-03
1.535987e-01	8.056032e-01	0.000000e+00	1	7.701284e-03
1.522688e-01	8.079841e-01	0.000000e+00	1	7.701284e-03
1.472182e-01	8.160381e-01	0.000000e+00	1	7.605336e-03
1.573527e-01	8.040825e-01	0.000000e+00	1	7.584597e-03
1.573307e-01	8.042889e-01	0.000000e+00	1	7.584597e-03
1.471119e-01	8.162317e-01	0.000000e+00	1	7.547099e-03
1.473973e-01	8.159270e-01	0.000000e+00	1	7.547099e-03
1.535030e-01	8.058444e-01	0.000000e+00	1	7.522120e-03
1.484931e-01	8.151429e-01	0.000000e+00	1	7.467911e-03
1.490185e-01	8.149397e-01	0.000000e+00	1	7.467911e-03
1.480469e-01	8.154000e-01	0.000000e+00	1	7.234539e-03
1.533371e-01	8.058603e-01	0.000000e+00	1	6.938690e-03
1.497268e-01	8.143143e-01	0.000000e+00	1	6.777967e-03
1.585515e-01	8.037587e-01	0.000000e+00	1	6.772692e-03
1.583896e-01	8.038540e-01	0.000000e+00	1	6.772692e-03
1.525440e-01	8.070603e-01	0.000000e+00	1	6.771864e-03
1.526096e-01	8.067619e-01	0.000000e+00	1	6.743095e-03
1.484931e-01	8.151429e-01	0.000000e+00	1	6.728117e-03
1.480469e-01	8.154000e-01	0.000000e+00	1	6.728117e-03
1.504697e-01	8.111587e-01	0.000000e+00	1	6.528567e-03
1.525355e-01	8.072349e-01	0.000000e+00	1	6.417736e-03
1.571847e-01	8.044222e-01	0.000000e+00	1	6.417736e-03
1.468532e-01	8.166762e-01	0.000000e+00	1	6.371235e-03
1.540036e-01	8.051460e-01	0.000000e+00	1	6.339988e-03
1.519292e-01	8.087238e-01	0.000000e+00	1	6.208946e-03
1.530492e-01	8.059778e-01	0.000000e+00	1	6.199247e-03
1.537177e-01	8.054730e-01	0.000000e+00	1	6.131315e-03
1.471891e-01	8.161143e-01	0.000000e+00	1	6.030180e-03
1.467093e-01	8.167778e-01	0.000000e+00	1	6.021177e-03
1.476537e-01	8.156984e-01	0.000000e+00	1	6.021177e-03
1.476185e-01	8.157079e-01	0.000000e+00	1	6.021177e-03
1.477976e-01	8.155968e-01	0.000000e+00	1	6.021177e-03
1.470767e-01	8.162413e-01	0.000000e+00	1	6.021177e-03
1.469328e-01	8.163429e-01	0.000000e+00	1	6.021177e-03
1.531974e-01	8.059556e-01	0.000000e+00	1	5.843107e-03
1.574924e-01	8.039873e-01	0.000000e+00	1	5.843107e-03
1.539064e-01	8.051683e-01	0.000000e+00	1	5.843107e-03
1.530492e-01	8.059778e-01	0.000000e+00	1	5.843107e-03
1.526096e-01	8.067619e-01	0.000000e+00	1	5.831378e-03
1.515926e-01	8.096571e-01	0.000000e+00	1	5.784184e-03
1.469328e-01	8.163429e-01	0.000000e+00	1	5.591114e-03
1.571911e-01	8.043841e-01	0.000000e+00	1	5.578208e-03
1.573244e-01	8.043270e-01	0.000000e+00	1	5.578208e-03
1.492408e-01	8.147429e-01	0.000000e+00	1	5.575789e-03
1.471891e-01	8.161143e-01	0.000000e+00	1	5.533694e-03
1.506517e-01	8.104476e-01	0.000000e+00	1	5.523185e-03
1.505197e-01	8.107968e-01	0.000000e+00	1	5.523185e-03
1.541356e-01	8.047968e-01	0.000000e+00	1	5.523185e-03
1.476537e-01	8.156984e-01	0.000000e+00	1	5.205799e-03
1.470767e-01	8.162413e-01	0.000000e+00	1	5.205799e-03
1.505030e-01	8.110190e-01	0.000000e+00	1	5.134189e-03
1.526927e-01	8.066222e-01	0.000000e+00	1	5.134189e-03
1.525929e-01	8.068508e-01	0.000000e+00	1	5.131261e-03
1.525606e-01	8.069714e-01	0.000000e+00	1	5.131261e-03
1.516667e-01	8.093175e-01	0.000000e+00	1	5.131261e-03
1.482112e-01	8.152889e-01	0.000000e+00	1	5.065744e-03
1.483323e-01	8.152063e-01	0.000000e+00	1	5.065744e-03
1.527416e-01	8.064127e-01	0.000000e+00	1	4.978218e-03
1.528606e-01	8.062825e-01	0.000000e+00	1	4.978218e-03
1.555720e-01	8.047302e-01	0.000000e+00	1	4.900817e-03
1.574924e-01	8.039873e-01	0.000000e+00	1	4.900817e-03
1.473331e-01	8.160127e-01	0.000000e+00	1	4.804869e-03
1.527416e-01	8.064127e-01	0.000000e+00	1	4.784131e-03
1.528606e-01	8.062825e-01	0.000000e+00	1	4.784131e-03
1.516249e-01	8.095365e-01	0.000000e+00	1	4.617323e-03
1.525929e-01	8.068508e-01	0.000000e+00	1	4.617323e-03
1.535987e-01	8.056032e-01	0.000000e+00	1	4.614727e-03
1.516249e-01	8.095365e-01	0.000000e+00	1	4.434072e-03
1.516990e-01	8.091968e-01	0.000000e+00	1	4.434072e-03
1.504456e-01	8.112476e-01	0.000000e+00	1	4.434072e-03
1.504208e-01	8.113683e-01	0.000000e+00	1	4.434072e-03
1.524349e-01	8.077048e-01	0.000000e+00	1	4.434072e-03
1.524027e-01	8.078254e-01	0.000000e+00	1	4.434072e-03
1.474745e-01	8.158095e-01	0.000000e+00	1	4.317386e-03
1.539064e-01	8.051683e-01	0.000000e+00	1	4.067748e-03
1.540036e-01	8.051460e-01	0.000000e+00	1	4.067748e-03
1.473331e-01	8.160127e-01	0.000000e+00	1	4.016775e-03
1.496408e-01	8.143302e-01	0.000000e+00	1	4.002645e-03
1.515926e-01	8.096571e-01	0.000000e+00	1	3.964400e-03
1.516416e-01	8.094476e-01	0.000000e+00	1	3.964400e-03
1.494185e-01	8.145270e-01	0.000000e+00	1	3.850642e-03
1.494051e-01	8.146317e-01	0.000000e+00	1	3.850642e-03
1.517971e-01	8.090730e-01	0.000000e+00	1	3.850642e-03
1.517987e-01	8.089683e-01	0.000000e+00	1	3.850642e-03
1.523799e-01	8.078730e-01	0.000000e+00	1	3.750869e-03
1.468532e-01	8.166762e-01	0.000000e+00	1	3.733956e-03
1.467093e-01	8.167778e-01	0.000000e+00	1	3.733956e-03
1.476185e-01	8.157079e-01	0.000000e+00	1	3.733956e-03
1.477976e-01	8.155968e-01	0.000000e+00	1	3.733956e-03
1.493268e-01	8.147270e-01	0.000000e+00	1	3.510756e-03
1.494969e-01	8.144317e-01	0.000000e+00	1	3.510756e-03
1.583896e-01	8.038540e-01	0.000000e+00	1	3.500583e-03
1.585515e-01	8.037587e-01	0.000000e+00	1	3.500583e-03
1.494185e-01	8.145270e-01	0.000000e+00	1	3.500583e-03
1.490969e-01	8.148444e-01	0.000000e+00	1	3.500583e-03
1.494969e-01	8.144317e-01	0.000000e+00	1	3.500583e-03
1.493268e-01	8.147270e-01	0.000000e+00	1	3.500583e-03
1.539064e-01	8.051683e-01	0.000000e+00	1	3.500583e-03
1.529095e-01	8.060730e-01	0.000000e+00	1	3.500583e-03
1.530492e-01	8.059778e-01	0.000000e+00	1	3.500583e-03
1.494051e-01	8.146317e-01	0.000000e+00	1	3.500583e-03
1.490185e-01	8.149397e-01	0.000000e+00	1	3.500583e-03
1.526927e-01	8.066222e-01	0.000000e+00	1	3.475884e-03
1.518477e-01	8.087587e-01	0.000000e+00	1	3.408479e-03
1.522688e-01	8.079841e-01	0.000000e+00	1	3.408479e-03
1.523503e-01	8.079492e-01	0.000000e+00	1	3.408479e-03
1.520971e-01	8.083841e-01	0.000000e+00	1	3.408479e-03
1.518477e-01	8.087587e-01	0.000000e+00	1	3.330848e-03
1.522082e-01	8.082730e-01	0.000000e+00	1	3.298844e-03
1.494051e-01	8.146317e-01	0.000000e+00	1	3.277384e-03
1.494185e-01	8.145270e-01	0.000000e+00	1	3.277384e-03
1.490969e-01	8.148444e-01	0.000000e+00	1	3.277384e-03
1.490185e-01	8.149397e-01	0.000000e+00	1	3.277384e-03
1.465987e-01	8.173619e-01	0.000000e+00	1	3.277384e-03
1.524349e-01	8.077048e-01	0.000000e+00	1	3.267211e-03
1.515760e-01	8.097460e-01	0.000000e+00	1	3.267211e-03
1.525606e-01	8.069714e-01	0.000000e+00	1	3.267211e-03
1.516500e-01	8.094063e-01	0.000000e+00	1	3.267211e-03
1.516667e-01	8.093175e-01	0.000000e+00	1	3.267211e-03
1.525440e-01	8.070603e-01	0.000000e+00	1	3.267211e-03
1.524516e-01	8.076159e-01	0.000000e+00	1	3.267211e-03
1.517156e-01	8.091079e-01	0.000000e+00	1	3.267211e-03
1.516990e-01	8.091968e-01	0.000000e+00	1	3.267211e-03
1.504456e-01	8.112476e-01	0.000000e+00	1	3.267211e-03
1.504697e-01	8.111587e-01	0.000000e+00	1	3.267211e-03
1.474745e-01	8.158095e-01	0.000000e+00	1	3.229713e-03
1.495828e-01	8.144159e-01	0.000000e+00	1	3.150525e-03
1.491828e-01	8.148286e-01	0.000000e+00	1	3.150525e-03
1.519588e-01	8.086476e-01	0.000000e+00	1	3.130759e-03
1.491624e-01	8.148381e-01	0.000000e+00	1	3.093852e-03
1.492612e-01	8.147333e-01	0.000000e+00	1	3.093852e-03
1.483323e-01	8.152063e-01	0.000000e+00	1	3.033839e-03
1.482112e-01	8.152889e-01	0.000000e+00	1	3.033839e-03
1.521267e-01	8.083079e-01	0.000000e+00	1	3.026788e-03
1.523799e-01	8.078730e-01	0.000000e+00	1	2.989739e-03
1.535498e-01	8.058127e-01	0.000000e+00	1	2.980790e-03
1.497268e-01	8.143143e-01	0.000000e+00	1	2.977165e-03
1.524865e-01	8.074444e-01	0.000000e+00	1	2.917153e-03
1.525090e-01	8.073651e-01	0.000000e+00	1	2.917153e-03
1.523503e-01	8.079492e-01	0.000000e+00	1	2.800467e-03
1.473622e-01	8.159365e-01	0.000000e+00	1	2.800467e-03
1.535987e-01	8.056032e-01	0.000000e+00	1	2.747417e-03
1.495624e-01	8.144254e-01	0.000000e+00	1	2.743793e-03
1.496612e-01	8.143206e-01	0.000000e+00	1	2.743793e-03
1.494969e-01	8.144317e-01	0.000000e+00	1	2.743793e-03
1.493268e-01	8.147270e-01	0.000000e+00	1	2.743793e-03
1.490969e-01	8.148444e-01	0.000000e+00	1	2.743793e-03
1.523503e-01	8.079492e-01	0.000000e+00	1	2.522994e-03
1.482077e-01	8.153365e-01	0.000000e+00	1	2.478902e-03
1.525090e-01	8.073651e-01	0.000000e+00	1	2.456565e-03
1.496408e-01	8.143302e-01	0.000000e+00	1	2.425264e-03
1.491828e-01	8.148286e-01	0.000000e+00	1	2.425264e-03
1.495828e-01	8.144159e-01	0.000000e+00	1	2.425264e-03
1.517156e-01	8.091079e-01	0.000000e+00	1	2.424568e-03
1.517736e-01	8.090984e-01	0.000000e+00	1	2.424568e-03
1.522120e-01	8.082127e-01	0.000000e+00	1	2.374676e-03
1.521009e-01	8.083238e-01	0.000000e+00	1	2.374676e-03
1.520971e-01	8.083841e-01	0.000000e+00	1	2.374676e-03
1.573244e-01	8.043270e-01	0.000000e+00	1	2.365249e-03
1.571911e-01	8.043841e-01	0.000000e+00	1	2.365249e-03
1.480469e-01	8.154000e-01	0.000000e+00	1	2.333722e-03
1.484931e-01	8.151429e-01	0.000000e+00	1	2.333722e-03
1.521824e-01	8.082889e-01	0.000000e+00	1	2.326672e-03
1.573307e-01	8.042889e-01	0.000000e+00	1	2.317746e-03
1.524516e-01	8.076159e-01	0.000000e+00	1	2.214108e-03
1.503467e-01	8.118190e-01	0.000000e+00	1	2.047301e-03
1.528606e-01	8.062825e-01	0.000000e+00	1	2.047301e-03
1.526927e-01	8.066222e-01	0.000000e+00	1	2.047301e-03
1.529095e-01	8.060730e-01	0.000000e+00	1	2.047301e-03
1.522688e-01	8.079841e-01	0.000000e+00	1	2.047301e-03
1.520156e-01	8.084190e-01	0.000000e+00	1	2.047301e-03
1.517987e-01	8.089683e-01	0.000000e+00	1	2.047301e-03
1.527416e-01	8.064127e-01	0.000000e+00	1	2.047301e-03
1.503956e-01	8.116095e-01	0.000000e+00	1	2.047301e-03
1.519667e-01	8.086286e-01	0.000000e+00	1	2.047301e-03
1.482112e-01	8.152889e-01	0.000000e+00	1	1.895472e-03
1.547291e-01	8.047810e-01	0.000000e+00	1	1.866978e-03
1.473622e-01	8.159365e-01	0.000000e+00	1	1.821902e-03
1.471119e-01	8.162317e-01	0.000000e+00	1	1.821902e-03
1.525188e-01	8.073238e-01	0.000000e+00	1	1.750292e-03
1.524027e-01	8.078254e-01	0.000000e+00	1	1.750292e-03
1.524699e-01	8.075333e-01	0.000000e+00	1	1.750292e-03
1.525257e-01	8.072762e-01	0.000000e+00	1	1.750292e-03
1.524767e-01	8.074857e-01	0.000000e+00	1	1.750292e-03
1.521009e-01	8.083238e-01	0.000000e+00	1	1.665238e-03
1.535164e-01	8.058381e-01	0.000000e+00	1	1.630459e-03
1.524865e-01	8.074444e-01	0.000000e+00	1	1.516919e-03
1.525257e-01	8.072762e-01	0.000000e+00	1	1.516919e-03
1.524601e-01	8.075746e-01	0.000000e+00	1	1.516919e-03
1.525188e-01	8.073238e-01	0.000000e+00	1	1.516919e-03
1.516500e-01	8.094063e-01	0.000000e+00	1	1.516919e-03
1.524699e-01	8.075333e-01	0.000000e+00	1	1.516919e-03
1.524601e-01	8.075746e-01	0.000000e+00	1	1.516919e-03
1.525355e-01	8.072349e-01	0.000000e+00	1	1.516919e-03
1.524767e-01	8.074857e-01	0.000000e+00	1	1.516919e-03
1.516416e-01	8.094476e-01	0.000000e+00	1	1.516919e-03
1.535164e-01	8.058381e-01	0.000000e+00	1	1.494165e-03
1.473973e-01	8.159270e-01	0.000000e+00	1	1.471843e-03
1.468532e-01	8.166762e-01	0.000000e+00	1	1.471843e-03
1.476185e-01	8.157079e-01	0.000000e+00	1	1.471843e-03
1.468884e-01	8.166667e-01	0.000000e+00	1	1.471843e-03
1.571911e-01	8.043841e-01	0.000000e+00	1	1.400233e-03
1.573244e-01	8.043270e-01	0.000000e+00	1	1.400233e-03
1.516667e-01	8.093175e-01	0.000000e+00	1	1.350112e-03
1.524349e-01	8.077048e-01	0.000000e+00	1	1.350112e-03
1.524027e-01	8.078254e-01	0.000000e+00	1	1.350112e-03
1.525606e-01	8.069714e-01	0.000000e+00	1	1.350112e-03
1.516990e-01	8.091968e-01	0.000000e+00	1	1.350112e-03
1.467093e-01	8.167778e-01	0.000000e+00	1	1.346707e-03
1.466771e-01	8.171714e-01	0.000000e+00	1	1.346707e-03
1.522688e-01	8.079841e-01	0.000000e+00	1	1.283547e-03
1.519292e-01	8.087238e-01	0.000000e+00	1	1.283547e-03
1.520156e-01	8.084190e-01	0.000000e+00	1	1.283547e-03
1.520971e-01	8.083841e-01	0.000000e+00	1	1.283547e-03
1.519588e-01	8.086476e-01	0.000000e+00	1	1.239447e-03
1.519292e-01	8.087238e-01	0.000000e+00	1	1.239447e-03
1.472182e-01	8.160381e-01	0.000000e+00	1	1.216308e-03
1.473622e-01	8.159365e-01	0.000000e+00	1	1.216308e-03
1.492408e-01	8.147429e-01	0.000000e+00	1	1.202178e-03
1.495828e-01	8.144159e-01	0.000000e+00	1	1.202178e-03
1.496612e-01	8.143206e-01	0.000000e+00	1	1.202178e-03
1.491828e-01	8.148286e-01	0.000000e+00	1	1.202178e-03
1.492612e-01	8.147333e-01	0.000000e+00	1	1.085492e-03
1.521824e-01	8.082889e-01	0.000000e+00	1	1.081808e-03
1.521267e-01	8.083079e-01	0.000000e+00	1	1.081808e-03
1.504041e-01	8.115905e-01	0.000000e+00	1	1.054244e-03
1.504456e-01	8.112476e-01	0.000000e+00	1	1.040250e-03
1.504208e-01	8.113683e-01	0.000000e+00	1	1.040250e-03
1.522120e-01	8.082127e-01	0.000000e+00	1	1.030409e-03
1.504456e-01	8.112476e-01	0.000000e+00	1	1.007051e-03
1.504697e-01	8.111587e-01	0.000000e+00	1	1.007051e-03
1.517971e-01	8.090730e-01	0.000000e+00	1	9.839116e-04
1.517736e-01	8.090984e-01	0.000000e+00	1	9.839116e-04
1.524027e-01	8.078254e-01	0.000000e+00	1	9.504026e-04
1.524865e-01	8.074444e-01	0.000000e+00	1	9.396457e-04
1.472182e-01	8.160381e-01	0.000000e+00	1	9.334889e-04
1.517736e-01	8.090984e-01	0.000000e+00	1	9.334889e-04
1.517971e-01	8.090730e-01	0.000000e+00	1	9.334889e-04
1.473331e-01	8.160127e-01	0.000000e+00	1	9.334889e-04
1.573527e-01	8.040825e-01	0.000000e+00	1	9.175127e-04
1.495624e-01	8.144254e-01	0.000000e+00	1	8.521198e-04
1.491624e-01	8.148381e-01	0.000000e+00	1	8.521198e-04
1.539064e-01	8.051683e-01	0.000000e+00	1	8.168028e-04
1.531974e-01	8.059556e-01	0.000000e+00	1	8.168028e-04
1.530492e-01	8.059778e-01	0.000000e+00	1	8.168028e-04
1.510729e-01	8.097683e-01	0.000000e+00	1	8.168028e-04
1.522082e-01	8.082730e-01	0.000000e+00	1	7.410700e-04
1.537090e-01	8.055841e-01	0.000000e+00	1	7.001167e-04
1.521824e-01	8.082889e-01	0.000000e+00	1	7.001167e-04
1.522199e-01	8.081937e-01	0.000000e+00	1	7.001167e-04
1.503956e-01	8.116095e-01	0.000000e+00	1	7.001167e-04
1.519667e-01	8.086286e-01	0.000000e+00	1	7.001167e-04
1.519588e-01	8.086476e-01	0.000000e+00	1	7.001167e-04
1.517156e-01	8.091079e-01	0.000000e+00	1	6.971889e-04
1.504041e-01	8.115905e-01	0.000000e+00	1	6.971889e-04
1.516249e-01	8.095365e-01	0.000000e+00	1	6.971889e-04
1.515760e-01	8.097460e-01	0.000000e+00	1	6.971889e-04
1.516500e-01	8.094063e-01	0.000000e+00	1	6.971889e-04
1.524349e-01	8.077048e-01	0.000000e+00	1	6.971889e-04
1.516990e-01	8.091968e-01	0.000000e+00	1	6.971889e-04
1.525440e-01	8.070603e-01	0.000000e+00	1	6.971889e-04
1.503300e-01	8.120413e-01	0.000000e+00	1	6.971889e-04
1.505197e-01	8.107968e-01	0.000000e+00	1	6.971889e-04
1.505030e-01	8.110190e-01	0.000000e+00	1	6.971889e-04
1.521267e-01	8.083079e-01	0.000000e+00	1	5.834306e-04
1.533371e-01	8.058603e-01	0.000000e+00	1	5.834306e-04
1.541356e-01	8.047968e-01	0.000000e+00	1	5.834306e-04
1.547291e-01	8.047810e-01	0.000000e+00	1	5.834306e-04
1.521824e-01	8.082889e-01	0.000000e+00	1	5.834306e-04
1.535030e-01	8.058444e-01	0.000000e+00	1	5.606764e-04
1.494051e-01	8.146317e-01	0.000000e+00	1	5.606764e-04
1.494185e-01	8.145270e-01	0.000000e+00	1	5.606764e-04
1.524865e-01	8.074444e-01	0.000000e+00	1	4.104662e-04
1.524699e-01	8.075333e-01	0.000000e+00	1	4.104662e-04
1.525188e-01	8.073238e-01	0.000000e+00	1	4.104662e-04
1.524767e-01	8.074857e-01	0.000000e+00	1	4.104662e-04
1.525257e-01	8.072762e-01	0.000000e+00	1	4.104662e-04
1.525355e-01	8.072349e-01	0.000000e+00	1	4.104662e-04
1.525090e-01	8.073651e-01	0.000000e+00	1	4.104662e-04
1.524601e-01	8.075746e-01	0.000000e+00	1	4.104662e-04
1.537177e-01	8.054730e-01	0.000000e+00	1	3.634917e-04
1.537090e-01	8.055841e-01	0.000000e+00	1	3.634917e-04
1.503956e-01	8.116095e-01	0.000000e+00	1	3.541277e-04
1.525355e-01	8.072349e-01	0.000000e+00	1	3.541277e-04
1.516500e-01	8.094063e-01	0.000000e+00	1	3.541277e-04
1.516416e-01	8.094476e-01	0.000000e+00	1	3.541277e-04
1.524601e-01	8.075746e-01	0.000000e+00	1	3.541277e-04
1.524516e-01	8.076159e-01	0.000000e+00	1	3.541277e-04
1.517736e-01	8.090984e-01	0.000000e+00	1	3.500583e-04
1.517156e-01	8.091079e-01	0.000000e+00	1	3.500583e-04
1.470767e-01	8.162413e-01	0.000000e+00	1	3.500583e-04
1.496408e-01	8.143302e-01	0.000000e+00	1	3.500583e-04
1.495624e-01	8.144254e-01	0.000000e+00	1	3.500583e-04
1.473973e-01	8.159270e-01	0.000000e+00	1	3.500583e-04
1.468884e-01	8.166667e-01	0.000000e+00	1	3.500583e-04
1.476185e-01	8.157079e-01	0.000000e+00	1	3.500583e-04
1.476537e-01	8.156984e-01	0.000000e+00	1	3.500583e-04
1.522199e-01	8.081937e-01	0.000000e+00	1	3.302922e-04
1.519667e-01	8.086286e-01	0.000000e+00	1	3.302922e-04
1.525257e-01	8.072762e-01	0.000000e+00	1	2.867227e-04
1.524699e-01	8.075333e-01	0.000000e+00	1	2.867227e-04
1.524767e-01	8.074857e-01	0.000000e+00	1	2.867227e-04
1.525188e-01	8.073238e-01	0.000000e+00	1	2.867227e-04
1.573307e-01	8.042889e-01	0.000000e+00	1	2.648993e-04
1.571847e-01	8.044222e-01	0.000000e+00	1	2.648993e-04
1.495624e-01	8.144254e-01	0.000000e+00	1	2.333722e-04
1.491624e-01	8.148381e-01	0.000000e+00	1	2.333722e-04
1.490969e-01	8.148444e-01	0.000000e+00	1	2.333722e-04
1.535030e-01	8.058444e-01	0.000000e+00	1	2.333722e-04
1.496612e-01	8.143206e-01	0.000000e+00	1	2.333722e-04
1.517971e-01	8.090730e-01	0.000000e+00	1	6.740499e-05
1.517987e-01	8.089683e-01	0.000000e+00	1	6.740499e-05
1.520156e-01	8.084190e-01	0.000000e+00	1	0.000000e+00
1.519588e-01	8.086476e-01	0.000000e+00	1	0.000000e+00
1.495624e-01	8.144254e-01	0.000000e+00	1	0.000000e+00
1.467093e-01	8.167778e-01	0.000000e+00	1	0.000000e+00
1.490969e-01	8.148444e-01	0.000000e+00	1	0.000000e+00
1.525188e-01	8.073238e-01	0.000000e+00	1	0.000000e+00
1.490969e-01	8.148444e-01	0.000000e+00	1	0.000000e+00
1.505197e-01	8.107968e-01	0.000000e+00	1	0.000000e+00
1.571911e-01	8.043841e-01	0.000000e+00	1	0.000000e+00
1.515926e-01	8.096571e-01	0.000000e+00	1	0.000000e+00
1.471891e-01	8.161143e-01	0.000000e+00	1	0.000000e+00
1.526096e-01	8.067619e-01	0.000000e+00	1	0.000000e+00
1.496408e-01	8.143302e-01	0.000000e+00	1	0.000000e+00
1.524699e-01	8.075333e-01	0.000000e+00	1	0.000000e+00
1.520971e-01	8.083841e-01	0.000000e+00	1	0.000000e+00
1.524516e-01	8.076159e-01	0.000000e+00	1	0.000000e+00
1.524601e-01	8.075746e-01	0.000000e+00	1	0.000000e+00
1.524349e-01	8.077048e-01	0.000000e+00	1	0.000000e+00
1.504041e-01	8.115905e-01	0.000000e+00	1	0.000000e+00
1.535030e-01	8.058444e-01	0.000000e+00	1	0.000000e+00
1.503467e-01	8.118190e-01	0.000000e+00	1	0.000000e+00
1.504456e-01	8.112476e-01	0.000000e+00	1	0.000000e+00
1.537667e-01	8.052635e-01	0.000000e+00	1	0.000000e+00
1.535030e-01	8.058444e-01	0.000000e+00	1	0.000000e+00
1.573307e-01	8.042889e-01	0.000000e+00	1	0.000000e+00
1.525606e-01	8.069714e-01	0.000000e+00	1	0.000000e+00
1.482112e-01	8.152889e-01	0.000000e+00	1	0.000000e+00
1.530492e-01	8.059778e-01	0.000000e+00	1	0.000000e+00
1.520156e-01	8.084190e-01	0.000000e+00	1	0.000000e+00
1.521824e-01	8.082889e-01	0.000000e+00	1	0.000000e+00
1.525257e-01	8.072762e-01	0.000000e+00	1	0.000000e+00
1.503300e-01	8.120413e-01	0.000000e+00	1	0.000000e+00
1.585515e-01	8.037587e-01	0.000000e+00	1	0.000000e+00
1.525355e-01	8.072349e-01	0.000000e+00	1	0.000000e+00
1.517987e-01	8.089683e-01	0.000000e+00	1	0.000000e+00
1.515760e-01	8.097460e-01	0.000000e+00	1	0.000000e+00
1.525929e-01	8.068508e-01	0.000000e+00	1	0.000000e+00
1.517736e-01	8.090984e-01	0.000000e+00	1	0.000000e+00
1.504041e-01	8.115905e-01	0.000000e+00	1	0.000000e+00
1.503467e-01	8.118190e-01	0.000000e+00	1	0.000000e+00
1.506517e-01	8.104476e-01	0.000000e+00	1	0.000000e+00
1.517971e-01	8.090730e-01	0.000000e+00	1	0.000000e+00
1.515926e-01	8.096571e-01	0.000000e+00	1	0.000000e+00
1.524349e-01	8.077048e-01	0.000000e+00	1	0.000000e+00
1.494051e-01	8.146317e-01	0.000000e+00	1	0.000000e+00
1.525257e-01	8.072762e-01	0.000000e+00	1	0.000000e+00
1.528606e-01	8.062825e-01	0.000000e+00	1	0.000000e+00
1.517971e-01	8.090730e-01	0.000000e+00	1	0.000000e+00
1.537667e-01	8.052635e-01	0.000000e+00	1	0.000000e+00
1.471891e-01	8.161143e-01	0.000000e+00	1	0.000000e+00
1.528606e-01	8.062825e-01	0.000000e+00	1	0.000000e+00
1.492408e-01	8.147429e-01	0.000000e+00	1	0.000000e+00
1.555720e-01	8.047302e-01	0.000000e+00	1	0.000000e+00
1.505030e-01	8.110190e-01	0.000000e+00	1	0.000000e+00
1.515926e-01	8.096571e-01	0.000000e+00	1	0.000000e+00
1.524699e-01	8.075333e-01	0.000000e+00	1	0.000000e+00
1.494969e-01	8.144317e-01	0.000000e+00	1	0.000000e+00
1.515926e-01	8.096571e-01	0.000000e+00	1	0.000000e+00
1.560214e-01	8.045968e-01	0.000000e+00	1	0.000000e+00
1.466771e-01	8.171714e-01	0.000000e+00	1	0.000000e+00
1.540036e-01	8.051460e-01	0.000000e+00	1	0.000000e+00
1.523503e-01	8.079492e-01	0.000000e+00	1	0.000000e+00
1.526096e-01	8.067619e-01	0.000000e+00	1	0.000000e+00
1.508197e-01	8.101079e-01	0.000000e+00	1	0.000000e+00
1.466771e-01	8.171714e-01	0.000000e+00	1	0.000000e+00
1.503956e-01	8.116095e-01	0.000000e+00	1	0.000000e+00
1.525606e-01	8.069714e-01	0.000000e+00	1	0.000000e+00
1.517971e-01	8.090730e-01	0.000000e+00	1	0.000000e+00
1.547291e-01	8.047810e-01	0.000000e+00	1	0.000000e+00
1.524601e-01	8.075746e-01	0.000000e+00	1	0.000000e+00
1.490969e-01	8.148444e-01	0.000000e+00	1	0.000000e+00
1.506517e-01	8.104476e-01	0.000000e+00	1	0.000000e+00
1.472182e-01	8.160381e-01	0.000000e+00	1	0.000000e+00
1.503467e-01	8.118190e-01	0.000000e+00	1	0.000000e+00
1.504697e-01	8.111587e-01	0.000000e+00	1	0.000000e+00
1.524516e-01	8.076159e-01	0.000000e+00	1	0.000000e+00
1.537177e-01	8.054730e-01	0.000000e+00	1	0.000000e+00
1.506517e-01	8.104476e-01	0.000000e+00	1	0.000000e+00
1.491624e-01	8.148381e-01	0.000000e+00	1	0.000000e+00
1.504456e-01	8.112476e-01	0.000000e+00	1	0.000000e+00
1.516667e-01	8.093175e-01	0.000000e+00	1	0.000000e+00
1.503956e-01	8.116095e-01	0.000000e+00	1	0.000000e+00
1.505030e-01	8.110190e-01	0.000000e+00	1	0.000000e+00
1.516500e-01	8.094063e-01	0.000000e+00	1	0.000000e+00
1.573527e-01	8.040825e-01	0.000000e+00	1	0.000000e+00
1.504456e-01	8.112476e-01	0.000000e+00	1	0.000000e+00
1.510729e-01	8.097683e-01	0.000000e+00	1	0.000000e+00
1.494051e-01	8.146317e-01	0.000000e+00	1	0.000000e+00
1.531974e-01	8.059556e-01	0.000000e+00	1	0.000000e+00
1.503467e-01	8.118190e-01	0.000000e+00	1	0.000000e+00
1.503300e-01	8.120413e-01	0.000000e+00	1	0.000000e+00
1.517971e-01	8.090730e-01	0.000000e+00	1	0.000000e+00
1.494051e-01	8.146317e-01	0.000000e+00	1	0.000000e+00
1.504041e-01	8.115905e-01	0.000000e+00	1	0.000000e+00
1.474745e-01	8.158095e-01	0.000000e+00	1	0.000000e+00
1.524349e-01	8.077048e-01	0.000000e+00	1	0.000000e+00
1.531974e-01	8.059556e-01	0.000000e+00	1	0.000000e+00
1.474745e-01	8.158095e-01	0.000000e+00	1	0.000000e+00
1.473973e-01	8.159270e-01	0.000000e+00	1	0.000000e+00
1.524865e-01	8.074444e-01	0.000000e+00	1	0.000000e+00
1.517987e-01	8.089683e-01	0.000000e+00	1	0.000000e+00
1.526096e-01	8.067619e-01	0.000000e+00	1	0.000000e+00
1.483323e-01	8.152063e-01	0.000000e+00	1	0.000000e+00
1.525257e-01	8.072762e-01	0.000000e+00	1	0.000000e+00
1.503467e-01	8.118190e-01	0.000000e+00	1	0.000000e+00
1.517156e-01	8.091079e-01	0.000000e+00	1	0.000000e+00
1.490185e-01	8.149397e-01	0.000000e+00	1	0.000000e+00
1.525355e-01	8.072349e-01	0.000000e+00	1	0.000000e+00
1.515760e-01	8.097460e-01	0.000000e+00	1	0.000000e+00
1.490969e-01	8.148444e-01	0.000000e+00	1	0.000000e+00
1.516249e-01	8.095365e-01	0.000000e+00	1	0.000000e+00
1.526927e-01	8.066222e-01	0.000000e+00	1	0.000000e+00
1.516416e-01	8.094476e-01	0.000000e+00	1	0.000000e+00
1.525929e-01	8.068508e-01	0.000000e+00	1	0.000000e+00
1.517156e-01	8.091079e-01	0.000000e+00	1	0.000000e+00
1.524699e-01	8.075333e-01	0.000000e+00	1	0.000000e+00
1.524027e-01	8.078254e-01	0.000000e+00	1	0.000000e+00
1.521267e-01	8.083079e-01	0.000000e+00	1	0.000000e+00
1.510729e-01	8.097683e-01	0.000000e+00	1	0.000000e+00
1.524349e-01	8.077048e-01	0.000000e+00	1	0.000000e+00
1.503300e-01	8.120413e-01	0.000000e+00	1	0.000000e+00
1.583896e-01	8.038540e-01	0.000000e+00	1	0.000000e+00
1.465987e-01	8.173619e-01	0.000000e+00	1	0.000000e+00
Total execution time: 40325.028
