# This file contains the data of final feasible population (if found)
# of objectives = 2, # of constraints = 0, # of real_var = 0, # of bits of bin_var = 0, constr_violation, rank, crowding_distance
1.350102e-01	8.378508e-01	0.000000e+00	1	1.000000e+14
1.614233e-01	8.069111e-01	0.000000e+00	1	1.000000e+14
1.458756e-01	8.144095e-01	0.000000e+00	1	2.139630e-01
1.442140e-01	8.276190e-01	0.000000e+00	1	2.134722e-01
1.597482e-01	8.078286e-01	0.000000e+00	1	1.340632e-01
1.529073e-01	8.081111e-01	0.000000e+00	1	1.310363e-01
1.458756e-01	8.144095e-01	0.000000e+00	1	3.540443e-02
1.442140e-01	8.276190e-01	0.000000e+00	1	3.181321e-02
1.499783e-01	8.089683e-01	0.000000e+00	1	2.625175e-02
1.513624e-01	8.088984e-01	0.000000e+00	1	2.620044e-02
1.524065e-01	8.086032e-01	0.000000e+00	1	1.642999e-02
1.515467e-01	8.086127e-01	0.000000e+00	1	1.627608e-02
1.397493e-01	8.335079e-01	0.000000e+00	1	1.456137e-02
1.402855e-01	8.332349e-01	0.000000e+00	1	1.456137e-02
1.597482e-01	8.078286e-01	0.000000e+00	1	1.453960e-02
1.612809e-01	8.071556e-01	0.000000e+00	1	1.285484e-02
1.396938e-01	8.335651e-01	0.000000e+00	1	1.254232e-02
1.390366e-01	8.335714e-01	0.000000e+00	1	1.243972e-02
1.602479e-01	8.075143e-01	0.000000e+00	1	1.187184e-02
1.495820e-01	8.091683e-01	0.000000e+00	1	1.170861e-02
1.489852e-01	8.091937e-01	0.000000e+00	1	1.170861e-02
1.606924e-01	8.073619e-01	0.000000e+00	1	1.087588e-02
1.602633e-01	8.073651e-01	0.000000e+00	1	1.053335e-02
1.607744e-01	8.071905e-01	0.000000e+00	1	1.015236e-02
1.403091e-01	8.327683e-01	0.000000e+00	1	8.102445e-03
1.388033e-01	8.339111e-01	0.000000e+00	1	7.661574e-03
1.402855e-01	8.332349e-01	0.000000e+00	1	7.541556e-03
1.384121e-01	8.339270e-01	0.000000e+00	1	7.405059e-03
1.380164e-01	8.342667e-01	0.000000e+00	1	6.686119e-03
1.460886e-01	8.137143e-01	0.000000e+00	1	5.703117e-03
1.465280e-01	8.131556e-01	0.000000e+00	1	5.432888e-03
1.465568e-01	8.129175e-01	0.000000e+00	1	5.432888e-03
1.602479e-01	8.075143e-01	0.000000e+00	1	5.370238e-03
1.514541e-01	8.086921e-01	0.000000e+00	1	5.087480e-03
1.513624e-01	8.088984e-01	0.000000e+00	1	5.071545e-03
1.376732e-01	8.348476e-01	0.000000e+00	1	5.002006e-03
1.377010e-01	8.346032e-01	0.000000e+00	1	5.002006e-03
1.373143e-01	8.352540e-01	0.000000e+00	1	4.772424e-03
1.375177e-01	8.351333e-01	0.000000e+00	1	4.772424e-03
1.460626e-01	8.139587e-01	0.000000e+00	1	4.685595e-03
1.440807e-01	8.277746e-01	0.000000e+00	1	4.575350e-03
1.529073e-01	8.081111e-01	0.000000e+00	1	4.565976e-03
1.607078e-01	8.072127e-01	0.000000e+00	1	4.323598e-03
1.357494e-01	8.366032e-01	0.000000e+00	1	4.302910e-03
1.438580e-01	8.278635e-01	0.000000e+00	1	4.216228e-03
1.436840e-01	8.281175e-01	0.000000e+00	1	4.166491e-03
1.434747e-01	8.281302e-01	0.000000e+00	1	4.166491e-03
1.459016e-01	8.141651e-01	0.000000e+00	1	3.950339e-03
1.403942e-01	8.323714e-01	0.000000e+00	1	3.919519e-03
1.382232e-01	8.340952e-01	0.000000e+00	1	3.915752e-03
1.526407e-01	8.083968e-01	0.000000e+00	1	3.911745e-03
1.375732e-01	8.350762e-01	0.000000e+00	1	3.822034e-03
1.350756e-01	8.376667e-01	0.000000e+00	1	3.822034e-03
1.403091e-01	8.327683e-01	0.000000e+00	1	3.780863e-03
1.371611e-01	8.353651e-01	0.000000e+00	1	3.769072e-03
1.369810e-01	8.353873e-01	0.000000e+00	1	3.769072e-03
1.437673e-01	8.279841e-01	0.000000e+00	1	3.732231e-03
1.403387e-01	8.325619e-01	0.000000e+00	1	3.639075e-03
1.376177e-01	8.349048e-01	0.000000e+00	1	3.611701e-03
1.388033e-01	8.339111e-01	0.000000e+00	1	3.611701e-03
1.525018e-01	8.084921e-01	0.000000e+00	1	3.598466e-03
1.526732e-01	8.083175e-01	0.000000e+00	1	3.598466e-03
1.499783e-01	8.089683e-01	0.000000e+00	1	3.567849e-03
1.461812e-01	8.136349e-01	0.000000e+00	1	3.548387e-03
1.498495e-01	8.089714e-01	0.000000e+00	1	3.530685e-03
1.470945e-01	8.117365e-01	0.000000e+00	1	3.530463e-03
1.473751e-01	8.109111e-01	0.000000e+00	1	3.530463e-03
1.469992e-01	8.119651e-01	0.000000e+00	1	3.530463e-03
1.413891e-01	8.308413e-01	0.000000e+00	1	3.424753e-03
1.423723e-01	8.294413e-01	0.000000e+00	1	3.416730e-03
1.417529e-01	8.304476e-01	0.000000e+00	1	3.371204e-03
1.354820e-01	8.368889e-01	0.000000e+00	1	3.358061e-03
1.354319e-01	8.370381e-01	0.000000e+00	1	3.358061e-03
1.403387e-01	8.325619e-01	0.000000e+00	1	3.334701e-03
1.414724e-01	8.308032e-01	0.000000e+00	1	3.305015e-03
1.471305e-01	8.117143e-01	0.000000e+00	1	3.297538e-03
1.406825e-01	8.317873e-01	0.000000e+00	1	3.241453e-03
1.412573e-01	8.309206e-01	0.000000e+00	1	3.241453e-03
1.377565e-01	8.345460e-01	0.000000e+00	1	3.138506e-03
1.497569e-01	8.090508e-01	0.000000e+00	1	3.128059e-03
1.350200e-01	8.377238e-01	0.000000e+00	1	3.103791e-03
1.422723e-01	8.296857e-01	0.000000e+00	1	3.083190e-03
1.404849e-01	8.321810e-01	0.000000e+00	1	3.081197e-03
1.404387e-01	8.323175e-01	0.000000e+00	1	3.081197e-03
1.476010e-01	8.105873e-01	0.000000e+00	1	3.035356e-03
1.459942e-01	8.140857e-01	0.000000e+00	1	3.035356e-03
1.463679e-01	8.133460e-01	0.000000e+00	1	3.035356e-03
1.375177e-01	8.351333e-01	0.000000e+00	1	3.001185e-03
1.373143e-01	8.352540e-01	0.000000e+00	1	3.001185e-03
1.353820e-01	8.371175e-01	0.000000e+00	1	2.998309e-03
1.406751e-01	8.318984e-01	0.000000e+00	1	2.953097e-03
1.412499e-01	8.310317e-01	0.000000e+00	1	2.953097e-03
1.417386e-01	8.305587e-01	0.000000e+00	1	2.953097e-03
1.407978e-01	8.315968e-01	0.000000e+00	1	2.890242e-03
1.419000e-01	8.303429e-01	0.000000e+00	1	2.872293e-03
1.466494e-01	8.128381e-01	0.000000e+00	1	2.867307e-03
1.361880e-01	8.360381e-01	0.000000e+00	1	2.859194e-03
1.429479e-01	8.286921e-01	0.000000e+00	1	2.856836e-03
1.427869e-01	8.290063e-01	0.000000e+00	1	2.856292e-03
1.378275e-01	8.344349e-01	0.000000e+00	1	2.847275e-03
1.428202e-01	8.288952e-01	0.000000e+00	1	2.844715e-03
1.468736e-01	8.123048e-01	0.000000e+00	1	2.835810e-03
1.475084e-01	8.106667e-01	0.000000e+00	1	2.835810e-03
1.484561e-01	8.095651e-01	0.000000e+00	1	2.834042e-03
1.367722e-01	8.355556e-01	0.000000e+00	1	2.827898e-03
1.423557e-01	8.295524e-01	0.000000e+00	1	2.822667e-03
1.353721e-01	8.372444e-01	0.000000e+00	1	2.812875e-03
1.463679e-01	8.133460e-01	0.000000e+00	1	2.812333e-03
1.463034e-01	8.134444e-01	0.000000e+00	1	2.812333e-03
1.382232e-01	8.340952e-01	0.000000e+00	1	2.770367e-03
1.351200e-01	8.374952e-01	0.000000e+00	1	2.770367e-03
1.388477e-01	8.337397e-01	0.000000e+00	1	2.770367e-03
1.357939e-01	8.364317e-01	0.000000e+00	1	2.770367e-03
1.432975e-01	8.283524e-01	0.000000e+00	1	2.760347e-03
1.420604e-01	8.299460e-01	0.000000e+00	1	2.742109e-03
1.431252e-01	8.285079e-01	0.000000e+00	1	2.742109e-03
1.420938e-01	8.298349e-01	0.000000e+00	1	2.742109e-03
1.424557e-01	8.293079e-01	0.000000e+00	1	2.742109e-03
1.433914e-01	8.282635e-01	0.000000e+00	1	2.742109e-03
1.441640e-01	8.276413e-01	0.000000e+00	1	2.742109e-03
1.407954e-01	8.316921e-01	0.000000e+00	1	2.729756e-03
1.369254e-01	8.354444e-01	0.000000e+00	1	2.720537e-03
1.371611e-01	8.353651e-01	0.000000e+00	1	2.720537e-03
1.364283e-01	8.358540e-01	0.000000e+00	1	2.694363e-03
1.360600e-01	8.361873e-01	0.000000e+00	1	2.694363e-03
1.529073e-01	8.081111e-01	0.000000e+00	1	2.629167e-03
1.525018e-01	8.084921e-01	0.000000e+00	1	2.629167e-03
1.527684e-01	8.082063e-01	0.000000e+00	1	2.629167e-03
1.471685e-01	8.115524e-01	0.000000e+00	1	2.616458e-03
1.429419e-01	8.287810e-01	0.000000e+00	1	2.584413e-03
1.468178e-01	8.126000e-01	0.000000e+00	1	2.582820e-03
1.361156e-01	8.361302e-01	0.000000e+00	1	2.539457e-03
1.438080e-01	8.278857e-01	0.000000e+00	1	2.536896e-03
1.414867e-01	8.306921e-01	0.000000e+00	1	2.492797e-03
1.470767e-01	8.118698e-01	0.000000e+00	1	2.490262e-03
1.471862e-01	8.114190e-01	0.000000e+00	1	2.490262e-03
1.473574e-01	8.110444e-01	0.000000e+00	1	2.490262e-03
1.471685e-01	8.115524e-01	0.000000e+00	1	2.490262e-03
1.411597e-01	8.310698e-01	0.000000e+00	1	2.485593e-03
1.472834e-01	8.112286e-01	0.000000e+00	1	2.476688e-03
1.464920e-01	8.131778e-01	0.000000e+00	1	2.474467e-03
1.469815e-01	8.120984e-01	0.000000e+00	1	2.445646e-03
1.431586e-01	8.283968e-01	0.000000e+00	1	2.426609e-03
1.428146e-01	8.289429e-01	0.000000e+00	1	2.426609e-03
1.434247e-01	8.281524e-01	0.000000e+00	1	2.426609e-03
1.460238e-01	8.139746e-01	0.000000e+00	1	2.426037e-03
1.612963e-01	8.070063e-01	0.000000e+00	1	2.411246e-03
1.485315e-01	8.094857e-01	0.000000e+00	1	2.406689e-03
1.612963e-01	8.070063e-01	0.000000e+00	1	2.403810e-03
1.437246e-01	8.280190e-01	0.000000e+00	1	2.398215e-03
1.359272e-01	8.363206e-01	0.000000e+00	1	2.395789e-03
1.389811e-01	8.336286e-01	0.000000e+00	1	2.395789e-03
1.362436e-01	8.359810e-01	0.000000e+00	1	2.395789e-03
1.351756e-01	8.374381e-01	0.000000e+00	1	2.395789e-03
1.383566e-01	8.339841e-01	0.000000e+00	1	2.395789e-03
1.379608e-01	8.343238e-01	0.000000e+00	1	2.395789e-03
1.469815e-01	8.120984e-01	0.000000e+00	1	2.387656e-03
1.440807e-01	8.277746e-01	0.000000e+00	1	2.382987e-03
1.438580e-01	8.278635e-01	0.000000e+00	1	2.382987e-03
1.436840e-01	8.281175e-01	0.000000e+00	1	2.360078e-03
1.466790e-01	8.127270e-01	0.000000e+00	1	2.356497e-03
1.462108e-01	8.135238e-01	0.000000e+00	1	2.356497e-03
1.356153e-01	8.367778e-01	0.000000e+00	1	2.344486e-03
1.358494e-01	8.363746e-01	0.000000e+00	1	2.344486e-03
1.389033e-01	8.336825e-01	0.000000e+00	1	2.344486e-03
1.363214e-01	8.359270e-01	0.000000e+00	1	2.344486e-03
1.355375e-01	8.368317e-01	0.000000e+00	1	2.344486e-03
1.352534e-01	8.373841e-01	0.000000e+00	1	2.344486e-03
1.367407e-01	8.355714e-01	0.000000e+00	1	2.344486e-03
1.468505e-01	8.125429e-01	0.000000e+00	1	2.312165e-03
1.411573e-01	8.311651e-01	0.000000e+00	1	2.296178e-03
1.361156e-01	8.361302e-01	0.000000e+00	1	2.294860e-03
1.464605e-01	8.132667e-01	0.000000e+00	1	2.265809e-03
1.405825e-01	8.320317e-01	0.000000e+00	1	2.263563e-03
1.468558e-01	8.124381e-01	0.000000e+00	1	2.255799e-03
1.354319e-01	8.370381e-01	0.000000e+00	1	2.228763e-03
1.418029e-01	8.304254e-01	0.000000e+00	1	2.193138e-03
1.427369e-01	8.290286e-01	0.000000e+00	1	2.181561e-03
1.429979e-01	8.286698e-01	0.000000e+00	1	2.181016e-03
1.497106e-01	8.090667e-01	0.000000e+00	1	2.173106e-03
1.474907e-01	8.108000e-01	0.000000e+00	1	2.154730e-03
1.482638e-01	8.099587e-01	0.000000e+00	1	2.149064e-03
1.407325e-01	8.317651e-01	0.000000e+00	1	2.126472e-03
1.421771e-01	8.297397e-01	0.000000e+00	1	2.126472e-03
1.425057e-01	8.292857e-01	0.000000e+00	1	2.126472e-03
1.419549e-01	8.301587e-01	0.000000e+00	1	2.123911e-03
1.419938e-01	8.300794e-01	0.000000e+00	1	2.111109e-03
1.427313e-01	8.290762e-01	0.000000e+00	1	2.111109e-03
1.420104e-01	8.299683e-01	0.000000e+00	1	2.111109e-03
1.419104e-01	8.302127e-01	0.000000e+00	1	2.103427e-03
1.479868e-01	8.101429e-01	0.000000e+00	1	2.055476e-03
1.469661e-01	8.122254e-01	0.000000e+00	1	2.052124e-03
1.472788e-01	8.113397e-01	0.000000e+00	1	2.045095e-03
1.432086e-01	8.283746e-01	0.000000e+00	1	2.042104e-03
1.464650e-01	8.132349e-01	0.000000e+00	1	2.032887e-03
1.468558e-01	8.124381e-01	0.000000e+00	1	2.028534e-03
1.433414e-01	8.282857e-01	0.000000e+00	1	2.023865e-03
1.430752e-01	8.285302e-01	0.000000e+00	1	2.023865e-03
1.419938e-01	8.300794e-01	0.000000e+00	1	2.018744e-03
1.423506e-01	8.295905e-01	0.000000e+00	1	2.018744e-03
1.356939e-01	8.366603e-01	0.000000e+00	1	2.002157e-03
1.465928e-01	8.128952e-01	0.000000e+00	1	1.995154e-03
1.467716e-01	8.126476e-01	0.000000e+00	1	1.995154e-03
1.480683e-01	8.101111e-01	0.000000e+00	1	1.995154e-03
1.496746e-01	8.090889e-01	0.000000e+00	1	1.995154e-03
1.469095e-01	8.122825e-01	0.000000e+00	1	1.995154e-03
1.467150e-01	8.127048e-01	0.000000e+00	1	1.995154e-03
1.487236e-01	8.093683e-01	0.000000e+00	1	1.995154e-03
1.475444e-01	8.106444e-01	0.000000e+00	1	1.995154e-03
1.482985e-01	8.098921e-01	0.000000e+00	1	1.990376e-03
1.366431e-01	8.356254e-01	0.000000e+00	1	1.975123e-03
1.360600e-01	8.361873e-01	0.000000e+00	1	1.975123e-03
1.359827e-01	8.362635e-01	0.000000e+00	1	1.975123e-03
1.366389e-01	8.356667e-01	0.000000e+00	1	1.975123e-03
1.396938e-01	8.335651e-01	0.000000e+00	1	1.975123e-03
1.369254e-01	8.354444e-01	0.000000e+00	1	1.975123e-03
1.378830e-01	8.343778e-01	0.000000e+00	1	1.975123e-03
1.364542e-01	8.357937e-01	0.000000e+00	1	1.975123e-03
1.353089e-01	8.373270e-01	0.000000e+00	1	1.975123e-03
1.369810e-01	8.353873e-01	0.000000e+00	1	1.975123e-03
1.380164e-01	8.342667e-01	0.000000e+00	1	1.975123e-03
1.377565e-01	8.345460e-01	0.000000e+00	1	1.975123e-03
1.376177e-01	8.349048e-01	0.000000e+00	1	1.975123e-03
1.363769e-01	8.358698e-01	0.000000e+00	1	1.975123e-03
1.357481e-01	8.366444e-01	0.000000e+00	1	1.975123e-03
1.372588e-01	8.353111e-01	0.000000e+00	1	1.975123e-03
1.397493e-01	8.335079e-01	0.000000e+00	1	1.975123e-03
1.389033e-01	8.336825e-01	0.000000e+00	1	1.975123e-03
1.368278e-01	8.354984e-01	0.000000e+00	1	1.975123e-03
1.365098e-01	8.357365e-01	0.000000e+00	1	1.975123e-03
1.363727e-01	8.359111e-01	0.000000e+00	1	1.975123e-03
1.356153e-01	8.367778e-01	0.000000e+00	1	1.975123e-03
1.356708e-01	8.367206e-01	0.000000e+00	1	1.975123e-03
1.483981e-01	8.097302e-01	0.000000e+00	1	1.971430e-03
1.484318e-01	8.096476e-01	0.000000e+00	1	1.971430e-03
1.470767e-01	8.118698e-01	0.000000e+00	1	1.966217e-03
1.481257e-01	8.100476e-01	0.000000e+00	1	1.962772e-03
1.427202e-01	8.291397e-01	0.000000e+00	1	1.946728e-03
1.408880e-01	8.315587e-01	0.000000e+00	1	1.935831e-03
1.408954e-01	8.314476e-01	0.000000e+00	1	1.935831e-03
1.485847e-01	8.094635e-01	0.000000e+00	1	1.930822e-03
1.427152e-01	8.291778e-01	0.000000e+00	1	1.923933e-03
1.383566e-01	8.339841e-01	0.000000e+00	1	1.923820e-03
1.359272e-01	8.363206e-01	0.000000e+00	1	1.923820e-03
1.382788e-01	8.340381e-01	0.000000e+00	1	1.923820e-03
1.403942e-01	8.323714e-01	0.000000e+00	1	1.923820e-03
1.379608e-01	8.343238e-01	0.000000e+00	1	1.923820e-03
1.351756e-01	8.374381e-01	0.000000e+00	1	1.923820e-03
1.476370e-01	8.105651e-01	0.000000e+00	1	1.912354e-03
1.478582e-01	8.102444e-01	0.000000e+00	1	1.912354e-03
1.430313e-01	8.285968e-01	0.000000e+00	1	1.909138e-03
1.409454e-01	8.314254e-01	0.000000e+00	1	1.906715e-03
1.413073e-01	8.308984e-01	0.000000e+00	1	1.906715e-03
1.515467e-01	8.086127e-01	0.000000e+00	1	1.906688e-03
1.411523e-01	8.312032e-01	0.000000e+00	1	1.904441e-03
1.476656e-01	8.104889e-01	0.000000e+00	1	1.903249e-03
1.526732e-01	8.083175e-01	0.000000e+00	1	1.898554e-03
1.409454e-01	8.314254e-01	0.000000e+00	1	1.869956e-03
1.413073e-01	8.308984e-01	0.000000e+00	1	1.869956e-03
1.428646e-01	8.288254e-01	0.000000e+00	1	1.866061e-03
1.470352e-01	8.119429e-01	0.000000e+00	1	1.861051e-03
1.368278e-01	8.354984e-01	0.000000e+00	1	1.848384e-03
1.372588e-01	8.353111e-01	0.000000e+00	1	1.848384e-03
1.461812e-01	8.136349e-01	0.000000e+00	1	1.843466e-03
1.488463e-01	8.092889e-01	0.000000e+00	1	1.834016e-03
1.418834e-01	8.303587e-01	0.000000e+00	1	1.829575e-03
1.410691e-01	8.312603e-01	0.000000e+00	1	1.818653e-03
1.421438e-01	8.298127e-01	0.000000e+00	1	1.810971e-03
1.425390e-01	8.292127e-01	0.000000e+00	1	1.810971e-03
1.430252e-01	8.286476e-01	0.000000e+00	1	1.810971e-03
1.410272e-01	8.313683e-01	0.000000e+00	1	1.804108e-03
1.527684e-01	8.082063e-01	0.000000e+00	1	1.802858e-03
1.524065e-01	8.086032e-01	0.000000e+00	1	1.802858e-03
1.482072e-01	8.100159e-01	0.000000e+00	1	1.799845e-03
1.524065e-01	8.086032e-01	0.000000e+00	1	1.795608e-03
1.441307e-01	8.277524e-01	0.000000e+00	1	1.795608e-03
1.527684e-01	8.082063e-01	0.000000e+00	1	1.795608e-03
1.424223e-01	8.294190e-01	0.000000e+00	1	1.795608e-03
1.483228e-01	8.098095e-01	0.000000e+00	1	1.793840e-03
1.484318e-01	8.096476e-01	0.000000e+00	1	1.793840e-03
1.473574e-01	8.110444e-01	0.000000e+00	1	1.779361e-03
1.459016e-01	8.141651e-01	0.000000e+00	1	1.773355e-03
1.478297e-01	8.103206e-01	0.000000e+00	1	1.772132e-03
1.350756e-01	8.376667e-01	0.000000e+00	1	1.764789e-03
1.351200e-01	8.374952e-01	0.000000e+00	1	1.764789e-03
1.388477e-01	8.337397e-01	0.000000e+00	1	1.764789e-03
1.357939e-01	8.364317e-01	0.000000e+00	1	1.764789e-03
1.375732e-01	8.350762e-01	0.000000e+00	1	1.764789e-03
1.410597e-01	8.313143e-01	0.000000e+00	1	1.760215e-03
1.477011e-01	8.104222e-01	0.000000e+00	1	1.758445e-03
1.459016e-01	8.141651e-01	0.000000e+00	1	1.752778e-03
1.463034e-01	8.134444e-01	0.000000e+00	1	1.752778e-03
1.462108e-01	8.135238e-01	0.000000e+00	1	1.752778e-03
1.473555e-01	8.111524e-01	0.000000e+00	1	1.744305e-03
1.514541e-01	8.086921e-01	0.000000e+00	1	1.736844e-03
1.353319e-01	8.372667e-01	0.000000e+00	1	1.735510e-03
1.418549e-01	8.304032e-01	0.000000e+00	1	1.713873e-03
1.419104e-01	8.302127e-01	0.000000e+00	1	1.713486e-03
1.404387e-01	8.323175e-01	0.000000e+00	1	1.713486e-03
1.423168e-01	8.296317e-01	0.000000e+00	1	1.713486e-03
1.489492e-01	8.092159e-01	0.000000e+00	1	1.668868e-03
1.484921e-01	8.095429e-01	0.000000e+00	1	1.668868e-03
1.484955e-01	8.095079e-01	0.000000e+00	1	1.668868e-03
1.486240e-01	8.094063e-01	0.000000e+00	1	1.668868e-03
1.483621e-01	8.097524e-01	0.000000e+00	1	1.668868e-03
1.467818e-01	8.126222e-01	0.000000e+00	1	1.643659e-03
1.607744e-01	8.071905e-01	0.000000e+00	1	1.621122e-03
1.476656e-01	8.104889e-01	0.000000e+00	1	1.618222e-03
1.419549e-01	8.301587e-01	0.000000e+00	1	1.608320e-03
1.477937e-01	8.103429e-01	0.000000e+00	1	1.604535e-03
1.479508e-01	8.101651e-01	0.000000e+00	1	1.604535e-03
1.498135e-01	8.089937e-01	0.000000e+00	1	1.604535e-03
1.478942e-01	8.102222e-01	0.000000e+00	1	1.604535e-03
1.474677e-01	8.108317e-01	0.000000e+00	1	1.584730e-03
1.405849e-01	8.319365e-01	0.000000e+00	1	1.584620e-03
1.482638e-01	8.099587e-01	0.000000e+00	1	1.579951e-03
1.487629e-01	8.093111e-01	0.000000e+00	1	1.577500e-03
1.489458e-01	8.092508e-01	0.000000e+00	1	1.571700e-03
1.473193e-01	8.112063e-01	0.000000e+00	1	1.557330e-03
1.407325e-01	8.317651e-01	0.000000e+00	1	1.549785e-03
1.527684e-01	8.082063e-01	0.000000e+00	1	1.539093e-03
1.525018e-01	8.084921e-01	0.000000e+00	1	1.539093e-03
1.614233e-01	8.069111e-01	0.000000e+00	1	1.539093e-03
1.526407e-01	8.083968e-01	0.000000e+00	1	1.539093e-03
1.612963e-01	8.070063e-01	0.000000e+00	1	1.539093e-03
1.482985e-01	8.098921e-01	0.000000e+00	1	1.537325e-03
1.411191e-01	8.312381e-01	0.000000e+00	1	1.510834e-03
1.416200e-01	8.306317e-01	0.000000e+00	1	1.510834e-03
1.366945e-01	8.356095e-01	0.000000e+00	1	1.491711e-03
1.410547e-01	8.313524e-01	0.000000e+00	1	1.488759e-03
1.466494e-01	8.128381e-01	0.000000e+00	1	1.484345e-03
1.365875e-01	8.356825e-01	0.000000e+00	1	1.472334e-03
1.382788e-01	8.340381e-01	0.000000e+00	1	1.472334e-03
1.378830e-01	8.343778e-01	0.000000e+00	1	1.472334e-03
1.365098e-01	8.357365e-01	0.000000e+00	1	1.472334e-03
1.353820e-01	8.371175e-01	0.000000e+00	1	1.468642e-03
1.364542e-01	8.357937e-01	0.000000e+00	1	1.465537e-03
1.359827e-01	8.362635e-01	0.000000e+00	1	1.463088e-03
1.376732e-01	8.348476e-01	0.000000e+00	1	1.449289e-03
1.377010e-01	8.346032e-01	0.000000e+00	1	1.449289e-03
1.410272e-01	8.313683e-01	0.000000e+00	1	1.444141e-03
1.498135e-01	8.089937e-01	0.000000e+00	1	1.430820e-03
1.477937e-01	8.103429e-01	0.000000e+00	1	1.430820e-03
1.496180e-01	8.091460e-01	0.000000e+00	1	1.430820e-03
1.477371e-01	8.104000e-01	0.000000e+00	1	1.430820e-03
1.479508e-01	8.101651e-01	0.000000e+00	1	1.430820e-03
1.353089e-01	8.373270e-01	0.000000e+00	1	1.410449e-03
1.426538e-01	8.291810e-01	0.000000e+00	1	1.380854e-03
1.422271e-01	8.297175e-01	0.000000e+00	1	1.369704e-03
1.464605e-01	8.132667e-01	0.000000e+00	1	1.368168e-03
1.488926e-01	8.092730e-01	0.000000e+00	1	1.366488e-03
1.474677e-01	8.108317e-01	0.000000e+00	1	1.359146e-03
1.480897e-01	8.100698e-01	0.000000e+00	1	1.348020e-03
1.418362e-01	8.304095e-01	0.000000e+00	1	1.343829e-03
1.378275e-01	8.344349e-01	0.000000e+00	1	1.342898e-03
1.437246e-01	8.280190e-01	0.000000e+00	1	1.334016e-03
1.482072e-01	8.100159e-01	0.000000e+00	1	1.328214e-03
1.384121e-01	8.339270e-01	0.000000e+00	1	1.308182e-03
1.423168e-01	8.296317e-01	0.000000e+00	1	1.307186e-03
1.408954e-01	8.314476e-01	0.000000e+00	1	1.305622e-03
1.422271e-01	8.297175e-01	0.000000e+00	1	1.305622e-03
1.434247e-01	8.281524e-01	0.000000e+00	1	1.305622e-03
1.434747e-01	8.281302e-01	0.000000e+00	1	1.305622e-03
1.425890e-01	8.291905e-01	0.000000e+00	1	1.305622e-03
1.425390e-01	8.292127e-01	0.000000e+00	1	1.305622e-03
1.415235e-01	8.306762e-01	0.000000e+00	1	1.305622e-03
1.420104e-01	8.299683e-01	0.000000e+00	1	1.305622e-03
1.417053e-01	8.305746e-01	0.000000e+00	1	1.305622e-03
1.432086e-01	8.283746e-01	0.000000e+00	1	1.305622e-03
1.408478e-01	8.315746e-01	0.000000e+00	1	1.305622e-03
1.405849e-01	8.319365e-01	0.000000e+00	1	1.305622e-03
1.416553e-01	8.305968e-01	0.000000e+00	1	1.305622e-03
1.406349e-01	8.319143e-01	0.000000e+00	1	1.305622e-03
1.424223e-01	8.294190e-01	0.000000e+00	1	1.305622e-03
1.421438e-01	8.298127e-01	0.000000e+00	1	1.305622e-03
1.431586e-01	8.283968e-01	0.000000e+00	1	1.305622e-03
1.463034e-01	8.134444e-01	0.000000e+00	1	1.282577e-03
1.462108e-01	8.135238e-01	0.000000e+00	1	1.282577e-03
1.460886e-01	8.137143e-01	0.000000e+00	1	1.282577e-03
1.514541e-01	8.086921e-01	0.000000e+00	1	1.282577e-03
1.515467e-01	8.086127e-01	0.000000e+00	1	1.282577e-03
1.486703e-01	8.093905e-01	0.000000e+00	1	1.263881e-03
1.483587e-01	8.097873e-01	0.000000e+00	1	1.245414e-03
1.415367e-01	8.306698e-01	0.000000e+00	1	1.239433e-03
1.414259e-01	8.308254e-01	0.000000e+00	1	1.239433e-03
1.488463e-01	8.092889e-01	0.000000e+00	1	1.235511e-03
1.486703e-01	8.093905e-01	0.000000e+00	1	1.235511e-03
1.416553e-01	8.305968e-01	0.000000e+00	1	1.231616e-03
1.359827e-01	8.362635e-01	0.000000e+00	1	1.231274e-03
1.366945e-01	8.356095e-01	0.000000e+00	1	1.228826e-03
1.365875e-01	8.356825e-01	0.000000e+00	1	1.228826e-03
1.363214e-01	8.359270e-01	0.000000e+00	1	1.228826e-03
1.425890e-01	8.291905e-01	0.000000e+00	1	1.226945e-03
1.405825e-01	8.320317e-01	0.000000e+00	1	1.225498e-03
1.407954e-01	8.316921e-01	0.000000e+00	1	1.225498e-03
1.469661e-01	8.122254e-01	0.000000e+00	1	1.214371e-03
1.426538e-01	8.291810e-01	0.000000e+00	1	1.212374e-03
1.412097e-01	8.310476e-01	0.000000e+00	1	1.203016e-03
1.415700e-01	8.306540e-01	0.000000e+00	1	1.203016e-03
1.433414e-01	8.282857e-01	0.000000e+00	1	1.190895e-03
1.430752e-01	8.285302e-01	0.000000e+00	1	1.190895e-03
1.432975e-01	8.283524e-01	0.000000e+00	1	1.190895e-03
1.472222e-01	8.113968e-01	0.000000e+00	1	1.181334e-03
1.472656e-01	8.113619e-01	0.000000e+00	1	1.181334e-03
1.405442e-01	8.321048e-01	0.000000e+00	1	1.179971e-03
1.390366e-01	8.335714e-01	0.000000e+00	1	1.154273e-03
1.429036e-01	8.288000e-01	0.000000e+00	1	1.147817e-03
1.470352e-01	8.119429e-01	0.000000e+00	1	1.145368e-03
1.481609e-01	8.100317e-01	0.000000e+00	1	1.132905e-03
1.480323e-01	8.101333e-01	0.000000e+00	1	1.132905e-03
1.488926e-01	8.092730e-01	0.000000e+00	1	1.132905e-03
1.438080e-01	8.278857e-01	0.000000e+00	1	1.128803e-03
1.513624e-01	8.088984e-01	0.000000e+00	1	1.128668e-03
1.412097e-01	8.310476e-01	0.000000e+00	1	1.119873e-03
1.350200e-01	8.377238e-01	0.000000e+00	1	1.109520e-03
1.485847e-01	8.094635e-01	0.000000e+00	1	1.104534e-03
1.405442e-01	8.321048e-01	0.000000e+00	1	1.083592e-03
1.471305e-01	8.117143e-01	0.000000e+00	1	1.079354e-03
1.478942e-01	8.102222e-01	0.000000e+00	1	1.071699e-03
1.474111e-01	8.108889e-01	0.000000e+00	1	1.071699e-03
1.469661e-01	8.122254e-01	0.000000e+00	1	1.071699e-03
1.355375e-01	8.368317e-01	0.000000e+00	1	1.051667e-03
1.358494e-01	8.363746e-01	0.000000e+00	1	1.051667e-03
1.354820e-01	8.368889e-01	0.000000e+00	1	1.051667e-03
1.362436e-01	8.359810e-01	0.000000e+00	1	1.051667e-03
1.388477e-01	8.337397e-01	0.000000e+00	1	1.051667e-03
1.382232e-01	8.340952e-01	0.000000e+00	1	1.051667e-03
1.389811e-01	8.336286e-01	0.000000e+00	1	1.051667e-03
1.352534e-01	8.373841e-01	0.000000e+00	1	1.051667e-03
1.351200e-01	8.374952e-01	0.000000e+00	1	1.051667e-03
1.403387e-01	8.325619e-01	0.000000e+00	1	1.051667e-03
1.361880e-01	8.360381e-01	0.000000e+00	1	1.051667e-03
1.357939e-01	8.364317e-01	0.000000e+00	1	1.051667e-03
1.404849e-01	8.321810e-01	0.000000e+00	1	1.048656e-03
1.480331e-01	8.101270e-01	0.000000e+00	1	1.040201e-03
1.487629e-01	8.093111e-01	0.000000e+00	1	1.040201e-03
1.474111e-01	8.108889e-01	0.000000e+00	1	1.040201e-03
1.495820e-01	8.091683e-01	0.000000e+00	1	1.040201e-03
1.475444e-01	8.106444e-01	0.000000e+00	1	1.040201e-03
1.487270e-01	8.093333e-01	0.000000e+00	1	1.040201e-03
1.489852e-01	8.091937e-01	0.000000e+00	1	1.040201e-03
1.473193e-01	8.112063e-01	0.000000e+00	1	1.040201e-03
1.483981e-01	8.097302e-01	0.000000e+00	1	1.040201e-03
1.478297e-01	8.103206e-01	0.000000e+00	1	1.040201e-03
1.483228e-01	8.098095e-01	0.000000e+00	1	1.040201e-03
1.496746e-01	8.090889e-01	0.000000e+00	1	1.040201e-03
1.471862e-01	8.114190e-01	0.000000e+00	1	1.040201e-03
1.467150e-01	8.127048e-01	0.000000e+00	1	1.040201e-03
1.469095e-01	8.122825e-01	0.000000e+00	1	1.040201e-03
1.429036e-01	8.288000e-01	0.000000e+00	1	1.033199e-03
1.477011e-01	8.104222e-01	0.000000e+00	1	1.031096e-03
1.416200e-01	8.306317e-01	0.000000e+00	1	1.026403e-03
1.468505e-01	8.125429e-01	0.000000e+00	1	1.024525e-03
1.408478e-01	8.315746e-01	0.000000e+00	1	1.017267e-03
1.408880e-01	8.315587e-01	0.000000e+00	1	1.017267e-03
1.406349e-01	8.319143e-01	0.000000e+00	1	1.017267e-03
1.431252e-01	8.285079e-01	0.000000e+00	1	9.901218e-04
1.424557e-01	8.293079e-01	0.000000e+00	1	9.901218e-04
1.420604e-01	8.299460e-01	0.000000e+00	1	9.901218e-04
1.421771e-01	8.297397e-01	0.000000e+00	1	9.901218e-04
1.425057e-01	8.292857e-01	0.000000e+00	1	9.901218e-04
1.433914e-01	8.282635e-01	0.000000e+00	1	9.901218e-04
1.415700e-01	8.306540e-01	0.000000e+00	1	9.901218e-04
1.411191e-01	8.312381e-01	0.000000e+00	1	9.876704e-04
1.356708e-01	8.367206e-01	0.000000e+00	1	9.747589e-04
1.459968e-01	8.140317e-01	0.000000e+00	1	9.735352e-04
1.414259e-01	8.308254e-01	0.000000e+00	1	9.537045e-04
1.474907e-01	8.108000e-01	0.000000e+00	1	9.487216e-04
1.404942e-01	8.321270e-01	0.000000e+00	1	9.465002e-04
1.441307e-01	8.277524e-01	0.000000e+00	1	9.465002e-04
1.405442e-01	8.321048e-01	0.000000e+00	1	9.465002e-04
1.442140e-01	8.276190e-01	0.000000e+00	1	9.465002e-04
1.430313e-01	8.285968e-01	0.000000e+00	1	9.355769e-04
1.355375e-01	8.368317e-01	0.000000e+00	1	9.234558e-04
1.378275e-01	8.344349e-01	0.000000e+00	1	9.234558e-04
1.477371e-01	8.104000e-01	0.000000e+00	1	9.234558e-04
1.354820e-01	8.368889e-01	0.000000e+00	1	9.234558e-04
1.496180e-01	8.091460e-01	0.000000e+00	1	9.234558e-04
1.390366e-01	8.335714e-01	0.000000e+00	1	9.234558e-04
1.352534e-01	8.373841e-01	0.000000e+00	1	9.234558e-04
1.382232e-01	8.340952e-01	0.000000e+00	1	9.234558e-04
1.384121e-01	8.339270e-01	0.000000e+00	1	9.234558e-04
1.361880e-01	8.360381e-01	0.000000e+00	1	9.234558e-04
1.358494e-01	8.363746e-01	0.000000e+00	1	9.234558e-04
1.474111e-01	8.108889e-01	0.000000e+00	1	9.234558e-04
1.382788e-01	8.340381e-01	0.000000e+00	1	9.234558e-04
1.481609e-01	8.100317e-01	0.000000e+00	1	9.225712e-04
1.459942e-01	8.140857e-01	0.000000e+00	1	9.222321e-04
1.473555e-01	8.111524e-01	0.000000e+00	1	9.072082e-04
1.478582e-01	8.102444e-01	0.000000e+00	1	8.999790e-04
1.476370e-01	8.105651e-01	0.000000e+00	1	8.999790e-04
1.417053e-01	8.305746e-01	0.000000e+00	1	8.875157e-04
1.486240e-01	8.094063e-01	0.000000e+00	1	8.763891e-04
1.389811e-01	8.336286e-01	0.000000e+00	1	8.721527e-04
1.362436e-01	8.359810e-01	0.000000e+00	1	8.721527e-04
1.368278e-01	8.354984e-01	0.000000e+00	1	8.721527e-04
1.459968e-01	8.140317e-01	0.000000e+00	1	8.721527e-04
1.404942e-01	8.321270e-01	0.000000e+00	1	8.721527e-04
1.378830e-01	8.343778e-01	0.000000e+00	1	8.721527e-04
1.372588e-01	8.353111e-01	0.000000e+00	1	8.721527e-04
Total execution time: 39163.753
