# This file contains the data of final feasible population (if found)
# of objectives = 2, # of constraints = 0, # of real_var = 0, # of bits of bin_var = 0, constr_violation, rank, crowding_distance
1.588084e-01	8.107143e-01	0.000000e+00	1	1.000000e+14
1.444330e-01	8.345873e-01	0.000000e+00	1	1.000000e+14
1.536568e-01	8.251810e-01	0.000000e+00	1	2.511635e-01
1.538321e-01	8.133365e-01	0.000000e+00	1	2.480718e-01
1.503592e-01	8.287365e-01	0.000000e+00	1	6.966231e-02
1.485169e-01	8.287778e-01	0.000000e+00	1	6.560646e-02
1.581473e-01	8.107524e-01	0.000000e+00	1	2.436323e-02
1.574468e-01	8.108413e-01	0.000000e+00	1	2.436323e-02
1.451981e-01	8.330476e-01	0.000000e+00	1	1.877903e-02
1.457380e-01	8.329556e-01	0.000000e+00	1	1.877903e-02
1.469389e-01	8.314254e-01	0.000000e+00	1	1.619010e-02
1.469951e-01	8.308000e-01	0.000000e+00	1	1.619010e-02
1.570913e-01	8.108635e-01	0.000000e+00	1	1.316464e-02
1.553075e-01	8.115651e-01	0.000000e+00	1	1.283220e-02
1.574468e-01	8.108413e-01	0.000000e+00	1	1.236677e-02
1.556631e-01	8.115429e-01	0.000000e+00	1	1.236677e-02
1.564569e-01	8.110889e-01	0.000000e+00	1	1.100571e-02
1.470840e-01	8.307270e-01	0.000000e+00	1	1.100393e-02
1.570518e-01	8.109016e-01	0.000000e+00	1	1.096014e-02
1.563894e-01	8.111841e-01	0.000000e+00	1	1.096014e-02
1.560839e-01	8.112000e-01	0.000000e+00	1	1.096014e-02
1.584529e-01	8.107365e-01	0.000000e+00	1	1.096014e-02
1.567463e-01	8.109175e-01	0.000000e+00	1	1.062769e-02
1.585029e-01	8.107302e-01	0.000000e+00	1	1.062769e-02
1.581473e-01	8.107524e-01	0.000000e+00	1	1.062769e-02
1.556631e-01	8.115429e-01	0.000000e+00	1	1.028154e-02
1.472340e-01	8.301270e-01	0.000000e+00	1	1.004720e-02
1.533050e-01	8.253048e-01	0.000000e+00	1	9.144841e-03
1.535679e-01	8.252540e-01	0.000000e+00	1	9.144841e-03
1.567198e-01	8.110349e-01	0.000000e+00	1	9.144005e-03
1.539262e-01	8.129905e-01	0.000000e+00	1	8.892900e-03
1.540003e-01	8.126889e-01	0.000000e+00	1	8.892900e-03
1.551197e-01	8.116762e-01	0.000000e+00	1	8.860168e-03
1.553075e-01	8.115651e-01	0.000000e+00	1	8.860168e-03
1.466251e-01	8.315556e-01	0.000000e+00	1	8.495602e-03
1.522205e-01	8.260540e-01	0.000000e+00	1	8.194657e-03
1.530828e-01	8.253270e-01	0.000000e+00	1	8.194657e-03
1.519983e-01	8.260762e-01	0.000000e+00	1	8.194657e-03
1.529693e-01	8.255175e-01	0.000000e+00	1	7.937627e-03
1.530828e-01	8.253270e-01	0.000000e+00	1	7.937627e-03
1.471086e-01	8.303492e-01	0.000000e+00	1	7.912234e-03
1.524812e-01	8.257206e-01	0.000000e+00	1	7.729231e-03
1.527034e-01	8.256984e-01	0.000000e+00	1	7.729231e-03
1.533050e-01	8.253048e-01	0.000000e+00	1	7.729231e-03
1.468254e-01	8.315206e-01	0.000000e+00	1	7.697729e-03
1.473049e-01	8.297651e-01	0.000000e+00	1	7.579787e-03
1.504123e-01	8.284698e-01	0.000000e+00	1	7.433765e-03
1.558765e-01	8.114063e-01	0.000000e+00	1	7.422494e-03
1.444377e-01	8.343429e-01	0.000000e+00	1	7.227653e-03
1.545691e-01	8.120476e-01	0.000000e+00	1	7.021336e-03
1.445631e-01	8.340254e-01	0.000000e+00	1	6.429781e-03
1.474303e-01	8.295429e-01	0.000000e+00	1	6.216693e-03
1.476525e-01	8.294095e-01	0.000000e+00	1	6.166794e-03
1.538321e-01	8.133365e-01	0.000000e+00	1	6.095553e-03
1.536568e-01	8.251810e-01	0.000000e+00	1	6.095553e-03
1.505814e-01	8.282000e-01	0.000000e+00	1	6.011963e-03
1.544017e-01	8.121048e-01	0.000000e+00	1	5.824528e-03
1.547072e-01	8.118984e-01	0.000000e+00	1	5.712910e-03
1.471086e-01	8.303492e-01	0.000000e+00	1	5.671776e-03
1.480883e-01	8.290063e-01	0.000000e+00	1	5.614706e-03
1.523923e-01	8.257937e-01	0.000000e+00	1	5.551799e-03
1.479994e-01	8.290794e-01	0.000000e+00	1	5.551799e-03
1.509513e-01	8.275619e-01	0.000000e+00	1	5.463019e-03
1.508420e-01	8.276540e-01	0.000000e+00	1	5.330040e-03
1.479174e-01	8.291968e-01	0.000000e+00	1	5.313976e-03
1.464029e-01	8.316889e-01	0.000000e+00	1	5.310221e-03
1.444330e-01	8.345873e-01	0.000000e+00	1	5.285307e-03
1.546133e-01	8.119937e-01	0.000000e+00	1	5.262038e-03
1.544017e-01	8.121048e-01	0.000000e+00	1	5.262038e-03
1.540003e-01	8.126889e-01	0.000000e+00	1	4.903538e-03
1.519039e-01	8.260984e-01	0.000000e+00	1	4.815015e-03
1.471914e-01	8.302159e-01	0.000000e+00	1	4.740924e-03
1.558765e-01	8.114063e-01	0.000000e+00	1	4.637539e-03
1.475192e-01	8.294698e-01	0.000000e+00	1	4.637539e-03
1.560098e-01	8.113905e-01	0.000000e+00	1	4.637539e-03
1.514631e-01	8.266508e-01	0.000000e+00	1	4.620948e-03
1.449759e-01	8.331810e-01	0.000000e+00	1	4.620948e-03
1.451092e-01	8.331206e-01	0.000000e+00	1	4.620948e-03
1.479174e-01	8.291968e-01	0.000000e+00	1	4.620948e-03
1.463140e-01	8.317619e-01	0.000000e+00	1	4.620948e-03
1.527765e-01	8.256825e-01	0.000000e+00	1	4.620948e-03
1.477414e-01	8.293365e-01	0.000000e+00	1	4.620948e-03
1.447735e-01	8.333492e-01	0.000000e+00	1	4.620948e-03
1.465362e-01	8.316286e-01	0.000000e+00	1	4.620948e-03
1.460015e-01	8.320508e-01	0.000000e+00	1	4.620948e-03
1.541683e-01	8.123492e-01	0.000000e+00	1	4.599053e-03
1.445631e-01	8.340254e-01	0.000000e+00	1	4.579235e-03
1.465116e-01	8.316508e-01	0.000000e+00	1	4.578838e-03
1.450846e-01	8.331429e-01	0.000000e+00	1	4.578838e-03
1.449759e-01	8.331810e-01	0.000000e+00	1	4.578838e-03
1.478285e-01	8.292698e-01	0.000000e+00	1	4.558532e-03
1.522788e-01	8.259841e-01	0.000000e+00	1	4.554459e-03
1.483105e-01	8.288730e-01	0.000000e+00	1	4.550876e-03
1.478285e-01	8.292698e-01	0.000000e+00	1	4.487969e-03
1.444377e-01	8.343429e-01	0.000000e+00	1	4.487435e-03
1.473938e-01	8.296921e-01	0.000000e+00	1	4.393387e-03
1.475192e-01	8.294698e-01	0.000000e+00	1	4.354990e-03
1.513496e-01	8.268413e-01	0.000000e+00	1	4.343085e-03
1.514076e-01	8.267302e-01	0.000000e+00	1	4.343085e-03
1.549816e-01	8.118254e-01	0.000000e+00	1	4.342516e-03
1.548816e-01	8.118667e-01	0.000000e+00	1	4.342516e-03
1.457481e-01	8.328825e-01	0.000000e+00	1	4.338760e-03
1.447129e-01	8.335556e-01	0.000000e+00	1	4.331589e-03
1.447735e-01	8.333492e-01	0.000000e+00	1	4.321809e-03
1.444983e-01	8.341365e-01	0.000000e+00	1	4.321809e-03
1.446237e-01	8.338190e-01	0.000000e+00	1	4.321809e-03
1.510068e-01	8.274825e-01	0.000000e+00	1	4.259435e-03
1.506396e-01	8.279175e-01	0.000000e+00	1	4.259435e-03
1.505840e-01	8.279968e-01	0.000000e+00	1	4.255319e-03
1.458087e-01	8.326762e-01	0.000000e+00	1	4.165026e-03
1.457531e-01	8.326921e-01	0.000000e+00	1	4.165026e-03
1.447126e-01	8.337460e-01	0.000000e+00	1	4.145208e-03
1.482058e-01	8.289841e-01	0.000000e+00	1	4.085451e-03
1.484280e-01	8.288508e-01	0.000000e+00	1	4.085451e-03
1.548141e-01	8.118825e-01	0.000000e+00	1	4.050676e-03
1.473049e-01	8.297651e-01	0.000000e+00	1	3.996664e-03
1.447129e-01	8.335556e-01	0.000000e+00	1	3.989362e-03
1.560839e-01	8.112000e-01	0.000000e+00	1	3.989362e-03
1.458137e-01	8.324857e-01	0.000000e+00	1	3.989362e-03
1.560098e-01	8.113905e-01	0.000000e+00	1	3.989362e-03
1.485169e-01	8.287778e-01	0.000000e+00	1	3.956054e-03
1.464029e-01	8.316889e-01	0.000000e+00	1	3.889565e-03
1.505258e-01	8.282794e-01	0.000000e+00	1	3.834974e-03
1.466251e-01	8.315556e-01	0.000000e+00	1	3.823076e-03
1.459830e-01	8.321619e-01	0.000000e+00	1	3.790997e-03
1.517695e-01	8.262952e-01	0.000000e+00	1	3.761890e-03
1.519983e-01	8.260762e-01	0.000000e+00	1	3.751185e-03
1.458878e-01	8.323841e-01	0.000000e+00	1	3.698983e-03
1.528653e-01	8.256095e-01	0.000000e+00	1	3.615340e-03
1.529693e-01	8.255175e-01	0.000000e+00	1	3.615340e-03
1.564394e-01	8.111778e-01	0.000000e+00	1	3.600779e-03
1.547072e-01	8.118984e-01	0.000000e+00	1	3.599804e-03
1.460904e-01	8.319778e-01	0.000000e+00	1	3.557118e-03
1.448870e-01	8.332540e-01	0.000000e+00	1	3.557118e-03
1.484280e-01	8.288508e-01	0.000000e+00	1	3.557118e-03
1.543077e-01	8.122000e-01	0.000000e+00	1	3.530489e-03
1.469389e-01	8.314254e-01	0.000000e+00	1	3.483312e-03
1.459409e-01	8.322571e-01	0.000000e+00	1	3.458550e-03
1.550694e-01	8.117556e-01	0.000000e+00	1	3.410513e-03
1.512940e-01	8.269206e-01	0.000000e+00	1	3.395074e-03
1.567198e-01	8.110349e-01	0.000000e+00	1	3.381669e-03
1.541683e-01	8.123492e-01	0.000000e+00	1	3.374283e-03
1.515520e-01	8.265778e-01	0.000000e+00	1	3.357650e-03
1.518150e-01	8.261714e-01	0.000000e+00	1	3.316679e-03
1.512076e-01	8.270921e-01	0.000000e+00	1	3.290894e-03
1.482216e-01	8.289460e-01	0.000000e+00	1	3.270988e-03
1.482947e-01	8.289111e-01	0.000000e+00	1	3.270988e-03
1.543077e-01	8.122000e-01	0.000000e+00	1	3.267357e-03
1.515520e-01	8.265778e-01	0.000000e+00	1	3.212287e-03
1.517903e-01	8.262889e-01	0.000000e+00	1	3.186186e-03
1.473938e-01	8.296921e-01	0.000000e+00	1	3.091693e-03
1.462005e-01	8.318571e-01	0.000000e+00	1	3.091693e-03
1.473049e-01	8.297651e-01	0.000000e+00	1	3.091693e-03
1.523677e-01	8.259111e-01	0.000000e+00	1	3.091693e-03
1.476525e-01	8.294095e-01	0.000000e+00	1	3.091693e-03
1.524812e-01	8.257206e-01	0.000000e+00	1	3.091693e-03
1.468500e-01	8.314984e-01	0.000000e+00	1	3.091693e-03
1.462894e-01	8.317841e-01	0.000000e+00	1	3.091693e-03
1.508420e-01	8.276540e-01	0.000000e+00	1	3.091693e-03
1.518150e-01	8.261714e-01	0.000000e+00	1	3.091693e-03
1.480883e-01	8.290063e-01	0.000000e+00	1	3.091693e-03
1.528653e-01	8.256095e-01	0.000000e+00	1	3.091693e-03
1.519039e-01	8.260984e-01	0.000000e+00	1	3.091693e-03
1.448624e-01	8.332762e-01	0.000000e+00	1	3.091693e-03
1.451981e-01	8.330476e-01	0.000000e+00	1	3.091693e-03
1.535679e-01	8.252540e-01	0.000000e+00	1	3.091693e-03
1.507531e-01	8.277270e-01	0.000000e+00	1	3.091693e-03
1.542336e-01	8.123111e-01	0.000000e+00	1	3.069798e-03
1.477414e-01	8.293365e-01	0.000000e+00	1	3.029277e-03
1.539062e-01	8.132254e-01	0.000000e+00	1	3.018074e-03
1.462005e-01	8.318571e-01	0.000000e+00	1	2.971237e-03
1.461151e-01	8.319556e-01	0.000000e+00	1	2.971237e-03
1.446237e-01	8.338190e-01	0.000000e+00	1	2.935847e-03
1.447081e-01	8.338000e-01	0.000000e+00	1	2.935847e-03
1.560098e-01	8.113905e-01	0.000000e+00	1	2.908857e-03
1.510648e-01	8.273714e-01	0.000000e+00	1	2.879976e-03
1.510940e-01	8.272825e-01	0.000000e+00	1	2.879976e-03
1.527765e-01	8.256825e-01	0.000000e+00	1	2.872051e-03
1.558765e-01	8.114063e-01	0.000000e+00	1	2.859043e-03
1.479994e-01	8.290794e-01	0.000000e+00	1	2.853870e-03
1.471914e-01	8.302159e-01	0.000000e+00	1	2.792553e-03
1.542636e-01	8.122540e-01	0.000000e+00	1	2.732617e-03
1.550694e-01	8.117556e-01	0.000000e+00	1	2.678821e-03
1.546133e-01	8.119937e-01	0.000000e+00	1	2.666127e-03
1.545691e-01	8.120476e-01	0.000000e+00	1	2.666127e-03
1.459830e-01	8.321619e-01	0.000000e+00	1	2.638783e-03
1.517015e-01	8.263619e-01	0.000000e+00	1	2.593085e-03
1.516560e-01	8.264857e-01	0.000000e+00	1	2.593085e-03
1.538321e-01	8.133365e-01	0.000000e+00	1	2.576410e-03
1.560839e-01	8.112000e-01	0.000000e+00	1	2.576410e-03
1.539062e-01	8.132254e-01	0.000000e+00	1	2.576410e-03
1.540943e-01	8.124603e-01	0.000000e+00	1	2.576410e-03
1.540744e-01	8.125778e-01	0.000000e+00	1	2.576410e-03
1.527034e-01	8.256984e-01	0.000000e+00	1	2.539605e-03
1.539260e-01	8.131079e-01	0.000000e+00	1	2.467635e-03
1.523677e-01	8.259111e-01	0.000000e+00	1	2.460106e-03
1.539262e-01	8.129905e-01	0.000000e+00	1	2.460106e-03
1.540943e-01	8.124603e-01	0.000000e+00	1	2.460106e-03
1.540744e-01	8.125778e-01	0.000000e+00	1	2.460106e-03
1.539062e-01	8.132254e-01	0.000000e+00	1	2.460106e-03
1.539260e-01	8.131079e-01	0.000000e+00	1	2.460106e-03
1.567463e-01	8.109175e-01	0.000000e+00	1	2.460106e-03
1.516150e-01	8.265333e-01	0.000000e+00	1	2.422731e-03
1.459063e-01	8.322730e-01	0.000000e+00	1	2.419142e-03
1.512631e-01	8.270127e-01	0.000000e+00	1	2.397733e-03
1.468500e-01	8.314984e-01	0.000000e+00	1	2.385828e-03
1.448624e-01	8.332762e-01	0.000000e+00	1	2.385828e-03
1.460904e-01	8.319778e-01	0.000000e+00	1	2.385828e-03
1.523923e-01	8.257937e-01	0.000000e+00	1	2.385828e-03
1.517015e-01	8.263619e-01	0.000000e+00	1	2.365613e-03
1.550020e-01	8.117714e-01	0.000000e+00	1	2.346374e-03
1.548141e-01	8.118825e-01	0.000000e+00	1	2.346374e-03
1.548816e-01	8.118667e-01	0.000000e+00	1	2.346374e-03
1.510648e-01	8.273714e-01	0.000000e+00	1	2.327128e-03
1.460015e-01	8.320508e-01	0.000000e+00	1	2.327128e-03
1.540744e-01	8.125778e-01	0.000000e+00	1	2.327128e-03
1.444983e-01	8.341365e-01	0.000000e+00	1	2.327128e-03
1.506975e-01	8.278063e-01	0.000000e+00	1	2.327128e-03
1.538321e-01	8.133365e-01	0.000000e+00	1	2.327128e-03
1.540943e-01	8.124603e-01	0.000000e+00	1	2.327128e-03
1.457380e-01	8.329556e-01	0.000000e+00	1	2.277590e-03
1.458087e-01	8.326762e-01	0.000000e+00	1	2.264755e-03
1.444983e-01	8.341365e-01	0.000000e+00	1	2.252107e-03
1.504729e-01	8.283746e-01	0.000000e+00	1	2.172740e-03
1.542636e-01	8.122540e-01	0.000000e+00	1	2.170921e-03
1.504729e-01	8.283746e-01	0.000000e+00	1	2.170345e-03
1.570518e-01	8.109016e-01	0.000000e+00	1	2.169727e-03
1.444983e-01	8.341365e-01	0.000000e+00	1	2.107972e-03
1.447735e-01	8.333492e-01	0.000000e+00	1	2.107972e-03
1.446237e-01	8.338190e-01	0.000000e+00	1	2.107972e-03
1.447129e-01	8.335556e-01	0.000000e+00	1	2.107972e-03
1.462005e-01	8.318571e-01	0.000000e+00	1	2.061170e-03
1.461151e-01	8.319556e-01	0.000000e+00	1	2.061170e-03
1.522788e-01	8.259841e-01	0.000000e+00	1	2.026317e-03
1.522205e-01	8.260540e-01	0.000000e+00	1	2.026317e-03
1.510648e-01	8.273714e-01	0.000000e+00	1	2.015958e-03
1.510068e-01	8.274825e-01	0.000000e+00	1	2.015958e-03
1.506396e-01	8.279175e-01	0.000000e+00	1	2.015958e-03
1.506975e-01	8.278063e-01	0.000000e+00	1	2.015958e-03
1.469951e-01	8.308000e-01	0.000000e+00	1	1.954057e-03
1.514076e-01	8.267302e-01	0.000000e+00	1	1.932308e-03
1.506975e-01	8.278063e-01	0.000000e+00	1	1.932308e-03
1.505840e-01	8.279968e-01	0.000000e+00	1	1.932308e-03
1.513496e-01	8.268413e-01	0.000000e+00	1	1.932308e-03
1.512076e-01	8.270921e-01	0.000000e+00	1	1.932308e-03
1.509513e-01	8.275619e-01	0.000000e+00	1	1.932308e-03
1.457531e-01	8.326921e-01	0.000000e+00	1	1.932308e-03
1.511496e-01	8.272032e-01	0.000000e+00	1	1.932308e-03
1.510940e-01	8.272825e-01	0.000000e+00	1	1.932308e-03
1.514631e-01	8.266508e-01	0.000000e+00	1	1.932308e-03
1.507531e-01	8.277270e-01	0.000000e+00	1	1.932308e-03
1.509513e-01	8.275619e-01	0.000000e+00	1	1.928191e-03
1.508420e-01	8.276540e-01	0.000000e+00	1	1.928191e-03
1.451981e-01	8.330476e-01	0.000000e+00	1	1.928191e-03
1.529693e-01	8.255175e-01	0.000000e+00	1	1.928191e-03
1.528653e-01	8.256095e-01	0.000000e+00	1	1.928191e-03
1.584529e-01	8.107365e-01	0.000000e+00	1	1.872056e-03
1.585029e-01	8.107302e-01	0.000000e+00	1	1.872056e-03
1.512076e-01	8.270921e-01	0.000000e+00	1	1.861702e-03
1.472340e-01	8.301270e-01	0.000000e+00	1	1.861702e-03
1.511607e-01	8.271810e-01	0.000000e+00	1	1.861702e-03
1.581473e-01	8.107524e-01	0.000000e+00	1	1.861702e-03
1.574468e-01	8.108413e-01	0.000000e+00	1	1.861702e-03
1.512743e-01	8.269905e-01	0.000000e+00	1	1.850064e-03
1.503592e-01	8.287365e-01	0.000000e+00	1	1.848658e-03
1.550020e-01	8.117714e-01	0.000000e+00	1	1.838832e-03
1.458483e-01	8.324698e-01	0.000000e+00	1	1.795213e-03
1.458878e-01	8.323841e-01	0.000000e+00	1	1.795213e-03
1.505309e-01	8.282635e-01	0.000000e+00	1	1.756643e-03
1.504679e-01	8.283905e-01	0.000000e+00	1	1.756643e-03
1.504174e-01	8.284540e-01	0.000000e+00	1	1.756643e-03
1.551197e-01	8.116762e-01	0.000000e+00	1	1.748279e-03
1.563894e-01	8.111841e-01	0.000000e+00	1	1.739077e-03
1.516004e-01	8.265651e-01	0.000000e+00	1	1.683032e-03
1.512940e-01	8.269206e-01	0.000000e+00	1	1.662234e-03
1.513496e-01	8.268413e-01	0.000000e+00	1	1.662234e-03
1.514631e-01	8.266508e-01	0.000000e+00	1	1.662234e-03
1.507531e-01	8.277270e-01	0.000000e+00	1	1.662234e-03
1.512631e-01	8.270127e-01	0.000000e+00	1	1.662234e-03
1.506396e-01	8.279175e-01	0.000000e+00	1	1.662234e-03
1.506975e-01	8.278063e-01	0.000000e+00	1	1.662234e-03
1.505840e-01	8.279968e-01	0.000000e+00	1	1.662234e-03
1.510940e-01	8.272825e-01	0.000000e+00	1	1.662234e-03
1.514076e-01	8.267302e-01	0.000000e+00	1	1.662234e-03
1.511496e-01	8.272032e-01	0.000000e+00	1	1.662234e-03
1.551197e-01	8.116762e-01	0.000000e+00	1	1.662234e-03
1.510068e-01	8.274825e-01	0.000000e+00	1	1.662234e-03
1.511607e-01	8.271810e-01	0.000000e+00	1	1.628659e-03
1.517015e-01	8.263619e-01	0.000000e+00	1	1.582652e-03
1.516560e-01	8.264857e-01	0.000000e+00	1	1.582652e-03
1.451981e-01	8.330476e-01	0.000000e+00	1	1.529255e-03
1.475192e-01	8.294698e-01	0.000000e+00	1	1.529255e-03
1.536568e-01	8.251810e-01	0.000000e+00	1	1.529255e-03
1.484280e-01	8.288508e-01	0.000000e+00	1	1.529255e-03
1.535679e-01	8.252540e-01	0.000000e+00	1	1.529255e-03
1.469951e-01	8.308000e-01	0.000000e+00	1	1.529255e-03
1.462894e-01	8.317841e-01	0.000000e+00	1	1.529255e-03
1.457481e-01	8.328825e-01	0.000000e+00	1	1.529255e-03
1.470840e-01	8.307270e-01	0.000000e+00	1	1.529255e-03
1.462005e-01	8.318571e-01	0.000000e+00	1	1.529255e-03
1.473938e-01	8.296921e-01	0.000000e+00	1	1.529255e-03
1.518150e-01	8.261714e-01	0.000000e+00	1	1.529255e-03
1.448870e-01	8.332540e-01	0.000000e+00	1	1.529255e-03
1.474303e-01	8.295429e-01	0.000000e+00	1	1.529255e-03
1.457380e-01	8.329556e-01	0.000000e+00	1	1.529255e-03
1.528653e-01	8.256095e-01	0.000000e+00	1	1.529255e-03
1.479994e-01	8.290794e-01	0.000000e+00	1	1.529255e-03
1.507531e-01	8.277270e-01	0.000000e+00	1	1.529255e-03
1.523677e-01	8.259111e-01	0.000000e+00	1	1.529255e-03
1.522788e-01	8.259841e-01	0.000000e+00	1	1.529255e-03
1.524812e-01	8.257206e-01	0.000000e+00	1	1.529255e-03
1.505309e-01	8.282635e-01	0.000000e+00	1	1.505452e-03
1.471914e-01	8.302159e-01	0.000000e+00	1	1.480857e-03
1.472340e-01	8.301270e-01	0.000000e+00	1	1.480857e-03
1.522205e-01	8.260540e-01	0.000000e+00	1	1.462766e-03
1.516560e-01	8.264857e-01	0.000000e+00	1	1.425391e-03
1.477414e-01	8.293365e-01	0.000000e+00	1	1.396277e-03
1.517015e-01	8.263619e-01	0.000000e+00	1	1.396277e-03
1.458483e-01	8.324698e-01	0.000000e+00	1	1.371855e-03
1.570913e-01	8.108635e-01	0.000000e+00	1	1.371855e-03
1.482947e-01	8.289111e-01	0.000000e+00	1	1.349960e-03
1.504679e-01	8.283905e-01	0.000000e+00	1	1.329787e-03
1.504174e-01	8.284540e-01	0.000000e+00	1	1.329787e-03
1.505814e-01	8.282000e-01	0.000000e+00	1	1.329787e-03
1.465362e-01	8.316286e-01	0.000000e+00	1	1.321998e-03
1.461151e-01	8.319556e-01	0.000000e+00	1	1.321998e-03
1.451092e-01	8.331206e-01	0.000000e+00	1	1.321998e-03
1.465116e-01	8.316508e-01	0.000000e+00	1	1.321998e-03
1.468254e-01	8.315206e-01	0.000000e+00	1	1.321998e-03
1.462894e-01	8.317841e-01	0.000000e+00	1	1.321998e-03
1.458457e-01	8.324794e-01	0.000000e+00	1	1.312009e-03
1.474303e-01	8.295429e-01	0.000000e+00	1	1.268387e-03
1.476525e-01	8.294095e-01	0.000000e+00	1	1.263298e-03
1.459090e-01	8.322635e-01	0.000000e+00	1	1.245520e-03
1.459409e-01	8.322571e-01	0.000000e+00	1	1.245520e-03
1.458137e-01	8.324857e-01	0.000000e+00	1	1.245520e-03
1.544017e-01	8.121048e-01	0.000000e+00	1	1.196809e-03
1.542336e-01	8.123111e-01	0.000000e+00	1	1.196809e-03
1.516004e-01	8.265651e-01	0.000000e+00	1	1.171811e-03
1.543077e-01	8.122000e-01	0.000000e+00	1	1.130319e-03
1.564569e-01	8.110889e-01	0.000000e+00	1	1.130319e-03
1.447126e-01	8.337460e-01	0.000000e+00	1	1.130319e-03
1.447081e-01	8.338000e-01	0.000000e+00	1	1.130319e-03
1.567198e-01	8.110349e-01	0.000000e+00	1	1.130319e-03
1.549816e-01	8.118254e-01	0.000000e+00	1	1.130319e-03
1.535679e-01	8.252540e-01	0.000000e+00	1	1.063830e-03
1.533050e-01	8.253048e-01	0.000000e+00	1	1.063830e-03
1.542336e-01	8.123111e-01	0.000000e+00	1	1.040602e-03
1.516560e-01	8.264857e-01	0.000000e+00	1	9.973404e-04
1.517903e-01	8.262889e-01	0.000000e+00	1	9.895515e-04
1.567463e-01	8.109175e-01	0.000000e+00	1	9.215622e-04
1.503592e-01	8.287365e-01	0.000000e+00	1	8.643617e-04
1.517695e-01	8.262952e-01	0.000000e+00	1	8.590580e-04
1.450846e-01	8.331429e-01	0.000000e+00	1	8.565728e-04
1.470840e-01	8.307270e-01	0.000000e+00	1	8.565728e-04
1.463140e-01	8.317619e-01	0.000000e+00	1	8.565728e-04
1.471086e-01	8.303492e-01	0.000000e+00	1	8.565728e-04
1.448870e-01	8.332540e-01	0.000000e+00	1	8.565728e-04
1.523677e-01	8.259111e-01	0.000000e+00	1	8.565728e-04
1.511607e-01	8.271810e-01	0.000000e+00	1	8.527236e-04
1.459063e-01	8.322730e-01	0.000000e+00	1	8.435707e-04
1.483105e-01	8.288730e-01	0.000000e+00	1	7.978723e-04
1.482058e-01	8.289841e-01	0.000000e+00	1	7.978723e-04
1.482216e-01	8.289460e-01	0.000000e+00	1	7.978723e-04
1.564394e-01	8.111778e-01	0.000000e+00	1	7.402755e-04
1.549816e-01	8.118254e-01	0.000000e+00	1	7.085129e-04
1.540744e-01	8.125778e-01	0.000000e+00	1	6.909464e-04
1.540943e-01	8.124603e-01	0.000000e+00	1	6.909464e-04
1.539260e-01	8.131079e-01	0.000000e+00	1	6.909464e-04
1.512743e-01	8.269905e-01	0.000000e+00	1	6.884369e-04
1.512940e-01	8.269206e-01	0.000000e+00	1	6.884369e-04
1.516150e-01	8.265333e-01	0.000000e+00	1	6.648936e-04
1.460015e-01	8.320508e-01	0.000000e+00	1	6.441026e-04
1.458878e-01	8.323841e-01	0.000000e+00	1	6.441026e-04
1.564569e-01	8.110889e-01	0.000000e+00	1	6.072967e-04
1.447081e-01	8.338000e-01	0.000000e+00	1	5.547820e-04
1.483105e-01	8.288730e-01	0.000000e+00	1	5.520880e-04
1.482216e-01	8.289460e-01	0.000000e+00	1	5.520880e-04
1.482058e-01	8.289841e-01	0.000000e+00	1	5.520880e-04
1.504123e-01	8.284698e-01	0.000000e+00	1	5.081112e-04
1.505258e-01	8.282794e-01	0.000000e+00	1	5.081112e-04
1.516150e-01	8.265333e-01	0.000000e+00	1	5.069171e-04
1.480883e-01	8.290063e-01	0.000000e+00	1	4.654255e-04
1.448624e-01	8.332762e-01	0.000000e+00	1	4.654255e-04
1.524812e-01	8.257206e-01	0.000000e+00	1	4.654255e-04
1.574468e-01	8.108413e-01	0.000000e+00	1	4.654255e-04
1.556631e-01	8.115429e-01	0.000000e+00	1	4.654255e-04
1.512743e-01	8.269905e-01	0.000000e+00	1	4.654255e-04
1.533050e-01	8.253048e-01	0.000000e+00	1	4.654255e-04
1.450846e-01	8.331429e-01	0.000000e+00	1	4.654255e-04
1.527034e-01	8.256984e-01	0.000000e+00	1	4.654255e-04
1.570913e-01	8.108635e-01	0.000000e+00	1	4.654255e-04
1.482058e-01	8.289841e-01	0.000000e+00	1	4.654255e-04
1.511496e-01	8.272032e-01	0.000000e+00	1	4.654255e-04
1.519039e-01	8.260984e-01	0.000000e+00	1	4.654255e-04
1.463140e-01	8.317619e-01	0.000000e+00	1	4.654255e-04
1.468500e-01	8.314984e-01	0.000000e+00	1	4.654255e-04
1.446237e-01	8.338190e-01	0.000000e+00	1	3.989362e-04
1.512631e-01	8.270127e-01	0.000000e+00	1	3.872981e-04
1.511496e-01	8.272032e-01	0.000000e+00	1	3.872981e-04
1.581473e-01	8.107524e-01	0.000000e+00	1	3.324468e-04
1.550020e-01	8.117714e-01	0.000000e+00	1	3.324468e-04
1.567463e-01	8.109175e-01	0.000000e+00	1	3.324468e-04
1.585029e-01	8.107302e-01	0.000000e+00	1	3.324468e-04
1.504679e-01	8.283905e-01	0.000000e+00	1	3.324468e-04
1.548141e-01	8.118825e-01	0.000000e+00	1	3.324468e-04
1.588084e-01	8.107143e-01	0.000000e+00	1	3.324468e-04
1.558765e-01	8.114063e-01	0.000000e+00	1	3.324468e-04
1.548816e-01	8.118667e-01	0.000000e+00	1	3.324468e-04
1.504174e-01	8.284540e-01	0.000000e+00	1	3.324468e-04
1.527034e-01	8.256984e-01	0.000000e+00	1	3.324468e-04
1.457531e-01	8.326921e-01	0.000000e+00	1	3.324468e-04
1.505309e-01	8.282635e-01	0.000000e+00	1	3.324468e-04
1.516004e-01	8.265651e-01	0.000000e+00	1	2.659574e-04
1.458483e-01	8.324698e-01	0.000000e+00	1	1.994681e-04
1.459090e-01	8.322635e-01	0.000000e+00	1	1.994681e-04
1.457481e-01	8.328825e-01	0.000000e+00	1	1.756643e-04
1.458137e-01	8.324857e-01	0.000000e+00	1	1.756643e-04
1.504174e-01	8.284540e-01	0.000000e+00	1	1.756643e-04
1.504679e-01	8.283905e-01	0.000000e+00	1	1.756643e-04
1.458457e-01	8.324794e-01	0.000000e+00	1	1.329787e-04
1.563894e-01	8.111841e-01	0.000000e+00	1	1.329787e-04
1.505814e-01	8.282000e-01	0.000000e+00	1	9.201466e-05
1.459090e-01	8.322635e-01	0.000000e+00	1	9.201466e-05
1.458457e-01	8.324794e-01	0.000000e+00	1	9.201466e-05
1.505840e-01	8.279968e-01	0.000000e+00	1	9.201466e-05
1.458483e-01	8.324698e-01	0.000000e+00	1	9.201466e-05
1.447126e-01	8.337460e-01	0.000000e+00	1	9.780579e-06
1.539262e-01	8.129905e-01	0.000000e+00	1	7.528472e-06
1.539262e-01	8.129905e-01	0.000000e+00	1	0.000000e+00
1.523923e-01	8.257937e-01	0.000000e+00	1	0.000000e+00
1.505814e-01	8.282000e-01	0.000000e+00	1	0.000000e+00
1.459090e-01	8.322635e-01	0.000000e+00	1	0.000000e+00
1.466251e-01	8.315556e-01	0.000000e+00	1	0.000000e+00
1.444330e-01	8.345873e-01	0.000000e+00	1	0.000000e+00
1.536568e-01	8.251810e-01	0.000000e+00	1	0.000000e+00
1.538321e-01	8.133365e-01	0.000000e+00	1	0.000000e+00
1.588084e-01	8.107143e-01	0.000000e+00	1	0.000000e+00
1.465362e-01	8.316286e-01	0.000000e+00	1	0.000000e+00
1.504679e-01	8.283905e-01	0.000000e+00	1	0.000000e+00
1.449759e-01	8.331810e-01	0.000000e+00	1	0.000000e+00
1.511607e-01	8.271810e-01	0.000000e+00	1	0.000000e+00
1.524812e-01	8.257206e-01	0.000000e+00	1	0.000000e+00
1.539262e-01	8.129905e-01	0.000000e+00	1	0.000000e+00
1.511496e-01	8.272032e-01	0.000000e+00	1	0.000000e+00
1.508420e-01	8.276540e-01	0.000000e+00	1	0.000000e+00
1.510940e-01	8.272825e-01	0.000000e+00	1	0.000000e+00
1.564569e-01	8.110889e-01	0.000000e+00	1	0.000000e+00
1.530828e-01	8.253270e-01	0.000000e+00	1	0.000000e+00
1.505814e-01	8.282000e-01	0.000000e+00	1	0.000000e+00
1.505840e-01	8.279968e-01	0.000000e+00	1	0.000000e+00
1.444983e-01	8.341365e-01	0.000000e+00	1	0.000000e+00
1.460015e-01	8.320508e-01	0.000000e+00	1	0.000000e+00
1.515520e-01	8.265778e-01	0.000000e+00	1	0.000000e+00
1.567198e-01	8.110349e-01	0.000000e+00	1	0.000000e+00
1.512076e-01	8.270921e-01	0.000000e+00	1	0.000000e+00
1.505840e-01	8.279968e-01	0.000000e+00	1	0.000000e+00
1.519983e-01	8.260762e-01	0.000000e+00	1	0.000000e+00
1.529693e-01	8.255175e-01	0.000000e+00	1	0.000000e+00
1.530828e-01	8.253270e-01	0.000000e+00	1	0.000000e+00
1.545691e-01	8.120476e-01	0.000000e+00	1	0.000000e+00
1.544017e-01	8.121048e-01	0.000000e+00	1	0.000000e+00
1.546133e-01	8.119937e-01	0.000000e+00	1	0.000000e+00
1.462894e-01	8.317841e-01	0.000000e+00	1	0.000000e+00
1.485169e-01	8.287778e-01	0.000000e+00	1	0.000000e+00
1.553075e-01	8.115651e-01	0.000000e+00	1	0.000000e+00
1.503592e-01	8.287365e-01	0.000000e+00	1	0.000000e+00
1.564569e-01	8.110889e-01	0.000000e+00	1	0.000000e+00
1.574468e-01	8.108413e-01	0.000000e+00	1	0.000000e+00
1.504174e-01	8.284540e-01	0.000000e+00	1	0.000000e+00
1.506975e-01	8.278063e-01	0.000000e+00	1	0.000000e+00
1.505309e-01	8.282635e-01	0.000000e+00	1	0.000000e+00
1.512076e-01	8.270921e-01	0.000000e+00	1	0.000000e+00
1.563894e-01	8.111841e-01	0.000000e+00	1	0.000000e+00
1.511496e-01	8.272032e-01	0.000000e+00	1	0.000000e+00
1.503592e-01	8.287365e-01	0.000000e+00	1	0.000000e+00
1.465362e-01	8.316286e-01	0.000000e+00	1	0.000000e+00
1.508420e-01	8.276540e-01	0.000000e+00	1	0.000000e+00
1.460904e-01	8.319778e-01	0.000000e+00	1	0.000000e+00
1.519039e-01	8.260984e-01	0.000000e+00	1	0.000000e+00
1.539262e-01	8.129905e-01	0.000000e+00	1	0.000000e+00
1.449759e-01	8.331810e-01	0.000000e+00	1	0.000000e+00
1.503592e-01	8.287365e-01	0.000000e+00	1	0.000000e+00
1.471086e-01	8.303492e-01	0.000000e+00	1	0.000000e+00
1.457481e-01	8.328825e-01	0.000000e+00	1	0.000000e+00
1.514076e-01	8.267302e-01	0.000000e+00	1	0.000000e+00
1.553075e-01	8.115651e-01	0.000000e+00	1	0.000000e+00
1.459090e-01	8.322635e-01	0.000000e+00	1	0.000000e+00
1.511496e-01	8.272032e-01	0.000000e+00	1	0.000000e+00
1.504729e-01	8.283746e-01	0.000000e+00	1	0.000000e+00
1.563894e-01	8.111841e-01	0.000000e+00	1	0.000000e+00
1.465362e-01	8.316286e-01	0.000000e+00	1	0.000000e+00
1.505309e-01	8.282635e-01	0.000000e+00	1	0.000000e+00
1.528653e-01	8.256095e-01	0.000000e+00	1	0.000000e+00
1.479174e-01	8.291968e-01	0.000000e+00	1	0.000000e+00
1.505309e-01	8.282635e-01	0.000000e+00	1	0.000000e+00
1.512940e-01	8.269206e-01	0.000000e+00	1	0.000000e+00
1.527765e-01	8.256825e-01	0.000000e+00	1	0.000000e+00
1.457380e-01	8.329556e-01	0.000000e+00	1	0.000000e+00
1.505309e-01	8.282635e-01	0.000000e+00	1	0.000000e+00
Total execution time: 39254.557
