# This file contains the data of final feasible population (if found)
# of objectives = 2, # of constraints = 0, # of real_var = 0, # of bits of bin_var = 0, constr_violation, rank, crowding_distance
1.476861e-01	8.425778e-01	0.000000e+00	1	1.000000e+14
1.680152e-01	8.009968e-01	0.000000e+00	1	1.000000e+14
1.481428e-01	8.416444e-01	0.000000e+00	1	2.001762e-01
1.482077e-01	8.251302e-01	0.000000e+00	1	1.998097e-01
1.668665e-01	8.026063e-01	0.000000e+00	1	1.063017e-01
1.626997e-01	8.029238e-01	0.000000e+00	1	1.049657e-01
1.521138e-01	8.186286e-01	0.000000e+00	1	6.894004e-02
1.493815e-01	8.242254e-01	0.000000e+00	1	6.730035e-02
1.493815e-01	8.242254e-01	0.000000e+00	1	6.720239e-02
1.521138e-01	8.186286e-01	0.000000e+00	1	6.720239e-02
1.554764e-01	8.139048e-01	0.000000e+00	1	5.836928e-02
1.555247e-01	8.090508e-01	0.000000e+00	1	5.836769e-02
1.606240e-01	8.049746e-01	0.000000e+00	1	3.622619e-02
1.591682e-01	8.050190e-01	0.000000e+00	1	3.580628e-02
1.582674e-01	8.051016e-01	0.000000e+00	1	2.463655e-02
1.591682e-01	8.050190e-01	0.000000e+00	1	2.314778e-02
1.582007e-01	8.053079e-01	0.000000e+00	1	1.341252e-02
1.561367e-01	8.079841e-01	0.000000e+00	1	1.179569e-02
1.561950e-01	8.070032e-01	0.000000e+00	1	1.179569e-02
1.489085e-01	8.244889e-01	0.000000e+00	1	1.131822e-02
1.614217e-01	8.043270e-01	0.000000e+00	1	1.128347e-02
1.609846e-01	8.043714e-01	0.000000e+00	1	1.128347e-02
1.577563e-01	8.053238e-01	0.000000e+00	1	1.093123e-02
1.623663e-01	8.031302e-01	0.000000e+00	1	1.067972e-02
1.545411e-01	8.145048e-01	0.000000e+00	1	1.034090e-02
1.549305e-01	8.144413e-01	0.000000e+00	1	1.026456e-02
1.485244e-01	8.246444e-01	0.000000e+00	1	1.005848e-02
1.673686e-01	8.016825e-01	0.000000e+00	1	1.004191e-02
1.670721e-01	8.019111e-01	0.000000e+00	1	1.004191e-02
1.490085e-01	8.242603e-01	0.000000e+00	1	9.594335e-03
1.493815e-01	8.242254e-01	0.000000e+00	1	9.174424e-03
1.527969e-01	8.167270e-01	0.000000e+00	1	8.856314e-03
1.528316e-01	8.159905e-01	0.000000e+00	1	8.856314e-03
1.677186e-01	8.012254e-01	0.000000e+00	1	8.705830e-03
1.540570e-01	8.146317e-01	0.000000e+00	1	8.596536e-03
1.572081e-01	8.056635e-01	0.000000e+00	1	8.501487e-03
1.575383e-01	8.056317e-01	0.000000e+00	1	8.348792e-03
1.565403e-01	8.067746e-01	0.000000e+00	1	8.341498e-03
1.626997e-01	8.029238e-01	0.000000e+00	1	8.198421e-03
1.543879e-01	8.146159e-01	0.000000e+00	1	8.138451e-03
1.618173e-01	8.036381e-01	0.000000e+00	1	7.894819e-03
1.680152e-01	8.009968e-01	0.000000e+00	1	7.293401e-03
1.674173e-01	8.015714e-01	0.000000e+00	1	7.108102e-03
1.562617e-01	8.067968e-01	0.000000e+00	1	6.852721e-03
1.521837e-01	8.179714e-01	0.000000e+00	1	6.835428e-03
1.521805e-01	8.185333e-01	0.000000e+00	1	6.835428e-03
1.620839e-01	8.035270e-01	0.000000e+00	1	6.558737e-03
1.485244e-01	8.246444e-01	0.000000e+00	1	5.969725e-03
1.522818e-01	8.177968e-01	0.000000e+00	1	5.862538e-03
1.676520e-01	8.015651e-01	0.000000e+00	1	5.772020e-03
1.670054e-01	8.022508e-01	0.000000e+00	1	5.724277e-03
1.522850e-01	8.173460e-01	0.000000e+00	1	5.499347e-03
1.622997e-01	8.033365e-01	0.000000e+00	1	5.443428e-03
1.616397e-01	8.041143e-01	0.000000e+00	1	5.134844e-03
1.614883e-01	8.042317e-01	0.000000e+00	1	4.867628e-03
1.483577e-01	8.246952e-01	0.000000e+00	1	4.709991e-03
1.621792e-01	8.034698e-01	0.000000e+00	1	4.565432e-03
1.677138e-01	8.013429e-01	0.000000e+00	1	4.193545e-03
1.676520e-01	8.015651e-01	0.000000e+00	1	4.193545e-03
1.555247e-01	8.090508e-01	0.000000e+00	1	4.126554e-03
1.556376e-01	8.086000e-01	0.000000e+00	1	4.120979e-03
1.572081e-01	8.056635e-01	0.000000e+00	1	4.120979e-03
1.569901e-01	8.059714e-01	0.000000e+00	1	4.120979e-03
1.617506e-01	8.037333e-01	0.000000e+00	1	4.120979e-03
1.555710e-01	8.088063e-01	0.000000e+00	1	4.120979e-03
1.623663e-01	8.031302e-01	0.000000e+00	1	4.120979e-03
1.567962e-01	8.063429e-01	0.000000e+00	1	4.120979e-03
1.668665e-01	8.026063e-01	0.000000e+00	1	4.084593e-03
1.670721e-01	8.019111e-01	0.000000e+00	1	4.084593e-03
1.669332e-01	8.022667e-01	0.000000e+00	1	4.084593e-03
1.555710e-01	8.088063e-01	0.000000e+00	1	4.078050e-03
1.626997e-01	8.029238e-01	0.000000e+00	1	3.817377e-03
1.609846e-01	8.043714e-01	0.000000e+00	1	3.722415e-03
1.608333e-01	8.044889e-01	0.000000e+00	1	3.722415e-03
1.489585e-01	8.244667e-01	0.000000e+00	1	3.711058e-03
1.482577e-01	8.249238e-01	0.000000e+00	1	3.711058e-03
1.566448e-01	8.065556e-01	0.000000e+00	1	3.227943e-03
1.616839e-01	8.039397e-01	0.000000e+00	1	3.188312e-03
1.560700e-01	8.080794e-01	0.000000e+00	1	3.148023e-03
1.614883e-01	8.042317e-01	0.000000e+00	1	3.052114e-03
1.621792e-01	8.034698e-01	0.000000e+00	1	3.030717e-03
1.575383e-01	8.056317e-01	0.000000e+00	1	2.996833e-03
1.569235e-01	8.061778e-01	0.000000e+00	1	2.975766e-03
1.568916e-01	8.063397e-01	0.000000e+00	1	2.958510e-03
1.558482e-01	8.083206e-01	0.000000e+00	1	2.921538e-03
1.557760e-01	8.084159e-01	0.000000e+00	1	2.909116e-03
1.557760e-01	8.084159e-01	0.000000e+00	1	2.845190e-03
1.557043e-01	8.085048e-01	0.000000e+00	1	2.832768e-03
1.521805e-01	8.185333e-01	0.000000e+00	1	2.784897e-03
1.570568e-01	8.058762e-01	0.000000e+00	1	2.784897e-03
1.569901e-01	8.059714e-01	0.000000e+00	1	2.784897e-03
1.617506e-01	8.037333e-01	0.000000e+00	1	2.784897e-03
1.614217e-01	8.043270e-01	0.000000e+00	1	2.784897e-03
1.560700e-01	8.080794e-01	0.000000e+00	1	2.784897e-03
1.607666e-01	8.045841e-01	0.000000e+00	1	2.784897e-03
1.565782e-01	8.066508e-01	0.000000e+00	1	2.784897e-03
1.608333e-01	8.044889e-01	0.000000e+00	1	2.784897e-03
1.618173e-01	8.036381e-01	0.000000e+00	1	2.784897e-03
1.677186e-01	8.012254e-01	0.000000e+00	1	2.748511e-03
1.680152e-01	8.009968e-01	0.000000e+00	1	2.748511e-03
1.606999e-01	8.047905e-01	0.000000e+00	1	2.709029e-03
1.606999e-01	8.047905e-01	0.000000e+00	1	2.708550e-03
1.576446e-01	8.056127e-01	0.000000e+00	1	2.615095e-03
1.673686e-01	8.016825e-01	0.000000e+00	1	2.533903e-03
1.616839e-01	8.039397e-01	0.000000e+00	1	2.481295e-03
1.562617e-01	8.067968e-01	0.000000e+00	1	2.481295e-03
1.571415e-01	8.058698e-01	0.000000e+00	1	2.481295e-03
1.607666e-01	8.045841e-01	0.000000e+00	1	2.481295e-03
1.567295e-01	8.065492e-01	0.000000e+00	1	2.481295e-03
1.490085e-01	8.242603e-01	0.000000e+00	1	2.481295e-03
1.482077e-01	8.251302e-01	0.000000e+00	1	2.481295e-03
1.569235e-01	8.061778e-01	0.000000e+00	1	2.481295e-03
1.561950e-01	8.070032e-01	0.000000e+00	1	2.481295e-03
1.483077e-01	8.249016e-01	0.000000e+00	1	2.481295e-03
1.483577e-01	8.246952e-01	0.000000e+00	1	2.481295e-03
1.529495e-01	8.158952e-01	0.000000e+00	1	2.352126e-03
1.567962e-01	8.063429e-01	0.000000e+00	1	2.347730e-03
1.620839e-01	8.035270e-01	0.000000e+00	1	2.343589e-03
1.577563e-01	8.053238e-01	0.000000e+00	1	2.323365e-03
1.558482e-01	8.083206e-01	0.000000e+00	1	2.286021e-03
1.559334e-01	8.083048e-01	0.000000e+00	1	2.286021e-03
1.477297e-01	8.423556e-01	0.000000e+00	1	2.266128e-03
1.529908e-01	8.157841e-01	0.000000e+00	1	2.189049e-03
1.570568e-01	8.058762e-01	0.000000e+00	1	2.159078e-03
1.550046e-01	8.143619e-01	0.000000e+00	1	2.130611e-03
1.479037e-01	8.419365e-01	0.000000e+00	1	2.124392e-03
1.576896e-01	8.055302e-01	0.000000e+00	1	2.099837e-03
1.616397e-01	8.041143e-01	0.000000e+00	1	2.099557e-03
1.523517e-01	8.172508e-01	0.000000e+00	1	2.097769e-03
1.567295e-01	8.065492e-01	0.000000e+00	1	2.082730e-03
1.571415e-01	8.058698e-01	0.000000e+00	1	2.082730e-03
1.480248e-01	8.417397e-01	0.000000e+00	1	2.047281e-03
1.481050e-01	8.416508e-01	0.000000e+00	1	2.047281e-03
1.529057e-01	8.159111e-01	0.000000e+00	1	2.033453e-03
1.477019e-01	8.424667e-01	0.000000e+00	1	2.019284e-03
1.479593e-01	8.418571e-01	0.000000e+00	1	2.019284e-03
1.479870e-01	8.417460e-01	0.000000e+00	1	2.019284e-03
1.481050e-01	8.416508e-01	0.000000e+00	1	1.998912e-03
1.538297e-01	8.148222e-01	0.000000e+00	1	1.973141e-03
1.669332e-01	8.022667e-01	0.000000e+00	1	1.967193e-03
1.529908e-01	8.157841e-01	0.000000e+00	1	1.932214e-03
1.526062e-01	8.169111e-01	0.000000e+00	1	1.878717e-03
1.582007e-01	8.053079e-01	0.000000e+00	1	1.830553e-03
1.540083e-01	8.146698e-01	0.000000e+00	1	1.829994e-03
1.537194e-01	8.148762e-01	0.000000e+00	1	1.829994e-03
1.544366e-01	8.145778e-01	0.000000e+00	1	1.829994e-03
1.544924e-01	8.145429e-01	0.000000e+00	1	1.829994e-03
1.534229e-01	8.151238e-01	0.000000e+00	1	1.821871e-03
1.528316e-01	8.159905e-01	0.000000e+00	1	1.821871e-03
1.531438e-01	8.155333e-01	0.000000e+00	1	1.821871e-03
1.529057e-01	8.159111e-01	0.000000e+00	1	1.821871e-03
1.530697e-01	8.156127e-01	0.000000e+00	1	1.821871e-03
1.534970e-01	8.150444e-01	0.000000e+00	1	1.821871e-03
1.528316e-01	8.159905e-01	0.000000e+00	1	1.807311e-03
1.576896e-01	8.055302e-01	0.000000e+00	1	1.797614e-03
1.536636e-01	8.149111e-01	0.000000e+00	1	1.791821e-03
1.670054e-01	8.022508e-01	0.000000e+00	1	1.776325e-03
1.532289e-01	8.154063e-01	0.000000e+00	1	1.769137e-03
1.530255e-01	8.157079e-01	0.000000e+00	1	1.769137e-03
1.533030e-01	8.153270e-01	0.000000e+00	1	1.769137e-03
1.522151e-01	8.178921e-01	0.000000e+00	1	1.727456e-03
1.478759e-01	8.420476e-01	0.000000e+00	1	1.726483e-03
1.477019e-01	8.424667e-01	0.000000e+00	1	1.726483e-03
1.566448e-01	8.065556e-01	0.000000e+00	1	1.716032e-03
1.571415e-01	8.058698e-01	0.000000e+00	1	1.716032e-03
1.606907e-01	8.048794e-01	0.000000e+00	1	1.714909e-03
1.606504e-01	8.049397e-01	0.000000e+00	1	1.714909e-03
1.549459e-01	8.143841e-01	0.000000e+00	1	1.710699e-03
1.551311e-01	8.141968e-01	0.000000e+00	1	1.709967e-03
1.537681e-01	8.148381e-01	0.000000e+00	1	1.705925e-03
1.537681e-01	8.148381e-01	0.000000e+00	1	1.656316e-03
1.545411e-01	8.145048e-01	0.000000e+00	1	1.656316e-03
1.536149e-01	8.149492e-01	0.000000e+00	1	1.656316e-03
1.536636e-01	8.149111e-01	0.000000e+00	1	1.656316e-03
1.669332e-01	8.022667e-01	0.000000e+00	1	1.639684e-03
1.557043e-01	8.085048e-01	0.000000e+00	1	1.639684e-03
1.607666e-01	8.045841e-01	0.000000e+00	1	1.639684e-03
1.668665e-01	8.026063e-01	0.000000e+00	1	1.639684e-03
1.670721e-01	8.019111e-01	0.000000e+00	1	1.639684e-03
1.616839e-01	8.039397e-01	0.000000e+00	1	1.639684e-03
1.582674e-01	8.051016e-01	0.000000e+00	1	1.639684e-03
1.562617e-01	8.067968e-01	0.000000e+00	1	1.639684e-03
1.556376e-01	8.086000e-01	0.000000e+00	1	1.639684e-03
1.522850e-01	8.173460e-01	0.000000e+00	1	1.639684e-03
1.567295e-01	8.065492e-01	0.000000e+00	1	1.639684e-03
1.561950e-01	8.070032e-01	0.000000e+00	1	1.639684e-03
1.561367e-01	8.079841e-01	0.000000e+00	1	1.639684e-03
1.622997e-01	8.033365e-01	0.000000e+00	1	1.639684e-03
1.544924e-01	8.145429e-01	0.000000e+00	1	1.618142e-03
1.544366e-01	8.145778e-01	0.000000e+00	1	1.618142e-03
1.569031e-01	8.062889e-01	0.000000e+00	1	1.617644e-03
1.524257e-01	8.171714e-01	0.000000e+00	1	1.615409e-03
1.622997e-01	8.033365e-01	0.000000e+00	1	1.603298e-03
1.482077e-01	8.251302e-01	0.000000e+00	1	1.596276e-03
1.560056e-01	8.082095e-01	0.000000e+00	1	1.582899e-03
1.554277e-01	8.139429e-01	0.000000e+00	1	1.578376e-03
1.560056e-01	8.082095e-01	0.000000e+00	1	1.565124e-03
1.535408e-01	8.150286e-01	0.000000e+00	1	1.537194e-03
1.559482e-01	8.082984e-01	0.000000e+00	1	1.507860e-03
1.489585e-01	8.244667e-01	0.000000e+00	1	1.496980e-03
1.483077e-01	8.249016e-01	0.000000e+00	1	1.496980e-03
1.524469e-01	8.171175e-01	0.000000e+00	1	1.496980e-03
1.565782e-01	8.066508e-01	0.000000e+00	1	1.488777e-03
1.531848e-01	8.155016e-01	0.000000e+00	1	1.467762e-03
1.561950e-01	8.070032e-01	0.000000e+00	1	1.435201e-03
1.561367e-01	8.079841e-01	0.000000e+00	1	1.435201e-03
1.526802e-01	8.168317e-01	0.000000e+00	1	1.431931e-03
1.553718e-01	8.139841e-01	0.000000e+00	1	1.427273e-03
1.535895e-01	8.149905e-01	0.000000e+00	1	1.427273e-03
1.609846e-01	8.043714e-01	0.000000e+00	1	1.412429e-03
1.608333e-01	8.044889e-01	0.000000e+00	1	1.412429e-03
1.677138e-01	8.013429e-01	0.000000e+00	1	1.412429e-03
1.577193e-01	8.054413e-01	0.000000e+00	1	1.412429e-03
1.531438e-01	8.155333e-01	0.000000e+00	1	1.390865e-03
1.543879e-01	8.146159e-01	0.000000e+00	1	1.389100e-03
1.535408e-01	8.150286e-01	0.000000e+00	1	1.389100e-03
1.538297e-01	8.148222e-01	0.000000e+00	1	1.389100e-03
1.540570e-01	8.146317e-01	0.000000e+00	1	1.389100e-03
1.539525e-01	8.147048e-01	0.000000e+00	1	1.371909e-03
1.551866e-01	8.141714e-01	0.000000e+00	1	1.366404e-03
1.560033e-01	8.082857e-01	0.000000e+00	1	1.355165e-03
1.534210e-01	8.152317e-01	0.000000e+00	1	1.345047e-03
1.524969e-01	8.171079e-01	0.000000e+00	1	1.344284e-03
1.576446e-01	8.056127e-01	0.000000e+00	1	1.336362e-03
1.620839e-01	8.035270e-01	0.000000e+00	1	1.336082e-03
1.478600e-01	8.421587e-01	0.000000e+00	1	1.336082e-03
1.478759e-01	8.420476e-01	0.000000e+00	1	1.336082e-03
1.476861e-01	8.425778e-01	0.000000e+00	1	1.336082e-03
1.534229e-01	8.151238e-01	0.000000e+00	1	1.297908e-03
1.606907e-01	8.048794e-01	0.000000e+00	1	1.296599e-03
1.674173e-01	8.015714e-01	0.000000e+00	1	1.274169e-03
1.554763e-01	8.139111e-01	0.000000e+00	1	1.272986e-03
1.533816e-01	8.152349e-01	0.000000e+00	1	1.269977e-03
1.550639e-01	8.142889e-01	0.000000e+00	1	1.269977e-03
1.550200e-01	8.143048e-01	0.000000e+00	1	1.269977e-03
1.479357e-01	8.419143e-01	0.000000e+00	1	1.265222e-03
1.554764e-01	8.139048e-01	0.000000e+00	1	1.263522e-03
1.478188e-01	8.422540e-01	0.000000e+00	1	1.235436e-03
1.489085e-01	8.244889e-01	0.000000e+00	1	1.229763e-03
1.483077e-01	8.249016e-01	0.000000e+00	1	1.229763e-03
1.483577e-01	8.246952e-01	0.000000e+00	1	1.229763e-03
1.490085e-01	8.242603e-01	0.000000e+00	1	1.229763e-03
1.526562e-01	8.169016e-01	0.000000e+00	1	1.229763e-03
1.482577e-01	8.249238e-01	0.000000e+00	1	1.229763e-03
1.552490e-01	8.141016e-01	0.000000e+00	1	1.226433e-03
1.530697e-01	8.156127e-01	0.000000e+00	1	1.224160e-03
1.539038e-01	8.147429e-01	0.000000e+00	1	1.198231e-03
1.553231e-01	8.140222e-01	0.000000e+00	1	1.198231e-03
1.537194e-01	8.148762e-01	0.000000e+00	1	1.198231e-03
1.539525e-01	8.147048e-01	0.000000e+00	1	1.198231e-03
1.540083e-01	8.146698e-01	0.000000e+00	1	1.198231e-03
1.538784e-01	8.147841e-01	0.000000e+00	1	1.198231e-03
1.606240e-01	8.049746e-01	0.000000e+00	1	1.184510e-03
1.525850e-01	8.169651e-01	0.000000e+00	1	1.169489e-03
1.523802e-01	8.172127e-01	0.000000e+00	1	1.160807e-03
1.521138e-01	8.186286e-01	0.000000e+00	1	1.145213e-03
1.523517e-01	8.172508e-01	0.000000e+00	1	1.145213e-03
1.561367e-01	8.079841e-01	0.000000e+00	1	1.145213e-03
1.556376e-01	8.086000e-01	0.000000e+00	1	1.145213e-03
1.557043e-01	8.085048e-01	0.000000e+00	1	1.145213e-03
1.531848e-01	8.155016e-01	0.000000e+00	1	1.145213e-03
1.522850e-01	8.173460e-01	0.000000e+00	1	1.145213e-03
1.532289e-01	8.154063e-01	0.000000e+00	1	1.145213e-03
1.549305e-01	8.144413e-01	0.000000e+00	1	1.141864e-03
1.555247e-01	8.090508e-01	0.000000e+00	1	1.138670e-03
1.522638e-01	8.178540e-01	0.000000e+00	1	1.128991e-03
1.523802e-01	8.172127e-01	0.000000e+00	1	1.119150e-03
1.525395e-01	8.170063e-01	0.000000e+00	1	1.119150e-03
1.525850e-01	8.169651e-01	0.000000e+00	1	1.119150e-03
1.552490e-01	8.141016e-01	0.000000e+00	1	1.117282e-03
1.551092e-01	8.142825e-01	0.000000e+00	1	1.114235e-03
1.550639e-01	8.142889e-01	0.000000e+00	1	1.114235e-03
1.569031e-01	8.062889e-01	0.000000e+00	1	1.111795e-03
1.524969e-01	8.171079e-01	0.000000e+00	1	1.108330e-03
1.530649e-01	8.157048e-01	0.000000e+00	1	1.107039e-03
1.526802e-01	8.168317e-01	0.000000e+00	1	1.101805e-03
1.616397e-01	8.041143e-01	0.000000e+00	1	1.088755e-03
1.532289e-01	8.154063e-01	0.000000e+00	1	1.086025e-03
1.534970e-01	8.150444e-01	0.000000e+00	1	1.079108e-03
1.533377e-01	8.152508e-01	0.000000e+00	1	1.079108e-03
1.552052e-01	8.141175e-01	0.000000e+00	1	1.079108e-03
1.529495e-01	8.158952e-01	0.000000e+00	1	1.079108e-03
1.552911e-01	8.140984e-01	0.000000e+00	1	1.073737e-03
1.606504e-01	8.049397e-01	0.000000e+00	1	1.069988e-03
1.480248e-01	8.417397e-01	0.000000e+00	1	1.068865e-03
1.577193e-01	8.054413e-01	0.000000e+00	1	1.068865e-03
1.527522e-01	8.167778e-01	0.000000e+00	1	1.066397e-03
1.549459e-01	8.143841e-01	0.000000e+00	1	1.065516e-03
1.550200e-01	8.143048e-01	0.000000e+00	1	1.065516e-03
1.479357e-01	8.419143e-01	0.000000e+00	1	1.055526e-03
1.533377e-01	8.152508e-01	0.000000e+00	1	1.043836e-03
1.553718e-01	8.139841e-01	0.000000e+00	1	1.042662e-03
1.554142e-01	8.139651e-01	0.000000e+00	1	1.042662e-03
1.527847e-01	8.167587e-01	0.000000e+00	1	1.028773e-03
1.527522e-01	8.167778e-01	0.000000e+00	1	1.028773e-03
1.527173e-01	8.168159e-01	0.000000e+00	1	1.025457e-03
1.525109e-01	8.170444e-01	0.000000e+00	1	1.010729e-03
1.531848e-01	8.155016e-01	0.000000e+00	1	1.009127e-03
1.532636e-01	8.153302e-01	0.000000e+00	1	1.007078e-03
1.533030e-01	8.153270e-01	0.000000e+00	1	1.007078e-03
1.534210e-01	8.152317e-01	0.000000e+00	1	1.007078e-03
1.533816e-01	8.152349e-01	0.000000e+00	1	1.007078e-03
1.477810e-01	8.422603e-01	0.000000e+00	1	1.006394e-03
1.479870e-01	8.417460e-01	0.000000e+00	1	1.006394e-03
1.576446e-01	8.056127e-01	0.000000e+00	1	9.925179e-04
1.582674e-01	8.051016e-01	0.000000e+00	1	9.925179e-04
1.478249e-01	8.422286e-01	0.000000e+00	1	9.810842e-04
1.560056e-01	8.082095e-01	0.000000e+00	1	9.729560e-04
1.530649e-01	8.157048e-01	0.000000e+00	1	9.689043e-04
1.530255e-01	8.157079e-01	0.000000e+00	1	9.689043e-04
1.521837e-01	8.179714e-01	0.000000e+00	1	9.543442e-04
1.530697e-01	8.156127e-01	0.000000e+00	1	9.543442e-04
1.531438e-01	8.155333e-01	0.000000e+00	1	9.543442e-04
1.534970e-01	8.150444e-01	0.000000e+00	1	9.543442e-04
1.534229e-01	8.151238e-01	0.000000e+00	1	9.543442e-04
1.479037e-01	8.419365e-01	0.000000e+00	1	9.504181e-04
1.477810e-01	8.422603e-01	0.000000e+00	1	9.436604e-04
1.565403e-01	8.067746e-01	0.000000e+00	1	9.316388e-04
1.565782e-01	8.066508e-01	0.000000e+00	1	9.316388e-04
1.481428e-01	8.416444e-01	0.000000e+00	1	9.300462e-04
1.477675e-01	8.423492e-01	0.000000e+00	1	9.300462e-04
1.480248e-01	8.417397e-01	0.000000e+00	1	9.300462e-04
1.532636e-01	8.153302e-01	0.000000e+00	1	9.161704e-04
1.533377e-01	8.152508e-01	0.000000e+00	1	9.161704e-04
1.560033e-01	8.082857e-01	0.000000e+00	1	9.161704e-04
1.577193e-01	8.054413e-01	0.000000e+00	1	9.109357e-04
1.478524e-01	8.422159e-01	0.000000e+00	1	8.748206e-04
1.522151e-01	8.178921e-01	0.000000e+00	1	8.665719e-04
1.522504e-01	8.178762e-01	0.000000e+00	1	8.665719e-04
1.527969e-01	8.167270e-01	0.000000e+00	1	8.529671e-04
1.532636e-01	8.153302e-01	0.000000e+00	1	8.529671e-04
1.526562e-01	8.169016e-01	0.000000e+00	1	8.398229e-04
1.525395e-01	8.170063e-01	0.000000e+00	1	8.372055e-04
1.524257e-01	8.171714e-01	0.000000e+00	1	8.372055e-04
1.478524e-01	8.422159e-01	0.000000e+00	1	8.283891e-04
1.539038e-01	8.147429e-01	0.000000e+00	1	7.889250e-04
1.521837e-01	8.179714e-01	0.000000e+00	1	7.731123e-04
1.522818e-01	8.177968e-01	0.000000e+00	1	7.657995e-04
1.477737e-01	8.423238e-01	0.000000e+00	1	7.634753e-04
1.477297e-01	8.423556e-01	0.000000e+00	1	7.595493e-04
1.538784e-01	8.147841e-01	0.000000e+00	1	7.508860e-04
1.577193e-01	8.054413e-01	0.000000e+00	1	7.287486e-04
1.527228e-01	8.168063e-01	0.000000e+00	1	7.228334e-04
1.524443e-01	8.171397e-01	0.000000e+00	1	7.226842e-04
1.526562e-01	8.169016e-01	0.000000e+00	1	7.066295e-04
1.523517e-01	8.172508e-01	0.000000e+00	1	7.027218e-04
1.479593e-01	8.418571e-01	0.000000e+00	1	6.871278e-04
1.620839e-01	8.035270e-01	0.000000e+00	1	6.871278e-04
1.478600e-01	8.421587e-01	0.000000e+00	1	6.871278e-04
1.478759e-01	8.420476e-01	0.000000e+00	1	6.832018e-04
1.551866e-01	8.141714e-01	0.000000e+00	1	6.489540e-04
1.552052e-01	8.141175e-01	0.000000e+00	1	6.489540e-04
1.552978e-01	8.140635e-01	0.000000e+00	1	6.363647e-04
1.526062e-01	8.169111e-01	0.000000e+00	1	6.350560e-04
1.522638e-01	8.178540e-01	0.000000e+00	1	5.984657e-04
1.536015e-01	8.149714e-01	0.000000e+00	1	5.980562e-04
1.479593e-01	8.418571e-01	0.000000e+00	1	5.780938e-04
1.538903e-01	8.147651e-01	0.000000e+00	1	5.600171e-04
1.538903e-01	8.147651e-01	0.000000e+00	1	5.598824e-04
1.554142e-01	8.139651e-01	0.000000e+00	1	5.582899e-04
1.591682e-01	8.050190e-01	0.000000e+00	1	5.344327e-04
1.525210e-01	8.170381e-01	0.000000e+00	1	5.318154e-04
1.522504e-01	8.178762e-01	0.000000e+00	1	5.221182e-04
1.553231e-01	8.140222e-01	0.000000e+00	1	5.201161e-04
1.551245e-01	8.142254e-01	0.000000e+00	1	5.046384e-04
1.552912e-01	8.140921e-01	0.000000e+00	1	5.046384e-04
1.569235e-01	8.061778e-01	0.000000e+00	1	5.010146e-04
1.525395e-01	8.170063e-01	0.000000e+00	1	4.962590e-04
1.525850e-01	8.169651e-01	0.000000e+00	1	4.962590e-04
1.523802e-01	8.172127e-01	0.000000e+00	1	4.962590e-04
1.477737e-01	8.423238e-01	0.000000e+00	1	4.855752e-04
1.527228e-01	8.168063e-01	0.000000e+00	1	4.802043e-04
1.551311e-01	8.141968e-01	0.000000e+00	1	4.664647e-04
1.551092e-01	8.142825e-01	0.000000e+00	1	4.657330e-04
1.543879e-01	8.146159e-01	0.000000e+00	1	4.580852e-04
1.535895e-01	8.149905e-01	0.000000e+00	1	4.580852e-04
1.539525e-01	8.147048e-01	0.000000e+00	1	4.580852e-04
1.553231e-01	8.140222e-01	0.000000e+00	1	4.580852e-04
1.553718e-01	8.139841e-01	0.000000e+00	1	4.580852e-04
1.551866e-01	8.141714e-01	0.000000e+00	1	4.554678e-04
1.552052e-01	8.141175e-01	0.000000e+00	1	4.554678e-04
1.524443e-01	8.171397e-01	0.000000e+00	1	4.468045e-04
1.559334e-01	8.083048e-01	0.000000e+00	1	4.407218e-04
1.527913e-01	8.167365e-01	0.000000e+00	1	4.298835e-04
1.527847e-01	8.167587e-01	0.000000e+00	1	4.298835e-04
1.525109e-01	8.170444e-01	0.000000e+00	1	4.212018e-04
1.493815e-01	8.242254e-01	0.000000e+00	1	4.199114e-04
1.537194e-01	8.148762e-01	0.000000e+00	1	4.199114e-04
1.539525e-01	8.147048e-01	0.000000e+00	1	4.199114e-04
1.540083e-01	8.146698e-01	0.000000e+00	1	4.199114e-04
1.478600e-01	8.421587e-01	0.000000e+00	1	3.904010e-04
1.476861e-01	8.425778e-01	0.000000e+00	1	3.904010e-04
1.552978e-01	8.140635e-01	0.000000e+00	1	3.901171e-04
1.554763e-01	8.139111e-01	0.000000e+00	1	3.833302e-04
1.525210e-01	8.170381e-01	0.000000e+00	1	3.817377e-04
1.551126e-01	8.142508e-01	0.000000e+00	1	3.817377e-04
1.550046e-01	8.143619e-01	0.000000e+00	1	3.783887e-04
1.551245e-01	8.142317e-01	0.000000e+00	1	3.691483e-04
1.553097e-01	8.140444e-01	0.000000e+00	1	3.691483e-04
1.559482e-01	8.082984e-01	0.000000e+00	1	3.643743e-04
1.536149e-01	8.149492e-01	0.000000e+00	1	3.308398e-04
1.553097e-01	8.140381e-01	0.000000e+00	1	3.292473e-04
1.554276e-01	8.139492e-01	0.000000e+00	1	3.292473e-04
1.527173e-01	8.168159e-01	0.000000e+00	1	3.275092e-04
1.568916e-01	8.063397e-01	0.000000e+00	1	3.197357e-04
1.477675e-01	8.423492e-01	0.000000e+00	1	3.053901e-04
1.551866e-01	8.141714e-01	0.000000e+00	1	3.053901e-04
1.478249e-01	8.422286e-01	0.000000e+00	1	3.037593e-04
1.536015e-01	8.149714e-01	0.000000e+00	1	2.928008e-04
1.535895e-01	8.149905e-01	0.000000e+00	1	2.928008e-04
1.551126e-01	8.142508e-01	0.000000e+00	1	2.928008e-04
1.562617e-01	8.067968e-01	0.000000e+00	1	2.672164e-04
1.536149e-01	8.149492e-01	0.000000e+00	1	2.672164e-04
1.482577e-01	8.249238e-01	0.000000e+00	1	2.672164e-04
1.489085e-01	8.244889e-01	0.000000e+00	1	2.672164e-04
1.539038e-01	8.147429e-01	0.000000e+00	1	2.672164e-04
1.565403e-01	8.067746e-01	0.000000e+00	1	2.672164e-04
1.550046e-01	8.143619e-01	0.000000e+00	1	2.672164e-04
1.522504e-01	8.178762e-01	0.000000e+00	1	2.672164e-04
1.527969e-01	8.167270e-01	0.000000e+00	1	2.511617e-04
1.525210e-01	8.170381e-01	0.000000e+00	1	2.472540e-04
1.553097e-01	8.140444e-01	0.000000e+00	1	2.306351e-04
1.551245e-01	8.142317e-01	0.000000e+00	1	2.306351e-04
1.536015e-01	8.149714e-01	0.000000e+00	1	2.290426e-04
1.538784e-01	8.147841e-01	0.000000e+00	1	2.290426e-04
1.551126e-01	8.142508e-01	0.000000e+00	1	2.290426e-04
1.477675e-01	8.423492e-01	0.000000e+00	1	2.274118e-04
1.554276e-01	8.139492e-01	0.000000e+00	1	1.924614e-04
1.553097e-01	8.140381e-01	0.000000e+00	1	1.924614e-04
1.552052e-01	8.141175e-01	0.000000e+00	1	1.908688e-04
1.577563e-01	8.053238e-01	0.000000e+00	1	1.908688e-04
1.554142e-01	8.139651e-01	0.000000e+00	1	1.908688e-04
1.529057e-01	8.159111e-01	0.000000e+00	1	1.908688e-04
1.522151e-01	8.178921e-01	0.000000e+00	1	1.908688e-04
1.670054e-01	8.022508e-01	0.000000e+00	1	1.908688e-04
1.529495e-01	8.158952e-01	0.000000e+00	1	1.908688e-04
1.534970e-01	8.150444e-01	0.000000e+00	1	1.908688e-04
1.478600e-01	8.421587e-01	0.000000e+00	1	1.876928e-04
1.524469e-01	8.171175e-01	0.000000e+00	1	1.795881e-04
1.530649e-01	8.157048e-01	0.000000e+00	1	1.552941e-04
1.560033e-01	8.082857e-01	0.000000e+00	1	1.526951e-04
1.477737e-01	8.423238e-01	0.000000e+00	1	1.510643e-04
1.478188e-01	8.422540e-01	0.000000e+00	1	1.510643e-04
1.527913e-01	8.167365e-01	0.000000e+00	1	1.366404e-04
1.677186e-01	8.012254e-01	0.000000e+00	1	1.183033e-04
1.677138e-01	8.013429e-01	0.000000e+00	1	1.183033e-04
1.527913e-01	8.167365e-01	0.000000e+00	1	1.145213e-04
1.527228e-01	8.168063e-01	0.000000e+00	1	1.145213e-04
1.551126e-01	8.142508e-01	0.000000e+00	1	8.399537e-05
1.551245e-01	8.142254e-01	0.000000e+00	1	7.794008e-05
1.552912e-01	8.140921e-01	0.000000e+00	1	7.794008e-05
1.554277e-01	8.139429e-01	0.000000e+00	1	7.794008e-05
1.552911e-01	8.140984e-01	0.000000e+00	1	7.794008e-05
1.478188e-01	8.422540e-01	0.000000e+00	1	7.634753e-05
1.481428e-01	8.416444e-01	0.000000e+00	1	7.634753e-05
1.567295e-01	8.065492e-01	0.000000e+00	1	7.634753e-05
1.676520e-01	8.015651e-01	0.000000e+00	1	7.634753e-05
1.553097e-01	8.140381e-01	0.000000e+00	1	7.634753e-05
1.554276e-01	8.139492e-01	0.000000e+00	1	7.634753e-05
1.559482e-01	8.082984e-01	0.000000e+00	1	7.634753e-05
1.551092e-01	8.142825e-01	0.000000e+00	1	7.634753e-05
1.550639e-01	8.142889e-01	0.000000e+00	1	7.634753e-05
1.560033e-01	8.082857e-01	0.000000e+00	1	5.678560e-05
1.534229e-01	8.151238e-01	0.000000e+00	1	4.713933e-05
1.530255e-01	8.157079e-01	0.000000e+00	1	3.817377e-05
1.567962e-01	8.063429e-01	0.000000e+00	1	3.817377e-05
1.527969e-01	8.167270e-01	0.000000e+00	1	0.000000e+00
1.539525e-01	8.147048e-01	0.000000e+00	1	0.000000e+00
1.525395e-01	8.170063e-01	0.000000e+00	1	0.000000e+00
1.551311e-01	8.141968e-01	0.000000e+00	1	0.000000e+00
1.577563e-01	8.053238e-01	0.000000e+00	1	0.000000e+00
1.553097e-01	8.140381e-01	0.000000e+00	1	0.000000e+00
1.561367e-01	8.079841e-01	0.000000e+00	1	0.000000e+00
1.577563e-01	8.053238e-01	0.000000e+00	1	0.000000e+00
1.524257e-01	8.171714e-01	0.000000e+00	1	0.000000e+00
1.477297e-01	8.423556e-01	0.000000e+00	1	0.000000e+00
1.479593e-01	8.418571e-01	0.000000e+00	1	0.000000e+00
1.555247e-01	8.090508e-01	0.000000e+00	1	0.000000e+00
1.552978e-01	8.140635e-01	0.000000e+00	1	0.000000e+00
1.569901e-01	8.059714e-01	0.000000e+00	1	0.000000e+00
1.524469e-01	8.171175e-01	0.000000e+00	1	0.000000e+00
1.577563e-01	8.053238e-01	0.000000e+00	1	0.000000e+00
1.576446e-01	8.056127e-01	0.000000e+00	1	0.000000e+00
1.529908e-01	8.157841e-01	0.000000e+00	1	0.000000e+00
1.674173e-01	8.015714e-01	0.000000e+00	1	0.000000e+00
1.677138e-01	8.013429e-01	0.000000e+00	1	0.000000e+00
1.566448e-01	8.065556e-01	0.000000e+00	1	0.000000e+00
1.577563e-01	8.053238e-01	0.000000e+00	1	0.000000e+00
1.532289e-01	8.154063e-01	0.000000e+00	1	0.000000e+00
1.569901e-01	8.059714e-01	0.000000e+00	1	0.000000e+00
1.606999e-01	8.047905e-01	0.000000e+00	1	0.000000e+00
1.551311e-01	8.141968e-01	0.000000e+00	1	0.000000e+00
1.489085e-01	8.244889e-01	0.000000e+00	1	0.000000e+00
1.562617e-01	8.067968e-01	0.000000e+00	1	0.000000e+00
1.571415e-01	8.058698e-01	0.000000e+00	1	0.000000e+00
1.524969e-01	8.171079e-01	0.000000e+00	1	0.000000e+00
1.531848e-01	8.155016e-01	0.000000e+00	1	0.000000e+00
1.569031e-01	8.062889e-01	0.000000e+00	1	0.000000e+00
1.529495e-01	8.158952e-01	0.000000e+00	1	0.000000e+00
1.621792e-01	8.034698e-01	0.000000e+00	1	0.000000e+00
Total execution time: 38264.584
