# This file contains the data of final feasible population (if found)
# of objectives = 2, # of constraints = 0, # of real_var = 0, # of bits of bin_var = 0, constr_violation, rank, crowding_distance
1.604180e-01	8.021111e-01	0.000000e+00	1	1.000000e+14
1.429049e-01	8.224190e-01	0.000000e+00	1	1.000000e+14
1.553753e-01	8.084444e-01	0.000000e+00	1	1.350804e-01
1.583135e-01	8.063651e-01	0.000000e+00	1	8.388456e-02
1.509340e-01	8.106159e-01	0.000000e+00	1	5.197987e-02
1.525575e-01	8.103873e-01	0.000000e+00	1	5.197987e-02
1.583135e-01	8.063651e-01	0.000000e+00	1	5.119587e-02
1.466580e-01	8.188857e-01	0.000000e+00	1	4.607002e-02
1.478241e-01	8.159079e-01	0.000000e+00	1	4.455213e-02
1.477051e-01	8.177175e-01	0.000000e+00	1	4.455213e-02
1.453537e-01	8.189111e-01	0.000000e+00	1	3.723776e-02
1.536442e-01	8.103778e-01	0.000000e+00	1	3.141563e-02
1.525575e-01	8.103873e-01	0.000000e+00	1	3.102482e-02
1.431102e-01	8.215365e-01	0.000000e+00	1	2.689157e-02
1.440521e-01	8.213905e-01	0.000000e+00	1	2.689157e-02
1.484770e-01	8.142317e-01	0.000000e+00	1	1.642182e-02
1.586790e-01	8.040127e-01	0.000000e+00	1	1.308732e-02
1.585957e-01	8.044476e-01	0.000000e+00	1	1.308732e-02
1.548939e-01	8.085714e-01	0.000000e+00	1	1.245477e-02
1.553301e-01	8.085556e-01	0.000000e+00	1	1.245477e-02
1.488676e-01	8.128667e-01	0.000000e+00	1	1.159996e-02
1.467437e-01	8.185270e-01	0.000000e+00	1	1.127936e-02
1.585957e-01	8.044476e-01	0.000000e+00	1	1.094984e-02
1.585872e-01	8.048825e-01	0.000000e+00	1	1.094984e-02
1.469432e-01	8.182254e-01	0.000000e+00	1	1.036755e-02
1.475569e-01	8.178127e-01	0.000000e+00	1	1.035095e-02
1.506663e-01	8.107111e-01	0.000000e+00	1	9.987034e-03
1.509340e-01	8.106159e-01	0.000000e+00	1	9.987034e-03
1.441354e-01	8.210508e-01	0.000000e+00	1	9.930982e-03
1.443053e-01	8.202000e-01	0.000000e+00	1	9.930982e-03
1.487538e-01	8.139048e-01	0.000000e+00	1	9.908101e-03
1.602606e-01	8.024286e-01	0.000000e+00	1	9.475050e-03
1.487723e-01	8.135238e-01	0.000000e+00	1	9.379397e-03
1.488491e-01	8.132476e-01	0.000000e+00	1	9.379397e-03
1.543420e-01	8.090286e-01	0.000000e+00	1	8.983868e-03
1.594867e-01	8.031270e-01	0.000000e+00	1	8.891314e-03
1.599935e-01	8.026349e-01	0.000000e+00	1	8.830173e-03
1.484744e-01	8.145778e-01	0.000000e+00	1	8.519619e-03
1.585872e-01	8.048825e-01	0.000000e+00	1	8.518434e-03
1.589698e-01	8.036000e-01	0.000000e+00	1	8.493170e-03
1.505367e-01	8.108444e-01	0.000000e+00	1	8.390630e-03
1.484770e-01	8.142317e-01	0.000000e+00	1	8.126178e-03
1.429451e-01	8.222095e-01	0.000000e+00	1	8.080516e-03
1.487538e-01	8.139048e-01	0.000000e+00	1	8.050649e-03
1.472765e-01	8.179238e-01	0.000000e+00	1	8.006098e-03
1.487538e-01	8.139048e-01	0.000000e+00	1	7.902206e-03
1.440521e-01	8.213905e-01	0.000000e+00	1	7.816164e-03
1.440614e-01	8.210730e-01	0.000000e+00	1	7.816164e-03
1.441447e-01	8.207333e-01	0.000000e+00	1	7.816164e-03
1.429544e-01	8.218921e-01	0.000000e+00	1	7.816164e-03
1.478241e-01	8.159079e-01	0.000000e+00	1	7.816164e-03
1.479075e-01	8.155905e-01	0.000000e+00	1	7.816164e-03
1.442960e-01	8.205175e-01	0.000000e+00	1	7.816164e-03
1.495905e-01	8.115397e-01	0.000000e+00	1	7.642185e-03
1.498582e-01	8.114444e-01	0.000000e+00	1	7.642185e-03
1.498582e-01	8.114444e-01	0.000000e+00	1	7.600892e-03
1.596421e-01	8.028413e-01	0.000000e+00	1	7.524801e-03
1.597307e-01	8.026921e-01	0.000000e+00	1	7.501426e-03
1.583426e-01	8.060984e-01	0.000000e+00	1	7.395237e-03
1.480371e-01	8.152667e-01	0.000000e+00	1	7.374651e-03
1.481038e-01	8.150444e-01	0.000000e+00	1	7.374651e-03
1.480204e-01	8.153619e-01	0.000000e+00	1	7.374651e-03
1.585435e-01	8.051778e-01	0.000000e+00	1	7.354438e-03
1.488491e-01	8.132476e-01	0.000000e+00	1	7.328767e-03
1.501107e-01	8.114286e-01	0.000000e+00	1	7.210083e-03
1.545745e-01	8.090063e-01	0.000000e+00	1	7.186151e-03
1.429890e-01	8.216857e-01	0.000000e+00	1	7.134209e-03
1.431102e-01	8.215365e-01	0.000000e+00	1	7.056047e-03
1.594867e-01	8.031270e-01	0.000000e+00	1	7.034547e-03
1.504070e-01	8.110349e-01	0.000000e+00	1	6.983721e-03
1.505367e-01	8.108444e-01	0.000000e+00	1	6.983721e-03
1.475569e-01	8.178127e-01	0.000000e+00	1	6.965294e-03
1.487723e-01	8.135238e-01	0.000000e+00	1	6.800063e-03
1.479538e-01	8.155841e-01	0.000000e+00	1	6.793076e-03
1.596421e-01	8.028413e-01	0.000000e+00	1	6.780950e-03
1.546198e-01	8.088952e-01	0.000000e+00	1	6.763309e-03
1.452056e-01	8.190063e-01	0.000000e+00	1	6.574486e-03
1.469432e-01	8.182254e-01	0.000000e+00	1	6.574486e-03
1.583135e-01	8.063651e-01	0.000000e+00	1	6.565578e-03
1.489454e-01	8.126762e-01	0.000000e+00	1	6.170071e-03
1.447434e-01	8.197143e-01	0.000000e+00	1	6.158631e-03
1.588364e-01	8.036952e-01	0.000000e+00	1	6.158631e-03
1.589698e-01	8.036000e-01	0.000000e+00	1	6.151522e-03
1.586790e-01	8.040127e-01	0.000000e+00	1	6.151522e-03
1.429396e-01	8.222127e-01	0.000000e+00	1	6.069253e-03
1.590756e-01	8.033778e-01	0.000000e+00	1	6.013504e-03
1.592534e-01	8.033397e-01	0.000000e+00	1	6.013504e-03
1.584046e-01	8.056921e-01	0.000000e+00	1	5.923292e-03
1.446225e-01	8.198095e-01	0.000000e+00	1	5.797221e-03
1.452056e-01	8.190063e-01	0.000000e+00	1	5.797221e-03
1.541346e-01	8.092952e-01	0.000000e+00	1	5.775131e-03
1.482212e-01	8.149111e-01	0.000000e+00	1	5.752595e-03
1.583426e-01	8.060984e-01	0.000000e+00	1	5.692078e-03
1.483077e-01	8.147841e-01	0.000000e+00	1	5.596271e-03
1.583981e-01	8.059079e-01	0.000000e+00	1	5.499748e-03
1.539994e-01	8.095429e-01	0.000000e+00	1	5.496362e-03
1.588124e-01	8.039175e-01	0.000000e+00	1	5.471315e-03
1.590756e-01	8.033778e-01	0.000000e+00	1	5.471315e-03
1.447675e-01	8.194921e-01	0.000000e+00	1	5.471315e-03
1.604009e-01	8.022063e-01	0.000000e+00	1	5.471315e-03
1.471283e-01	8.180190e-01	0.000000e+00	1	5.287046e-03
1.488676e-01	8.128667e-01	0.000000e+00	1	5.218403e-03
1.467437e-01	8.185270e-01	0.000000e+00	1	5.080506e-03
1.467950e-01	8.183206e-01	0.000000e+00	1	5.080506e-03
1.471283e-01	8.180190e-01	0.000000e+00	1	5.080506e-03
1.429544e-01	8.218921e-01	0.000000e+00	1	5.080506e-03
1.429890e-01	8.216857e-01	0.000000e+00	1	5.080506e-03
1.585435e-01	8.051778e-01	0.000000e+00	1	5.001160e-03
1.490287e-01	8.124857e-01	0.000000e+00	1	4.967779e-03
1.584259e-01	8.056635e-01	0.000000e+00	1	4.964057e-03
1.593989e-01	8.033079e-01	0.000000e+00	1	4.935724e-03
1.592534e-01	8.033397e-01	0.000000e+00	1	4.935724e-03
1.492324e-01	8.120286e-01	0.000000e+00	1	4.689698e-03
1.504070e-01	8.110349e-01	0.000000e+00	1	4.689698e-03
1.491491e-01	8.122190e-01	0.000000e+00	1	4.689698e-03
1.491491e-01	8.122190e-01	0.000000e+00	1	4.689698e-03
1.495016e-01	8.116095e-01	0.000000e+00	1	4.689698e-03
1.483077e-01	8.147841e-01	0.000000e+00	1	4.689698e-03
1.484030e-01	8.145937e-01	0.000000e+00	1	4.689698e-03
1.490713e-01	8.124095e-01	0.000000e+00	1	4.689698e-03
1.494183e-01	8.118000e-01	0.000000e+00	1	4.689698e-03
1.501378e-01	8.113587e-01	0.000000e+00	1	4.491443e-03
1.593989e-01	8.033079e-01	0.000000e+00	1	4.455213e-03
1.547745e-01	8.088381e-01	0.000000e+00	1	4.418460e-03
1.596593e-01	8.027460e-01	0.000000e+00	1	4.384138e-03
1.542849e-01	8.092349e-01	0.000000e+00	1	4.290060e-03
1.495016e-01	8.116095e-01	0.000000e+00	1	4.257338e-03
1.472765e-01	8.179238e-01	0.000000e+00	1	4.229637e-03
1.471283e-01	8.180190e-01	0.000000e+00	1	4.229637e-03
1.467950e-01	8.183206e-01	0.000000e+00	1	4.229637e-03
1.453537e-01	8.189111e-01	0.000000e+00	1	4.229637e-03
1.477051e-01	8.177175e-01	0.000000e+00	1	4.229637e-03
1.442188e-01	8.207111e-01	0.000000e+00	1	4.220728e-03
1.442220e-01	8.205397e-01	0.000000e+00	1	4.220728e-03
1.502774e-01	8.111683e-01	0.000000e+00	1	4.183875e-03
1.583968e-01	8.059302e-01	0.000000e+00	1	4.179169e-03
1.492324e-01	8.120286e-01	0.000000e+00	1	4.098727e-03
1.490713e-01	8.124095e-01	0.000000e+00	1	4.096439e-03
1.584879e-01	8.053683e-01	0.000000e+00	1	4.080042e-03
1.604009e-01	8.022063e-01	0.000000e+00	1	4.003736e-03
1.584601e-01	8.055016e-01	0.000000e+00	1	3.986244e-03
1.443794e-01	8.201778e-01	0.000000e+00	1	3.912536e-03
1.448416e-01	8.194698e-01	0.000000e+00	1	3.912536e-03
1.449156e-01	8.193968e-01	0.000000e+00	1	3.912536e-03
1.493213e-01	8.119587e-01	0.000000e+00	1	3.908082e-03
1.494183e-01	8.118000e-01	0.000000e+00	1	3.908082e-03
1.537349e-01	8.100159e-01	0.000000e+00	1	3.874205e-03
1.588364e-01	8.036952e-01	0.000000e+00	1	3.806673e-03
1.588124e-01	8.039175e-01	0.000000e+00	1	3.806673e-03
1.489972e-01	8.126381e-01	0.000000e+00	1	3.751759e-03
1.585405e-01	8.053302e-01	0.000000e+00	1	3.751759e-03
1.504070e-01	8.110349e-01	0.000000e+00	1	3.700932e-03
1.502774e-01	8.111683e-01	0.000000e+00	1	3.700932e-03
1.506663e-01	8.107111e-01	0.000000e+00	1	3.700932e-03
1.431102e-01	8.215365e-01	0.000000e+00	1	3.673597e-03
1.440521e-01	8.213905e-01	0.000000e+00	1	3.595435e-03
1.538753e-01	8.096190e-01	0.000000e+00	1	3.542321e-03
1.450846e-01	8.191016e-01	0.000000e+00	1	3.452372e-03
1.447434e-01	8.197143e-01	0.000000e+00	1	3.452372e-03
1.478241e-01	8.159079e-01	0.000000e+00	1	3.399502e-03
1.477051e-01	8.177175e-01	0.000000e+00	1	3.399502e-03
1.481038e-01	8.150444e-01	0.000000e+00	1	3.353498e-03
1.482212e-01	8.149111e-01	0.000000e+00	1	3.353498e-03
1.537801e-01	8.099048e-01	0.000000e+00	1	3.296517e-03
1.543301e-01	8.091238e-01	0.000000e+00	1	3.296517e-03
1.548079e-01	8.088222e-01	0.000000e+00	1	3.296517e-03
1.546079e-01	8.089905e-01	0.000000e+00	1	3.296517e-03
1.502774e-01	8.111683e-01	0.000000e+00	1	3.282789e-03
1.506663e-01	8.107111e-01	0.000000e+00	1	3.282789e-03
1.481038e-01	8.150444e-01	0.000000e+00	1	3.282789e-03
1.489454e-01	8.126762e-01	0.000000e+00	1	3.158499e-03
1.445916e-01	8.199143e-01	0.000000e+00	1	3.135272e-03
1.537087e-01	8.101429e-01	0.000000e+00	1	3.126466e-03
1.482212e-01	8.149111e-01	0.000000e+00	1	3.126466e-03
1.502404e-01	8.112952e-01	0.000000e+00	1	3.126466e-03
1.466580e-01	8.188857e-01	0.000000e+00	1	3.072387e-03
1.540375e-01	8.094635e-01	0.000000e+00	1	3.041662e-03
1.538301e-01	8.097302e-01	0.000000e+00	1	3.041662e-03
1.588124e-01	8.039175e-01	0.000000e+00	1	3.032165e-03
1.590756e-01	8.033778e-01	0.000000e+00	1	3.021856e-03
1.602606e-01	8.024286e-01	0.000000e+00	1	2.983404e-03
1.601561e-01	8.024698e-01	0.000000e+00	1	2.983404e-03
1.539994e-01	8.095429e-01	0.000000e+00	1	2.963500e-03
1.502404e-01	8.112952e-01	0.000000e+00	1	2.928210e-03
1.541346e-01	8.092952e-01	0.000000e+00	1	2.887282e-03
1.540827e-01	8.093524e-01	0.000000e+00	1	2.887282e-03
1.450846e-01	8.191016e-01	0.000000e+00	1	2.835102e-03
1.446225e-01	8.198095e-01	0.000000e+00	1	2.835102e-03
1.450069e-01	8.192794e-01	0.000000e+00	1	2.811977e-03
1.444572e-01	8.200000e-01	0.000000e+00	1	2.811977e-03
1.445447e-01	8.199873e-01	0.000000e+00	1	2.811977e-03
1.494183e-01	8.118000e-01	0.000000e+00	1	2.769599e-03
1.493213e-01	8.119587e-01	0.000000e+00	1	2.769599e-03
1.584814e-01	8.054730e-01	0.000000e+00	1	2.764090e-03
1.472765e-01	8.179238e-01	0.000000e+00	1	2.735657e-03
1.483077e-01	8.147841e-01	0.000000e+00	1	2.719052e-03
1.484030e-01	8.145937e-01	0.000000e+00	1	2.719052e-03
1.540708e-01	8.094476e-01	0.000000e+00	1	2.684731e-03
1.540827e-01	8.093524e-01	0.000000e+00	1	2.684731e-03
1.537920e-01	8.098095e-01	0.000000e+00	1	2.684731e-03
1.553634e-01	8.085397e-01	0.000000e+00	1	2.684731e-03
1.542849e-01	8.092349e-01	0.000000e+00	1	2.684731e-03
1.548939e-01	8.085714e-01	0.000000e+00	1	2.684731e-03
1.537468e-01	8.099206e-01	0.000000e+00	1	2.684731e-03
1.448416e-01	8.194698e-01	0.000000e+00	1	2.661950e-03
1.443794e-01	8.201778e-01	0.000000e+00	1	2.661950e-03
1.440614e-01	8.210730e-01	0.000000e+00	1	2.661950e-03
1.444535e-01	8.201048e-01	0.000000e+00	1	2.579334e-03
1.444572e-01	8.200000e-01	0.000000e+00	1	2.579334e-03
1.449156e-01	8.193968e-01	0.000000e+00	1	2.579334e-03
1.449193e-01	8.192921e-01	0.000000e+00	1	2.579334e-03
1.493213e-01	8.119587e-01	0.000000e+00	1	2.537782e-03
1.495905e-01	8.115397e-01	0.000000e+00	1	2.537782e-03
1.492324e-01	8.120286e-01	0.000000e+00	1	2.537782e-03
1.594867e-01	8.031270e-01	0.000000e+00	1	2.507570e-03
1.593989e-01	8.033079e-01	0.000000e+00	1	2.507570e-03
1.449193e-01	8.192921e-01	0.000000e+00	1	2.499331e-03
1.585405e-01	8.053302e-01	0.000000e+00	1	2.438647e-03
1.484030e-01	8.145937e-01	0.000000e+00	1	2.430097e-03
1.478241e-01	8.159079e-01	0.000000e+00	1	2.379171e-03
1.479075e-01	8.155905e-01	0.000000e+00	1	2.379171e-03
1.491491e-01	8.122190e-01	0.000000e+00	1	2.379171e-03
1.495016e-01	8.116095e-01	0.000000e+00	1	2.379171e-03
1.494183e-01	8.118000e-01	0.000000e+00	1	2.379171e-03
1.547745e-01	8.088381e-01	0.000000e+00	1	2.358578e-03
1.472765e-01	8.179238e-01	0.000000e+00	1	2.344849e-03
1.604180e-01	8.021111e-01	0.000000e+00	1	2.344849e-03
1.604009e-01	8.022063e-01	0.000000e+00	1	2.344849e-03
1.542968e-01	8.091397e-01	0.000000e+00	1	2.344849e-03
1.446053e-01	8.199048e-01	0.000000e+00	1	2.344849e-03
1.553753e-01	8.084444e-01	0.000000e+00	1	2.344849e-03
1.538753e-01	8.096190e-01	0.000000e+00	1	2.344849e-03
1.538634e-01	8.097143e-01	0.000000e+00	1	2.344849e-03
1.471283e-01	8.180190e-01	0.000000e+00	1	2.344849e-03
1.495905e-01	8.115397e-01	0.000000e+00	1	2.344849e-03
1.548198e-01	8.087270e-01	0.000000e+00	1	2.344849e-03
1.498582e-01	8.114444e-01	0.000000e+00	1	2.344849e-03
1.477051e-01	8.177175e-01	0.000000e+00	1	2.344849e-03
1.588364e-01	8.036952e-01	0.000000e+00	1	2.344849e-03
1.537349e-01	8.100159e-01	0.000000e+00	1	2.344849e-03
1.480204e-01	8.153619e-01	0.000000e+00	1	2.344849e-03
1.450846e-01	8.191016e-01	0.000000e+00	1	2.344849e-03
1.447434e-01	8.197143e-01	0.000000e+00	1	2.344849e-03
1.480371e-01	8.152667e-01	0.000000e+00	1	2.344849e-03
1.548819e-01	8.086667e-01	0.000000e+00	1	2.344849e-03
1.467950e-01	8.183206e-01	0.000000e+00	1	2.344849e-03
1.450675e-01	8.191968e-01	0.000000e+00	1	2.344849e-03
1.453537e-01	8.189111e-01	0.000000e+00	1	2.344849e-03
1.537087e-01	8.101429e-01	0.000000e+00	1	2.232810e-03
1.491491e-01	8.122190e-01	0.000000e+00	1	2.220559e-03
1.487723e-01	8.135238e-01	0.000000e+00	1	2.190348e-03
1.488491e-01	8.132476e-01	0.000000e+00	1	2.190348e-03
1.442220e-01	8.205397e-01	0.000000e+00	1	2.114818e-03
1.442960e-01	8.205175e-01	0.000000e+00	1	2.114818e-03
1.444535e-01	8.201048e-01	0.000000e+00	1	2.114818e-03
1.447675e-01	8.194921e-01	0.000000e+00	1	2.114818e-03
1.442188e-01	8.207111e-01	0.000000e+00	1	2.114818e-03
1.441447e-01	8.207333e-01	0.000000e+00	1	2.114818e-03
1.548486e-01	8.086825e-01	0.000000e+00	1	2.045931e-03
1.601561e-01	8.024698e-01	0.000000e+00	1	2.039289e-03
1.484744e-01	8.145778e-01	0.000000e+00	1	2.039289e-03
1.600847e-01	8.025238e-01	0.000000e+00	1	2.039289e-03
1.600649e-01	8.025810e-01	0.000000e+00	1	2.039289e-03
1.597307e-01	8.026921e-01	0.000000e+00	1	2.039289e-03
1.599935e-01	8.026349e-01	0.000000e+00	1	2.039289e-03
1.537920e-01	8.098095e-01	0.000000e+00	1	1.954041e-03
1.536925e-01	8.102032e-01	0.000000e+00	1	1.946486e-03
1.444535e-01	8.201048e-01	0.000000e+00	1	1.903459e-03
1.479538e-01	8.155841e-01	0.000000e+00	1	1.903337e-03
1.490287e-01	8.124857e-01	0.000000e+00	1	1.875879e-03
1.538753e-01	8.096190e-01	0.000000e+00	1	1.875879e-03
1.536806e-01	8.102984e-01	0.000000e+00	1	1.815490e-03
1.450537e-01	8.192063e-01	0.000000e+00	1	1.797718e-03
1.445447e-01	8.199873e-01	0.000000e+00	1	1.797718e-03
1.450069e-01	8.192794e-01	0.000000e+00	1	1.797718e-03
1.501378e-01	8.113587e-01	0.000000e+00	1	1.719556e-03
1.493213e-01	8.119587e-01	0.000000e+00	1	1.719556e-03
1.495905e-01	8.115397e-01	0.000000e+00	1	1.719556e-03
1.501107e-01	8.114286e-01	0.000000e+00	1	1.719556e-03
1.536925e-01	8.102032e-01	0.000000e+00	1	1.650857e-03
1.450537e-01	8.192063e-01	0.000000e+00	1	1.572039e-03
1.502404e-01	8.112952e-01	0.000000e+00	1	1.563233e-03
1.536894e-01	8.102667e-01	0.000000e+00	1	1.563233e-03
1.536775e-01	8.103619e-01	0.000000e+00	1	1.563233e-03
1.583968e-01	8.059302e-01	0.000000e+00	1	1.549511e-03
1.542849e-01	8.092349e-01	0.000000e+00	1	1.485071e-03
1.489972e-01	8.126381e-01	0.000000e+00	1	1.480373e-03
1.479075e-01	8.155905e-01	0.000000e+00	1	1.478085e-03
1.467950e-01	8.183206e-01	0.000000e+00	1	1.464105e-03
1.467437e-01	8.185270e-01	0.000000e+00	1	1.464105e-03
1.599935e-01	8.026349e-01	0.000000e+00	1	1.406909e-03
1.600847e-01	8.025238e-01	0.000000e+00	1	1.406909e-03
1.600649e-01	8.025810e-01	0.000000e+00	1	1.406909e-03
1.597307e-01	8.026921e-01	0.000000e+00	1	1.406909e-03
1.546198e-01	8.088952e-01	0.000000e+00	1	1.406909e-03
1.538634e-01	8.097143e-01	0.000000e+00	1	1.342476e-03
1.536775e-01	8.103619e-01	0.000000e+00	1	1.342476e-03
1.538301e-01	8.097302e-01	0.000000e+00	1	1.342476e-03
1.537468e-01	8.099206e-01	0.000000e+00	1	1.342476e-03
1.548819e-01	8.086667e-01	0.000000e+00	1	1.342476e-03
1.553301e-01	8.085556e-01	0.000000e+00	1	1.342476e-03
1.445447e-01	8.199873e-01	0.000000e+00	1	1.337554e-03
1.450069e-01	8.192794e-01	0.000000e+00	1	1.337554e-03
1.597307e-01	8.026921e-01	0.000000e+00	1	1.328748e-03
1.600847e-01	8.025238e-01	0.000000e+00	1	1.328748e-03
1.596593e-01	8.027460e-01	0.000000e+00	1	1.328748e-03
1.601561e-01	8.024698e-01	0.000000e+00	1	1.328748e-03
1.600649e-01	8.025810e-01	0.000000e+00	1	1.328748e-03
1.584814e-01	8.054730e-01	0.000000e+00	1	1.311756e-03
1.584601e-01	8.055016e-01	0.000000e+00	1	1.311756e-03
1.447675e-01	8.194921e-01	0.000000e+00	1	1.234447e-03
1.490713e-01	8.124095e-01	0.000000e+00	1	1.216021e-03
1.548486e-01	8.086825e-01	0.000000e+00	1	1.214077e-03
1.584879e-01	8.053683e-01	0.000000e+00	1	1.122696e-03
1.548198e-01	8.087270e-01	0.000000e+00	1	1.094263e-03
1.537920e-01	8.098095e-01	0.000000e+00	1	1.087621e-03
1.502404e-01	8.112952e-01	0.000000e+00	1	1.057409e-03
1.601561e-01	8.024698e-01	0.000000e+00	1	1.016101e-03
1.602606e-01	8.024286e-01	0.000000e+00	1	1.016101e-03
1.429544e-01	8.218921e-01	0.000000e+00	1	9.887463e-04
1.429049e-01	8.224190e-01	0.000000e+00	1	9.887463e-04
1.429890e-01	8.216857e-01	0.000000e+00	1	9.887463e-04
1.584601e-01	8.055016e-01	0.000000e+00	1	9.778130e-04
1.545745e-01	8.090063e-01	0.000000e+00	1	9.516683e-04
1.536442e-01	8.103778e-01	0.000000e+00	1	9.516683e-04
1.553634e-01	8.085397e-01	0.000000e+00	1	9.516683e-04
1.540375e-01	8.094635e-01	0.000000e+00	1	9.516683e-04
1.540708e-01	8.094476e-01	0.000000e+00	1	9.516683e-04
1.542968e-01	8.091397e-01	0.000000e+00	1	9.516683e-04
1.489972e-01	8.126381e-01	0.000000e+00	1	9.379397e-04
1.490287e-01	8.124857e-01	0.000000e+00	1	8.987978e-04
1.489972e-01	8.126381e-01	0.000000e+00	1	8.987978e-04
1.536894e-01	8.102667e-01	0.000000e+00	1	8.692409e-04
1.536806e-01	8.102984e-01	0.000000e+00	1	8.692409e-04
1.583135e-01	8.063651e-01	0.000000e+00	1	8.296595e-04
1.548198e-01	8.087270e-01	0.000000e+00	1	8.232686e-04
1.442960e-01	8.205175e-01	0.000000e+00	1	8.114838e-04
1.443053e-01	8.202000e-01	0.000000e+00	1	8.114838e-04
1.501107e-01	8.114286e-01	0.000000e+00	1	7.727221e-04
1.501378e-01	8.113587e-01	0.000000e+00	1	7.727221e-04
1.548079e-01	8.088222e-01	0.000000e+00	1	7.306897e-04
1.537801e-01	8.099048e-01	0.000000e+00	1	7.306897e-04
1.546079e-01	8.089905e-01	0.000000e+00	1	7.306897e-04
1.542968e-01	8.091397e-01	0.000000e+00	1	7.306897e-04
1.543301e-01	8.091238e-01	0.000000e+00	1	7.306897e-04
1.450675e-01	8.191968e-01	0.000000e+00	1	7.247383e-04
1.446053e-01	8.199048e-01	0.000000e+00	1	7.247383e-04
1.584259e-01	8.056635e-01	0.000000e+00	1	7.034547e-04
1.584046e-01	8.056921e-01	0.000000e+00	1	7.034547e-04
1.442188e-01	8.207111e-01	0.000000e+00	1	6.384532e-04
1.445916e-01	8.199143e-01	0.000000e+00	1	6.272369e-04
1.453537e-01	8.189111e-01	0.000000e+00	1	6.252931e-04
1.584259e-01	8.056635e-01	0.000000e+00	1	6.083008e-04
1.583981e-01	8.059079e-01	0.000000e+00	1	5.837341e-04
1.600847e-01	8.025238e-01	0.000000e+00	1	5.657826e-04
1.600649e-01	8.025810e-01	0.000000e+00	1	5.657826e-04
1.543420e-01	8.090286e-01	0.000000e+00	1	5.471315e-04
1.583968e-01	8.059302e-01	0.000000e+00	1	5.471315e-04
1.441447e-01	8.207333e-01	0.000000e+00	1	5.471315e-04
1.442220e-01	8.205397e-01	0.000000e+00	1	5.471315e-04
1.441354e-01	8.210508e-01	0.000000e+00	1	5.471315e-04
1.487723e-01	8.135238e-01	0.000000e+00	1	5.287046e-04
1.604180e-01	8.021111e-01	0.000000e+00	1	4.902533e-04
1.596593e-01	8.027460e-01	0.000000e+00	1	4.902533e-04
1.604009e-01	8.022063e-01	0.000000e+00	1	4.902533e-04
1.480204e-01	8.153619e-01	0.000000e+00	1	4.758341e-04
1.480371e-01	8.152667e-01	0.000000e+00	1	4.758341e-04
1.484744e-01	8.145778e-01	0.000000e+00	1	4.663374e-04
1.537087e-01	8.101429e-01	0.000000e+00	1	4.614149e-04
1.449193e-01	8.192921e-01	0.000000e+00	1	4.183875e-04
1.450537e-01	8.192063e-01	0.000000e+00	1	3.927520e-04
1.446053e-01	8.199048e-01	0.000000e+00	1	3.927520e-04
1.450675e-01	8.191968e-01	0.000000e+00	1	3.927520e-04
1.545745e-01	8.090063e-01	0.000000e+00	1	3.908082e-04
1.548939e-01	8.085714e-01	0.000000e+00	1	3.908082e-04
1.501107e-01	8.114286e-01	0.000000e+00	1	3.908082e-04
1.547745e-01	8.088381e-01	0.000000e+00	1	3.908082e-04
1.540375e-01	8.094635e-01	0.000000e+00	1	3.908082e-04
1.540708e-01	8.094476e-01	0.000000e+00	1	3.908082e-04
1.553634e-01	8.085397e-01	0.000000e+00	1	3.908082e-04
1.553301e-01	8.085556e-01	0.000000e+00	1	3.908082e-04
1.537349e-01	8.100159e-01	0.000000e+00	1	3.398815e-04
1.548198e-01	8.087270e-01	0.000000e+00	1	3.398815e-04
1.543420e-01	8.090286e-01	0.000000e+00	1	3.398815e-04
1.538753e-01	8.096190e-01	0.000000e+00	1	3.398815e-04
1.538634e-01	8.097143e-01	0.000000e+00	1	3.398815e-04
1.553753e-01	8.084444e-01	0.000000e+00	1	3.398815e-04
1.548819e-01	8.086667e-01	0.000000e+00	1	3.398815e-04
1.546198e-01	8.088952e-01	0.000000e+00	1	3.398815e-04
1.440521e-01	8.213905e-01	0.000000e+00	1	2.643523e-04
1.441354e-01	8.210508e-01	0.000000e+00	1	2.643523e-04
1.440614e-01	8.210730e-01	0.000000e+00	1	2.643523e-04
1.441447e-01	8.207333e-01	0.000000e+00	1	2.643523e-04
1.429544e-01	8.218921e-01	0.000000e+00	1	2.643523e-04
1.536894e-01	8.102667e-01	0.000000e+00	1	2.522571e-04
1.429396e-01	8.222127e-01	0.000000e+00	1	2.362977e-04
1.429451e-01	8.222095e-01	0.000000e+00	1	2.362977e-04
1.525575e-01	8.103873e-01	0.000000e+00	1	2.344849e-04
1.536442e-01	8.103778e-01	0.000000e+00	1	2.344849e-04
1.584046e-01	8.056921e-01	0.000000e+00	1	1.847561e-04
1.479538e-01	8.155841e-01	0.000000e+00	1	1.563233e-04
1.444572e-01	8.200000e-01	0.000000e+00	1	1.057409e-04
1.449156e-01	8.193968e-01	0.000000e+00	1	1.057409e-04
1.442220e-01	8.205397e-01	0.000000e+00	1	9.132170e-05
1.536775e-01	8.103619e-01	0.000000e+00	1	8.762447e-05
1.585405e-01	8.053302e-01	0.000000e+00	1	8.540613e-05
1.604009e-01	8.022063e-01	0.000000e+00	1	0.000000e+00
1.585405e-01	8.053302e-01	0.000000e+00	1	0.000000e+00
1.537087e-01	8.101429e-01	0.000000e+00	1	0.000000e+00
1.475569e-01	8.178127e-01	0.000000e+00	1	0.000000e+00
1.472765e-01	8.179238e-01	0.000000e+00	1	0.000000e+00
1.502774e-01	8.111683e-01	0.000000e+00	1	0.000000e+00
1.478241e-01	8.159079e-01	0.000000e+00	1	0.000000e+00
1.589698e-01	8.036000e-01	0.000000e+00	1	0.000000e+00
1.450537e-01	8.192063e-01	0.000000e+00	1	0.000000e+00
1.472765e-01	8.179238e-01	0.000000e+00	1	0.000000e+00
1.447434e-01	8.197143e-01	0.000000e+00	1	0.000000e+00
1.488491e-01	8.132476e-01	0.000000e+00	1	0.000000e+00
1.445916e-01	8.199143e-01	0.000000e+00	1	0.000000e+00
1.538634e-01	8.097143e-01	0.000000e+00	1	0.000000e+00
1.543420e-01	8.090286e-01	0.000000e+00	1	0.000000e+00
1.471283e-01	8.180190e-01	0.000000e+00	1	0.000000e+00
1.585957e-01	8.044476e-01	0.000000e+00	1	0.000000e+00
1.492324e-01	8.120286e-01	0.000000e+00	1	0.000000e+00
1.467950e-01	8.183206e-01	0.000000e+00	1	0.000000e+00
1.584046e-01	8.056921e-01	0.000000e+00	1	0.000000e+00
1.537349e-01	8.100159e-01	0.000000e+00	1	0.000000e+00
1.450846e-01	8.191016e-01	0.000000e+00	1	0.000000e+00
1.498582e-01	8.114444e-01	0.000000e+00	1	0.000000e+00
1.589698e-01	8.036000e-01	0.000000e+00	1	0.000000e+00
1.484744e-01	8.145778e-01	0.000000e+00	1	0.000000e+00
1.446225e-01	8.198095e-01	0.000000e+00	1	0.000000e+00
1.600649e-01	8.025810e-01	0.000000e+00	1	0.000000e+00
1.469432e-01	8.182254e-01	0.000000e+00	1	0.000000e+00
1.429544e-01	8.218921e-01	0.000000e+00	1	0.000000e+00
1.548198e-01	8.087270e-01	0.000000e+00	1	0.000000e+00
1.590756e-01	8.033778e-01	0.000000e+00	1	0.000000e+00
1.495905e-01	8.115397e-01	0.000000e+00	1	0.000000e+00
1.489454e-01	8.126762e-01	0.000000e+00	1	0.000000e+00
1.487538e-01	8.139048e-01	0.000000e+00	1	0.000000e+00
1.540827e-01	8.093524e-01	0.000000e+00	1	0.000000e+00
1.543301e-01	8.091238e-01	0.000000e+00	1	0.000000e+00
1.479538e-01	8.155841e-01	0.000000e+00	1	0.000000e+00
1.483077e-01	8.147841e-01	0.000000e+00	1	0.000000e+00
1.540375e-01	8.094635e-01	0.000000e+00	1	0.000000e+00
1.443053e-01	8.202000e-01	0.000000e+00	1	0.000000e+00
1.525575e-01	8.103873e-01	0.000000e+00	1	0.000000e+00
1.541346e-01	8.092952e-01	0.000000e+00	1	0.000000e+00
1.469432e-01	8.182254e-01	0.000000e+00	1	0.000000e+00
1.446053e-01	8.199048e-01	0.000000e+00	1	0.000000e+00
1.584601e-01	8.055016e-01	0.000000e+00	1	0.000000e+00
1.502404e-01	8.112952e-01	0.000000e+00	1	0.000000e+00
1.467950e-01	8.183206e-01	0.000000e+00	1	0.000000e+00
1.604180e-01	8.021111e-01	0.000000e+00	1	0.000000e+00
1.453537e-01	8.189111e-01	0.000000e+00	1	0.000000e+00
1.477051e-01	8.177175e-01	0.000000e+00	1	0.000000e+00
1.586790e-01	8.040127e-01	0.000000e+00	1	0.000000e+00
1.488676e-01	8.128667e-01	0.000000e+00	1	0.000000e+00
1.548079e-01	8.088222e-01	0.000000e+00	1	0.000000e+00
1.444572e-01	8.200000e-01	0.000000e+00	1	0.000000e+00
1.484744e-01	8.145778e-01	0.000000e+00	1	0.000000e+00
1.495016e-01	8.116095e-01	0.000000e+00	1	0.000000e+00
1.585957e-01	8.044476e-01	0.000000e+00	1	0.000000e+00
1.536806e-01	8.102984e-01	0.000000e+00	1	0.000000e+00
1.536442e-01	8.103778e-01	0.000000e+00	1	0.000000e+00
1.583426e-01	8.060984e-01	0.000000e+00	1	0.000000e+00
1.450069e-01	8.192794e-01	0.000000e+00	1	0.000000e+00
1.600649e-01	8.025810e-01	0.000000e+00	1	0.000000e+00
1.502774e-01	8.111683e-01	0.000000e+00	1	0.000000e+00
1.509340e-01	8.106159e-01	0.000000e+00	1	0.000000e+00
1.445447e-01	8.199873e-01	0.000000e+00	1	0.000000e+00
1.548486e-01	8.086825e-01	0.000000e+00	1	0.000000e+00
1.596593e-01	8.027460e-01	0.000000e+00	1	0.000000e+00
1.537468e-01	8.099206e-01	0.000000e+00	1	0.000000e+00
1.429049e-01	8.224190e-01	0.000000e+00	1	0.000000e+00
1.448416e-01	8.194698e-01	0.000000e+00	1	0.000000e+00
1.490287e-01	8.124857e-01	0.000000e+00	1	0.000000e+00
1.542849e-01	8.092349e-01	0.000000e+00	1	0.000000e+00
1.542849e-01	8.092349e-01	0.000000e+00	1	0.000000e+00
1.492324e-01	8.120286e-01	0.000000e+00	1	0.000000e+00
1.583968e-01	8.059302e-01	0.000000e+00	1	0.000000e+00
1.429049e-01	8.224190e-01	0.000000e+00	1	0.000000e+00
1.450675e-01	8.191968e-01	0.000000e+00	1	0.000000e+00
1.584259e-01	8.056635e-01	0.000000e+00	1	0.000000e+00
1.484770e-01	8.142317e-01	0.000000e+00	1	0.000000e+00
1.487723e-01	8.135238e-01	0.000000e+00	1	0.000000e+00
1.453537e-01	8.189111e-01	0.000000e+00	1	0.000000e+00
1.472765e-01	8.179238e-01	0.000000e+00	1	0.000000e+00
1.543301e-01	8.091238e-01	0.000000e+00	1	0.000000e+00
1.488676e-01	8.128667e-01	0.000000e+00	1	0.000000e+00
1.440521e-01	8.213905e-01	0.000000e+00	1	0.000000e+00
1.482212e-01	8.149111e-01	0.000000e+00	1	0.000000e+00
1.484770e-01	8.142317e-01	0.000000e+00	1	0.000000e+00
1.504070e-01	8.110349e-01	0.000000e+00	1	0.000000e+00
1.441354e-01	8.210508e-01	0.000000e+00	1	0.000000e+00
1.601561e-01	8.024698e-01	0.000000e+00	1	0.000000e+00
1.536442e-01	8.103778e-01	0.000000e+00	1	0.000000e+00
1.589698e-01	8.036000e-01	0.000000e+00	1	0.000000e+00
1.583135e-01	8.063651e-01	0.000000e+00	1	0.000000e+00
1.491491e-01	8.122190e-01	0.000000e+00	1	0.000000e+00
Total execution time: 38043.944
