# This file contains the data of final feasible population (if found)
# of objectives = 2, # of constraints = 0, # of real_var = 0, # of bits of bin_var = 0, constr_violation, rank, crowding_distance
1.455000e+03	5.490000e+02	0.000000e+00	1	1.000000e+14
1.673000e+03	1.150000e+02	0.000000e+00	1	1.000000e+14
1.505000e+03	3.800000e+02	0.000000e+00	1	4.604067e-02
1.460000e+03	5.340000e+02	0.000000e+00	1	3.800786e-02
1.509000e+03	3.480000e+02	0.000000e+00	1	3.686636e-02
1.461000e+03	5.030000e+02	0.000000e+00	1	3.571429e-02
1.474000e+03	4.510000e+02	0.000000e+00	1	2.648713e-02
1.475000e+03	4.300000e+02	0.000000e+00	1	2.648713e-02
1.542000e+03	2.610000e+02	0.000000e+00	1	2.418298e-02
1.541000e+03	2.800000e+02	0.000000e+00	1	2.418298e-02
1.461000e+03	5.030000e+02	0.000000e+00	1	2.187883e-02
1.462000e+03	4.860000e+02	0.000000e+00	1	1.958525e-02
1.667000e+03	1.180000e+02	0.000000e+00	1	1.605505e-02
1.660000e+03	1.190000e+02	0.000000e+00	1	1.605505e-02
1.510000e+03	3.400000e+02	0.000000e+00	1	1.151017e-02
1.509000e+03	3.480000e+02	0.000000e+00	1	1.151017e-02
1.459000e+03	5.400000e+02	0.000000e+00	1	9.206020e-03
1.468000e+03	4.630000e+02	0.000000e+00	1	9.206020e-03
1.509000e+03	3.480000e+02	0.000000e+00	1	9.174312e-03
1.464000e+03	4.780000e+02	0.000000e+00	1	8.053947e-03
1.543000e+03	2.560000e+02	0.000000e+00	1	8.053947e-03
1.542000e+03	2.610000e+02	0.000000e+00	1	8.053947e-03
1.594000e+03	1.760000e+02	0.000000e+00	1	8.043377e-03
1.654000e+03	1.220000e+02	0.000000e+00	1	8.032808e-03
1.648000e+03	1.250000e+02	0.000000e+00	1	8.032808e-03
1.667000e+03	1.180000e+02	0.000000e+00	1	8.032808e-03
1.460000e+03	5.340000e+02	0.000000e+00	1	6.912442e-03
1.467000e+03	4.690000e+02	0.000000e+00	1	6.912442e-03
1.488000e+03	4.010000e+02	0.000000e+00	1	6.901873e-03
1.511000e+03	3.360000e+02	0.000000e+00	1	6.901873e-03
1.512000e+03	3.330000e+02	0.000000e+00	1	6.901873e-03
1.510000e+03	3.400000e+02	0.000000e+00	1	6.901873e-03
1.513000e+03	3.290000e+02	0.000000e+00	1	6.901873e-03
1.475000e+03	4.300000e+02	0.000000e+00	1	6.901873e-03
1.476000e+03	4.260000e+02	0.000000e+00	1	6.901873e-03
1.651000e+03	1.240000e+02	0.000000e+00	1	6.880734e-03
1.670000e+03	1.170000e+02	0.000000e+00	1	6.880734e-03
1.657000e+03	1.210000e+02	0.000000e+00	1	6.880734e-03
1.463000e+03	4.830000e+02	0.000000e+00	1	5.760369e-03
1.526000e+03	3.020000e+02	0.000000e+00	1	5.749799e-03
1.489000e+03	3.970000e+02	0.000000e+00	1	5.749799e-03
1.479000e+03	4.190000e+02	0.000000e+00	1	5.749799e-03
1.545000e+03	2.520000e+02	0.000000e+00	1	5.749799e-03
1.465000e+03	4.750000e+02	0.000000e+00	1	5.749799e-03
1.462000e+03	4.860000e+02	0.000000e+00	1	5.749799e-03
1.527000e+03	2.990000e+02	0.000000e+00	1	5.749799e-03
1.463000e+03	4.830000e+02	0.000000e+00	1	5.749799e-03
1.456000e+03	5.460000e+02	0.000000e+00	1	5.749799e-03
1.514000e+03	3.260000e+02	0.000000e+00	1	5.749799e-03
1.476000e+03	4.260000e+02	0.000000e+00	1	5.749799e-03
1.457000e+03	5.430000e+02	0.000000e+00	1	5.749799e-03
1.585000e+03	1.930000e+02	0.000000e+00	1	5.749799e-03
1.481000e+03	4.140000e+02	0.000000e+00	1	5.749799e-03
1.464000e+03	4.780000e+02	0.000000e+00	1	5.749799e-03
1.512000e+03	3.330000e+02	0.000000e+00	1	5.749799e-03
1.467000e+03	4.690000e+02	0.000000e+00	1	5.749799e-03
1.584000e+03	1.960000e+02	0.000000e+00	1	5.749799e-03
1.516000e+03	3.210000e+02	0.000000e+00	1	5.749799e-03
1.546000e+03	2.490000e+02	0.000000e+00	1	5.749799e-03
1.518000e+03	3.160000e+02	0.000000e+00	1	5.749799e-03
1.466000e+03	4.720000e+02	0.000000e+00	1	5.749799e-03
1.469000e+03	4.600000e+02	0.000000e+00	1	5.749799e-03
1.490000e+03	3.940000e+02	0.000000e+00	1	5.749799e-03
1.586000e+03	1.910000e+02	0.000000e+00	1	5.749799e-03
1.477000e+03	4.230000e+02	0.000000e+00	1	5.749799e-03
1.503000e+03	3.810000e+02	0.000000e+00	1	5.739230e-03
1.647000e+03	1.260000e+02	0.000000e+00	1	5.739230e-03
1.652000e+03	1.230000e+02	0.000000e+00	1	5.739230e-03
1.596000e+03	1.730000e+02	0.000000e+00	1	5.739230e-03
1.620000e+03	1.450000e+02	0.000000e+00	1	5.739230e-03
1.622000e+03	1.440000e+02	0.000000e+00	1	5.739230e-03
1.672000e+03	1.160000e+02	0.000000e+00	1	5.739230e-03
1.643000e+03	1.280000e+02	0.000000e+00	1	5.739230e-03
1.654000e+03	1.220000e+02	0.000000e+00	1	5.739230e-03
1.497000e+03	3.850000e+02	0.000000e+00	1	5.739230e-03
1.670000e+03	1.170000e+02	0.000000e+00	1	5.739230e-03
1.598000e+03	1.720000e+02	0.000000e+00	1	5.739230e-03
1.629000e+03	1.390000e+02	0.000000e+00	1	5.739230e-03
1.501000e+03	3.820000e+02	0.000000e+00	1	5.739230e-03
1.640000e+03	1.300000e+02	0.000000e+00	1	5.739230e-03
1.505000e+03	3.800000e+02	0.000000e+00	1	5.739230e-03
1.636000e+03	1.330000e+02	0.000000e+00	1	5.739230e-03
1.624000e+03	1.420000e+02	0.000000e+00	1	5.739230e-03
1.645000e+03	1.270000e+02	0.000000e+00	1	5.739230e-03
1.642000e+03	1.290000e+02	0.000000e+00	1	5.739230e-03
1.489000e+03	3.970000e+02	0.000000e+00	1	4.608295e-03
1.491000e+03	3.920000e+02	0.000000e+00	1	4.597725e-03
1.525000e+03	3.040000e+02	0.000000e+00	1	4.597725e-03
1.521000e+03	3.110000e+02	0.000000e+00	1	4.597725e-03
1.519000e+03	3.140000e+02	0.000000e+00	1	4.597725e-03
1.522000e+03	3.090000e+02	0.000000e+00	1	4.597725e-03
1.565000e+03	2.200000e+02	0.000000e+00	1	4.597725e-03
1.524000e+03	3.060000e+02	0.000000e+00	1	4.597725e-03
1.570000e+03	2.130000e+02	0.000000e+00	1	4.597725e-03
1.518000e+03	3.160000e+02	0.000000e+00	1	4.597725e-03
1.477000e+03	4.230000e+02	0.000000e+00	1	4.597725e-03
1.469000e+03	4.600000e+02	0.000000e+00	1	4.597725e-03
1.563000e+03	2.230000e+02	0.000000e+00	1	4.597725e-03
1.557000e+03	2.320000e+02	0.000000e+00	1	4.597725e-03
1.486000e+03	4.030000e+02	0.000000e+00	1	4.597725e-03
1.470000e+03	4.580000e+02	0.000000e+00	1	4.597725e-03
1.544000e+03	2.540000e+02	0.000000e+00	1	4.597725e-03
1.547000e+03	2.470000e+02	0.000000e+00	1	4.597725e-03
1.586000e+03	1.910000e+02	0.000000e+00	1	4.597725e-03
1.584000e+03	1.960000e+02	0.000000e+00	1	4.597725e-03
1.603000e+03	1.650000e+02	0.000000e+00	1	4.597725e-03
1.612000e+03	1.540000e+02	0.000000e+00	1	4.597725e-03
1.523000e+03	3.080000e+02	0.000000e+00	1	4.597725e-03
1.527000e+03	2.990000e+02	0.000000e+00	1	4.597725e-03
1.554000e+03	2.360000e+02	0.000000e+00	1	4.597725e-03
1.589000e+03	1.840000e+02	0.000000e+00	1	4.597725e-03
1.515000e+03	3.240000e+02	0.000000e+00	1	4.597725e-03
1.520000e+03	3.120000e+02	0.000000e+00	1	4.597725e-03
1.472000e+03	4.540000e+02	0.000000e+00	1	4.597725e-03
1.594000e+03	1.760000e+02	0.000000e+00	1	4.597725e-03
1.571000e+03	2.110000e+02	0.000000e+00	1	4.597725e-03
1.605000e+03	1.630000e+02	0.000000e+00	1	4.597725e-03
1.532000e+03	2.910000e+02	0.000000e+00	1	4.597725e-03
1.471000e+03	4.560000e+02	0.000000e+00	1	4.597725e-03
1.588000e+03	1.860000e+02	0.000000e+00	1	4.597725e-03
1.530000e+03	2.940000e+02	0.000000e+00	1	4.597725e-03
1.482000e+03	4.110000e+02	0.000000e+00	1	4.597725e-03
1.611000e+03	1.560000e+02	0.000000e+00	1	4.597725e-03
1.591000e+03	1.810000e+02	0.000000e+00	1	4.597725e-03
1.587000e+03	1.880000e+02	0.000000e+00	1	4.597725e-03
1.553000e+03	2.380000e+02	0.000000e+00	1	4.597725e-03
1.480000e+03	4.160000e+02	0.000000e+00	1	4.597725e-03
1.491000e+03	3.920000e+02	0.000000e+00	1	4.597725e-03
1.566000e+03	2.180000e+02	0.000000e+00	1	4.597725e-03
1.529000e+03	2.960000e+02	0.000000e+00	1	4.597725e-03
1.519000e+03	3.140000e+02	0.000000e+00	1	4.597725e-03
1.526000e+03	3.020000e+02	0.000000e+00	1	4.597725e-03
1.492000e+03	3.900000e+02	0.000000e+00	1	4.597725e-03
1.606000e+03	1.610000e+02	0.000000e+00	1	4.597725e-03
1.531000e+03	2.930000e+02	0.000000e+00	1	4.597725e-03
1.576000e+03	2.060000e+02	0.000000e+00	1	4.597725e-03
1.568000e+03	2.150000e+02	0.000000e+00	1	4.597725e-03
1.599000e+03	1.700000e+02	0.000000e+00	1	4.597725e-03
1.577000e+03	2.040000e+02	0.000000e+00	1	4.597725e-03
1.540000e+03	2.820000e+02	0.000000e+00	1	4.597725e-03
1.478000e+03	4.210000e+02	0.000000e+00	1	4.597725e-03
1.561000e+03	2.260000e+02	0.000000e+00	1	4.597725e-03
1.615000e+03	1.500000e+02	0.000000e+00	1	4.597725e-03
1.533000e+03	2.900000e+02	0.000000e+00	1	4.597725e-03
1.483000e+03	4.090000e+02	0.000000e+00	1	4.597725e-03
1.458000e+03	5.410000e+02	0.000000e+00	1	4.597725e-03
1.567000e+03	2.170000e+02	0.000000e+00	1	4.597725e-03
1.562000e+03	2.240000e+02	0.000000e+00	1	4.597725e-03
1.543000e+03	2.560000e+02	0.000000e+00	1	4.597725e-03
1.564000e+03	2.210000e+02	0.000000e+00	1	4.597725e-03
1.485000e+03	4.050000e+02	0.000000e+00	1	4.597725e-03
1.473000e+03	4.520000e+02	0.000000e+00	1	4.597725e-03
1.481000e+03	4.140000e+02	0.000000e+00	1	4.597725e-03
1.528000e+03	2.970000e+02	0.000000e+00	1	4.597725e-03
1.592000e+03	1.790000e+02	0.000000e+00	1	4.597725e-03
1.552000e+03	2.390000e+02	0.000000e+00	1	4.597725e-03
1.559000e+03	2.290000e+02	0.000000e+00	1	4.597725e-03
1.550000e+03	2.420000e+02	0.000000e+00	1	4.597725e-03
1.602000e+03	1.670000e+02	0.000000e+00	1	4.597725e-03
1.556000e+03	2.330000e+02	0.000000e+00	1	4.597725e-03
1.484000e+03	4.070000e+02	0.000000e+00	1	4.597725e-03
1.555000e+03	2.350000e+02	0.000000e+00	1	4.597725e-03
1.484000e+03	4.070000e+02	0.000000e+00	1	4.597725e-03
1.470000e+03	4.580000e+02	0.000000e+00	1	4.597725e-03
1.478000e+03	4.210000e+02	0.000000e+00	1	4.597725e-03
1.638000e+03	1.320000e+02	0.000000e+00	1	4.587156e-03
1.503000e+03	3.810000e+02	0.000000e+00	1	4.587156e-03
1.634000e+03	1.350000e+02	0.000000e+00	1	4.587156e-03
1.627000e+03	1.400000e+02	0.000000e+00	1	4.587156e-03
1.596000e+03	1.730000e+02	0.000000e+00	1	4.587156e-03
1.645000e+03	1.270000e+02	0.000000e+00	1	4.587156e-03
1.658000e+03	1.200000e+02	0.000000e+00	1	4.587156e-03
1.626000e+03	1.410000e+02	0.000000e+00	1	4.587156e-03
1.660000e+03	1.190000e+02	0.000000e+00	1	4.587156e-03
1.499000e+03	3.840000e+02	0.000000e+00	1	4.587156e-03
1.632000e+03	1.360000e+02	0.000000e+00	1	4.587156e-03
1.466000e+03	4.720000e+02	0.000000e+00	1	3.456221e-03
1.517000e+03	3.190000e+02	0.000000e+00	1	3.456221e-03
1.587000e+03	1.880000e+02	0.000000e+00	1	3.456221e-03
1.515000e+03	3.240000e+02	0.000000e+00	1	3.456221e-03
1.513000e+03	3.290000e+02	0.000000e+00	1	3.456221e-03
1.468000e+03	4.630000e+02	0.000000e+00	1	3.456221e-03
1.482000e+03	4.110000e+02	0.000000e+00	1	3.456221e-03
1.596000e+03	1.730000e+02	0.000000e+00	1	3.456221e-03
1.465000e+03	4.750000e+02	0.000000e+00	1	3.456221e-03
1.480000e+03	4.160000e+02	0.000000e+00	1	3.456221e-03
1.456000e+03	5.460000e+02	0.000000e+00	1	3.456221e-03
1.511000e+03	3.360000e+02	0.000000e+00	1	3.456221e-03
1.539000e+03	2.830000e+02	0.000000e+00	1	3.445652e-03
1.530000e+03	2.940000e+02	0.000000e+00	1	3.445652e-03
1.535000e+03	2.870000e+02	0.000000e+00	1	3.445652e-03
1.492000e+03	3.900000e+02	0.000000e+00	1	3.445652e-03
1.604000e+03	1.640000e+02	0.000000e+00	1	3.445652e-03
1.573000e+03	2.090000e+02	0.000000e+00	1	3.445652e-03
1.567000e+03	2.170000e+02	0.000000e+00	1	3.445652e-03
1.600000e+03	1.690000e+02	0.000000e+00	1	3.445652e-03
1.613000e+03	1.530000e+02	0.000000e+00	1	3.445652e-03
1.603000e+03	1.650000e+02	0.000000e+00	1	3.445652e-03
1.647000e+03	1.260000e+02	0.000000e+00	1	3.445652e-03
1.672000e+03	1.160000e+02	0.000000e+00	1	3.445652e-03
1.528000e+03	2.970000e+02	0.000000e+00	1	3.445652e-03
1.560000e+03	2.270000e+02	0.000000e+00	1	3.445652e-03
1.575000e+03	2.070000e+02	0.000000e+00	1	3.445652e-03
1.539000e+03	2.830000e+02	0.000000e+00	1	3.445652e-03
1.658000e+03	1.200000e+02	0.000000e+00	1	3.445652e-03
1.520000e+03	3.120000e+02	0.000000e+00	1	3.445652e-03
1.548000e+03	2.450000e+02	0.000000e+00	1	3.445652e-03
1.617000e+03	1.480000e+02	0.000000e+00	1	3.445652e-03
1.572000e+03	2.100000e+02	0.000000e+00	1	3.445652e-03
1.652000e+03	1.230000e+02	0.000000e+00	1	3.445652e-03
1.627000e+03	1.400000e+02	0.000000e+00	1	3.445652e-03
1.634000e+03	1.350000e+02	0.000000e+00	1	3.445652e-03
1.648000e+03	1.250000e+02	0.000000e+00	1	3.445652e-03
1.618000e+03	1.470000e+02	0.000000e+00	1	3.445652e-03
1.532000e+03	2.910000e+02	0.000000e+00	1	3.445652e-03
1.552000e+03	2.390000e+02	0.000000e+00	1	3.445652e-03
1.538000e+03	2.840000e+02	0.000000e+00	1	3.445652e-03
1.576000e+03	2.060000e+02	0.000000e+00	1	3.445652e-03
1.573000e+03	2.090000e+02	0.000000e+00	1	3.445652e-03
1.563000e+03	2.230000e+02	0.000000e+00	1	3.445652e-03
1.501000e+03	3.820000e+02	0.000000e+00	1	3.445652e-03
1.538000e+03	2.840000e+02	0.000000e+00	1	3.445652e-03
1.601000e+03	1.680000e+02	0.000000e+00	1	3.445652e-03
1.575000e+03	2.070000e+02	0.000000e+00	1	3.445652e-03
1.494000e+03	3.880000e+02	0.000000e+00	1	3.445652e-03
1.635000e+03	1.340000e+02	0.000000e+00	1	3.445652e-03
1.495000e+03	3.870000e+02	0.000000e+00	1	3.445652e-03
1.574000e+03	2.080000e+02	0.000000e+00	1	3.445652e-03
1.487000e+03	4.020000e+02	0.000000e+00	1	3.445652e-03
1.499000e+03	3.840000e+02	0.000000e+00	1	3.445652e-03
1.571000e+03	2.110000e+02	0.000000e+00	1	3.445652e-03
1.580000e+03	2.010000e+02	0.000000e+00	1	3.445652e-03
1.565000e+03	2.200000e+02	0.000000e+00	1	3.445652e-03
1.626000e+03	1.410000e+02	0.000000e+00	1	3.445652e-03
1.608000e+03	1.590000e+02	0.000000e+00	1	3.445652e-03
1.611000e+03	1.560000e+02	0.000000e+00	1	3.445652e-03
1.608000e+03	1.590000e+02	0.000000e+00	1	3.445652e-03
1.657000e+03	1.210000e+02	0.000000e+00	1	3.445652e-03
1.623000e+03	1.430000e+02	0.000000e+00	1	3.445652e-03
1.606000e+03	1.610000e+02	0.000000e+00	1	3.445652e-03
1.607000e+03	1.600000e+02	0.000000e+00	1	3.445652e-03
1.580000e+03	2.010000e+02	0.000000e+00	1	3.445652e-03
1.643000e+03	1.280000e+02	0.000000e+00	1	3.445652e-03
1.523000e+03	3.080000e+02	0.000000e+00	1	3.445652e-03
1.599000e+03	1.700000e+02	0.000000e+00	1	3.445652e-03
1.602000e+03	1.670000e+02	0.000000e+00	1	3.445652e-03
1.497000e+03	3.850000e+02	0.000000e+00	1	3.445652e-03
1.550000e+03	2.420000e+02	0.000000e+00	1	3.445652e-03
1.572000e+03	2.100000e+02	0.000000e+00	1	3.445652e-03
1.554000e+03	2.360000e+02	0.000000e+00	1	3.445652e-03
1.629000e+03	1.390000e+02	0.000000e+00	1	3.445652e-03
1.635000e+03	1.340000e+02	0.000000e+00	1	3.445652e-03
1.459000e+03	5.400000e+02	0.000000e+00	1	3.445652e-03
1.620000e+03	1.450000e+02	0.000000e+00	1	3.445652e-03
1.630000e+03	1.380000e+02	0.000000e+00	1	3.445652e-03
1.609000e+03	1.580000e+02	0.000000e+00	1	3.445652e-03
1.581000e+03	2.000000e+02	0.000000e+00	1	3.445652e-03
1.534000e+03	2.880000e+02	0.000000e+00	1	3.445652e-03
1.601000e+03	1.680000e+02	0.000000e+00	1	3.445652e-03
1.496000e+03	3.860000e+02	0.000000e+00	1	3.445652e-03
1.577000e+03	2.040000e+02	0.000000e+00	1	3.445652e-03
1.579000e+03	2.020000e+02	0.000000e+00	1	3.445652e-03
1.639000e+03	1.310000e+02	0.000000e+00	1	3.445652e-03
1.619000e+03	1.460000e+02	0.000000e+00	1	3.445652e-03
1.613000e+03	1.530000e+02	0.000000e+00	1	3.445652e-03
1.487000e+03	4.020000e+02	0.000000e+00	1	3.445652e-03
1.495000e+03	3.870000e+02	0.000000e+00	1	3.445652e-03
1.607000e+03	1.600000e+02	0.000000e+00	1	3.445652e-03
1.473000e+03	4.520000e+02	0.000000e+00	1	3.445652e-03
1.609000e+03	1.580000e+02	0.000000e+00	1	3.445652e-03
1.493000e+03	3.890000e+02	0.000000e+00	1	3.445652e-03
1.616000e+03	1.490000e+02	0.000000e+00	1	3.445652e-03
1.533000e+03	2.900000e+02	0.000000e+00	1	3.445652e-03
1.537000e+03	2.850000e+02	0.000000e+00	1	3.445652e-03
1.638000e+03	1.320000e+02	0.000000e+00	1	3.445652e-03
1.631000e+03	1.370000e+02	0.000000e+00	1	3.445652e-03
1.564000e+03	2.210000e+02	0.000000e+00	1	3.445652e-03
1.488000e+03	4.010000e+02	0.000000e+00	1	3.445652e-03
1.632000e+03	1.360000e+02	0.000000e+00	1	3.445652e-03
1.559000e+03	2.290000e+02	0.000000e+00	1	3.445652e-03
1.651000e+03	1.240000e+02	0.000000e+00	1	3.445652e-03
1.496000e+03	3.860000e+02	0.000000e+00	1	3.445652e-03
1.642000e+03	1.290000e+02	0.000000e+00	1	3.445652e-03
1.636000e+03	1.330000e+02	0.000000e+00	1	3.445652e-03
1.623000e+03	1.430000e+02	0.000000e+00	1	3.445652e-03
1.582000e+03	1.990000e+02	0.000000e+00	1	3.445652e-03
1.569000e+03	2.140000e+02	0.000000e+00	1	3.445652e-03
1.614000e+03	1.520000e+02	0.000000e+00	1	3.445652e-03
1.578000e+03	2.030000e+02	0.000000e+00	1	3.445652e-03
1.579000e+03	2.020000e+02	0.000000e+00	1	3.445652e-03
1.605000e+03	1.630000e+02	0.000000e+00	1	3.445652e-03
1.568000e+03	2.150000e+02	0.000000e+00	1	3.445652e-03
1.551000e+03	2.410000e+02	0.000000e+00	1	3.445652e-03
1.590000e+03	1.830000e+02	0.000000e+00	1	3.445652e-03
1.556000e+03	2.330000e+02	0.000000e+00	1	3.445652e-03
1.615000e+03	1.500000e+02	0.000000e+00	1	3.445652e-03
1.630000e+03	1.380000e+02	0.000000e+00	1	3.445652e-03
1.600000e+03	1.690000e+02	0.000000e+00	1	3.445652e-03
1.574000e+03	2.080000e+02	0.000000e+00	1	3.445652e-03
1.592000e+03	1.790000e+02	0.000000e+00	1	3.445652e-03
1.558000e+03	2.300000e+02	0.000000e+00	1	3.445652e-03
1.458000e+03	5.410000e+02	0.000000e+00	1	3.445652e-03
1.619000e+03	1.460000e+02	0.000000e+00	1	3.445652e-03
1.610000e+03	1.570000e+02	0.000000e+00	1	3.445652e-03
1.578000e+03	2.030000e+02	0.000000e+00	1	3.445652e-03
1.570000e+03	2.130000e+02	0.000000e+00	1	3.445652e-03
1.640000e+03	1.300000e+02	0.000000e+00	1	3.445652e-03
1.471000e+03	4.560000e+02	0.000000e+00	1	2.304147e-03
1.490000e+03	3.940000e+02	0.000000e+00	1	2.304147e-03
1.585000e+03	1.930000e+02	0.000000e+00	1	2.304147e-03
1.547000e+03	2.470000e+02	0.000000e+00	1	2.304147e-03
1.614000e+03	1.520000e+02	0.000000e+00	1	2.304147e-03
1.548000e+03	2.450000e+02	0.000000e+00	1	2.304147e-03
1.593000e+03	1.780000e+02	0.000000e+00	1	2.304147e-03
1.558000e+03	2.300000e+02	0.000000e+00	1	2.304147e-03
1.583000e+03	1.980000e+02	0.000000e+00	1	2.304147e-03
1.591000e+03	1.810000e+02	0.000000e+00	1	2.304147e-03
1.546000e+03	2.490000e+02	0.000000e+00	1	2.304147e-03
1.516000e+03	3.210000e+02	0.000000e+00	1	2.304147e-03
1.472000e+03	4.540000e+02	0.000000e+00	1	2.304147e-03
1.544000e+03	2.540000e+02	0.000000e+00	1	2.304147e-03
1.517000e+03	3.190000e+02	0.000000e+00	1	2.304147e-03
1.524000e+03	3.060000e+02	0.000000e+00	1	2.304147e-03
1.485000e+03	4.050000e+02	0.000000e+00	1	2.304147e-03
1.560000e+03	2.270000e+02	0.000000e+00	1	2.304147e-03
1.588000e+03	1.860000e+02	0.000000e+00	1	2.304147e-03
1.549000e+03	2.440000e+02	0.000000e+00	1	2.304147e-03
1.598000e+03	1.720000e+02	0.000000e+00	1	2.304147e-03
1.457000e+03	5.430000e+02	0.000000e+00	1	2.304147e-03
1.551000e+03	2.410000e+02	0.000000e+00	1	2.304147e-03
1.483000e+03	4.090000e+02	0.000000e+00	1	2.304147e-03
1.514000e+03	3.260000e+02	0.000000e+00	1	2.304147e-03
1.525000e+03	3.040000e+02	0.000000e+00	1	2.304147e-03
1.545000e+03	2.520000e+02	0.000000e+00	1	2.304147e-03
1.479000e+03	4.190000e+02	0.000000e+00	1	2.304147e-03
1.541000e+03	2.800000e+02	0.000000e+00	1	2.304147e-03
1.534000e+03	2.880000e+02	0.000000e+00	1	2.304147e-03
1.590000e+03	1.830000e+02	0.000000e+00	1	2.304147e-03
1.548000e+03	2.450000e+02	0.000000e+00	1	2.293578e-03
1.536000e+03	2.860000e+02	0.000000e+00	1	2.293578e-03
1.553000e+03	2.380000e+02	0.000000e+00	1	2.293578e-03
1.479000e+03	4.190000e+02	0.000000e+00	1	2.293578e-03
1.457000e+03	5.430000e+02	0.000000e+00	1	2.293578e-03
1.460000e+03	5.340000e+02	0.000000e+00	1	2.293578e-03
1.521000e+03	3.110000e+02	0.000000e+00	1	2.293578e-03
1.631000e+03	1.370000e+02	0.000000e+00	1	2.293578e-03
1.598000e+03	1.720000e+02	0.000000e+00	1	2.293578e-03
1.537000e+03	2.850000e+02	0.000000e+00	1	2.293578e-03
1.468000e+03	4.630000e+02	0.000000e+00	1	2.293578e-03
1.490000e+03	3.940000e+02	0.000000e+00	1	2.293578e-03
1.535000e+03	2.870000e+02	0.000000e+00	1	2.293578e-03
1.583000e+03	1.980000e+02	0.000000e+00	1	2.293578e-03
1.474000e+03	4.510000e+02	0.000000e+00	1	2.293578e-03
1.500000e+03	3.830000e+02	0.000000e+00	1	2.293578e-03
1.624000e+03	1.420000e+02	0.000000e+00	1	2.293578e-03
1.547000e+03	2.470000e+02	0.000000e+00	1	2.293578e-03
1.590000e+03	1.830000e+02	0.000000e+00	1	2.293578e-03
1.544000e+03	2.540000e+02	0.000000e+00	1	2.293578e-03
1.582000e+03	1.990000e+02	0.000000e+00	1	2.293578e-03
1.562000e+03	2.240000e+02	0.000000e+00	1	2.293578e-03
1.462000e+03	4.860000e+02	0.000000e+00	1	2.293578e-03
1.480000e+03	4.160000e+02	0.000000e+00	1	2.293578e-03
1.673000e+03	1.150000e+02	0.000000e+00	1	2.293578e-03
1.522000e+03	3.090000e+02	0.000000e+00	1	2.293578e-03
1.561000e+03	2.260000e+02	0.000000e+00	1	2.293578e-03
1.546000e+03	2.490000e+02	0.000000e+00	1	2.293578e-03
1.500000e+03	3.830000e+02	0.000000e+00	1	2.293578e-03
1.555000e+03	2.350000e+02	0.000000e+00	1	2.293578e-03
1.545000e+03	2.520000e+02	0.000000e+00	1	2.293578e-03
1.513000e+03	3.290000e+02	0.000000e+00	1	2.293578e-03
1.524000e+03	3.060000e+02	0.000000e+00	1	2.293578e-03
1.618000e+03	1.470000e+02	0.000000e+00	1	2.293578e-03
1.549000e+03	2.440000e+02	0.000000e+00	1	2.293578e-03
1.489000e+03	3.970000e+02	0.000000e+00	1	2.293578e-03
1.536000e+03	2.860000e+02	0.000000e+00	1	2.293578e-03
1.515000e+03	3.240000e+02	0.000000e+00	1	2.293578e-03
1.456000e+03	5.460000e+02	0.000000e+00	1	2.293578e-03
1.587000e+03	1.880000e+02	0.000000e+00	1	2.293578e-03
1.494000e+03	3.880000e+02	0.000000e+00	1	2.293578e-03
1.639000e+03	1.310000e+02	0.000000e+00	1	2.293578e-03
1.455000e+03	5.490000e+02	0.000000e+00	1	2.293578e-03
1.493000e+03	3.890000e+02	0.000000e+00	1	2.293578e-03
1.569000e+03	2.140000e+02	0.000000e+00	1	2.293578e-03
1.617000e+03	1.480000e+02	0.000000e+00	1	2.293578e-03
1.610000e+03	1.570000e+02	0.000000e+00	1	2.293578e-03
1.614000e+03	1.520000e+02	0.000000e+00	1	2.293578e-03
1.585000e+03	1.930000e+02	0.000000e+00	1	2.293578e-03
1.485000e+03	4.050000e+02	0.000000e+00	1	2.293578e-03
1.622000e+03	1.440000e+02	0.000000e+00	1	2.293578e-03
1.591000e+03	1.810000e+02	0.000000e+00	1	2.293578e-03
1.461000e+03	5.030000e+02	0.000000e+00	1	2.293578e-03
1.514000e+03	3.260000e+02	0.000000e+00	1	2.293578e-03
1.516000e+03	3.210000e+02	0.000000e+00	1	2.293578e-03
1.593000e+03	1.780000e+02	0.000000e+00	1	2.293578e-03
1.517000e+03	3.190000e+02	0.000000e+00	1	2.293578e-03
1.612000e+03	1.540000e+02	0.000000e+00	1	2.293578e-03
1.483000e+03	4.090000e+02	0.000000e+00	1	2.293578e-03
1.540000e+03	2.820000e+02	0.000000e+00	1	2.293578e-03
1.589000e+03	1.840000e+02	0.000000e+00	1	2.293578e-03
1.531000e+03	2.930000e+02	0.000000e+00	1	2.293578e-03
1.472000e+03	4.540000e+02	0.000000e+00	1	2.293578e-03
1.517000e+03	3.190000e+02	0.000000e+00	1	2.293578e-03
1.482000e+03	4.110000e+02	0.000000e+00	1	2.293578e-03
1.463000e+03	4.830000e+02	0.000000e+00	1	2.293578e-03
1.471000e+03	4.560000e+02	0.000000e+00	1	2.293578e-03
1.560000e+03	2.270000e+02	0.000000e+00	1	2.293578e-03
1.557000e+03	2.320000e+02	0.000000e+00	1	2.293578e-03
1.525000e+03	3.040000e+02	0.000000e+00	1	2.293578e-03
1.465000e+03	4.750000e+02	0.000000e+00	1	2.293578e-03
1.583000e+03	1.980000e+02	0.000000e+00	1	2.293578e-03
1.466000e+03	4.720000e+02	0.000000e+00	1	2.293578e-03
1.593000e+03	1.780000e+02	0.000000e+00	1	2.293578e-03
1.616000e+03	1.490000e+02	0.000000e+00	1	2.293578e-03
1.558000e+03	2.300000e+02	0.000000e+00	1	2.293578e-03
1.549000e+03	2.440000e+02	0.000000e+00	1	2.293578e-03
1.588000e+03	1.860000e+02	0.000000e+00	1	2.293578e-03
1.486000e+03	4.030000e+02	0.000000e+00	1	2.293578e-03
1.566000e+03	2.180000e+02	0.000000e+00	1	2.293578e-03
1.551000e+03	2.410000e+02	0.000000e+00	1	2.293578e-03
1.581000e+03	2.000000e+02	0.000000e+00	1	2.293578e-03
1.541000e+03	2.800000e+02	0.000000e+00	1	2.293578e-03
1.467000e+03	4.690000e+02	0.000000e+00	1	2.293578e-03
1.604000e+03	1.640000e+02	0.000000e+00	1	2.293578e-03
1.534000e+03	2.880000e+02	0.000000e+00	1	2.293578e-03
1.511000e+03	3.360000e+02	0.000000e+00	1	2.293578e-03
1.529000e+03	2.960000e+02	0.000000e+00	1	2.293578e-03
1.604000e+03	1.640000e+02	0.000000e+00	1	1.152074e-03
1.474000e+03	4.510000e+02	0.000000e+00	1	1.152074e-03
1.557000e+03	2.320000e+02	0.000000e+00	1	1.152074e-03
1.660000e+03	1.190000e+02	0.000000e+00	1	1.152074e-03
1.500000e+03	3.830000e+02	0.000000e+00	1	1.152074e-03
1.529000e+03	2.960000e+02	0.000000e+00	1	1.152074e-03
1.535000e+03	2.870000e+02	0.000000e+00	1	1.152074e-03
1.658000e+03	1.200000e+02	0.000000e+00	1	1.152074e-03
1.537000e+03	2.850000e+02	0.000000e+00	1	1.152074e-03
1.536000e+03	2.860000e+02	0.000000e+00	1	1.152074e-03
1.616000e+03	1.490000e+02	0.000000e+00	1	1.152074e-03
1.582000e+03	1.990000e+02	0.000000e+00	1	1.152074e-03
1.500000e+03	3.830000e+02	0.000000e+00	1	1.152074e-03
1.634000e+03	1.350000e+02	0.000000e+00	1	1.152074e-03
1.645000e+03	1.270000e+02	0.000000e+00	1	1.152074e-03
1.657000e+03	1.210000e+02	0.000000e+00	1	1.152074e-03
1.667000e+03	1.180000e+02	0.000000e+00	1	1.152074e-03
1.531000e+03	2.930000e+02	0.000000e+00	1	1.152074e-03
1.503000e+03	3.810000e+02	0.000000e+00	1	1.152074e-03
1.589000e+03	1.840000e+02	0.000000e+00	1	1.152074e-03
1.660000e+03	1.190000e+02	0.000000e+00	1	1.152074e-03
1.561000e+03	2.260000e+02	0.000000e+00	1	1.152074e-03
1.569000e+03	2.140000e+02	0.000000e+00	1	1.152074e-03
1.486000e+03	4.030000e+02	0.000000e+00	1	1.152074e-03
1.618000e+03	1.470000e+02	0.000000e+00	1	1.152074e-03
1.610000e+03	1.570000e+02	0.000000e+00	1	1.152074e-03
1.622000e+03	1.440000e+02	0.000000e+00	1	1.152074e-03
1.555000e+03	2.350000e+02	0.000000e+00	1	1.152074e-03
1.626000e+03	1.410000e+02	0.000000e+00	1	1.152074e-03
1.499000e+03	3.840000e+02	0.000000e+00	1	1.152074e-03
1.536000e+03	2.860000e+02	0.000000e+00	1	1.152074e-03
1.493000e+03	3.890000e+02	0.000000e+00	1	1.152074e-03
1.549000e+03	2.440000e+02	0.000000e+00	1	1.152074e-03
1.522000e+03	3.090000e+02	0.000000e+00	1	1.152074e-03
1.566000e+03	2.180000e+02	0.000000e+00	1	1.152074e-03
1.631000e+03	1.370000e+02	0.000000e+00	1	1.152074e-03
1.638000e+03	1.320000e+02	0.000000e+00	1	1.152074e-03
1.562000e+03	2.240000e+02	0.000000e+00	1	1.152074e-03
1.593000e+03	1.780000e+02	0.000000e+00	1	1.152074e-03
1.617000e+03	1.480000e+02	0.000000e+00	1	1.152074e-03
1.632000e+03	1.360000e+02	0.000000e+00	1	1.152074e-03
1.670000e+03	1.170000e+02	0.000000e+00	1	1.152074e-03
1.612000e+03	1.540000e+02	0.000000e+00	1	1.152074e-03
1.627000e+03	1.400000e+02	0.000000e+00	1	1.152074e-03
1.521000e+03	3.110000e+02	0.000000e+00	1	1.152074e-03
1.673000e+03	1.150000e+02	0.000000e+00	1	1.152074e-03
1.624000e+03	1.420000e+02	0.000000e+00	1	1.152074e-03
1.583000e+03	1.980000e+02	0.000000e+00	1	1.152074e-03
1.651000e+03	1.240000e+02	0.000000e+00	1	1.152074e-03
1.553000e+03	2.380000e+02	0.000000e+00	1	1.152074e-03
1.540000e+03	2.820000e+02	0.000000e+00	1	1.152074e-03
1.581000e+03	2.000000e+02	0.000000e+00	1	1.152074e-03
1.639000e+03	1.310000e+02	0.000000e+00	1	1.152074e-03
1.494000e+03	3.880000e+02	0.000000e+00	1	1.152074e-03
1.599000e+03	1.700000e+02	0.000000e+00	1	0.000000e+00
1.510000e+03	3.400000e+02	0.000000e+00	1	0.000000e+00
1.500000e+03	3.830000e+02	0.000000e+00	1	0.000000e+00
1.548000e+03	2.450000e+02	0.000000e+00	1	0.000000e+00
1.567000e+03	2.170000e+02	0.000000e+00	1	0.000000e+00
1.534000e+03	2.880000e+02	0.000000e+00	1	0.000000e+00
1.515000e+03	3.240000e+02	0.000000e+00	1	0.000000e+00
1.491000e+03	3.920000e+02	0.000000e+00	1	0.000000e+00
1.518000e+03	3.160000e+02	0.000000e+00	1	0.000000e+00
1.549000e+03	2.440000e+02	0.000000e+00	1	0.000000e+00
1.523000e+03	3.080000e+02	0.000000e+00	1	0.000000e+00
1.640000e+03	1.300000e+02	0.000000e+00	1	0.000000e+00
1.629000e+03	1.390000e+02	0.000000e+00	1	0.000000e+00
1.612000e+03	1.540000e+02	0.000000e+00	1	0.000000e+00
1.575000e+03	2.070000e+02	0.000000e+00	1	0.000000e+00
1.509000e+03	3.480000e+02	0.000000e+00	1	0.000000e+00
1.463000e+03	4.830000e+02	0.000000e+00	1	0.000000e+00
1.571000e+03	2.110000e+02	0.000000e+00	1	0.000000e+00
1.618000e+03	1.470000e+02	0.000000e+00	1	0.000000e+00
1.588000e+03	1.860000e+02	0.000000e+00	1	0.000000e+00
Total execution time: 259016.582
