# This file contains the data of final feasible population (if found)
# of objectives = 2, # of constraints = 0, # of real_var = 0, # of bits of bin_var = 0, constr_violation, rank, crowding_distance
1.467610e-01	8.227841e-01	0.000000e+00	1	1.000000e+14
1.549344e-01	7.981587e-01	0.000000e+00	1	1.000000e+14
1.493967e-01	8.168095e-01	0.000000e+00	1	2.311606e-01
1.501534e-01	8.077048e-01	0.000000e+00	1	2.311606e-01
1.537289e-01	7.983746e-01	0.000000e+00	1	5.223706e-02
1.545775e-01	7.983587e-01	0.000000e+00	1	5.191477e-02
1.473067e-01	8.217429e-01	0.000000e+00	1	3.867475e-02
1.473146e-01	8.198381e-01	0.000000e+00	1	3.867475e-02
1.506834e-01	8.045714e-01	0.000000e+00	1	3.396522e-02
1.530500e-01	7.997333e-01	0.000000e+00	1	3.318215e-02
1.525076e-01	7.997905e-01	0.000000e+00	1	3.318215e-02
1.545775e-01	7.983587e-01	0.000000e+00	1	2.589392e-02
1.505359e-01	8.058000e-01	0.000000e+00	1	2.494521e-02
1.534562e-01	7.985810e-01	0.000000e+00	1	2.132473e-02
1.537289e-01	7.983746e-01	0.000000e+00	1	2.087353e-02
1.508496e-01	8.037143e-01	0.000000e+00	1	1.940183e-02
1.509014e-01	8.027587e-01	0.000000e+00	1	1.940183e-02
1.487918e-01	8.173143e-01	0.000000e+00	1	1.828695e-02
1.490908e-01	8.173111e-01	0.000000e+00	1	1.828695e-02
1.523229e-01	7.999016e-01	0.000000e+00	1	1.810937e-02
1.520774e-01	8.000540e-01	0.000000e+00	1	1.501539e-02
1.533784e-01	7.988095e-01	0.000000e+00	1	1.165496e-02
1.470221e-01	8.224286e-01	0.000000e+00	1	1.140793e-02
1.468356e-01	8.225365e-01	0.000000e+00	1	1.140793e-02
1.515430e-01	8.011270e-01	0.000000e+00	1	1.033030e-02
1.532247e-01	7.993778e-01	0.000000e+00	1	9.609710e-03
1.533784e-01	7.988095e-01	0.000000e+00	1	9.188545e-03
1.506988e-01	8.042222e-01	0.000000e+00	1	9.098601e-03
1.505359e-01	8.058000e-01	0.000000e+00	1	9.020006e-03
1.530802e-01	7.994159e-01	0.000000e+00	1	8.836215e-03
1.486571e-01	8.173302e-01	0.000000e+00	1	8.561185e-03
1.472367e-01	8.220476e-01	0.000000e+00	1	8.422760e-03
1.518423e-01	8.006762e-01	0.000000e+00	1	8.414841e-03
1.505359e-01	8.058000e-01	0.000000e+00	1	8.398867e-03
1.503373e-01	8.064635e-01	0.000000e+00	1	8.398867e-03
1.504114e-01	8.062730e-01	0.000000e+00	1	8.398867e-03
1.493967e-01	8.168095e-01	0.000000e+00	1	8.238895e-03
1.483238e-01	8.174571e-01	0.000000e+00	1	8.238895e-03
1.484585e-01	8.174413e-01	0.000000e+00	1	8.238895e-03
1.492620e-01	8.168254e-01	0.000000e+00	1	8.238895e-03
1.480574e-01	8.179302e-01	0.000000e+00	1	8.238895e-03
1.487918e-01	8.173143e-01	0.000000e+00	1	8.238895e-03
1.479227e-01	8.179460e-01	0.000000e+00	1	8.238895e-03
1.491273e-01	8.172698e-01	0.000000e+00	1	8.211092e-03
1.509496e-01	8.022190e-01	0.000000e+00	1	7.945728e-03
1.478344e-01	8.182127e-01	0.000000e+00	1	7.744525e-03
1.530525e-01	7.997016e-01	0.000000e+00	1	7.496070e-03
1.470967e-01	8.221810e-01	0.000000e+00	1	7.165719e-03
1.475331e-01	8.191016e-01	0.000000e+00	1	7.090370e-03
1.506834e-01	8.045714e-01	0.000000e+00	1	7.090370e-03
1.475645e-01	8.187524e-01	0.000000e+00	1	7.090370e-03
1.509014e-01	8.027587e-01	0.000000e+00	1	7.090370e-03
1.509168e-01	8.024095e-01	0.000000e+00	1	7.090370e-03
1.533040e-01	7.991492e-01	0.000000e+00	1	6.896996e-03
1.476010e-01	8.187111e-01	0.000000e+00	1	6.811312e-03
1.518692e-01	8.003429e-01	0.000000e+00	1	6.768080e-03
1.518928e-01	8.001651e-01	0.000000e+00	1	6.668333e-03
1.484585e-01	8.174413e-01	0.000000e+00	1	6.648584e-03
1.477979e-01	8.182540e-01	0.000000e+00	1	6.639214e-03
1.476894e-01	8.184444e-01	0.000000e+00	1	6.639214e-03
1.503254e-01	8.066540e-01	0.000000e+00	1	6.486266e-03
1.502826e-01	8.066730e-01	0.000000e+00	1	6.486266e-03
1.507983e-01	8.040730e-01	0.000000e+00	1	6.478894e-03
1.491302e-01	8.169556e-01	0.000000e+00	1	6.381333e-03
1.472002e-01	8.220889e-01	0.000000e+00	1	6.327766e-03
1.485619e-01	8.174190e-01	0.000000e+00	1	6.326295e-03
1.473067e-01	8.217429e-01	0.000000e+00	1	6.187959e-03
1.516139e-01	8.008317e-01	0.000000e+00	1	5.994586e-03
1.520274e-01	8.000921e-01	0.000000e+00	1	5.953700e-03
1.514083e-01	8.012000e-01	0.000000e+00	1	5.953700e-03
1.481403e-01	8.178127e-01	0.000000e+00	1	5.908901e-03
1.514930e-01	8.011651e-01	0.000000e+00	1	5.889242e-03
1.524576e-01	7.998286e-01	0.000000e+00	1	5.889242e-03
1.519428e-01	8.001270e-01	0.000000e+00	1	5.889242e-03
1.509168e-01	8.024095e-01	0.000000e+00	1	5.875705e-03
1.530802e-01	7.994159e-01	0.000000e+00	1	5.801212e-03
1.467975e-01	8.227429e-01	0.000000e+00	1	5.586612e-03
1.470586e-01	8.223873e-01	0.000000e+00	1	5.586612e-03
1.517446e-01	8.007206e-01	0.000000e+00	1	5.478759e-03
1.508167e-01	8.038095e-01	0.000000e+00	1	5.350006e-03
1.510163e-01	8.021651e-01	0.000000e+00	1	5.238496e-03
1.523729e-01	7.998635e-01	0.000000e+00	1	5.180205e-03
1.510676e-01	8.019175e-01	0.000000e+00	1	5.174038e-03
1.516805e-01	8.007778e-01	0.000000e+00	1	5.174038e-03
1.474410e-01	8.192540e-01	0.000000e+00	1	5.162707e-03
1.508496e-01	8.037143e-01	0.000000e+00	1	5.104693e-03
1.510347e-01	8.021079e-01	0.000000e+00	1	4.996362e-03
1.533040e-01	7.991492e-01	0.000000e+00	1	4.855063e-03
1.532247e-01	7.993778e-01	0.000000e+00	1	4.855063e-03
1.534562e-01	7.985810e-01	0.000000e+00	1	4.757962e-03
1.532247e-01	7.993778e-01	0.000000e+00	1	4.640969e-03
1.533040e-01	7.991492e-01	0.000000e+00	1	4.640969e-03
1.518152e-01	8.007048e-01	0.000000e+00	1	4.640806e-03
1.501688e-01	8.073556e-01	0.000000e+00	1	4.595734e-03
1.501807e-01	8.071651e-01	0.000000e+00	1	4.595734e-03
1.501966e-01	8.070540e-01	0.000000e+00	1	4.595734e-03
1.504619e-01	8.059905e-01	0.000000e+00	1	4.595734e-03
1.478862e-01	8.179873e-01	0.000000e+00	1	4.576512e-03
1.476528e-01	8.184857e-01	0.000000e+00	1	4.576512e-03
1.486206e-01	8.173714e-01	0.000000e+00	1	4.558144e-03
1.533040e-01	7.991492e-01	0.000000e+00	1	4.547576e-03
1.504619e-01	8.059905e-01	0.000000e+00	1	4.531392e-03
1.502085e-01	8.068635e-01	0.000000e+00	1	4.531392e-03
1.502826e-01	8.066730e-01	0.000000e+00	1	4.531392e-03
1.491667e-01	8.169143e-01	0.000000e+00	1	4.429228e-03
1.516139e-01	8.008317e-01	0.000000e+00	1	4.335719e-03
1.472367e-01	8.220476e-01	0.000000e+00	1	4.284226e-03
1.473067e-01	8.217429e-01	0.000000e+00	1	4.284226e-03
1.517446e-01	8.007206e-01	0.000000e+00	1	4.242668e-03
1.511593e-01	8.017302e-01	0.000000e+00	1	4.241726e-03
1.525076e-01	7.997905e-01	0.000000e+00	1	4.218932e-03
1.534562e-01	7.985810e-01	0.000000e+00	1	4.189764e-03
1.507872e-01	8.040889e-01	0.000000e+00	1	4.172039e-03
1.501653e-01	8.075143e-01	0.000000e+00	1	4.080350e-03
1.511342e-01	8.018635e-01	0.000000e+00	1	4.078253e-03
1.516139e-01	8.008317e-01	0.000000e+00	1	4.078253e-03
1.549344e-01	7.981587e-01	0.000000e+00	1	4.060848e-03
1.476010e-01	8.187111e-01	0.000000e+00	1	4.005967e-03
1.516805e-01	8.007778e-01	0.000000e+00	1	3.920379e-03
1.503373e-01	8.064635e-01	0.000000e+00	1	3.867475e-03
1.513255e-01	8.014286e-01	0.000000e+00	1	3.867475e-03
1.502085e-01	8.068635e-01	0.000000e+00	1	3.867475e-03
1.510676e-01	8.019175e-01	0.000000e+00	1	3.867475e-03
1.501534e-01	8.077048e-01	0.000000e+00	1	3.867475e-03
1.476894e-01	8.184444e-01	0.000000e+00	1	3.867475e-03
1.502085e-01	8.068635e-01	0.000000e+00	1	3.867475e-03
1.513583e-01	8.012381e-01	0.000000e+00	1	3.867475e-03
1.504619e-01	8.059905e-01	0.000000e+00	1	3.867475e-03
1.477979e-01	8.182540e-01	0.000000e+00	1	3.867475e-03
1.511593e-01	8.017302e-01	0.000000e+00	1	3.867475e-03
1.511921e-01	8.015397e-01	0.000000e+00	1	3.867475e-03
1.504500e-01	8.061810e-01	0.000000e+00	1	3.867475e-03
1.524576e-01	7.998286e-01	0.000000e+00	1	3.832185e-03
1.520774e-01	8.000540e-01	0.000000e+00	1	3.832185e-03
1.512588e-01	8.014857e-01	0.000000e+00	1	3.832185e-03
1.481473e-01	8.176317e-01	0.000000e+00	1	3.674101e-03
1.474775e-01	8.192127e-01	0.000000e+00	1	3.652874e-03
1.518692e-01	8.003429e-01	0.000000e+00	1	3.609643e-03
1.492254e-01	8.168667e-01	0.000000e+00	1	3.591276e-03
1.482286e-01	8.175460e-01	0.000000e+00	1	3.591276e-03
1.482873e-01	8.174984e-01	0.000000e+00	1	3.591276e-03
1.485619e-01	8.174190e-01	0.000000e+00	1	3.591276e-03
1.474029e-01	8.194603e-01	0.000000e+00	1	3.480358e-03
1.473511e-01	8.197968e-01	0.000000e+00	1	3.447441e-03
1.507316e-01	8.041270e-01	0.000000e+00	1	3.398544e-03
1.470602e-01	8.222222e-01	0.000000e+00	1	3.351811e-03
1.473527e-01	8.196317e-01	0.000000e+00	1	3.351811e-03
1.467991e-01	8.225778e-01	0.000000e+00	1	3.351811e-03
1.501966e-01	8.070540e-01	0.000000e+00	1	3.227039e-03
1.501807e-01	8.071651e-01	0.000000e+00	1	3.227039e-03
1.501653e-01	8.075143e-01	0.000000e+00	1	3.222895e-03
1.501688e-01	8.073556e-01	0.000000e+00	1	3.222895e-03
1.492254e-01	8.168667e-01	0.000000e+00	1	3.201669e-03
1.482873e-01	8.174984e-01	0.000000e+00	1	3.201669e-03
1.509014e-01	8.027587e-01	0.000000e+00	1	3.170956e-03
1.476528e-01	8.184857e-01	0.000000e+00	1	3.168014e-03
1.478862e-01	8.179873e-01	0.000000e+00	1	3.168014e-03
1.474082e-01	8.194095e-01	0.000000e+00	1	3.158438e-03
1.520774e-01	8.000540e-01	0.000000e+00	1	3.093980e-03
1.474410e-01	8.192540e-01	0.000000e+00	1	3.072753e-03
1.473511e-01	8.197968e-01	0.000000e+00	1	3.072753e-03
1.478344e-01	8.182127e-01	0.000000e+00	1	3.072753e-03
1.483238e-01	8.174571e-01	0.000000e+00	1	3.072753e-03
1.476528e-01	8.184857e-01	0.000000e+00	1	3.072753e-03
1.468356e-01	8.225365e-01	0.000000e+00	1	3.072753e-03
1.470602e-01	8.222222e-01	0.000000e+00	1	3.072753e-03
1.482286e-01	8.175460e-01	0.000000e+00	1	3.072753e-03
1.475331e-01	8.191016e-01	0.000000e+00	1	3.072753e-03
1.508167e-01	8.038095e-01	0.000000e+00	1	3.062624e-03
1.512421e-01	8.015016e-01	0.000000e+00	1	3.058690e-03
1.511921e-01	8.015397e-01	0.000000e+00	1	3.058690e-03
1.519428e-01	8.001270e-01	0.000000e+00	1	3.058690e-03
1.513583e-01	8.012381e-01	0.000000e+00	1	3.058690e-03
1.513088e-01	8.014476e-01	0.000000e+00	1	3.058690e-03
1.520274e-01	8.000921e-01	0.000000e+00	1	3.058690e-03
1.515430e-01	8.011270e-01	0.000000e+00	1	3.058690e-03
1.523229e-01	7.999016e-01	0.000000e+00	1	3.058690e-03
1.514930e-01	8.011651e-01	0.000000e+00	1	3.058690e-03
1.514083e-01	8.012000e-01	0.000000e+00	1	3.058690e-03
1.523729e-01	7.998635e-01	0.000000e+00	1	3.058690e-03
1.506988e-01	8.042222e-01	0.000000e+00	1	2.874873e-03
1.511342e-01	8.018635e-01	0.000000e+00	1	2.707232e-03
1.473892e-01	8.195905e-01	0.000000e+00	1	2.642774e-03
1.504500e-01	8.061810e-01	0.000000e+00	1	2.597539e-03
1.474965e-01	8.191429e-01	0.000000e+00	1	2.581818e-03
1.479227e-01	8.179460e-01	0.000000e+00	1	2.557090e-03
1.504500e-01	8.061810e-01	0.000000e+00	1	2.361326e-03
1.504114e-01	8.062730e-01	0.000000e+00	1	2.361326e-03
1.486571e-01	8.173302e-01	0.000000e+00	1	2.234800e-03
1.475645e-01	8.187524e-01	0.000000e+00	1	2.234800e-03
1.481037e-01	8.178540e-01	0.000000e+00	1	2.234800e-03
1.480955e-01	8.178571e-01	0.000000e+00	1	2.234800e-03
1.473146e-01	8.198381e-01	0.000000e+00	1	2.234800e-03
1.486206e-01	8.173714e-01	0.000000e+00	1	2.234800e-03
1.478862e-01	8.179873e-01	0.000000e+00	1	2.234800e-03
1.480590e-01	8.178984e-01	0.000000e+00	1	2.234800e-03
1.472002e-01	8.220889e-01	0.000000e+00	1	2.234800e-03
1.470221e-01	8.224286e-01	0.000000e+00	1	2.234800e-03
1.467610e-01	8.227841e-01	0.000000e+00	1	2.234800e-03
1.481838e-01	8.175905e-01	0.000000e+00	1	2.234800e-03
1.481920e-01	8.175873e-01	0.000000e+00	1	2.234800e-03
1.467991e-01	8.225778e-01	0.000000e+00	1	2.234800e-03
1.481473e-01	8.176317e-01	0.000000e+00	1	2.234800e-03
1.492620e-01	8.168254e-01	0.000000e+00	1	2.234800e-03
1.477979e-01	8.182540e-01	0.000000e+00	1	2.234800e-03
1.470967e-01	8.221810e-01	0.000000e+00	1	2.234800e-03
1.491302e-01	8.169556e-01	0.000000e+00	1	2.234800e-03
1.474965e-01	8.191429e-01	0.000000e+00	1	2.234800e-03
1.476894e-01	8.184444e-01	0.000000e+00	1	2.234800e-03
1.491667e-01	8.169143e-01	0.000000e+00	1	2.234800e-03
1.518928e-01	8.001651e-01	0.000000e+00	1	2.216320e-03
1.468356e-01	8.225365e-01	0.000000e+00	1	2.191569e-03
1.470221e-01	8.224286e-01	0.000000e+00	1	2.191569e-03
1.511593e-01	8.017302e-01	0.000000e+00	1	2.008231e-03
1.508167e-01	8.038095e-01	0.000000e+00	1	2.008231e-03
1.509496e-01	8.022190e-01	0.000000e+00	1	2.008231e-03
1.513583e-01	8.012381e-01	0.000000e+00	1	2.008231e-03
1.507316e-01	8.041270e-01	0.000000e+00	1	2.008231e-03
1.510347e-01	8.021079e-01	0.000000e+00	1	2.008231e-03
1.510676e-01	8.019175e-01	0.000000e+00	1	2.008231e-03
1.513255e-01	8.014286e-01	0.000000e+00	1	2.008231e-03
1.511921e-01	8.015397e-01	0.000000e+00	1	2.008231e-03
1.508496e-01	8.037143e-01	0.000000e+00	1	2.008231e-03
1.474082e-01	8.194095e-01	0.000000e+00	1	2.004270e-03
1.474775e-01	8.192127e-01	0.000000e+00	1	2.001697e-03
1.507316e-01	8.041270e-01	0.000000e+00	1	1.933737e-03
1.475645e-01	8.187524e-01	0.000000e+00	1	1.922899e-03
1.475331e-01	8.191016e-01	0.000000e+00	1	1.922899e-03
1.504114e-01	8.062730e-01	0.000000e+00	1	1.869279e-03
1.470967e-01	8.221810e-01	0.000000e+00	1	1.869279e-03
1.472002e-01	8.220889e-01	0.000000e+00	1	1.869279e-03
1.490974e-01	8.172762e-01	0.000000e+00	1	1.829759e-03
1.530802e-01	7.994159e-01	0.000000e+00	1	1.694858e-03
1.518152e-01	8.007048e-01	0.000000e+00	1	1.655701e-03
1.518423e-01	8.006762e-01	0.000000e+00	1	1.655701e-03
1.518692e-01	8.003429e-01	0.000000e+00	1	1.646761e-03
1.511342e-01	8.018635e-01	0.000000e+00	1	1.534494e-03
1.473701e-01	8.196159e-01	0.000000e+00	1	1.488976e-03
1.518692e-01	8.003429e-01	0.000000e+00	1	1.442825e-03
1.513088e-01	8.014476e-01	0.000000e+00	1	1.406311e-03
1.474029e-01	8.194603e-01	0.000000e+00	1	1.357487e-03
1.473892e-01	8.195905e-01	0.000000e+00	1	1.353247e-03
1.481920e-01	8.175873e-01	0.000000e+00	1	1.339643e-03
1.481037e-01	8.178540e-01	0.000000e+00	1	1.339643e-03
1.473892e-01	8.195905e-01	0.000000e+00	1	1.166686e-03
1.530500e-01	7.997333e-01	0.000000e+00	1	1.160242e-03
1.510347e-01	8.021079e-01	0.000000e+00	1	1.160242e-03
1.516805e-01	8.007778e-01	0.000000e+00	1	1.160242e-03
1.510163e-01	8.021651e-01	0.000000e+00	1	1.128887e-03
1.490908e-01	8.173111e-01	0.000000e+00	1	1.114078e-03
1.511342e-01	8.018635e-01	0.000000e+00	1	1.095784e-03
1.510163e-01	8.021651e-01	0.000000e+00	1	1.095784e-03
1.509496e-01	8.022190e-01	0.000000e+00	1	1.095784e-03
1.516139e-01	8.008317e-01	0.000000e+00	1	1.095784e-03
1.473701e-01	8.196159e-01	0.000000e+00	1	1.068114e-03
1.473527e-01	8.196317e-01	0.000000e+00	1	1.068114e-03
1.474082e-01	8.194095e-01	0.000000e+00	1	1.031327e-03
1.512588e-01	8.014857e-01	0.000000e+00	1	1.019563e-03
1.512421e-01	8.015016e-01	0.000000e+00	1	1.019563e-03
1.513255e-01	8.014286e-01	0.000000e+00	1	1.019563e-03
1.491302e-01	8.169556e-01	0.000000e+00	1	1.015972e-03
1.482286e-01	8.175460e-01	0.000000e+00	1	9.668686e-04
1.491667e-01	8.169143e-01	0.000000e+00	1	9.668686e-04
1.485619e-01	8.174190e-01	0.000000e+00	1	9.668686e-04
1.506834e-01	8.045714e-01	0.000000e+00	1	9.411354e-04
1.509168e-01	8.024095e-01	0.000000e+00	1	9.411354e-04
1.509014e-01	8.027587e-01	0.000000e+00	1	9.411354e-04
1.470586e-01	8.223873e-01	0.000000e+00	1	9.335829e-04
1.467975e-01	8.227429e-01	0.000000e+00	1	9.335829e-04
1.479227e-01	8.179460e-01	0.000000e+00	1	8.379528e-04
1.472002e-01	8.220889e-01	0.000000e+00	1	8.379528e-04
1.470221e-01	8.224286e-01	0.000000e+00	1	8.379528e-04
1.473146e-01	8.198381e-01	0.000000e+00	1	8.379528e-04
1.492254e-01	8.168667e-01	0.000000e+00	1	8.379528e-04
1.474965e-01	8.191429e-01	0.000000e+00	1	8.379528e-04
1.481473e-01	8.176317e-01	0.000000e+00	1	8.379528e-04
1.478862e-01	8.179873e-01	0.000000e+00	1	8.379528e-04
1.467991e-01	8.225778e-01	0.000000e+00	1	8.379528e-04
1.480590e-01	8.178984e-01	0.000000e+00	1	8.379528e-04
1.480955e-01	8.178571e-01	0.000000e+00	1	8.379528e-04
1.475645e-01	8.187524e-01	0.000000e+00	1	8.379528e-04
1.482873e-01	8.174984e-01	0.000000e+00	1	8.379528e-04
1.492620e-01	8.168254e-01	0.000000e+00	1	8.379528e-04
1.481403e-01	8.178127e-01	0.000000e+00	1	8.379528e-04
1.481838e-01	8.175905e-01	0.000000e+00	1	8.379528e-04
1.472367e-01	8.220476e-01	0.000000e+00	1	8.379528e-04
1.486571e-01	8.173302e-01	0.000000e+00	1	8.379528e-04
1.476894e-01	8.184444e-01	0.000000e+00	1	8.379528e-04
1.467610e-01	8.227841e-01	0.000000e+00	1	8.379528e-04
1.477979e-01	8.182540e-01	0.000000e+00	1	8.379528e-04
1.486206e-01	8.173714e-01	0.000000e+00	1	8.379528e-04
1.530525e-01	7.997016e-01	0.000000e+00	1	7.986057e-04
1.530500e-01	7.997333e-01	0.000000e+00	1	7.986057e-04
1.523229e-01	7.999016e-01	0.000000e+00	1	7.734949e-04
1.514930e-01	8.011651e-01	0.000000e+00	1	7.734949e-04
1.523729e-01	7.998635e-01	0.000000e+00	1	7.734949e-04
1.519428e-01	8.001270e-01	0.000000e+00	1	7.734949e-04
1.512421e-01	8.015016e-01	0.000000e+00	1	7.734949e-04
1.511921e-01	8.015397e-01	0.000000e+00	1	7.734949e-04
1.507316e-01	8.041270e-01	0.000000e+00	1	7.734949e-04
1.530802e-01	7.994159e-01	0.000000e+00	1	7.734949e-04
1.525076e-01	7.997905e-01	0.000000e+00	1	7.734949e-04
1.515430e-01	8.011270e-01	0.000000e+00	1	7.734949e-04
1.513583e-01	8.012381e-01	0.000000e+00	1	7.734949e-04
1.513088e-01	8.014476e-01	0.000000e+00	1	7.734949e-04
1.501534e-01	8.077048e-01	0.000000e+00	1	7.282595e-04
1.503254e-01	8.066540e-01	0.000000e+00	1	7.282595e-04
1.503373e-01	8.064635e-01	0.000000e+00	1	7.282595e-04
1.501653e-01	8.075143e-01	0.000000e+00	1	7.282595e-04
1.502085e-01	8.068635e-01	0.000000e+00	1	7.282595e-04
1.514083e-01	8.012000e-01	0.000000e+00	1	7.090370e-04
1.520274e-01	8.000921e-01	0.000000e+00	1	7.090370e-04
1.490974e-01	8.172762e-01	0.000000e+00	1	7.090370e-04
1.523729e-01	7.998635e-01	0.000000e+00	1	7.090370e-04
1.507983e-01	8.040730e-01	0.000000e+00	1	6.797089e-04
1.507872e-01	8.040889e-01	0.000000e+00	1	6.797089e-04
1.480574e-01	8.179302e-01	0.000000e+00	1	6.445791e-04
1.480590e-01	8.178984e-01	0.000000e+00	1	6.445791e-04
1.518152e-01	8.007048e-01	0.000000e+00	1	5.801212e-04
1.518423e-01	8.006762e-01	0.000000e+00	1	5.801212e-04
1.480955e-01	8.178571e-01	0.000000e+00	1	5.661478e-04
1.473701e-01	8.196159e-01	0.000000e+00	1	5.156633e-04
1.481838e-01	8.175905e-01	0.000000e+00	1	5.016899e-04
1.473146e-01	8.198381e-01	0.000000e+00	1	4.787160e-04
1.473067e-01	8.217429e-01	0.000000e+00	1	4.787160e-04
1.484585e-01	8.174413e-01	0.000000e+00	1	4.512054e-04
1.485619e-01	8.174190e-01	0.000000e+00	1	4.512054e-04
1.481403e-01	8.178127e-01	0.000000e+00	1	4.315235e-04
1.481473e-01	8.176317e-01	0.000000e+00	1	4.315235e-04
1.480574e-01	8.179302e-01	0.000000e+00	1	4.189381e-04
1.490974e-01	8.172762e-01	0.000000e+00	1	4.050413e-04
1.513255e-01	8.014286e-01	0.000000e+00	1	3.867475e-04
1.503254e-01	8.066540e-01	0.000000e+00	1	3.867475e-04
1.502826e-01	8.066730e-01	0.000000e+00	1	3.867475e-04
1.474082e-01	8.194095e-01	0.000000e+00	1	3.261607e-04
1.507983e-01	8.040730e-01	0.000000e+00	1	3.222895e-04
1.473527e-01	8.196317e-01	0.000000e+00	1	3.222895e-04
1.493967e-01	8.168095e-01	0.000000e+00	1	3.222895e-04
1.483238e-01	8.174571e-01	0.000000e+00	1	3.222895e-04
1.512588e-01	8.014857e-01	0.000000e+00	1	3.222895e-04
1.512421e-01	8.015016e-01	0.000000e+00	1	3.222895e-04
1.545775e-01	7.983587e-01	0.000000e+00	1	3.222895e-04
1.492620e-01	8.168254e-01	0.000000e+00	1	3.222895e-04
1.507872e-01	8.040889e-01	0.000000e+00	1	3.222895e-04
1.487918e-01	8.173143e-01	0.000000e+00	1	3.222895e-04
1.501688e-01	8.073556e-01	0.000000e+00	1	2.128759e-04
1.491273e-01	8.172698e-01	0.000000e+00	1	1.780190e-04
1.491273e-01	8.172698e-01	0.000000e+00	1	1.289158e-04
1.490974e-01	8.172762e-01	0.000000e+00	1	1.289158e-04
1.480590e-01	8.178984e-01	0.000000e+00	1	9.664858e-05
1.470602e-01	8.222222e-01	0.000000e+00	1	9.563004e-05
1.473527e-01	8.196317e-01	0.000000e+00	1	9.563004e-05
1.467991e-01	8.225778e-01	0.000000e+00	1	9.563004e-05
1.481838e-01	8.175905e-01	0.000000e+00	1	6.445791e-05
1.481037e-01	8.178540e-01	0.000000e+00	1	6.445791e-05
1.481920e-01	8.175873e-01	0.000000e+00	1	6.445791e-05
1.490908e-01	8.173111e-01	0.000000e+00	1	6.445791e-05
1.487918e-01	8.173143e-01	0.000000e+00	1	6.445791e-05
1.530802e-01	7.994159e-01	0.000000e+00	1	0.000000e+00
1.491302e-01	8.169556e-01	0.000000e+00	1	0.000000e+00
1.532247e-01	7.993778e-01	0.000000e+00	1	0.000000e+00
1.490974e-01	8.172762e-01	0.000000e+00	1	0.000000e+00
1.473146e-01	8.198381e-01	0.000000e+00	1	0.000000e+00
1.481920e-01	8.175873e-01	0.000000e+00	1	0.000000e+00
1.508167e-01	8.038095e-01	0.000000e+00	1	0.000000e+00
1.482873e-01	8.174984e-01	0.000000e+00	1	0.000000e+00
1.511921e-01	8.015397e-01	0.000000e+00	1	0.000000e+00
1.523729e-01	7.998635e-01	0.000000e+00	1	0.000000e+00
1.478344e-01	8.182127e-01	0.000000e+00	1	0.000000e+00
1.467975e-01	8.227429e-01	0.000000e+00	1	0.000000e+00
1.473146e-01	8.198381e-01	0.000000e+00	1	0.000000e+00
1.478862e-01	8.179873e-01	0.000000e+00	1	0.000000e+00
1.530802e-01	7.994159e-01	0.000000e+00	1	0.000000e+00
1.491302e-01	8.169556e-01	0.000000e+00	1	0.000000e+00
1.518692e-01	8.003429e-01	0.000000e+00	1	0.000000e+00
1.474410e-01	8.192540e-01	0.000000e+00	1	0.000000e+00
1.510347e-01	8.021079e-01	0.000000e+00	1	0.000000e+00
1.501807e-01	8.071651e-01	0.000000e+00	1	0.000000e+00
1.487918e-01	8.173143e-01	0.000000e+00	1	0.000000e+00
1.482873e-01	8.174984e-01	0.000000e+00	1	0.000000e+00
1.474082e-01	8.194095e-01	0.000000e+00	1	0.000000e+00
1.481403e-01	8.178127e-01	0.000000e+00	1	0.000000e+00
1.481037e-01	8.178540e-01	0.000000e+00	1	0.000000e+00
1.537289e-01	7.983746e-01	0.000000e+00	1	0.000000e+00
1.470586e-01	8.223873e-01	0.000000e+00	1	0.000000e+00
1.478862e-01	8.179873e-01	0.000000e+00	1	0.000000e+00
1.481920e-01	8.175873e-01	0.000000e+00	1	0.000000e+00
1.513583e-01	8.012381e-01	0.000000e+00	1	0.000000e+00
1.492620e-01	8.168254e-01	0.000000e+00	1	0.000000e+00
1.490908e-01	8.173111e-01	0.000000e+00	1	0.000000e+00
1.473067e-01	8.217429e-01	0.000000e+00	1	0.000000e+00
1.512421e-01	8.015016e-01	0.000000e+00	1	0.000000e+00
1.511921e-01	8.015397e-01	0.000000e+00	1	0.000000e+00
1.511921e-01	8.015397e-01	0.000000e+00	1	0.000000e+00
1.520274e-01	8.000921e-01	0.000000e+00	1	0.000000e+00
1.510347e-01	8.021079e-01	0.000000e+00	1	0.000000e+00
1.486571e-01	8.173302e-01	0.000000e+00	1	0.000000e+00
1.486206e-01	8.173714e-01	0.000000e+00	1	0.000000e+00
1.505359e-01	8.058000e-01	0.000000e+00	1	0.000000e+00
1.530802e-01	7.994159e-01	0.000000e+00	1	0.000000e+00
1.478862e-01	8.179873e-01	0.000000e+00	1	0.000000e+00
1.511593e-01	8.017302e-01	0.000000e+00	1	0.000000e+00
1.501534e-01	8.077048e-01	0.000000e+00	1	0.000000e+00
1.470602e-01	8.222222e-01	0.000000e+00	1	0.000000e+00
1.508167e-01	8.038095e-01	0.000000e+00	1	0.000000e+00
1.511593e-01	8.017302e-01	0.000000e+00	1	0.000000e+00
1.473701e-01	8.196159e-01	0.000000e+00	1	0.000000e+00
1.530500e-01	7.997333e-01	0.000000e+00	1	0.000000e+00
1.480955e-01	8.178571e-01	0.000000e+00	1	0.000000e+00
1.509168e-01	8.024095e-01	0.000000e+00	1	0.000000e+00
1.492254e-01	8.168667e-01	0.000000e+00	1	0.000000e+00
1.508167e-01	8.038095e-01	0.000000e+00	1	0.000000e+00
1.514930e-01	8.011651e-01	0.000000e+00	1	0.000000e+00
1.486571e-01	8.173302e-01	0.000000e+00	1	0.000000e+00
1.486206e-01	8.173714e-01	0.000000e+00	1	0.000000e+00
1.483238e-01	8.174571e-01	0.000000e+00	1	0.000000e+00
1.520774e-01	8.000540e-01	0.000000e+00	1	0.000000e+00
1.510347e-01	8.021079e-01	0.000000e+00	1	0.000000e+00
1.511921e-01	8.015397e-01	0.000000e+00	1	0.000000e+00
1.467610e-01	8.227841e-01	0.000000e+00	1	0.000000e+00
1.472002e-01	8.220889e-01	0.000000e+00	1	0.000000e+00
1.549344e-01	7.981587e-01	0.000000e+00	1	0.000000e+00
1.510676e-01	8.019175e-01	0.000000e+00	1	0.000000e+00
1.482873e-01	8.174984e-01	0.000000e+00	1	0.000000e+00
1.502826e-01	8.066730e-01	0.000000e+00	1	0.000000e+00
1.491302e-01	8.169556e-01	0.000000e+00	1	0.000000e+00
1.481920e-01	8.175873e-01	0.000000e+00	1	0.000000e+00
1.472367e-01	8.220476e-01	0.000000e+00	1	0.000000e+00
1.486206e-01	8.173714e-01	0.000000e+00	1	0.000000e+00
1.512421e-01	8.015016e-01	0.000000e+00	1	0.000000e+00
1.530802e-01	7.994159e-01	0.000000e+00	1	0.000000e+00
1.501966e-01	8.070540e-01	0.000000e+00	1	0.000000e+00
1.479227e-01	8.179460e-01	0.000000e+00	1	0.000000e+00
1.503373e-01	8.064635e-01	0.000000e+00	1	0.000000e+00
1.519428e-01	8.001270e-01	0.000000e+00	1	0.000000e+00
1.509168e-01	8.024095e-01	0.000000e+00	1	0.000000e+00
1.504500e-01	8.061810e-01	0.000000e+00	1	0.000000e+00
1.481037e-01	8.178540e-01	0.000000e+00	1	0.000000e+00
1.501534e-01	8.077048e-01	0.000000e+00	1	0.000000e+00
1.506988e-01	8.042222e-01	0.000000e+00	1	0.000000e+00
1.480574e-01	8.179302e-01	0.000000e+00	1	0.000000e+00
1.493967e-01	8.168095e-01	0.000000e+00	1	0.000000e+00
1.483238e-01	8.174571e-01	0.000000e+00	1	0.000000e+00
1.513583e-01	8.012381e-01	0.000000e+00	1	0.000000e+00
1.534562e-01	7.985810e-01	0.000000e+00	1	0.000000e+00
1.530500e-01	7.997333e-01	0.000000e+00	1	0.000000e+00
1.478862e-01	8.179873e-01	0.000000e+00	1	0.000000e+00
1.483238e-01	8.174571e-01	0.000000e+00	1	0.000000e+00
1.515430e-01	8.011270e-01	0.000000e+00	1	0.000000e+00
1.478862e-01	8.179873e-01	0.000000e+00	1	0.000000e+00
1.503254e-01	8.066540e-01	0.000000e+00	1	0.000000e+00
1.470586e-01	8.223873e-01	0.000000e+00	1	0.000000e+00
1.474410e-01	8.192540e-01	0.000000e+00	1	0.000000e+00
1.480590e-01	8.178984e-01	0.000000e+00	1	0.000000e+00
1.510163e-01	8.021651e-01	0.000000e+00	1	0.000000e+00
1.549344e-01	7.981587e-01	0.000000e+00	1	0.000000e+00
1.474410e-01	8.192540e-01	0.000000e+00	1	0.000000e+00
1.516139e-01	8.008317e-01	0.000000e+00	1	0.000000e+00
1.501653e-01	8.075143e-01	0.000000e+00	1	0.000000e+00
1.474410e-01	8.192540e-01	0.000000e+00	1	0.000000e+00
1.518423e-01	8.006762e-01	0.000000e+00	1	0.000000e+00
1.470586e-01	8.223873e-01	0.000000e+00	1	0.000000e+00
1.510676e-01	8.019175e-01	0.000000e+00	1	0.000000e+00
1.473146e-01	8.198381e-01	0.000000e+00	1	0.000000e+00
1.504500e-01	8.061810e-01	0.000000e+00	1	0.000000e+00
1.491302e-01	8.169556e-01	0.000000e+00	1	0.000000e+00
1.510347e-01	8.021079e-01	0.000000e+00	1	0.000000e+00
1.509496e-01	8.022190e-01	0.000000e+00	1	0.000000e+00
1.504500e-01	8.061810e-01	0.000000e+00	1	0.000000e+00
1.482873e-01	8.174984e-01	0.000000e+00	1	0.000000e+00
1.502085e-01	8.068635e-01	0.000000e+00	1	0.000000e+00
1.481838e-01	8.175905e-01	0.000000e+00	1	0.000000e+00
1.481920e-01	8.175873e-01	0.000000e+00	1	0.000000e+00
1.474775e-01	8.192127e-01	0.000000e+00	1	0.000000e+00
1.470221e-01	8.224286e-01	0.000000e+00	1	0.000000e+00
1.467610e-01	8.227841e-01	0.000000e+00	1	0.000000e+00
1.511921e-01	8.015397e-01	0.000000e+00	1	0.000000e+00
1.478862e-01	8.179873e-01	0.000000e+00	1	0.000000e+00
1.487918e-01	8.173143e-01	0.000000e+00	1	0.000000e+00
1.501966e-01	8.070540e-01	0.000000e+00	1	0.000000e+00
1.473146e-01	8.198381e-01	0.000000e+00	1	0.000000e+00
1.473067e-01	8.217429e-01	0.000000e+00	1	0.000000e+00
1.492620e-01	8.168254e-01	0.000000e+00	1	0.000000e+00
1.492620e-01	8.168254e-01	0.000000e+00	1	0.000000e+00
1.508167e-01	8.038095e-01	0.000000e+00	1	0.000000e+00
1.501807e-01	8.071651e-01	0.000000e+00	1	0.000000e+00
1.475645e-01	8.187524e-01	0.000000e+00	1	0.000000e+00
1.481838e-01	8.175905e-01	0.000000e+00	1	0.000000e+00
1.477979e-01	8.182540e-01	0.000000e+00	1	0.000000e+00
1.481473e-01	8.176317e-01	0.000000e+00	1	0.000000e+00
1.549344e-01	7.981587e-01	0.000000e+00	1	0.000000e+00
1.487918e-01	8.173143e-01	0.000000e+00	1	0.000000e+00
1.519428e-01	8.001270e-01	0.000000e+00	1	0.000000e+00
1.503373e-01	8.064635e-01	0.000000e+00	1	0.000000e+00
1.520274e-01	8.000921e-01	0.000000e+00	1	0.000000e+00
1.470602e-01	8.222222e-01	0.000000e+00	1	0.000000e+00
1.504114e-01	8.062730e-01	0.000000e+00	1	0.000000e+00
1.506834e-01	8.045714e-01	0.000000e+00	1	0.000000e+00
1.520274e-01	8.000921e-01	0.000000e+00	1	0.000000e+00
1.512421e-01	8.015016e-01	0.000000e+00	1	0.000000e+00
Total execution time: 39543.651
