# This file contains the data of final feasible population (if found)
# of objectives = 2, # of constraints = 0, # of real_var = 0, # of bits of bin_var = 0, constr_violation, rank, crowding_distance
1.762000e+03	1.010000e+02	0.000000e+00	1	1.000000e+14
1.484000e+03	5.170000e+02	0.000000e+00	1	1.000000e+14
1.561000e+03	3.800000e+02	0.000000e+00	1	1.015582e-01
1.562000e+03	2.970000e+02	0.000000e+00	1	9.975962e-02
1.716000e+03	1.020000e+02	0.000000e+00	1	8.273381e-02
1.499000e+03	4.780000e+02	0.000000e+00	1	2.102933e-02
1.498000e+03	4.940000e+02	0.000000e+00	1	2.102933e-02
1.563000e+03	2.870000e+02	0.000000e+00	1	1.381779e-02
1.562000e+03	2.970000e+02	0.000000e+00	1	1.381779e-02
1.532000e+03	4.380000e+02	0.000000e+00	1	1.261587e-02
1.572000e+03	2.520000e+02	0.000000e+00	1	1.141395e-02
1.573000e+03	2.440000e+02	0.000000e+00	1	1.141395e-02
1.533000e+03	4.290000e+02	0.000000e+00	1	1.081731e-02
1.567000e+03	2.670000e+02	0.000000e+00	1	1.021202e-02
1.712000e+03	1.030000e+02	0.000000e+00	1	1.019473e-02
1.565000e+03	2.790000e+02	0.000000e+00	1	9.615385e-03
1.566000e+03	2.710000e+02	0.000000e+00	1	9.615385e-03
1.707000e+03	1.040000e+02	0.000000e+00	1	8.992806e-03
1.568000e+03	2.600000e+02	0.000000e+00	1	8.413462e-03
1.712000e+03	1.030000e+02	0.000000e+00	1	8.396168e-03
1.716000e+03	1.020000e+02	0.000000e+00	1	8.396168e-03
1.571000e+03	2.530000e+02	0.000000e+00	1	7.808177e-03
1.570000e+03	2.580000e+02	0.000000e+00	1	7.808177e-03
1.564000e+03	2.820000e+02	0.000000e+00	1	7.808177e-03
1.707000e+03	1.040000e+02	0.000000e+00	1	7.194245e-03
1.703000e+03	1.050000e+02	0.000000e+00	1	7.194245e-03
1.484000e+03	5.170000e+02	0.000000e+00	1	6.606253e-03
1.534000e+03	4.250000e+02	0.000000e+00	1	6.606253e-03
1.576000e+03	2.360000e+02	0.000000e+00	1	6.606253e-03
1.485000e+03	5.130000e+02	0.000000e+00	1	6.606253e-03
1.500000e+03	4.750000e+02	0.000000e+00	1	6.606253e-03
1.566000e+03	2.710000e+02	0.000000e+00	1	6.606253e-03
1.650000e+03	1.440000e+02	0.000000e+00	1	6.597607e-03
1.653000e+03	1.430000e+02	0.000000e+00	1	6.597607e-03
1.563000e+03	2.870000e+02	0.000000e+00	1	6.009615e-03
1.512000e+03	4.570000e+02	0.000000e+00	1	6.000968e-03
1.489000e+03	5.070000e+02	0.000000e+00	1	6.000968e-03
1.487000e+03	5.090000e+02	0.000000e+00	1	6.000968e-03
1.573000e+03	2.440000e+02	0.000000e+00	1	5.404330e-03
1.574000e+03	2.410000e+02	0.000000e+00	1	5.404330e-03
1.577000e+03	2.340000e+02	0.000000e+00	1	5.404330e-03
1.538000e+03	4.160000e+02	0.000000e+00	1	5.404330e-03
1.578000e+03	2.310000e+02	0.000000e+00	1	5.404330e-03
1.537000e+03	4.190000e+02	0.000000e+00	1	5.404330e-03
1.629000e+03	1.610000e+02	0.000000e+00	1	5.404330e-03
1.500000e+03	4.750000e+02	0.000000e+00	1	5.404330e-03
1.499000e+03	4.780000e+02	0.000000e+00	1	5.404330e-03
1.585000e+03	2.190000e+02	0.000000e+00	1	5.404330e-03
1.534000e+03	4.250000e+02	0.000000e+00	1	5.404330e-03
1.564000e+03	2.820000e+02	0.000000e+00	1	5.404330e-03
1.668000e+03	1.320000e+02	0.000000e+00	1	5.404330e-03
1.567000e+03	2.670000e+02	0.000000e+00	1	4.807692e-03
1.501000e+03	4.710000e+02	0.000000e+00	1	4.807692e-03
1.575000e+03	2.400000e+02	0.000000e+00	1	4.807692e-03
1.533000e+03	4.290000e+02	0.000000e+00	1	4.807692e-03
1.657000e+03	1.400000e+02	0.000000e+00	1	4.799045e-03
1.654000e+03	1.420000e+02	0.000000e+00	1	4.799045e-03
1.666000e+03	1.350000e+02	0.000000e+00	1	4.799045e-03
1.699000e+03	1.070000e+02	0.000000e+00	1	4.799045e-03
1.668000e+03	1.320000e+02	0.000000e+00	1	4.799045e-03
1.696000e+03	1.090000e+02	0.000000e+00	1	4.799045e-03
1.639000e+03	1.500000e+02	0.000000e+00	1	4.799045e-03
1.682000e+03	1.210000e+02	0.000000e+00	1	4.799045e-03
1.646000e+03	1.460000e+02	0.000000e+00	1	4.799045e-03
1.644000e+03	1.470000e+02	0.000000e+00	1	4.799045e-03
1.521000e+03	4.460000e+02	0.000000e+00	1	4.799045e-03
1.698000e+03	1.080000e+02	0.000000e+00	1	4.799045e-03
1.691000e+03	1.120000e+02	0.000000e+00	1	4.799045e-03
1.662000e+03	1.370000e+02	0.000000e+00	1	4.799045e-03
1.557000e+03	3.840000e+02	0.000000e+00	1	4.799045e-03
1.660000e+03	1.380000e+02	0.000000e+00	1	4.799045e-03
1.678000e+03	1.230000e+02	0.000000e+00	1	4.799045e-03
1.693000e+03	1.110000e+02	0.000000e+00	1	4.799045e-03
1.701000e+03	1.060000e+02	0.000000e+00	1	4.799045e-03
1.659000e+03	1.390000e+02	0.000000e+00	1	4.799045e-03
1.656000e+03	1.410000e+02	0.000000e+00	1	4.799045e-03
1.701000e+03	1.060000e+02	0.000000e+00	1	4.799045e-03
1.646000e+03	1.460000e+02	0.000000e+00	1	4.799045e-03
1.703000e+03	1.050000e+02	0.000000e+00	1	4.799045e-03
1.648000e+03	1.450000e+02	0.000000e+00	1	4.799045e-03
1.530000e+03	4.390000e+02	0.000000e+00	1	4.799045e-03
1.680000e+03	1.220000e+02	0.000000e+00	1	4.799045e-03
1.694000e+03	1.100000e+02	0.000000e+00	1	4.799045e-03
1.675000e+03	1.250000e+02	0.000000e+00	1	4.799045e-03
1.641000e+03	1.490000e+02	0.000000e+00	1	4.799045e-03
1.650000e+03	1.440000e+02	0.000000e+00	1	4.799045e-03
1.664000e+03	1.360000e+02	0.000000e+00	1	4.799045e-03
1.532000e+03	4.380000e+02	0.000000e+00	1	4.799045e-03
1.664000e+03	1.360000e+02	0.000000e+00	1	4.799045e-03
1.523000e+03	4.450000e+02	0.000000e+00	1	4.799045e-03
1.642000e+03	1.480000e+02	0.000000e+00	1	4.799045e-03
1.486000e+03	5.110000e+02	0.000000e+00	1	4.202407e-03
1.587000e+03	2.150000e+02	0.000000e+00	1	4.202407e-03
1.588000e+03	2.130000e+02	0.000000e+00	1	4.202407e-03
1.498000e+03	4.940000e+02	0.000000e+00	1	4.202407e-03
1.631000e+03	1.590000e+02	0.000000e+00	1	4.202407e-03
1.539000e+03	4.140000e+02	0.000000e+00	1	4.202407e-03
1.496000e+03	4.970000e+02	0.000000e+00	1	4.202407e-03
1.540000e+03	4.120000e+02	0.000000e+00	1	4.202407e-03
1.592000e+03	2.080000e+02	0.000000e+00	1	4.202407e-03
1.598000e+03	1.980000e+02	0.000000e+00	1	4.202407e-03
1.490000e+03	5.050000e+02	0.000000e+00	1	4.202407e-03
1.545000e+03	4.020000e+02	0.000000e+00	1	4.202407e-03
1.512000e+03	4.570000e+02	0.000000e+00	1	4.202407e-03
1.493000e+03	5.020000e+02	0.000000e+00	1	4.202407e-03
1.494000e+03	5.000000e+02	0.000000e+00	1	4.202407e-03
1.578000e+03	2.310000e+02	0.000000e+00	1	4.202407e-03
1.560000e+03	3.820000e+02	0.000000e+00	1	4.202407e-03
1.580000e+03	2.270000e+02	0.000000e+00	1	4.202407e-03
1.517000e+03	4.500000e+02	0.000000e+00	1	4.202407e-03
1.599000e+03	1.970000e+02	0.000000e+00	1	4.202407e-03
1.579000e+03	2.290000e+02	0.000000e+00	1	4.202407e-03
1.543000e+03	4.060000e+02	0.000000e+00	1	4.202407e-03
1.549000e+03	3.970000e+02	0.000000e+00	1	4.202407e-03
1.600000e+03	1.950000e+02	0.000000e+00	1	4.202407e-03
1.601000e+03	1.940000e+02	0.000000e+00	1	4.202407e-03
1.536000e+03	4.200000e+02	0.000000e+00	1	4.202407e-03
1.513000e+03	4.550000e+02	0.000000e+00	1	4.202407e-03
1.583000e+03	2.220000e+02	0.000000e+00	1	4.202407e-03
1.551000e+03	3.930000e+02	0.000000e+00	1	4.202407e-03
1.556000e+03	3.860000e+02	0.000000e+00	1	4.202407e-03
1.602000e+03	1.920000e+02	0.000000e+00	1	4.202407e-03
1.593000e+03	2.060000e+02	0.000000e+00	1	4.202407e-03
1.632000e+03	1.570000e+02	0.000000e+00	1	4.202407e-03
1.487000e+03	5.090000e+02	0.000000e+00	1	4.202407e-03
1.596000e+03	2.020000e+02	0.000000e+00	1	4.202407e-03
1.505000e+03	4.660000e+02	0.000000e+00	1	4.202407e-03
1.597000e+03	2.000000e+02	0.000000e+00	1	4.202407e-03
1.603000e+03	1.910000e+02	0.000000e+00	1	4.202407e-03
1.501000e+03	4.710000e+02	0.000000e+00	1	4.202407e-03
1.553000e+03	3.900000e+02	0.000000e+00	1	4.202407e-03
1.561000e+03	3.800000e+02	0.000000e+00	1	4.202407e-03
1.506000e+03	4.640000e+02	0.000000e+00	1	4.202407e-03
1.535000e+03	4.220000e+02	0.000000e+00	1	4.202407e-03
1.582000e+03	2.240000e+02	0.000000e+00	1	4.202407e-03
1.516000e+03	4.520000e+02	0.000000e+00	1	4.202407e-03
1.495000e+03	4.990000e+02	0.000000e+00	1	4.202407e-03
1.551000e+03	3.930000e+02	0.000000e+00	1	4.202407e-03
1.554000e+03	3.880000e+02	0.000000e+00	1	4.202407e-03
1.580000e+03	2.270000e+02	0.000000e+00	1	4.202407e-03
1.590000e+03	2.100000e+02	0.000000e+00	1	4.202407e-03
1.550000e+03	3.950000e+02	0.000000e+00	1	4.202407e-03
1.489000e+03	5.070000e+02	0.000000e+00	1	4.202407e-03
1.611000e+03	1.820000e+02	0.000000e+00	1	4.202407e-03
1.552000e+03	3.910000e+02	0.000000e+00	1	4.202407e-03
1.542000e+03	4.080000e+02	0.000000e+00	1	4.202407e-03
1.604000e+03	1.890000e+02	0.000000e+00	1	4.202407e-03
1.589000e+03	2.120000e+02	0.000000e+00	1	4.202407e-03
1.579000e+03	2.290000e+02	0.000000e+00	1	4.202407e-03
1.557000e+03	3.840000e+02	0.000000e+00	1	4.202407e-03
1.583000e+03	2.220000e+02	0.000000e+00	1	4.202407e-03
1.546000e+03	4.000000e+02	0.000000e+00	1	4.202407e-03
1.502000e+03	4.690000e+02	0.000000e+00	1	4.202407e-03
1.594000e+03	2.050000e+02	0.000000e+00	1	4.202407e-03
1.486000e+03	5.110000e+02	0.000000e+00	1	4.202407e-03
1.597000e+03	2.000000e+02	0.000000e+00	1	4.202407e-03
1.509000e+03	4.610000e+02	0.000000e+00	1	4.202407e-03
1.541000e+03	4.100000e+02	0.000000e+00	1	4.202407e-03
1.612000e+03	1.800000e+02	0.000000e+00	1	4.202407e-03
1.595000e+03	2.030000e+02	0.000000e+00	1	4.202407e-03
1.535000e+03	4.220000e+02	0.000000e+00	1	3.605769e-03
1.565000e+03	2.790000e+02	0.000000e+00	1	3.605769e-03
1.666000e+03	1.350000e+02	0.000000e+00	1	3.605769e-03
1.628000e+03	1.640000e+02	0.000000e+00	1	3.605769e-03
1.586000e+03	2.160000e+02	0.000000e+00	1	3.605769e-03
1.529000e+03	4.400000e+02	0.000000e+00	1	3.597122e-03
1.490000e+03	5.050000e+02	0.000000e+00	1	3.597122e-03
1.644000e+03	1.470000e+02	0.000000e+00	1	3.597122e-03
1.510000e+03	4.590000e+02	0.000000e+00	1	3.597122e-03
1.696000e+03	1.090000e+02	0.000000e+00	1	3.597122e-03
1.662000e+03	1.370000e+02	0.000000e+00	1	3.597122e-03
1.666000e+03	1.350000e+02	0.000000e+00	1	3.597122e-03
1.648000e+03	1.450000e+02	0.000000e+00	1	3.597122e-03
1.492000e+03	5.030000e+02	0.000000e+00	1	3.597122e-03
1.527000e+03	4.410000e+02	0.000000e+00	1	3.597122e-03
1.677000e+03	1.240000e+02	0.000000e+00	1	3.597122e-03
1.559000e+03	3.830000e+02	0.000000e+00	1	3.597122e-03
1.680000e+03	1.220000e+02	0.000000e+00	1	3.597122e-03
1.519000e+03	4.480000e+02	0.000000e+00	1	3.000484e-03
1.591000e+03	2.090000e+02	0.000000e+00	1	3.000484e-03
1.691000e+03	1.120000e+02	0.000000e+00	1	3.000484e-03
1.592000e+03	2.080000e+02	0.000000e+00	1	3.000484e-03
1.607000e+03	1.860000e+02	0.000000e+00	1	3.000484e-03
1.569000e+03	2.590000e+02	0.000000e+00	1	3.000484e-03
1.524000e+03	4.440000e+02	0.000000e+00	1	3.000484e-03
1.572000e+03	2.520000e+02	0.000000e+00	1	3.000484e-03
1.670000e+03	1.300000e+02	0.000000e+00	1	3.000484e-03
1.601000e+03	1.940000e+02	0.000000e+00	1	3.000484e-03
1.616000e+03	1.760000e+02	0.000000e+00	1	3.000484e-03
1.604000e+03	1.890000e+02	0.000000e+00	1	3.000484e-03
1.686000e+03	1.170000e+02	0.000000e+00	1	3.000484e-03
1.621000e+03	1.710000e+02	0.000000e+00	1	3.000484e-03
1.525000e+03	4.430000e+02	0.000000e+00	1	3.000484e-03
1.516000e+03	4.520000e+02	0.000000e+00	1	3.000484e-03
1.514000e+03	4.540000e+02	0.000000e+00	1	3.000484e-03
1.690000e+03	1.130000e+02	0.000000e+00	1	3.000484e-03
1.574000e+03	2.410000e+02	0.000000e+00	1	3.000484e-03
1.622000e+03	1.700000e+02	0.000000e+00	1	3.000484e-03
1.600000e+03	1.950000e+02	0.000000e+00	1	3.000484e-03
1.504000e+03	4.670000e+02	0.000000e+00	1	3.000484e-03
1.642000e+03	1.480000e+02	0.000000e+00	1	3.000484e-03
1.636000e+03	1.530000e+02	0.000000e+00	1	3.000484e-03
1.610000e+03	1.830000e+02	0.000000e+00	1	3.000484e-03
1.690000e+03	1.130000e+02	0.000000e+00	1	3.000484e-03
1.634000e+03	1.550000e+02	0.000000e+00	1	3.000484e-03
1.520000e+03	4.470000e+02	0.000000e+00	1	3.000484e-03
1.657000e+03	1.400000e+02	0.000000e+00	1	3.000484e-03
1.518000e+03	4.490000e+02	0.000000e+00	1	3.000484e-03
1.656000e+03	1.410000e+02	0.000000e+00	1	3.000484e-03
1.689000e+03	1.140000e+02	0.000000e+00	1	3.000484e-03
1.599000e+03	1.970000e+02	0.000000e+00	1	3.000484e-03
1.688000e+03	1.150000e+02	0.000000e+00	1	3.000484e-03
1.611000e+03	1.820000e+02	0.000000e+00	1	3.000484e-03
1.606000e+03	1.870000e+02	0.000000e+00	1	3.000484e-03
1.515000e+03	4.530000e+02	0.000000e+00	1	3.000484e-03
1.608000e+03	1.850000e+02	0.000000e+00	1	3.000484e-03
1.671000e+03	1.290000e+02	0.000000e+00	1	3.000484e-03
1.548000e+03	3.980000e+02	0.000000e+00	1	3.000484e-03
1.614000e+03	1.780000e+02	0.000000e+00	1	3.000484e-03
1.523000e+03	4.450000e+02	0.000000e+00	1	3.000484e-03
1.693000e+03	1.110000e+02	0.000000e+00	1	3.000484e-03
1.660000e+03	1.380000e+02	0.000000e+00	1	3.000484e-03
1.653000e+03	1.430000e+02	0.000000e+00	1	3.000484e-03
1.492000e+03	5.030000e+02	0.000000e+00	1	3.000484e-03
1.569000e+03	2.590000e+02	0.000000e+00	1	3.000484e-03
1.524000e+03	4.440000e+02	0.000000e+00	1	3.000484e-03
1.606000e+03	1.870000e+02	0.000000e+00	1	3.000484e-03
1.674000e+03	1.260000e+02	0.000000e+00	1	3.000484e-03
1.619000e+03	1.730000e+02	0.000000e+00	1	3.000484e-03
1.683000e+03	1.200000e+02	0.000000e+00	1	3.000484e-03
1.546000e+03	4.000000e+02	0.000000e+00	1	3.000484e-03
1.626000e+03	1.660000e+02	0.000000e+00	1	3.000484e-03
1.555000e+03	3.870000e+02	0.000000e+00	1	3.000484e-03
1.617000e+03	1.750000e+02	0.000000e+00	1	3.000484e-03
1.629000e+03	1.610000e+02	0.000000e+00	1	3.000484e-03
1.672000e+03	1.280000e+02	0.000000e+00	1	3.000484e-03
1.526000e+03	4.420000e+02	0.000000e+00	1	3.000484e-03
1.623000e+03	1.690000e+02	0.000000e+00	1	3.000484e-03
1.595000e+03	2.030000e+02	0.000000e+00	1	3.000484e-03
1.637000e+03	1.520000e+02	0.000000e+00	1	3.000484e-03
1.506000e+03	4.640000e+02	0.000000e+00	1	3.000484e-03
1.515000e+03	4.530000e+02	0.000000e+00	1	3.000484e-03
1.620000e+03	1.720000e+02	0.000000e+00	1	3.000484e-03
1.560000e+03	3.820000e+02	0.000000e+00	1	3.000484e-03
1.615000e+03	1.770000e+02	0.000000e+00	1	3.000484e-03
1.507000e+03	4.630000e+02	0.000000e+00	1	3.000484e-03
1.603000e+03	1.910000e+02	0.000000e+00	1	3.000484e-03
1.508000e+03	4.620000e+02	0.000000e+00	1	3.000484e-03
1.685000e+03	1.180000e+02	0.000000e+00	1	3.000484e-03
1.670000e+03	1.300000e+02	0.000000e+00	1	3.000484e-03
1.602000e+03	1.920000e+02	0.000000e+00	1	3.000484e-03
1.689000e+03	1.140000e+02	0.000000e+00	1	3.000484e-03
1.582000e+03	2.240000e+02	0.000000e+00	1	3.000484e-03
1.633000e+03	1.560000e+02	0.000000e+00	1	3.000484e-03
1.610000e+03	1.830000e+02	0.000000e+00	1	3.000484e-03
1.624000e+03	1.680000e+02	0.000000e+00	1	3.000484e-03
1.617000e+03	1.750000e+02	0.000000e+00	1	3.000484e-03
1.536000e+03	4.200000e+02	0.000000e+00	1	3.000484e-03
1.581000e+03	2.250000e+02	0.000000e+00	1	3.000484e-03
1.638000e+03	1.510000e+02	0.000000e+00	1	3.000484e-03
1.547000e+03	3.990000e+02	0.000000e+00	1	3.000484e-03
1.684000e+03	1.190000e+02	0.000000e+00	1	3.000484e-03
1.553000e+03	3.900000e+02	0.000000e+00	1	3.000484e-03
1.618000e+03	1.740000e+02	0.000000e+00	1	3.000484e-03
1.630000e+03	1.600000e+02	0.000000e+00	1	3.000484e-03
1.625000e+03	1.670000e+02	0.000000e+00	1	3.000484e-03
1.627000e+03	1.650000e+02	0.000000e+00	1	3.000484e-03
1.669000e+03	1.310000e+02	0.000000e+00	1	3.000484e-03
1.685000e+03	1.180000e+02	0.000000e+00	1	3.000484e-03
1.587000e+03	2.150000e+02	0.000000e+00	1	3.000484e-03
1.672000e+03	1.280000e+02	0.000000e+00	1	3.000484e-03
1.588000e+03	2.130000e+02	0.000000e+00	1	3.000484e-03
1.688000e+03	1.150000e+02	0.000000e+00	1	3.000484e-03
1.514000e+03	4.540000e+02	0.000000e+00	1	3.000484e-03
1.605000e+03	1.880000e+02	0.000000e+00	1	3.000484e-03
1.624000e+03	1.680000e+02	0.000000e+00	1	3.000484e-03
1.513000e+03	4.550000e+02	0.000000e+00	1	3.000484e-03
1.505000e+03	4.660000e+02	0.000000e+00	1	3.000484e-03
1.520000e+03	4.470000e+02	0.000000e+00	1	3.000484e-03
1.635000e+03	1.540000e+02	0.000000e+00	1	3.000484e-03
1.613000e+03	1.790000e+02	0.000000e+00	1	3.000484e-03
1.584000e+03	2.200000e+02	0.000000e+00	1	3.000484e-03
1.590000e+03	2.100000e+02	0.000000e+00	1	3.000484e-03
1.677000e+03	1.240000e+02	0.000000e+00	1	3.000484e-03
1.605000e+03	1.880000e+02	0.000000e+00	1	3.000484e-03
1.519000e+03	4.480000e+02	0.000000e+00	1	3.000484e-03
1.521000e+03	4.460000e+02	0.000000e+00	1	3.000484e-03
1.686000e+03	1.170000e+02	0.000000e+00	1	3.000484e-03
1.634000e+03	1.550000e+02	0.000000e+00	1	3.000484e-03
1.637000e+03	1.520000e+02	0.000000e+00	1	3.000484e-03
1.517000e+03	4.500000e+02	0.000000e+00	1	3.000484e-03
1.684000e+03	1.190000e+02	0.000000e+00	1	3.000484e-03
1.635000e+03	1.540000e+02	0.000000e+00	1	3.000484e-03
1.654000e+03	1.420000e+02	0.000000e+00	1	3.000484e-03
1.596000e+03	2.020000e+02	0.000000e+00	1	3.000484e-03
1.593000e+03	2.060000e+02	0.000000e+00	1	3.000484e-03
1.683000e+03	1.200000e+02	0.000000e+00	1	3.000484e-03
1.571000e+03	2.530000e+02	0.000000e+00	1	3.000484e-03
1.671000e+03	1.290000e+02	0.000000e+00	1	3.000484e-03
1.509000e+03	4.610000e+02	0.000000e+00	1	3.000484e-03
1.615000e+03	1.770000e+02	0.000000e+00	1	3.000484e-03
1.609000e+03	1.840000e+02	0.000000e+00	1	3.000484e-03
1.594000e+03	2.050000e+02	0.000000e+00	1	3.000484e-03
1.627000e+03	1.650000e+02	0.000000e+00	1	3.000484e-03
1.623000e+03	1.690000e+02	0.000000e+00	1	3.000484e-03
1.496000e+03	4.970000e+02	0.000000e+00	1	3.000484e-03
1.518000e+03	4.490000e+02	0.000000e+00	1	3.000484e-03
1.618000e+03	1.740000e+02	0.000000e+00	1	3.000484e-03
1.497000e+03	4.960000e+02	0.000000e+00	1	3.000484e-03
1.555000e+03	3.870000e+02	0.000000e+00	1	3.000484e-03
1.570000e+03	2.580000e+02	0.000000e+00	1	3.000484e-03
1.549000e+03	3.970000e+02	0.000000e+00	1	3.000484e-03
1.507000e+03	4.630000e+02	0.000000e+00	1	3.000484e-03
1.529000e+03	4.400000e+02	0.000000e+00	1	3.000484e-03
1.556000e+03	3.860000e+02	0.000000e+00	1	3.000484e-03
1.673000e+03	1.270000e+02	0.000000e+00	1	3.000484e-03
1.622000e+03	1.700000e+02	0.000000e+00	1	3.000484e-03
1.537000e+03	4.190000e+02	0.000000e+00	1	3.000484e-03
1.687000e+03	1.160000e+02	0.000000e+00	1	3.000484e-03
1.620000e+03	1.720000e+02	0.000000e+00	1	3.000484e-03
1.495000e+03	4.990000e+02	0.000000e+00	1	3.000484e-03
1.659000e+03	1.390000e+02	0.000000e+00	1	3.000484e-03
1.584000e+03	2.200000e+02	0.000000e+00	1	2.403846e-03
1.577000e+03	2.340000e+02	0.000000e+00	1	2.403846e-03
1.576000e+03	2.360000e+02	0.000000e+00	1	2.403846e-03
1.492000e+03	5.030000e+02	0.000000e+00	1	2.403846e-03
1.510000e+03	4.590000e+02	0.000000e+00	1	2.403846e-03
1.581000e+03	2.250000e+02	0.000000e+00	1	2.403846e-03
1.542000e+03	4.080000e+02	0.000000e+00	1	2.403846e-03
1.497000e+03	4.960000e+02	0.000000e+00	1	2.403846e-03
1.543000e+03	4.060000e+02	0.000000e+00	1	2.403846e-03
1.550000e+03	3.950000e+02	0.000000e+00	1	2.403846e-03
1.541000e+03	4.100000e+02	0.000000e+00	1	2.403846e-03
1.544000e+03	4.040000e+02	0.000000e+00	1	2.403846e-03
1.490000e+03	5.050000e+02	0.000000e+00	1	2.403846e-03
1.485000e+03	5.130000e+02	0.000000e+00	1	2.403846e-03
1.539000e+03	4.140000e+02	0.000000e+00	1	2.403846e-03
1.540000e+03	4.120000e+02	0.000000e+00	1	2.403846e-03
1.538000e+03	4.160000e+02	0.000000e+00	1	2.403846e-03
1.545000e+03	4.020000e+02	0.000000e+00	1	2.403846e-03
1.544000e+03	4.040000e+02	0.000000e+00	1	2.403846e-03
1.510000e+03	4.590000e+02	0.000000e+00	1	2.403846e-03
1.586000e+03	2.160000e+02	0.000000e+00	1	1.798561e-03
1.639000e+03	1.500000e+02	0.000000e+00	1	1.798561e-03
1.503000e+03	4.680000e+02	0.000000e+00	1	1.798561e-03
1.598000e+03	1.980000e+02	0.000000e+00	1	1.798561e-03
1.548000e+03	3.980000e+02	0.000000e+00	1	1.798561e-03
1.699000e+03	1.070000e+02	0.000000e+00	1	1.798561e-03
1.608000e+03	1.850000e+02	0.000000e+00	1	1.798561e-03
1.530000e+03	4.390000e+02	0.000000e+00	1	1.798561e-03
1.568000e+03	2.600000e+02	0.000000e+00	1	1.798561e-03
1.544000e+03	4.040000e+02	0.000000e+00	1	1.798561e-03
1.630000e+03	1.600000e+02	0.000000e+00	1	1.798561e-03
1.575000e+03	2.400000e+02	0.000000e+00	1	1.798561e-03
1.682000e+03	1.210000e+02	0.000000e+00	1	1.798561e-03
1.575000e+03	2.400000e+02	0.000000e+00	1	1.798561e-03
1.675000e+03	1.250000e+02	0.000000e+00	1	1.798561e-03
1.494000e+03	5.000000e+02	0.000000e+00	1	1.798561e-03
1.581000e+03	2.250000e+02	0.000000e+00	1	1.798561e-03
1.552000e+03	3.910000e+02	0.000000e+00	1	1.798561e-03
1.533000e+03	4.290000e+02	0.000000e+00	1	1.798561e-03
1.543000e+03	4.060000e+02	0.000000e+00	1	1.798561e-03
1.586000e+03	2.160000e+02	0.000000e+00	1	1.798561e-03
1.576000e+03	2.360000e+02	0.000000e+00	1	1.798561e-03
1.526000e+03	4.420000e+02	0.000000e+00	1	1.798561e-03
1.698000e+03	1.080000e+02	0.000000e+00	1	1.798561e-03
1.485000e+03	5.130000e+02	0.000000e+00	1	1.798561e-03
1.638000e+03	1.510000e+02	0.000000e+00	1	1.798561e-03
1.687000e+03	1.160000e+02	0.000000e+00	1	1.798561e-03
1.631000e+03	1.590000e+02	0.000000e+00	1	1.798561e-03
1.508000e+03	4.620000e+02	0.000000e+00	1	1.798561e-03
1.584000e+03	2.200000e+02	0.000000e+00	1	1.798561e-03
1.525000e+03	4.430000e+02	0.000000e+00	1	1.798561e-03
1.501000e+03	4.710000e+02	0.000000e+00	1	1.798561e-03
1.544000e+03	4.040000e+02	0.000000e+00	1	1.798561e-03
1.502000e+03	4.690000e+02	0.000000e+00	1	1.798561e-03
1.589000e+03	2.120000e+02	0.000000e+00	1	1.798561e-03
1.567000e+03	2.670000e+02	0.000000e+00	1	1.798561e-03
1.614000e+03	1.780000e+02	0.000000e+00	1	1.798561e-03
1.633000e+03	1.560000e+02	0.000000e+00	1	1.798561e-03
1.607000e+03	1.860000e+02	0.000000e+00	1	1.798561e-03
1.673000e+03	1.270000e+02	0.000000e+00	1	1.798561e-03
1.694000e+03	1.100000e+02	0.000000e+00	1	1.798561e-03
1.636000e+03	1.530000e+02	0.000000e+00	1	1.798561e-03
1.628000e+03	1.640000e+02	0.000000e+00	1	1.798561e-03
1.621000e+03	1.710000e+02	0.000000e+00	1	1.798561e-03
1.562000e+03	2.970000e+02	0.000000e+00	1	1.798561e-03
1.547000e+03	3.990000e+02	0.000000e+00	1	1.798561e-03
1.504000e+03	4.670000e+02	0.000000e+00	1	1.798561e-03
1.497000e+03	4.960000e+02	0.000000e+00	1	1.798561e-03
1.674000e+03	1.260000e+02	0.000000e+00	1	1.798561e-03
1.542000e+03	4.080000e+02	0.000000e+00	1	1.798561e-03
1.540000e+03	4.120000e+02	0.000000e+00	1	1.798561e-03
1.541000e+03	4.100000e+02	0.000000e+00	1	1.798561e-03
1.612000e+03	1.800000e+02	0.000000e+00	1	1.798561e-03
1.554000e+03	3.880000e+02	0.000000e+00	1	1.798561e-03
1.625000e+03	1.670000e+02	0.000000e+00	1	1.798561e-03
1.533000e+03	4.290000e+02	0.000000e+00	1	1.798561e-03
1.527000e+03	4.410000e+02	0.000000e+00	1	1.798561e-03
1.493000e+03	5.020000e+02	0.000000e+00	1	1.798561e-03
1.539000e+03	4.140000e+02	0.000000e+00	1	1.798561e-03
1.563000e+03	2.870000e+02	0.000000e+00	1	1.798561e-03
1.616000e+03	1.760000e+02	0.000000e+00	1	1.798561e-03
1.628000e+03	1.640000e+02	0.000000e+00	1	1.798561e-03
1.585000e+03	2.190000e+02	0.000000e+00	1	1.798561e-03
1.565000e+03	2.790000e+02	0.000000e+00	1	1.798561e-03
1.577000e+03	2.340000e+02	0.000000e+00	1	1.798561e-03
1.641000e+03	1.490000e+02	0.000000e+00	1	1.798561e-03
1.619000e+03	1.730000e+02	0.000000e+00	1	1.798561e-03
1.591000e+03	2.090000e+02	0.000000e+00	1	1.798561e-03
1.613000e+03	1.790000e+02	0.000000e+00	1	1.798561e-03
1.568000e+03	2.600000e+02	0.000000e+00	1	1.798561e-03
1.678000e+03	1.230000e+02	0.000000e+00	1	1.798561e-03
1.510000e+03	4.590000e+02	0.000000e+00	1	1.798561e-03
1.503000e+03	4.680000e+02	0.000000e+00	1	1.798561e-03
1.632000e+03	1.570000e+02	0.000000e+00	1	1.798561e-03
1.535000e+03	4.220000e+02	0.000000e+00	1	1.798561e-03
1.626000e+03	1.660000e+02	0.000000e+00	1	1.798561e-03
1.566000e+03	2.710000e+02	0.000000e+00	1	1.798561e-03
1.550000e+03	3.950000e+02	0.000000e+00	1	1.798561e-03
1.538000e+03	4.160000e+02	0.000000e+00	1	1.798561e-03
1.559000e+03	3.830000e+02	0.000000e+00	1	1.798561e-03
1.609000e+03	1.840000e+02	0.000000e+00	1	1.798561e-03
1.669000e+03	1.310000e+02	0.000000e+00	1	1.798561e-03
1.545000e+03	4.020000e+02	0.000000e+00	1	1.798561e-03
1.565000e+03	2.790000e+02	0.000000e+00	1	1.798561e-03
1.554000e+03	3.880000e+02	0.000000e+00	1	1.201923e-03
1.682000e+03	1.210000e+02	0.000000e+00	1	1.201923e-03
1.638000e+03	1.510000e+02	0.000000e+00	1	1.201923e-03
1.585000e+03	2.190000e+02	0.000000e+00	1	1.201923e-03
1.568000e+03	2.600000e+02	0.000000e+00	1	1.201923e-03
1.548000e+03	3.980000e+02	0.000000e+00	1	1.201923e-03
1.503000e+03	4.680000e+02	0.000000e+00	1	1.201923e-03
1.633000e+03	1.560000e+02	0.000000e+00	1	1.201923e-03
1.552000e+03	3.910000e+02	0.000000e+00	1	1.201923e-03
1.648000e+03	1.450000e+02	0.000000e+00	1	1.201923e-03
1.673000e+03	1.270000e+02	0.000000e+00	1	1.201923e-03
1.619000e+03	1.730000e+02	0.000000e+00	1	1.201923e-03
1.669000e+03	1.310000e+02	0.000000e+00	1	1.201923e-03
1.502000e+03	4.690000e+02	0.000000e+00	1	1.201923e-03
1.674000e+03	1.260000e+02	0.000000e+00	1	1.201923e-03
1.662000e+03	1.370000e+02	0.000000e+00	1	1.201923e-03
1.716000e+03	1.020000e+02	0.000000e+00	1	1.201923e-03
1.678000e+03	1.230000e+02	0.000000e+00	1	1.201923e-03
1.591000e+03	2.090000e+02	0.000000e+00	1	1.201923e-03
1.494000e+03	5.000000e+02	0.000000e+00	1	1.201923e-03
1.628000e+03	1.640000e+02	0.000000e+00	1	1.201923e-03
1.607000e+03	1.860000e+02	0.000000e+00	1	1.201923e-03
1.547000e+03	3.990000e+02	0.000000e+00	1	1.201923e-03
1.493000e+03	5.020000e+02	0.000000e+00	1	1.201923e-03
1.621000e+03	1.710000e+02	0.000000e+00	1	1.201923e-03
1.632000e+03	1.570000e+02	0.000000e+00	1	1.201923e-03
1.636000e+03	1.530000e+02	0.000000e+00	1	1.201923e-03
1.529000e+03	4.400000e+02	0.000000e+00	1	1.201923e-03
1.644000e+03	1.470000e+02	0.000000e+00	1	1.201923e-03
1.525000e+03	4.430000e+02	0.000000e+00	1	1.201923e-03
1.589000e+03	2.120000e+02	0.000000e+00	1	1.201923e-03
1.687000e+03	1.160000e+02	0.000000e+00	1	1.201923e-03
1.698000e+03	1.080000e+02	0.000000e+00	1	1.201923e-03
1.527000e+03	4.410000e+02	0.000000e+00	1	1.201923e-03
1.504000e+03	4.670000e+02	0.000000e+00	1	1.201923e-03
1.639000e+03	1.500000e+02	0.000000e+00	1	1.201923e-03
1.526000e+03	4.420000e+02	0.000000e+00	1	1.201923e-03
1.694000e+03	1.100000e+02	0.000000e+00	1	1.201923e-03
1.762000e+03	1.010000e+02	0.000000e+00	1	1.201923e-03
1.703000e+03	1.050000e+02	0.000000e+00	1	1.201923e-03
1.696000e+03	1.090000e+02	0.000000e+00	1	1.201923e-03
1.508000e+03	4.620000e+02	0.000000e+00	1	1.201923e-03
1.609000e+03	1.840000e+02	0.000000e+00	1	1.201923e-03
1.586000e+03	2.160000e+02	0.000000e+00	1	1.201923e-03
1.631000e+03	1.590000e+02	0.000000e+00	1	1.201923e-03
1.707000e+03	1.040000e+02	0.000000e+00	1	1.201923e-03
1.559000e+03	3.830000e+02	0.000000e+00	1	1.201923e-03
1.614000e+03	1.780000e+02	0.000000e+00	1	1.201923e-03
1.707000e+03	1.040000e+02	0.000000e+00	1	1.201923e-03
1.630000e+03	1.600000e+02	0.000000e+00	1	1.201923e-03
1.613000e+03	1.790000e+02	0.000000e+00	1	1.201923e-03
1.503000e+03	4.680000e+02	0.000000e+00	1	1.201923e-03
1.612000e+03	1.800000e+02	0.000000e+00	1	1.201923e-03
1.608000e+03	1.850000e+02	0.000000e+00	1	1.201923e-03
1.575000e+03	2.400000e+02	0.000000e+00	1	1.201923e-03
1.626000e+03	1.660000e+02	0.000000e+00	1	1.201923e-03
1.675000e+03	1.250000e+02	0.000000e+00	1	1.201923e-03
1.530000e+03	4.390000e+02	0.000000e+00	1	1.201923e-03
1.699000e+03	1.070000e+02	0.000000e+00	1	1.201923e-03
1.680000e+03	1.220000e+02	0.000000e+00	1	1.201923e-03
1.616000e+03	1.760000e+02	0.000000e+00	1	1.201923e-03
1.641000e+03	1.490000e+02	0.000000e+00	1	1.201923e-03
1.598000e+03	1.980000e+02	0.000000e+00	1	1.201923e-03
1.677000e+03	1.240000e+02	0.000000e+00	1	1.201923e-03
1.559000e+03	3.830000e+02	0.000000e+00	1	1.201923e-03
1.625000e+03	1.670000e+02	0.000000e+00	1	1.201923e-03
1.527000e+03	4.410000e+02	0.000000e+00	1	1.201923e-03
1.579000e+03	2.290000e+02	0.000000e+00	1	0.000000e+00
1.642000e+03	1.480000e+02	0.000000e+00	1	0.000000e+00
1.556000e+03	3.860000e+02	0.000000e+00	1	0.000000e+00
1.642000e+03	1.480000e+02	0.000000e+00	1	0.000000e+00
1.512000e+03	4.570000e+02	0.000000e+00	1	0.000000e+00
1.508000e+03	4.620000e+02	0.000000e+00	1	0.000000e+00
1.589000e+03	2.120000e+02	0.000000e+00	1	0.000000e+00
Total execution time: 222269.505
