# This file contains the data of final feasible population (if found)
# of objectives = 2, # of constraints = 0, # of real_var = 0, # of bits of bin_var = 0, constr_violation, rank, crowding_distance
1.670000e+03	1.150000e+02	0.000000e+00	1	1.000000e+14
1.493000e+03	4.620000e+02	0.000000e+00	1	1.000000e+14
1.502000e+03	3.210000e+02	0.000000e+00	1	1.742946e-01
1.501000e+03	4.400000e+02	0.000000e+00	1	1.714697e-01
1.648000e+03	1.180000e+02	0.000000e+00	1	3.251437e-02
1.659000e+03	1.170000e+02	0.000000e+00	1	3.107345e-02
1.670000e+03	1.150000e+02	0.000000e+00	1	2.686465e-02
1.661000e+03	1.160000e+02	0.000000e+00	1	2.542373e-02
1.505000e+03	3.040000e+02	0.000000e+00	1	2.155685e-02
1.504000e+03	3.170000e+02	0.000000e+00	1	1.873199e-02
1.497000e+03	4.460000e+02	0.000000e+00	1	1.579316e-02
1.613000e+03	1.340000e+02	0.000000e+00	1	1.418128e-02
1.496000e+03	4.550000e+02	0.000000e+00	1	1.296830e-02
1.644000e+03	1.190000e+02	0.000000e+00	1	1.274036e-02
1.630000e+03	1.250000e+02	0.000000e+00	1	1.274036e-02
1.634000e+03	1.240000e+02	0.000000e+00	1	1.274036e-02
1.518000e+03	2.800000e+02	0.000000e+00	1	1.147039e-02
1.519000e+03	2.740000e+02	0.000000e+00	1	1.147039e-02
1.648000e+03	1.180000e+02	0.000000e+00	1	1.129944e-02
1.520000e+03	2.690000e+02	0.000000e+00	1	1.002947e-02
1.519000e+03	2.740000e+02	0.000000e+00	1	1.002947e-02
1.525000e+03	2.590000e+02	0.000000e+00	1	1.002947e-02
1.505000e+03	3.040000e+02	0.000000e+00	1	1.002947e-02
1.542000e+03	2.200000e+02	0.000000e+00	1	1.002947e-02
1.639000e+03	1.210000e+02	0.000000e+00	1	9.915498e-03
1.642000e+03	1.200000e+02	0.000000e+00	1	9.915498e-03
1.616000e+03	1.330000e+02	0.000000e+00	1	9.915498e-03
1.526000e+03	2.540000e+02	0.000000e+00	1	7.204611e-03
1.541000e+03	2.250000e+02	0.000000e+00	1	7.204611e-03
1.506000e+03	2.990000e+02	0.000000e+00	1	7.204611e-03
1.533000e+03	2.400000e+02	0.000000e+00	1	7.147625e-03
1.539000e+03	2.270000e+02	0.000000e+00	1	7.147625e-03
1.538000e+03	2.300000e+02	0.000000e+00	1	7.147625e-03
1.535000e+03	2.350000e+02	0.000000e+00	1	7.147625e-03
1.495000e+03	4.570000e+02	0.000000e+00	1	7.147625e-03
1.494000e+03	4.600000e+02	0.000000e+00	1	7.147625e-03
1.520000e+03	2.690000e+02	0.000000e+00	1	7.147625e-03
1.553000e+03	1.970000e+02	0.000000e+00	1	7.147625e-03
1.526000e+03	2.540000e+02	0.000000e+00	1	7.147625e-03
1.552000e+03	2.000000e+02	0.000000e+00	1	7.147625e-03
1.550000e+03	2.030000e+02	0.000000e+00	1	7.147625e-03
1.507000e+03	2.980000e+02	0.000000e+00	1	7.147625e-03
1.612000e+03	1.350000e+02	0.000000e+00	1	7.090640e-03
1.580000e+03	1.670000e+02	0.000000e+00	1	7.090640e-03
1.582000e+03	1.660000e+02	0.000000e+00	1	7.090640e-03
1.628000e+03	1.260000e+02	0.000000e+00	1	7.090640e-03
1.620000e+03	1.310000e+02	0.000000e+00	1	7.090640e-03
1.585000e+03	1.630000e+02	0.000000e+00	1	7.090640e-03
1.624000e+03	1.290000e+02	0.000000e+00	1	7.090640e-03
1.639000e+03	1.210000e+02	0.000000e+00	1	7.090640e-03
1.635000e+03	1.230000e+02	0.000000e+00	1	7.090640e-03
1.588000e+03	1.610000e+02	0.000000e+00	1	7.090640e-03
1.590000e+03	1.600000e+02	0.000000e+00	1	7.090640e-03
1.659000e+03	1.170000e+02	0.000000e+00	1	7.090640e-03
1.642000e+03	1.200000e+02	0.000000e+00	1	7.090640e-03
1.637000e+03	1.220000e+02	0.000000e+00	1	7.090640e-03
1.622000e+03	1.300000e+02	0.000000e+00	1	7.090640e-03
1.620000e+03	1.310000e+02	0.000000e+00	1	7.090640e-03
1.605000e+03	1.400000e+02	0.000000e+00	1	7.090640e-03
1.603000e+03	1.410000e+02	0.000000e+00	1	7.090640e-03
1.610000e+03	1.360000e+02	0.000000e+00	1	7.090640e-03
1.547000e+03	2.110000e+02	0.000000e+00	1	5.706703e-03
1.594000e+03	1.530000e+02	0.000000e+00	1	5.706703e-03
1.496000e+03	4.550000e+02	0.000000e+00	1	5.706703e-03
1.493000e+03	4.620000e+02	0.000000e+00	1	5.706703e-03
1.546000e+03	2.130000e+02	0.000000e+00	1	5.706703e-03
1.500000e+03	4.410000e+02	0.000000e+00	1	5.706703e-03
1.503000e+03	3.190000e+02	0.000000e+00	1	5.706703e-03
1.498000e+03	4.440000e+02	0.000000e+00	1	5.706703e-03
1.549000e+03	2.060000e+02	0.000000e+00	1	5.706703e-03
1.514000e+03	2.850000e+02	0.000000e+00	1	5.706703e-03
1.495000e+03	4.570000e+02	0.000000e+00	1	5.706703e-03
1.545000e+03	2.150000e+02	0.000000e+00	1	5.706703e-03
1.559000e+03	1.880000e+02	0.000000e+00	1	5.706703e-03
1.504000e+03	3.170000e+02	0.000000e+00	1	5.706703e-03
1.510000e+03	2.920000e+02	0.000000e+00	1	5.706703e-03
1.542000e+03	2.200000e+02	0.000000e+00	1	5.706703e-03
1.527000e+03	2.510000e+02	0.000000e+00	1	5.706703e-03
1.597000e+03	1.480000e+02	0.000000e+00	1	5.706703e-03
1.513000e+03	2.870000e+02	0.000000e+00	1	5.706703e-03
1.516000e+03	2.830000e+02	0.000000e+00	1	5.706703e-03
1.591000e+03	1.580000e+02	0.000000e+00	1	5.706703e-03
1.525000e+03	2.590000e+02	0.000000e+00	1	5.706703e-03
1.517000e+03	2.810000e+02	0.000000e+00	1	5.706703e-03
1.529000e+03	2.470000e+02	0.000000e+00	1	5.706703e-03
1.499000e+03	4.430000e+02	0.000000e+00	1	5.706703e-03
1.512000e+03	2.890000e+02	0.000000e+00	1	5.706703e-03
1.597000e+03	1.480000e+02	0.000000e+00	1	5.706703e-03
1.594000e+03	1.530000e+02	0.000000e+00	1	5.706703e-03
1.528000e+03	2.490000e+02	0.000000e+00	1	5.706703e-03
1.532000e+03	2.420000e+02	0.000000e+00	1	5.706703e-03
1.529000e+03	2.470000e+02	0.000000e+00	1	5.706703e-03
1.513000e+03	2.870000e+02	0.000000e+00	1	5.706703e-03
1.530000e+03	2.450000e+02	0.000000e+00	1	5.706703e-03
1.544000e+03	2.160000e+02	0.000000e+00	1	5.706703e-03
1.556000e+03	1.920000e+02	0.000000e+00	1	5.706703e-03
1.563000e+03	1.830000e+02	0.000000e+00	1	5.706703e-03
1.543000e+03	2.180000e+02	0.000000e+00	1	5.706703e-03
1.497000e+03	4.460000e+02	0.000000e+00	1	5.706703e-03
1.590000e+03	1.600000e+02	0.000000e+00	1	5.706703e-03
1.524000e+03	2.610000e+02	0.000000e+00	1	5.706703e-03
1.562000e+03	1.850000e+02	0.000000e+00	1	5.706703e-03
1.575000e+03	1.720000e+02	0.000000e+00	1	5.649718e-03
1.622000e+03	1.300000e+02	0.000000e+00	1	5.649718e-03
1.628000e+03	1.260000e+02	0.000000e+00	1	5.649718e-03
1.618000e+03	1.320000e+02	0.000000e+00	1	5.649718e-03
1.626000e+03	1.270000e+02	0.000000e+00	1	5.649718e-03
1.573000e+03	1.730000e+02	0.000000e+00	1	5.649718e-03
1.661000e+03	1.160000e+02	0.000000e+00	1	5.649718e-03
1.630000e+03	1.250000e+02	0.000000e+00	1	5.649718e-03
1.609000e+03	1.370000e+02	0.000000e+00	1	5.649718e-03
1.637000e+03	1.220000e+02	0.000000e+00	1	5.649718e-03
1.616000e+03	1.330000e+02	0.000000e+00	1	5.649718e-03
1.644000e+03	1.190000e+02	0.000000e+00	1	5.649718e-03
1.618000e+03	1.320000e+02	0.000000e+00	1	5.649718e-03
1.587000e+03	1.620000e+02	0.000000e+00	1	5.649718e-03
1.607000e+03	1.380000e+02	0.000000e+00	1	5.649718e-03
1.527000e+03	2.510000e+02	0.000000e+00	1	4.322767e-03
1.508000e+03	2.950000e+02	0.000000e+00	1	4.322767e-03
1.534000e+03	2.370000e+02	0.000000e+00	1	4.322767e-03
1.548000e+03	2.080000e+02	0.000000e+00	1	4.322767e-03
1.521000e+03	2.660000e+02	0.000000e+00	1	4.322767e-03
1.536000e+03	2.320000e+02	0.000000e+00	1	4.322767e-03
1.547000e+03	2.110000e+02	0.000000e+00	1	4.322767e-03
1.549000e+03	2.060000e+02	0.000000e+00	1	4.322767e-03
1.601000e+03	1.430000e+02	0.000000e+00	1	4.265781e-03
1.625000e+03	1.280000e+02	0.000000e+00	1	4.265781e-03
1.580000e+03	1.670000e+02	0.000000e+00	1	4.265781e-03
1.561000e+03	1.860000e+02	0.000000e+00	1	4.265781e-03
1.567000e+03	1.790000e+02	0.000000e+00	1	4.265781e-03
1.517000e+03	2.810000e+02	0.000000e+00	1	4.265781e-03
1.552000e+03	2.000000e+02	0.000000e+00	1	4.265781e-03
1.596000e+03	1.500000e+02	0.000000e+00	1	4.265781e-03
1.554000e+03	1.950000e+02	0.000000e+00	1	4.265781e-03
1.587000e+03	1.620000e+02	0.000000e+00	1	4.265781e-03
1.506000e+03	2.990000e+02	0.000000e+00	1	4.265781e-03
1.625000e+03	1.280000e+02	0.000000e+00	1	4.265781e-03
1.599000e+03	1.450000e+02	0.000000e+00	1	4.265781e-03
1.498000e+03	4.440000e+02	0.000000e+00	1	4.265781e-03
1.562000e+03	1.850000e+02	0.000000e+00	1	4.265781e-03
1.556000e+03	1.920000e+02	0.000000e+00	1	4.265781e-03
1.499000e+03	4.430000e+02	0.000000e+00	1	4.265781e-03
1.579000e+03	1.680000e+02	0.000000e+00	1	4.265781e-03
1.537000e+03	2.310000e+02	0.000000e+00	1	4.265781e-03
1.583000e+03	1.650000e+02	0.000000e+00	1	4.265781e-03
1.602000e+03	1.420000e+02	0.000000e+00	1	4.265781e-03
1.514000e+03	2.850000e+02	0.000000e+00	1	4.265781e-03
1.600000e+03	1.440000e+02	0.000000e+00	1	4.265781e-03
1.576000e+03	1.710000e+02	0.000000e+00	1	4.265781e-03
1.516000e+03	2.830000e+02	0.000000e+00	1	4.265781e-03
1.567000e+03	1.790000e+02	0.000000e+00	1	4.265781e-03
1.570000e+03	1.760000e+02	0.000000e+00	1	4.265781e-03
1.578000e+03	1.690000e+02	0.000000e+00	1	4.265781e-03
1.569000e+03	1.770000e+02	0.000000e+00	1	4.265781e-03
1.564000e+03	1.820000e+02	0.000000e+00	1	4.265781e-03
1.532000e+03	2.420000e+02	0.000000e+00	1	4.265781e-03
1.508000e+03	2.950000e+02	0.000000e+00	1	4.265781e-03
1.584000e+03	1.640000e+02	0.000000e+00	1	4.265781e-03
1.566000e+03	1.800000e+02	0.000000e+00	1	4.265781e-03
1.568000e+03	1.780000e+02	0.000000e+00	1	4.265781e-03
1.588000e+03	1.610000e+02	0.000000e+00	1	4.265781e-03
1.598000e+03	1.460000e+02	0.000000e+00	1	4.265781e-03
1.565000e+03	1.810000e+02	0.000000e+00	1	4.265781e-03
1.511000e+03	2.900000e+02	0.000000e+00	1	4.265781e-03
1.571000e+03	1.750000e+02	0.000000e+00	1	4.265781e-03
1.507000e+03	2.980000e+02	0.000000e+00	1	4.265781e-03
1.560000e+03	1.870000e+02	0.000000e+00	1	4.265781e-03
1.579000e+03	1.680000e+02	0.000000e+00	1	4.265781e-03
1.607000e+03	1.380000e+02	0.000000e+00	1	4.265781e-03
1.609000e+03	1.370000e+02	0.000000e+00	1	4.265781e-03
1.565000e+03	1.810000e+02	0.000000e+00	1	4.265781e-03
1.606000e+03	1.390000e+02	0.000000e+00	1	4.265781e-03
1.569000e+03	1.770000e+02	0.000000e+00	1	4.265781e-03
1.575000e+03	1.720000e+02	0.000000e+00	1	4.265781e-03
1.593000e+03	1.550000e+02	0.000000e+00	1	4.265781e-03
1.563000e+03	1.830000e+02	0.000000e+00	1	4.265781e-03
1.545000e+03	2.150000e+02	0.000000e+00	1	4.265781e-03
1.577000e+03	1.700000e+02	0.000000e+00	1	4.265781e-03
1.537000e+03	2.310000e+02	0.000000e+00	1	4.265781e-03
1.577000e+03	1.700000e+02	0.000000e+00	1	4.265781e-03
1.570000e+03	1.760000e+02	0.000000e+00	1	4.265781e-03
1.599000e+03	1.450000e+02	0.000000e+00	1	4.265781e-03
1.539000e+03	2.270000e+02	0.000000e+00	1	4.265781e-03
1.521000e+03	2.660000e+02	0.000000e+00	1	2.881844e-03
1.555000e+03	1.940000e+02	0.000000e+00	1	2.881844e-03
1.530000e+03	2.450000e+02	0.000000e+00	1	2.881844e-03
1.595000e+03	1.510000e+02	0.000000e+00	1	2.881844e-03
1.523000e+03	2.630000e+02	0.000000e+00	1	2.881844e-03
1.494000e+03	4.600000e+02	0.000000e+00	1	2.881844e-03
1.534000e+03	2.370000e+02	0.000000e+00	1	2.881844e-03
1.551000e+03	2.010000e+02	0.000000e+00	1	2.881844e-03
1.531000e+03	2.430000e+02	0.000000e+00	1	2.881844e-03
1.511000e+03	2.900000e+02	0.000000e+00	1	2.881844e-03
1.546000e+03	2.130000e+02	0.000000e+00	1	2.881844e-03
1.558000e+03	1.900000e+02	0.000000e+00	1	2.881844e-03
1.522000e+03	2.640000e+02	0.000000e+00	1	2.881844e-03
1.533000e+03	2.400000e+02	0.000000e+00	1	2.881844e-03
1.502000e+03	3.210000e+02	0.000000e+00	1	2.881844e-03
1.535000e+03	2.350000e+02	0.000000e+00	1	2.881844e-03
1.509000e+03	2.940000e+02	0.000000e+00	1	2.881844e-03
1.528000e+03	2.490000e+02	0.000000e+00	1	2.881844e-03
1.598000e+03	1.460000e+02	0.000000e+00	1	2.881844e-03
1.543000e+03	2.180000e+02	0.000000e+00	1	2.881844e-03
1.554000e+03	1.950000e+02	0.000000e+00	1	2.881844e-03
1.550000e+03	2.030000e+02	0.000000e+00	1	2.881844e-03
1.524000e+03	2.610000e+02	0.000000e+00	1	2.881844e-03
1.596000e+03	1.500000e+02	0.000000e+00	1	2.881844e-03
1.591000e+03	1.580000e+02	0.000000e+00	1	2.881844e-03
1.548000e+03	2.080000e+02	0.000000e+00	1	2.881844e-03
1.503000e+03	3.190000e+02	0.000000e+00	1	2.881844e-03
1.510000e+03	2.920000e+02	0.000000e+00	1	2.881844e-03
1.553000e+03	1.970000e+02	0.000000e+00	1	2.881844e-03
1.592000e+03	1.560000e+02	0.000000e+00	1	2.881844e-03
1.593000e+03	1.550000e+02	0.000000e+00	1	2.881844e-03
1.572000e+03	1.740000e+02	0.000000e+00	1	2.824859e-03
1.511000e+03	2.900000e+02	0.000000e+00	1	2.824859e-03
1.501000e+03	4.400000e+02	0.000000e+00	1	2.824859e-03
1.530000e+03	2.450000e+02	0.000000e+00	1	2.824859e-03
1.509000e+03	2.940000e+02	0.000000e+00	1	2.824859e-03
1.559000e+03	1.880000e+02	0.000000e+00	1	2.824859e-03
1.561000e+03	1.860000e+02	0.000000e+00	1	2.824859e-03
1.543000e+03	2.180000e+02	0.000000e+00	1	2.824859e-03
1.526000e+03	2.540000e+02	0.000000e+00	1	2.824859e-03
1.564000e+03	1.820000e+02	0.000000e+00	1	2.824859e-03
1.547000e+03	2.110000e+02	0.000000e+00	1	2.824859e-03
1.544000e+03	2.160000e+02	0.000000e+00	1	2.824859e-03
1.596000e+03	1.500000e+02	0.000000e+00	1	2.824859e-03
1.553000e+03	1.970000e+02	0.000000e+00	1	2.824859e-03
1.536000e+03	2.320000e+02	0.000000e+00	1	2.824859e-03
1.602000e+03	1.420000e+02	0.000000e+00	1	2.824859e-03
1.541000e+03	2.250000e+02	0.000000e+00	1	2.824859e-03
1.595000e+03	1.510000e+02	0.000000e+00	1	2.824859e-03
1.568000e+03	1.780000e+02	0.000000e+00	1	2.824859e-03
1.551000e+03	2.010000e+02	0.000000e+00	1	2.824859e-03
1.501000e+03	4.400000e+02	0.000000e+00	1	2.824859e-03
1.610000e+03	1.360000e+02	0.000000e+00	1	2.824859e-03
1.522000e+03	2.640000e+02	0.000000e+00	1	2.824859e-03
1.524000e+03	2.610000e+02	0.000000e+00	1	2.824859e-03
1.555000e+03	1.940000e+02	0.000000e+00	1	2.824859e-03
1.515000e+03	2.840000e+02	0.000000e+00	1	2.824859e-03
1.502000e+03	3.210000e+02	0.000000e+00	1	2.824859e-03
1.550000e+03	2.030000e+02	0.000000e+00	1	2.824859e-03
1.496000e+03	4.550000e+02	0.000000e+00	1	2.824859e-03
1.531000e+03	2.430000e+02	0.000000e+00	1	2.824859e-03
1.506000e+03	2.990000e+02	0.000000e+00	1	2.824859e-03
1.555000e+03	1.940000e+02	0.000000e+00	1	2.824859e-03
1.591000e+03	1.580000e+02	0.000000e+00	1	2.824859e-03
1.494000e+03	4.600000e+02	0.000000e+00	1	2.824859e-03
1.540000e+03	2.260000e+02	0.000000e+00	1	2.824859e-03
1.549000e+03	2.060000e+02	0.000000e+00	1	2.824859e-03
1.635000e+03	1.230000e+02	0.000000e+00	1	2.824859e-03
1.551000e+03	2.010000e+02	0.000000e+00	1	2.824859e-03
1.571000e+03	1.750000e+02	0.000000e+00	1	2.824859e-03
1.523000e+03	2.630000e+02	0.000000e+00	1	2.824859e-03
1.541000e+03	2.250000e+02	0.000000e+00	1	2.824859e-03
1.558000e+03	1.900000e+02	0.000000e+00	1	2.824859e-03
1.603000e+03	1.410000e+02	0.000000e+00	1	2.824859e-03
1.546000e+03	2.130000e+02	0.000000e+00	1	2.824859e-03
1.593000e+03	1.550000e+02	0.000000e+00	1	2.824859e-03
1.518000e+03	2.800000e+02	0.000000e+00	1	2.824859e-03
1.606000e+03	1.390000e+02	0.000000e+00	1	2.824859e-03
1.601000e+03	1.430000e+02	0.000000e+00	1	2.824859e-03
1.598000e+03	1.460000e+02	0.000000e+00	1	2.824859e-03
1.576000e+03	1.710000e+02	0.000000e+00	1	2.824859e-03
1.557000e+03	1.910000e+02	0.000000e+00	1	2.824859e-03
1.535000e+03	2.350000e+02	0.000000e+00	1	2.824859e-03
1.560000e+03	1.870000e+02	0.000000e+00	1	2.824859e-03
1.503000e+03	3.190000e+02	0.000000e+00	1	2.824859e-03
1.605000e+03	1.400000e+02	0.000000e+00	1	2.824859e-03
1.634000e+03	1.240000e+02	0.000000e+00	1	2.824859e-03
1.521000e+03	2.660000e+02	0.000000e+00	1	2.824859e-03
1.521000e+03	2.660000e+02	0.000000e+00	1	2.824859e-03
1.534000e+03	2.370000e+02	0.000000e+00	1	2.824859e-03
1.592000e+03	1.560000e+02	0.000000e+00	1	2.824859e-03
1.592000e+03	1.560000e+02	0.000000e+00	1	2.824859e-03
1.566000e+03	1.800000e+02	0.000000e+00	1	2.824859e-03
1.527000e+03	2.510000e+02	0.000000e+00	1	2.824859e-03
1.504000e+03	3.170000e+02	0.000000e+00	1	2.824859e-03
1.533000e+03	2.400000e+02	0.000000e+00	1	2.824859e-03
1.572000e+03	1.740000e+02	0.000000e+00	1	2.824859e-03
1.585000e+03	1.630000e+02	0.000000e+00	1	2.824859e-03
1.573000e+03	1.730000e+02	0.000000e+00	1	2.824859e-03
1.578000e+03	1.690000e+02	0.000000e+00	1	2.824859e-03
1.508000e+03	2.950000e+02	0.000000e+00	1	2.824859e-03
1.523000e+03	2.630000e+02	0.000000e+00	1	2.824859e-03
1.536000e+03	2.320000e+02	0.000000e+00	1	2.824859e-03
1.538000e+03	2.300000e+02	0.000000e+00	1	2.824859e-03
1.557000e+03	1.910000e+02	0.000000e+00	1	2.824859e-03
1.522000e+03	2.640000e+02	0.000000e+00	1	2.824859e-03
1.510000e+03	2.920000e+02	0.000000e+00	1	2.824859e-03
1.512000e+03	2.890000e+02	0.000000e+00	1	2.824859e-03
1.582000e+03	1.660000e+02	0.000000e+00	1	2.824859e-03
1.624000e+03	1.290000e+02	0.000000e+00	1	2.824859e-03
1.531000e+03	2.430000e+02	0.000000e+00	1	2.824859e-03
1.558000e+03	1.900000e+02	0.000000e+00	1	2.824859e-03
1.515000e+03	2.840000e+02	0.000000e+00	1	2.824859e-03
1.595000e+03	1.510000e+02	0.000000e+00	1	2.824859e-03
1.500000e+03	4.410000e+02	0.000000e+00	1	2.824859e-03
1.583000e+03	1.650000e+02	0.000000e+00	1	2.824859e-03
1.554000e+03	1.950000e+02	0.000000e+00	1	2.824859e-03
1.528000e+03	2.490000e+02	0.000000e+00	1	2.824859e-03
1.548000e+03	2.080000e+02	0.000000e+00	1	2.824859e-03
1.540000e+03	2.260000e+02	0.000000e+00	1	2.824859e-03
1.548000e+03	2.080000e+02	0.000000e+00	1	2.824859e-03
1.612000e+03	1.350000e+02	0.000000e+00	1	2.824859e-03
1.584000e+03	1.640000e+02	0.000000e+00	1	2.824859e-03
1.600000e+03	1.440000e+02	0.000000e+00	1	2.824859e-03
1.509000e+03	2.940000e+02	0.000000e+00	1	2.824859e-03
1.534000e+03	2.370000e+02	0.000000e+00	1	2.824859e-03
1.626000e+03	1.270000e+02	0.000000e+00	1	2.824859e-03
1.661000e+03	1.160000e+02	0.000000e+00	1	1.440922e-03
1.564000e+03	1.820000e+02	0.000000e+00	1	1.440922e-03
1.634000e+03	1.240000e+02	0.000000e+00	1	1.440922e-03
1.540000e+03	2.260000e+02	0.000000e+00	1	1.440922e-03
1.583000e+03	1.650000e+02	0.000000e+00	1	1.440922e-03
1.618000e+03	1.320000e+02	0.000000e+00	1	1.440922e-03
1.592000e+03	1.560000e+02	0.000000e+00	1	1.440922e-03
1.515000e+03	2.840000e+02	0.000000e+00	1	1.440922e-03
1.603000e+03	1.410000e+02	0.000000e+00	1	1.440922e-03
1.659000e+03	1.170000e+02	0.000000e+00	1	1.440922e-03
1.558000e+03	1.900000e+02	0.000000e+00	1	1.440922e-03
1.587000e+03	1.620000e+02	0.000000e+00	1	1.440922e-03
1.541000e+03	2.250000e+02	0.000000e+00	1	1.440922e-03
1.602000e+03	1.420000e+02	0.000000e+00	1	1.440922e-03
1.628000e+03	1.260000e+02	0.000000e+00	1	1.440922e-03
1.606000e+03	1.390000e+02	0.000000e+00	1	1.440922e-03
1.500000e+03	4.410000e+02	0.000000e+00	1	1.440922e-03
1.624000e+03	1.290000e+02	0.000000e+00	1	1.440922e-03
1.518000e+03	2.800000e+02	0.000000e+00	1	1.440922e-03
1.509000e+03	2.940000e+02	0.000000e+00	1	1.440922e-03
1.578000e+03	1.690000e+02	0.000000e+00	1	1.440922e-03
1.512000e+03	2.890000e+02	0.000000e+00	1	1.440922e-03
1.595000e+03	1.510000e+02	0.000000e+00	1	1.440922e-03
1.582000e+03	1.660000e+02	0.000000e+00	1	1.440922e-03
1.648000e+03	1.180000e+02	0.000000e+00	1	1.440922e-03
1.622000e+03	1.300000e+02	0.000000e+00	1	1.440922e-03
1.571000e+03	1.750000e+02	0.000000e+00	1	1.440922e-03
1.612000e+03	1.350000e+02	0.000000e+00	1	1.440922e-03
1.630000e+03	1.250000e+02	0.000000e+00	1	1.440922e-03
1.576000e+03	1.710000e+02	0.000000e+00	1	1.440922e-03
1.557000e+03	1.910000e+02	0.000000e+00	1	1.440922e-03
1.568000e+03	1.780000e+02	0.000000e+00	1	1.440922e-03
1.540000e+03	2.260000e+02	0.000000e+00	1	1.440922e-03
1.626000e+03	1.270000e+02	0.000000e+00	1	1.440922e-03
1.626000e+03	1.270000e+02	0.000000e+00	1	1.440922e-03
1.573000e+03	1.730000e+02	0.000000e+00	1	1.440922e-03
1.575000e+03	1.720000e+02	0.000000e+00	1	1.440922e-03
1.523000e+03	2.630000e+02	0.000000e+00	1	1.440922e-03
1.601000e+03	1.430000e+02	0.000000e+00	1	1.440922e-03
1.572000e+03	1.740000e+02	0.000000e+00	1	1.440922e-03
1.557000e+03	1.910000e+02	0.000000e+00	1	1.440922e-03
1.536000e+03	2.320000e+02	0.000000e+00	1	1.440922e-03
1.585000e+03	1.630000e+02	0.000000e+00	1	1.440922e-03
1.644000e+03	1.190000e+02	0.000000e+00	1	1.440922e-03
1.522000e+03	2.640000e+02	0.000000e+00	1	1.440922e-03
1.559000e+03	1.880000e+02	0.000000e+00	1	1.440922e-03
1.661000e+03	1.160000e+02	0.000000e+00	1	1.440922e-03
1.637000e+03	1.220000e+02	0.000000e+00	1	1.440922e-03
1.610000e+03	1.360000e+02	0.000000e+00	1	1.440922e-03
1.538000e+03	2.300000e+02	0.000000e+00	1	1.440922e-03
1.544000e+03	2.160000e+02	0.000000e+00	1	1.440922e-03
1.573000e+03	1.730000e+02	0.000000e+00	1	1.440922e-03
1.515000e+03	2.840000e+02	0.000000e+00	1	1.440922e-03
1.584000e+03	1.640000e+02	0.000000e+00	1	1.440922e-03
1.531000e+03	2.430000e+02	0.000000e+00	1	1.440922e-03
1.555000e+03	1.940000e+02	0.000000e+00	1	1.440922e-03
1.561000e+03	1.860000e+02	0.000000e+00	1	1.440922e-03
1.551000e+03	2.010000e+02	0.000000e+00	1	1.440922e-03
1.605000e+03	1.400000e+02	0.000000e+00	1	1.440922e-03
1.616000e+03	1.330000e+02	0.000000e+00	1	1.440922e-03
1.572000e+03	1.740000e+02	0.000000e+00	1	1.440922e-03
1.600000e+03	1.440000e+02	0.000000e+00	1	1.440922e-03
1.566000e+03	1.800000e+02	0.000000e+00	1	1.440922e-03
1.635000e+03	1.230000e+02	0.000000e+00	1	1.440922e-03
1.560000e+03	1.870000e+02	0.000000e+00	1	1.440922e-03
1.618000e+03	1.320000e+02	0.000000e+00	1	1.440922e-03
1.501000e+03	4.400000e+02	0.000000e+00	1	1.440922e-03
1.607000e+03	1.380000e+02	0.000000e+00	1	1.440922e-03
1.609000e+03	1.370000e+02	0.000000e+00	1	1.440922e-03
1.528000e+03	2.490000e+02	0.000000e+00	1	0.000000e+00
1.521000e+03	2.660000e+02	0.000000e+00	1	0.000000e+00
1.624000e+03	1.290000e+02	0.000000e+00	1	0.000000e+00
1.625000e+03	1.280000e+02	0.000000e+00	1	0.000000e+00
1.616000e+03	1.330000e+02	0.000000e+00	1	0.000000e+00
1.514000e+03	2.850000e+02	0.000000e+00	1	0.000000e+00
1.584000e+03	1.640000e+02	0.000000e+00	1	0.000000e+00
1.642000e+03	1.200000e+02	0.000000e+00	1	0.000000e+00
1.582000e+03	1.660000e+02	0.000000e+00	1	0.000000e+00
1.583000e+03	1.650000e+02	0.000000e+00	1	0.000000e+00
1.564000e+03	1.820000e+02	0.000000e+00	1	0.000000e+00
1.533000e+03	2.400000e+02	0.000000e+00	1	0.000000e+00
1.544000e+03	2.160000e+02	0.000000e+00	1	0.000000e+00
1.562000e+03	1.850000e+02	0.000000e+00	1	0.000000e+00
1.530000e+03	2.450000e+02	0.000000e+00	1	0.000000e+00
1.626000e+03	1.270000e+02	0.000000e+00	1	0.000000e+00
1.543000e+03	2.180000e+02	0.000000e+00	1	0.000000e+00
1.587000e+03	1.620000e+02	0.000000e+00	1	0.000000e+00
1.577000e+03	1.700000e+02	0.000000e+00	1	0.000000e+00
1.523000e+03	2.630000e+02	0.000000e+00	1	0.000000e+00
1.576000e+03	1.710000e+02	0.000000e+00	1	0.000000e+00
1.606000e+03	1.390000e+02	0.000000e+00	1	0.000000e+00
1.516000e+03	2.830000e+02	0.000000e+00	1	0.000000e+00
1.502000e+03	3.210000e+02	0.000000e+00	1	0.000000e+00
1.612000e+03	1.350000e+02	0.000000e+00	1	0.000000e+00
1.542000e+03	2.200000e+02	0.000000e+00	1	0.000000e+00
1.634000e+03	1.240000e+02	0.000000e+00	1	0.000000e+00
1.505000e+03	3.040000e+02	0.000000e+00	1	0.000000e+00
1.577000e+03	1.700000e+02	0.000000e+00	1	0.000000e+00
1.591000e+03	1.580000e+02	0.000000e+00	1	0.000000e+00
1.598000e+03	1.460000e+02	0.000000e+00	1	0.000000e+00
1.625000e+03	1.280000e+02	0.000000e+00	1	0.000000e+00
1.494000e+03	4.600000e+02	0.000000e+00	1	0.000000e+00
1.539000e+03	2.270000e+02	0.000000e+00	1	0.000000e+00
1.518000e+03	2.800000e+02	0.000000e+00	1	0.000000e+00
1.591000e+03	1.580000e+02	0.000000e+00	1	0.000000e+00
1.588000e+03	1.610000e+02	0.000000e+00	1	0.000000e+00
1.577000e+03	1.700000e+02	0.000000e+00	1	0.000000e+00
1.515000e+03	2.840000e+02	0.000000e+00	1	0.000000e+00
1.580000e+03	1.670000e+02	0.000000e+00	1	0.000000e+00
1.568000e+03	1.780000e+02	0.000000e+00	1	0.000000e+00
1.563000e+03	1.830000e+02	0.000000e+00	1	0.000000e+00
1.497000e+03	4.460000e+02	0.000000e+00	1	0.000000e+00
1.532000e+03	2.420000e+02	0.000000e+00	1	0.000000e+00
1.497000e+03	4.460000e+02	0.000000e+00	1	0.000000e+00
1.635000e+03	1.230000e+02	0.000000e+00	1	0.000000e+00
1.577000e+03	1.700000e+02	0.000000e+00	1	0.000000e+00
1.622000e+03	1.300000e+02	0.000000e+00	1	0.000000e+00
1.515000e+03	2.840000e+02	0.000000e+00	1	0.000000e+00
1.592000e+03	1.560000e+02	0.000000e+00	1	0.000000e+00
1.594000e+03	1.530000e+02	0.000000e+00	1	0.000000e+00
1.599000e+03	1.450000e+02	0.000000e+00	1	0.000000e+00
1.539000e+03	2.270000e+02	0.000000e+00	1	0.000000e+00
1.596000e+03	1.500000e+02	0.000000e+00	1	0.000000e+00
1.610000e+03	1.360000e+02	0.000000e+00	1	0.000000e+00
1.595000e+03	1.510000e+02	0.000000e+00	1	0.000000e+00
1.532000e+03	2.420000e+02	0.000000e+00	1	0.000000e+00
1.551000e+03	2.010000e+02	0.000000e+00	1	0.000000e+00
1.590000e+03	1.600000e+02	0.000000e+00	1	0.000000e+00
1.510000e+03	2.920000e+02	0.000000e+00	1	0.000000e+00
1.572000e+03	1.740000e+02	0.000000e+00	1	0.000000e+00
1.505000e+03	3.040000e+02	0.000000e+00	1	0.000000e+00
1.515000e+03	2.840000e+02	0.000000e+00	1	0.000000e+00
1.556000e+03	1.920000e+02	0.000000e+00	1	0.000000e+00
1.550000e+03	2.030000e+02	0.000000e+00	1	0.000000e+00
1.528000e+03	2.490000e+02	0.000000e+00	1	0.000000e+00
1.575000e+03	1.720000e+02	0.000000e+00	1	0.000000e+00
1.518000e+03	2.800000e+02	0.000000e+00	1	0.000000e+00
1.561000e+03	1.860000e+02	0.000000e+00	1	0.000000e+00
1.592000e+03	1.560000e+02	0.000000e+00	1	0.000000e+00
1.588000e+03	1.610000e+02	0.000000e+00	1	0.000000e+00
1.622000e+03	1.300000e+02	0.000000e+00	1	0.000000e+00
1.644000e+03	1.190000e+02	0.000000e+00	1	0.000000e+00
1.585000e+03	1.630000e+02	0.000000e+00	1	0.000000e+00
1.552000e+03	2.000000e+02	0.000000e+00	1	0.000000e+00
1.594000e+03	1.530000e+02	0.000000e+00	1	0.000000e+00
1.575000e+03	1.720000e+02	0.000000e+00	1	0.000000e+00
1.563000e+03	1.830000e+02	0.000000e+00	1	0.000000e+00
1.541000e+03	2.250000e+02	0.000000e+00	1	0.000000e+00
1.573000e+03	1.730000e+02	0.000000e+00	1	0.000000e+00
1.639000e+03	1.210000e+02	0.000000e+00	1	0.000000e+00
1.569000e+03	1.770000e+02	0.000000e+00	1	0.000000e+00
1.622000e+03	1.300000e+02	0.000000e+00	1	0.000000e+00
1.500000e+03	4.410000e+02	0.000000e+00	1	0.000000e+00
1.553000e+03	1.970000e+02	0.000000e+00	1	0.000000e+00
1.564000e+03	1.820000e+02	0.000000e+00	1	0.000000e+00
1.600000e+03	1.440000e+02	0.000000e+00	1	0.000000e+00
1.584000e+03	1.640000e+02	0.000000e+00	1	0.000000e+00
1.527000e+03	2.510000e+02	0.000000e+00	1	0.000000e+00
1.592000e+03	1.560000e+02	0.000000e+00	1	0.000000e+00
1.563000e+03	1.830000e+02	0.000000e+00	1	0.000000e+00
1.494000e+03	4.600000e+02	0.000000e+00	1	0.000000e+00
1.620000e+03	1.310000e+02	0.000000e+00	1	0.000000e+00
1.575000e+03	1.720000e+02	0.000000e+00	1	0.000000e+00
1.626000e+03	1.270000e+02	0.000000e+00	1	0.000000e+00
1.580000e+03	1.670000e+02	0.000000e+00	1	0.000000e+00
1.583000e+03	1.650000e+02	0.000000e+00	1	0.000000e+00
1.635000e+03	1.230000e+02	0.000000e+00	1	0.000000e+00
1.575000e+03	1.720000e+02	0.000000e+00	1	0.000000e+00
1.594000e+03	1.530000e+02	0.000000e+00	1	0.000000e+00
1.580000e+03	1.670000e+02	0.000000e+00	1	0.000000e+00
1.555000e+03	1.940000e+02	0.000000e+00	1	0.000000e+00
1.584000e+03	1.640000e+02	0.000000e+00	1	0.000000e+00
1.606000e+03	1.390000e+02	0.000000e+00	1	0.000000e+00
1.554000e+03	1.950000e+02	0.000000e+00	1	0.000000e+00
1.639000e+03	1.210000e+02	0.000000e+00	1	0.000000e+00
1.494000e+03	4.600000e+02	0.000000e+00	1	0.000000e+00
1.547000e+03	2.110000e+02	0.000000e+00	1	0.000000e+00
1.514000e+03	2.850000e+02	0.000000e+00	1	0.000000e+00
1.609000e+03	1.370000e+02	0.000000e+00	1	0.000000e+00
1.557000e+03	1.910000e+02	0.000000e+00	1	0.000000e+00
1.600000e+03	1.440000e+02	0.000000e+00	1	0.000000e+00
1.543000e+03	2.180000e+02	0.000000e+00	1	0.000000e+00
1.502000e+03	3.210000e+02	0.000000e+00	1	0.000000e+00
1.576000e+03	1.710000e+02	0.000000e+00	1	0.000000e+00
1.572000e+03	1.740000e+02	0.000000e+00	1	0.000000e+00
1.557000e+03	1.910000e+02	0.000000e+00	1	0.000000e+00
1.526000e+03	2.540000e+02	0.000000e+00	1	0.000000e+00
1.503000e+03	3.190000e+02	0.000000e+00	1	0.000000e+00
1.512000e+03	2.890000e+02	0.000000e+00	1	0.000000e+00
1.570000e+03	1.760000e+02	0.000000e+00	1	0.000000e+00
Total execution time: 276219.388
