# This file contains the data of final feasible population (if found)
# of objectives = 2, # of constraints = 0, # of real_var = 0, # of bits of bin_var = 0, constr_violation, rank, crowding_distance
1.671238e-01	8.065492e-01	0.000000e+00	1	1.000000e+14
1.483890e-01	8.147238e-01	0.000000e+00	1	1.000000e+14
1.623263e-01	8.113556e-01	0.000000e+00	1	3.240228e-01
1.501853e-01	8.116603e-01	0.000000e+00	1	3.240228e-01
1.632424e-01	8.084508e-01	0.000000e+00	1	8.796117e-02
1.630850e-01	8.098889e-01	0.000000e+00	1	8.796117e-02
1.656078e-01	8.071810e-01	0.000000e+00	1	6.594881e-02
1.628963e-01	8.105365e-01	0.000000e+00	1	3.459475e-02
1.668711e-01	8.066540e-01	0.000000e+00	1	3.371580e-02
1.630184e-01	8.100000e-01	0.000000e+00	1	3.281553e-02
1.668711e-01	8.066540e-01	0.000000e+00	1	3.223301e-02
1.484723e-01	8.144952e-01	0.000000e+00	1	2.893204e-02
1.484842e-01	8.140222e-01	0.000000e+00	1	2.893204e-02
1.488916e-01	8.127238e-01	0.000000e+00	1	2.893204e-02
1.488797e-01	8.131968e-01	0.000000e+00	1	2.893204e-02
1.623263e-01	8.113556e-01	0.000000e+00	1	2.721260e-02
1.623856e-01	8.109365e-01	0.000000e+00	1	2.563107e-02
1.501853e-01	8.116603e-01	0.000000e+00	1	2.304719e-02
1.493945e-01	8.116921e-01	0.000000e+00	1	2.110544e-02
1.623263e-01	8.113556e-01	0.000000e+00	1	1.864078e-02
1.501853e-01	8.116603e-01	0.000000e+00	1	1.864078e-02
1.642300e-01	8.076984e-01	0.000000e+00	1	1.772932e-02
1.648797e-01	8.076921e-01	0.000000e+00	1	1.734097e-02
1.492884e-01	8.120889e-01	0.000000e+00	1	1.627142e-02
1.487964e-01	8.134254e-01	0.000000e+00	1	1.362438e-02
1.642300e-01	8.076984e-01	0.000000e+00	1	1.346819e-02
1.634578e-01	8.081810e-01	0.000000e+00	1	1.237679e-02
1.490643e-01	8.122889e-01	0.000000e+00	1	1.223301e-02
1.492884e-01	8.120889e-01	0.000000e+00	1	1.223301e-02
1.493717e-01	8.118603e-01	0.000000e+00	1	1.190873e-02
1.632424e-01	8.084508e-01	0.000000e+00	1	1.099705e-02
1.485675e-01	8.137937e-01	0.000000e+00	1	1.029126e-02
1.493945e-01	8.116921e-01	0.000000e+00	1	1.029126e-02
1.485903e-01	8.136254e-01	0.000000e+00	1	1.029126e-02
1.484117e-01	8.145556e-01	0.000000e+00	1	1.029126e-02
1.488191e-01	8.132571e-01	0.000000e+00	1	1.029126e-02
1.487964e-01	8.134254e-01	0.000000e+00	1	1.029126e-02
1.485069e-01	8.138540e-01	0.000000e+00	1	1.029126e-02
1.483890e-01	8.147238e-01	0.000000e+00	1	1.029126e-02
1.489143e-01	8.125556e-01	0.000000e+00	1	1.029126e-02
1.489749e-01	8.124952e-01	0.000000e+00	1	1.029126e-02
1.484842e-01	8.140222e-01	0.000000e+00	1	1.029126e-02
1.488916e-01	8.127238e-01	0.000000e+00	1	1.029126e-02
1.493111e-01	8.119206e-01	0.000000e+00	1	1.029126e-02
1.489977e-01	8.123270e-01	0.000000e+00	1	1.029126e-02
1.486569e-01	8.135873e-01	0.000000e+00	1	9.902913e-03
1.627416e-01	8.107365e-01	0.000000e+00	1	9.708738e-03
1.628296e-01	8.105778e-01	0.000000e+00	1	9.708738e-03
1.633091e-01	8.083397e-01	0.000000e+00	1	8.984197e-03
1.636305e-01	8.080540e-01	0.000000e+00	1	7.766990e-03
1.649083e-01	8.076698e-01	0.000000e+00	1	7.558639e-03
1.655411e-01	8.072921e-01	0.000000e+00	1	6.796117e-03
1.630850e-01	8.098889e-01	0.000000e+00	1	6.796117e-03
1.634578e-01	8.081810e-01	0.000000e+00	1	6.796117e-03
1.656078e-01	8.071810e-01	0.000000e+00	1	6.796117e-03
1.630184e-01	8.100000e-01	0.000000e+00	1	6.796117e-03
1.649750e-01	8.075587e-01	0.000000e+00	1	6.796117e-03
1.633911e-01	8.082921e-01	0.000000e+00	1	6.796117e-03
1.653300e-01	8.073143e-01	0.000000e+00	1	6.796117e-03
1.636305e-01	8.080540e-01	0.000000e+00	1	6.796117e-03
1.639800e-01	8.078095e-01	0.000000e+00	1	6.796117e-03
1.652528e-01	8.074254e-01	0.000000e+00	1	6.796117e-03
1.636972e-01	8.079429e-01	0.000000e+00	1	6.796117e-03
1.668711e-01	8.066540e-01	0.000000e+00	1	6.742677e-03
1.671238e-01	8.065492e-01	0.000000e+00	1	6.742677e-03
1.639800e-01	8.078095e-01	0.000000e+00	1	6.672073e-03
1.671238e-01	8.065492e-01	0.000000e+00	1	6.407767e-03
1.668711e-01	8.066540e-01	0.000000e+00	1	6.407767e-03
1.490643e-01	8.122889e-01	0.000000e+00	1	5.980154e-03
1.636972e-01	8.079429e-01	0.000000e+00	1	5.768984e-03
1.639133e-01	8.079206e-01	0.000000e+00	1	5.768984e-03
1.649750e-01	8.075587e-01	0.000000e+00	1	5.634195e-03
1.653300e-01	8.073143e-01	0.000000e+00	1	5.634195e-03
1.655411e-01	8.072921e-01	0.000000e+00	1	5.634195e-03
1.651861e-01	8.075365e-01	0.000000e+00	1	5.634195e-03
1.639472e-01	8.078317e-01	0.000000e+00	1	5.436893e-03
1.639133e-01	8.079206e-01	0.000000e+00	1	5.436893e-03
1.651861e-01	8.075365e-01	0.000000e+00	1	5.436893e-03
1.652348e-01	8.074476e-01	0.000000e+00	1	5.436893e-03
1.493111e-01	8.119206e-01	0.000000e+00	1	5.306793e-03
1.624522e-01	8.108952e-01	0.000000e+00	1	5.193101e-03
1.633091e-01	8.083397e-01	0.000000e+00	1	4.691841e-03
1.636305e-01	8.080540e-01	0.000000e+00	1	4.609796e-03
1.489749e-01	8.124952e-01	0.000000e+00	1	4.295872e-03
1.624522e-01	8.108952e-01	0.000000e+00	1	4.271845e-03
1.625522e-01	8.108254e-01	0.000000e+00	1	4.271845e-03
1.630850e-01	8.098889e-01	0.000000e+00	1	4.200935e-03
1.486569e-01	8.135873e-01	0.000000e+00	1	3.721470e-03
1.488797e-01	8.131968e-01	0.000000e+00	1	3.689320e-03
1.484117e-01	8.145556e-01	0.000000e+00	1	3.689320e-03
1.489143e-01	8.125556e-01	0.000000e+00	1	3.689320e-03
1.484723e-01	8.144952e-01	0.000000e+00	1	3.689320e-03
1.488191e-01	8.132571e-01	0.000000e+00	1	3.689320e-03
1.493717e-01	8.118603e-01	0.000000e+00	1	3.689320e-03
1.485069e-01	8.138540e-01	0.000000e+00	1	3.689320e-03
1.485675e-01	8.137937e-01	0.000000e+00	1	3.689320e-03
1.630184e-01	8.100000e-01	0.000000e+00	1	3.257409e-03
1.628963e-01	8.105365e-01	0.000000e+00	1	3.257409e-03
1.655411e-01	8.072921e-01	0.000000e+00	1	3.138443e-03
1.633911e-01	8.082921e-01	0.000000e+00	1	2.912621e-03
1.625522e-01	8.108254e-01	0.000000e+00	1	2.668829e-03
1.628963e-01	8.105365e-01	0.000000e+00	1	2.524272e-03
1.625522e-01	8.108254e-01	0.000000e+00	1	2.524272e-03
1.623856e-01	8.109365e-01	0.000000e+00	1	2.524272e-03
1.626189e-01	8.107841e-01	0.000000e+00	1	2.524272e-03
1.627416e-01	8.107365e-01	0.000000e+00	1	2.524272e-03
1.628296e-01	8.105778e-01	0.000000e+00	1	2.524272e-03
1.626749e-01	8.107778e-01	0.000000e+00	1	2.524272e-03
1.628296e-01	8.105778e-01	0.000000e+00	1	2.351111e-03
1.627416e-01	8.107365e-01	0.000000e+00	1	2.351111e-03
1.489977e-01	8.123270e-01	0.000000e+00	1	2.330097e-03
1.490643e-01	8.122889e-01	0.000000e+00	1	2.330097e-03
1.485903e-01	8.136254e-01	0.000000e+00	1	2.330097e-03
1.486569e-01	8.135873e-01	0.000000e+00	1	2.330097e-03
1.639472e-01	8.078317e-01	0.000000e+00	1	2.235354e-03
1.633911e-01	8.082921e-01	0.000000e+00	1	2.188080e-03
1.653300e-01	8.073143e-01	0.000000e+00	1	2.062277e-03
1.652528e-01	8.074254e-01	0.000000e+00	1	2.062277e-03
1.493945e-01	8.116921e-01	0.000000e+00	1	1.941748e-03
1.486569e-01	8.135873e-01	0.000000e+00	1	1.779219e-03
1.625522e-01	8.108254e-01	0.000000e+00	1	1.779219e-03
1.626749e-01	8.107778e-01	0.000000e+00	1	1.779219e-03
1.627416e-01	8.107365e-01	0.000000e+00	1	1.779219e-03
1.628296e-01	8.105778e-01	0.000000e+00	1	1.779219e-03
1.656078e-01	8.071810e-01	0.000000e+00	1	1.779219e-03
1.632424e-01	8.084508e-01	0.000000e+00	1	1.779219e-03
1.626189e-01	8.107841e-01	0.000000e+00	1	1.779219e-03
1.485903e-01	8.136254e-01	0.000000e+00	1	1.779219e-03
1.636305e-01	8.080540e-01	0.000000e+00	1	1.779219e-03
1.490643e-01	8.122889e-01	0.000000e+00	1	1.779219e-03
1.630184e-01	8.100000e-01	0.000000e+00	1	1.779219e-03
1.624522e-01	8.108952e-01	0.000000e+00	1	1.779219e-03
1.649083e-01	8.076698e-01	0.000000e+00	1	1.779219e-03
1.633911e-01	8.082921e-01	0.000000e+00	1	1.779219e-03
1.649750e-01	8.075587e-01	0.000000e+00	1	1.779219e-03
1.636972e-01	8.079429e-01	0.000000e+00	1	1.779219e-03
1.623856e-01	8.109365e-01	0.000000e+00	1	1.779219e-03
1.630850e-01	8.098889e-01	0.000000e+00	1	1.779219e-03
1.634578e-01	8.081810e-01	0.000000e+00	1	1.779219e-03
1.489977e-01	8.123270e-01	0.000000e+00	1	1.779219e-03
1.489143e-01	8.125556e-01	0.000000e+00	1	1.617472e-03
1.484723e-01	8.144952e-01	0.000000e+00	1	1.617472e-03
1.484117e-01	8.145556e-01	0.000000e+00	1	1.617472e-03
1.489749e-01	8.124952e-01	0.000000e+00	1	1.617472e-03
1.485675e-01	8.137937e-01	0.000000e+00	1	1.617472e-03
1.485069e-01	8.138540e-01	0.000000e+00	1	1.617472e-03
1.488191e-01	8.132571e-01	0.000000e+00	1	1.617472e-03
1.488797e-01	8.131968e-01	0.000000e+00	1	1.617472e-03
1.623856e-01	8.109365e-01	0.000000e+00	1	1.581528e-03
1.626189e-01	8.107841e-01	0.000000e+00	1	1.494434e-03
1.626749e-01	8.107778e-01	0.000000e+00	1	1.494434e-03
1.639800e-01	8.078095e-01	0.000000e+00	1	1.359223e-03
1.636972e-01	8.079429e-01	0.000000e+00	1	1.359223e-03
1.649750e-01	8.075587e-01	0.000000e+00	1	1.359223e-03
1.652528e-01	8.074254e-01	0.000000e+00	1	1.359223e-03
1.651861e-01	8.075365e-01	0.000000e+00	1	1.359223e-03
1.653300e-01	8.073143e-01	0.000000e+00	1	1.359223e-03
1.639133e-01	8.079206e-01	0.000000e+00	1	1.359223e-03
1.652348e-01	8.074476e-01	0.000000e+00	1	1.359223e-03
1.648797e-01	8.076921e-01	0.000000e+00	1	1.359223e-03
1.649083e-01	8.076698e-01	0.000000e+00	1	1.359223e-03
1.652348e-01	8.074476e-01	0.000000e+00	1	1.299754e-03
1.651861e-01	8.075365e-01	0.000000e+00	1	1.299754e-03
1.639472e-01	8.078317e-01	0.000000e+00	1	9.030886e-04
1.639133e-01	8.079206e-01	0.000000e+00	1	9.030886e-04
1.639800e-01	8.078095e-01	0.000000e+00	1	8.761308e-04
1.648797e-01	8.076921e-01	0.000000e+00	1	7.625226e-04
1.484117e-01	8.145556e-01	0.000000e+00	1	6.065521e-04
1.489143e-01	8.125556e-01	0.000000e+00	1	6.065521e-04
1.488191e-01	8.132571e-01	0.000000e+00	1	6.065521e-04
1.492884e-01	8.120889e-01	0.000000e+00	1	6.065521e-04
1.488916e-01	8.127238e-01	0.000000e+00	1	6.065521e-04
1.483890e-01	8.147238e-01	0.000000e+00	1	6.065521e-04
1.485069e-01	8.138540e-01	0.000000e+00	1	6.065521e-04
1.487964e-01	8.134254e-01	0.000000e+00	1	6.065521e-04
1.484842e-01	8.140222e-01	0.000000e+00	1	6.065521e-04
1.493111e-01	8.119206e-01	0.000000e+00	1	6.065521e-04
1.489977e-01	8.123270e-01	0.000000e+00	1	6.065521e-04
1.493945e-01	8.116921e-01	0.000000e+00	1	6.065521e-04
1.493717e-01	8.118603e-01	0.000000e+00	1	6.065521e-04
1.485675e-01	8.137937e-01	0.000000e+00	1	6.065521e-04
1.485903e-01	8.136254e-01	0.000000e+00	1	6.065521e-04
1.652528e-01	8.074254e-01	0.000000e+00	1	4.794650e-04
1.652348e-01	8.074476e-01	0.000000e+00	1	4.794650e-04
1.648797e-01	8.076921e-01	0.000000e+00	1	3.883495e-04
1.626189e-01	8.107841e-01	0.000000e+00	1	3.883495e-04
1.626749e-01	8.107778e-01	0.000000e+00	1	3.883495e-04
1.488916e-01	8.127238e-01	0.000000e+00	1	3.177177e-04
1.488797e-01	8.131968e-01	0.000000e+00	1	3.177177e-04
1.484723e-01	8.144952e-01	0.000000e+00	1	3.177177e-04
1.484842e-01	8.140222e-01	0.000000e+00	1	3.177177e-04
1.493717e-01	8.118603e-01	0.000000e+00	1	0.000000e+00
1.485675e-01	8.137937e-01	0.000000e+00	1	0.000000e+00
1.484723e-01	8.144952e-01	0.000000e+00	1	0.000000e+00
1.484117e-01	8.145556e-01	0.000000e+00	1	0.000000e+00
1.642300e-01	8.076984e-01	0.000000e+00	1	0.000000e+00
1.483890e-01	8.147238e-01	0.000000e+00	1	0.000000e+00
1.630184e-01	8.100000e-01	0.000000e+00	1	0.000000e+00
1.483890e-01	8.147238e-01	0.000000e+00	1	0.000000e+00
1.485675e-01	8.137937e-01	0.000000e+00	1	0.000000e+00
1.483890e-01	8.147238e-01	0.000000e+00	1	0.000000e+00
1.652528e-01	8.074254e-01	0.000000e+00	1	0.000000e+00
1.488191e-01	8.132571e-01	0.000000e+00	1	0.000000e+00
1.483890e-01	8.147238e-01	0.000000e+00	1	0.000000e+00
1.489749e-01	8.124952e-01	0.000000e+00	1	0.000000e+00
1.484723e-01	8.144952e-01	0.000000e+00	1	0.000000e+00
1.485675e-01	8.137937e-01	0.000000e+00	1	0.000000e+00
1.484117e-01	8.145556e-01	0.000000e+00	1	0.000000e+00
1.493945e-01	8.116921e-01	0.000000e+00	1	0.000000e+00
1.623856e-01	8.109365e-01	0.000000e+00	1	0.000000e+00
1.485903e-01	8.136254e-01	0.000000e+00	1	0.000000e+00
1.487964e-01	8.134254e-01	0.000000e+00	1	0.000000e+00
1.483890e-01	8.147238e-01	0.000000e+00	1	0.000000e+00
1.483890e-01	8.147238e-01	0.000000e+00	1	0.000000e+00
1.485069e-01	8.138540e-01	0.000000e+00	1	0.000000e+00
1.639133e-01	8.079206e-01	0.000000e+00	1	0.000000e+00
1.630850e-01	8.098889e-01	0.000000e+00	1	0.000000e+00
1.668711e-01	8.066540e-01	0.000000e+00	1	0.000000e+00
1.630184e-01	8.100000e-01	0.000000e+00	1	0.000000e+00
1.487964e-01	8.134254e-01	0.000000e+00	1	0.000000e+00
1.484117e-01	8.145556e-01	0.000000e+00	1	0.000000e+00
1.483890e-01	8.147238e-01	0.000000e+00	1	0.000000e+00
1.484117e-01	8.145556e-01	0.000000e+00	1	0.000000e+00
1.655411e-01	8.072921e-01	0.000000e+00	1	0.000000e+00
1.649750e-01	8.075587e-01	0.000000e+00	1	0.000000e+00
1.639133e-01	8.079206e-01	0.000000e+00	1	0.000000e+00
1.489143e-01	8.125556e-01	0.000000e+00	1	0.000000e+00
1.493717e-01	8.118603e-01	0.000000e+00	1	0.000000e+00
1.483890e-01	8.147238e-01	0.000000e+00	1	0.000000e+00
1.649750e-01	8.075587e-01	0.000000e+00	1	0.000000e+00
1.668711e-01	8.066540e-01	0.000000e+00	1	0.000000e+00
1.485903e-01	8.136254e-01	0.000000e+00	1	0.000000e+00
1.488797e-01	8.131968e-01	0.000000e+00	1	0.000000e+00
1.485903e-01	8.136254e-01	0.000000e+00	1	0.000000e+00
1.490643e-01	8.122889e-01	0.000000e+00	1	0.000000e+00
1.623263e-01	8.113556e-01	0.000000e+00	1	0.000000e+00
1.487964e-01	8.134254e-01	0.000000e+00	1	0.000000e+00
1.649750e-01	8.075587e-01	0.000000e+00	1	0.000000e+00
1.652348e-01	8.074476e-01	0.000000e+00	1	0.000000e+00
1.483890e-01	8.147238e-01	0.000000e+00	1	0.000000e+00
1.634578e-01	8.081810e-01	0.000000e+00	1	0.000000e+00
1.484842e-01	8.140222e-01	0.000000e+00	1	0.000000e+00
1.489977e-01	8.123270e-01	0.000000e+00	1	0.000000e+00
1.651861e-01	8.075365e-01	0.000000e+00	1	0.000000e+00
1.489977e-01	8.123270e-01	0.000000e+00	1	0.000000e+00
1.490643e-01	8.122889e-01	0.000000e+00	1	0.000000e+00
1.487964e-01	8.134254e-01	0.000000e+00	1	0.000000e+00
1.632424e-01	8.084508e-01	0.000000e+00	1	0.000000e+00
1.652528e-01	8.074254e-01	0.000000e+00	1	0.000000e+00
1.484117e-01	8.145556e-01	0.000000e+00	1	0.000000e+00
1.639133e-01	8.079206e-01	0.000000e+00	1	0.000000e+00
1.483890e-01	8.147238e-01	0.000000e+00	1	0.000000e+00
1.488916e-01	8.127238e-01	0.000000e+00	1	0.000000e+00
1.483890e-01	8.147238e-01	0.000000e+00	1	0.000000e+00
1.623263e-01	8.113556e-01	0.000000e+00	1	0.000000e+00
1.483890e-01	8.147238e-01	0.000000e+00	1	0.000000e+00
1.484117e-01	8.145556e-01	0.000000e+00	1	0.000000e+00
1.484842e-01	8.140222e-01	0.000000e+00	1	0.000000e+00
1.656078e-01	8.071810e-01	0.000000e+00	1	0.000000e+00
1.485069e-01	8.138540e-01	0.000000e+00	1	0.000000e+00
1.639472e-01	8.078317e-01	0.000000e+00	1	0.000000e+00
1.652528e-01	8.074254e-01	0.000000e+00	1	0.000000e+00
1.484723e-01	8.144952e-01	0.000000e+00	1	0.000000e+00
1.652528e-01	8.074254e-01	0.000000e+00	1	0.000000e+00
1.483890e-01	8.147238e-01	0.000000e+00	1	0.000000e+00
1.483890e-01	8.147238e-01	0.000000e+00	1	0.000000e+00
1.636305e-01	8.080540e-01	0.000000e+00	1	0.000000e+00
1.656078e-01	8.071810e-01	0.000000e+00	1	0.000000e+00
1.483890e-01	8.147238e-01	0.000000e+00	1	0.000000e+00
1.484117e-01	8.145556e-01	0.000000e+00	1	0.000000e+00
1.488191e-01	8.132571e-01	0.000000e+00	1	0.000000e+00
1.487964e-01	8.134254e-01	0.000000e+00	1	0.000000e+00
1.483890e-01	8.147238e-01	0.000000e+00	1	0.000000e+00
1.484117e-01	8.145556e-01	0.000000e+00	1	0.000000e+00
1.636305e-01	8.080540e-01	0.000000e+00	1	0.000000e+00
1.483890e-01	8.147238e-01	0.000000e+00	1	0.000000e+00
1.484117e-01	8.145556e-01	0.000000e+00	1	0.000000e+00
1.483890e-01	8.147238e-01	0.000000e+00	1	0.000000e+00
1.492884e-01	8.120889e-01	0.000000e+00	1	0.000000e+00
1.484723e-01	8.144952e-01	0.000000e+00	1	0.000000e+00
1.484723e-01	8.144952e-01	0.000000e+00	1	0.000000e+00
1.485069e-01	8.138540e-01	0.000000e+00	1	0.000000e+00
1.484842e-01	8.140222e-01	0.000000e+00	1	0.000000e+00
1.484117e-01	8.145556e-01	0.000000e+00	1	0.000000e+00
1.484117e-01	8.145556e-01	0.000000e+00	1	0.000000e+00
1.488916e-01	8.127238e-01	0.000000e+00	1	0.000000e+00
1.636972e-01	8.079429e-01	0.000000e+00	1	0.000000e+00
1.484117e-01	8.145556e-01	0.000000e+00	1	0.000000e+00
1.652528e-01	8.074254e-01	0.000000e+00	1	0.000000e+00
1.483890e-01	8.147238e-01	0.000000e+00	1	0.000000e+00
1.487964e-01	8.134254e-01	0.000000e+00	1	0.000000e+00
1.636305e-01	8.080540e-01	0.000000e+00	1	0.000000e+00
1.483890e-01	8.147238e-01	0.000000e+00	1	0.000000e+00
1.484117e-01	8.145556e-01	0.000000e+00	1	0.000000e+00
1.630850e-01	8.098889e-01	0.000000e+00	1	0.000000e+00
1.485069e-01	8.138540e-01	0.000000e+00	1	0.000000e+00
1.639133e-01	8.079206e-01	0.000000e+00	1	0.000000e+00
1.639472e-01	8.078317e-01	0.000000e+00	1	0.000000e+00
1.483890e-01	8.147238e-01	0.000000e+00	1	0.000000e+00
1.493111e-01	8.119206e-01	0.000000e+00	1	0.000000e+00
1.484117e-01	8.145556e-01	0.000000e+00	1	0.000000e+00
1.484723e-01	8.144952e-01	0.000000e+00	1	0.000000e+00
1.633091e-01	8.083397e-01	0.000000e+00	1	0.000000e+00
1.649750e-01	8.075587e-01	0.000000e+00	1	0.000000e+00
1.656078e-01	8.071810e-01	0.000000e+00	1	0.000000e+00
1.483890e-01	8.147238e-01	0.000000e+00	1	0.000000e+00
1.483890e-01	8.147238e-01	0.000000e+00	1	0.000000e+00
1.483890e-01	8.147238e-01	0.000000e+00	1	0.000000e+00
1.484117e-01	8.145556e-01	0.000000e+00	1	0.000000e+00
1.636305e-01	8.080540e-01	0.000000e+00	1	0.000000e+00
1.652528e-01	8.074254e-01	0.000000e+00	1	0.000000e+00
1.487964e-01	8.134254e-01	0.000000e+00	1	0.000000e+00
1.501853e-01	8.116603e-01	0.000000e+00	1	0.000000e+00
1.484842e-01	8.140222e-01	0.000000e+00	1	0.000000e+00
1.488916e-01	8.127238e-01	0.000000e+00	1	0.000000e+00
1.493945e-01	8.116921e-01	0.000000e+00	1	0.000000e+00
1.649750e-01	8.075587e-01	0.000000e+00	1	0.000000e+00
1.483890e-01	8.147238e-01	0.000000e+00	1	0.000000e+00
1.484723e-01	8.144952e-01	0.000000e+00	1	0.000000e+00
1.483890e-01	8.147238e-01	0.000000e+00	1	0.000000e+00
1.630850e-01	8.098889e-01	0.000000e+00	1	0.000000e+00
1.483890e-01	8.147238e-01	0.000000e+00	1	0.000000e+00
1.655411e-01	8.072921e-01	0.000000e+00	1	0.000000e+00
1.627416e-01	8.107365e-01	0.000000e+00	1	0.000000e+00
1.484117e-01	8.145556e-01	0.000000e+00	1	0.000000e+00
1.483890e-01	8.147238e-01	0.000000e+00	1	0.000000e+00
1.484723e-01	8.144952e-01	0.000000e+00	1	0.000000e+00
1.484117e-01	8.145556e-01	0.000000e+00	1	0.000000e+00
1.484117e-01	8.145556e-01	0.000000e+00	1	0.000000e+00
1.488191e-01	8.132571e-01	0.000000e+00	1	0.000000e+00
1.483890e-01	8.147238e-01	0.000000e+00	1	0.000000e+00
1.484723e-01	8.144952e-01	0.000000e+00	1	0.000000e+00
1.484117e-01	8.145556e-01	0.000000e+00	1	0.000000e+00
1.501853e-01	8.116603e-01	0.000000e+00	1	0.000000e+00
1.636305e-01	8.080540e-01	0.000000e+00	1	0.000000e+00
1.651861e-01	8.075365e-01	0.000000e+00	1	0.000000e+00
1.484117e-01	8.145556e-01	0.000000e+00	1	0.000000e+00
1.651861e-01	8.075365e-01	0.000000e+00	1	0.000000e+00
1.483890e-01	8.147238e-01	0.000000e+00	1	0.000000e+00
1.484117e-01	8.145556e-01	0.000000e+00	1	0.000000e+00
1.483890e-01	8.147238e-01	0.000000e+00	1	0.000000e+00
1.483890e-01	8.147238e-01	0.000000e+00	1	0.000000e+00
1.630850e-01	8.098889e-01	0.000000e+00	1	0.000000e+00
1.484117e-01	8.145556e-01	0.000000e+00	1	0.000000e+00
1.483890e-01	8.147238e-01	0.000000e+00	1	0.000000e+00
1.630184e-01	8.100000e-01	0.000000e+00	1	0.000000e+00
1.483890e-01	8.147238e-01	0.000000e+00	1	0.000000e+00
1.484723e-01	8.144952e-01	0.000000e+00	1	0.000000e+00
1.633091e-01	8.083397e-01	0.000000e+00	1	0.000000e+00
1.636972e-01	8.079429e-01	0.000000e+00	1	0.000000e+00
1.492884e-01	8.120889e-01	0.000000e+00	1	0.000000e+00
1.485069e-01	8.138540e-01	0.000000e+00	1	0.000000e+00
1.489749e-01	8.124952e-01	0.000000e+00	1	0.000000e+00
1.483890e-01	8.147238e-01	0.000000e+00	1	0.000000e+00
1.487964e-01	8.134254e-01	0.000000e+00	1	0.000000e+00
1.487964e-01	8.134254e-01	0.000000e+00	1	0.000000e+00
1.486569e-01	8.135873e-01	0.000000e+00	1	0.000000e+00
1.639800e-01	8.078095e-01	0.000000e+00	1	0.000000e+00
1.639472e-01	8.078317e-01	0.000000e+00	1	0.000000e+00
1.648797e-01	8.076921e-01	0.000000e+00	1	0.000000e+00
1.484117e-01	8.145556e-01	0.000000e+00	1	0.000000e+00
1.489977e-01	8.123270e-01	0.000000e+00	1	0.000000e+00
1.483890e-01	8.147238e-01	0.000000e+00	1	0.000000e+00
1.485069e-01	8.138540e-01	0.000000e+00	1	0.000000e+00
1.493111e-01	8.119206e-01	0.000000e+00	1	0.000000e+00
1.483890e-01	8.147238e-01	0.000000e+00	1	0.000000e+00
1.483890e-01	8.147238e-01	0.000000e+00	1	0.000000e+00
1.484117e-01	8.145556e-01	0.000000e+00	1	0.000000e+00
1.484117e-01	8.145556e-01	0.000000e+00	1	0.000000e+00
1.484842e-01	8.140222e-01	0.000000e+00	1	0.000000e+00
1.483890e-01	8.147238e-01	0.000000e+00	1	0.000000e+00
1.651861e-01	8.075365e-01	0.000000e+00	1	0.000000e+00
1.484723e-01	8.144952e-01	0.000000e+00	1	0.000000e+00
1.484117e-01	8.145556e-01	0.000000e+00	1	0.000000e+00
1.484117e-01	8.145556e-01	0.000000e+00	1	0.000000e+00
1.626749e-01	8.107778e-01	0.000000e+00	1	0.000000e+00
1.625522e-01	8.108254e-01	0.000000e+00	1	0.000000e+00
1.483890e-01	8.147238e-01	0.000000e+00	1	0.000000e+00
1.493111e-01	8.119206e-01	0.000000e+00	1	0.000000e+00
1.487964e-01	8.134254e-01	0.000000e+00	1	0.000000e+00
1.483890e-01	8.147238e-01	0.000000e+00	1	0.000000e+00
1.652528e-01	8.074254e-01	0.000000e+00	1	0.000000e+00
1.483890e-01	8.147238e-01	0.000000e+00	1	0.000000e+00
1.484723e-01	8.144952e-01	0.000000e+00	1	0.000000e+00
1.485903e-01	8.136254e-01	0.000000e+00	1	0.000000e+00
1.484117e-01	8.145556e-01	0.000000e+00	1	0.000000e+00
1.484117e-01	8.145556e-01	0.000000e+00	1	0.000000e+00
1.633091e-01	8.083397e-01	0.000000e+00	1	0.000000e+00
1.493111e-01	8.119206e-01	0.000000e+00	1	0.000000e+00
1.483890e-01	8.147238e-01	0.000000e+00	1	0.000000e+00
1.484723e-01	8.144952e-01	0.000000e+00	1	0.000000e+00
1.636972e-01	8.079429e-01	0.000000e+00	1	0.000000e+00
1.484117e-01	8.145556e-01	0.000000e+00	1	0.000000e+00
1.483890e-01	8.147238e-01	0.000000e+00	1	0.000000e+00
1.488191e-01	8.132571e-01	0.000000e+00	1	0.000000e+00
1.488797e-01	8.131968e-01	0.000000e+00	1	0.000000e+00
1.483890e-01	8.147238e-01	0.000000e+00	1	0.000000e+00
1.501853e-01	8.116603e-01	0.000000e+00	1	0.000000e+00
1.484117e-01	8.145556e-01	0.000000e+00	1	0.000000e+00
1.485903e-01	8.136254e-01	0.000000e+00	1	0.000000e+00
1.489143e-01	8.125556e-01	0.000000e+00	1	0.000000e+00
1.501853e-01	8.116603e-01	0.000000e+00	1	0.000000e+00
1.488916e-01	8.127238e-01	0.000000e+00	1	0.000000e+00
1.484117e-01	8.145556e-01	0.000000e+00	1	0.000000e+00
1.485675e-01	8.137937e-01	0.000000e+00	1	0.000000e+00
1.488916e-01	8.127238e-01	0.000000e+00	1	0.000000e+00
1.489143e-01	8.125556e-01	0.000000e+00	1	0.000000e+00
1.488191e-01	8.132571e-01	0.000000e+00	1	0.000000e+00
1.483890e-01	8.147238e-01	0.000000e+00	1	0.000000e+00
1.483890e-01	8.147238e-01	0.000000e+00	1	0.000000e+00
1.483890e-01	8.147238e-01	0.000000e+00	1	0.000000e+00
1.492884e-01	8.120889e-01	0.000000e+00	1	0.000000e+00
1.668711e-01	8.066540e-01	0.000000e+00	1	0.000000e+00
1.627416e-01	8.107365e-01	0.000000e+00	1	0.000000e+00
1.483890e-01	8.147238e-01	0.000000e+00	1	0.000000e+00
1.493945e-01	8.116921e-01	0.000000e+00	1	0.000000e+00
1.639133e-01	8.079206e-01	0.000000e+00	1	0.000000e+00
1.639133e-01	8.079206e-01	0.000000e+00	1	0.000000e+00
1.489143e-01	8.125556e-01	0.000000e+00	1	0.000000e+00
1.492884e-01	8.120889e-01	0.000000e+00	1	0.000000e+00
1.649750e-01	8.075587e-01	0.000000e+00	1	0.000000e+00
1.630184e-01	8.100000e-01	0.000000e+00	1	0.000000e+00
1.483890e-01	8.147238e-01	0.000000e+00	1	0.000000e+00
1.484117e-01	8.145556e-01	0.000000e+00	1	0.000000e+00
1.488191e-01	8.132571e-01	0.000000e+00	1	0.000000e+00
1.488191e-01	8.132571e-01	0.000000e+00	1	0.000000e+00
1.483890e-01	8.147238e-01	0.000000e+00	1	0.000000e+00
1.484117e-01	8.145556e-01	0.000000e+00	1	0.000000e+00
1.484842e-01	8.140222e-01	0.000000e+00	1	0.000000e+00
1.642300e-01	8.076984e-01	0.000000e+00	1	0.000000e+00
1.625522e-01	8.108254e-01	0.000000e+00	1	0.000000e+00
1.649083e-01	8.076698e-01	0.000000e+00	1	0.000000e+00
1.628296e-01	8.105778e-01	0.000000e+00	1	0.000000e+00
1.639800e-01	8.078095e-01	0.000000e+00	1	0.000000e+00
1.623263e-01	8.113556e-01	0.000000e+00	1	0.000000e+00
1.484117e-01	8.145556e-01	0.000000e+00	1	0.000000e+00
1.671238e-01	8.065492e-01	0.000000e+00	1	0.000000e+00
1.483890e-01	8.147238e-01	0.000000e+00	1	0.000000e+00
1.483890e-01	8.147238e-01	0.000000e+00	1	0.000000e+00
1.483890e-01	8.147238e-01	0.000000e+00	1	0.000000e+00
1.484723e-01	8.144952e-01	0.000000e+00	1	0.000000e+00
1.486569e-01	8.135873e-01	0.000000e+00	1	0.000000e+00
1.484723e-01	8.144952e-01	0.000000e+00	1	0.000000e+00
1.488916e-01	8.127238e-01	0.000000e+00	1	0.000000e+00
1.483890e-01	8.147238e-01	0.000000e+00	1	0.000000e+00
1.636972e-01	8.079429e-01	0.000000e+00	1	0.000000e+00
1.484117e-01	8.145556e-01	0.000000e+00	1	0.000000e+00
1.485675e-01	8.137937e-01	0.000000e+00	1	0.000000e+00
1.668711e-01	8.066540e-01	0.000000e+00	1	0.000000e+00
1.623263e-01	8.113556e-01	0.000000e+00	1	0.000000e+00
1.624522e-01	8.108952e-01	0.000000e+00	1	0.000000e+00
1.483890e-01	8.147238e-01	0.000000e+00	1	0.000000e+00
1.484723e-01	8.144952e-01	0.000000e+00	1	0.000000e+00
1.483890e-01	8.147238e-01	0.000000e+00	1	0.000000e+00
1.483890e-01	8.147238e-01	0.000000e+00	1	0.000000e+00
1.636972e-01	8.079429e-01	0.000000e+00	1	0.000000e+00
1.483890e-01	8.147238e-01	0.000000e+00	1	0.000000e+00
1.489143e-01	8.125556e-01	0.000000e+00	1	0.000000e+00
1.484842e-01	8.140222e-01	0.000000e+00	1	0.000000e+00
1.484723e-01	8.144952e-01	0.000000e+00	1	0.000000e+00
1.492884e-01	8.120889e-01	0.000000e+00	1	0.000000e+00
1.649750e-01	8.075587e-01	0.000000e+00	1	0.000000e+00
1.634578e-01	8.081810e-01	0.000000e+00	1	0.000000e+00
1.485069e-01	8.138540e-01	0.000000e+00	1	0.000000e+00
1.626189e-01	8.107841e-01	0.000000e+00	1	0.000000e+00
1.490643e-01	8.122889e-01	0.000000e+00	1	0.000000e+00
1.483890e-01	8.147238e-01	0.000000e+00	1	0.000000e+00
1.483890e-01	8.147238e-01	0.000000e+00	1	0.000000e+00
1.493111e-01	8.119206e-01	0.000000e+00	1	0.000000e+00
1.483890e-01	8.147238e-01	0.000000e+00	1	0.000000e+00
1.487964e-01	8.134254e-01	0.000000e+00	1	0.000000e+00
1.484117e-01	8.145556e-01	0.000000e+00	1	0.000000e+00
1.487964e-01	8.134254e-01	0.000000e+00	1	0.000000e+00
1.484117e-01	8.145556e-01	0.000000e+00	1	0.000000e+00
1.485675e-01	8.137937e-01	0.000000e+00	1	0.000000e+00
1.483890e-01	8.147238e-01	0.000000e+00	1	0.000000e+00
1.483890e-01	8.147238e-01	0.000000e+00	1	0.000000e+00
1.484117e-01	8.145556e-01	0.000000e+00	1	0.000000e+00
1.484723e-01	8.144952e-01	0.000000e+00	1	0.000000e+00
1.652528e-01	8.074254e-01	0.000000e+00	1	0.000000e+00
1.487964e-01	8.134254e-01	0.000000e+00	1	0.000000e+00
1.484723e-01	8.144952e-01	0.000000e+00	1	0.000000e+00
1.493111e-01	8.119206e-01	0.000000e+00	1	0.000000e+00
1.624522e-01	8.108952e-01	0.000000e+00	1	0.000000e+00
1.483890e-01	8.147238e-01	0.000000e+00	1	0.000000e+00
1.483890e-01	8.147238e-01	0.000000e+00	1	0.000000e+00
1.484117e-01	8.145556e-01	0.000000e+00	1	0.000000e+00
1.483890e-01	8.147238e-01	0.000000e+00	1	0.000000e+00
1.488191e-01	8.132571e-01	0.000000e+00	1	0.000000e+00
1.485903e-01	8.136254e-01	0.000000e+00	1	0.000000e+00
1.484723e-01	8.144952e-01	0.000000e+00	1	0.000000e+00
1.483890e-01	8.147238e-01	0.000000e+00	1	0.000000e+00
1.639472e-01	8.078317e-01	0.000000e+00	1	0.000000e+00
1.485903e-01	8.136254e-01	0.000000e+00	1	0.000000e+00
1.639133e-01	8.079206e-01	0.000000e+00	1	0.000000e+00
1.483890e-01	8.147238e-01	0.000000e+00	1	0.000000e+00
1.488191e-01	8.132571e-01	0.000000e+00	1	0.000000e+00
1.487964e-01	8.134254e-01	0.000000e+00	1	0.000000e+00
1.483890e-01	8.147238e-01	0.000000e+00	1	0.000000e+00
1.484117e-01	8.145556e-01	0.000000e+00	1	0.000000e+00
Total execution time: 38545.180
