# This file contains the data of final feasible population (if found)
# of objectives = 2, # of constraints = 0, # of real_var = 0, # of bits of bin_var = 0, constr_violation, rank, crowding_distance
1.609000e+03	1.280000e+02	0.000000e+00	1	1.000000e+14
1.403000e+03	4.620000e+02	0.000000e+00	1	1.000000e+14
1.458000e+03	3.100000e+02	0.000000e+00	1	3.985233e-02
1.459000e+03	2.850000e+02	0.000000e+00	1	3.742515e-02
1.416000e+03	4.000000e+02	0.000000e+00	1	2.937329e-02
1.415000e+03	4.180000e+02	0.000000e+00	1	2.694611e-02
1.404000e+03	4.610000e+02	0.000000e+00	1	2.488227e-02
1.405000e+03	4.460000e+02	0.000000e+00	1	2.488227e-02
1.418000e+03	3.910000e+02	0.000000e+00	1	2.039126e-02
1.461000e+03	2.690000e+02	0.000000e+00	1	1.796407e-02
1.419000e+03	3.790000e+02	0.000000e+00	1	1.796407e-02
1.460000e+03	2.810000e+02	0.000000e+00	1	1.796407e-02
1.442000e+03	3.380000e+02	0.000000e+00	1	1.646707e-02
1.441000e+03	3.490000e+02	0.000000e+00	1	1.646707e-02
1.577000e+03	1.460000e+02	0.000000e+00	1	1.606011e-02
1.409000e+03	4.300000e+02	0.000000e+00	1	1.590024e-02
1.571000e+03	1.470000e+02	0.000000e+00	1	1.456311e-02
1.606000e+03	1.290000e+02	0.000000e+00	1	1.363293e-02
1.566000e+03	1.480000e+02	0.000000e+00	1	1.363293e-02
1.601000e+03	1.300000e+02	0.000000e+00	1	1.363293e-02
1.408000e+03	4.390000e+02	0.000000e+00	1	1.347305e-02
1.571000e+03	1.470000e+02	0.000000e+00	1	1.213592e-02
1.419000e+03	3.790000e+02	0.000000e+00	1	1.140922e-02
1.416000e+03	4.000000e+02	0.000000e+00	1	1.140922e-02
1.420000e+03	3.730000e+02	0.000000e+00	1	8.982036e-03
1.417000e+03	3.940000e+02	0.000000e+00	1	8.982036e-03
1.606000e+03	1.290000e+02	0.000000e+00	1	8.778559e-03
1.554000e+03	1.550000e+02	0.000000e+00	1	8.778559e-03
1.589000e+03	1.350000e+02	0.000000e+00	1	8.778559e-03
1.543000e+03	1.620000e+02	0.000000e+00	1	8.778559e-03
1.594000e+03	1.330000e+02	0.000000e+00	1	8.778559e-03
1.591000e+03	1.340000e+02	0.000000e+00	1	8.778559e-03
1.599000e+03	1.310000e+02	0.000000e+00	1	8.778559e-03
1.557000e+03	1.540000e+02	0.000000e+00	1	8.778559e-03
1.596000e+03	1.320000e+02	0.000000e+00	1	8.778559e-03
1.459000e+03	2.850000e+02	0.000000e+00	1	8.415208e-03
1.460000e+03	2.810000e+02	0.000000e+00	1	8.415208e-03
1.490000e+03	2.230000e+02	0.000000e+00	1	7.848381e-03
1.492000e+03	2.210000e+02	0.000000e+00	1	7.848381e-03
1.581000e+03	1.390000e+02	0.000000e+00	1	7.848381e-03
1.546000e+03	1.610000e+02	0.000000e+00	1	7.281553e-03
1.586000e+03	1.360000e+02	0.000000e+00	1	7.281553e-03
1.464000e+03	2.620000e+02	0.000000e+00	1	6.918202e-03
1.468000e+03	2.560000e+02	0.000000e+00	1	6.918202e-03
1.469000e+03	2.530000e+02	0.000000e+00	1	6.918202e-03
1.476000e+03	2.420000e+02	0.000000e+00	1	6.918202e-03
1.463000e+03	2.650000e+02	0.000000e+00	1	6.918202e-03
1.409000e+03	4.300000e+02	0.000000e+00	1	6.918202e-03
1.442000e+03	3.380000e+02	0.000000e+00	1	6.918202e-03
1.477000e+03	2.390000e+02	0.000000e+00	1	6.918202e-03
1.420000e+03	3.730000e+02	0.000000e+00	1	6.918202e-03
1.466000e+03	2.580000e+02	0.000000e+00	1	6.918202e-03
1.418000e+03	3.910000e+02	0.000000e+00	1	6.918202e-03
1.417000e+03	3.940000e+02	0.000000e+00	1	6.918202e-03
1.462000e+03	2.680000e+02	0.000000e+00	1	6.918202e-03
1.470000e+03	2.520000e+02	0.000000e+00	1	6.918202e-03
1.517000e+03	1.900000e+02	0.000000e+00	1	6.918202e-03
1.410000e+03	4.270000e+02	0.000000e+00	1	6.918202e-03
1.447000e+03	3.260000e+02	0.000000e+00	1	6.918202e-03
1.471000e+03	2.490000e+02	0.000000e+00	1	6.918202e-03
1.518000e+03	1.870000e+02	0.000000e+00	1	6.918202e-03
1.405000e+03	4.460000e+02	0.000000e+00	1	6.918202e-03
1.426000e+03	3.610000e+02	0.000000e+00	1	6.918202e-03
1.500000e+03	2.070000e+02	0.000000e+00	1	6.918202e-03
1.444000e+03	3.320000e+02	0.000000e+00	1	6.918202e-03
1.425000e+03	3.640000e+02	0.000000e+00	1	6.918202e-03
1.443000e+03	3.350000e+02	0.000000e+00	1	6.918202e-03
1.406000e+03	4.430000e+02	0.000000e+00	1	6.918202e-03
1.541000e+03	1.630000e+02	0.000000e+00	1	6.351375e-03
1.586000e+03	1.360000e+02	0.000000e+00	1	6.351375e-03
1.554000e+03	1.550000e+02	0.000000e+00	1	6.351375e-03
1.560000e+03	1.510000e+02	0.000000e+00	1	6.351375e-03
1.584000e+03	1.370000e+02	0.000000e+00	1	6.351375e-03
1.532000e+03	1.730000e+02	0.000000e+00	1	6.351375e-03
1.441000e+03	3.490000e+02	0.000000e+00	1	6.351375e-03
1.599000e+03	1.310000e+02	0.000000e+00	1	6.351375e-03
1.583000e+03	1.380000e+02	0.000000e+00	1	6.351375e-03
1.549000e+03	1.590000e+02	0.000000e+00	1	6.351375e-03
1.431000e+03	3.560000e+02	0.000000e+00	1	6.351375e-03
1.488000e+03	2.240000e+02	0.000000e+00	1	6.351375e-03
1.594000e+03	1.330000e+02	0.000000e+00	1	6.351375e-03
1.433000e+03	3.550000e+02	0.000000e+00	1	6.351375e-03
1.490000e+03	2.230000e+02	0.000000e+00	1	6.351375e-03
1.562000e+03	1.500000e+02	0.000000e+00	1	6.351375e-03
1.480000e+03	2.330000e+02	0.000000e+00	1	5.421196e-03
1.406000e+03	4.430000e+02	0.000000e+00	1	5.421196e-03
1.579000e+03	1.430000e+02	0.000000e+00	1	5.421196e-03
1.413000e+03	4.220000e+02	0.000000e+00	1	5.421196e-03
1.523000e+03	1.820000e+02	0.000000e+00	1	5.421196e-03
1.497000e+03	2.130000e+02	0.000000e+00	1	5.421196e-03
1.412000e+03	4.230000e+02	0.000000e+00	1	5.421196e-03
1.449000e+03	3.230000e+02	0.000000e+00	1	5.421196e-03
1.448000e+03	3.240000e+02	0.000000e+00	1	5.421196e-03
1.492000e+03	2.210000e+02	0.000000e+00	1	5.421196e-03
1.411000e+03	4.250000e+02	0.000000e+00	1	5.421196e-03
1.414000e+03	4.200000e+02	0.000000e+00	1	5.421196e-03
1.478000e+03	2.370000e+02	0.000000e+00	1	5.421196e-03
1.477000e+03	2.390000e+02	0.000000e+00	1	5.421196e-03
1.479000e+03	2.350000e+02	0.000000e+00	1	5.421196e-03
1.481000e+03	2.320000e+02	0.000000e+00	1	5.421196e-03
1.524000e+03	1.800000e+02	0.000000e+00	1	5.421196e-03
1.452000e+03	3.180000e+02	0.000000e+00	1	5.421196e-03
1.479000e+03	2.350000e+02	0.000000e+00	1	5.421196e-03
1.450000e+03	3.210000e+02	0.000000e+00	1	5.421196e-03
1.493000e+03	2.190000e+02	0.000000e+00	1	5.421196e-03
1.494000e+03	2.170000e+02	0.000000e+00	1	5.421196e-03
1.407000e+03	4.410000e+02	0.000000e+00	1	5.421196e-03
1.433000e+03	3.550000e+02	0.000000e+00	1	5.421196e-03
1.476000e+03	2.420000e+02	0.000000e+00	1	5.421196e-03
1.474000e+03	2.460000e+02	0.000000e+00	1	5.421196e-03
1.564000e+03	1.490000e+02	0.000000e+00	1	4.854369e-03
1.453000e+03	3.160000e+02	0.000000e+00	1	4.854369e-03
1.434000e+03	3.530000e+02	0.000000e+00	1	4.854369e-03
1.439000e+03	3.500000e+02	0.000000e+00	1	4.854369e-03
1.566000e+03	1.480000e+02	0.000000e+00	1	4.854369e-03
1.564000e+03	1.490000e+02	0.000000e+00	1	4.854369e-03
1.562000e+03	1.500000e+02	0.000000e+00	1	4.854369e-03
1.455000e+03	3.130000e+02	0.000000e+00	1	4.854369e-03
1.591000e+03	1.340000e+02	0.000000e+00	1	4.854369e-03
1.439000e+03	3.500000e+02	0.000000e+00	1	4.854369e-03
1.601000e+03	1.300000e+02	0.000000e+00	1	4.854369e-03
1.552000e+03	1.560000e+02	0.000000e+00	1	4.854369e-03
1.455000e+03	3.130000e+02	0.000000e+00	1	4.854369e-03
1.543000e+03	1.620000e+02	0.000000e+00	1	4.854369e-03
1.436000e+03	3.520000e+02	0.000000e+00	1	4.854369e-03
1.596000e+03	1.320000e+02	0.000000e+00	1	4.854369e-03
1.589000e+03	1.350000e+02	0.000000e+00	1	4.854369e-03
1.437000e+03	3.510000e+02	0.000000e+00	1	4.854369e-03
1.447000e+03	3.260000e+02	0.000000e+00	1	4.854369e-03
1.445000e+03	3.290000e+02	0.000000e+00	1	4.854369e-03
1.547000e+03	1.600000e+02	0.000000e+00	1	4.854369e-03
1.530000e+03	1.740000e+02	0.000000e+00	1	4.854369e-03
1.457000e+03	3.110000e+02	0.000000e+00	1	4.854369e-03
1.453000e+03	3.160000e+02	0.000000e+00	1	4.491018e-03
1.465000e+03	2.610000e+02	0.000000e+00	1	4.491018e-03
1.444000e+03	3.320000e+02	0.000000e+00	1	4.491018e-03
1.422000e+03	3.690000e+02	0.000000e+00	1	4.491018e-03
1.423000e+03	3.660000e+02	0.000000e+00	1	4.491018e-03
1.445000e+03	3.290000e+02	0.000000e+00	1	4.491018e-03
1.463000e+03	2.650000e+02	0.000000e+00	1	4.491018e-03
1.445000e+03	3.290000e+02	0.000000e+00	1	4.491018e-03
1.455000e+03	3.130000e+02	0.000000e+00	1	4.491018e-03
1.421000e+03	3.700000e+02	0.000000e+00	1	4.491018e-03
1.499000e+03	2.100000e+02	0.000000e+00	1	4.491018e-03
1.443000e+03	3.350000e+02	0.000000e+00	1	4.491018e-03
1.558000e+03	1.530000e+02	0.000000e+00	1	3.924190e-03
1.486000e+03	2.260000e+02	0.000000e+00	1	3.924190e-03
1.430000e+03	3.570000e+02	0.000000e+00	1	3.924190e-03
1.514000e+03	1.930000e+02	0.000000e+00	1	3.924190e-03
1.539000e+03	1.650000e+02	0.000000e+00	1	3.924190e-03
1.424000e+03	3.650000e+02	0.000000e+00	1	3.924190e-03
1.484000e+03	2.280000e+02	0.000000e+00	1	3.924190e-03
1.538000e+03	1.660000e+02	0.000000e+00	1	3.924190e-03
1.427000e+03	3.600000e+02	0.000000e+00	1	3.924190e-03
1.412000e+03	4.230000e+02	0.000000e+00	1	3.924190e-03
1.529000e+03	1.750000e+02	0.000000e+00	1	3.924190e-03
1.467000e+03	2.570000e+02	0.000000e+00	1	3.924190e-03
1.495000e+03	2.150000e+02	0.000000e+00	1	3.924190e-03
1.430000e+03	3.570000e+02	0.000000e+00	1	3.924190e-03
1.404000e+03	4.610000e+02	0.000000e+00	1	3.924190e-03
1.513000e+03	1.940000e+02	0.000000e+00	1	3.924190e-03
1.449000e+03	3.230000e+02	0.000000e+00	1	3.924190e-03
1.578000e+03	1.450000e+02	0.000000e+00	1	3.924190e-03
1.526000e+03	1.780000e+02	0.000000e+00	1	3.924190e-03
1.549000e+03	1.590000e+02	0.000000e+00	1	3.924190e-03
1.504000e+03	2.030000e+02	0.000000e+00	1	3.924190e-03
1.464000e+03	2.620000e+02	0.000000e+00	1	3.924190e-03
1.501000e+03	2.060000e+02	0.000000e+00	1	3.924190e-03
1.486000e+03	2.260000e+02	0.000000e+00	1	3.924190e-03
1.515000e+03	1.920000e+02	0.000000e+00	1	3.924190e-03
1.437000e+03	3.510000e+02	0.000000e+00	1	3.924190e-03
1.529000e+03	1.750000e+02	0.000000e+00	1	3.924190e-03
1.530000e+03	1.740000e+02	0.000000e+00	1	3.924190e-03
1.505000e+03	2.020000e+02	0.000000e+00	1	3.924190e-03
1.518000e+03	1.870000e+02	0.000000e+00	1	3.924190e-03
1.452000e+03	3.180000e+02	0.000000e+00	1	3.924190e-03
1.584000e+03	1.370000e+02	0.000000e+00	1	3.924190e-03
1.551000e+03	1.570000e+02	0.000000e+00	1	3.924190e-03
1.496000e+03	2.140000e+02	0.000000e+00	1	3.924190e-03
1.527000e+03	1.770000e+02	0.000000e+00	1	3.924190e-03
1.528000e+03	1.760000e+02	0.000000e+00	1	3.924190e-03
1.507000e+03	2.000000e+02	0.000000e+00	1	3.924190e-03
1.482000e+03	2.300000e+02	0.000000e+00	1	3.924190e-03
1.422000e+03	3.690000e+02	0.000000e+00	1	3.924190e-03
1.424000e+03	3.650000e+02	0.000000e+00	1	3.924190e-03
1.503000e+03	2.040000e+02	0.000000e+00	1	3.924190e-03
1.461000e+03	2.690000e+02	0.000000e+00	1	3.924190e-03
1.557000e+03	1.540000e+02	0.000000e+00	1	3.924190e-03
1.552000e+03	1.560000e+02	0.000000e+00	1	3.924190e-03
1.458000e+03	3.100000e+02	0.000000e+00	1	3.924190e-03
1.536000e+03	1.680000e+02	0.000000e+00	1	3.924190e-03
1.473000e+03	2.470000e+02	0.000000e+00	1	3.924190e-03
1.540000e+03	1.640000e+02	0.000000e+00	1	3.924190e-03
1.502000e+03	2.050000e+02	0.000000e+00	1	3.924190e-03
1.509000e+03	1.980000e+02	0.000000e+00	1	3.924190e-03
1.483000e+03	2.290000e+02	0.000000e+00	1	3.924190e-03
1.428000e+03	3.590000e+02	0.000000e+00	1	3.924190e-03
1.425000e+03	3.640000e+02	0.000000e+00	1	3.924190e-03
1.521000e+03	1.840000e+02	0.000000e+00	1	3.924190e-03
1.468000e+03	2.560000e+02	0.000000e+00	1	3.924190e-03
1.413000e+03	4.220000e+02	0.000000e+00	1	3.924190e-03
1.511000e+03	1.960000e+02	0.000000e+00	1	3.924190e-03
1.583000e+03	1.380000e+02	0.000000e+00	1	3.924190e-03
1.558000e+03	1.530000e+02	0.000000e+00	1	3.924190e-03
1.524000e+03	1.800000e+02	0.000000e+00	1	3.924190e-03
1.506000e+03	2.010000e+02	0.000000e+00	1	3.924190e-03
1.541000e+03	1.630000e+02	0.000000e+00	1	3.924190e-03
1.519000e+03	1.860000e+02	0.000000e+00	1	3.924190e-03
1.535000e+03	1.700000e+02	0.000000e+00	1	3.924190e-03
1.434000e+03	3.530000e+02	0.000000e+00	1	3.924190e-03
1.429000e+03	3.580000e+02	0.000000e+00	1	3.924190e-03
1.504000e+03	2.030000e+02	0.000000e+00	1	3.924190e-03
1.508000e+03	1.990000e+02	0.000000e+00	1	3.924190e-03
1.470000e+03	2.520000e+02	0.000000e+00	1	3.924190e-03
1.534000e+03	1.710000e+02	0.000000e+00	1	3.924190e-03
1.467000e+03	2.570000e+02	0.000000e+00	1	3.924190e-03
1.431000e+03	3.560000e+02	0.000000e+00	1	3.924190e-03
1.546000e+03	1.610000e+02	0.000000e+00	1	3.924190e-03
1.525000e+03	1.790000e+02	0.000000e+00	1	3.924190e-03
1.538000e+03	1.660000e+02	0.000000e+00	1	3.924190e-03
1.513000e+03	1.940000e+02	0.000000e+00	1	3.924190e-03
1.485000e+03	2.270000e+02	0.000000e+00	1	3.924190e-03
1.429000e+03	3.580000e+02	0.000000e+00	1	3.924190e-03
1.559000e+03	1.520000e+02	0.000000e+00	1	3.924190e-03
1.427000e+03	3.600000e+02	0.000000e+00	1	3.924190e-03
1.451000e+03	3.190000e+02	0.000000e+00	1	3.924190e-03
1.577000e+03	1.460000e+02	0.000000e+00	1	3.924190e-03
1.532000e+03	1.730000e+02	0.000000e+00	1	3.924190e-03
1.512000e+03	1.950000e+02	0.000000e+00	1	3.924190e-03
1.507000e+03	2.000000e+02	0.000000e+00	1	3.924190e-03
1.480000e+03	2.330000e+02	0.000000e+00	1	3.924190e-03
1.465000e+03	2.610000e+02	0.000000e+00	1	3.924190e-03
1.537000e+03	1.670000e+02	0.000000e+00	1	3.924190e-03
1.581000e+03	1.390000e+02	0.000000e+00	1	3.924190e-03
1.519000e+03	1.860000e+02	0.000000e+00	1	3.924190e-03
1.537000e+03	1.670000e+02	0.000000e+00	1	3.924190e-03
1.474000e+03	2.460000e+02	0.000000e+00	1	3.924190e-03
1.483000e+03	2.290000e+02	0.000000e+00	1	3.924190e-03
1.523000e+03	1.820000e+02	0.000000e+00	1	3.924190e-03
1.550000e+03	1.580000e+02	0.000000e+00	1	3.924190e-03
1.502000e+03	2.050000e+02	0.000000e+00	1	3.924190e-03
1.516000e+03	1.910000e+02	0.000000e+00	1	3.924190e-03
1.473000e+03	2.470000e+02	0.000000e+00	1	3.924190e-03
1.436000e+03	3.520000e+02	0.000000e+00	1	3.924190e-03
1.415000e+03	4.180000e+02	0.000000e+00	1	2.994012e-03
1.407000e+03	4.410000e+02	0.000000e+00	1	2.994012e-03
1.411000e+03	4.250000e+02	0.000000e+00	1	2.994012e-03
1.498000e+03	2.110000e+02	0.000000e+00	1	2.994012e-03
1.447000e+03	3.260000e+02	0.000000e+00	1	2.994012e-03
1.475000e+03	2.440000e+02	0.000000e+00	1	2.994012e-03
1.451000e+03	3.190000e+02	0.000000e+00	1	2.994012e-03
1.580000e+03	1.410000e+02	0.000000e+00	1	2.994012e-03
1.475000e+03	2.440000e+02	0.000000e+00	1	2.994012e-03
1.457000e+03	3.110000e+02	0.000000e+00	1	2.994012e-03
1.482000e+03	2.300000e+02	0.000000e+00	1	2.994012e-03
1.495000e+03	2.150000e+02	0.000000e+00	1	2.994012e-03
1.408000e+03	4.390000e+02	0.000000e+00	1	2.994012e-03
1.535000e+03	1.700000e+02	0.000000e+00	1	2.994012e-03
1.580000e+03	1.410000e+02	0.000000e+00	1	2.994012e-03
1.578000e+03	1.450000e+02	0.000000e+00	1	2.994012e-03
1.410000e+03	4.270000e+02	0.000000e+00	1	2.994012e-03
1.536000e+03	1.680000e+02	0.000000e+00	1	2.994012e-03
1.579000e+03	1.430000e+02	0.000000e+00	1	2.994012e-03
1.478000e+03	2.370000e+02	0.000000e+00	1	2.994012e-03
1.414000e+03	4.200000e+02	0.000000e+00	1	2.994012e-03
1.494000e+03	2.170000e+02	0.000000e+00	1	2.994012e-03
1.453000e+03	3.160000e+02	0.000000e+00	1	2.994012e-03
1.455000e+03	3.130000e+02	0.000000e+00	1	2.994012e-03
1.450000e+03	3.210000e+02	0.000000e+00	1	2.994012e-03
1.434000e+03	3.530000e+02	0.000000e+00	1	2.994012e-03
1.493000e+03	2.190000e+02	0.000000e+00	1	2.994012e-03
1.508000e+03	1.990000e+02	0.000000e+00	1	2.427184e-03
1.528000e+03	1.760000e+02	0.000000e+00	1	2.427184e-03
1.522000e+03	1.830000e+02	0.000000e+00	1	2.427184e-03
1.462000e+03	2.680000e+02	0.000000e+00	1	2.427184e-03
1.539000e+03	1.650000e+02	0.000000e+00	1	2.427184e-03
1.520000e+03	1.850000e+02	0.000000e+00	1	2.427184e-03
1.417000e+03	3.940000e+02	0.000000e+00	1	2.427184e-03
1.499000e+03	2.100000e+02	0.000000e+00	1	2.427184e-03
1.457000e+03	3.110000e+02	0.000000e+00	1	2.427184e-03
1.540000e+03	1.640000e+02	0.000000e+00	1	2.427184e-03
1.535000e+03	1.700000e+02	0.000000e+00	1	2.427184e-03
1.445000e+03	3.290000e+02	0.000000e+00	1	2.427184e-03
1.421000e+03	3.700000e+02	0.000000e+00	1	2.427184e-03
1.533000e+03	1.720000e+02	0.000000e+00	1	2.427184e-03
1.472000e+03	2.480000e+02	0.000000e+00	1	2.427184e-03
1.559000e+03	1.520000e+02	0.000000e+00	1	2.427184e-03
1.450000e+03	3.210000e+02	0.000000e+00	1	2.427184e-03
1.408000e+03	4.390000e+02	0.000000e+00	1	2.427184e-03
1.428000e+03	3.590000e+02	0.000000e+00	1	2.427184e-03
1.481000e+03	2.320000e+02	0.000000e+00	1	2.427184e-03
1.423000e+03	3.660000e+02	0.000000e+00	1	2.427184e-03
1.415000e+03	4.180000e+02	0.000000e+00	1	2.427184e-03
1.550000e+03	1.580000e+02	0.000000e+00	1	2.427184e-03
1.407000e+03	4.410000e+02	0.000000e+00	1	2.427184e-03
1.463000e+03	2.650000e+02	0.000000e+00	1	2.427184e-03
1.525000e+03	1.790000e+02	0.000000e+00	1	2.427184e-03
1.499000e+03	2.100000e+02	0.000000e+00	1	2.427184e-03
1.465000e+03	2.610000e+02	0.000000e+00	1	2.427184e-03
1.466000e+03	2.580000e+02	0.000000e+00	1	2.427184e-03
1.487000e+03	2.250000e+02	0.000000e+00	1	2.427184e-03
1.448000e+03	3.240000e+02	0.000000e+00	1	2.427184e-03
1.475000e+03	2.440000e+02	0.000000e+00	1	2.427184e-03
1.460000e+03	2.810000e+02	0.000000e+00	1	2.427184e-03
1.526000e+03	1.780000e+02	0.000000e+00	1	2.427184e-03
1.511000e+03	1.960000e+02	0.000000e+00	1	2.427184e-03
1.533000e+03	1.720000e+02	0.000000e+00	1	2.427184e-03
1.442000e+03	3.380000e+02	0.000000e+00	1	2.427184e-03
1.419000e+03	3.790000e+02	0.000000e+00	1	2.427184e-03
1.420000e+03	3.730000e+02	0.000000e+00	1	2.427184e-03
1.423000e+03	3.660000e+02	0.000000e+00	1	2.427184e-03
1.510000e+03	1.970000e+02	0.000000e+00	1	2.427184e-03
1.501000e+03	2.060000e+02	0.000000e+00	1	2.427184e-03
1.505000e+03	2.020000e+02	0.000000e+00	1	2.427184e-03
1.497000e+03	2.130000e+02	0.000000e+00	1	2.427184e-03
1.461000e+03	2.690000e+02	0.000000e+00	1	2.427184e-03
1.472000e+03	2.480000e+02	0.000000e+00	1	2.427184e-03
1.512000e+03	1.950000e+02	0.000000e+00	1	2.427184e-03
1.444000e+03	3.320000e+02	0.000000e+00	1	2.427184e-03
1.578000e+03	1.450000e+02	0.000000e+00	1	2.427184e-03
1.496000e+03	2.140000e+02	0.000000e+00	1	2.427184e-03
1.403000e+03	4.620000e+02	0.000000e+00	1	2.427184e-03
1.534000e+03	1.710000e+02	0.000000e+00	1	2.427184e-03
1.441000e+03	3.490000e+02	0.000000e+00	1	2.427184e-03
1.580000e+03	1.410000e+02	0.000000e+00	1	2.427184e-03
1.527000e+03	1.770000e+02	0.000000e+00	1	2.427184e-03
1.509000e+03	1.980000e+02	0.000000e+00	1	2.427184e-03
1.503000e+03	2.040000e+02	0.000000e+00	1	2.427184e-03
1.520000e+03	1.850000e+02	0.000000e+00	1	2.427184e-03
1.522000e+03	1.830000e+02	0.000000e+00	1	2.427184e-03
1.422000e+03	3.690000e+02	0.000000e+00	1	2.427184e-03
1.482000e+03	2.300000e+02	0.000000e+00	1	2.427184e-03
1.471000e+03	2.490000e+02	0.000000e+00	1	2.427184e-03
1.475000e+03	2.440000e+02	0.000000e+00	1	2.427184e-03
1.551000e+03	1.570000e+02	0.000000e+00	1	2.427184e-03
1.498000e+03	2.110000e+02	0.000000e+00	1	2.427184e-03
1.478000e+03	2.370000e+02	0.000000e+00	1	2.427184e-03
1.547000e+03	1.600000e+02	0.000000e+00	1	2.427184e-03
1.495000e+03	2.150000e+02	0.000000e+00	1	2.427184e-03
1.500000e+03	2.070000e+02	0.000000e+00	1	2.427184e-03
1.510000e+03	1.970000e+02	0.000000e+00	1	2.427184e-03
1.516000e+03	1.910000e+02	0.000000e+00	1	2.427184e-03
1.408000e+03	4.390000e+02	0.000000e+00	1	2.427184e-03
1.493000e+03	2.190000e+02	0.000000e+00	1	2.427184e-03
1.415000e+03	4.180000e+02	0.000000e+00	1	2.427184e-03
1.487000e+03	2.250000e+02	0.000000e+00	1	2.427184e-03
1.459000e+03	2.850000e+02	0.000000e+00	1	2.427184e-03
1.517000e+03	1.900000e+02	0.000000e+00	1	2.427184e-03
1.451000e+03	3.190000e+02	0.000000e+00	1	2.427184e-03
1.521000e+03	1.840000e+02	0.000000e+00	1	2.427184e-03
1.443000e+03	3.350000e+02	0.000000e+00	1	2.427184e-03
1.580000e+03	1.410000e+02	0.000000e+00	1	2.427184e-03
1.498000e+03	2.110000e+02	0.000000e+00	1	2.427184e-03
1.426000e+03	3.610000e+02	0.000000e+00	1	2.427184e-03
1.494000e+03	2.170000e+02	0.000000e+00	1	2.427184e-03
1.421000e+03	3.700000e+02	0.000000e+00	1	2.427184e-03
1.484000e+03	2.280000e+02	0.000000e+00	1	2.427184e-03
1.536000e+03	1.680000e+02	0.000000e+00	1	2.427184e-03
1.485000e+03	2.270000e+02	0.000000e+00	1	2.427184e-03
1.414000e+03	4.200000e+02	0.000000e+00	1	2.427184e-03
1.453000e+03	3.160000e+02	0.000000e+00	1	2.427184e-03
1.469000e+03	2.530000e+02	0.000000e+00	1	2.427184e-03
1.506000e+03	2.010000e+02	0.000000e+00	1	2.427184e-03
1.410000e+03	4.270000e+02	0.000000e+00	1	2.427184e-03
1.560000e+03	1.510000e+02	0.000000e+00	1	2.427184e-03
1.579000e+03	1.430000e+02	0.000000e+00	1	2.427184e-03
1.515000e+03	1.920000e+02	0.000000e+00	1	2.427184e-03
1.514000e+03	1.930000e+02	0.000000e+00	1	2.427184e-03
1.488000e+03	2.240000e+02	0.000000e+00	1	2.427184e-03
1.411000e+03	4.250000e+02	0.000000e+00	1	2.427184e-03
1.508000e+03	1.990000e+02	0.000000e+00	1	1.497006e-03
1.515000e+03	1.920000e+02	0.000000e+00	1	1.497006e-03
1.496000e+03	2.140000e+02	0.000000e+00	1	1.497006e-03
1.552000e+03	1.560000e+02	0.000000e+00	1	1.497006e-03
1.566000e+03	1.480000e+02	0.000000e+00	1	1.497006e-03
1.436000e+03	3.520000e+02	0.000000e+00	1	1.497006e-03
1.481000e+03	2.320000e+02	0.000000e+00	1	1.497006e-03
1.469000e+03	2.530000e+02	0.000000e+00	1	1.497006e-03
1.534000e+03	1.710000e+02	0.000000e+00	1	1.497006e-03
1.497000e+03	2.130000e+02	0.000000e+00	1	1.497006e-03
1.466000e+03	2.580000e+02	0.000000e+00	1	1.497006e-03
1.488000e+03	2.240000e+02	0.000000e+00	1	1.497006e-03
1.540000e+03	1.640000e+02	0.000000e+00	1	1.497006e-03
1.428000e+03	3.590000e+02	0.000000e+00	1	1.497006e-03
1.457000e+03	3.110000e+02	0.000000e+00	1	1.497006e-03
1.505000e+03	2.020000e+02	0.000000e+00	1	1.497006e-03
1.609000e+03	1.280000e+02	0.000000e+00	1	1.497006e-03
1.589000e+03	1.350000e+02	0.000000e+00	1	1.497006e-03
1.546000e+03	1.610000e+02	0.000000e+00	1	1.497006e-03
1.560000e+03	1.510000e+02	0.000000e+00	1	1.497006e-03
1.485000e+03	2.270000e+02	0.000000e+00	1	1.497006e-03
1.498000e+03	2.110000e+02	0.000000e+00	1	1.497006e-03
1.530000e+03	1.740000e+02	0.000000e+00	1	1.497006e-03
1.520000e+03	1.850000e+02	0.000000e+00	1	1.497006e-03
1.421000e+03	3.700000e+02	0.000000e+00	1	1.497006e-03
1.547000e+03	1.600000e+02	0.000000e+00	1	1.497006e-03
1.571000e+03	1.470000e+02	0.000000e+00	1	1.497006e-03
1.448000e+03	3.240000e+02	0.000000e+00	1	1.497006e-03
1.509000e+03	1.980000e+02	0.000000e+00	1	1.497006e-03
1.562000e+03	1.500000e+02	0.000000e+00	1	1.497006e-03
1.517000e+03	1.900000e+02	0.000000e+00	1	1.497006e-03
1.596000e+03	1.320000e+02	0.000000e+00	1	1.497006e-03
1.533000e+03	1.720000e+02	0.000000e+00	1	1.497006e-03
1.423000e+03	3.660000e+02	0.000000e+00	1	1.497006e-03
1.439000e+03	3.500000e+02	0.000000e+00	1	1.497006e-03
1.472000e+03	2.480000e+02	0.000000e+00	1	1.497006e-03
1.528000e+03	1.760000e+02	0.000000e+00	1	1.497006e-03
1.527000e+03	1.770000e+02	0.000000e+00	1	1.497006e-03
1.521000e+03	1.840000e+02	0.000000e+00	1	1.497006e-03
1.526000e+03	1.780000e+02	0.000000e+00	1	1.497006e-03
1.564000e+03	1.490000e+02	0.000000e+00	1	1.497006e-03
1.510000e+03	1.970000e+02	0.000000e+00	1	1.497006e-03
1.511000e+03	1.960000e+02	0.000000e+00	1	1.497006e-03
1.499000e+03	2.100000e+02	0.000000e+00	1	1.497006e-03
1.591000e+03	1.340000e+02	0.000000e+00	1	1.497006e-03
1.501000e+03	2.060000e+02	0.000000e+00	1	1.497006e-03
1.426000e+03	3.610000e+02	0.000000e+00	1	1.497006e-03
1.439000e+03	3.500000e+02	0.000000e+00	1	1.497006e-03
1.472000e+03	2.480000e+02	0.000000e+00	1	1.497006e-03
1.533000e+03	1.720000e+02	0.000000e+00	1	1.497006e-03
1.500000e+03	2.070000e+02	0.000000e+00	1	1.497006e-03
1.551000e+03	1.570000e+02	0.000000e+00	1	1.497006e-03
1.571000e+03	1.470000e+02	0.000000e+00	1	1.497006e-03
1.506000e+03	2.010000e+02	0.000000e+00	1	1.497006e-03
1.512000e+03	1.950000e+02	0.000000e+00	1	1.497006e-03
1.586000e+03	1.360000e+02	0.000000e+00	1	1.497006e-03
1.559000e+03	1.520000e+02	0.000000e+00	1	1.497006e-03
1.510000e+03	1.970000e+02	0.000000e+00	1	1.497006e-03
1.503000e+03	2.040000e+02	0.000000e+00	1	1.497006e-03
1.471000e+03	2.490000e+02	0.000000e+00	1	1.497006e-03
1.601000e+03	1.300000e+02	0.000000e+00	1	1.497006e-03
1.525000e+03	1.790000e+02	0.000000e+00	1	1.497006e-03
1.550000e+03	1.580000e+02	0.000000e+00	1	1.497006e-03
1.514000e+03	1.930000e+02	0.000000e+00	1	1.497006e-03
1.516000e+03	1.910000e+02	0.000000e+00	1	1.497006e-03
1.520000e+03	1.850000e+02	0.000000e+00	1	1.497006e-03
1.484000e+03	2.280000e+02	0.000000e+00	1	1.497006e-03
1.487000e+03	2.250000e+02	0.000000e+00	1	1.497006e-03
1.487000e+03	2.250000e+02	0.000000e+00	1	1.497006e-03
1.539000e+03	1.650000e+02	0.000000e+00	1	1.497006e-03
1.437000e+03	3.510000e+02	0.000000e+00	1	1.497006e-03
1.522000e+03	1.830000e+02	0.000000e+00	1	1.497006e-03
1.462000e+03	2.680000e+02	0.000000e+00	1	1.497006e-03
1.564000e+03	1.490000e+02	0.000000e+00	1	1.497006e-03
1.522000e+03	1.830000e+02	0.000000e+00	1	1.497006e-03
1.547000e+03	1.600000e+02	0.000000e+00	1	1.497006e-03
1.543000e+03	1.620000e+02	0.000000e+00	1	1.497006e-03
1.462000e+03	2.680000e+02	0.000000e+00	1	0.000000e+00
1.532000e+03	1.730000e+02	0.000000e+00	1	0.000000e+00
1.529000e+03	1.750000e+02	0.000000e+00	1	0.000000e+00
1.504000e+03	2.030000e+02	0.000000e+00	1	0.000000e+00
1.463000e+03	2.650000e+02	0.000000e+00	1	0.000000e+00
1.478000e+03	2.370000e+02	0.000000e+00	1	0.000000e+00
1.552000e+03	1.560000e+02	0.000000e+00	1	0.000000e+00
1.562000e+03	1.500000e+02	0.000000e+00	1	0.000000e+00
1.469000e+03	2.530000e+02	0.000000e+00	1	0.000000e+00
1.519000e+03	1.860000e+02	0.000000e+00	1	0.000000e+00
1.449000e+03	3.230000e+02	0.000000e+00	1	0.000000e+00
1.458000e+03	3.100000e+02	0.000000e+00	1	0.000000e+00
1.452000e+03	3.180000e+02	0.000000e+00	1	0.000000e+00
1.586000e+03	1.360000e+02	0.000000e+00	1	0.000000e+00
1.429000e+03	3.580000e+02	0.000000e+00	1	0.000000e+00
1.461000e+03	2.690000e+02	0.000000e+00	1	0.000000e+00
1.493000e+03	2.190000e+02	0.000000e+00	1	0.000000e+00
1.523000e+03	1.820000e+02	0.000000e+00	1	0.000000e+00
1.472000e+03	2.480000e+02	0.000000e+00	1	0.000000e+00
1.551000e+03	1.570000e+02	0.000000e+00	1	0.000000e+00
1.475000e+03	2.440000e+02	0.000000e+00	1	0.000000e+00
1.606000e+03	1.290000e+02	0.000000e+00	1	0.000000e+00
1.524000e+03	1.800000e+02	0.000000e+00	1	0.000000e+00
1.510000e+03	1.970000e+02	0.000000e+00	1	0.000000e+00
1.407000e+03	4.410000e+02	0.000000e+00	1	0.000000e+00
1.591000e+03	1.340000e+02	0.000000e+00	1	0.000000e+00
1.564000e+03	1.490000e+02	0.000000e+00	1	0.000000e+00
1.419000e+03	3.790000e+02	0.000000e+00	1	0.000000e+00
1.405000e+03	4.460000e+02	0.000000e+00	1	0.000000e+00
1.596000e+03	1.320000e+02	0.000000e+00	1	0.000000e+00
1.515000e+03	1.920000e+02	0.000000e+00	1	0.000000e+00
1.508000e+03	1.990000e+02	0.000000e+00	1	0.000000e+00
1.507000e+03	2.000000e+02	0.000000e+00	1	0.000000e+00
1.571000e+03	1.470000e+02	0.000000e+00	1	0.000000e+00
1.442000e+03	3.380000e+02	0.000000e+00	1	0.000000e+00
1.530000e+03	1.740000e+02	0.000000e+00	1	0.000000e+00
1.423000e+03	3.660000e+02	0.000000e+00	1	0.000000e+00
1.426000e+03	3.610000e+02	0.000000e+00	1	0.000000e+00
1.428000e+03	3.590000e+02	0.000000e+00	1	0.000000e+00
1.437000e+03	3.510000e+02	0.000000e+00	1	0.000000e+00
1.467000e+03	2.570000e+02	0.000000e+00	1	0.000000e+00
1.583000e+03	1.380000e+02	0.000000e+00	1	0.000000e+00
1.533000e+03	1.720000e+02	0.000000e+00	1	0.000000e+00
1.481000e+03	2.320000e+02	0.000000e+00	1	0.000000e+00
1.487000e+03	2.250000e+02	0.000000e+00	1	0.000000e+00
1.549000e+03	1.590000e+02	0.000000e+00	1	0.000000e+00
1.420000e+03	3.730000e+02	0.000000e+00	1	0.000000e+00
1.422000e+03	3.690000e+02	0.000000e+00	1	0.000000e+00
1.580000e+03	1.410000e+02	0.000000e+00	1	0.000000e+00
1.417000e+03	3.940000e+02	0.000000e+00	1	0.000000e+00
1.460000e+03	2.810000e+02	0.000000e+00	1	0.000000e+00
1.481000e+03	2.320000e+02	0.000000e+00	1	0.000000e+00
1.546000e+03	1.610000e+02	0.000000e+00	1	0.000000e+00
Total execution time: 388702.331
