# This file contains the data of final feasible population (if found)
# of objectives = 2, # of constraints = 0, # of real_var = 0, # of bits of bin_var = 0, constr_violation, rank, crowding_distance
1.425000e+03	5.760000e+02	0.000000e+00	1	1.000000e+14
1.694000e+03	1.340000e+02	0.000000e+00	1	1.000000e+14
1.509000e+03	3.620000e+02	0.000000e+00	1	4.783512e-02
1.507000e+03	4.010000e+02	0.000000e+00	1	4.597638e-02
1.438000e+03	5.220000e+02	0.000000e+00	1	3.240172e-02
1.439000e+03	4.950000e+02	0.000000e+00	1	3.054299e-02
1.432000e+03	5.580000e+02	0.000000e+00	1	2.108951e-02
1.433000e+03	5.410000e+02	0.000000e+00	1	2.108951e-02
1.541000e+03	2.880000e+02	0.000000e+00	1	1.769584e-02
1.540000e+03	3.020000e+02	0.000000e+00	1	1.769584e-02
1.684000e+03	1.370000e+02	0.000000e+00	1	1.228364e-02
1.678000e+03	1.380000e+02	0.000000e+00	1	1.115242e-02
1.437000e+03	5.260000e+02	0.000000e+00	1	1.090851e-02
1.436000e+03	5.340000e+02	0.000000e+00	1	1.090851e-02
1.478000e+03	4.390000e+02	0.000000e+00	1	1.050480e-02
1.586000e+03	2.080000e+02	0.000000e+00	1	1.050480e-02
1.673000e+03	1.390000e+02	0.000000e+00	1	1.042490e-02
1.678000e+03	1.380000e+02	0.000000e+00	1	9.293680e-03
1.476000e+03	4.450000e+02	0.000000e+00	1	8.646066e-03
1.669000e+03	1.400000e+02	0.000000e+00	1	8.566166e-03
1.660000e+03	1.430000e+02	0.000000e+00	1	8.566166e-03
1.694000e+03	1.340000e+02	0.000000e+00	1	8.566166e-03
1.664000e+03	1.420000e+02	0.000000e+00	1	8.566166e-03
1.686000e+03	1.360000e+02	0.000000e+00	1	8.566166e-03
1.673000e+03	1.390000e+02	0.000000e+00	1	8.566166e-03
1.542000e+03	2.830000e+02	0.000000e+00	1	7.514845e-03
1.513000e+03	3.520000e+02	0.000000e+00	1	7.514845e-03
1.690000e+03	1.350000e+02	0.000000e+00	1	7.434944e-03
1.690000e+03	1.350000e+02	0.000000e+00	1	7.434944e-03
1.666000e+03	1.410000e+02	0.000000e+00	1	6.707430e-03
1.669000e+03	1.400000e+02	0.000000e+00	1	6.707430e-03
1.517000e+03	3.380000e+02	0.000000e+00	1	6.383623e-03
1.514000e+03	3.470000e+02	0.000000e+00	1	6.383623e-03
1.433000e+03	5.410000e+02	0.000000e+00	1	6.383623e-03
1.585000e+03	2.120000e+02	0.000000e+00	1	6.383623e-03
1.428000e+03	5.650000e+02	0.000000e+00	1	6.383623e-03
1.479000e+03	4.350000e+02	0.000000e+00	1	6.383623e-03
1.438000e+03	5.220000e+02	0.000000e+00	1	6.383623e-03
1.510000e+03	3.580000e+02	0.000000e+00	1	6.383623e-03
1.437000e+03	5.260000e+02	0.000000e+00	1	6.383623e-03
1.426000e+03	5.720000e+02	0.000000e+00	1	6.383623e-03
1.509000e+03	3.620000e+02	0.000000e+00	1	6.383623e-03
1.478000e+03	4.390000e+02	0.000000e+00	1	6.383623e-03
1.544000e+03	2.760000e+02	0.000000e+00	1	6.383623e-03
1.543000e+03	2.800000e+02	0.000000e+00	1	6.383623e-03
1.515000e+03	3.430000e+02	0.000000e+00	1	6.383623e-03
1.499000e+03	4.090000e+02	0.000000e+00	1	5.979916e-03
1.514000e+03	3.470000e+02	0.000000e+00	1	5.656109e-03
1.541000e+03	2.880000e+02	0.000000e+00	1	5.656109e-03
1.518000e+03	3.340000e+02	0.000000e+00	1	5.252401e-03
1.447000e+03	4.840000e+02	0.000000e+00	1	5.252401e-03
1.515000e+03	3.430000e+02	0.000000e+00	1	5.252401e-03
1.545000e+03	2.730000e+02	0.000000e+00	1	5.252401e-03
1.584000e+03	2.150000e+02	0.000000e+00	1	5.252401e-03
1.542000e+03	2.830000e+02	0.000000e+00	1	5.252401e-03
1.520000e+03	3.280000e+02	0.000000e+00	1	5.252401e-03
1.427000e+03	5.690000e+02	0.000000e+00	1	5.252401e-03
1.516000e+03	3.400000e+02	0.000000e+00	1	5.252401e-03
1.448000e+03	4.810000e+02	0.000000e+00	1	5.252401e-03
1.428000e+03	5.650000e+02	0.000000e+00	1	5.252401e-03
1.524000e+03	3.180000e+02	0.000000e+00	1	5.252401e-03
1.523000e+03	3.210000e+02	0.000000e+00	1	5.252401e-03
1.429000e+03	5.620000e+02	0.000000e+00	1	5.252401e-03
1.519000e+03	3.310000e+02	0.000000e+00	1	5.252401e-03
1.519000e+03	3.310000e+02	0.000000e+00	1	5.252401e-03
1.522000e+03	3.230000e+02	0.000000e+00	1	5.252401e-03
1.521000e+03	3.260000e+02	0.000000e+00	1	5.252401e-03
1.543000e+03	2.800000e+02	0.000000e+00	1	5.252401e-03
1.628000e+03	1.650000e+02	0.000000e+00	1	4.848694e-03
1.637000e+03	1.590000e+02	0.000000e+00	1	4.848694e-03
1.686000e+03	1.360000e+02	0.000000e+00	1	4.848694e-03
1.657000e+03	1.450000e+02	0.000000e+00	1	4.848694e-03
1.664000e+03	1.420000e+02	0.000000e+00	1	4.848694e-03
1.658000e+03	1.440000e+02	0.000000e+00	1	4.848694e-03
1.684000e+03	1.370000e+02	0.000000e+00	1	4.848694e-03
1.539000e+03	3.030000e+02	0.000000e+00	1	4.848694e-03
1.533000e+03	3.070000e+02	0.000000e+00	1	4.848694e-03
1.611000e+03	1.780000e+02	0.000000e+00	1	4.848694e-03
1.632000e+03	1.630000e+02	0.000000e+00	1	4.848694e-03
1.497000e+03	4.100000e+02	0.000000e+00	1	4.848694e-03
1.616000e+03	1.730000e+02	0.000000e+00	1	4.848694e-03
1.506000e+03	4.020000e+02	0.000000e+00	1	4.848694e-03
1.650000e+03	1.500000e+02	0.000000e+00	1	4.848694e-03
1.630000e+03	1.640000e+02	0.000000e+00	1	4.848694e-03
1.622000e+03	1.690000e+02	0.000000e+00	1	4.848694e-03
1.581000e+03	2.180000e+02	0.000000e+00	1	4.848694e-03
1.624000e+03	1.680000e+02	0.000000e+00	1	4.848694e-03
1.652000e+03	1.480000e+02	0.000000e+00	1	4.848694e-03
1.627000e+03	1.660000e+02	0.000000e+00	1	4.848694e-03
1.638000e+03	1.580000e+02	0.000000e+00	1	4.848694e-03
1.537000e+03	3.040000e+02	0.000000e+00	1	4.848694e-03
1.621000e+03	1.700000e+02	0.000000e+00	1	4.848694e-03
1.640000e+03	1.570000e+02	0.000000e+00	1	4.848694e-03
1.635000e+03	1.600000e+02	0.000000e+00	1	4.848694e-03
1.609000e+03	1.790000e+02	0.000000e+00	1	4.848694e-03
1.654000e+03	1.470000e+02	0.000000e+00	1	4.848694e-03
1.647000e+03	1.520000e+02	0.000000e+00	1	4.848694e-03
1.660000e+03	1.430000e+02	0.000000e+00	1	4.848694e-03
1.535000e+03	3.060000e+02	0.000000e+00	1	4.848694e-03
1.476000e+03	4.450000e+02	0.000000e+00	1	4.848694e-03
1.579000e+03	2.190000e+02	0.000000e+00	1	4.848694e-03
1.644000e+03	1.540000e+02	0.000000e+00	1	4.848694e-03
1.645000e+03	1.530000e+02	0.000000e+00	1	4.848694e-03
1.507000e+03	4.010000e+02	0.000000e+00	1	4.848694e-03
1.625000e+03	1.670000e+02	0.000000e+00	1	4.848694e-03
1.655000e+03	1.460000e+02	0.000000e+00	1	4.848694e-03
1.666000e+03	1.410000e+02	0.000000e+00	1	4.848694e-03
1.504000e+03	4.030000e+02	0.000000e+00	1	4.848694e-03
1.618000e+03	1.720000e+02	0.000000e+00	1	4.848694e-03
1.648000e+03	1.510000e+02	0.000000e+00	1	4.848694e-03
1.619000e+03	1.710000e+02	0.000000e+00	1	4.848694e-03
1.427000e+03	5.690000e+02	0.000000e+00	1	4.524887e-03
1.434000e+03	5.370000e+02	0.000000e+00	1	4.524887e-03
1.518000e+03	3.340000e+02	0.000000e+00	1	4.524887e-03
1.556000e+03	2.530000e+02	0.000000e+00	1	4.121179e-03
1.520000e+03	3.280000e+02	0.000000e+00	1	4.121179e-03
1.516000e+03	3.400000e+02	0.000000e+00	1	4.121179e-03
1.451000e+03	4.760000e+02	0.000000e+00	1	4.121179e-03
1.549000e+03	2.650000e+02	0.000000e+00	1	4.121179e-03
1.523000e+03	3.210000e+02	0.000000e+00	1	4.121179e-03
1.545000e+03	2.730000e+02	0.000000e+00	1	4.121179e-03
1.450000e+03	4.780000e+02	0.000000e+00	1	4.121179e-03
1.587000e+03	2.060000e+02	0.000000e+00	1	4.121179e-03
1.559000e+03	2.470000e+02	0.000000e+00	1	4.121179e-03
1.511000e+03	3.560000e+02	0.000000e+00	1	4.121179e-03
1.511000e+03	3.560000e+02	0.000000e+00	1	4.121179e-03
1.488000e+03	4.200000e+02	0.000000e+00	1	4.121179e-03
1.430000e+03	5.610000e+02	0.000000e+00	1	4.121179e-03
1.556000e+03	2.530000e+02	0.000000e+00	1	4.121179e-03
1.588000e+03	2.040000e+02	0.000000e+00	1	4.121179e-03
1.565000e+03	2.380000e+02	0.000000e+00	1	4.121179e-03
1.560000e+03	2.450000e+02	0.000000e+00	1	4.121179e-03
1.525000e+03	3.160000e+02	0.000000e+00	1	4.121179e-03
1.457000e+03	4.670000e+02	0.000000e+00	1	4.121179e-03
1.593000e+03	1.960000e+02	0.000000e+00	1	4.121179e-03
1.513000e+03	3.520000e+02	0.000000e+00	1	4.121179e-03
1.565000e+03	2.380000e+02	0.000000e+00	1	4.121179e-03
1.526000e+03	3.140000e+02	0.000000e+00	1	4.121179e-03
1.458000e+03	4.650000e+02	0.000000e+00	1	4.121179e-03
1.492000e+03	4.150000e+02	0.000000e+00	1	4.121179e-03
1.560000e+03	2.450000e+02	0.000000e+00	1	4.121179e-03
1.548000e+03	2.670000e+02	0.000000e+00	1	4.121179e-03
1.517000e+03	3.380000e+02	0.000000e+00	1	4.121179e-03
1.480000e+03	4.330000e+02	0.000000e+00	1	4.121179e-03
1.547000e+03	2.690000e+02	0.000000e+00	1	4.121179e-03
1.549000e+03	2.650000e+02	0.000000e+00	1	4.121179e-03
1.566000e+03	2.360000e+02	0.000000e+00	1	4.121179e-03
1.550000e+03	2.630000e+02	0.000000e+00	1	4.121179e-03
1.589000e+03	2.020000e+02	0.000000e+00	1	4.121179e-03
1.575000e+03	2.240000e+02	0.000000e+00	1	4.121179e-03
1.522000e+03	3.230000e+02	0.000000e+00	1	4.121179e-03
1.455000e+03	4.700000e+02	0.000000e+00	1	4.121179e-03
1.567000e+03	2.340000e+02	0.000000e+00	1	4.121179e-03
1.561000e+03	2.430000e+02	0.000000e+00	1	4.121179e-03
1.557000e+03	2.510000e+02	0.000000e+00	1	4.121179e-03
1.559000e+03	2.470000e+02	0.000000e+00	1	4.121179e-03
1.446000e+03	4.850000e+02	0.000000e+00	1	4.121179e-03
1.483000e+03	4.280000e+02	0.000000e+00	1	4.121179e-03
1.483000e+03	4.280000e+02	0.000000e+00	1	4.121179e-03
1.571000e+03	2.280000e+02	0.000000e+00	1	4.121179e-03
1.445000e+03	4.870000e+02	0.000000e+00	1	4.121179e-03
1.479000e+03	4.350000e+02	0.000000e+00	1	4.121179e-03
1.440000e+03	4.930000e+02	0.000000e+00	1	4.121179e-03
1.512000e+03	3.540000e+02	0.000000e+00	1	4.121179e-03
1.568000e+03	2.320000e+02	0.000000e+00	1	4.121179e-03
1.567000e+03	2.340000e+02	0.000000e+00	1	4.121179e-03
1.599000e+03	1.890000e+02	0.000000e+00	1	4.121179e-03
1.548000e+03	2.670000e+02	0.000000e+00	1	4.121179e-03
1.453000e+03	4.730000e+02	0.000000e+00	1	4.121179e-03
1.547000e+03	2.690000e+02	0.000000e+00	1	4.121179e-03
1.598000e+03	1.910000e+02	0.000000e+00	1	4.121179e-03
1.441000e+03	4.920000e+02	0.000000e+00	1	4.121179e-03
1.470000e+03	4.520000e+02	0.000000e+00	1	4.121179e-03
1.510000e+03	3.580000e+02	0.000000e+00	1	4.121179e-03
1.564000e+03	2.400000e+02	0.000000e+00	1	4.121179e-03
1.442000e+03	4.900000e+02	0.000000e+00	1	4.121179e-03
1.481000e+03	4.310000e+02	0.000000e+00	1	4.121179e-03
1.588000e+03	2.040000e+02	0.000000e+00	1	4.121179e-03
1.551000e+03	2.610000e+02	0.000000e+00	1	4.121179e-03
1.555000e+03	2.550000e+02	0.000000e+00	1	4.121179e-03
1.557000e+03	2.510000e+02	0.000000e+00	1	4.121179e-03
1.587000e+03	2.060000e+02	0.000000e+00	1	4.121179e-03
1.455000e+03	4.700000e+02	0.000000e+00	1	4.121179e-03
1.435000e+03	5.350000e+02	0.000000e+00	1	4.121179e-03
1.589000e+03	2.020000e+02	0.000000e+00	1	4.121179e-03
1.484000e+03	4.260000e+02	0.000000e+00	1	4.121179e-03
1.570000e+03	2.300000e+02	0.000000e+00	1	4.121179e-03
1.434000e+03	5.370000e+02	0.000000e+00	1	4.121179e-03
1.463000e+03	4.600000e+02	0.000000e+00	1	4.121179e-03
1.552000e+03	2.590000e+02	0.000000e+00	1	4.121179e-03
1.552000e+03	2.590000e+02	0.000000e+00	1	4.121179e-03
1.480000e+03	4.330000e+02	0.000000e+00	1	4.121179e-03
1.456000e+03	4.680000e+02	0.000000e+00	1	4.121179e-03
1.512000e+03	3.540000e+02	0.000000e+00	1	4.121179e-03
1.521000e+03	3.260000e+02	0.000000e+00	1	4.121179e-03
1.590000e+03	2.000000e+02	0.000000e+00	1	4.121179e-03
1.576000e+03	2.220000e+02	0.000000e+00	1	4.121179e-03
1.546000e+03	2.710000e+02	0.000000e+00	1	4.121179e-03
1.566000e+03	2.360000e+02	0.000000e+00	1	4.121179e-03
1.630000e+03	1.640000e+02	0.000000e+00	1	3.717472e-03
1.642000e+03	1.550000e+02	0.000000e+00	1	3.717472e-03
1.585000e+03	2.120000e+02	0.000000e+00	1	3.393665e-03
1.426000e+03	5.720000e+02	0.000000e+00	1	3.393665e-03
1.544000e+03	2.760000e+02	0.000000e+00	1	3.393665e-03
1.578000e+03	2.200000e+02	0.000000e+00	1	2.989958e-03
1.501000e+03	4.060000e+02	0.000000e+00	1	2.989958e-03
1.614000e+03	1.750000e+02	0.000000e+00	1	2.989958e-03
1.457000e+03	4.670000e+02	0.000000e+00	1	2.989958e-03
1.624000e+03	1.680000e+02	0.000000e+00	1	2.989958e-03
1.530000e+03	3.100000e+02	0.000000e+00	1	2.989958e-03
1.582000e+03	2.170000e+02	0.000000e+00	1	2.989958e-03
1.460000e+03	4.630000e+02	0.000000e+00	1	2.989958e-03
1.431000e+03	5.590000e+02	0.000000e+00	1	2.989958e-03
1.495000e+03	4.120000e+02	0.000000e+00	1	2.989958e-03
1.527000e+03	3.130000e+02	0.000000e+00	1	2.989958e-03
1.532000e+03	3.080000e+02	0.000000e+00	1	2.989958e-03
1.501000e+03	4.060000e+02	0.000000e+00	1	2.989958e-03
1.469000e+03	4.530000e+02	0.000000e+00	1	2.989958e-03
1.604000e+03	1.840000e+02	0.000000e+00	1	2.989958e-03
1.465000e+03	4.570000e+02	0.000000e+00	1	2.989958e-03
1.482000e+03	4.300000e+02	0.000000e+00	1	2.989958e-03
1.633000e+03	1.620000e+02	0.000000e+00	1	2.989958e-03
1.531000e+03	3.090000e+02	0.000000e+00	1	2.989958e-03
1.606000e+03	1.820000e+02	0.000000e+00	1	2.989958e-03
1.491000e+03	4.170000e+02	0.000000e+00	1	2.989958e-03
1.443000e+03	4.890000e+02	0.000000e+00	1	2.989958e-03
1.612000e+03	1.770000e+02	0.000000e+00	1	2.989958e-03
1.495000e+03	4.120000e+02	0.000000e+00	1	2.989958e-03
1.451000e+03	4.760000e+02	0.000000e+00	1	2.989958e-03
1.597000e+03	1.920000e+02	0.000000e+00	1	2.989958e-03
1.600000e+03	1.880000e+02	0.000000e+00	1	2.989958e-03
1.536000e+03	3.050000e+02	0.000000e+00	1	2.989958e-03
1.591000e+03	1.990000e+02	0.000000e+00	1	2.989958e-03
1.506000e+03	4.020000e+02	0.000000e+00	1	2.989958e-03
1.502000e+03	4.050000e+02	0.000000e+00	1	2.989958e-03
1.583000e+03	2.160000e+02	0.000000e+00	1	2.989958e-03
1.651000e+03	1.490000e+02	0.000000e+00	1	2.989958e-03
1.602000e+03	1.860000e+02	0.000000e+00	1	2.989958e-03
1.568000e+03	2.320000e+02	0.000000e+00	1	2.989958e-03
1.590000e+03	2.000000e+02	0.000000e+00	1	2.989958e-03
1.459000e+03	4.640000e+02	0.000000e+00	1	2.989958e-03
1.641000e+03	1.560000e+02	0.000000e+00	1	2.989958e-03
1.637000e+03	1.590000e+02	0.000000e+00	1	2.989958e-03
1.526000e+03	3.140000e+02	0.000000e+00	1	2.989958e-03
1.474000e+03	4.470000e+02	0.000000e+00	1	2.989958e-03
1.581000e+03	2.180000e+02	0.000000e+00	1	2.989958e-03
1.450000e+03	4.780000e+02	0.000000e+00	1	2.989958e-03
1.657000e+03	1.450000e+02	0.000000e+00	1	2.989958e-03
1.503000e+03	4.040000e+02	0.000000e+00	1	2.989958e-03
1.569000e+03	2.310000e+02	0.000000e+00	1	2.989958e-03
1.465000e+03	4.570000e+02	0.000000e+00	1	2.989958e-03
1.444000e+03	4.880000e+02	0.000000e+00	1	2.989958e-03
1.441000e+03	4.920000e+02	0.000000e+00	1	2.989958e-03
1.536000e+03	3.050000e+02	0.000000e+00	1	2.989958e-03
1.614000e+03	1.750000e+02	0.000000e+00	1	2.989958e-03
1.468000e+03	4.540000e+02	0.000000e+00	1	2.989958e-03
1.651000e+03	1.490000e+02	0.000000e+00	1	2.989958e-03
1.429000e+03	5.620000e+02	0.000000e+00	1	2.989958e-03
1.467000e+03	4.550000e+02	0.000000e+00	1	2.989958e-03
1.634000e+03	1.610000e+02	0.000000e+00	1	2.989958e-03
1.468000e+03	4.540000e+02	0.000000e+00	1	2.989958e-03
1.611000e+03	1.780000e+02	0.000000e+00	1	2.989958e-03
1.452000e+03	4.750000e+02	0.000000e+00	1	2.989958e-03
1.463000e+03	4.600000e+02	0.000000e+00	1	2.989958e-03
1.573000e+03	2.260000e+02	0.000000e+00	1	2.989958e-03
1.444000e+03	4.880000e+02	0.000000e+00	1	2.989958e-03
1.496000e+03	4.110000e+02	0.000000e+00	1	2.989958e-03
1.537000e+03	3.040000e+02	0.000000e+00	1	2.989958e-03
1.500000e+03	4.070000e+02	0.000000e+00	1	2.989958e-03
1.435000e+03	5.350000e+02	0.000000e+00	1	2.989958e-03
1.608000e+03	1.800000e+02	0.000000e+00	1	2.989958e-03
1.584000e+03	2.150000e+02	0.000000e+00	1	2.989958e-03
1.612000e+03	1.770000e+02	0.000000e+00	1	2.989958e-03
1.467000e+03	4.550000e+02	0.000000e+00	1	2.989958e-03
1.605000e+03	1.830000e+02	0.000000e+00	1	2.989958e-03
1.603000e+03	1.850000e+02	0.000000e+00	1	2.989958e-03
1.599000e+03	1.890000e+02	0.000000e+00	1	2.989958e-03
1.489000e+03	4.190000e+02	0.000000e+00	1	2.989958e-03
1.460000e+03	4.630000e+02	0.000000e+00	1	2.989958e-03
1.449000e+03	4.790000e+02	0.000000e+00	1	2.989958e-03
1.490000e+03	4.180000e+02	0.000000e+00	1	2.989958e-03
1.574000e+03	2.250000e+02	0.000000e+00	1	2.989958e-03
1.576000e+03	2.220000e+02	0.000000e+00	1	2.989958e-03
1.488000e+03	4.200000e+02	0.000000e+00	1	2.989958e-03
1.458000e+03	4.650000e+02	0.000000e+00	1	2.989958e-03
1.528000e+03	3.120000e+02	0.000000e+00	1	2.989958e-03
1.655000e+03	1.460000e+02	0.000000e+00	1	2.989958e-03
1.535000e+03	3.060000e+02	0.000000e+00	1	2.989958e-03
1.466000e+03	4.560000e+02	0.000000e+00	1	2.989958e-03
1.489000e+03	4.190000e+02	0.000000e+00	1	2.989958e-03
1.608000e+03	1.800000e+02	0.000000e+00	1	2.989958e-03
1.532000e+03	3.080000e+02	0.000000e+00	1	2.989958e-03
1.578000e+03	2.200000e+02	0.000000e+00	1	2.989958e-03
1.606000e+03	1.820000e+02	0.000000e+00	1	2.989958e-03
1.627000e+03	1.660000e+02	0.000000e+00	1	2.989958e-03
1.484000e+03	4.260000e+02	0.000000e+00	1	2.989958e-03
1.577000e+03	2.210000e+02	0.000000e+00	1	2.989958e-03
1.475000e+03	4.460000e+02	0.000000e+00	1	2.989958e-03
1.605000e+03	1.830000e+02	0.000000e+00	1	2.989958e-03
1.472000e+03	4.490000e+02	0.000000e+00	1	2.989958e-03
1.471000e+03	4.500000e+02	0.000000e+00	1	2.989958e-03
1.621000e+03	1.700000e+02	0.000000e+00	1	2.989958e-03
1.582000e+03	2.170000e+02	0.000000e+00	1	2.989958e-03
1.561000e+03	2.430000e+02	0.000000e+00	1	2.989958e-03
1.454000e+03	4.720000e+02	0.000000e+00	1	2.989958e-03
1.654000e+03	1.470000e+02	0.000000e+00	1	2.989958e-03
1.577000e+03	2.210000e+02	0.000000e+00	1	2.989958e-03
1.529000e+03	3.110000e+02	0.000000e+00	1	2.989958e-03
1.485000e+03	4.250000e+02	0.000000e+00	1	2.989958e-03
1.486000e+03	4.240000e+02	0.000000e+00	1	2.989958e-03
1.446000e+03	4.850000e+02	0.000000e+00	1	2.989958e-03
1.493000e+03	4.140000e+02	0.000000e+00	1	2.989958e-03
1.445000e+03	4.870000e+02	0.000000e+00	1	2.989958e-03
1.554000e+03	2.560000e+02	0.000000e+00	1	2.989958e-03
1.503000e+03	4.040000e+02	0.000000e+00	1	2.989958e-03
1.615000e+03	1.740000e+02	0.000000e+00	1	2.989958e-03
1.591000e+03	1.990000e+02	0.000000e+00	1	2.989958e-03
1.456000e+03	4.680000e+02	0.000000e+00	1	2.989958e-03
1.502000e+03	4.050000e+02	0.000000e+00	1	2.989958e-03
1.540000e+03	3.020000e+02	0.000000e+00	1	2.989958e-03
1.562000e+03	2.420000e+02	0.000000e+00	1	2.989958e-03
1.527000e+03	3.130000e+02	0.000000e+00	1	2.989958e-03
1.633000e+03	1.620000e+02	0.000000e+00	1	2.989958e-03
1.442000e+03	4.900000e+02	0.000000e+00	1	2.989958e-03
1.528000e+03	3.120000e+02	0.000000e+00	1	2.989958e-03
1.601000e+03	1.870000e+02	0.000000e+00	1	2.989958e-03
1.634000e+03	1.610000e+02	0.000000e+00	1	2.989958e-03
1.583000e+03	2.160000e+02	0.000000e+00	1	2.989958e-03
1.436000e+03	5.340000e+02	0.000000e+00	1	2.989958e-03
1.638000e+03	1.580000e+02	0.000000e+00	1	2.989958e-03
1.464000e+03	4.580000e+02	0.000000e+00	1	2.989958e-03
1.593000e+03	1.960000e+02	0.000000e+00	1	2.989958e-03
1.607000e+03	1.810000e+02	0.000000e+00	1	2.989958e-03
1.459000e+03	4.640000e+02	0.000000e+00	1	2.989958e-03
1.579000e+03	2.190000e+02	0.000000e+00	1	2.989958e-03
1.640000e+03	1.570000e+02	0.000000e+00	1	2.989958e-03
1.613000e+03	1.760000e+02	0.000000e+00	1	2.989958e-03
1.616000e+03	1.730000e+02	0.000000e+00	1	2.989958e-03
1.641000e+03	1.560000e+02	0.000000e+00	1	2.989958e-03
1.597000e+03	1.920000e+02	0.000000e+00	1	2.989958e-03
1.496000e+03	4.110000e+02	0.000000e+00	1	2.989958e-03
1.485000e+03	4.250000e+02	0.000000e+00	1	2.989958e-03
1.618000e+03	1.720000e+02	0.000000e+00	1	2.989958e-03
1.469000e+03	4.530000e+02	0.000000e+00	1	2.989958e-03
1.443000e+03	4.890000e+02	0.000000e+00	1	2.989958e-03
1.531000e+03	3.090000e+02	0.000000e+00	1	2.989958e-03
1.473000e+03	4.480000e+02	0.000000e+00	1	2.989958e-03
1.562000e+03	2.420000e+02	0.000000e+00	1	2.989958e-03
1.499000e+03	4.090000e+02	0.000000e+00	1	2.989958e-03
1.594000e+03	1.950000e+02	0.000000e+00	1	2.989958e-03
1.600000e+03	1.880000e+02	0.000000e+00	1	2.989958e-03
1.652000e+03	1.480000e+02	0.000000e+00	1	2.989958e-03
1.635000e+03	1.600000e+02	0.000000e+00	1	2.989958e-03
1.490000e+03	4.180000e+02	0.000000e+00	1	2.989958e-03
1.474000e+03	4.470000e+02	0.000000e+00	1	2.989958e-03
1.622000e+03	1.690000e+02	0.000000e+00	1	2.989958e-03
1.572000e+03	2.270000e+02	0.000000e+00	1	2.989958e-03
1.493000e+03	4.140000e+02	0.000000e+00	1	2.989958e-03
1.461000e+03	4.620000e+02	0.000000e+00	1	2.989958e-03
1.596000e+03	1.930000e+02	0.000000e+00	1	2.989958e-03
1.604000e+03	1.840000e+02	0.000000e+00	1	2.989958e-03
1.650000e+03	1.500000e+02	0.000000e+00	1	2.989958e-03
1.440000e+03	4.930000e+02	0.000000e+00	1	2.989958e-03
1.472000e+03	4.490000e+02	0.000000e+00	1	2.989958e-03
1.619000e+03	1.710000e+02	0.000000e+00	1	2.989958e-03
1.592000e+03	1.980000e+02	0.000000e+00	1	2.989958e-03
1.432000e+03	5.580000e+02	0.000000e+00	1	2.989958e-03
1.466000e+03	4.560000e+02	0.000000e+00	1	2.989958e-03
1.554000e+03	2.560000e+02	0.000000e+00	1	2.989958e-03
1.539000e+03	3.030000e+02	0.000000e+00	1	2.989958e-03
1.573000e+03	2.260000e+02	0.000000e+00	1	2.989958e-03
1.574000e+03	2.250000e+02	0.000000e+00	1	2.989958e-03
1.492000e+03	4.150000e+02	0.000000e+00	1	2.989958e-03
1.533000e+03	3.070000e+02	0.000000e+00	1	2.989958e-03
1.475000e+03	4.460000e+02	0.000000e+00	1	2.989958e-03
1.625000e+03	1.670000e+02	0.000000e+00	1	2.989958e-03
1.470000e+03	4.520000e+02	0.000000e+00	1	2.989958e-03
1.642000e+03	1.550000e+02	0.000000e+00	1	2.989958e-03
1.594000e+03	1.950000e+02	0.000000e+00	1	2.989958e-03
1.602000e+03	1.860000e+02	0.000000e+00	1	2.989958e-03
1.494000e+03	4.130000e+02	0.000000e+00	1	2.989958e-03
1.553000e+03	2.570000e+02	0.000000e+00	1	2.989958e-03
1.453000e+03	4.730000e+02	0.000000e+00	1	2.989958e-03
1.494000e+03	4.130000e+02	0.000000e+00	1	2.989958e-03
1.596000e+03	1.930000e+02	0.000000e+00	1	2.989958e-03
1.628000e+03	1.650000e+02	0.000000e+00	1	2.989958e-03
1.504000e+03	4.030000e+02	0.000000e+00	1	2.989958e-03
1.481000e+03	4.310000e+02	0.000000e+00	1	2.989958e-03
1.564000e+03	2.400000e+02	0.000000e+00	1	2.989958e-03
1.607000e+03	1.810000e+02	0.000000e+00	1	2.989958e-03
1.569000e+03	2.310000e+02	0.000000e+00	1	2.989958e-03
1.563000e+03	2.410000e+02	0.000000e+00	1	2.989958e-03
1.563000e+03	2.410000e+02	0.000000e+00	1	2.989958e-03
1.572000e+03	2.270000e+02	0.000000e+00	1	2.989958e-03
1.530000e+03	3.100000e+02	0.000000e+00	1	2.989958e-03
1.529000e+03	3.110000e+02	0.000000e+00	1	2.989958e-03
1.497000e+03	4.100000e+02	0.000000e+00	1	2.989958e-03
1.461000e+03	4.620000e+02	0.000000e+00	1	2.989958e-03
1.555000e+03	2.550000e+02	0.000000e+00	1	2.989958e-03
1.500000e+03	4.070000e+02	0.000000e+00	1	2.262443e-03
1.471000e+03	4.500000e+02	0.000000e+00	1	2.262443e-03
1.546000e+03	2.710000e+02	0.000000e+00	1	2.262443e-03
1.486000e+03	4.240000e+02	0.000000e+00	1	2.262443e-03
1.550000e+03	2.630000e+02	0.000000e+00	1	2.262443e-03
1.592000e+03	1.980000e+02	0.000000e+00	1	2.262443e-03
1.454000e+03	4.720000e+02	0.000000e+00	1	2.262443e-03
1.452000e+03	4.750000e+02	0.000000e+00	1	2.262443e-03
1.448000e+03	4.810000e+02	0.000000e+00	1	2.262443e-03
1.558000e+03	2.490000e+02	0.000000e+00	1	2.262443e-03
1.487000e+03	4.220000e+02	0.000000e+00	1	2.262443e-03
1.487000e+03	4.220000e+02	0.000000e+00	1	2.262443e-03
1.439000e+03	4.950000e+02	0.000000e+00	1	2.262443e-03
1.551000e+03	2.610000e+02	0.000000e+00	1	2.262443e-03
1.449000e+03	4.790000e+02	0.000000e+00	1	2.262443e-03
1.558000e+03	2.490000e+02	0.000000e+00	1	2.262443e-03
1.553000e+03	2.570000e+02	0.000000e+00	1	2.262443e-03
1.491000e+03	4.170000e+02	0.000000e+00	1	2.262443e-03
1.464000e+03	4.580000e+02	0.000000e+00	1	2.262443e-03
1.525000e+03	3.160000e+02	0.000000e+00	1	2.262443e-03
1.524000e+03	3.180000e+02	0.000000e+00	1	2.262443e-03
1.482000e+03	4.300000e+02	0.000000e+00	1	2.262443e-03
1.431000e+03	5.590000e+02	0.000000e+00	1	2.262443e-03
1.644000e+03	1.540000e+02	0.000000e+00	1	1.858736e-03
1.439000e+03	4.950000e+02	0.000000e+00	1	1.858736e-03
1.648000e+03	1.510000e+02	0.000000e+00	1	1.858736e-03
1.544000e+03	2.760000e+02	0.000000e+00	1	1.858736e-03
1.558000e+03	2.490000e+02	0.000000e+00	1	1.858736e-03
1.425000e+03	5.760000e+02	0.000000e+00	1	1.858736e-03
1.645000e+03	1.530000e+02	0.000000e+00	1	1.858736e-03
1.541000e+03	2.880000e+02	0.000000e+00	1	1.858736e-03
1.553000e+03	2.570000e+02	0.000000e+00	1	1.858736e-03
1.585000e+03	2.120000e+02	0.000000e+00	1	1.858736e-03
1.598000e+03	1.910000e+02	0.000000e+00	1	1.858736e-03
1.491000e+03	4.170000e+02	0.000000e+00	1	1.858736e-03
1.464000e+03	4.580000e+02	0.000000e+00	1	1.858736e-03
1.575000e+03	2.240000e+02	0.000000e+00	1	1.858736e-03
1.632000e+03	1.630000e+02	0.000000e+00	1	1.858736e-03
1.595000e+03	1.940000e+02	0.000000e+00	1	1.858736e-03
1.431000e+03	5.590000e+02	0.000000e+00	1	1.858736e-03
1.462000e+03	4.610000e+02	0.000000e+00	1	1.858736e-03
1.609000e+03	1.790000e+02	0.000000e+00	1	1.858736e-03
1.434000e+03	5.370000e+02	0.000000e+00	1	1.858736e-03
1.647000e+03	1.520000e+02	0.000000e+00	1	1.858736e-03
1.524000e+03	3.180000e+02	0.000000e+00	1	1.858736e-03
1.462000e+03	4.610000e+02	0.000000e+00	1	1.858736e-03
1.570000e+03	2.300000e+02	0.000000e+00	1	1.858736e-03
1.427000e+03	5.690000e+02	0.000000e+00	1	1.858736e-03
1.449000e+03	4.790000e+02	0.000000e+00	1	1.858736e-03
1.518000e+03	3.340000e+02	0.000000e+00	1	1.858736e-03
1.487000e+03	4.220000e+02	0.000000e+00	1	1.858736e-03
1.448000e+03	4.810000e+02	0.000000e+00	1	1.858736e-03
1.426000e+03	5.720000e+02	0.000000e+00	1	1.858736e-03
1.482000e+03	4.300000e+02	0.000000e+00	1	1.858736e-03
1.615000e+03	1.740000e+02	0.000000e+00	1	1.858736e-03
1.571000e+03	2.280000e+02	0.000000e+00	1	1.858736e-03
1.658000e+03	1.440000e+02	0.000000e+00	1	1.858736e-03
1.486000e+03	4.240000e+02	0.000000e+00	1	1.858736e-03
1.613000e+03	1.760000e+02	0.000000e+00	1	1.858736e-03
1.452000e+03	4.750000e+02	0.000000e+00	1	1.858736e-03
1.603000e+03	1.850000e+02	0.000000e+00	1	1.858736e-03
1.471000e+03	4.500000e+02	0.000000e+00	1	1.858736e-03
1.546000e+03	2.710000e+02	0.000000e+00	1	1.858736e-03
1.500000e+03	4.070000e+02	0.000000e+00	1	1.858736e-03
1.439000e+03	4.950000e+02	0.000000e+00	1	1.858736e-03
1.430000e+03	5.610000e+02	0.000000e+00	1	1.858736e-03
1.592000e+03	1.980000e+02	0.000000e+00	1	1.858736e-03
1.558000e+03	2.490000e+02	0.000000e+00	1	1.858736e-03
1.525000e+03	3.160000e+02	0.000000e+00	1	1.858736e-03
1.514000e+03	3.470000e+02	0.000000e+00	1	1.858736e-03
1.550000e+03	2.630000e+02	0.000000e+00	1	1.858736e-03
1.595000e+03	1.940000e+02	0.000000e+00	1	1.858736e-03
1.487000e+03	4.220000e+02	0.000000e+00	1	1.858736e-03
1.454000e+03	4.720000e+02	0.000000e+00	1	1.858736e-03
1.551000e+03	2.610000e+02	0.000000e+00	1	1.858736e-03
1.601000e+03	1.870000e+02	0.000000e+00	1	1.858736e-03
1.447000e+03	4.840000e+02	0.000000e+00	1	1.858736e-03
1.473000e+03	4.480000e+02	0.000000e+00	1	1.858736e-03
1.430000e+03	5.610000e+02	0.000000e+00	1	1.131222e-03
1.615000e+03	1.740000e+02	0.000000e+00	1	1.131222e-03
1.613000e+03	1.760000e+02	0.000000e+00	1	1.131222e-03
1.644000e+03	1.540000e+02	0.000000e+00	1	1.131222e-03
1.609000e+03	1.790000e+02	0.000000e+00	1	1.131222e-03
1.630000e+03	1.640000e+02	0.000000e+00	1	1.131222e-03
1.462000e+03	4.610000e+02	0.000000e+00	1	1.131222e-03
1.570000e+03	2.300000e+02	0.000000e+00	1	1.131222e-03
1.571000e+03	2.280000e+02	0.000000e+00	1	1.131222e-03
1.647000e+03	1.520000e+02	0.000000e+00	1	1.131222e-03
1.473000e+03	4.480000e+02	0.000000e+00	1	1.131222e-03
1.632000e+03	1.630000e+02	0.000000e+00	1	1.131222e-03
1.648000e+03	1.510000e+02	0.000000e+00	1	1.131222e-03
1.678000e+03	1.380000e+02	0.000000e+00	1	1.131222e-03
1.603000e+03	1.850000e+02	0.000000e+00	1	1.131222e-03
1.462000e+03	4.610000e+02	0.000000e+00	1	1.131222e-03
1.678000e+03	1.380000e+02	0.000000e+00	1	1.131222e-03
1.598000e+03	1.910000e+02	0.000000e+00	1	1.131222e-03
1.595000e+03	1.940000e+02	0.000000e+00	1	1.131222e-03
1.658000e+03	1.440000e+02	0.000000e+00	1	1.131222e-03
1.575000e+03	2.240000e+02	0.000000e+00	1	1.131222e-03
1.595000e+03	1.940000e+02	0.000000e+00	1	1.131222e-03
1.447000e+03	4.840000e+02	0.000000e+00	1	1.131222e-03
Total execution time: 264933.158
