# This file contains the data of final feasible population (if found)
# of objectives = 2, # of constraints = 0, # of real_var = 0, # of bits of bin_var = 0, constr_violation, rank, crowding_distance
1.488550e-01	8.325333e-01	0.000000e+00	1	1.000000e+14
1.588636e-01	8.091746e-01	0.000000e+00	1	1.000000e+14
1.498579e-01	8.319302e-01	0.000000e+00	1	2.850639e-01
1.508405e-01	8.186127e-01	0.000000e+00	1	2.850639e-01
1.557064e-01	8.117873e-01	0.000000e+00	1	5.614689e-02
1.551511e-01	8.131143e-01	0.000000e+00	1	5.614689e-02
1.498579e-01	8.319302e-01	0.000000e+00	1	5.030933e-02
1.508405e-01	8.186127e-01	0.000000e+00	1	4.908617e-02
1.569620e-01	8.101365e-01	0.000000e+00	1	4.322369e-02
1.577864e-01	8.100667e-01	0.000000e+00	1	4.118510e-02
1.549066e-01	8.131905e-01	0.000000e+00	1	2.822111e-02
1.543744e-01	8.132571e-01	0.000000e+00	1	2.659023e-02
1.587567e-01	8.092698e-01	0.000000e+00	1	1.896503e-02
1.583771e-01	8.093651e-01	0.000000e+00	1	1.896503e-02
1.489661e-01	8.324381e-01	0.000000e+00	1	1.780535e-02
1.492817e-01	8.323460e-01	0.000000e+00	1	1.576675e-02
1.530984e-01	8.144032e-01	0.000000e+00	1	1.413053e-02
1.534219e-01	8.140794e-01	0.000000e+00	1	1.404875e-02
1.537031e-01	8.140603e-01	0.000000e+00	1	1.404875e-02
1.551511e-01	8.131143e-01	0.000000e+00	1	1.384251e-02
1.528250e-01	8.144254e-01	0.000000e+00	1	1.365486e-02
1.549066e-01	8.131905e-01	0.000000e+00	1	1.363865e-02
1.509119e-01	8.184794e-01	0.000000e+00	1	1.321770e-02
1.567614e-01	8.103270e-01	0.000000e+00	1	1.205647e-02
1.560582e-01	8.110063e-01	0.000000e+00	1	1.178625e-02
1.543744e-01	8.132571e-01	0.000000e+00	1	1.135379e-02
1.541471e-01	8.133524e-01	0.000000e+00	1	1.135379e-02
1.565513e-01	8.103302e-01	0.000000e+00	1	1.049354e-02
1.509516e-01	8.180286e-01	0.000000e+00	1	9.649361e-03
1.525515e-01	8.145429e-01	0.000000e+00	1	9.365188e-03
1.557064e-01	8.117873e-01	0.000000e+00	1	9.339938e-03
1.582660e-01	8.095143e-01	0.000000e+00	1	8.696162e-03
1.580919e-01	8.095873e-01	0.000000e+00	1	8.696162e-03
1.510630e-01	8.173397e-01	0.000000e+00	1	8.664827e-03
1.526584e-01	8.144476e-01	0.000000e+00	1	8.326112e-03
1.528250e-01	8.144254e-01	0.000000e+00	1	8.326112e-03
1.560132e-01	8.112730e-01	0.000000e+00	1	7.956003e-03
1.558281e-01	8.116349e-01	0.000000e+00	1	7.657968e-03
1.493928e-01	8.322508e-01	0.000000e+00	1	7.589339e-03
1.583771e-01	8.093651e-01	0.000000e+00	1	7.379084e-03
1.587567e-01	8.092698e-01	0.000000e+00	1	7.379084e-03
1.524048e-01	8.146159e-01	0.000000e+00	1	7.326591e-03
1.510257e-01	8.178952e-01	0.000000e+00	1	6.927485e-03
1.510627e-01	8.175778e-01	0.000000e+00	1	6.795325e-03
1.511371e-01	8.172063e-01	0.000000e+00	1	6.795325e-03
1.511741e-01	8.168889e-01	0.000000e+00	1	6.795325e-03
1.564577e-01	8.104254e-01	0.000000e+00	1	6.717080e-03
1.541471e-01	8.133524e-01	0.000000e+00	1	6.554531e-03
1.582702e-01	8.094603e-01	0.000000e+00	1	6.495691e-03
1.495867e-01	8.321175e-01	0.000000e+00	1	6.333814e-03
1.580785e-01	8.096095e-01	0.000000e+00	1	6.230594e-03
1.494756e-01	8.322127e-01	0.000000e+00	1	6.176423e-03
1.561799e-01	8.108540e-01	0.000000e+00	1	6.078182e-03
1.558281e-01	8.116349e-01	0.000000e+00	1	6.078182e-03
1.559989e-01	8.113016e-01	0.000000e+00	1	5.974893e-03
1.514307e-01	8.165048e-01	0.000000e+00	1	5.946698e-03
1.515524e-01	8.161048e-01	0.000000e+00	1	5.612605e-03
1.515048e-01	8.163714e-01	0.000000e+00	1	5.606931e-03
1.516979e-01	8.159492e-01	0.000000e+00	1	5.606931e-03
1.494756e-01	8.322127e-01	0.000000e+00	1	5.550742e-03
1.489661e-01	8.324381e-01	0.000000e+00	1	5.550742e-03
1.488550e-01	8.325333e-01	0.000000e+00	1	5.550742e-03
1.492817e-01	8.323460e-01	0.000000e+00	1	5.550742e-03
1.495867e-01	8.321175e-01	0.000000e+00	1	5.550742e-03
1.496727e-01	8.320825e-01	0.000000e+00	1	5.518375e-03
1.560582e-01	8.110063e-01	0.000000e+00	1	5.509686e-03
1.579716e-01	8.097048e-01	0.000000e+00	1	5.406041e-03
1.558916e-01	8.114254e-01	0.000000e+00	1	5.363314e-03
1.525515e-01	8.145429e-01	0.000000e+00	1	5.340486e-03
1.526584e-01	8.144476e-01	0.000000e+00	1	5.340486e-03
1.579850e-01	8.096825e-01	0.000000e+00	1	5.143342e-03
1.523334e-01	8.146381e-01	0.000000e+00	1	5.131259e-03
1.510627e-01	8.175778e-01	0.000000e+00	1	5.096494e-03
1.562767e-01	8.106540e-01	0.000000e+00	1	5.049418e-03
1.493928e-01	8.322508e-01	0.000000e+00	1	4.953264e-03
1.567614e-01	8.103270e-01	0.000000e+00	1	4.825732e-03
1.564460e-01	8.104476e-01	0.000000e+00	1	4.757778e-03
1.568566e-01	8.102540e-01	0.000000e+00	1	4.757778e-03
1.563508e-01	8.105206e-01	0.000000e+00	1	4.757778e-03
1.565513e-01	8.103302e-01	0.000000e+00	1	4.678482e-03
1.569620e-01	8.101365e-01	0.000000e+00	1	4.678482e-03
1.568683e-01	8.102317e-01	0.000000e+00	1	4.678482e-03
1.558916e-01	8.114254e-01	0.000000e+00	1	4.484914e-03
1.537587e-01	8.139968e-01	0.000000e+00	1	4.270342e-03
1.511371e-01	8.172063e-01	0.000000e+00	1	4.228611e-03
1.517191e-01	8.156857e-01	0.000000e+00	1	4.223878e-03
1.539439e-01	8.136349e-01	0.000000e+00	1	4.134436e-03
1.540180e-01	8.135016e-01	0.000000e+00	1	4.134436e-03
1.538883e-01	8.136984e-01	0.000000e+00	1	4.134436e-03
1.515135e-01	8.162762e-01	0.000000e+00	1	4.104404e-03
1.511344e-01	8.173175e-01	0.000000e+00	1	4.044007e-03
1.514334e-01	8.163937e-01	0.000000e+00	1	4.044007e-03
1.518891e-01	8.153810e-01	0.000000e+00	1	4.044007e-03
1.521524e-01	8.148667e-01	0.000000e+00	1	4.044007e-03
1.522265e-01	8.147333e-01	0.000000e+00	1	4.044007e-03
1.517436e-01	8.155365e-01	0.000000e+00	1	4.044007e-03
1.532436e-01	8.141968e-01	0.000000e+00	1	4.044007e-03
1.563492e-01	8.106476e-01	0.000000e+00	1	3.758306e-03
1.577998e-01	8.100444e-01	0.000000e+00	1	3.742545e-03
1.578748e-01	8.100159e-01	0.000000e+00	1	3.742545e-03
1.497838e-01	8.319873e-01	0.000000e+00	1	3.700494e-03
1.561799e-01	8.108540e-01	0.000000e+00	1	3.700494e-03
1.498579e-01	8.319302e-01	0.000000e+00	1	3.700494e-03
1.562540e-01	8.107206e-01	0.000000e+00	1	3.700494e-03
1.496727e-01	8.320825e-01	0.000000e+00	1	3.700494e-03
1.497468e-01	8.320254e-01	0.000000e+00	1	3.700494e-03
1.540730e-01	8.134857e-01	0.000000e+00	1	3.700494e-03
1.517066e-01	8.158540e-01	0.000000e+00	1	3.601522e-03
1.518177e-01	8.154032e-01	0.000000e+00	1	3.568334e-03
1.520812e-01	8.150349e-01	0.000000e+00	1	3.568334e-03
1.522238e-01	8.148444e-01	0.000000e+00	1	3.568334e-03
1.522979e-01	8.147111e-01	0.000000e+00	1	3.568334e-03
1.513593e-01	8.165270e-01	0.000000e+00	1	3.568334e-03
1.512482e-01	8.167556e-01	0.000000e+00	1	3.568334e-03
1.516238e-01	8.160825e-01	0.000000e+00	1	3.568334e-03
1.508405e-01	8.186127e-01	0.000000e+00	1	3.568334e-03
1.513196e-01	8.167333e-01	0.000000e+00	1	3.568334e-03
1.520098e-01	8.150571e-01	0.000000e+00	1	3.568334e-03
1.515524e-01	8.161048e-01	0.000000e+00	1	3.568334e-03
1.532053e-01	8.143079e-01	0.000000e+00	1	3.568334e-03
1.518151e-01	8.155143e-01	0.000000e+00	1	3.568334e-03
1.533505e-01	8.141016e-01	0.000000e+00	1	3.568334e-03
1.510230e-01	8.180063e-01	0.000000e+00	1	3.568334e-03
1.534219e-01	8.140794e-01	0.000000e+00	1	3.568334e-03
1.524048e-01	8.146159e-01	0.000000e+00	1	3.568334e-03
1.511741e-01	8.168889e-01	0.000000e+00	1	3.568334e-03
1.509516e-01	8.180286e-01	0.000000e+00	1	3.568334e-03
1.520072e-01	8.151683e-01	0.000000e+00	1	3.568334e-03
1.516265e-01	8.159714e-01	0.000000e+00	1	3.568334e-03
1.512455e-01	8.168667e-01	0.000000e+00	1	3.568334e-03
1.519357e-01	8.151905e-01	0.000000e+00	1	3.568334e-03
1.533150e-01	8.141746e-01	0.000000e+00	1	3.568334e-03
1.531338e-01	8.143302e-01	0.000000e+00	1	3.568334e-03
1.559989e-01	8.113016e-01	0.000000e+00	1	3.365045e-03
1.531338e-01	8.143302e-01	0.000000e+00	1	3.335077e-03
1.518891e-01	8.153810e-01	0.000000e+00	1	3.335077e-03
1.521167e-01	8.149619e-01	0.000000e+00	1	3.335077e-03
1.519246e-01	8.153079e-01	0.000000e+00	1	3.335077e-03
1.558281e-01	8.116349e-01	0.000000e+00	1	3.261756e-03
1.561799e-01	8.108540e-01	0.000000e+00	1	3.261756e-03
1.517191e-01	8.156857e-01	0.000000e+00	1	3.193803e-03
1.517436e-01	8.155365e-01	0.000000e+00	1	3.193803e-03
1.558916e-01	8.114254e-01	0.000000e+00	1	3.173054e-03
1.579109e-01	8.098159e-01	0.000000e+00	1	3.051181e-03
1.579109e-01	8.098159e-01	0.000000e+00	1	3.027677e-03
1.509119e-01	8.184794e-01	0.000000e+00	1	2.854036e-03
1.508405e-01	8.186127e-01	0.000000e+00	1	2.854036e-03
1.578933e-01	8.099714e-01	0.000000e+00	1	2.854036e-03
1.540730e-01	8.134857e-01	0.000000e+00	1	2.854036e-03
1.578975e-01	8.098381e-01	0.000000e+00	1	2.854036e-03
1.562540e-01	8.107206e-01	0.000000e+00	1	2.854036e-03
1.561799e-01	8.108540e-01	0.000000e+00	1	2.854036e-03
1.513283e-01	8.166381e-01	0.000000e+00	1	2.813292e-03
1.563492e-01	8.106476e-01	0.000000e+00	1	2.796225e-03
1.539624e-01	8.135651e-01	0.000000e+00	1	2.775371e-03
1.537031e-01	8.140603e-01	0.000000e+00	1	2.775371e-03
1.540180e-01	8.135016e-01	0.000000e+00	1	2.750140e-03
1.540730e-01	8.134857e-01	0.000000e+00	1	2.750140e-03
1.563508e-01	8.105206e-01	0.000000e+00	1	2.718130e-03
1.497468e-01	8.320254e-01	0.000000e+00	1	2.665686e-03
1.558916e-01	8.114254e-01	0.000000e+00	1	2.650177e-03
1.538328e-01	8.138635e-01	0.000000e+00	1	2.617239e-03
1.562540e-01	8.107206e-01	0.000000e+00	1	2.562397e-03
1.519246e-01	8.153079e-01	0.000000e+00	1	2.514270e-03
1.519357e-01	8.151905e-01	0.000000e+00	1	2.514270e-03
1.522265e-01	8.147333e-01	0.000000e+00	1	2.510524e-03
1.517066e-01	8.158540e-01	0.000000e+00	1	2.473526e-03
1.513196e-01	8.167333e-01	0.000000e+00	1	2.473526e-03
1.538749e-01	8.137778e-01	0.000000e+00	1	2.420095e-03
1.538563e-01	8.138476e-01	0.000000e+00	1	2.420095e-03
1.532053e-01	8.143079e-01	0.000000e+00	1	2.390799e-03
1.522238e-01	8.148444e-01	0.000000e+00	1	2.378364e-03
1.518151e-01	8.155143e-01	0.000000e+00	1	2.378364e-03
1.520072e-01	8.151683e-01	0.000000e+00	1	2.378364e-03
1.520098e-01	8.150571e-01	0.000000e+00	1	2.378364e-03
1.511344e-01	8.173175e-01	0.000000e+00	1	2.378364e-03
1.513593e-01	8.165270e-01	0.000000e+00	1	2.378364e-03
1.532436e-01	8.141968e-01	0.000000e+00	1	2.378364e-03
1.514334e-01	8.163937e-01	0.000000e+00	1	2.378364e-03
1.532053e-01	8.143079e-01	0.000000e+00	1	2.378364e-03
1.518177e-01	8.154032e-01	0.000000e+00	1	2.378364e-03
1.512482e-01	8.167556e-01	0.000000e+00	1	2.378364e-03
1.512455e-01	8.168667e-01	0.000000e+00	1	2.378364e-03
1.510230e-01	8.180063e-01	0.000000e+00	1	2.378364e-03
1.510257e-01	8.178952e-01	0.000000e+00	1	2.378364e-03
1.516265e-01	8.159714e-01	0.000000e+00	1	2.378364e-03
1.516238e-01	8.160825e-01	0.000000e+00	1	2.378364e-03
1.538749e-01	8.137778e-01	0.000000e+00	1	2.371648e-03
1.538883e-01	8.136984e-01	0.000000e+00	1	2.371648e-03
1.582702e-01	8.094603e-01	0.000000e+00	1	2.248853e-03
1.523334e-01	8.146381e-01	0.000000e+00	1	2.247825e-03
1.533150e-01	8.141746e-01	0.000000e+00	1	2.247825e-03
1.520812e-01	8.150349e-01	0.000000e+00	1	2.247825e-03
1.564460e-01	8.104476e-01	0.000000e+00	1	2.145632e-03
1.521524e-01	8.148667e-01	0.000000e+00	1	2.038597e-03
1.587567e-01	8.092698e-01	0.000000e+00	1	2.038597e-03
1.568683e-01	8.102317e-01	0.000000e+00	1	2.038597e-03
1.521167e-01	8.149619e-01	0.000000e+00	1	2.038597e-03
1.565513e-01	8.103302e-01	0.000000e+00	1	2.038597e-03
1.583771e-01	8.093651e-01	0.000000e+00	1	2.038597e-03
1.543744e-01	8.132571e-01	0.000000e+00	1	2.038597e-03
1.515135e-01	8.162762e-01	0.000000e+00	1	2.038597e-03
1.513283e-01	8.166381e-01	0.000000e+00	1	2.038597e-03
1.526584e-01	8.144476e-01	0.000000e+00	1	2.038597e-03
1.541471e-01	8.133524e-01	0.000000e+00	1	2.038597e-03
1.492817e-01	8.323460e-01	0.000000e+00	1	2.038597e-03
1.588636e-01	8.091746e-01	0.000000e+00	1	2.038597e-03
1.513593e-01	8.165270e-01	0.000000e+00	1	2.023152e-03
1.509516e-01	8.180286e-01	0.000000e+00	1	1.982408e-03
1.509119e-01	8.184794e-01	0.000000e+00	1	1.982408e-03
1.492817e-01	8.323460e-01	0.000000e+00	1	1.970644e-03
1.489661e-01	8.324381e-01	0.000000e+00	1	1.970644e-03
1.515135e-01	8.162762e-01	0.000000e+00	1	1.943129e-03
1.532436e-01	8.141968e-01	0.000000e+00	1	1.915126e-03
1.510627e-01	8.175778e-01	0.000000e+00	1	1.850247e-03
1.510257e-01	8.178952e-01	0.000000e+00	1	1.850247e-03
1.511741e-01	8.168889e-01	0.000000e+00	1	1.850247e-03
1.497838e-01	8.319873e-01	0.000000e+00	1	1.850247e-03
1.521167e-01	8.149619e-01	0.000000e+00	1	1.782965e-03
1.521524e-01	8.148667e-01	0.000000e+00	1	1.782965e-03
1.530984e-01	8.144032e-01	0.000000e+00	1	1.772152e-03
1.533505e-01	8.141016e-01	0.000000e+00	1	1.772152e-03
1.522979e-01	8.147111e-01	0.000000e+00	1	1.772152e-03
1.563508e-01	8.105206e-01	0.000000e+00	1	1.641020e-03
1.538008e-01	8.139111e-01	0.000000e+00	1	1.597941e-03
1.524048e-01	8.146159e-01	0.000000e+00	1	1.562925e-03
1.525515e-01	8.145429e-01	0.000000e+00	1	1.562925e-03
1.580919e-01	8.095873e-01	0.000000e+00	1	1.562925e-03
1.533505e-01	8.141016e-01	0.000000e+00	1	1.562925e-03
1.582660e-01	8.095143e-01	0.000000e+00	1	1.562925e-03
1.533150e-01	8.141746e-01	0.000000e+00	1	1.562925e-03
1.530984e-01	8.144032e-01	0.000000e+00	1	1.562925e-03
1.579850e-01	8.096825e-01	0.000000e+00	1	1.562925e-03
1.520812e-01	8.150349e-01	0.000000e+00	1	1.562925e-03
1.568566e-01	8.102540e-01	0.000000e+00	1	1.562925e-03
1.522979e-01	8.147111e-01	0.000000e+00	1	1.562925e-03
1.513283e-01	8.166381e-01	0.000000e+00	1	1.547479e-03
1.538563e-01	8.138476e-01	0.000000e+00	1	1.517196e-03
1.577864e-01	8.100667e-01	0.000000e+00	1	1.494971e-03
1.539624e-01	8.135651e-01	0.000000e+00	1	1.494971e-03
1.537772e-01	8.139270e-01	0.000000e+00	1	1.494971e-03
1.539439e-01	8.136349e-01	0.000000e+00	1	1.494971e-03
1.569620e-01	8.101365e-01	0.000000e+00	1	1.494971e-03
1.543744e-01	8.132571e-01	0.000000e+00	1	1.427018e-03
1.582660e-01	8.095143e-01	0.000000e+00	1	1.365461e-03
1.537587e-01	8.139968e-01	0.000000e+00	1	1.359065e-03
1.539624e-01	8.135651e-01	0.000000e+00	1	1.359065e-03
1.537031e-01	8.140603e-01	0.000000e+00	1	1.359065e-03
1.560132e-01	8.112730e-01	0.000000e+00	1	1.326447e-03
1.578748e-01	8.100159e-01	0.000000e+00	1	1.284396e-03
1.517436e-01	8.155365e-01	0.000000e+00	1	1.227891e-03
1.517191e-01	8.156857e-01	0.000000e+00	1	1.227891e-03
1.497468e-01	8.320254e-01	0.000000e+00	1	1.223158e-03
1.497838e-01	8.319873e-01	0.000000e+00	1	1.223158e-03
1.538328e-01	8.138635e-01	0.000000e+00	1	1.177430e-03
1.538008e-01	8.139111e-01	0.000000e+00	1	1.177430e-03
1.537772e-01	8.139270e-01	0.000000e+00	1	1.177430e-03
1.578975e-01	8.098381e-01	0.000000e+00	1	1.148490e-03
1.562767e-01	8.106540e-01	0.000000e+00	1	1.135379e-03
1.564577e-01	8.104254e-01	0.000000e+00	1	1.058380e-03
1.519357e-01	8.151905e-01	0.000000e+00	1	1.030747e-03
1.538008e-01	8.139111e-01	0.000000e+00	1	1.019299e-03
1.539624e-01	8.135651e-01	0.000000e+00	1	9.251236e-04
1.537772e-01	8.139270e-01	0.000000e+00	1	9.251236e-04
1.537587e-01	8.139968e-01	0.000000e+00	1	9.251236e-04
1.539439e-01	8.136349e-01	0.000000e+00	1	9.251236e-04
1.494756e-01	8.322127e-01	0.000000e+00	1	8.154390e-04
1.497838e-01	8.319873e-01	0.000000e+00	1	8.154390e-04
1.496727e-01	8.320825e-01	0.000000e+00	1	7.474857e-04
1.495867e-01	8.321175e-01	0.000000e+00	1	7.474857e-04
1.578882e-01	8.099937e-01	0.000000e+00	1	7.279792e-04
1.578933e-01	8.099714e-01	0.000000e+00	1	7.279792e-04
1.579716e-01	8.097048e-01	0.000000e+00	1	6.728172e-04
1.577998e-01	8.100444e-01	0.000000e+00	1	6.728172e-04
1.578882e-01	8.099937e-01	0.000000e+00	1	6.728172e-04
1.580785e-01	8.096095e-01	0.000000e+00	1	6.728172e-04
1.579850e-01	8.096825e-01	0.000000e+00	1	6.728172e-04
1.580919e-01	8.095873e-01	0.000000e+00	1	6.728172e-04
1.577864e-01	8.100667e-01	0.000000e+00	1	6.728172e-04
1.517066e-01	8.158540e-01	0.000000e+00	1	6.223559e-04
1.577998e-01	8.100444e-01	0.000000e+00	1	6.115792e-04
1.512455e-01	8.168667e-01	0.000000e+00	1	6.078332e-04
1.516265e-01	8.159714e-01	0.000000e+00	1	6.078332e-04
1.514307e-01	8.165048e-01	0.000000e+00	1	6.078332e-04
1.518151e-01	8.155143e-01	0.000000e+00	1	6.078332e-04
1.568683e-01	8.102317e-01	0.000000e+00	1	5.827077e-04
1.568566e-01	8.102540e-01	0.000000e+00	1	5.827077e-04
1.519246e-01	8.153079e-01	0.000000e+00	1	5.550742e-04
1.564460e-01	8.104476e-01	0.000000e+00	1	4.756727e-04
1.513196e-01	8.167333e-01	0.000000e+00	1	4.756727e-04
1.526584e-01	8.144476e-01	0.000000e+00	1	4.756727e-04
1.509516e-01	8.180286e-01	0.000000e+00	1	4.756727e-04
1.524048e-01	8.146159e-01	0.000000e+00	1	4.756727e-04
1.534219e-01	8.140794e-01	0.000000e+00	1	4.756727e-04
1.510230e-01	8.180063e-01	0.000000e+00	1	4.756727e-04
1.515048e-01	8.163714e-01	0.000000e+00	1	4.756727e-04
1.579109e-01	8.098159e-01	0.000000e+00	1	4.756727e-04
1.520072e-01	8.151683e-01	0.000000e+00	1	4.756727e-04
1.512482e-01	8.167556e-01	0.000000e+00	1	4.756727e-04
1.510630e-01	8.173397e-01	0.000000e+00	1	4.756727e-04
1.577864e-01	8.100667e-01	0.000000e+00	1	4.756727e-04
1.516979e-01	8.159492e-01	0.000000e+00	1	4.756727e-04
1.533505e-01	8.141016e-01	0.000000e+00	1	4.756727e-04
1.516238e-01	8.160825e-01	0.000000e+00	1	4.756727e-04
1.515524e-01	8.161048e-01	0.000000e+00	1	4.756727e-04
1.579716e-01	8.097048e-01	0.000000e+00	1	4.756727e-04
1.511741e-01	8.168889e-01	0.000000e+00	1	4.756727e-04
1.528250e-01	8.144254e-01	0.000000e+00	1	4.756727e-04
1.577998e-01	8.100444e-01	0.000000e+00	1	4.756727e-04
1.528250e-01	8.144254e-01	0.000000e+00	1	4.756727e-04
1.568566e-01	8.102540e-01	0.000000e+00	1	4.756727e-04
1.522979e-01	8.147111e-01	0.000000e+00	1	4.756727e-04
1.578882e-01	8.099937e-01	0.000000e+00	1	4.756727e-04
1.531338e-01	8.143302e-01	0.000000e+00	1	4.756727e-04
1.520098e-01	8.150571e-01	0.000000e+00	1	4.756727e-04
1.578748e-01	8.100159e-01	0.000000e+00	1	4.756727e-04
1.568683e-01	8.102317e-01	0.000000e+00	1	4.756727e-04
1.518177e-01	8.154032e-01	0.000000e+00	1	4.756727e-04
1.580785e-01	8.096095e-01	0.000000e+00	1	4.756727e-04
1.580919e-01	8.095873e-01	0.000000e+00	1	4.756727e-04
1.522238e-01	8.148444e-01	0.000000e+00	1	4.756727e-04
1.516979e-01	8.159492e-01	0.000000e+00	1	4.349282e-04
1.515048e-01	8.163714e-01	0.000000e+00	1	4.349282e-04
1.537031e-01	8.140603e-01	0.000000e+00	1	4.077195e-04
1.534219e-01	8.140794e-01	0.000000e+00	1	4.077195e-04
1.540180e-01	8.135016e-01	0.000000e+00	1	3.397662e-04
1.540730e-01	8.134857e-01	0.000000e+00	1	3.397662e-04
1.538328e-01	8.138635e-01	0.000000e+00	1	3.397662e-04
1.538008e-01	8.139111e-01	0.000000e+00	1	3.397662e-04
1.537772e-01	8.139270e-01	0.000000e+00	1	3.397662e-04
1.578933e-01	8.099714e-01	0.000000e+00	1	2.102554e-04
1.578975e-01	8.098381e-01	0.000000e+00	1	2.102554e-04
1.562767e-01	8.106540e-01	0.000000e+00	1	1.359065e-04
1.516238e-01	8.160825e-01	0.000000e+00	1	1.321605e-04
1.522238e-01	8.148444e-01	0.000000e+00	1	1.321605e-04
1.518177e-01	8.154032e-01	0.000000e+00	1	1.321605e-04
1.512482e-01	8.167556e-01	0.000000e+00	1	1.321605e-04
1.511344e-01	8.173175e-01	0.000000e+00	1	1.321605e-04
1.511371e-01	8.172063e-01	0.000000e+00	1	1.321605e-04
1.520072e-01	8.151683e-01	0.000000e+00	1	1.321605e-04
1.514334e-01	8.163937e-01	0.000000e+00	1	1.321605e-04
1.510230e-01	8.180063e-01	0.000000e+00	1	1.321605e-04
1.520098e-01	8.150571e-01	0.000000e+00	1	1.321605e-04
1.565513e-01	8.103302e-01	0.000000e+00	1	6.795325e-05
1.510630e-01	8.173397e-01	0.000000e+00	1	1.441751e-05
1.510627e-01	8.175778e-01	0.000000e+00	1	1.441751e-05
1.509516e-01	8.180286e-01	0.000000e+00	1	0.000000e+00
1.522265e-01	8.147333e-01	0.000000e+00	1	0.000000e+00
1.561799e-01	8.108540e-01	0.000000e+00	1	0.000000e+00
1.521524e-01	8.148667e-01	0.000000e+00	1	0.000000e+00
1.567614e-01	8.103270e-01	0.000000e+00	1	0.000000e+00
1.520098e-01	8.150571e-01	0.000000e+00	1	0.000000e+00
1.521167e-01	8.149619e-01	0.000000e+00	1	0.000000e+00
1.534219e-01	8.140794e-01	0.000000e+00	1	0.000000e+00
1.518177e-01	8.154032e-01	0.000000e+00	1	0.000000e+00
1.538563e-01	8.138476e-01	0.000000e+00	1	0.000000e+00
1.510257e-01	8.178952e-01	0.000000e+00	1	0.000000e+00
1.512455e-01	8.168667e-01	0.000000e+00	1	0.000000e+00
1.517191e-01	8.156857e-01	0.000000e+00	1	0.000000e+00
1.518151e-01	8.155143e-01	0.000000e+00	1	0.000000e+00
1.519357e-01	8.151905e-01	0.000000e+00	1	0.000000e+00
1.580785e-01	8.096095e-01	0.000000e+00	1	0.000000e+00
1.528250e-01	8.144254e-01	0.000000e+00	1	0.000000e+00
1.534219e-01	8.140794e-01	0.000000e+00	1	0.000000e+00
1.532436e-01	8.141968e-01	0.000000e+00	1	0.000000e+00
1.533505e-01	8.141016e-01	0.000000e+00	1	0.000000e+00
1.532053e-01	8.143079e-01	0.000000e+00	1	0.000000e+00
1.588636e-01	8.091746e-01	0.000000e+00	1	0.000000e+00
1.537772e-01	8.139270e-01	0.000000e+00	1	0.000000e+00
1.516265e-01	8.159714e-01	0.000000e+00	1	0.000000e+00
1.512482e-01	8.167556e-01	0.000000e+00	1	0.000000e+00
1.521524e-01	8.148667e-01	0.000000e+00	1	0.000000e+00
1.516238e-01	8.160825e-01	0.000000e+00	1	0.000000e+00
1.513593e-01	8.165270e-01	0.000000e+00	1	0.000000e+00
1.551511e-01	8.131143e-01	0.000000e+00	1	0.000000e+00
1.510230e-01	8.180063e-01	0.000000e+00	1	0.000000e+00
1.492817e-01	8.323460e-01	0.000000e+00	1	0.000000e+00
1.558281e-01	8.116349e-01	0.000000e+00	1	0.000000e+00
1.540180e-01	8.135016e-01	0.000000e+00	1	0.000000e+00
1.513593e-01	8.165270e-01	0.000000e+00	1	0.000000e+00
1.492817e-01	8.323460e-01	0.000000e+00	1	0.000000e+00
1.517066e-01	8.158540e-01	0.000000e+00	1	0.000000e+00
1.522979e-01	8.147111e-01	0.000000e+00	1	0.000000e+00
1.510627e-01	8.175778e-01	0.000000e+00	1	0.000000e+00
1.515135e-01	8.162762e-01	0.000000e+00	1	0.000000e+00
1.561799e-01	8.108540e-01	0.000000e+00	1	0.000000e+00
1.493928e-01	8.322508e-01	0.000000e+00	1	0.000000e+00
1.538008e-01	8.139111e-01	0.000000e+00	1	0.000000e+00
1.538008e-01	8.139111e-01	0.000000e+00	1	0.000000e+00
1.513196e-01	8.167333e-01	0.000000e+00	1	0.000000e+00
1.510257e-01	8.178952e-01	0.000000e+00	1	0.000000e+00
1.558281e-01	8.116349e-01	0.000000e+00	1	0.000000e+00
1.534219e-01	8.140794e-01	0.000000e+00	1	0.000000e+00
1.516265e-01	8.159714e-01	0.000000e+00	1	0.000000e+00
1.549066e-01	8.131905e-01	0.000000e+00	1	0.000000e+00
1.509119e-01	8.184794e-01	0.000000e+00	1	0.000000e+00
1.522238e-01	8.148444e-01	0.000000e+00	1	0.000000e+00
1.567614e-01	8.103270e-01	0.000000e+00	1	0.000000e+00
1.495867e-01	8.321175e-01	0.000000e+00	1	0.000000e+00
1.523334e-01	8.146381e-01	0.000000e+00	1	0.000000e+00
1.582702e-01	8.094603e-01	0.000000e+00	1	0.000000e+00
1.562540e-01	8.107206e-01	0.000000e+00	1	0.000000e+00
1.559989e-01	8.113016e-01	0.000000e+00	1	0.000000e+00
1.488550e-01	8.325333e-01	0.000000e+00	1	0.000000e+00
1.568683e-01	8.102317e-01	0.000000e+00	1	0.000000e+00
1.516265e-01	8.159714e-01	0.000000e+00	1	0.000000e+00
1.511344e-01	8.173175e-01	0.000000e+00	1	0.000000e+00
1.493928e-01	8.322508e-01	0.000000e+00	1	0.000000e+00
1.517191e-01	8.156857e-01	0.000000e+00	1	0.000000e+00
1.519357e-01	8.151905e-01	0.000000e+00	1	0.000000e+00
1.526584e-01	8.144476e-01	0.000000e+00	1	0.000000e+00
1.531338e-01	8.143302e-01	0.000000e+00	1	0.000000e+00
1.508405e-01	8.186127e-01	0.000000e+00	1	0.000000e+00
1.510630e-01	8.173397e-01	0.000000e+00	1	0.000000e+00
1.531338e-01	8.143302e-01	0.000000e+00	1	0.000000e+00
1.497838e-01	8.319873e-01	0.000000e+00	1	0.000000e+00
1.532436e-01	8.141968e-01	0.000000e+00	1	0.000000e+00
1.521167e-01	8.149619e-01	0.000000e+00	1	0.000000e+00
1.564577e-01	8.104254e-01	0.000000e+00	1	0.000000e+00
1.517066e-01	8.158540e-01	0.000000e+00	1	0.000000e+00
1.558281e-01	8.116349e-01	0.000000e+00	1	0.000000e+00
1.510257e-01	8.178952e-01	0.000000e+00	1	0.000000e+00
1.512482e-01	8.167556e-01	0.000000e+00	1	0.000000e+00
1.587567e-01	8.092698e-01	0.000000e+00	1	0.000000e+00
1.560582e-01	8.110063e-01	0.000000e+00	1	0.000000e+00
1.516265e-01	8.159714e-01	0.000000e+00	1	0.000000e+00
1.541471e-01	8.133524e-01	0.000000e+00	1	0.000000e+00
1.578882e-01	8.099937e-01	0.000000e+00	1	0.000000e+00
1.579850e-01	8.096825e-01	0.000000e+00	1	0.000000e+00
1.537587e-01	8.139968e-01	0.000000e+00	1	0.000000e+00
1.513283e-01	8.166381e-01	0.000000e+00	1	0.000000e+00
1.522238e-01	8.148444e-01	0.000000e+00	1	0.000000e+00
1.558916e-01	8.114254e-01	0.000000e+00	1	0.000000e+00
1.519246e-01	8.153079e-01	0.000000e+00	1	0.000000e+00
1.557064e-01	8.117873e-01	0.000000e+00	1	0.000000e+00
1.517436e-01	8.155365e-01	0.000000e+00	1	0.000000e+00
1.532053e-01	8.143079e-01	0.000000e+00	1	0.000000e+00
1.520072e-01	8.151683e-01	0.000000e+00	1	0.000000e+00
1.520098e-01	8.150571e-01	0.000000e+00	1	0.000000e+00
1.508405e-01	8.186127e-01	0.000000e+00	1	0.000000e+00
1.582660e-01	8.095143e-01	0.000000e+00	1	0.000000e+00
1.579850e-01	8.096825e-01	0.000000e+00	1	0.000000e+00
1.577864e-01	8.100667e-01	0.000000e+00	1	0.000000e+00
1.519357e-01	8.151905e-01	0.000000e+00	1	0.000000e+00
1.562540e-01	8.107206e-01	0.000000e+00	1	0.000000e+00
1.494756e-01	8.322127e-01	0.000000e+00	1	0.000000e+00
1.582702e-01	8.094603e-01	0.000000e+00	1	0.000000e+00
1.588636e-01	8.091746e-01	0.000000e+00	1	0.000000e+00
1.488550e-01	8.325333e-01	0.000000e+00	1	0.000000e+00
1.578975e-01	8.098381e-01	0.000000e+00	1	0.000000e+00
1.521167e-01	8.149619e-01	0.000000e+00	1	0.000000e+00
1.519357e-01	8.151905e-01	0.000000e+00	1	0.000000e+00
1.537772e-01	8.139270e-01	0.000000e+00	1	0.000000e+00
1.509516e-01	8.180286e-01	0.000000e+00	1	0.000000e+00
1.524048e-01	8.146159e-01	0.000000e+00	1	0.000000e+00
1.520072e-01	8.151683e-01	0.000000e+00	1	0.000000e+00
1.533150e-01	8.141746e-01	0.000000e+00	1	0.000000e+00
1.512482e-01	8.167556e-01	0.000000e+00	1	0.000000e+00
1.515524e-01	8.161048e-01	0.000000e+00	1	0.000000e+00
1.522979e-01	8.147111e-01	0.000000e+00	1	0.000000e+00
1.509516e-01	8.180286e-01	0.000000e+00	1	0.000000e+00
1.558916e-01	8.114254e-01	0.000000e+00	1	0.000000e+00
1.561799e-01	8.108540e-01	0.000000e+00	1	0.000000e+00
1.511371e-01	8.172063e-01	0.000000e+00	1	0.000000e+00
1.519357e-01	8.151905e-01	0.000000e+00	1	0.000000e+00
1.516265e-01	8.159714e-01	0.000000e+00	1	0.000000e+00
1.515524e-01	8.161048e-01	0.000000e+00	1	0.000000e+00
1.519357e-01	8.151905e-01	0.000000e+00	1	0.000000e+00
1.512455e-01	8.168667e-01	0.000000e+00	1	0.000000e+00
1.497838e-01	8.319873e-01	0.000000e+00	1	0.000000e+00
1.551511e-01	8.131143e-01	0.000000e+00	1	0.000000e+00
1.514334e-01	8.163937e-01	0.000000e+00	1	0.000000e+00
1.532053e-01	8.143079e-01	0.000000e+00	1	0.000000e+00
1.551511e-01	8.131143e-01	0.000000e+00	1	0.000000e+00
1.583771e-01	8.093651e-01	0.000000e+00	1	0.000000e+00
1.510257e-01	8.178952e-01	0.000000e+00	1	0.000000e+00
1.533150e-01	8.141746e-01	0.000000e+00	1	0.000000e+00
1.526584e-01	8.144476e-01	0.000000e+00	1	0.000000e+00
1.537772e-01	8.139270e-01	0.000000e+00	1	0.000000e+00
1.520072e-01	8.151683e-01	0.000000e+00	1	0.000000e+00
1.510257e-01	8.178952e-01	0.000000e+00	1	0.000000e+00
1.530984e-01	8.144032e-01	0.000000e+00	1	0.000000e+00
1.510257e-01	8.178952e-01	0.000000e+00	1	0.000000e+00
1.516979e-01	8.159492e-01	0.000000e+00	1	0.000000e+00
1.523334e-01	8.146381e-01	0.000000e+00	1	0.000000e+00
1.563508e-01	8.105206e-01	0.000000e+00	1	0.000000e+00
1.558916e-01	8.114254e-01	0.000000e+00	1	0.000000e+00
1.513283e-01	8.166381e-01	0.000000e+00	1	0.000000e+00
1.583771e-01	8.093651e-01	0.000000e+00	1	0.000000e+00
1.563508e-01	8.105206e-01	0.000000e+00	1	0.000000e+00
1.510627e-01	8.175778e-01	0.000000e+00	1	0.000000e+00
1.518177e-01	8.154032e-01	0.000000e+00	1	0.000000e+00
1.493928e-01	8.322508e-01	0.000000e+00	1	0.000000e+00
1.564460e-01	8.104476e-01	0.000000e+00	1	0.000000e+00
1.587567e-01	8.092698e-01	0.000000e+00	1	0.000000e+00
1.514307e-01	8.165048e-01	0.000000e+00	1	0.000000e+00
1.528250e-01	8.144254e-01	0.000000e+00	1	0.000000e+00
1.557064e-01	8.117873e-01	0.000000e+00	1	0.000000e+00
1.537031e-01	8.140603e-01	0.000000e+00	1	0.000000e+00
1.515135e-01	8.162762e-01	0.000000e+00	1	0.000000e+00
Total execution time: 40666.082
