# This file contains the data of final feasible population (if found)
# of objectives = 2, # of constraints = 0, # of real_var = 0, # of bits of bin_var = 0, constr_violation, rank, crowding_distance
1.510000e+03	5.310000e+02	0.000000e+00	1	1.000000e+14
1.782000e+03	1.410000e+02	0.000000e+00	1	1.000000e+14
1.519000e+03	4.580000e+02	0.000000e+00	1	5.824849e-02
1.518000e+03	5.020000e+02	0.000000e+00	1	5.824849e-02
1.588000e+03	3.410000e+02	0.000000e+00	1	2.931750e-02
1.589000e+03	3.210000e+02	0.000000e+00	1	2.564103e-02
1.538000e+03	4.070000e+02	0.000000e+00	1	2.363311e-02
1.537000e+03	4.240000e+02	0.000000e+00	1	2.179487e-02
1.676000e+03	2.180000e+02	0.000000e+00	1	2.039027e-02
1.667000e+03	2.200000e+02	0.000000e+00	1	1.654412e-02
1.590000e+03	3.150000e+02	0.000000e+00	1	1.465875e-02
1.591000e+03	3.050000e+02	0.000000e+00	1	1.282051e-02
1.767000e+03	1.450000e+02	0.000000e+00	1	1.047323e-02
1.772000e+03	1.440000e+02	0.000000e+00	1	1.047323e-02
1.512000e+03	5.240000e+02	0.000000e+00	1	9.530543e-03
1.589000e+03	3.210000e+02	0.000000e+00	1	9.530543e-03
1.751000e+03	1.500000e+02	0.000000e+00	1	8.634992e-03
1.763000e+03	1.460000e+02	0.000000e+00	1	8.634992e-03
1.772000e+03	1.440000e+02	0.000000e+00	1	8.634992e-03
1.767000e+03	1.450000e+02	0.000000e+00	1	8.634992e-03
1.755000e+03	1.490000e+02	0.000000e+00	1	8.634992e-03
1.510000e+03	5.310000e+02	0.000000e+00	1	8.248492e-03
1.514000e+03	5.150000e+02	0.000000e+00	1	8.248492e-03
1.521000e+03	4.500000e+02	0.000000e+00	1	8.248492e-03
1.522000e+03	4.450000e+02	0.000000e+00	1	8.248492e-03
1.511000e+03	5.260000e+02	0.000000e+00	1	8.248492e-03
1.520000e+03	4.550000e+02	0.000000e+00	1	8.248492e-03
1.513000e+03	5.180000e+02	0.000000e+00	1	7.692308e-03
1.590000e+03	3.150000e+02	0.000000e+00	1	7.692308e-03
1.616000e+03	2.540000e+02	0.000000e+00	1	7.522624e-03
1.776000e+03	1.430000e+02	0.000000e+00	1	7.352941e-03
1.614000e+03	2.590000e+02	0.000000e+00	1	6.966440e-03
1.547000e+03	3.900000e+02	0.000000e+00	1	6.966440e-03
1.595000e+03	2.960000e+02	0.000000e+00	1	6.966440e-03
1.594000e+03	3.000000e+02	0.000000e+00	1	6.966440e-03
1.605000e+03	2.780000e+02	0.000000e+00	1	6.966440e-03
1.606000e+03	2.740000e+02	0.000000e+00	1	6.966440e-03
1.615000e+03	2.550000e+02	0.000000e+00	1	6.966440e-03
1.546000e+03	3.940000e+02	0.000000e+00	1	6.966440e-03
1.664000e+03	2.210000e+02	0.000000e+00	1	6.796757e-03
1.738000e+03	1.570000e+02	0.000000e+00	1	6.796757e-03
1.763000e+03	1.460000e+02	0.000000e+00	1	6.796757e-03
1.667000e+03	2.200000e+02	0.000000e+00	1	6.796757e-03
1.636000e+03	2.380000e+02	0.000000e+00	1	6.796757e-03
1.639000e+03	2.370000e+02	0.000000e+00	1	6.796757e-03
1.760000e+03	1.470000e+02	0.000000e+00	1	6.796757e-03
1.662000e+03	2.220000e+02	0.000000e+00	1	6.796757e-03
1.779000e+03	1.420000e+02	0.000000e+00	1	6.796757e-03
1.741000e+03	1.560000e+02	0.000000e+00	1	6.796757e-03
1.521000e+03	4.500000e+02	0.000000e+00	1	6.410256e-03
1.515000e+03	5.100000e+02	0.000000e+00	1	6.410256e-03
1.652000e+03	2.270000e+02	0.000000e+00	1	6.240573e-03
1.711000e+03	1.770000e+02	0.000000e+00	1	6.240573e-03
1.684000e+03	2.030000e+02	0.000000e+00	1	6.240573e-03
1.593000e+03	3.030000e+02	0.000000e+00	1	6.240573e-03
1.646000e+03	2.310000e+02	0.000000e+00	1	6.240573e-03
1.650000e+03	2.290000e+02	0.000000e+00	1	6.240573e-03
1.686000e+03	2.010000e+02	0.000000e+00	1	6.240573e-03
1.565000e+03	3.650000e+02	0.000000e+00	1	6.240573e-03
1.516000e+03	5.070000e+02	0.000000e+00	1	5.684389e-03
1.519000e+03	4.580000e+02	0.000000e+00	1	5.684389e-03
1.514000e+03	5.150000e+02	0.000000e+00	1	5.684389e-03
1.548000e+03	3.870000e+02	0.000000e+00	1	5.684389e-03
1.547000e+03	3.900000e+02	0.000000e+00	1	5.684389e-03
1.677000e+03	2.150000e+02	0.000000e+00	1	5.684389e-03
1.517000e+03	5.040000e+02	0.000000e+00	1	5.684389e-03
1.551000e+03	3.830000e+02	0.000000e+00	1	5.684389e-03
1.516000e+03	5.070000e+02	0.000000e+00	1	5.684389e-03
1.513000e+03	5.180000e+02	0.000000e+00	1	5.684389e-03
1.606000e+03	2.740000e+02	0.000000e+00	1	5.684389e-03
1.515000e+03	5.100000e+02	0.000000e+00	1	5.684389e-03
1.552000e+03	3.800000e+02	0.000000e+00	1	5.684389e-03
1.520000e+03	4.550000e+02	0.000000e+00	1	5.684389e-03
1.760000e+03	1.470000e+02	0.000000e+00	1	5.514706e-03
1.782000e+03	1.410000e+02	0.000000e+00	1	5.514706e-03
1.776000e+03	1.430000e+02	0.000000e+00	1	5.514706e-03
1.779000e+03	1.420000e+02	0.000000e+00	1	5.514706e-03
1.757000e+03	1.480000e+02	0.000000e+00	1	5.514706e-03
1.659000e+03	2.230000e+02	0.000000e+00	1	5.514706e-03
1.742000e+03	1.550000e+02	0.000000e+00	1	4.958522e-03
1.655000e+03	2.250000e+02	0.000000e+00	1	4.958522e-03
1.698000e+03	1.890000e+02	0.000000e+00	1	4.958522e-03
1.632000e+03	2.400000e+02	0.000000e+00	1	4.958522e-03
1.719000e+03	1.710000e+02	0.000000e+00	1	4.958522e-03
1.749000e+03	1.510000e+02	0.000000e+00	1	4.958522e-03
1.640000e+03	2.360000e+02	0.000000e+00	1	4.958522e-03
1.746000e+03	1.530000e+02	0.000000e+00	1	4.958522e-03
1.747000e+03	1.520000e+02	0.000000e+00	1	4.958522e-03
1.757000e+03	1.480000e+02	0.000000e+00	1	4.958522e-03
1.664000e+03	2.210000e+02	0.000000e+00	1	4.958522e-03
1.692000e+03	1.940000e+02	0.000000e+00	1	4.958522e-03
1.653000e+03	2.260000e+02	0.000000e+00	1	4.958522e-03
1.644000e+03	2.330000e+02	0.000000e+00	1	4.958522e-03
1.717000e+03	1.720000e+02	0.000000e+00	1	4.958522e-03
1.719000e+03	1.710000e+02	0.000000e+00	1	4.958522e-03
1.714000e+03	1.740000e+02	0.000000e+00	1	4.958522e-03
1.627000e+03	2.430000e+02	0.000000e+00	1	4.958522e-03
1.657000e+03	2.240000e+02	0.000000e+00	1	4.958522e-03
1.749000e+03	1.510000e+02	0.000000e+00	1	4.958522e-03
1.721000e+03	1.700000e+02	0.000000e+00	1	4.958522e-03
1.646000e+03	2.310000e+02	0.000000e+00	1	4.958522e-03
1.634000e+03	2.390000e+02	0.000000e+00	1	4.958522e-03
1.622000e+03	2.460000e+02	0.000000e+00	1	4.958522e-03
1.696000e+03	1.900000e+02	0.000000e+00	1	4.958522e-03
1.736000e+03	1.580000e+02	0.000000e+00	1	4.958522e-03
1.630000e+03	2.410000e+02	0.000000e+00	1	4.958522e-03
1.716000e+03	1.730000e+02	0.000000e+00	1	4.958522e-03
1.636000e+03	2.380000e+02	0.000000e+00	1	4.958522e-03
1.642000e+03	2.350000e+02	0.000000e+00	1	4.958522e-03
1.736000e+03	1.580000e+02	0.000000e+00	1	4.958522e-03
1.624000e+03	2.450000e+02	0.000000e+00	1	4.958522e-03
1.704000e+03	1.840000e+02	0.000000e+00	1	4.958522e-03
1.632000e+03	2.400000e+02	0.000000e+00	1	4.958522e-03
1.648000e+03	2.300000e+02	0.000000e+00	1	4.958522e-03
1.700000e+03	1.870000e+02	0.000000e+00	1	4.958522e-03
1.625000e+03	2.440000e+02	0.000000e+00	1	4.958522e-03
1.734000e+03	1.590000e+02	0.000000e+00	1	4.958522e-03
1.731000e+03	1.610000e+02	0.000000e+00	1	4.958522e-03
1.629000e+03	2.420000e+02	0.000000e+00	1	4.958522e-03
1.706000e+03	1.830000e+02	0.000000e+00	1	4.958522e-03
1.678000e+03	2.130000e+02	0.000000e+00	1	4.402338e-03
1.530000e+03	4.320000e+02	0.000000e+00	1	4.402338e-03
1.528000e+03	4.360000e+02	0.000000e+00	1	4.402338e-03
1.518000e+03	5.020000e+02	0.000000e+00	1	4.402338e-03
1.530000e+03	4.320000e+02	0.000000e+00	1	4.402338e-03
1.609000e+03	2.670000e+02	0.000000e+00	1	4.402338e-03
1.608000e+03	2.690000e+02	0.000000e+00	1	4.402338e-03
1.588000e+03	3.410000e+02	0.000000e+00	1	4.402338e-03
1.644000e+03	2.330000e+02	0.000000e+00	1	4.402338e-03
1.550000e+03	3.850000e+02	0.000000e+00	1	4.402338e-03
1.603000e+03	2.830000e+02	0.000000e+00	1	4.402338e-03
1.619000e+03	2.490000e+02	0.000000e+00	1	4.402338e-03
1.690000e+03	1.960000e+02	0.000000e+00	1	4.402338e-03
1.529000e+03	4.340000e+02	0.000000e+00	1	4.402338e-03
1.545000e+03	3.960000e+02	0.000000e+00	1	4.402338e-03
1.599000e+03	2.900000e+02	0.000000e+00	1	4.402338e-03
1.681000e+03	2.070000e+02	0.000000e+00	1	4.402338e-03
1.676000e+03	2.180000e+02	0.000000e+00	1	4.402338e-03
1.608000e+03	2.690000e+02	0.000000e+00	1	4.402338e-03
1.523000e+03	4.430000e+02	0.000000e+00	1	4.402338e-03
1.544000e+03	3.970000e+02	0.000000e+00	1	4.402338e-03
1.618000e+03	2.510000e+02	0.000000e+00	1	4.402338e-03
1.601000e+03	2.870000e+02	0.000000e+00	1	4.402338e-03
1.561000e+03	3.710000e+02	0.000000e+00	1	4.402338e-03
1.680000e+03	2.090000e+02	0.000000e+00	1	4.402338e-03
1.551000e+03	3.830000e+02	0.000000e+00	1	4.402338e-03
1.542000e+03	4.010000e+02	0.000000e+00	1	4.402338e-03
1.543000e+03	3.990000e+02	0.000000e+00	1	4.402338e-03
1.524000e+03	4.410000e+02	0.000000e+00	1	4.402338e-03
1.528000e+03	4.360000e+02	0.000000e+00	1	4.402338e-03
1.607000e+03	2.710000e+02	0.000000e+00	1	4.402338e-03
1.539000e+03	4.050000e+02	0.000000e+00	1	4.402338e-03
1.517000e+03	5.040000e+02	0.000000e+00	1	4.402338e-03
1.602000e+03	2.850000e+02	0.000000e+00	1	4.402338e-03
1.708000e+03	1.800000e+02	0.000000e+00	1	4.402338e-03
1.707000e+03	1.820000e+02	0.000000e+00	1	4.402338e-03
1.613000e+03	2.600000e+02	0.000000e+00	1	4.402338e-03
1.597000e+03	2.930000e+02	0.000000e+00	1	4.402338e-03
1.679000e+03	2.110000e+02	0.000000e+00	1	4.402338e-03
1.597000e+03	2.930000e+02	0.000000e+00	1	4.402338e-03
1.611000e+03	2.640000e+02	0.000000e+00	1	4.402338e-03
1.610000e+03	2.660000e+02	0.000000e+00	1	4.402338e-03
1.600000e+03	2.880000e+02	0.000000e+00	1	4.402338e-03
1.522000e+03	4.450000e+02	0.000000e+00	1	4.402338e-03
1.565000e+03	3.650000e+02	0.000000e+00	1	4.402338e-03
1.527000e+03	4.380000e+02	0.000000e+00	1	4.402338e-03
1.605000e+03	2.780000e+02	0.000000e+00	1	4.402338e-03
1.540000e+03	4.040000e+02	0.000000e+00	1	4.402338e-03
1.531000e+03	4.300000e+02	0.000000e+00	1	4.402338e-03
1.543000e+03	3.990000e+02	0.000000e+00	1	4.402338e-03
1.512000e+03	5.240000e+02	0.000000e+00	1	4.402338e-03
1.591000e+03	3.050000e+02	0.000000e+00	1	4.402338e-03
1.572000e+03	3.570000e+02	0.000000e+00	1	4.402338e-03
1.617000e+03	2.520000e+02	0.000000e+00	1	4.402338e-03
1.612000e+03	2.620000e+02	0.000000e+00	1	4.402338e-03
1.598000e+03	2.910000e+02	0.000000e+00	1	4.402338e-03
1.684000e+03	2.030000e+02	0.000000e+00	1	4.402338e-03
1.541000e+03	4.020000e+02	0.000000e+00	1	4.402338e-03
1.611000e+03	2.640000e+02	0.000000e+00	1	4.402338e-03
1.689000e+03	1.980000e+02	0.000000e+00	1	4.402338e-03
1.564000e+03	3.670000e+02	0.000000e+00	1	4.402338e-03
1.571000e+03	3.590000e+02	0.000000e+00	1	4.402338e-03
1.607000e+03	2.710000e+02	0.000000e+00	1	3.846154e-03
1.594000e+03	3.000000e+02	0.000000e+00	1	3.846154e-03
1.603000e+03	2.830000e+02	0.000000e+00	1	3.846154e-03
1.604000e+03	2.800000e+02	0.000000e+00	1	3.846154e-03
1.593000e+03	3.030000e+02	0.000000e+00	1	3.846154e-03
1.729000e+03	1.620000e+02	0.000000e+00	1	3.676471e-03
1.744000e+03	1.540000e+02	0.000000e+00	1	3.676471e-03
1.709000e+03	1.790000e+02	0.000000e+00	1	3.676471e-03
1.627000e+03	2.430000e+02	0.000000e+00	1	3.676471e-03
1.648000e+03	2.300000e+02	0.000000e+00	1	3.676471e-03
1.732000e+03	1.600000e+02	0.000000e+00	1	3.676471e-03
1.591000e+03	3.050000e+02	0.000000e+00	1	3.676471e-03
1.744000e+03	1.540000e+02	0.000000e+00	1	3.676471e-03
1.755000e+03	1.490000e+02	0.000000e+00	1	3.676471e-03
1.586000e+03	3.430000e+02	0.000000e+00	1	3.676471e-03
1.657000e+03	2.240000e+02	0.000000e+00	1	3.676471e-03
1.734000e+03	1.590000e+02	0.000000e+00	1	3.676471e-03
1.564000e+03	3.670000e+02	0.000000e+00	1	3.676471e-03
1.650000e+03	2.290000e+02	0.000000e+00	1	3.676471e-03
1.751000e+03	1.500000e+02	0.000000e+00	1	3.676471e-03
1.738000e+03	1.570000e+02	0.000000e+00	1	3.676471e-03
1.567000e+03	3.630000e+02	0.000000e+00	1	3.676471e-03
1.659000e+03	2.230000e+02	0.000000e+00	1	3.676471e-03
1.662000e+03	2.220000e+02	0.000000e+00	1	3.676471e-03
1.690000e+03	1.960000e+02	0.000000e+00	1	3.676471e-03
1.655000e+03	2.250000e+02	0.000000e+00	1	3.676471e-03
1.702000e+03	1.860000e+02	0.000000e+00	1	3.676471e-03
1.562000e+03	3.690000e+02	0.000000e+00	1	3.676471e-03
1.634000e+03	2.390000e+02	0.000000e+00	1	3.676471e-03
1.570000e+03	3.600000e+02	0.000000e+00	1	3.120287e-03
1.725000e+03	1.660000e+02	0.000000e+00	1	3.120287e-03
1.536000e+03	4.250000e+02	0.000000e+00	1	3.120287e-03
1.724000e+03	1.670000e+02	0.000000e+00	1	3.120287e-03
1.728000e+03	1.630000e+02	0.000000e+00	1	3.120287e-03
1.729000e+03	1.620000e+02	0.000000e+00	1	3.120287e-03
1.620000e+03	2.480000e+02	0.000000e+00	1	3.120287e-03
1.556000e+03	3.760000e+02	0.000000e+00	1	3.120287e-03
1.713000e+03	1.750000e+02	0.000000e+00	1	3.120287e-03
1.582000e+03	3.470000e+02	0.000000e+00	1	3.120287e-03
1.558000e+03	3.740000e+02	0.000000e+00	1	3.120287e-03
1.711000e+03	1.770000e+02	0.000000e+00	1	3.120287e-03
1.686000e+03	2.010000e+02	0.000000e+00	1	3.120287e-03
1.695000e+03	1.910000e+02	0.000000e+00	1	3.120287e-03
1.525000e+03	4.400000e+02	0.000000e+00	1	3.120287e-03
1.617000e+03	2.520000e+02	0.000000e+00	1	3.120287e-03
1.621000e+03	2.470000e+02	0.000000e+00	1	3.120287e-03
1.682000e+03	2.060000e+02	0.000000e+00	1	3.120287e-03
1.713000e+03	1.750000e+02	0.000000e+00	1	3.120287e-03
1.559000e+03	3.730000e+02	0.000000e+00	1	3.120287e-03
1.560000e+03	3.720000e+02	0.000000e+00	1	3.120287e-03
1.577000e+03	3.520000e+02	0.000000e+00	1	3.120287e-03
1.700000e+03	1.870000e+02	0.000000e+00	1	3.120287e-03
1.542000e+03	4.010000e+02	0.000000e+00	1	3.120287e-03
1.557000e+03	3.750000e+02	0.000000e+00	1	3.120287e-03
1.622000e+03	2.460000e+02	0.000000e+00	1	3.120287e-03
1.539000e+03	4.050000e+02	0.000000e+00	1	3.120287e-03
1.708000e+03	1.800000e+02	0.000000e+00	1	3.120287e-03
1.581000e+03	3.480000e+02	0.000000e+00	1	3.120287e-03
1.716000e+03	1.730000e+02	0.000000e+00	1	3.120287e-03
1.533000e+03	4.280000e+02	0.000000e+00	1	3.120287e-03
1.534000e+03	4.270000e+02	0.000000e+00	1	3.120287e-03
1.550000e+03	3.850000e+02	0.000000e+00	1	3.120287e-03
1.707000e+03	1.820000e+02	0.000000e+00	1	3.120287e-03
1.687000e+03	2.000000e+02	0.000000e+00	1	3.120287e-03
1.559000e+03	3.730000e+02	0.000000e+00	1	3.120287e-03
1.578000e+03	3.510000e+02	0.000000e+00	1	3.120287e-03
1.581000e+03	3.480000e+02	0.000000e+00	1	3.120287e-03
1.576000e+03	3.530000e+02	0.000000e+00	1	3.120287e-03
1.584000e+03	3.450000e+02	0.000000e+00	1	3.120287e-03
1.532000e+03	4.290000e+02	0.000000e+00	1	3.120287e-03
1.553000e+03	3.790000e+02	0.000000e+00	1	3.120287e-03
1.600000e+03	2.880000e+02	0.000000e+00	1	3.120287e-03
1.601000e+03	2.870000e+02	0.000000e+00	1	3.120287e-03
1.689000e+03	1.980000e+02	0.000000e+00	1	3.120287e-03
1.712000e+03	1.760000e+02	0.000000e+00	1	3.120287e-03
1.682000e+03	2.060000e+02	0.000000e+00	1	3.120287e-03
1.717000e+03	1.720000e+02	0.000000e+00	1	3.120287e-03
1.552000e+03	3.800000e+02	0.000000e+00	1	3.120287e-03
1.618000e+03	2.510000e+02	0.000000e+00	1	3.120287e-03
1.575000e+03	3.540000e+02	0.000000e+00	1	3.120287e-03
1.642000e+03	2.350000e+02	0.000000e+00	1	3.120287e-03
1.726000e+03	1.650000e+02	0.000000e+00	1	3.120287e-03
1.693000e+03	1.930000e+02	0.000000e+00	1	3.120287e-03
1.643000e+03	2.340000e+02	0.000000e+00	1	3.120287e-03
1.652000e+03	2.270000e+02	0.000000e+00	1	3.120287e-03
1.579000e+03	3.500000e+02	0.000000e+00	1	3.120287e-03
1.555000e+03	3.770000e+02	0.000000e+00	1	3.120287e-03
1.610000e+03	2.660000e+02	0.000000e+00	1	3.120287e-03
1.613000e+03	2.600000e+02	0.000000e+00	1	3.120287e-03
1.599000e+03	2.900000e+02	0.000000e+00	1	3.120287e-03
1.712000e+03	1.760000e+02	0.000000e+00	1	3.120287e-03
1.535000e+03	4.260000e+02	0.000000e+00	1	3.120287e-03
1.609000e+03	2.670000e+02	0.000000e+00	1	3.120287e-03
1.706000e+03	1.830000e+02	0.000000e+00	1	3.120287e-03
1.727000e+03	1.640000e+02	0.000000e+00	1	3.120287e-03
1.699000e+03	1.880000e+02	0.000000e+00	1	3.120287e-03
1.584000e+03	3.450000e+02	0.000000e+00	1	3.120287e-03
1.573000e+03	3.560000e+02	0.000000e+00	1	3.120287e-03
1.726000e+03	1.650000e+02	0.000000e+00	1	3.120287e-03
1.569000e+03	3.610000e+02	0.000000e+00	1	3.120287e-03
1.524000e+03	4.410000e+02	0.000000e+00	1	3.120287e-03
1.531000e+03	4.300000e+02	0.000000e+00	1	3.120287e-03
1.629000e+03	2.420000e+02	0.000000e+00	1	3.120287e-03
1.556000e+03	3.760000e+02	0.000000e+00	1	3.120287e-03
1.549000e+03	3.860000e+02	0.000000e+00	1	3.120287e-03
1.614000e+03	2.590000e+02	0.000000e+00	1	3.120287e-03
1.620000e+03	2.480000e+02	0.000000e+00	1	3.120287e-03
1.578000e+03	3.510000e+02	0.000000e+00	1	3.120287e-03
1.558000e+03	3.740000e+02	0.000000e+00	1	3.120287e-03
1.702000e+03	1.860000e+02	0.000000e+00	1	3.120287e-03
1.732000e+03	1.600000e+02	0.000000e+00	1	3.120287e-03
1.640000e+03	2.360000e+02	0.000000e+00	1	3.120287e-03
1.573000e+03	3.560000e+02	0.000000e+00	1	3.120287e-03
1.568000e+03	3.620000e+02	0.000000e+00	1	3.120287e-03
1.574000e+03	3.550000e+02	0.000000e+00	1	3.120287e-03
1.723000e+03	1.680000e+02	0.000000e+00	1	3.120287e-03
1.694000e+03	1.920000e+02	0.000000e+00	1	3.120287e-03
1.580000e+03	3.490000e+02	0.000000e+00	1	3.120287e-03
1.695000e+03	1.910000e+02	0.000000e+00	1	3.120287e-03
1.585000e+03	3.440000e+02	0.000000e+00	1	3.120287e-03
1.586000e+03	3.430000e+02	0.000000e+00	1	3.120287e-03
1.534000e+03	4.270000e+02	0.000000e+00	1	3.120287e-03
1.569000e+03	3.610000e+02	0.000000e+00	1	3.120287e-03
1.554000e+03	3.780000e+02	0.000000e+00	1	3.120287e-03
1.583000e+03	3.460000e+02	0.000000e+00	1	3.120287e-03
1.693000e+03	1.930000e+02	0.000000e+00	1	3.120287e-03
1.703000e+03	1.850000e+02	0.000000e+00	1	3.120287e-03
1.747000e+03	1.520000e+02	0.000000e+00	1	3.120287e-03
1.598000e+03	2.910000e+02	0.000000e+00	1	3.120287e-03
1.553000e+03	3.790000e+02	0.000000e+00	1	3.120287e-03
1.619000e+03	2.490000e+02	0.000000e+00	1	3.120287e-03
1.548000e+03	3.870000e+02	0.000000e+00	1	3.120287e-03
1.560000e+03	3.720000e+02	0.000000e+00	1	3.120287e-03
1.722000e+03	1.690000e+02	0.000000e+00	1	3.120287e-03
1.746000e+03	1.530000e+02	0.000000e+00	1	3.120287e-03
1.630000e+03	2.410000e+02	0.000000e+00	1	3.120287e-03
1.724000e+03	1.670000e+02	0.000000e+00	1	3.120287e-03
1.725000e+03	1.660000e+02	0.000000e+00	1	3.120287e-03
1.582000e+03	3.470000e+02	0.000000e+00	1	3.120287e-03
1.526000e+03	4.390000e+02	0.000000e+00	1	3.120287e-03
1.683000e+03	2.050000e+02	0.000000e+00	1	3.120287e-03
1.694000e+03	1.920000e+02	0.000000e+00	1	3.120287e-03
1.557000e+03	3.750000e+02	0.000000e+00	1	3.120287e-03
1.699000e+03	1.880000e+02	0.000000e+00	1	3.120287e-03
1.537000e+03	4.240000e+02	0.000000e+00	1	3.120287e-03
1.527000e+03	4.380000e+02	0.000000e+00	1	3.120287e-03
1.639000e+03	2.370000e+02	0.000000e+00	1	3.120287e-03
1.561000e+03	3.710000e+02	0.000000e+00	1	3.120287e-03
1.555000e+03	3.770000e+02	0.000000e+00	1	3.120287e-03
1.722000e+03	1.690000e+02	0.000000e+00	1	3.120287e-03
1.696000e+03	1.900000e+02	0.000000e+00	1	3.120287e-03
1.576000e+03	3.530000e+02	0.000000e+00	1	3.120287e-03
1.731000e+03	1.610000e+02	0.000000e+00	1	3.120287e-03
1.688000e+03	1.990000e+02	0.000000e+00	1	3.120287e-03
1.721000e+03	1.700000e+02	0.000000e+00	1	3.120287e-03
1.577000e+03	3.520000e+02	0.000000e+00	1	3.120287e-03
1.580000e+03	3.490000e+02	0.000000e+00	1	3.120287e-03
1.549000e+03	3.860000e+02	0.000000e+00	1	3.120287e-03
1.541000e+03	4.020000e+02	0.000000e+00	1	3.120287e-03
1.526000e+03	4.390000e+02	0.000000e+00	1	3.120287e-03
1.538000e+03	4.070000e+02	0.000000e+00	1	2.564103e-03
1.546000e+03	3.940000e+02	0.000000e+00	1	2.564103e-03
1.602000e+03	2.850000e+02	0.000000e+00	1	2.564103e-03
1.612000e+03	2.620000e+02	0.000000e+00	1	2.564103e-03
1.523000e+03	4.430000e+02	0.000000e+00	1	2.564103e-03
1.683000e+03	2.050000e+02	0.000000e+00	1	2.564103e-03
1.692000e+03	1.940000e+02	0.000000e+00	1	2.564103e-03
1.529000e+03	4.340000e+02	0.000000e+00	1	2.564103e-03
1.677000e+03	2.150000e+02	0.000000e+00	1	2.564103e-03
1.596000e+03	2.950000e+02	0.000000e+00	1	2.564103e-03
1.562000e+03	3.690000e+02	0.000000e+00	1	2.564103e-03
1.667000e+03	2.200000e+02	0.000000e+00	1	2.564103e-03
1.567000e+03	3.630000e+02	0.000000e+00	1	2.564103e-03
1.511000e+03	5.260000e+02	0.000000e+00	1	2.564103e-03
1.690000e+03	1.960000e+02	0.000000e+00	1	2.564103e-03
1.604000e+03	2.800000e+02	0.000000e+00	1	2.564103e-03
1.680000e+03	2.090000e+02	0.000000e+00	1	2.564103e-03
1.679000e+03	2.110000e+02	0.000000e+00	1	2.564103e-03
1.562000e+03	3.690000e+02	0.000000e+00	1	2.564103e-03
1.678000e+03	2.130000e+02	0.000000e+00	1	2.564103e-03
1.586000e+03	3.430000e+02	0.000000e+00	1	2.564103e-03
1.709000e+03	1.790000e+02	0.000000e+00	1	2.564103e-03
1.564000e+03	3.670000e+02	0.000000e+00	1	2.564103e-03
1.742000e+03	1.550000e+02	0.000000e+00	1	1.838235e-03
1.572000e+03	3.570000e+02	0.000000e+00	1	1.838235e-03
1.643000e+03	2.340000e+02	0.000000e+00	1	1.838235e-03
1.515000e+03	5.100000e+02	0.000000e+00	1	1.838235e-03
1.579000e+03	3.500000e+02	0.000000e+00	1	1.838235e-03
1.595000e+03	2.960000e+02	0.000000e+00	1	1.838235e-03
1.575000e+03	3.540000e+02	0.000000e+00	1	1.838235e-03
1.523000e+03	4.430000e+02	0.000000e+00	1	1.838235e-03
1.621000e+03	2.470000e+02	0.000000e+00	1	1.838235e-03
1.529000e+03	4.340000e+02	0.000000e+00	1	1.838235e-03
1.574000e+03	3.550000e+02	0.000000e+00	1	1.838235e-03
1.698000e+03	1.890000e+02	0.000000e+00	1	1.838235e-03
1.714000e+03	1.740000e+02	0.000000e+00	1	1.838235e-03
1.585000e+03	3.440000e+02	0.000000e+00	1	1.838235e-03
1.568000e+03	3.620000e+02	0.000000e+00	1	1.838235e-03
1.709000e+03	1.790000e+02	0.000000e+00	1	1.838235e-03
1.546000e+03	3.940000e+02	0.000000e+00	1	1.838235e-03
1.603000e+03	2.830000e+02	0.000000e+00	1	1.838235e-03
1.625000e+03	2.440000e+02	0.000000e+00	1	1.838235e-03
1.537000e+03	4.240000e+02	0.000000e+00	1	1.838235e-03
1.538000e+03	4.070000e+02	0.000000e+00	1	1.838235e-03
1.604000e+03	2.800000e+02	0.000000e+00	1	1.838235e-03
1.540000e+03	4.040000e+02	0.000000e+00	1	1.838235e-03
1.536000e+03	4.250000e+02	0.000000e+00	1	1.838235e-03
1.615000e+03	2.550000e+02	0.000000e+00	1	1.838235e-03
1.567000e+03	3.630000e+02	0.000000e+00	1	1.838235e-03
1.596000e+03	2.950000e+02	0.000000e+00	1	1.838235e-03
1.678000e+03	2.130000e+02	0.000000e+00	1	1.838235e-03
1.692000e+03	1.940000e+02	0.000000e+00	1	1.838235e-03
1.703000e+03	1.850000e+02	0.000000e+00	1	1.838235e-03
1.544000e+03	3.970000e+02	0.000000e+00	1	1.838235e-03
1.596000e+03	2.950000e+02	0.000000e+00	1	1.838235e-03
1.594000e+03	3.000000e+02	0.000000e+00	1	1.838235e-03
1.554000e+03	3.780000e+02	0.000000e+00	1	1.838235e-03
1.607000e+03	2.710000e+02	0.000000e+00	1	1.838235e-03
1.593000e+03	3.030000e+02	0.000000e+00	1	1.838235e-03
1.533000e+03	4.280000e+02	0.000000e+00	1	1.838235e-03
1.562000e+03	3.690000e+02	0.000000e+00	1	1.838235e-03
1.602000e+03	2.850000e+02	0.000000e+00	1	1.838235e-03
1.681000e+03	2.070000e+02	0.000000e+00	1	1.838235e-03
1.612000e+03	2.620000e+02	0.000000e+00	1	1.838235e-03
1.741000e+03	1.560000e+02	0.000000e+00	1	1.838235e-03
1.590000e+03	3.150000e+02	0.000000e+00	1	1.838235e-03
1.525000e+03	4.400000e+02	0.000000e+00	1	1.838235e-03
1.535000e+03	4.260000e+02	0.000000e+00	1	1.838235e-03
1.683000e+03	2.050000e+02	0.000000e+00	1	1.838235e-03
1.511000e+03	5.260000e+02	0.000000e+00	1	1.838235e-03
1.589000e+03	3.210000e+02	0.000000e+00	1	1.838235e-03
1.513000e+03	5.180000e+02	0.000000e+00	1	1.838235e-03
1.521000e+03	4.500000e+02	0.000000e+00	1	1.838235e-03
1.677000e+03	2.150000e+02	0.000000e+00	1	1.838235e-03
1.545000e+03	3.960000e+02	0.000000e+00	1	1.838235e-03
1.727000e+03	1.640000e+02	0.000000e+00	1	1.838235e-03
1.532000e+03	4.290000e+02	0.000000e+00	1	1.838235e-03
1.571000e+03	3.590000e+02	0.000000e+00	1	1.838235e-03
1.604000e+03	2.800000e+02	0.000000e+00	1	1.838235e-03
1.723000e+03	1.680000e+02	0.000000e+00	1	1.838235e-03
1.680000e+03	2.090000e+02	0.000000e+00	1	1.838235e-03
1.583000e+03	3.460000e+02	0.000000e+00	1	1.838235e-03
1.653000e+03	2.260000e+02	0.000000e+00	1	1.838235e-03
1.704000e+03	1.840000e+02	0.000000e+00	1	1.838235e-03
1.688000e+03	1.990000e+02	0.000000e+00	1	1.838235e-03
1.687000e+03	2.000000e+02	0.000000e+00	1	1.838235e-03
1.728000e+03	1.630000e+02	0.000000e+00	1	1.838235e-03
1.624000e+03	2.450000e+02	0.000000e+00	1	1.838235e-03
1.679000e+03	2.110000e+02	0.000000e+00	1	1.838235e-03
1.570000e+03	3.600000e+02	0.000000e+00	1	1.838235e-03
1.568000e+03	3.620000e+02	0.000000e+00	1	1.282051e-03
1.757000e+03	1.480000e+02	0.000000e+00	1	1.282051e-03
1.709000e+03	1.790000e+02	0.000000e+00	1	1.282051e-03
1.751000e+03	1.500000e+02	0.000000e+00	1	1.282051e-03
1.575000e+03	3.540000e+02	0.000000e+00	1	1.282051e-03
1.579000e+03	3.500000e+02	0.000000e+00	1	1.282051e-03
1.681000e+03	2.070000e+02	0.000000e+00	1	1.282051e-03
1.545000e+03	3.960000e+02	0.000000e+00	1	1.282051e-03
1.650000e+03	2.290000e+02	0.000000e+00	1	1.282051e-03
1.595000e+03	2.960000e+02	0.000000e+00	1	1.282051e-03
1.540000e+03	4.040000e+02	0.000000e+00	1	1.282051e-03
1.723000e+03	1.680000e+02	0.000000e+00	1	1.282051e-03
1.583000e+03	3.460000e+02	0.000000e+00	1	1.282051e-03
1.624000e+03	2.450000e+02	0.000000e+00	1	1.282051e-03
1.574000e+03	3.550000e+02	0.000000e+00	1	1.282051e-03
1.702000e+03	1.860000e+02	0.000000e+00	1	1.282051e-03
1.659000e+03	2.230000e+02	0.000000e+00	1	1.282051e-03
1.741000e+03	1.560000e+02	0.000000e+00	1	1.282051e-03
1.535000e+03	4.260000e+02	0.000000e+00	1	1.282051e-03
1.625000e+03	2.440000e+02	0.000000e+00	1	1.282051e-03
1.704000e+03	1.840000e+02	0.000000e+00	1	1.282051e-03
1.703000e+03	1.850000e+02	0.000000e+00	1	1.282051e-03
1.760000e+03	1.470000e+02	0.000000e+00	1	1.282051e-03
1.734000e+03	1.590000e+02	0.000000e+00	1	1.282051e-03
1.634000e+03	2.390000e+02	0.000000e+00	1	1.282051e-03
1.567000e+03	3.630000e+02	0.000000e+00	1	1.282051e-03
1.572000e+03	3.570000e+02	0.000000e+00	1	1.282051e-03
1.653000e+03	2.260000e+02	0.000000e+00	1	1.282051e-03
1.571000e+03	3.590000e+02	0.000000e+00	1	1.282051e-03
1.554000e+03	3.780000e+02	0.000000e+00	1	1.282051e-03
1.742000e+03	1.550000e+02	0.000000e+00	1	1.282051e-03
1.648000e+03	2.300000e+02	0.000000e+00	1	1.282051e-03
1.525000e+03	4.400000e+02	0.000000e+00	1	1.282051e-03
1.615000e+03	2.550000e+02	0.000000e+00	1	1.282051e-03
1.655000e+03	2.250000e+02	0.000000e+00	1	1.282051e-03
1.714000e+03	1.740000e+02	0.000000e+00	1	1.282051e-03
1.727000e+03	1.640000e+02	0.000000e+00	1	1.282051e-03
1.643000e+03	2.340000e+02	0.000000e+00	1	1.282051e-03
1.779000e+03	1.420000e+02	0.000000e+00	1	1.282051e-03
1.659000e+03	2.230000e+02	0.000000e+00	1	1.282051e-03
1.732000e+03	1.600000e+02	0.000000e+00	1	1.282051e-03
1.532000e+03	4.290000e+02	0.000000e+00	1	1.282051e-03
1.744000e+03	1.540000e+02	0.000000e+00	1	1.282051e-03
1.662000e+03	2.220000e+02	0.000000e+00	1	1.282051e-03
1.687000e+03	2.000000e+02	0.000000e+00	1	1.282051e-03
1.657000e+03	2.240000e+02	0.000000e+00	1	1.282051e-03
1.729000e+03	1.620000e+02	0.000000e+00	1	1.282051e-03
1.738000e+03	1.570000e+02	0.000000e+00	1	1.282051e-03
1.585000e+03	3.440000e+02	0.000000e+00	1	1.282051e-03
1.596000e+03	2.950000e+02	0.000000e+00	1	1.282051e-03
1.621000e+03	2.470000e+02	0.000000e+00	1	1.282051e-03
1.698000e+03	1.890000e+02	0.000000e+00	1	1.282051e-03
1.776000e+03	1.430000e+02	0.000000e+00	1	1.282051e-03
1.744000e+03	1.540000e+02	0.000000e+00	1	1.282051e-03
1.688000e+03	1.990000e+02	0.000000e+00	1	1.282051e-03
1.728000e+03	1.630000e+02	0.000000e+00	1	1.282051e-03
1.544000e+03	3.970000e+02	0.000000e+00	1	1.282051e-03
1.570000e+03	3.600000e+02	0.000000e+00	1	1.282051e-03
1.776000e+03	1.430000e+02	0.000000e+00	1	1.282051e-03
1.533000e+03	4.280000e+02	0.000000e+00	1	1.282051e-03
1.755000e+03	1.490000e+02	0.000000e+00	1	1.282051e-03
1.782000e+03	1.410000e+02	0.000000e+00	1	1.282051e-03
1.536000e+03	4.250000e+02	0.000000e+00	1	1.282051e-03
1.627000e+03	2.430000e+02	0.000000e+00	1	1.282051e-03
1.620000e+03	2.480000e+02	0.000000e+00	1	0.000000e+00
1.681000e+03	2.070000e+02	0.000000e+00	1	0.000000e+00
1.612000e+03	2.620000e+02	0.000000e+00	1	0.000000e+00
1.678000e+03	2.130000e+02	0.000000e+00	1	0.000000e+00
Total execution time: 255458.462
