# This file contains the data of final feasible population (if found)
# of objectives = 2, # of constraints = 0, # of real_var = 0, # of bits of bin_var = 0, constr_violation, rank, crowding_distance
1.334252e-01	8.474000e-01	0.000000e+00	1	1.000000e+14
1.576571e-01	8.045175e-01	0.000000e+00	1	1.000000e+14
1.408699e-01	8.374317e-01	0.000000e+00	1	1.740099e-01
1.411965e-01	8.230857e-01	0.000000e+00	1	1.740099e-01
1.361666e-01	8.426190e-01	0.000000e+00	1	3.948268e-02
1.380173e-01	8.417746e-01	0.000000e+00	1	3.818715e-02
1.548337e-01	8.059746e-01	0.000000e+00	1	2.817860e-02
1.561599e-01	8.059492e-01	0.000000e+00	1	2.766039e-02
1.521479e-01	8.084825e-01	0.000000e+00	1	2.507339e-02
1.510476e-01	8.084984e-01	0.000000e+00	1	2.355577e-02
1.446159e-01	8.151079e-01	0.000000e+00	1	2.176446e-02
1.456492e-01	8.150698e-01	0.000000e+00	1	2.176446e-02
1.489502e-01	8.103302e-01	0.000000e+00	1	1.548411e-02
1.496199e-01	8.101873e-01	0.000000e+00	1	1.511396e-02
1.361666e-01	8.426190e-01	0.000000e+00	1	1.181116e-02
1.335363e-01	8.467587e-01	0.000000e+00	1	1.159209e-02
1.427023e-01	8.189079e-01	0.000000e+00	1	1.045999e-02
1.427536e-01	8.181016e-01	0.000000e+00	1	1.045999e-02
1.380173e-01	8.417746e-01	0.000000e+00	1	1.031050e-02
1.346569e-01	8.433778e-01	0.000000e+00	1	9.374436e-03
1.340728e-01	8.446540e-01	0.000000e+00	1	8.825342e-03
1.340093e-01	8.452984e-01	0.000000e+00	1	8.825342e-03
1.412478e-01	8.225016e-01	0.000000e+00	1	8.503822e-03
1.350484e-01	8.433492e-01	0.000000e+00	1	8.412044e-03
1.544927e-01	8.060444e-01	0.000000e+00	1	8.332317e-03
1.541593e-01	8.061556e-01	0.000000e+00	1	8.173518e-03
1.528397e-01	8.070857e-01	0.000000e+00	1	8.173518e-03
1.531730e-01	8.069746e-01	0.000000e+00	1	8.173518e-03
1.426856e-01	8.195206e-01	0.000000e+00	1	8.155853e-03
1.505127e-01	8.087048e-01	0.000000e+00	1	8.042686e-03
1.415661e-01	8.212603e-01	0.000000e+00	1	7.868931e-03
1.411965e-01	8.230857e-01	0.000000e+00	1	7.868931e-03
1.544927e-01	8.060444e-01	0.000000e+00	1	7.692321e-03
1.427023e-01	8.189079e-01	0.000000e+00	1	7.488120e-03
1.415148e-01	8.218444e-01	0.000000e+00	1	7.379326e-03
1.508486e-01	8.086667e-01	0.000000e+00	1	7.376414e-03
1.548337e-01	8.059746e-01	0.000000e+00	1	7.332909e-03
1.485984e-01	8.104032e-01	0.000000e+00	1	7.260100e-03
1.489502e-01	8.103302e-01	0.000000e+00	1	7.260100e-03
1.443331e-01	8.151302e-01	0.000000e+00	1	7.131398e-03
1.387994e-01	8.400222e-01	0.000000e+00	1	7.090191e-03
1.387828e-01	8.405905e-01	0.000000e+00	1	6.885546e-03
1.337357e-01	8.465365e-01	0.000000e+00	1	6.595048e-03
1.338728e-01	8.456063e-01	0.000000e+00	1	6.405982e-03
1.474283e-01	8.111619e-01	0.000000e+00	1	6.094975e-03
1.477111e-01	8.111397e-01	0.000000e+00	1	6.094975e-03
1.446159e-01	8.151079e-01	0.000000e+00	1	6.094975e-03
1.350732e-01	8.431810e-01	0.000000e+00	1	6.076837e-03
1.343092e-01	8.438222e-01	0.000000e+00	1	6.042356e-03
1.431949e-01	8.168000e-01	0.000000e+00	1	5.975892e-03
1.355674e-01	8.428635e-01	0.000000e+00	1	5.954885e-03
1.352727e-01	8.430540e-01	0.000000e+00	1	5.954885e-03
1.354949e-01	8.429365e-01	0.000000e+00	1	5.954885e-03
1.340849e-01	8.442571e-01	0.000000e+00	1	5.877431e-03
1.500833e-01	8.097238e-01	0.000000e+00	1	5.820124e-03
1.341455e-01	8.440508e-01	0.000000e+00	1	5.783251e-03
1.429036e-01	8.174286e-01	0.000000e+00	1	5.666650e-03
1.343092e-01	8.438222e-01	0.000000e+00	1	5.595640e-03
1.571568e-01	8.047873e-01	0.000000e+00	1	5.584982e-03
1.570243e-01	8.050317e-01	0.000000e+00	1	5.584982e-03
1.427536e-01	8.181016e-01	0.000000e+00	1	5.521289e-03
1.457492e-01	8.140286e-01	0.000000e+00	1	5.480994e-03
1.433449e-01	8.164603e-01	0.000000e+00	1	5.421008e-03
1.432690e-01	8.164825e-01	0.000000e+00	1	5.421008e-03
1.433523e-01	8.161651e-01	0.000000e+00	1	5.407544e-03
1.500530e-01	8.098476e-01	0.000000e+00	1	5.379492e-03
1.539573e-01	8.063778e-01	0.000000e+00	1	5.330681e-03
1.537545e-01	8.064762e-01	0.000000e+00	1	5.330681e-03
1.501085e-01	8.092667e-01	0.000000e+00	1	5.330175e-03
1.457286e-01	8.144476e-01	0.000000e+00	1	5.311774e-03
1.498617e-01	8.099429e-01	0.000000e+00	1	5.243024e-03
1.480984e-01	8.108381e-01	0.000000e+00	1	5.231208e-03
1.432616e-01	8.167778e-01	0.000000e+00	1	5.229952e-03
1.428203e-01	8.177460e-01	0.000000e+00	1	5.077108e-03
1.401194e-01	8.382667e-01	0.000000e+00	1	5.075971e-03
1.564287e-01	8.055683e-01	0.000000e+00	1	5.074408e-03
1.477111e-01	8.111397e-01	0.000000e+00	1	5.050851e-03
1.457780e-01	8.137111e-01	0.000000e+00	1	4.952054e-03
1.335363e-01	8.467587e-01	0.000000e+00	1	4.883720e-03
1.456619e-01	8.146762e-01	0.000000e+00	1	4.852884e-03
1.456492e-01	8.150698e-01	0.000000e+00	1	4.852884e-03
1.462908e-01	8.124190e-01	0.000000e+00	1	4.846055e-03
1.573187e-01	8.046921e-01	0.000000e+00	1	4.751917e-03
1.402305e-01	8.380603e-01	0.000000e+00	1	4.698645e-03
1.405639e-01	8.375651e-01	0.000000e+00	1	4.698645e-03
1.404528e-01	8.377714e-01	0.000000e+00	1	4.698645e-03
1.357896e-01	8.427460e-01	0.000000e+00	1	4.696371e-03
1.533620e-01	8.069270e-01	0.000000e+00	1	4.651482e-03
1.482031e-01	8.106254e-01	0.000000e+00	1	4.641666e-03
1.394946e-01	8.386635e-01	0.000000e+00	1	4.636266e-03
1.407258e-01	8.374540e-01	0.000000e+00	1	4.636266e-03
1.340728e-01	8.446540e-01	0.000000e+00	1	4.626888e-03
1.566859e-01	8.052063e-01	0.000000e+00	1	4.566841e-03
1.574952e-01	8.046127e-01	0.000000e+00	1	4.566841e-03
1.390301e-01	8.391302e-01	0.000000e+00	1	4.556197e-03
1.531730e-01	8.069746e-01	0.000000e+00	1	4.453594e-03
1.570243e-01	8.050317e-01	0.000000e+00	1	4.451191e-03
1.568624e-01	8.051270e-01	0.000000e+00	1	4.451191e-03
1.574952e-01	8.046127e-01	0.000000e+00	1	4.451191e-03
1.431944e-01	8.171714e-01	0.000000e+00	1	4.341188e-03
1.537545e-01	8.064762e-01	0.000000e+00	1	4.318821e-03
1.540128e-01	8.062667e-01	0.000000e+00	1	4.318821e-03
1.526932e-01	8.071968e-01	0.000000e+00	1	4.318821e-03
1.528397e-01	8.070857e-01	0.000000e+00	1	4.318821e-03
1.484317e-01	8.104762e-01	0.000000e+00	1	4.290342e-03
1.485984e-01	8.104032e-01	0.000000e+00	1	4.290342e-03
1.573187e-01	8.046921e-01	0.000000e+00	1	4.266115e-03
1.338204e-01	8.463238e-01	0.000000e+00	1	4.227643e-03
1.442378e-01	8.152413e-01	0.000000e+00	1	4.185521e-03
1.428203e-01	8.177460e-01	0.000000e+00	1	4.145691e-03
1.457492e-01	8.140286e-01	0.000000e+00	1	4.127290e-03
1.345086e-01	8.436952e-01	0.000000e+00	1	4.115036e-03
1.352727e-01	8.430540e-01	0.000000e+00	1	4.115036e-03
1.462815e-01	8.126095e-01	0.000000e+00	1	4.040685e-03
1.460019e-01	8.129873e-01	0.000000e+00	1	4.040685e-03
1.460686e-01	8.127587e-01	0.000000e+00	1	4.040685e-03
1.403747e-01	8.380381e-01	0.000000e+00	1	4.010930e-03
1.394769e-01	8.387524e-01	0.000000e+00	1	4.010930e-03
1.420105e-01	8.201873e-01	0.000000e+00	1	4.007258e-03
1.420031e-01	8.203873e-01	0.000000e+00	1	3.934424e-03
1.360714e-01	8.427302e-01	0.000000e+00	1	3.915715e-03
1.429988e-01	8.173175e-01	0.000000e+00	1	3.764207e-03
1.388220e-01	8.398000e-01	0.000000e+00	1	3.737389e-03
1.380398e-01	8.415524e-01	0.000000e+00	1	3.737389e-03
1.431185e-01	8.172159e-01	0.000000e+00	1	3.653161e-03
1.501598e-01	8.090444e-01	0.000000e+00	1	3.649209e-03
1.568624e-01	8.051270e-01	0.000000e+00	1	3.641464e-03
1.416402e-01	8.209429e-01	0.000000e+00	1	3.595249e-03
1.416328e-01	8.212381e-01	0.000000e+00	1	3.595249e-03
1.435653e-01	8.158254e-01	0.000000e+00	1	3.593804e-03
1.340093e-01	8.452984e-01	0.000000e+00	1	3.590465e-03
1.388775e-01	8.396317e-01	0.000000e+00	1	3.519774e-03
1.381906e-01	8.412508e-01	0.000000e+00	1	3.519774e-03
1.389727e-01	8.394984e-01	0.000000e+00	1	3.519774e-03
1.391253e-01	8.389968e-01	0.000000e+00	1	3.519774e-03
1.398443e-01	8.385460e-01	0.000000e+00	1	3.492718e-03
1.521532e-01	8.082794e-01	0.000000e+00	1	3.428455e-03
1.464180e-01	8.123270e-01	0.000000e+00	1	3.365451e-03
1.399972e-01	8.384857e-01	0.000000e+00	1	3.350921e-03
1.391253e-01	8.389968e-01	0.000000e+00	1	3.350921e-03
1.419365e-01	8.203937e-01	0.000000e+00	1	3.350723e-03
1.566859e-01	8.052063e-01	0.000000e+00	1	3.340738e-03
1.565240e-01	8.053016e-01	0.000000e+00	1	3.340738e-03
1.571568e-01	8.047873e-01	0.000000e+00	1	3.340738e-03
1.434475e-01	8.160540e-01	0.000000e+00	1	3.327662e-03
1.563083e-01	8.059270e-01	0.000000e+00	1	3.321945e-03
1.440978e-01	8.153524e-01	0.000000e+00	1	3.318386e-03
1.403924e-01	8.379492e-01	0.000000e+00	1	3.317434e-03
1.413298e-01	8.222730e-01	0.000000e+00	1	3.294606e-03
1.536080e-01	8.065873e-01	0.000000e+00	1	3.282398e-03
1.478698e-01	8.109873e-01	0.000000e+00	1	3.274126e-03
1.359444e-01	8.427365e-01	0.000000e+00	1	3.267879e-03
1.502551e-01	8.089333e-01	0.000000e+00	1	3.260668e-03
1.497151e-01	8.100762e-01	0.000000e+00	1	3.260668e-03
1.479650e-01	8.108762e-01	0.000000e+00	1	3.260668e-03
1.439012e-01	8.154476e-01	0.000000e+00	1	3.260668e-03
1.482984e-01	8.105143e-01	0.000000e+00	1	3.260668e-03
1.478698e-01	8.109873e-01	0.000000e+00	1	3.260668e-03
1.338607e-01	8.460032e-01	0.000000e+00	1	3.239082e-03
1.405639e-01	8.375651e-01	0.000000e+00	1	3.233613e-03
1.407080e-01	8.375429e-01	0.000000e+00	1	3.233613e-03
1.396388e-01	8.386413e-01	0.000000e+00	1	3.233613e-03
1.393327e-01	8.387746e-01	0.000000e+00	1	3.233613e-03
1.397002e-01	8.385683e-01	0.000000e+00	1	3.233613e-03
1.466402e-01	8.119873e-01	0.000000e+00	1	3.203689e-03
1.484317e-01	8.104762e-01	0.000000e+00	1	3.195377e-03
1.482984e-01	8.105143e-01	0.000000e+00	1	3.195377e-03
1.357896e-01	8.427460e-01	0.000000e+00	1	3.193848e-03
1.467958e-01	8.117270e-01	0.000000e+00	1	3.183358e-03
1.338683e-01	8.457333e-01	0.000000e+00	1	3.146284e-03
1.501085e-01	8.092667e-01	0.000000e+00	1	3.110972e-03
1.565240e-01	8.053016e-01	0.000000e+00	1	3.109269e-03
1.380954e-01	8.413841e-01	0.000000e+00	1	3.108132e-03
1.388775e-01	8.396317e-01	0.000000e+00	1	3.108132e-03
1.345693e-01	8.434889e-01	0.000000e+00	1	3.103549e-03
1.498617e-01	8.099429e-01	0.000000e+00	1	3.075593e-03
1.439012e-01	8.154476e-01	0.000000e+00	1	3.068556e-03
1.435460e-01	8.159651e-01	0.000000e+00	1	3.068556e-03
1.439997e-01	8.153587e-01	0.000000e+00	1	3.068556e-03
1.561599e-01	8.059492e-01	0.000000e+00	1	3.062839e-03
1.390076e-01	8.393524e-01	0.000000e+00	1	3.055545e-03
1.467865e-01	8.118984e-01	0.000000e+00	1	3.052349e-03
1.541593e-01	8.061556e-01	0.000000e+00	1	3.023292e-03
1.470625e-01	8.115937e-01	0.000000e+00	1	3.018981e-03
1.429036e-01	8.174286e-01	0.000000e+00	1	3.015026e-03
1.418961e-01	8.206095e-01	0.000000e+00	1	3.008961e-03
1.434475e-01	8.160540e-01	0.000000e+00	1	3.001563e-03
1.436605e-01	8.157143e-01	0.000000e+00	1	3.001563e-03
1.414052e-01	8.221238e-01	0.000000e+00	1	2.989261e-03
1.525027e-01	8.074254e-01	0.000000e+00	1	2.987413e-03
1.535085e-01	8.067206e-01	0.000000e+00	1	2.987413e-03
1.402305e-01	8.380603e-01	0.000000e+00	1	2.974507e-03
1.408699e-01	8.374317e-01	0.000000e+00	1	2.974507e-03
1.440978e-01	8.153524e-01	0.000000e+00	1	2.964022e-03
1.423272e-01	8.197111e-01	0.000000e+00	1	2.924570e-03
1.421170e-01	8.201143e-01	0.000000e+00	1	2.832511e-03
1.417386e-01	8.208921e-01	0.000000e+00	1	2.832511e-03
1.340093e-01	8.452984e-01	0.000000e+00	1	2.815517e-03
1.437590e-01	8.156254e-01	0.000000e+00	1	2.809450e-03
1.563588e-01	8.059111e-01	0.000000e+00	1	2.778901e-03
1.469484e-01	8.116349e-01	0.000000e+00	1	2.759875e-03
1.479650e-01	8.108762e-01	0.000000e+00	1	2.751196e-03
1.505127e-01	8.087048e-01	0.000000e+00	1	2.736844e-03
1.504016e-01	8.088000e-01	0.000000e+00	1	2.736844e-03
1.359444e-01	8.427365e-01	0.000000e+00	1	2.731232e-03
1.460686e-01	8.127587e-01	0.000000e+00	1	2.726448e-03
1.461881e-01	8.127365e-01	0.000000e+00	1	2.726448e-03
1.412478e-01	8.225016e-01	0.000000e+00	1	2.665087e-03
1.413298e-01	8.222730e-01	0.000000e+00	1	2.665087e-03
1.341455e-01	8.440508e-01	0.000000e+00	1	2.665087e-03
1.471865e-01	8.113079e-01	0.000000e+00	1	2.631412e-03
1.468532e-01	8.116698e-01	0.000000e+00	1	2.631412e-03
1.416402e-01	8.209429e-01	0.000000e+00	1	2.624375e-03
1.458992e-01	8.133048e-01	0.000000e+00	1	2.621159e-03
1.401083e-01	8.382794e-01	0.000000e+00	1	2.611755e-03
1.480984e-01	8.108381e-01	0.000000e+00	1	2.605835e-03
1.380173e-01	8.417746e-01	0.000000e+00	1	2.591057e-03
1.337357e-01	8.465365e-01	0.000000e+00	1	2.591057e-03
1.387994e-01	8.400222e-01	0.000000e+00	1	2.591057e-03
1.392375e-01	8.389079e-01	0.000000e+00	1	2.573604e-03
1.458386e-01	8.136000e-01	0.000000e+00	1	2.546072e-03
1.421494e-01	8.199651e-01	0.000000e+00	1	2.542142e-03
1.523006e-01	8.077714e-01	0.000000e+00	1	2.477645e-03
1.522953e-01	8.079746e-01	0.000000e+00	1	2.477645e-03
1.350484e-01	8.433492e-01	0.000000e+00	1	2.474080e-03
1.400131e-01	8.384127e-01	0.000000e+00	1	2.464216e-03
1.469484e-01	8.116349e-01	0.000000e+00	1	2.446336e-03
1.414687e-01	8.220508e-01	0.000000e+00	1	2.442308e-03
1.540128e-01	8.062667e-01	0.000000e+00	1	2.441860e-03
1.535524e-01	8.066984e-01	0.000000e+00	1	2.441860e-03
1.539573e-01	8.063778e-01	0.000000e+00	1	2.441860e-03
1.535640e-01	8.066095e-01	0.000000e+00	1	2.441860e-03
1.388220e-01	8.398000e-01	0.000000e+00	1	2.426288e-03
1.380398e-01	8.415524e-01	0.000000e+00	1	2.426288e-03
1.389727e-01	8.394984e-01	0.000000e+00	1	2.421414e-03
1.340849e-01	8.442571e-01	0.000000e+00	1	2.405982e-03
1.417790e-01	8.207206e-01	0.000000e+00	1	2.380926e-03
1.473330e-01	8.111968e-01	0.000000e+00	1	2.372306e-03
1.474283e-01	8.111619e-01	0.000000e+00	1	2.372306e-03
1.467291e-01	8.119556e-01	0.000000e+00	1	2.372306e-03
1.472818e-01	8.112730e-01	0.000000e+00	1	2.372306e-03
1.563766e-01	8.058095e-01	0.000000e+00	1	2.363924e-03
1.497664e-01	8.100540e-01	0.000000e+00	1	2.353681e-03
1.338562e-01	8.461302e-01	0.000000e+00	1	2.350719e-03
1.354949e-01	8.429365e-01	0.000000e+00	1	2.347190e-03
1.355674e-01	8.428635e-01	0.000000e+00	1	2.347190e-03
1.400628e-01	8.383905e-01	0.000000e+00	1	2.321768e-03
1.534175e-01	8.068159e-01	0.000000e+00	1	2.321142e-03
1.458807e-01	8.133937e-01	0.000000e+00	1	2.316806e-03
1.334252e-01	8.474000e-01	0.000000e+00	1	2.292663e-03
1.438060e-01	8.155587e-01	0.000000e+00	1	2.265692e-03
1.338204e-01	8.463238e-01	0.000000e+00	1	2.257921e-03
1.523958e-01	8.076381e-01	0.000000e+00	1	2.243972e-03
1.522045e-01	8.081778e-01	0.000000e+00	1	2.243972e-03
1.523006e-01	8.077714e-01	0.000000e+00	1	2.243972e-03
1.392872e-01	8.388857e-01	0.000000e+00	1	2.234429e-03
1.497664e-01	8.100540e-01	0.000000e+00	1	2.224245e-03
1.443331e-01	8.151302e-01	0.000000e+00	1	2.224245e-03
1.414052e-01	8.221238e-01	0.000000e+00	1	2.221168e-03
1.338562e-01	8.461302e-01	0.000000e+00	1	2.218371e-03
1.536080e-01	8.065873e-01	0.000000e+00	1	2.202516e-03
1.414872e-01	8.218952e-01	0.000000e+00	1	2.195851e-03
1.471199e-01	8.115365e-01	0.000000e+00	1	2.189871e-03
1.471291e-01	8.113651e-01	0.000000e+00	1	2.189871e-03
1.346569e-01	8.433778e-01	0.000000e+00	1	2.141156e-03
1.525937e-01	8.073302e-01	0.000000e+00	1	2.136066e-03
1.397002e-01	8.385683e-01	0.000000e+00	1	2.118267e-03
1.396388e-01	8.386413e-01	0.000000e+00	1	2.118267e-03
1.426622e-01	8.195365e-01	0.000000e+00	1	2.117361e-03
1.439997e-01	8.153587e-01	0.000000e+00	1	2.096887e-03
1.523519e-01	8.076698e-01	0.000000e+00	1	2.090135e-03
1.503063e-01	8.089111e-01	0.000000e+00	1	2.085858e-03
1.431185e-01	8.172159e-01	0.000000e+00	1	2.084865e-03
1.431944e-01	8.171714e-01	0.000000e+00	1	2.084865e-03
1.385099e-01	8.409556e-01	0.000000e+00	1	2.082448e-03
1.383348e-01	8.410952e-01	0.000000e+00	1	2.082448e-03
1.382395e-01	8.412286e-01	0.000000e+00	1	2.082448e-03
1.386583e-01	8.407397e-01	0.000000e+00	1	2.082448e-03
1.404528e-01	8.377714e-01	0.000000e+00	1	2.072846e-03
1.509598e-01	8.085714e-01	0.000000e+00	1	2.071401e-03
1.500596e-01	8.098317e-01	0.000000e+00	1	2.070006e-03
1.360714e-01	8.427302e-01	0.000000e+00	1	2.039170e-03
1.436605e-01	8.157143e-01	0.000000e+00	1	2.032133e-03
1.417386e-01	8.208921e-01	0.000000e+00	1	2.032133e-03
1.435460e-01	8.159651e-01	0.000000e+00	1	2.025662e-03
1.390301e-01	8.391302e-01	0.000000e+00	1	2.019122e-03
1.525937e-01	8.073302e-01	0.000000e+00	1	2.017441e-03
1.437590e-01	8.156254e-01	0.000000e+00	1	2.006587e-03
1.522045e-01	8.081778e-01	0.000000e+00	1	1.997680e-03
1.510476e-01	8.084984e-01	0.000000e+00	1	1.997371e-03
1.350732e-01	8.431810e-01	0.000000e+00	1	1.992884e-03
1.399009e-01	8.385016e-01	0.000000e+00	1	1.986975e-03
1.442378e-01	8.152413e-01	0.000000e+00	1	1.965140e-03
1.438060e-01	8.155587e-01	0.000000e+00	1	1.965140e-03
1.501598e-01	8.090444e-01	0.000000e+00	1	1.965140e-03
1.496199e-01	8.101873e-01	0.000000e+00	1	1.965140e-03
1.380954e-01	8.413841e-01	0.000000e+00	1	1.965140e-03
1.482031e-01	8.106254e-01	0.000000e+00	1	1.965140e-03
1.429988e-01	8.173175e-01	0.000000e+00	1	1.965140e-03
1.565240e-01	8.053016e-01	0.000000e+00	1	1.965140e-03
1.345693e-01	8.434889e-01	0.000000e+00	1	1.953490e-03
1.345463e-01	8.436159e-01	0.000000e+00	1	1.953490e-03
1.472818e-01	8.112730e-01	0.000000e+00	1	1.946515e-03
1.473330e-01	8.111968e-01	0.000000e+00	1	1.946515e-03
1.526376e-01	8.073079e-01	0.000000e+00	1	1.943410e-03
1.526492e-01	8.072190e-01	0.000000e+00	1	1.943410e-03
1.533662e-01	8.069175e-01	0.000000e+00	1	1.909500e-03
1.524514e-01	8.075270e-01	0.000000e+00	1	1.909500e-03
1.459473e-01	8.131651e-01	0.000000e+00	1	1.907556e-03
1.522440e-01	8.080762e-01	0.000000e+00	1	1.894117e-03
1.384509e-01	8.409619e-01	0.000000e+00	1	1.890578e-03
1.457780e-01	8.137111e-01	0.000000e+00	1	1.890529e-03
1.422479e-01	8.199143e-01	0.000000e+00	1	1.875499e-03
1.425956e-01	8.195429e-01	0.000000e+00	1	1.873335e-03
1.417976e-01	8.206603e-01	0.000000e+00	1	1.873335e-03
1.418722e-01	8.206317e-01	0.000000e+00	1	1.873335e-03
1.464180e-01	8.123270e-01	0.000000e+00	1	1.870908e-03
1.387662e-01	8.407111e-01	0.000000e+00	1	1.869061e-03
1.465736e-01	8.121619e-01	0.000000e+00	1	1.853752e-03
1.471291e-01	8.113651e-01	0.000000e+00	1	1.850814e-03
1.471199e-01	8.115365e-01	0.000000e+00	1	1.850814e-03
1.465828e-01	8.121556e-01	0.000000e+00	1	1.850814e-03
1.467355e-01	8.119524e-01	0.000000e+00	1	1.850814e-03
1.504016e-01	8.088000e-01	0.000000e+00	1	1.841082e-03
1.464567e-01	8.122635e-01	0.000000e+00	1	1.833892e-03
1.424337e-01	8.196381e-01	0.000000e+00	1	1.826816e-03
1.383028e-01	8.411619e-01	0.000000e+00	1	1.823342e-03
1.383980e-01	8.410286e-01	0.000000e+00	1	1.786684e-03
1.458447e-01	8.134825e-01	0.000000e+00	1	1.778809e-03
1.462241e-01	8.126476e-01	0.000000e+00	1	1.778809e-03
1.461881e-01	8.127365e-01	0.000000e+00	1	1.778809e-03
1.500833e-01	8.097238e-01	0.000000e+00	1	1.778428e-03
1.478698e-01	8.109873e-01	0.000000e+00	1	1.776725e-03
1.337357e-01	8.465365e-01	0.000000e+00	1	1.747631e-03
1.420753e-01	8.201714e-01	0.000000e+00	1	1.744553e-03
1.422933e-01	8.198476e-01	0.000000e+00	1	1.726132e-03
1.428203e-01	8.177460e-01	0.000000e+00	1	1.719497e-03
1.386128e-01	8.408508e-01	0.000000e+00	1	1.717081e-03
1.385422e-01	8.408730e-01	0.000000e+00	1	1.717081e-03
1.534132e-01	8.068540e-01	0.000000e+00	1	1.711611e-03
1.524984e-01	8.074635e-01	0.000000e+00	1	1.711611e-03
1.345463e-01	8.436159e-01	0.000000e+00	1	1.703035e-03
1.390076e-01	8.393524e-01	0.000000e+00	1	1.702695e-03
1.413298e-01	8.222730e-01	0.000000e+00	1	1.693043e-03
1.435653e-01	8.158254e-01	0.000000e+00	1	1.692527e-03
1.399009e-01	8.385016e-01	0.000000e+00	1	1.685194e-03
1.503662e-01	8.088381e-01	0.000000e+00	1	1.678692e-03
1.564194e-01	8.056825e-01	0.000000e+00	1	1.672995e-03
1.470625e-01	8.115937e-01	0.000000e+00	1	1.665739e-03
1.496199e-01	8.101873e-01	0.000000e+00	1	1.665680e-03
1.415148e-01	8.218444e-01	0.000000e+00	1	1.650394e-03
1.338607e-01	8.460032e-01	0.000000e+00	1	1.637915e-03
1.415661e-01	8.212603e-01	0.000000e+00	1	1.634704e-03
1.416328e-01	8.212381e-01	0.000000e+00	1	1.634704e-03
1.386540e-01	8.408000e-01	0.000000e+00	1	1.629196e-03
1.425537e-01	8.195905e-01	0.000000e+00	1	1.629041e-03
1.423918e-01	8.196857e-01	0.000000e+00	1	1.629041e-03
1.424891e-01	8.196159e-01	0.000000e+00	1	1.592026e-03
1.468532e-01	8.116698e-01	0.000000e+00	1	1.591709e-03
1.471865e-01	8.113079e-01	0.000000e+00	1	1.591709e-03
1.466310e-01	8.121048e-01	0.000000e+00	1	1.585729e-03
1.503662e-01	8.088381e-01	0.000000e+00	1	1.581976e-03
1.338728e-01	8.456063e-01	0.000000e+00	1	1.573402e-03
1.338683e-01	8.457333e-01	0.000000e+00	1	1.573402e-03
1.466310e-01	8.121048e-01	0.000000e+00	1	1.560614e-03
1.380954e-01	8.413841e-01	0.000000e+00	1	1.554634e-03
1.563766e-01	8.058095e-01	0.000000e+00	1	1.551706e-03
1.417790e-01	8.207206e-01	0.000000e+00	1	1.536983e-03
1.509011e-01	8.086317e-01	0.000000e+00	1	1.525848e-03
1.421090e-01	8.201365e-01	0.000000e+00	1	1.525620e-03
1.564287e-01	8.055683e-01	0.000000e+00	1	1.524935e-03
1.459659e-01	8.130762e-01	0.000000e+00	1	1.519703e-03
1.457225e-01	8.145651e-01	0.000000e+00	1	1.494613e-03
1.457286e-01	8.144476e-01	0.000000e+00	1	1.494613e-03
1.458447e-01	8.134825e-01	0.000000e+00	1	1.494613e-03
1.458386e-01	8.136000e-01	0.000000e+00	1	1.494613e-03
1.508486e-01	8.086667e-01	0.000000e+00	1	1.488833e-03
1.345086e-01	8.436952e-01	0.000000e+00	1	1.480604e-03
1.352727e-01	8.430540e-01	0.000000e+00	1	1.480604e-03
1.421883e-01	8.199333e-01	0.000000e+00	1	1.451792e-03
1.419365e-01	8.203937e-01	0.000000e+00	1	1.449628e-03
1.433523e-01	8.161651e-01	0.000000e+00	1	1.448373e-03
1.386260e-01	8.408222e-01	0.000000e+00	1	1.441970e-03
1.465037e-01	8.121746e-01	0.000000e+00	1	1.440606e-03
1.424891e-01	8.196159e-01	0.000000e+00	1	1.440124e-03
1.414658e-01	8.220667e-01	0.000000e+00	1	1.434627e-03
1.523519e-01	8.076698e-01	0.000000e+00	1	1.429639e-03
1.398443e-01	8.385460e-01	0.000000e+00	1	1.426089e-03
1.458942e-01	8.133714e-01	0.000000e+00	1	1.419526e-03
1.459609e-01	8.131429e-01	0.000000e+00	1	1.419526e-03
1.425876e-01	8.195651e-01	0.000000e+00	1	1.419041e-03
1.424257e-01	8.196603e-01	0.000000e+00	1	1.419041e-03
1.403924e-01	8.379492e-01	0.000000e+00	1	1.402653e-03
1.357896e-01	8.427460e-01	0.000000e+00	1	1.369559e-03
1.564194e-01	8.056825e-01	0.000000e+00	1	1.332544e-03
1.509598e-01	8.085714e-01	0.000000e+00	1	1.331715e-03
1.522440e-01	8.080762e-01	0.000000e+00	1	1.331408e-03
1.497151e-01	8.100762e-01	0.000000e+00	1	1.317258e-03
1.502551e-01	8.089333e-01	0.000000e+00	1	1.317258e-03
1.503063e-01	8.089111e-01	0.000000e+00	1	1.317258e-03
1.383980e-01	8.410286e-01	0.000000e+00	1	1.305131e-03
1.442378e-01	8.152413e-01	0.000000e+00	1	1.295529e-03
1.501598e-01	8.090444e-01	0.000000e+00	1	1.295529e-03
1.541593e-01	8.061556e-01	0.000000e+00	1	1.295529e-03
1.457225e-01	8.145651e-01	0.000000e+00	1	1.295529e-03
1.393327e-01	8.387746e-01	0.000000e+00	1	1.295529e-03
1.456619e-01	8.146762e-01	0.000000e+00	1	1.295529e-03
1.482031e-01	8.106254e-01	0.000000e+00	1	1.295529e-03
1.436605e-01	8.157143e-01	0.000000e+00	1	1.295529e-03
1.422868e-01	8.198825e-01	0.000000e+00	1	1.290525e-03
1.387173e-01	8.407333e-01	0.000000e+00	1	1.289989e-03
1.392872e-01	8.388857e-01	0.000000e+00	1	1.285345e-03
1.385142e-01	8.408952e-01	0.000000e+00	1	1.280919e-03
1.523958e-01	8.076381e-01	0.000000e+00	1	1.275803e-03
1.524472e-01	8.075365e-01	0.000000e+00	1	1.271327e-03
1.387173e-01	8.407333e-01	0.000000e+00	1	1.268473e-03
1.384469e-01	8.410063e-01	0.000000e+00	1	1.268473e-03
1.382395e-01	8.412286e-01	0.000000e+00	1	1.268473e-03
1.381906e-01	8.412508e-01	0.000000e+00	1	1.268473e-03
1.462908e-01	8.124190e-01	0.000000e+00	1	1.264493e-03
1.459473e-01	8.131651e-01	0.000000e+00	1	1.251601e-03
1.457225e-01	8.145651e-01	0.000000e+00	1	1.250543e-03
1.456619e-01	8.146762e-01	0.000000e+00	1	1.250543e-03
1.341455e-01	8.440508e-01	0.000000e+00	1	1.250543e-03
1.404528e-01	8.377714e-01	0.000000e+00	1	1.244589e-03
1.387828e-01	8.405905e-01	0.000000e+00	1	1.232262e-03
1.522783e-01	8.080317e-01	0.000000e+00	1	1.227845e-03
1.563083e-01	8.059270e-01	0.000000e+00	1	1.227195e-03
1.400628e-01	8.383905e-01	0.000000e+00	1	1.198006e-03
1.462241e-01	8.126476e-01	0.000000e+00	1	1.184543e-03
1.429988e-01	8.173175e-01	0.000000e+00	1	1.184483e-03
1.521532e-01	8.082794e-01	0.000000e+00	1	1.184483e-03
1.421883e-01	8.199333e-01	0.000000e+00	1	1.172583e-03
1.422559e-01	8.198921e-01	0.000000e+00	1	1.172583e-03
1.524472e-01	8.075365e-01	0.000000e+00	1	1.170534e-03
1.535085e-01	8.067206e-01	0.000000e+00	1	1.166093e-03
1.459659e-01	8.130762e-01	0.000000e+00	1	1.140635e-03
1.509011e-01	8.086317e-01	0.000000e+00	1	1.137795e-03
1.465037e-01	8.121746e-01	0.000000e+00	1	1.119713e-03
1.571568e-01	8.047873e-01	0.000000e+00	1	1.110453e-03
1.576571e-01	8.045175e-01	0.000000e+00	1	1.110453e-03
1.566859e-01	8.052063e-01	0.000000e+00	1	1.110453e-03
1.565240e-01	8.053016e-01	0.000000e+00	1	1.110453e-03
1.534175e-01	8.068159e-01	0.000000e+00	1	1.110453e-03
1.422933e-01	8.198476e-01	0.000000e+00	1	1.106379e-03
1.383068e-01	8.411175e-01	0.000000e+00	1	1.095843e-03
1.418961e-01	8.206095e-01	0.000000e+00	1	1.092801e-03
1.417976e-01	8.206603e-01	0.000000e+00	1	1.085397e-03
1.501085e-01	8.092667e-01	0.000000e+00	1	1.058152e-03
1.412478e-01	8.225016e-01	0.000000e+00	1	1.058152e-03
1.421494e-01	8.199651e-01	0.000000e+00	1	1.039245e-03
1.407080e-01	8.375429e-01	0.000000e+00	1	1.036423e-03
1.460019e-01	8.129873e-01	0.000000e+00	1	1.036423e-03
1.392375e-01	8.389079e-01	0.000000e+00	1	1.036423e-03
1.465037e-01	8.121746e-01	0.000000e+00	1	1.036423e-03
1.392375e-01	8.389079e-01	0.000000e+00	1	1.026240e-03
1.522953e-01	8.079746e-01	0.000000e+00	1	1.016126e-03
1.522783e-01	8.080317e-01	0.000000e+00	1	1.016126e-03
1.423272e-01	8.197111e-01	0.000000e+00	1	9.953334e-04
1.423918e-01	8.196857e-01	0.000000e+00	1	9.953334e-04
1.425537e-01	8.195905e-01	0.000000e+00	1	9.953334e-04
1.464567e-01	8.122635e-01	0.000000e+00	1	9.716524e-04
1.387702e-01	8.406667e-01	0.000000e+00	1	9.707395e-04
1.393327e-01	8.387746e-01	0.000000e+00	1	9.389001e-04
1.568624e-01	8.051270e-01	0.000000e+00	1	9.253776e-04
1.345086e-01	8.436952e-01	0.000000e+00	1	9.253776e-04
1.509365e-01	8.085937e-01	0.000000e+00	1	9.245487e-04
1.526932e-01	8.071968e-01	0.000000e+00	1	9.069876e-04
1.564194e-01	8.056825e-01	0.000000e+00	1	8.833204e-04
1.458992e-01	8.133048e-01	0.000000e+00	1	8.815291e-04
1.420753e-01	8.201714e-01	0.000000e+00	1	8.798219e-04
1.383028e-01	8.411619e-01	0.000000e+00	1	8.596942e-04
1.467958e-01	8.117270e-01	0.000000e+00	1	8.573271e-04
1.489502e-01	8.103302e-01	0.000000e+00	1	8.513473e-04
1.485984e-01	8.104032e-01	0.000000e+00	1	8.513473e-04
1.385422e-01	8.408730e-01	0.000000e+00	1	8.367377e-04
1.383348e-01	8.410952e-01	0.000000e+00	1	8.367377e-04
1.467865e-01	8.118984e-01	0.000000e+00	1	8.203120e-04
1.387702e-01	8.406667e-01	0.000000e+00	1	7.780542e-04
1.345086e-01	8.436952e-01	0.000000e+00	1	7.776579e-04
1.438060e-01	8.155587e-01	0.000000e+00	1	7.773171e-04
1.418722e-01	8.206317e-01	0.000000e+00	1	7.510396e-04
1.460019e-01	8.129873e-01	0.000000e+00	1	7.423861e-04
1.464567e-01	8.122635e-01	0.000000e+00	1	7.403020e-04
1.338204e-01	8.463238e-01	0.000000e+00	1	7.377672e-04
1.509365e-01	8.085937e-01	0.000000e+00	1	7.306289e-04
1.414658e-01	8.220667e-01	0.000000e+00	1	7.276538e-04
1.390076e-01	8.393524e-01	0.000000e+00	1	7.187189e-04
1.403747e-01	8.380381e-01	0.000000e+00	1	6.253363e-04
1.394769e-01	8.387524e-01	0.000000e+00	1	6.253363e-04
1.386128e-01	8.408508e-01	0.000000e+00	1	6.052322e-04
1.384469e-01	8.410063e-01	0.000000e+00	1	6.005885e-04
1.417386e-01	8.208921e-01	0.000000e+00	1	5.922416e-04
1.414872e-01	8.218952e-01	0.000000e+00	1	5.922416e-04
1.414872e-01	8.218952e-01	0.000000e+00	1	5.685468e-04
1.466402e-01	8.119873e-01	0.000000e+00	1	5.612063e-04
1.534132e-01	8.068540e-01	0.000000e+00	1	5.323606e-04
1.524984e-01	8.074635e-01	0.000000e+00	1	5.323606e-04
1.525027e-01	8.074254e-01	0.000000e+00	1	5.323606e-04
1.526492e-01	8.072190e-01	0.000000e+00	1	4.984497e-04
Total execution time: 39525.644
