# This file contains the data of final feasible population (if found)
# of objectives = 2, # of constraints = 0, # of real_var = 0, # of bits of bin_var = 0, constr_violation, rank, crowding_distance
1.406000e+03	5.040000e+02	0.000000e+00	1	1.000000e+14
1.626000e+03	9.000000e+01	0.000000e+00	1	1.000000e+14
1.423000e+03	4.140000e+02	0.000000e+00	1	6.869785e-02
1.422000e+03	4.690000e+02	0.000000e+00	1	6.642512e-02
1.492000e+03	2.500000e+02	0.000000e+00	1	2.763505e-02
1.493000e+03	2.290000e+02	0.000000e+00	1	2.536232e-02
1.430000e+03	3.790000e+02	0.000000e+00	1	2.294686e-02
1.431000e+03	3.600000e+02	0.000000e+00	1	2.294686e-02
1.548000e+03	1.450000e+02	0.000000e+00	1	1.832455e-02
1.427000e+03	3.900000e+02	0.000000e+00	1	1.676548e-02
1.555000e+03	1.430000e+02	0.000000e+00	1	1.590909e-02
1.426000e+03	4.020000e+02	0.000000e+00	1	1.449275e-02
1.441000e+03	3.280000e+02	0.000000e+00	1	1.435002e-02
1.440000e+03	3.380000e+02	0.000000e+00	1	1.435002e-02
1.425000e+03	4.090000e+02	0.000000e+00	1	1.072683e-02
1.450000e+03	3.040000e+02	0.000000e+00	1	1.072683e-02
1.449000e+03	3.110000e+02	0.000000e+00	1	1.072683e-02
1.415000e+03	4.800000e+02	0.000000e+00	1	1.058410e-02
1.513000e+03	1.900000e+02	0.000000e+00	1	1.058410e-02
1.573000e+03	1.300000e+02	0.000000e+00	1	1.029864e-02
1.617000e+03	9.300000e+01	0.000000e+00	1	1.029864e-02
1.616000e+03	9.400000e+01	0.000000e+00	1	1.029864e-02
1.621000e+03	9.200000e+01	0.000000e+00	1	1.029864e-02
1.612000e+03	9.500000e+01	0.000000e+00	1	1.029864e-02
1.621000e+03	9.200000e+01	0.000000e+00	1	1.029864e-02
1.428000e+03	3.840000e+02	0.000000e+00	1	9.519104e-03
1.427000e+03	3.900000e+02	0.000000e+00	1	9.519104e-03
1.577000e+03	1.290000e+02	0.000000e+00	1	9.090909e-03
1.625000e+03	9.100000e+01	0.000000e+00	1	9.090909e-03
1.426000e+03	4.020000e+02	0.000000e+00	1	8.454106e-03
1.497000e+03	2.160000e+02	0.000000e+00	1	8.311375e-03
1.413000e+03	4.850000e+02	0.000000e+00	1	8.311375e-03
1.543000e+03	1.480000e+02	0.000000e+00	1	8.025911e-03
1.572000e+03	1.310000e+02	0.000000e+00	1	8.025911e-03
1.606000e+03	9.900000e+01	0.000000e+00	1	8.025911e-03
1.606000e+03	9.900000e+01	0.000000e+00	1	8.025911e-03
1.569000e+03	1.320000e+02	0.000000e+00	1	8.025911e-03
1.546000e+03	1.470000e+02	0.000000e+00	1	8.025911e-03
1.499000e+03	2.080000e+02	0.000000e+00	1	7.103645e-03
1.445000e+03	3.200000e+02	0.000000e+00	1	7.103645e-03
1.444000e+03	3.240000e+02	0.000000e+00	1	7.103645e-03
1.408000e+03	4.970000e+02	0.000000e+00	1	7.103645e-03
1.592000e+03	1.100000e+02	0.000000e+00	1	6.960913e-03
1.413000e+03	4.850000e+02	0.000000e+00	1	6.960913e-03
1.555000e+03	1.430000e+02	0.000000e+00	1	6.960913e-03
1.509000e+03	1.930000e+02	0.000000e+00	1	6.960913e-03
1.520000e+03	1.770000e+02	0.000000e+00	1	6.960913e-03
1.505000e+03	1.990000e+02	0.000000e+00	1	6.960913e-03
1.503000e+03	2.010000e+02	0.000000e+00	1	6.960913e-03
1.518000e+03	1.790000e+02	0.000000e+00	1	6.960913e-03
1.594000e+03	1.080000e+02	0.000000e+00	1	6.960913e-03
1.603000e+03	1.000000e+02	0.000000e+00	1	6.818182e-03
1.609000e+03	9.800000e+01	0.000000e+00	1	6.818182e-03
1.496000e+03	2.210000e+02	0.000000e+00	1	6.038647e-03
1.407000e+03	4.990000e+02	0.000000e+00	1	6.038647e-03
1.406000e+03	5.040000e+02	0.000000e+00	1	6.038647e-03
1.514000e+03	1.850000e+02	0.000000e+00	1	6.038647e-03
1.431000e+03	3.600000e+02	0.000000e+00	1	5.895916e-03
1.496000e+03	2.210000e+02	0.000000e+00	1	5.895916e-03
1.434000e+03	3.520000e+02	0.000000e+00	1	5.895916e-03
1.500000e+03	2.070000e+02	0.000000e+00	1	5.895916e-03
1.438000e+03	3.420000e+02	0.000000e+00	1	5.895916e-03
1.522000e+03	1.740000e+02	0.000000e+00	1	5.895916e-03
1.424000e+03	4.110000e+02	0.000000e+00	1	5.895916e-03
1.423000e+03	4.140000e+02	0.000000e+00	1	5.895916e-03
1.432000e+03	3.570000e+02	0.000000e+00	1	5.895916e-03
1.445000e+03	3.200000e+02	0.000000e+00	1	5.895916e-03
1.495000e+03	2.240000e+02	0.000000e+00	1	5.895916e-03
1.435000e+03	3.490000e+02	0.000000e+00	1	5.895916e-03
1.436000e+03	3.470000e+02	0.000000e+00	1	5.895916e-03
1.586000e+03	1.190000e+02	0.000000e+00	1	5.753184e-03
1.563000e+03	1.370000e+02	0.000000e+00	1	5.753184e-03
1.561000e+03	1.390000e+02	0.000000e+00	1	5.753184e-03
1.533000e+03	1.570000e+02	0.000000e+00	1	5.753184e-03
1.601000e+03	1.020000e+02	0.000000e+00	1	5.753184e-03
1.599000e+03	1.030000e+02	0.000000e+00	1	5.753184e-03
1.557000e+03	1.420000e+02	0.000000e+00	1	5.753184e-03
1.559000e+03	1.400000e+02	0.000000e+00	1	5.753184e-03
1.565000e+03	1.350000e+02	0.000000e+00	1	5.753184e-03
1.535000e+03	1.550000e+02	0.000000e+00	1	5.753184e-03
1.493000e+03	2.290000e+02	0.000000e+00	1	4.830918e-03
1.497000e+03	2.160000e+02	0.000000e+00	1	4.830918e-03
1.494000e+03	2.250000e+02	0.000000e+00	1	4.830918e-03
1.498000e+03	2.120000e+02	0.000000e+00	1	4.830918e-03
1.498000e+03	2.120000e+02	0.000000e+00	1	4.830918e-03
1.409000e+03	4.930000e+02	0.000000e+00	1	4.830918e-03
1.419000e+03	4.730000e+02	0.000000e+00	1	4.688186e-03
1.502000e+03	2.030000e+02	0.000000e+00	1	4.688186e-03
1.410000e+03	4.910000e+02	0.000000e+00	1	4.688186e-03
1.525000e+03	1.680000e+02	0.000000e+00	1	4.688186e-03
1.429000e+03	3.810000e+02	0.000000e+00	1	4.688186e-03
1.408000e+03	4.970000e+02	0.000000e+00	1	4.688186e-03
1.412000e+03	4.870000e+02	0.000000e+00	1	4.688186e-03
1.442000e+03	3.270000e+02	0.000000e+00	1	4.688186e-03
1.589000e+03	1.150000e+02	0.000000e+00	1	4.688186e-03
1.524000e+03	1.690000e+02	0.000000e+00	1	4.688186e-03
1.588000e+03	1.170000e+02	0.000000e+00	1	4.688186e-03
1.416000e+03	4.780000e+02	0.000000e+00	1	4.688186e-03
1.465000e+03	2.820000e+02	0.000000e+00	1	4.688186e-03
1.453000e+03	2.990000e+02	0.000000e+00	1	4.688186e-03
1.456000e+03	2.940000e+02	0.000000e+00	1	4.688186e-03
1.563000e+03	1.370000e+02	0.000000e+00	1	4.688186e-03
1.523000e+03	1.710000e+02	0.000000e+00	1	4.688186e-03
1.592000e+03	1.100000e+02	0.000000e+00	1	4.688186e-03
1.526000e+03	1.660000e+02	0.000000e+00	1	4.688186e-03
1.461000e+03	2.880000e+02	0.000000e+00	1	4.688186e-03
1.590000e+03	1.130000e+02	0.000000e+00	1	4.688186e-03
1.452000e+03	3.010000e+02	0.000000e+00	1	4.688186e-03
1.462000e+03	2.860000e+02	0.000000e+00	1	4.688186e-03
1.473000e+03	2.700000e+02	0.000000e+00	1	4.688186e-03
1.433000e+03	3.540000e+02	0.000000e+00	1	4.688186e-03
1.411000e+03	4.890000e+02	0.000000e+00	1	4.688186e-03
1.506000e+03	1.970000e+02	0.000000e+00	1	4.688186e-03
1.451000e+03	3.020000e+02	0.000000e+00	1	4.688186e-03
1.578000e+03	1.270000e+02	0.000000e+00	1	4.688186e-03
1.517000e+03	1.810000e+02	0.000000e+00	1	4.688186e-03
1.450000e+03	3.040000e+02	0.000000e+00	1	4.688186e-03
1.472000e+03	2.720000e+02	0.000000e+00	1	4.688186e-03
1.435000e+03	3.490000e+02	0.000000e+00	1	4.688186e-03
1.580000e+03	1.250000e+02	0.000000e+00	1	4.688186e-03
1.530000e+03	1.600000e+02	0.000000e+00	1	4.688186e-03
1.434000e+03	3.520000e+02	0.000000e+00	1	4.688186e-03
1.430000e+03	3.790000e+02	0.000000e+00	1	4.688186e-03
1.438000e+03	3.420000e+02	0.000000e+00	1	4.688186e-03
1.589000e+03	1.150000e+02	0.000000e+00	1	4.688186e-03
1.411000e+03	4.890000e+02	0.000000e+00	1	4.688186e-03
1.407000e+03	4.990000e+02	0.000000e+00	1	4.688186e-03
1.467000e+03	2.790000e+02	0.000000e+00	1	4.688186e-03
1.418000e+03	4.740000e+02	0.000000e+00	1	4.688186e-03
1.484000e+03	2.580000e+02	0.000000e+00	1	4.688186e-03
1.528000e+03	1.630000e+02	0.000000e+00	1	4.688186e-03
1.516000e+03	1.820000e+02	0.000000e+00	1	4.688186e-03
1.409000e+03	4.930000e+02	0.000000e+00	1	4.688186e-03
1.577000e+03	1.290000e+02	0.000000e+00	1	4.688186e-03
1.437000e+03	3.440000e+02	0.000000e+00	1	4.688186e-03
1.507000e+03	1.950000e+02	0.000000e+00	1	4.688186e-03
1.468000e+03	2.770000e+02	0.000000e+00	1	4.688186e-03
1.410000e+03	4.910000e+02	0.000000e+00	1	4.688186e-03
1.506000e+03	1.970000e+02	0.000000e+00	1	4.688186e-03
1.581000e+03	1.230000e+02	0.000000e+00	1	4.688186e-03
1.446000e+03	3.170000e+02	0.000000e+00	1	4.688186e-03
1.416000e+03	4.780000e+02	0.000000e+00	1	4.688186e-03
1.465000e+03	2.820000e+02	0.000000e+00	1	4.688186e-03
1.471000e+03	2.730000e+02	0.000000e+00	1	4.688186e-03
1.511000e+03	1.910000e+02	0.000000e+00	1	4.545455e-03
1.565000e+03	1.350000e+02	0.000000e+00	1	4.545455e-03
1.537000e+03	1.540000e+02	0.000000e+00	1	4.545455e-03
1.584000e+03	1.200000e+02	0.000000e+00	1	4.545455e-03
1.511000e+03	1.910000e+02	0.000000e+00	1	4.545455e-03
1.509000e+03	1.930000e+02	0.000000e+00	1	4.545455e-03
1.507000e+03	1.950000e+02	0.000000e+00	1	4.545455e-03
1.535000e+03	1.550000e+02	0.000000e+00	1	4.545455e-03
1.567000e+03	1.340000e+02	0.000000e+00	1	4.545455e-03
1.523000e+03	1.710000e+02	0.000000e+00	1	3.623188e-03
1.448000e+03	3.140000e+02	0.000000e+00	1	3.623188e-03
1.429000e+03	3.810000e+02	0.000000e+00	1	3.623188e-03
1.437000e+03	3.440000e+02	0.000000e+00	1	3.623188e-03
1.439000e+03	3.390000e+02	0.000000e+00	1	3.623188e-03
1.449000e+03	3.110000e+02	0.000000e+00	1	3.623188e-03
1.428000e+03	3.840000e+02	0.000000e+00	1	3.623188e-03
1.446000e+03	3.170000e+02	0.000000e+00	1	3.623188e-03
1.432000e+03	3.570000e+02	0.000000e+00	1	3.623188e-03
1.501000e+03	2.040000e+02	0.000000e+00	1	3.623188e-03
1.433000e+03	3.540000e+02	0.000000e+00	1	3.623188e-03
1.517000e+03	1.810000e+02	0.000000e+00	1	3.480457e-03
1.486000e+03	2.560000e+02	0.000000e+00	1	3.480457e-03
1.612000e+03	9.500000e+01	0.000000e+00	1	3.480457e-03
1.477000e+03	2.660000e+02	0.000000e+00	1	3.480457e-03
1.579000e+03	1.260000e+02	0.000000e+00	1	3.480457e-03
1.481000e+03	2.620000e+02	0.000000e+00	1	3.480457e-03
1.444000e+03	3.240000e+02	0.000000e+00	1	3.480457e-03
1.473000e+03	2.700000e+02	0.000000e+00	1	3.480457e-03
1.558000e+03	1.410000e+02	0.000000e+00	1	3.480457e-03
1.540000e+03	1.510000e+02	0.000000e+00	1	3.480457e-03
1.569000e+03	1.320000e+02	0.000000e+00	1	3.480457e-03
1.597000e+03	1.050000e+02	0.000000e+00	1	3.480457e-03
1.490000e+03	2.520000e+02	0.000000e+00	1	3.480457e-03
1.491000e+03	2.510000e+02	0.000000e+00	1	3.480457e-03
1.581000e+03	1.230000e+02	0.000000e+00	1	3.480457e-03
1.514000e+03	1.850000e+02	0.000000e+00	1	3.480457e-03
1.482000e+03	2.610000e+02	0.000000e+00	1	3.480457e-03
1.420000e+03	4.710000e+02	0.000000e+00	1	3.480457e-03
1.461000e+03	2.880000e+02	0.000000e+00	1	3.480457e-03
1.596000e+03	1.060000e+02	0.000000e+00	1	3.480457e-03
1.529000e+03	1.620000e+02	0.000000e+00	1	3.480457e-03
1.451000e+03	3.020000e+02	0.000000e+00	1	3.480457e-03
1.480000e+03	2.630000e+02	0.000000e+00	1	3.480457e-03
1.421000e+03	4.700000e+02	0.000000e+00	1	3.480457e-03
1.580000e+03	1.250000e+02	0.000000e+00	1	3.480457e-03
1.467000e+03	2.790000e+02	0.000000e+00	1	3.480457e-03
1.524000e+03	1.690000e+02	0.000000e+00	1	3.480457e-03
1.602000e+03	1.010000e+02	0.000000e+00	1	3.480457e-03
1.492000e+03	2.500000e+02	0.000000e+00	1	3.480457e-03
1.528000e+03	1.630000e+02	0.000000e+00	1	3.480457e-03
1.464000e+03	2.840000e+02	0.000000e+00	1	3.480457e-03
1.559000e+03	1.400000e+02	0.000000e+00	1	3.480457e-03
1.474000e+03	2.690000e+02	0.000000e+00	1	3.480457e-03
1.588000e+03	1.170000e+02	0.000000e+00	1	3.480457e-03
1.527000e+03	1.650000e+02	0.000000e+00	1	3.480457e-03
1.603000e+03	1.000000e+02	0.000000e+00	1	3.480457e-03
1.490000e+03	2.520000e+02	0.000000e+00	1	3.480457e-03
1.476000e+03	2.670000e+02	0.000000e+00	1	3.480457e-03
1.501000e+03	2.040000e+02	0.000000e+00	1	3.480457e-03
1.479000e+03	2.640000e+02	0.000000e+00	1	3.480457e-03
1.443000e+03	3.250000e+02	0.000000e+00	1	3.480457e-03
1.448000e+03	3.140000e+02	0.000000e+00	1	3.480457e-03
1.472000e+03	2.720000e+02	0.000000e+00	1	3.480457e-03
1.584000e+03	1.200000e+02	0.000000e+00	1	3.480457e-03
1.532000e+03	1.580000e+02	0.000000e+00	1	3.480457e-03
1.526000e+03	1.660000e+02	0.000000e+00	1	3.480457e-03
1.481000e+03	2.620000e+02	0.000000e+00	1	3.480457e-03
1.542000e+03	1.490000e+02	0.000000e+00	1	3.480457e-03
1.586000e+03	1.190000e+02	0.000000e+00	1	3.480457e-03
1.547000e+03	1.460000e+02	0.000000e+00	1	3.480457e-03
1.452000e+03	3.010000e+02	0.000000e+00	1	3.480457e-03
1.477000e+03	2.660000e+02	0.000000e+00	1	3.480457e-03
1.568000e+03	1.330000e+02	0.000000e+00	1	3.480457e-03
1.476000e+03	2.670000e+02	0.000000e+00	1	3.480457e-03
1.456000e+03	2.940000e+02	0.000000e+00	1	3.480457e-03
1.439000e+03	3.390000e+02	0.000000e+00	1	3.480457e-03
1.485000e+03	2.570000e+02	0.000000e+00	1	3.480457e-03
1.602000e+03	1.010000e+02	0.000000e+00	1	3.480457e-03
1.537000e+03	1.540000e+02	0.000000e+00	1	3.480457e-03
1.561000e+03	1.390000e+02	0.000000e+00	1	3.480457e-03
1.587000e+03	1.180000e+02	0.000000e+00	1	3.480457e-03
1.495000e+03	2.240000e+02	0.000000e+00	1	3.480457e-03
1.532000e+03	1.580000e+02	0.000000e+00	1	3.480457e-03
1.625000e+03	9.100000e+01	0.000000e+00	1	3.480457e-03
1.459000e+03	2.910000e+02	0.000000e+00	1	3.480457e-03
1.573000e+03	1.300000e+02	0.000000e+00	1	3.480457e-03
1.488000e+03	2.540000e+02	0.000000e+00	1	3.480457e-03
1.469000e+03	2.760000e+02	0.000000e+00	1	3.480457e-03
1.567000e+03	1.340000e+02	0.000000e+00	1	3.480457e-03
1.515000e+03	1.840000e+02	0.000000e+00	1	3.480457e-03
1.483000e+03	2.600000e+02	0.000000e+00	1	3.480457e-03
1.486000e+03	2.560000e+02	0.000000e+00	1	3.480457e-03
1.419000e+03	4.730000e+02	0.000000e+00	1	3.480457e-03
1.491000e+03	2.510000e+02	0.000000e+00	1	3.480457e-03
1.480000e+03	2.630000e+02	0.000000e+00	1	3.480457e-03
1.447000e+03	3.150000e+02	0.000000e+00	1	3.480457e-03
1.583000e+03	1.210000e+02	0.000000e+00	1	3.480457e-03
1.610000e+03	9.700000e+01	0.000000e+00	1	3.480457e-03
1.475000e+03	2.680000e+02	0.000000e+00	1	3.480457e-03
1.470000e+03	2.750000e+02	0.000000e+00	1	3.480457e-03
1.609000e+03	9.800000e+01	0.000000e+00	1	3.480457e-03
1.525000e+03	1.680000e+02	0.000000e+00	1	3.480457e-03
1.596000e+03	1.060000e+02	0.000000e+00	1	3.480457e-03
1.546000e+03	1.470000e+02	0.000000e+00	1	3.480457e-03
1.616000e+03	9.400000e+01	0.000000e+00	1	3.480457e-03
1.541000e+03	1.500000e+02	0.000000e+00	1	3.480457e-03
1.454000e+03	2.970000e+02	0.000000e+00	1	3.480457e-03
1.538000e+03	1.530000e+02	0.000000e+00	1	3.480457e-03
1.595000e+03	1.070000e+02	0.000000e+00	1	3.480457e-03
1.489000e+03	2.530000e+02	0.000000e+00	1	3.480457e-03
1.478000e+03	2.650000e+02	0.000000e+00	1	3.480457e-03
1.442000e+03	3.270000e+02	0.000000e+00	1	3.480457e-03
1.531000e+03	1.590000e+02	0.000000e+00	1	3.480457e-03
1.597000e+03	1.050000e+02	0.000000e+00	1	3.480457e-03
1.469000e+03	2.760000e+02	0.000000e+00	1	3.480457e-03
1.539000e+03	1.520000e+02	0.000000e+00	1	3.480457e-03
1.502000e+03	2.030000e+02	0.000000e+00	1	3.480457e-03
1.487000e+03	2.550000e+02	0.000000e+00	1	3.480457e-03
1.611000e+03	9.600000e+01	0.000000e+00	1	3.480457e-03
1.591000e+03	1.120000e+02	0.000000e+00	1	3.480457e-03
1.539000e+03	1.520000e+02	0.000000e+00	1	3.480457e-03
1.595000e+03	1.070000e+02	0.000000e+00	1	3.480457e-03
1.598000e+03	1.040000e+02	0.000000e+00	1	3.480457e-03
1.558000e+03	1.410000e+02	0.000000e+00	1	3.480457e-03
1.601000e+03	1.020000e+02	0.000000e+00	1	3.480457e-03
1.455000e+03	2.960000e+02	0.000000e+00	1	3.480457e-03
1.471000e+03	2.730000e+02	0.000000e+00	1	3.480457e-03
1.422000e+03	4.690000e+02	0.000000e+00	1	3.480457e-03
1.494000e+03	2.250000e+02	0.000000e+00	1	3.480457e-03
1.562000e+03	1.380000e+02	0.000000e+00	1	3.480457e-03
1.531000e+03	1.590000e+02	0.000000e+00	1	3.480457e-03
1.610000e+03	9.700000e+01	0.000000e+00	1	3.480457e-03
1.557000e+03	1.420000e+02	0.000000e+00	1	3.480457e-03
1.441000e+03	3.280000e+02	0.000000e+00	1	3.480457e-03
1.542000e+03	1.490000e+02	0.000000e+00	1	3.480457e-03
1.515000e+03	1.840000e+02	0.000000e+00	1	2.415459e-03
1.518000e+03	1.790000e+02	0.000000e+00	1	2.415459e-03
1.420000e+03	4.710000e+02	0.000000e+00	1	2.415459e-03
1.507000e+03	1.950000e+02	0.000000e+00	1	2.415459e-03
1.443000e+03	3.250000e+02	0.000000e+00	1	2.415459e-03
1.535000e+03	1.550000e+02	0.000000e+00	1	2.415459e-03
1.417000e+03	4.760000e+02	0.000000e+00	1	2.415459e-03
1.412000e+03	4.870000e+02	0.000000e+00	1	2.415459e-03
1.527000e+03	1.650000e+02	0.000000e+00	1	2.415459e-03
1.533000e+03	1.570000e+02	0.000000e+00	1	2.415459e-03
1.454000e+03	2.970000e+02	0.000000e+00	1	2.415459e-03
1.565000e+03	1.350000e+02	0.000000e+00	1	2.415459e-03
1.503000e+03	2.010000e+02	0.000000e+00	1	2.415459e-03
1.521000e+03	1.760000e+02	0.000000e+00	1	2.415459e-03
1.591000e+03	1.120000e+02	0.000000e+00	1	2.415459e-03
1.425000e+03	4.090000e+02	0.000000e+00	1	2.415459e-03
1.447000e+03	3.150000e+02	0.000000e+00	1	2.415459e-03
1.505000e+03	1.990000e+02	0.000000e+00	1	2.415459e-03
1.464000e+03	2.840000e+02	0.000000e+00	1	2.415459e-03
1.483000e+03	2.600000e+02	0.000000e+00	1	2.415459e-03
1.511000e+03	1.910000e+02	0.000000e+00	1	2.415459e-03
1.460000e+03	2.890000e+02	0.000000e+00	1	2.415459e-03
1.459000e+03	2.910000e+02	0.000000e+00	1	2.415459e-03
1.424000e+03	4.110000e+02	0.000000e+00	1	2.415459e-03
1.522000e+03	1.740000e+02	0.000000e+00	1	2.415459e-03
1.509000e+03	1.930000e+02	0.000000e+00	1	2.415459e-03
1.529000e+03	1.620000e+02	0.000000e+00	1	2.415459e-03
1.436000e+03	3.470000e+02	0.000000e+00	1	2.415459e-03
1.417000e+03	4.760000e+02	0.000000e+00	1	2.415459e-03
1.415000e+03	4.800000e+02	0.000000e+00	1	2.415459e-03
1.453000e+03	2.990000e+02	0.000000e+00	1	2.415459e-03
1.466000e+03	2.800000e+02	0.000000e+00	1	2.415459e-03
1.455000e+03	2.960000e+02	0.000000e+00	1	2.415459e-03
1.470000e+03	2.750000e+02	0.000000e+00	1	2.415459e-03
1.594000e+03	1.080000e+02	0.000000e+00	1	2.272727e-03
1.582000e+03	1.220000e+02	0.000000e+00	1	2.272727e-03
1.468000e+03	2.770000e+02	0.000000e+00	1	2.272727e-03
1.478000e+03	2.650000e+02	0.000000e+00	1	2.272727e-03
1.493000e+03	2.290000e+02	0.000000e+00	1	2.272727e-03
1.541000e+03	1.500000e+02	0.000000e+00	1	2.272727e-03
1.458000e+03	2.920000e+02	0.000000e+00	1	2.272727e-03
1.406000e+03	5.040000e+02	0.000000e+00	1	2.272727e-03
1.496000e+03	2.210000e+02	0.000000e+00	1	2.272727e-03
1.446000e+03	3.170000e+02	0.000000e+00	1	2.272727e-03
1.415000e+03	4.800000e+02	0.000000e+00	1	2.272727e-03
1.485000e+03	2.570000e+02	0.000000e+00	1	2.272727e-03
1.562000e+03	1.380000e+02	0.000000e+00	1	2.272727e-03
1.548000e+03	1.450000e+02	0.000000e+00	1	2.272727e-03
1.459000e+03	2.910000e+02	0.000000e+00	1	2.272727e-03
1.499000e+03	2.080000e+02	0.000000e+00	1	2.272727e-03
1.489000e+03	2.530000e+02	0.000000e+00	1	2.272727e-03
1.430000e+03	3.790000e+02	0.000000e+00	1	2.272727e-03
1.426000e+03	4.020000e+02	0.000000e+00	1	2.272727e-03
1.458000e+03	2.920000e+02	0.000000e+00	1	2.272727e-03
1.474000e+03	2.690000e+02	0.000000e+00	1	2.272727e-03
1.462000e+03	2.860000e+02	0.000000e+00	1	2.272727e-03
1.470000e+03	2.750000e+02	0.000000e+00	1	2.272727e-03
1.513000e+03	1.900000e+02	0.000000e+00	1	2.272727e-03
1.523000e+03	1.710000e+02	0.000000e+00	1	2.272727e-03
1.460000e+03	2.890000e+02	0.000000e+00	1	2.272727e-03
1.425000e+03	4.090000e+02	0.000000e+00	1	2.272727e-03
1.617000e+03	9.300000e+01	0.000000e+00	1	2.272727e-03
1.409000e+03	4.930000e+02	0.000000e+00	1	2.272727e-03
1.428000e+03	3.840000e+02	0.000000e+00	1	2.272727e-03
1.417000e+03	4.760000e+02	0.000000e+00	1	2.272727e-03
1.583000e+03	1.210000e+02	0.000000e+00	1	2.272727e-03
1.422000e+03	4.690000e+02	0.000000e+00	1	2.272727e-03
1.448000e+03	3.140000e+02	0.000000e+00	1	2.272727e-03
1.457000e+03	2.930000e+02	0.000000e+00	1	2.272727e-03
1.518000e+03	1.790000e+02	0.000000e+00	1	2.272727e-03
1.432000e+03	3.570000e+02	0.000000e+00	1	2.272727e-03
1.440000e+03	3.380000e+02	0.000000e+00	1	2.272727e-03
1.538000e+03	1.530000e+02	0.000000e+00	1	2.272727e-03
1.433000e+03	3.540000e+02	0.000000e+00	1	2.272727e-03
1.436000e+03	3.470000e+02	0.000000e+00	1	2.272727e-03
1.457000e+03	2.930000e+02	0.000000e+00	1	2.272727e-03
1.516000e+03	1.820000e+02	0.000000e+00	1	2.272727e-03
1.500000e+03	2.070000e+02	0.000000e+00	1	2.272727e-03
1.488000e+03	2.540000e+02	0.000000e+00	1	2.272727e-03
1.498000e+03	2.120000e+02	0.000000e+00	1	2.272727e-03
1.464000e+03	2.840000e+02	0.000000e+00	1	2.272727e-03
1.420000e+03	4.710000e+02	0.000000e+00	1	2.272727e-03
1.431000e+03	3.600000e+02	0.000000e+00	1	2.272727e-03
1.587000e+03	1.180000e+02	0.000000e+00	1	2.272727e-03
1.466000e+03	2.800000e+02	0.000000e+00	1	2.272727e-03
1.578000e+03	1.270000e+02	0.000000e+00	1	2.272727e-03
1.449000e+03	3.110000e+02	0.000000e+00	1	2.272727e-03
1.522000e+03	1.740000e+02	0.000000e+00	1	2.272727e-03
1.443000e+03	3.250000e+02	0.000000e+00	1	2.272727e-03
1.426000e+03	4.020000e+02	0.000000e+00	1	2.272727e-03
1.543000e+03	1.480000e+02	0.000000e+00	1	2.272727e-03
1.598000e+03	1.040000e+02	0.000000e+00	1	2.272727e-03
1.412000e+03	4.870000e+02	0.000000e+00	1	2.272727e-03
1.521000e+03	1.760000e+02	0.000000e+00	1	2.272727e-03
1.590000e+03	1.130000e+02	0.000000e+00	1	2.272727e-03
1.417000e+03	4.760000e+02	0.000000e+00	1	2.272727e-03
1.497000e+03	2.160000e+02	0.000000e+00	1	2.272727e-03
1.529000e+03	1.620000e+02	0.000000e+00	1	2.272727e-03
1.547000e+03	1.460000e+02	0.000000e+00	1	2.272727e-03
1.437000e+03	3.440000e+02	0.000000e+00	1	2.272727e-03
1.418000e+03	4.740000e+02	0.000000e+00	1	2.272727e-03
1.591000e+03	1.120000e+02	0.000000e+00	1	2.272727e-03
1.540000e+03	1.510000e+02	0.000000e+00	1	2.272727e-03
1.501000e+03	2.040000e+02	0.000000e+00	1	2.272727e-03
1.454000e+03	2.970000e+02	0.000000e+00	1	2.272727e-03
1.520000e+03	1.770000e+02	0.000000e+00	1	2.272727e-03
1.487000e+03	2.550000e+02	0.000000e+00	1	2.272727e-03
1.463000e+03	2.850000e+02	0.000000e+00	1	2.272727e-03
1.453000e+03	2.990000e+02	0.000000e+00	1	2.272727e-03
1.582000e+03	1.220000e+02	0.000000e+00	1	2.272727e-03
1.479000e+03	2.640000e+02	0.000000e+00	1	2.272727e-03
1.466000e+03	2.800000e+02	0.000000e+00	1	2.272727e-03
1.568000e+03	1.330000e+02	0.000000e+00	1	2.272727e-03
1.483000e+03	2.600000e+02	0.000000e+00	1	2.272727e-03
1.505000e+03	1.990000e+02	0.000000e+00	1	2.272727e-03
1.494000e+03	2.250000e+02	0.000000e+00	1	2.272727e-03
1.482000e+03	2.610000e+02	0.000000e+00	1	2.272727e-03
1.429000e+03	3.810000e+02	0.000000e+00	1	2.272727e-03
1.530000e+03	1.600000e+02	0.000000e+00	1	2.272727e-03
1.424000e+03	4.110000e+02	0.000000e+00	1	2.272727e-03
1.572000e+03	1.310000e+02	0.000000e+00	1	2.272727e-03
1.515000e+03	1.840000e+02	0.000000e+00	1	2.272727e-03
1.533000e+03	1.570000e+02	0.000000e+00	1	2.272727e-03
1.447000e+03	3.150000e+02	0.000000e+00	1	2.272727e-03
1.521000e+03	1.760000e+02	0.000000e+00	1	2.272727e-03
1.460000e+03	2.890000e+02	0.000000e+00	1	2.272727e-03
1.493000e+03	2.290000e+02	0.000000e+00	1	2.272727e-03
1.503000e+03	2.010000e+02	0.000000e+00	1	2.272727e-03
1.407000e+03	4.990000e+02	0.000000e+00	1	2.272727e-03
1.421000e+03	4.700000e+02	0.000000e+00	1	2.272727e-03
1.484000e+03	2.580000e+02	0.000000e+00	1	2.272727e-03
1.514000e+03	1.850000e+02	0.000000e+00	1	2.272727e-03
1.599000e+03	1.030000e+02	0.000000e+00	1	2.272727e-03
1.579000e+03	1.260000e+02	0.000000e+00	1	2.272727e-03
1.475000e+03	2.680000e+02	0.000000e+00	1	2.272727e-03
1.498000e+03	2.120000e+02	0.000000e+00	1	2.272727e-03
1.455000e+03	2.960000e+02	0.000000e+00	1	2.272727e-03
1.463000e+03	2.850000e+02	0.000000e+00	1	2.272727e-03
1.439000e+03	3.390000e+02	0.000000e+00	1	2.272727e-03
1.527000e+03	1.650000e+02	0.000000e+00	1	2.272727e-03
1.611000e+03	9.600000e+01	0.000000e+00	1	2.272727e-03
1.555000e+03	1.430000e+02	0.000000e+00	1	1.207729e-03
1.583000e+03	1.210000e+02	0.000000e+00	1	1.207729e-03
1.489000e+03	2.530000e+02	0.000000e+00	1	1.207729e-03
1.499000e+03	2.080000e+02	0.000000e+00	1	1.207729e-03
1.513000e+03	1.900000e+02	0.000000e+00	1	1.207729e-03
1.590000e+03	1.130000e+02	0.000000e+00	1	1.207729e-03
1.475000e+03	2.680000e+02	0.000000e+00	1	1.207729e-03
1.548000e+03	1.450000e+02	0.000000e+00	1	1.207729e-03
1.440000e+03	3.380000e+02	0.000000e+00	1	1.207729e-03
1.463000e+03	2.850000e+02	0.000000e+00	1	1.207729e-03
1.487000e+03	2.550000e+02	0.000000e+00	1	1.207729e-03
1.460000e+03	2.890000e+02	0.000000e+00	1	1.207729e-03
1.594000e+03	1.080000e+02	0.000000e+00	1	1.207729e-03
1.577000e+03	1.290000e+02	0.000000e+00	1	1.207729e-03
1.474000e+03	2.690000e+02	0.000000e+00	1	1.207729e-03
1.458000e+03	2.920000e+02	0.000000e+00	1	1.207729e-03
1.468000e+03	2.770000e+02	0.000000e+00	1	1.207729e-03
1.418000e+03	4.740000e+02	0.000000e+00	1	1.207729e-03
1.511000e+03	1.910000e+02	0.000000e+00	1	1.207729e-03
1.603000e+03	1.000000e+02	0.000000e+00	1	1.207729e-03
1.500000e+03	2.070000e+02	0.000000e+00	1	1.207729e-03
1.466000e+03	2.800000e+02	0.000000e+00	1	1.207729e-03
1.479000e+03	2.640000e+02	0.000000e+00	1	1.207729e-03
1.458000e+03	2.920000e+02	0.000000e+00	1	1.207729e-03
1.463000e+03	2.850000e+02	0.000000e+00	1	1.207729e-03
1.421000e+03	4.700000e+02	0.000000e+00	1	1.207729e-03
1.568000e+03	1.330000e+02	0.000000e+00	1	1.207729e-03
1.617000e+03	9.300000e+01	0.000000e+00	1	1.207729e-03
1.516000e+03	1.820000e+02	0.000000e+00	1	1.207729e-03
1.572000e+03	1.310000e+02	0.000000e+00	1	1.207729e-03
1.625000e+03	9.100000e+01	0.000000e+00	1	1.207729e-03
1.587000e+03	1.180000e+02	0.000000e+00	1	1.207729e-03
1.579000e+03	1.260000e+02	0.000000e+00	1	1.207729e-03
1.482000e+03	2.610000e+02	0.000000e+00	1	1.207729e-03
1.626000e+03	9.000000e+01	0.000000e+00	1	1.207729e-03
1.582000e+03	1.220000e+02	0.000000e+00	1	1.207729e-03
1.547000e+03	1.460000e+02	0.000000e+00	1	1.207729e-03
1.484000e+03	2.580000e+02	0.000000e+00	1	1.207729e-03
1.520000e+03	1.770000e+02	0.000000e+00	1	1.207729e-03
1.540000e+03	1.510000e+02	0.000000e+00	1	1.207729e-03
1.537000e+03	1.540000e+02	0.000000e+00	1	1.207729e-03
1.521000e+03	1.760000e+02	0.000000e+00	1	1.207729e-03
1.478000e+03	2.650000e+02	0.000000e+00	1	1.207729e-03
1.584000e+03	1.200000e+02	0.000000e+00	1	1.207729e-03
1.609000e+03	9.800000e+01	0.000000e+00	1	1.207729e-03
1.543000e+03	1.480000e+02	0.000000e+00	1	1.207729e-03
1.541000e+03	1.500000e+02	0.000000e+00	1	1.207729e-03
1.485000e+03	2.570000e+02	0.000000e+00	1	1.207729e-03
1.611000e+03	9.600000e+01	0.000000e+00	1	1.207729e-03
1.457000e+03	2.930000e+02	0.000000e+00	1	1.207729e-03
1.538000e+03	1.530000e+02	0.000000e+00	1	1.207729e-03
1.578000e+03	1.270000e+02	0.000000e+00	1	1.207729e-03
1.488000e+03	2.540000e+02	0.000000e+00	1	1.207729e-03
1.562000e+03	1.380000e+02	0.000000e+00	1	1.207729e-03
1.598000e+03	1.040000e+02	0.000000e+00	1	1.207729e-03
1.530000e+03	1.600000e+02	0.000000e+00	1	1.207729e-03
1.599000e+03	1.030000e+02	0.000000e+00	1	1.207729e-03
1.462000e+03	2.860000e+02	0.000000e+00	1	1.207729e-03
1.567000e+03	1.340000e+02	0.000000e+00	1	1.207729e-03
1.457000e+03	2.930000e+02	0.000000e+00	1	1.207729e-03
1.582000e+03	1.220000e+02	0.000000e+00	1	1.207729e-03
1.581000e+03	1.230000e+02	0.000000e+00	1	0.000000e+00
1.423000e+03	4.140000e+02	0.000000e+00	1	0.000000e+00
1.502000e+03	2.030000e+02	0.000000e+00	1	0.000000e+00
1.470000e+03	2.750000e+02	0.000000e+00	1	0.000000e+00
1.606000e+03	9.900000e+01	0.000000e+00	1	0.000000e+00
1.509000e+03	1.930000e+02	0.000000e+00	1	0.000000e+00
1.513000e+03	1.900000e+02	0.000000e+00	1	0.000000e+00
1.567000e+03	1.340000e+02	0.000000e+00	1	0.000000e+00
1.492000e+03	2.500000e+02	0.000000e+00	1	0.000000e+00
1.435000e+03	3.490000e+02	0.000000e+00	1	0.000000e+00
1.437000e+03	3.440000e+02	0.000000e+00	1	0.000000e+00
1.443000e+03	3.250000e+02	0.000000e+00	1	0.000000e+00
1.459000e+03	2.910000e+02	0.000000e+00	1	0.000000e+00
1.528000e+03	1.630000e+02	0.000000e+00	1	0.000000e+00
1.548000e+03	1.450000e+02	0.000000e+00	1	0.000000e+00
1.503000e+03	2.010000e+02	0.000000e+00	1	0.000000e+00
1.599000e+03	1.030000e+02	0.000000e+00	1	0.000000e+00
1.562000e+03	1.380000e+02	0.000000e+00	1	0.000000e+00
1.523000e+03	1.710000e+02	0.000000e+00	1	0.000000e+00
Total execution time: 388698.947
