# This file contains the data of final feasible population (if found)
# of objectives = 2, # of constraints = 0, # of real_var = 0, # of bits of bin_var = 0, constr_violation, rank, crowding_distance
1.728000e+03	1.200000e+02	0.000000e+00	1	1.000000e+14
1.471000e+03	4.810000e+02	0.000000e+00	1	1.000000e+14
1.686000e+03	1.270000e+02	0.000000e+00	1	5.252918e-02
1.713000e+03	1.260000e+02	0.000000e+00	1	5.252918e-02
1.563000e+03	2.620000e+02	0.000000e+00	1	3.185596e-02
1.562000e+03	2.850000e+02	0.000000e+00	1	3.185596e-02
1.498000e+03	4.000000e+02	0.000000e+00	1	2.964636e-02
1.645000e+03	1.330000e+02	0.000000e+00	1	2.862240e-02
1.496000e+03	4.200000e+02	0.000000e+00	1	2.770083e-02
1.659000e+03	1.320000e+02	0.000000e+00	1	2.723735e-02
1.672000e+03	1.310000e+02	0.000000e+00	1	2.667687e-02
1.659000e+03	1.320000e+02	0.000000e+00	1	2.667687e-02
1.498000e+03	4.000000e+02	0.000000e+00	1	2.328163e-02
1.499000e+03	3.860000e+02	0.000000e+00	1	2.133611e-02
1.566000e+03	2.430000e+02	0.000000e+00	1	1.441090e-02
1.565000e+03	2.520000e+02	0.000000e+00	1	1.441090e-02
1.675000e+03	1.300000e+02	0.000000e+00	1	1.361868e-02
1.682000e+03	1.290000e+02	0.000000e+00	1	1.361868e-02
1.525000e+03	3.230000e+02	0.000000e+00	1	1.164082e-02
1.564000e+03	2.590000e+02	0.000000e+00	1	1.164082e-02
1.524000e+03	3.300000e+02	0.000000e+00	1	1.164082e-02
1.476000e+03	4.540000e+02	0.000000e+00	1	1.164082e-02
1.726000e+03	1.210000e+02	0.000000e+00	1	1.111267e-02
1.473000e+03	4.710000e+02	0.000000e+00	1	1.025577e-02
1.474000e+03	4.650000e+02	0.000000e+00	1	1.025577e-02
1.472000e+03	4.750000e+02	0.000000e+00	1	1.025577e-02
1.721000e+03	1.220000e+02	0.000000e+00	1	9.727626e-03
1.576000e+03	2.090000e+02	0.000000e+00	1	9.695291e-03
1.565000e+03	2.520000e+02	0.000000e+00	1	9.695291e-03
1.575000e+03	2.160000e+02	0.000000e+00	1	9.695291e-03
1.475000e+03	4.610000e+02	0.000000e+00	1	9.695291e-03
1.637000e+03	1.350000e+02	0.000000e+00	1	9.167143e-03
1.645000e+03	1.330000e+02	0.000000e+00	1	9.167143e-03
1.641000e+03	1.340000e+02	0.000000e+00	1	9.167143e-03
1.528000e+03	3.190000e+02	0.000000e+00	1	8.870733e-03
1.501000e+03	3.790000e+02	0.000000e+00	1	8.870733e-03
1.529000e+03	3.140000e+02	0.000000e+00	1	8.870733e-03
1.577000e+03	2.040000e+02	0.000000e+00	1	8.870733e-03
1.555000e+03	2.910000e+02	0.000000e+00	1	8.606659e-03
1.641000e+03	1.340000e+02	0.000000e+00	1	7.782101e-03
1.506000e+03	3.680000e+02	0.000000e+00	1	7.485691e-03
1.472000e+03	4.750000e+02	0.000000e+00	1	7.485691e-03
1.508000e+03	3.600000e+02	0.000000e+00	1	7.485691e-03
1.515000e+03	3.450000e+02	0.000000e+00	1	7.485691e-03
1.571000e+03	2.280000e+02	0.000000e+00	1	7.485691e-03
1.477000e+03	4.500000e+02	0.000000e+00	1	7.485691e-03
1.567000e+03	2.390000e+02	0.000000e+00	1	7.485691e-03
1.475000e+03	4.610000e+02	0.000000e+00	1	7.485691e-03
1.572000e+03	2.240000e+02	0.000000e+00	1	7.485691e-03
1.476000e+03	4.540000e+02	0.000000e+00	1	7.485691e-03
1.571000e+03	2.280000e+02	0.000000e+00	1	7.485691e-03
1.566000e+03	2.430000e+02	0.000000e+00	1	7.485691e-03
1.507000e+03	3.640000e+02	0.000000e+00	1	7.485691e-03
1.577000e+03	2.040000e+02	0.000000e+00	1	7.485691e-03
1.683000e+03	1.280000e+02	0.000000e+00	1	7.221617e-03
1.675000e+03	1.300000e+02	0.000000e+00	1	7.221617e-03
1.686000e+03	1.270000e+02	0.000000e+00	1	7.221617e-03
1.500000e+03	3.840000e+02	0.000000e+00	1	6.925208e-03
1.576000e+03	2.090000e+02	0.000000e+00	1	6.925208e-03
1.601000e+03	1.650000e+02	0.000000e+00	1	6.661134e-03
1.534000e+03	3.080000e+02	0.000000e+00	1	6.661134e-03
1.595000e+03	1.780000e+02	0.000000e+00	1	6.661134e-03
1.547000e+03	2.950000e+02	0.000000e+00	1	6.661134e-03
1.544000e+03	2.970000e+02	0.000000e+00	1	6.661134e-03
1.586000e+03	1.860000e+02	0.000000e+00	1	6.661134e-03
1.563000e+03	2.620000e+02	0.000000e+00	1	6.100650e-03
1.516000e+03	3.420000e+02	0.000000e+00	1	6.100650e-03
1.568000e+03	2.360000e+02	0.000000e+00	1	6.100650e-03
1.580000e+03	1.940000e+02	0.000000e+00	1	6.100650e-03
1.598000e+03	1.730000e+02	0.000000e+00	1	6.100650e-03
1.572000e+03	2.240000e+02	0.000000e+00	1	6.100650e-03
1.504000e+03	3.750000e+02	0.000000e+00	1	6.100650e-03
1.511000e+03	3.540000e+02	0.000000e+00	1	6.100650e-03
1.509000e+03	3.570000e+02	0.000000e+00	1	6.100650e-03
1.578000e+03	2.000000e+02	0.000000e+00	1	6.100650e-03
1.505000e+03	3.720000e+02	0.000000e+00	1	6.100650e-03
1.568000e+03	2.360000e+02	0.000000e+00	1	6.100650e-03
1.599000e+03	1.700000e+02	0.000000e+00	1	6.100650e-03
1.519000e+03	3.380000e+02	0.000000e+00	1	6.100650e-03
1.599000e+03	1.700000e+02	0.000000e+00	1	6.100650e-03
1.580000e+03	1.940000e+02	0.000000e+00	1	6.100650e-03
1.581000e+03	1.910000e+02	0.000000e+00	1	6.100650e-03
1.569000e+03	2.330000e+02	0.000000e+00	1	6.100650e-03
1.552000e+03	2.920000e+02	0.000000e+00	1	5.836576e-03
1.672000e+03	1.310000e+02	0.000000e+00	1	5.836576e-03
1.547000e+03	2.950000e+02	0.000000e+00	1	5.836576e-03
1.544000e+03	2.970000e+02	0.000000e+00	1	5.836576e-03
1.487000e+03	4.310000e+02	0.000000e+00	1	5.540166e-03
1.507000e+03	3.640000e+02	0.000000e+00	1	5.540166e-03
1.506000e+03	3.680000e+02	0.000000e+00	1	5.540166e-03
1.514000e+03	3.490000e+02	0.000000e+00	1	5.540166e-03
1.570000e+03	2.320000e+02	0.000000e+00	1	5.540166e-03
1.505000e+03	3.720000e+02	0.000000e+00	1	5.540166e-03
1.474000e+03	4.650000e+02	0.000000e+00	1	5.540166e-03
1.473000e+03	4.710000e+02	0.000000e+00	1	5.540166e-03
1.486000e+03	4.350000e+02	0.000000e+00	1	5.540166e-03
1.578000e+03	2.000000e+02	0.000000e+00	1	5.540166e-03
1.536000e+03	3.060000e+02	0.000000e+00	1	5.276092e-03
1.635000e+03	1.360000e+02	0.000000e+00	1	5.276092e-03
1.617000e+03	1.480000e+02	0.000000e+00	1	5.276092e-03
1.717000e+03	1.240000e+02	0.000000e+00	1	5.276092e-03
1.581000e+03	1.910000e+02	0.000000e+00	1	5.276092e-03
1.622000e+03	1.450000e+02	0.000000e+00	1	5.276092e-03
1.619000e+03	1.470000e+02	0.000000e+00	1	5.276092e-03
1.629000e+03	1.400000e+02	0.000000e+00	1	5.276092e-03
1.591000e+03	1.810000e+02	0.000000e+00	1	5.276092e-03
1.560000e+03	2.860000e+02	0.000000e+00	1	5.276092e-03
1.633000e+03	1.370000e+02	0.000000e+00	1	5.276092e-03
1.557000e+03	2.890000e+02	0.000000e+00	1	5.276092e-03
1.719000e+03	1.230000e+02	0.000000e+00	1	5.276092e-03
1.627000e+03	1.410000e+02	0.000000e+00	1	5.276092e-03
1.532000e+03	3.100000e+02	0.000000e+00	1	5.276092e-03
1.637000e+03	1.350000e+02	0.000000e+00	1	5.276092e-03
1.603000e+03	1.630000e+02	0.000000e+00	1	5.276092e-03
1.715000e+03	1.250000e+02	0.000000e+00	1	5.276092e-03
1.728000e+03	1.200000e+02	0.000000e+00	1	5.276092e-03
1.501000e+03	3.790000e+02	0.000000e+00	1	4.715608e-03
1.499000e+03	3.860000e+02	0.000000e+00	1	4.715608e-03
1.483000e+03	4.390000e+02	0.000000e+00	1	4.715608e-03
1.541000e+03	3.010000e+02	0.000000e+00	1	4.715608e-03
1.484000e+03	4.370000e+02	0.000000e+00	1	4.715608e-03
1.487000e+03	4.310000e+02	0.000000e+00	1	4.715608e-03
1.574000e+03	2.180000e+02	0.000000e+00	1	4.715608e-03
1.500000e+03	3.840000e+02	0.000000e+00	1	4.715608e-03
1.600000e+03	1.670000e+02	0.000000e+00	1	4.715608e-03
1.518000e+03	3.390000e+02	0.000000e+00	1	4.715608e-03
1.601000e+03	1.650000e+02	0.000000e+00	1	4.715608e-03
1.492000e+03	4.240000e+02	0.000000e+00	1	4.715608e-03
1.542000e+03	2.990000e+02	0.000000e+00	1	4.715608e-03
1.607000e+03	1.590000e+02	0.000000e+00	1	4.715608e-03
1.483000e+03	4.390000e+02	0.000000e+00	1	4.715608e-03
1.482000e+03	4.410000e+02	0.000000e+00	1	4.715608e-03
1.482000e+03	4.410000e+02	0.000000e+00	1	4.715608e-03
1.575000e+03	2.160000e+02	0.000000e+00	1	4.715608e-03
1.557000e+03	2.890000e+02	0.000000e+00	1	4.715608e-03
1.583000e+03	1.900000e+02	0.000000e+00	1	4.715608e-03
1.526000e+03	3.210000e+02	0.000000e+00	1	4.715608e-03
1.478000e+03	4.470000e+02	0.000000e+00	1	4.715608e-03
1.608000e+03	1.570000e+02	0.000000e+00	1	4.715608e-03
1.541000e+03	3.010000e+02	0.000000e+00	1	4.715608e-03
1.525000e+03	3.230000e+02	0.000000e+00	1	4.715608e-03
1.597000e+03	1.760000e+02	0.000000e+00	1	4.715608e-03
1.479000e+03	4.450000e+02	0.000000e+00	1	4.715608e-03
1.512000e+03	3.510000e+02	0.000000e+00	1	4.155125e-03
1.564000e+03	2.590000e+02	0.000000e+00	1	4.155125e-03
1.477000e+03	4.500000e+02	0.000000e+00	1	4.155125e-03
1.508000e+03	3.600000e+02	0.000000e+00	1	4.155125e-03
1.598000e+03	1.730000e+02	0.000000e+00	1	4.155125e-03
1.520000e+03	3.350000e+02	0.000000e+00	1	4.155125e-03
1.600000e+03	1.670000e+02	0.000000e+00	1	4.155125e-03
1.579000e+03	1.970000e+02	0.000000e+00	1	4.155125e-03
1.515000e+03	3.450000e+02	0.000000e+00	1	4.155125e-03
1.579000e+03	1.970000e+02	0.000000e+00	1	4.155125e-03
1.567000e+03	2.390000e+02	0.000000e+00	1	4.155125e-03
1.573000e+03	2.210000e+02	0.000000e+00	1	4.155125e-03
1.574000e+03	2.180000e+02	0.000000e+00	1	4.155125e-03
1.478000e+03	4.470000e+02	0.000000e+00	1	4.155125e-03
1.573000e+03	2.210000e+02	0.000000e+00	1	4.155125e-03
1.597000e+03	1.760000e+02	0.000000e+00	1	4.155125e-03
1.721000e+03	1.220000e+02	0.000000e+00	1	3.891051e-03
1.593000e+03	1.800000e+02	0.000000e+00	1	3.891051e-03
1.588000e+03	1.840000e+02	0.000000e+00	1	3.891051e-03
1.583000e+03	1.900000e+02	0.000000e+00	1	3.891051e-03
1.552000e+03	2.920000e+02	0.000000e+00	1	3.891051e-03
1.635000e+03	1.360000e+02	0.000000e+00	1	3.891051e-03
1.713000e+03	1.260000e+02	0.000000e+00	1	3.891051e-03
1.624000e+03	1.440000e+02	0.000000e+00	1	3.891051e-03
1.622000e+03	1.450000e+02	0.000000e+00	1	3.891051e-03
1.631000e+03	1.380000e+02	0.000000e+00	1	3.891051e-03
1.549000e+03	2.940000e+02	0.000000e+00	1	3.891051e-03
1.562000e+03	2.850000e+02	0.000000e+00	1	3.891051e-03
1.550000e+03	2.930000e+02	0.000000e+00	1	3.891051e-03
1.584000e+03	1.880000e+02	0.000000e+00	1	3.891051e-03
1.597000e+03	1.760000e+02	0.000000e+00	1	3.891051e-03
1.542000e+03	2.990000e+02	0.000000e+00	1	3.891051e-03
1.715000e+03	1.250000e+02	0.000000e+00	1	3.891051e-03
1.717000e+03	1.240000e+02	0.000000e+00	1	3.891051e-03
1.620000e+03	1.460000e+02	0.000000e+00	1	3.891051e-03
1.496000e+03	4.200000e+02	0.000000e+00	1	3.891051e-03
1.555000e+03	2.910000e+02	0.000000e+00	1	3.891051e-03
1.633000e+03	1.370000e+02	0.000000e+00	1	3.891051e-03
1.719000e+03	1.230000e+02	0.000000e+00	1	3.891051e-03
1.726000e+03	1.210000e+02	0.000000e+00	1	3.891051e-03
1.586000e+03	1.860000e+02	0.000000e+00	1	3.891051e-03
1.538000e+03	3.050000e+02	0.000000e+00	1	3.891051e-03
1.562000e+03	2.850000e+02	0.000000e+00	1	3.330567e-03
1.510000e+03	3.560000e+02	0.000000e+00	1	3.330567e-03
1.526000e+03	3.210000e+02	0.000000e+00	1	3.330567e-03
1.614000e+03	1.510000e+02	0.000000e+00	1	3.330567e-03
1.485000e+03	4.360000e+02	0.000000e+00	1	3.330567e-03
1.558000e+03	2.880000e+02	0.000000e+00	1	3.330567e-03
1.520000e+03	3.350000e+02	0.000000e+00	1	3.330567e-03
1.492000e+03	4.240000e+02	0.000000e+00	1	3.330567e-03
1.610000e+03	1.550000e+02	0.000000e+00	1	3.330567e-03
1.513000e+03	3.500000e+02	0.000000e+00	1	3.330567e-03
1.591000e+03	1.810000e+02	0.000000e+00	1	3.330567e-03
1.616000e+03	1.490000e+02	0.000000e+00	1	3.330567e-03
1.540000e+03	3.030000e+02	0.000000e+00	1	3.330567e-03
1.521000e+03	3.340000e+02	0.000000e+00	1	3.330567e-03
1.527000e+03	3.200000e+02	0.000000e+00	1	3.330567e-03
1.535000e+03	3.070000e+02	0.000000e+00	1	3.330567e-03
1.513000e+03	3.500000e+02	0.000000e+00	1	3.330567e-03
1.490000e+03	4.270000e+02	0.000000e+00	1	3.330567e-03
1.522000e+03	3.330000e+02	0.000000e+00	1	3.330567e-03
1.594000e+03	1.790000e+02	0.000000e+00	1	3.330567e-03
1.612000e+03	1.530000e+02	0.000000e+00	1	3.330567e-03
1.496000e+03	4.200000e+02	0.000000e+00	1	3.330567e-03
1.490000e+03	4.270000e+02	0.000000e+00	1	3.330567e-03
1.625000e+03	1.430000e+02	0.000000e+00	1	3.330567e-03
1.512000e+03	3.510000e+02	0.000000e+00	1	3.330567e-03
1.531000e+03	3.110000e+02	0.000000e+00	1	3.330567e-03
1.559000e+03	2.870000e+02	0.000000e+00	1	3.330567e-03
1.607000e+03	1.590000e+02	0.000000e+00	1	3.330567e-03
1.503000e+03	3.760000e+02	0.000000e+00	1	3.330567e-03
1.630000e+03	1.390000e+02	0.000000e+00	1	3.330567e-03
1.589000e+03	1.830000e+02	0.000000e+00	1	3.330567e-03
1.619000e+03	1.470000e+02	0.000000e+00	1	3.330567e-03
1.570000e+03	2.320000e+02	0.000000e+00	1	3.330567e-03
1.519000e+03	3.380000e+02	0.000000e+00	1	3.330567e-03
1.484000e+03	4.370000e+02	0.000000e+00	1	3.330567e-03
1.550000e+03	2.930000e+02	0.000000e+00	1	3.330567e-03
1.494000e+03	4.220000e+02	0.000000e+00	1	3.330567e-03
1.495000e+03	4.210000e+02	0.000000e+00	1	3.330567e-03
1.539000e+03	3.040000e+02	0.000000e+00	1	3.330567e-03
1.491000e+03	4.260000e+02	0.000000e+00	1	3.330567e-03
1.559000e+03	2.870000e+02	0.000000e+00	1	3.330567e-03
1.624000e+03	1.440000e+02	0.000000e+00	1	3.330567e-03
1.517000e+03	3.410000e+02	0.000000e+00	1	3.330567e-03
1.534000e+03	3.080000e+02	0.000000e+00	1	3.330567e-03
1.558000e+03	2.880000e+02	0.000000e+00	1	3.330567e-03
1.626000e+03	1.420000e+02	0.000000e+00	1	3.330567e-03
1.518000e+03	3.390000e+02	0.000000e+00	1	3.330567e-03
1.493000e+03	4.230000e+02	0.000000e+00	1	3.330567e-03
1.613000e+03	1.520000e+02	0.000000e+00	1	3.330567e-03
1.538000e+03	3.050000e+02	0.000000e+00	1	3.330567e-03
1.549000e+03	2.940000e+02	0.000000e+00	1	3.330567e-03
1.611000e+03	1.540000e+02	0.000000e+00	1	3.330567e-03
1.604000e+03	1.620000e+02	0.000000e+00	1	3.330567e-03
1.606000e+03	1.600000e+02	0.000000e+00	1	3.330567e-03
1.494000e+03	4.220000e+02	0.000000e+00	1	3.330567e-03
1.610000e+03	1.550000e+02	0.000000e+00	1	3.330567e-03
1.509000e+03	3.570000e+02	0.000000e+00	1	3.330567e-03
1.594000e+03	1.790000e+02	0.000000e+00	1	3.330567e-03
1.514000e+03	3.490000e+02	0.000000e+00	1	3.330567e-03
1.480000e+03	4.440000e+02	0.000000e+00	1	3.330567e-03
1.488000e+03	4.290000e+02	0.000000e+00	1	3.330567e-03
1.527000e+03	3.200000e+02	0.000000e+00	1	3.330567e-03
1.611000e+03	1.540000e+02	0.000000e+00	1	3.330567e-03
1.589000e+03	1.830000e+02	0.000000e+00	1	3.330567e-03
1.604000e+03	1.620000e+02	0.000000e+00	1	3.330567e-03
1.479000e+03	4.450000e+02	0.000000e+00	1	3.330567e-03
1.521000e+03	3.340000e+02	0.000000e+00	1	3.330567e-03
1.569000e+03	2.330000e+02	0.000000e+00	1	3.330567e-03
1.609000e+03	1.560000e+02	0.000000e+00	1	3.330567e-03
1.524000e+03	3.300000e+02	0.000000e+00	1	3.330567e-03
1.502000e+03	3.770000e+02	0.000000e+00	1	3.330567e-03
1.615000e+03	1.500000e+02	0.000000e+00	1	3.330567e-03
1.486000e+03	4.350000e+02	0.000000e+00	1	3.330567e-03
1.590000e+03	1.820000e+02	0.000000e+00	1	3.330567e-03
1.615000e+03	1.500000e+02	0.000000e+00	1	3.330567e-03
1.593000e+03	1.800000e+02	0.000000e+00	1	3.330567e-03
1.544000e+03	2.970000e+02	0.000000e+00	1	2.770083e-03
1.517000e+03	3.410000e+02	0.000000e+00	1	2.770083e-03
1.530000e+03	3.120000e+02	0.000000e+00	1	2.770083e-03
1.603000e+03	1.630000e+02	0.000000e+00	1	2.770083e-03
1.502000e+03	3.770000e+02	0.000000e+00	1	2.770083e-03
1.491000e+03	4.260000e+02	0.000000e+00	1	2.770083e-03
1.481000e+03	4.430000e+02	0.000000e+00	1	2.770083e-03
1.584000e+03	1.880000e+02	0.000000e+00	1	2.770083e-03
1.540000e+03	3.030000e+02	0.000000e+00	1	2.770083e-03
1.488000e+03	4.290000e+02	0.000000e+00	1	2.770083e-03
1.510000e+03	3.560000e+02	0.000000e+00	1	2.770083e-03
1.584000e+03	1.880000e+02	0.000000e+00	1	2.770083e-03
1.522000e+03	3.330000e+02	0.000000e+00	1	2.770083e-03
1.588000e+03	1.840000e+02	0.000000e+00	1	2.770083e-03
1.523000e+03	3.310000e+02	0.000000e+00	1	2.770083e-03
1.529000e+03	3.140000e+02	0.000000e+00	1	2.770083e-03
1.511000e+03	3.540000e+02	0.000000e+00	1	2.770083e-03
1.542000e+03	2.990000e+02	0.000000e+00	1	2.770083e-03
1.586000e+03	1.860000e+02	0.000000e+00	1	2.770083e-03
1.532000e+03	3.100000e+02	0.000000e+00	1	2.770083e-03
1.487000e+03	4.310000e+02	0.000000e+00	1	1.945525e-03
1.620000e+03	1.460000e+02	0.000000e+00	1	1.945525e-03
1.598000e+03	1.730000e+02	0.000000e+00	1	1.945525e-03
1.493000e+03	4.230000e+02	0.000000e+00	1	1.945525e-03
1.473000e+03	4.710000e+02	0.000000e+00	1	1.945525e-03
1.520000e+03	3.350000e+02	0.000000e+00	1	1.945525e-03
1.488000e+03	4.290000e+02	0.000000e+00	1	1.945525e-03
1.510000e+03	3.560000e+02	0.000000e+00	1	1.945525e-03
1.523000e+03	3.310000e+02	0.000000e+00	1	1.945525e-03
1.595000e+03	1.780000e+02	0.000000e+00	1	1.945525e-03
1.480000e+03	4.440000e+02	0.000000e+00	1	1.945525e-03
1.474000e+03	4.650000e+02	0.000000e+00	1	1.945525e-03
1.503000e+03	3.760000e+02	0.000000e+00	1	1.945525e-03
1.475000e+03	4.610000e+02	0.000000e+00	1	1.945525e-03
1.603000e+03	1.630000e+02	0.000000e+00	1	1.945525e-03
1.529000e+03	3.140000e+02	0.000000e+00	1	1.945525e-03
1.570000e+03	2.320000e+02	0.000000e+00	1	1.945525e-03
1.502000e+03	3.770000e+02	0.000000e+00	1	1.945525e-03
1.478000e+03	4.470000e+02	0.000000e+00	1	1.945525e-03
1.522000e+03	3.330000e+02	0.000000e+00	1	1.945525e-03
1.631000e+03	1.380000e+02	0.000000e+00	1	1.945525e-03
1.600000e+03	1.670000e+02	0.000000e+00	1	1.945525e-03
1.516000e+03	3.420000e+02	0.000000e+00	1	1.945525e-03
1.489000e+03	4.280000e+02	0.000000e+00	1	1.945525e-03
1.540000e+03	3.030000e+02	0.000000e+00	1	1.945525e-03
1.584000e+03	1.880000e+02	0.000000e+00	1	1.945525e-03
1.500000e+03	3.840000e+02	0.000000e+00	1	1.945525e-03
1.539000e+03	3.040000e+02	0.000000e+00	1	1.945525e-03
1.575000e+03	2.160000e+02	0.000000e+00	1	1.945525e-03
1.590000e+03	1.820000e+02	0.000000e+00	1	1.945525e-03
1.614000e+03	1.510000e+02	0.000000e+00	1	1.945525e-03
1.477000e+03	4.500000e+02	0.000000e+00	1	1.945525e-03
1.531000e+03	3.110000e+02	0.000000e+00	1	1.945525e-03
1.609000e+03	1.560000e+02	0.000000e+00	1	1.945525e-03
1.506000e+03	3.680000e+02	0.000000e+00	1	1.945525e-03
1.682000e+03	1.290000e+02	0.000000e+00	1	1.945525e-03
1.532000e+03	3.100000e+02	0.000000e+00	1	1.945525e-03
1.574000e+03	2.180000e+02	0.000000e+00	1	1.945525e-03
1.613000e+03	1.520000e+02	0.000000e+00	1	1.945525e-03
1.629000e+03	1.400000e+02	0.000000e+00	1	1.945525e-03
1.605000e+03	1.610000e+02	0.000000e+00	1	1.945525e-03
1.578000e+03	2.000000e+02	0.000000e+00	1	1.945525e-03
1.625000e+03	1.430000e+02	0.000000e+00	1	1.945525e-03
1.511000e+03	3.540000e+02	0.000000e+00	1	1.945525e-03
1.626000e+03	1.420000e+02	0.000000e+00	1	1.945525e-03
1.564000e+03	2.590000e+02	0.000000e+00	1	1.945525e-03
1.605000e+03	1.610000e+02	0.000000e+00	1	1.945525e-03
1.608000e+03	1.570000e+02	0.000000e+00	1	1.945525e-03
1.514000e+03	3.490000e+02	0.000000e+00	1	1.945525e-03
1.528000e+03	3.190000e+02	0.000000e+00	1	1.945525e-03
1.630000e+03	1.390000e+02	0.000000e+00	1	1.945525e-03
1.579000e+03	1.970000e+02	0.000000e+00	1	1.945525e-03
1.481000e+03	4.430000e+02	0.000000e+00	1	1.945525e-03
1.485000e+03	4.360000e+02	0.000000e+00	1	1.945525e-03
1.515000e+03	3.450000e+02	0.000000e+00	1	1.945525e-03
1.486000e+03	4.350000e+02	0.000000e+00	1	1.945525e-03
1.612000e+03	1.530000e+02	0.000000e+00	1	1.945525e-03
1.481000e+03	4.430000e+02	0.000000e+00	1	1.945525e-03
1.530000e+03	3.120000e+02	0.000000e+00	1	1.945525e-03
1.627000e+03	1.410000e+02	0.000000e+00	1	1.945525e-03
1.489000e+03	4.280000e+02	0.000000e+00	1	1.945525e-03
1.505000e+03	3.720000e+02	0.000000e+00	1	1.945525e-03
1.565000e+03	2.520000e+02	0.000000e+00	1	1.945525e-03
1.616000e+03	1.490000e+02	0.000000e+00	1	1.945525e-03
1.588000e+03	1.840000e+02	0.000000e+00	1	1.945525e-03
1.504000e+03	3.750000e+02	0.000000e+00	1	1.945525e-03
1.579000e+03	1.970000e+02	0.000000e+00	1	1.945525e-03
1.491000e+03	4.260000e+02	0.000000e+00	1	1.945525e-03
1.606000e+03	1.600000e+02	0.000000e+00	1	1.945525e-03
1.523000e+03	3.310000e+02	0.000000e+00	1	1.945525e-03
1.512000e+03	3.510000e+02	0.000000e+00	1	1.945525e-03
1.517000e+03	3.410000e+02	0.000000e+00	1	1.945525e-03
1.576000e+03	2.090000e+02	0.000000e+00	1	1.945525e-03
1.495000e+03	4.210000e+02	0.000000e+00	1	1.945525e-03
1.573000e+03	2.210000e+02	0.000000e+00	1	1.945525e-03
1.536000e+03	3.060000e+02	0.000000e+00	1	1.945525e-03
1.563000e+03	2.620000e+02	0.000000e+00	1	1.945525e-03
1.471000e+03	4.810000e+02	0.000000e+00	1	1.945525e-03
1.560000e+03	2.860000e+02	0.000000e+00	1	1.945525e-03
1.617000e+03	1.480000e+02	0.000000e+00	1	1.945525e-03
1.507000e+03	3.640000e+02	0.000000e+00	1	1.945525e-03
1.535000e+03	3.070000e+02	0.000000e+00	1	1.945525e-03
1.683000e+03	1.280000e+02	0.000000e+00	1	1.945525e-03
1.508000e+03	3.600000e+02	0.000000e+00	1	1.945525e-03
1.567000e+03	2.390000e+02	0.000000e+00	1	1.945525e-03
1.576000e+03	2.090000e+02	0.000000e+00	1	1.945525e-03
1.530000e+03	3.120000e+02	0.000000e+00	1	1.945525e-03
1.573000e+03	2.210000e+02	0.000000e+00	1	1.945525e-03
1.631000e+03	1.380000e+02	0.000000e+00	1	1.385042e-03
1.721000e+03	1.220000e+02	0.000000e+00	1	1.385042e-03
1.620000e+03	1.460000e+02	0.000000e+00	1	1.385042e-03
1.539000e+03	3.040000e+02	0.000000e+00	1	1.385042e-03
1.530000e+03	3.120000e+02	0.000000e+00	1	1.385042e-03
1.583000e+03	1.900000e+02	0.000000e+00	1	1.385042e-03
1.538000e+03	3.050000e+02	0.000000e+00	1	1.385042e-03
1.485000e+03	4.360000e+02	0.000000e+00	1	1.385042e-03
1.715000e+03	1.250000e+02	0.000000e+00	1	1.385042e-03
1.682000e+03	1.290000e+02	0.000000e+00	1	1.385042e-03
1.626000e+03	1.420000e+02	0.000000e+00	1	1.385042e-03
1.528000e+03	3.190000e+02	0.000000e+00	1	1.385042e-03
1.629000e+03	1.400000e+02	0.000000e+00	1	1.385042e-03
1.489000e+03	4.280000e+02	0.000000e+00	1	1.385042e-03
1.721000e+03	1.220000e+02	0.000000e+00	1	1.385042e-03
1.552000e+03	2.920000e+02	0.000000e+00	1	1.385042e-03
1.504000e+03	3.750000e+02	0.000000e+00	1	1.385042e-03
1.624000e+03	1.440000e+02	0.000000e+00	1	1.385042e-03
1.726000e+03	1.210000e+02	0.000000e+00	1	1.385042e-03
1.560000e+03	2.860000e+02	0.000000e+00	1	1.385042e-03
1.481000e+03	4.430000e+02	0.000000e+00	1	1.385042e-03
1.719000e+03	1.230000e+02	0.000000e+00	1	1.385042e-03
1.536000e+03	3.060000e+02	0.000000e+00	1	1.385042e-03
1.630000e+03	1.390000e+02	0.000000e+00	1	1.385042e-03
1.627000e+03	1.410000e+02	0.000000e+00	1	1.385042e-03
1.675000e+03	1.300000e+02	0.000000e+00	1	1.385042e-03
1.614000e+03	1.510000e+02	0.000000e+00	1	1.385042e-03
1.620000e+03	1.460000e+02	0.000000e+00	1	1.385042e-03
1.552000e+03	2.920000e+02	0.000000e+00	1	1.385042e-03
1.605000e+03	1.610000e+02	0.000000e+00	1	1.385042e-03
1.608000e+03	1.570000e+02	0.000000e+00	1	1.385042e-03
1.613000e+03	1.520000e+02	0.000000e+00	1	1.385042e-03
1.489000e+03	4.280000e+02	0.000000e+00	1	1.385042e-03
1.549000e+03	2.940000e+02	0.000000e+00	1	1.385042e-03
1.635000e+03	1.360000e+02	0.000000e+00	1	1.385042e-03
1.605000e+03	1.610000e+02	0.000000e+00	1	1.385042e-03
1.495000e+03	4.210000e+02	0.000000e+00	1	1.385042e-03
1.713000e+03	1.260000e+02	0.000000e+00	1	1.385042e-03
1.609000e+03	1.560000e+02	0.000000e+00	1	1.385042e-03
1.547000e+03	2.950000e+02	0.000000e+00	1	1.385042e-03
1.616000e+03	1.490000e+02	0.000000e+00	1	1.385042e-03
1.555000e+03	2.910000e+02	0.000000e+00	1	1.385042e-03
1.516000e+03	3.420000e+02	0.000000e+00	1	1.385042e-03
1.535000e+03	3.070000e+02	0.000000e+00	1	1.385042e-03
1.625000e+03	1.430000e+02	0.000000e+00	1	1.385042e-03
1.633000e+03	1.370000e+02	0.000000e+00	1	1.385042e-03
1.617000e+03	1.480000e+02	0.000000e+00	1	1.385042e-03
1.531000e+03	3.110000e+02	0.000000e+00	1	1.385042e-03
1.523000e+03	3.310000e+02	0.000000e+00	1	1.385042e-03
1.503000e+03	3.760000e+02	0.000000e+00	1	1.385042e-03
1.590000e+03	1.820000e+02	0.000000e+00	1	1.385042e-03
1.672000e+03	1.310000e+02	0.000000e+00	1	1.385042e-03
1.641000e+03	1.340000e+02	0.000000e+00	1	1.385042e-03
1.612000e+03	1.530000e+02	0.000000e+00	1	1.385042e-03
1.683000e+03	1.280000e+02	0.000000e+00	1	1.385042e-03
1.593000e+03	1.800000e+02	0.000000e+00	1	1.385042e-03
1.606000e+03	1.600000e+02	0.000000e+00	1	1.385042e-03
1.631000e+03	1.380000e+02	0.000000e+00	1	1.385042e-03
1.686000e+03	1.270000e+02	0.000000e+00	1	1.385042e-03
1.480000e+03	4.440000e+02	0.000000e+00	1	1.385042e-03
1.713000e+03	1.260000e+02	0.000000e+00	1	1.385042e-03
1.588000e+03	1.840000e+02	0.000000e+00	1	1.385042e-03
1.493000e+03	4.230000e+02	0.000000e+00	1	1.385042e-03
1.622000e+03	1.450000e+02	0.000000e+00	1	1.385042e-03
1.595000e+03	1.780000e+02	0.000000e+00	1	1.385042e-03
1.682000e+03	1.290000e+02	0.000000e+00	1	1.385042e-03
1.659000e+03	1.320000e+02	0.000000e+00	1	1.385042e-03
1.550000e+03	2.930000e+02	0.000000e+00	1	1.385042e-03
1.717000e+03	1.240000e+02	0.000000e+00	1	1.385042e-03
1.586000e+03	1.860000e+02	0.000000e+00	1	0.000000e+00
1.631000e+03	1.380000e+02	0.000000e+00	1	0.000000e+00
1.486000e+03	4.350000e+02	0.000000e+00	1	0.000000e+00
1.521000e+03	3.340000e+02	0.000000e+00	1	0.000000e+00
1.620000e+03	1.460000e+02	0.000000e+00	1	0.000000e+00
1.493000e+03	4.230000e+02	0.000000e+00	1	0.000000e+00
1.603000e+03	1.630000e+02	0.000000e+00	1	0.000000e+00
1.508000e+03	3.600000e+02	0.000000e+00	1	0.000000e+00
1.520000e+03	3.350000e+02	0.000000e+00	1	0.000000e+00
1.560000e+03	2.860000e+02	0.000000e+00	1	0.000000e+00
1.507000e+03	3.640000e+02	0.000000e+00	1	0.000000e+00
1.619000e+03	1.470000e+02	0.000000e+00	1	0.000000e+00
1.591000e+03	1.810000e+02	0.000000e+00	1	0.000000e+00
1.631000e+03	1.380000e+02	0.000000e+00	1	0.000000e+00
1.542000e+03	2.990000e+02	0.000000e+00	1	0.000000e+00
1.507000e+03	3.640000e+02	0.000000e+00	1	0.000000e+00
1.675000e+03	1.300000e+02	0.000000e+00	1	0.000000e+00
1.564000e+03	2.590000e+02	0.000000e+00	1	0.000000e+00
1.581000e+03	1.910000e+02	0.000000e+00	1	0.000000e+00
1.603000e+03	1.630000e+02	0.000000e+00	1	0.000000e+00
1.522000e+03	3.330000e+02	0.000000e+00	1	0.000000e+00
1.499000e+03	3.860000e+02	0.000000e+00	1	0.000000e+00
1.617000e+03	1.480000e+02	0.000000e+00	1	0.000000e+00
1.686000e+03	1.270000e+02	0.000000e+00	1	0.000000e+00
1.675000e+03	1.300000e+02	0.000000e+00	1	0.000000e+00
1.728000e+03	1.200000e+02	0.000000e+00	1	0.000000e+00
1.496000e+03	4.200000e+02	0.000000e+00	1	0.000000e+00
1.494000e+03	4.220000e+02	0.000000e+00	1	0.000000e+00
1.609000e+03	1.560000e+02	0.000000e+00	1	0.000000e+00
1.534000e+03	3.080000e+02	0.000000e+00	1	0.000000e+00
1.558000e+03	2.880000e+02	0.000000e+00	1	0.000000e+00
1.659000e+03	1.320000e+02	0.000000e+00	1	0.000000e+00
1.506000e+03	3.680000e+02	0.000000e+00	1	0.000000e+00
1.672000e+03	1.310000e+02	0.000000e+00	1	0.000000e+00
1.564000e+03	2.590000e+02	0.000000e+00	1	0.000000e+00
1.484000e+03	4.370000e+02	0.000000e+00	1	0.000000e+00
1.637000e+03	1.350000e+02	0.000000e+00	1	0.000000e+00
1.604000e+03	1.620000e+02	0.000000e+00	1	0.000000e+00
1.475000e+03	4.610000e+02	0.000000e+00	1	0.000000e+00
1.478000e+03	4.470000e+02	0.000000e+00	1	0.000000e+00
1.527000e+03	3.200000e+02	0.000000e+00	1	0.000000e+00
1.524000e+03	3.300000e+02	0.000000e+00	1	0.000000e+00
1.641000e+03	1.340000e+02	0.000000e+00	1	0.000000e+00
1.619000e+03	1.470000e+02	0.000000e+00	1	0.000000e+00
1.472000e+03	4.750000e+02	0.000000e+00	1	0.000000e+00
1.516000e+03	3.420000e+02	0.000000e+00	1	0.000000e+00
1.475000e+03	4.610000e+02	0.000000e+00	1	0.000000e+00
1.502000e+03	3.770000e+02	0.000000e+00	1	0.000000e+00
1.589000e+03	1.830000e+02	0.000000e+00	1	0.000000e+00
1.583000e+03	1.900000e+02	0.000000e+00	1	0.000000e+00
1.528000e+03	3.190000e+02	0.000000e+00	1	0.000000e+00
1.606000e+03	1.600000e+02	0.000000e+00	1	0.000000e+00
1.608000e+03	1.570000e+02	0.000000e+00	1	0.000000e+00
1.577000e+03	2.040000e+02	0.000000e+00	1	0.000000e+00
1.605000e+03	1.610000e+02	0.000000e+00	1	0.000000e+00
1.524000e+03	3.300000e+02	0.000000e+00	1	0.000000e+00
1.499000e+03	3.860000e+02	0.000000e+00	1	0.000000e+00
1.562000e+03	2.850000e+02	0.000000e+00	1	0.000000e+00
1.620000e+03	1.460000e+02	0.000000e+00	1	0.000000e+00
1.584000e+03	1.880000e+02	0.000000e+00	1	0.000000e+00
1.499000e+03	3.860000e+02	0.000000e+00	1	0.000000e+00
1.495000e+03	4.210000e+02	0.000000e+00	1	0.000000e+00
Total execution time: 209634.086
