# This file contains the data of final feasible population (if found)
# of objectives = 2, # of constraints = 0, # of real_var = 0, # of bits of bin_var = 0, constr_violation, rank, crowding_distance
1.342150e-01	8.441206e-01	0.000000e+00	1	1.000000e+14
1.696210e-01	8.061714e-01	0.000000e+00	1	1.000000e+14
1.440557e-01	8.298444e-01	0.000000e+00	1	7.800230e-02
1.450890e-01	8.250317e-01	0.000000e+00	1	7.800230e-02
1.555900e-01	8.161714e-01	0.000000e+00	1	6.536203e-02
1.600819e-01	8.137683e-01	0.000000e+00	1	6.126395e-02
1.643994e-01	8.137651e-01	0.000000e+00	1	6.101299e-02
1.515936e-01	8.167937e-01	0.000000e+00	1	5.819459e-02
1.565452e-01	8.152825e-01	0.000000e+00	1	2.763047e-02
1.584870e-01	8.152698e-01	0.000000e+00	1	2.742133e-02
1.680840e-01	8.089175e-01	0.000000e+00	1	2.344167e-02
1.484462e-01	8.186381e-01	0.000000e+00	1	1.825068e-02
1.497326e-01	8.186317e-01	0.000000e+00	1	1.825068e-02
1.343767e-01	8.416095e-01	0.000000e+00	1	1.797276e-02
1.343676e-01	8.429365e-01	0.000000e+00	1	1.748369e-02
1.669601e-01	8.089746e-01	0.000000e+00	1	1.637291e-02
1.379664e-01	8.374190e-01	0.000000e+00	1	1.549653e-02
1.369727e-01	8.378190e-01	0.000000e+00	1	1.403258e-02
1.685635e-01	8.083429e-01	0.000000e+00	1	1.091336e-02
1.386755e-01	8.356444e-01	0.000000e+00	1	1.088440e-02
1.387414e-01	8.348889e-01	0.000000e+00	1	1.009747e-02
1.515936e-01	8.167937e-01	0.000000e+00	1	9.016840e-03
1.688231e-01	8.068794e-01	0.000000e+00	1	8.677833e-03
1.685635e-01	8.083429e-01	0.000000e+00	1	8.366444e-03
1.690453e-01	8.067683e-01	0.000000e+00	1	8.282917e-03
1.431197e-01	8.299619e-01	0.000000e+00	1	8.032314e-03
1.436678e-01	8.298667e-01	0.000000e+00	1	7.739525e-03
1.560451e-01	8.153937e-01	0.000000e+00	1	7.271514e-03
1.427318e-01	8.299841e-01	0.000000e+00	1	7.234312e-03
1.687032e-01	8.074095e-01	0.000000e+00	1	7.004753e-03
1.687032e-01	8.074095e-01	0.000000e+00	1	6.985110e-03
1.450998e-01	8.245651e-01	0.000000e+00	1	6.933118e-03
1.680840e-01	8.089175e-01	0.000000e+00	1	6.772489e-03
1.436678e-01	8.298667e-01	0.000000e+00	1	6.732388e-03
1.431197e-01	8.299619e-01	0.000000e+00	1	6.732388e-03
1.450890e-01	8.250317e-01	0.000000e+00	1	6.301639e-03
1.564711e-01	8.152984e-01	0.000000e+00	1	6.225839e-03
1.423176e-01	8.303238e-01	0.000000e+00	1	6.140881e-03
1.696210e-01	8.061714e-01	0.000000e+00	1	6.104749e-03
1.692776e-01	8.062667e-01	0.000000e+00	1	6.104749e-03
1.454173e-01	8.237206e-01	0.000000e+00	1	5.959546e-03
1.478591e-01	8.193365e-01	0.000000e+00	1	5.959546e-03
1.484462e-01	8.186381e-01	0.000000e+00	1	5.959546e-03
1.482374e-01	8.188667e-01	0.000000e+00	1	5.959546e-03
1.453641e-01	8.240857e-01	0.000000e+00	1	5.959546e-03
1.660148e-01	8.100381e-01	0.000000e+00	1	5.918083e-03
1.343044e-01	8.434984e-01	0.000000e+00	1	5.833285e-03
1.440557e-01	8.298444e-01	0.000000e+00	1	5.770367e-03
1.379664e-01	8.374190e-01	0.000000e+00	1	5.759272e-03
1.686834e-01	8.078127e-01	0.000000e+00	1	5.591886e-03
1.482374e-01	8.188667e-01	0.000000e+00	1	5.572915e-03
1.453641e-01	8.240857e-01	0.000000e+00	1	5.560691e-03
1.597882e-01	8.139619e-01	0.000000e+00	1	5.551462e-03
1.594803e-01	8.139714e-01	0.000000e+00	1	5.551462e-03
1.342377e-01	8.437270e-01	0.000000e+00	1	5.507500e-03
1.342150e-01	8.441206e-01	0.000000e+00	1	5.507500e-03
1.419657e-01	8.303556e-01	0.000000e+00	1	5.387994e-03
1.652236e-01	8.108825e-01	0.000000e+00	1	5.312732e-03
1.369727e-01	8.378190e-01	0.000000e+00	1	5.270202e-03
1.462810e-01	8.224508e-01	0.000000e+00	1	5.255387e-03
1.461814e-01	8.227429e-01	0.000000e+00	1	5.226989e-03
1.690554e-01	8.063778e-01	0.000000e+00	1	5.144721e-03
1.470491e-01	8.204667e-01	0.000000e+00	1	5.124393e-03
1.463070e-01	8.220635e-01	0.000000e+00	1	5.124393e-03
1.343329e-01	8.431429e-01	0.000000e+00	1	5.088107e-03
1.504178e-01	8.184000e-01	0.000000e+00	1	5.082956e-03
1.354206e-01	8.390698e-01	0.000000e+00	1	5.044239e-03
1.476766e-01	8.196032e-01	0.000000e+00	1	4.887957e-03
1.655839e-01	8.101905e-01	0.000000e+00	1	4.841193e-03
1.654958e-01	8.104635e-01	0.000000e+00	1	4.841193e-03
1.644391e-01	8.134413e-01	0.000000e+00	1	4.826746e-03
1.647280e-01	8.125746e-01	0.000000e+00	1	4.826746e-03
1.651994e-01	8.111429e-01	0.000000e+00	1	4.826746e-03
1.644280e-01	8.134476e-01	0.000000e+00	1	4.826746e-03
1.472579e-01	8.202381e-01	0.000000e+00	1	4.810418e-03
1.473171e-01	8.199365e-01	0.000000e+00	1	4.810418e-03
1.454173e-01	8.237206e-01	0.000000e+00	1	4.810105e-03
1.480153e-01	8.191429e-01	0.000000e+00	1	4.756231e-03
1.357766e-01	8.387905e-01	0.000000e+00	1	4.630304e-03
1.688231e-01	8.068794e-01	0.000000e+00	1	4.602141e-03
1.690554e-01	8.063778e-01	0.000000e+00	1	4.602141e-03
1.644676e-01	8.131238e-01	0.000000e+00	1	4.586183e-03
1.643994e-01	8.137651e-01	0.000000e+00	1	4.586183e-03
1.369727e-01	8.378190e-01	0.000000e+00	1	4.570868e-03
1.645891e-01	8.127079e-01	0.000000e+00	1	4.524396e-03
1.663931e-01	8.096190e-01	0.000000e+00	1	4.486224e-03
1.665360e-01	8.094317e-01	0.000000e+00	1	4.486224e-03
1.588287e-01	8.147968e-01	0.000000e+00	1	4.466135e-03
1.513189e-01	8.170222e-01	0.000000e+00	1	4.392538e-03
1.511102e-01	8.172508e-01	0.000000e+00	1	4.392538e-03
1.657228e-01	8.100571e-01	0.000000e+00	1	4.374978e-03
1.499178e-01	8.186000e-01	0.000000e+00	1	4.330070e-03
1.456260e-01	8.234921e-01	0.000000e+00	1	4.188368e-03
1.386595e-01	8.360159e-01	0.000000e+00	1	4.185756e-03
1.686199e-01	8.080286e-01	0.000000e+00	1	4.140873e-03
1.504469e-01	8.182127e-01	0.000000e+00	1	4.134209e-03
1.510589e-01	8.174413e-01	0.000000e+00	1	4.125980e-03
1.652236e-01	8.108825e-01	0.000000e+00	1	4.105316e-03
1.396116e-01	8.328222e-01	0.000000e+00	1	4.102491e-03
1.451554e-01	8.243143e-01	0.000000e+00	1	4.088882e-03
1.649447e-01	8.118444e-01	0.000000e+00	1	4.082298e-03
1.345645e-01	8.409143e-01	0.000000e+00	1	4.078718e-03
1.350827e-01	8.396222e-01	0.000000e+00	1	4.078718e-03
1.347312e-01	8.405365e-01	0.000000e+00	1	4.078718e-03
1.355317e-01	8.388794e-01	0.000000e+00	1	4.078718e-03
1.353859e-01	8.392762e-01	0.000000e+00	1	4.078718e-03
1.470324e-01	8.207365e-01	0.000000e+00	1	4.070516e-03
1.645854e-01	8.130127e-01	0.000000e+00	1	4.066781e-03
1.667982e-01	8.090127e-01	0.000000e+00	1	4.043134e-03
1.346756e-01	8.407238e-01	0.000000e+00	1	4.036891e-03
1.501660e-01	8.184698e-01	0.000000e+00	1	4.006243e-03
1.647465e-01	8.122730e-01	0.000000e+00	1	3.973565e-03
1.365611e-01	8.381079e-01	0.000000e+00	1	3.942863e-03
1.499178e-01	8.186000e-01	0.000000e+00	1	3.922589e-03
1.401158e-01	8.321714e-01	0.000000e+00	1	3.822034e-03
1.478065e-01	8.193714e-01	0.000000e+00	1	3.796590e-03
1.667207e-01	8.092603e-01	0.000000e+00	1	3.792172e-03
1.465689e-01	8.214698e-01	0.000000e+00	1	3.790660e-03
1.465523e-01	8.217397e-01	0.000000e+00	1	3.790660e-03
1.512676e-01	8.172127e-01	0.000000e+00	1	3.783840e-03
1.653569e-01	8.105968e-01	0.000000e+00	1	3.764430e-03
1.403557e-01	8.320381e-01	0.000000e+00	1	3.753428e-03
1.686199e-01	8.080286e-01	0.000000e+00	1	3.741203e-03
1.663931e-01	8.096190e-01	0.000000e+00	1	3.718107e-03
1.647465e-01	8.122730e-01	0.000000e+00	1	3.718107e-03
1.657228e-01	8.100571e-01	0.000000e+00	1	3.718107e-03
1.424422e-01	8.302349e-01	0.000000e+00	1	3.718107e-03
1.362052e-01	8.382698e-01	0.000000e+00	1	3.718107e-03
1.363441e-01	8.381365e-01	0.000000e+00	1	3.718107e-03
1.654958e-01	8.104635e-01	0.000000e+00	1	3.718107e-03
1.660323e-01	8.099397e-01	0.000000e+00	1	3.718107e-03
1.365986e-01	8.380190e-01	0.000000e+00	1	3.718107e-03
1.590340e-01	8.142603e-01	0.000000e+00	1	3.713797e-03
1.462904e-01	8.223333e-01	0.000000e+00	1	3.686968e-03
1.425930e-01	8.301175e-01	0.000000e+00	1	3.683908e-03
1.351938e-01	8.394317e-01	0.000000e+00	1	3.679311e-03
1.424565e-01	8.301905e-01	0.000000e+00	1	3.677089e-03
1.414469e-01	8.307905e-01	0.000000e+00	1	3.658671e-03
1.653569e-01	8.105968e-01	0.000000e+00	1	3.639652e-03
1.458017e-01	8.232190e-01	0.000000e+00	1	3.562164e-03
1.394010e-01	8.331746e-01	0.000000e+00	1	3.537893e-03
1.396065e-01	8.329556e-01	0.000000e+00	1	3.537893e-03
1.476370e-01	8.196127e-01	0.000000e+00	1	3.508867e-03
1.509041e-01	8.175333e-01	0.000000e+00	1	3.463070e-03
1.355317e-01	8.388794e-01	0.000000e+00	1	3.459148e-03
1.508840e-01	8.176794e-01	0.000000e+00	1	3.459126e-03
1.450998e-01	8.245651e-01	0.000000e+00	1	3.457403e-03
1.457094e-01	8.233905e-01	0.000000e+00	1	3.435482e-03
1.367320e-01	8.379079e-01	0.000000e+00	1	3.399712e-03
1.588406e-01	8.145524e-01	0.000000e+00	1	3.388797e-03
1.480679e-01	8.191079e-01	0.000000e+00	1	3.362593e-03
1.367320e-01	8.379079e-01	0.000000e+00	1	3.346863e-03
1.505681e-01	8.181524e-01	0.000000e+00	1	3.346472e-03
1.351938e-01	8.394317e-01	0.000000e+00	1	3.325832e-03
1.464181e-01	8.219683e-01	0.000000e+00	1	3.325832e-03
1.468983e-01	8.209651e-01	0.000000e+00	1	3.325832e-03
1.649183e-01	8.120667e-01	0.000000e+00	1	3.300806e-03
1.352766e-01	8.392984e-01	0.000000e+00	1	3.300360e-03
1.346756e-01	8.407238e-01	0.000000e+00	1	3.294169e-03
1.386654e-01	8.357778e-01	0.000000e+00	1	3.279671e-03
1.391441e-01	8.336381e-01	0.000000e+00	1	3.248031e-03
1.507035e-01	8.179302e-01	0.000000e+00	1	3.224727e-03
1.350481e-01	8.398286e-01	0.000000e+00	1	3.207825e-03
1.342723e-01	8.435206e-01	0.000000e+00	1	3.207825e-03
1.343329e-01	8.431429e-01	0.000000e+00	1	3.207825e-03
1.343676e-01	8.429365e-01	0.000000e+00	1	3.207825e-03
1.345645e-01	8.409143e-01	0.000000e+00	1	3.207825e-03
1.342377e-01	8.437270e-01	0.000000e+00	1	3.207825e-03
1.350827e-01	8.396222e-01	0.000000e+00	1	3.207825e-03
1.461814e-01	8.227429e-01	0.000000e+00	1	3.164037e-03
1.692776e-01	8.062667e-01	0.000000e+00	1	3.138196e-03
1.465158e-01	8.218349e-01	0.000000e+00	1	3.135638e-03
1.475259e-01	8.197079e-01	0.000000e+00	1	3.135638e-03
1.474282e-01	8.198413e-01	0.000000e+00	1	3.135638e-03
1.472579e-01	8.202381e-01	0.000000e+00	1	3.135638e-03
1.469960e-01	8.208317e-01	0.000000e+00	1	3.135638e-03
1.645494e-01	8.130317e-01	0.000000e+00	1	3.127356e-03
1.646251e-01	8.126889e-01	0.000000e+00	1	3.127356e-03
1.557239e-01	8.158825e-01	0.000000e+00	1	3.104732e-03
1.383209e-01	8.365111e-01	0.000000e+00	1	3.091225e-03
1.410241e-01	8.312286e-01	0.000000e+00	1	3.089866e-03
1.405199e-01	8.318794e-01	0.000000e+00	1	3.089866e-03
1.363441e-01	8.381365e-01	0.000000e+00	1	3.064496e-03
1.650661e-01	8.114286e-01	0.000000e+00	1	3.060450e-03
1.669601e-01	8.089746e-01	0.000000e+00	1	3.039286e-03
1.557623e-01	8.156381e-01	0.000000e+00	1	3.037041e-03
1.397578e-01	8.328063e-01	0.000000e+00	1	3.034061e-03
1.502326e-01	8.184317e-01	0.000000e+00	1	3.033433e-03
1.451554e-01	8.243143e-01	0.000000e+00	1	3.011544e-03
1.388401e-01	8.346381e-01	0.000000e+00	1	3.007937e-03
1.647069e-01	8.125968e-01	0.000000e+00	1	2.958141e-03
1.415977e-01	8.306730e-01	0.000000e+00	1	2.948631e-03
1.456260e-01	8.234921e-01	0.000000e+00	1	2.948002e-03
1.451554e-01	8.243143e-01	0.000000e+00	1	2.948002e-03
1.398607e-01	8.325905e-01	0.000000e+00	1	2.933741e-03
1.515356e-01	8.169270e-01	0.000000e+00	1	2.933558e-03
1.425930e-01	8.301175e-01	0.000000e+00	1	2.923393e-03
1.559485e-01	8.155206e-01	0.000000e+00	1	2.922506e-03
1.650625e-01	8.116222e-01	0.000000e+00	1	2.903541e-03
1.459128e-01	8.231238e-01	0.000000e+00	1	2.892776e-03
1.389747e-01	8.342603e-01	0.000000e+00	1	2.887133e-03
1.382098e-01	8.367016e-01	0.000000e+00	1	2.870125e-03
1.384127e-01	8.364667e-01	0.000000e+00	1	2.870125e-03
1.589557e-01	8.144730e-01	0.000000e+00	1	2.864925e-03
1.459726e-01	8.229714e-01	0.000000e+00	1	2.852595e-03
1.343767e-01	8.416095e-01	0.000000e+00	1	2.847371e-03
1.686834e-01	8.078127e-01	0.000000e+00	1	2.844236e-03
1.345299e-01	8.411206e-01	0.000000e+00	1	2.824041e-03
1.467872e-01	8.210603e-01	0.000000e+00	1	2.823908e-03
1.471602e-01	8.203714e-01	0.000000e+00	1	2.823908e-03
1.474282e-01	8.198413e-01	0.000000e+00	1	2.823908e-03
1.460589e-01	8.229016e-01	0.000000e+00	1	2.823908e-03
1.475259e-01	8.197079e-01	0.000000e+00	1	2.823908e-03
1.465689e-01	8.214698e-01	0.000000e+00	1	2.823908e-03
1.381687e-01	8.369619e-01	0.000000e+00	1	2.800632e-03
1.391340e-01	8.337714e-01	0.000000e+00	1	2.800632e-03
1.387515e-01	8.347556e-01	0.000000e+00	1	2.798802e-03
1.389107e-01	8.342667e-01	0.000000e+00	1	2.798802e-03
1.391205e-01	8.338254e-01	0.000000e+00	1	2.798802e-03
1.665588e-01	8.092984e-01	0.000000e+00	1	2.788324e-03
1.345224e-01	8.412127e-01	0.000000e+00	1	2.782081e-03
1.416802e-01	8.306063e-01	0.000000e+00	1	2.771527e-03
1.406106e-01	8.318413e-01	0.000000e+00	1	2.771527e-03
1.418731e-01	8.304667e-01	0.000000e+00	1	2.771527e-03
1.419657e-01	8.303556e-01	0.000000e+00	1	2.771527e-03
1.415395e-01	8.306794e-01	0.000000e+00	1	2.771527e-03
1.411148e-01	8.311905e-01	0.000000e+00	1	2.771527e-03
1.348423e-01	8.403460e-01	0.000000e+00	1	2.740254e-03
1.390454e-01	8.338889e-01	0.000000e+00	1	2.734089e-03
1.392451e-01	8.335810e-01	0.000000e+00	1	2.730067e-03
1.480679e-01	8.191079e-01	0.000000e+00	1	2.728679e-03
1.512435e-01	8.172286e-01	0.000000e+00	1	2.725727e-03
1.344113e-01	8.414032e-01	0.000000e+00	1	2.718755e-03
1.407588e-01	8.316476e-01	0.000000e+00	1	2.701824e-03
1.387414e-01	8.348889e-01	0.000000e+00	1	2.686306e-03
1.353877e-01	8.391079e-01	0.000000e+00	1	2.680428e-03
1.586803e-01	8.149778e-01	0.000000e+00	1	2.670812e-03
1.588962e-01	8.145302e-01	0.000000e+00	1	2.670812e-03
1.501660e-01	8.184698e-01	0.000000e+00	1	2.656366e-03
1.402620e-01	8.321556e-01	0.000000e+00	1	2.650878e-03
1.589954e-01	8.144190e-01	0.000000e+00	1	2.636459e-03
1.468983e-01	8.209651e-01	0.000000e+00	1	2.633714e-03
1.464181e-01	8.219683e-01	0.000000e+00	1	2.633714e-03
1.587682e-01	8.149238e-01	0.000000e+00	1	2.620626e-03
1.505803e-01	8.180063e-01	0.000000e+00	1	2.618928e-03
1.497326e-01	8.186317e-01	0.000000e+00	1	2.615163e-03
1.345224e-01	8.412127e-01	0.000000e+00	1	2.614906e-03
1.360343e-01	8.384698e-01	0.000000e+00	1	2.612606e-03
1.359001e-01	8.387048e-01	0.000000e+00	1	2.612606e-03
1.349938e-01	8.400667e-01	0.000000e+00	1	2.584965e-03
1.350406e-01	8.399206e-01	0.000000e+00	1	2.584965e-03
1.349295e-01	8.401111e-01	0.000000e+00	1	2.584965e-03
1.348827e-01	8.402571e-01	0.000000e+00	1	2.584965e-03
1.399718e-01	8.324000e-01	0.000000e+00	1	2.572372e-03
1.399052e-01	8.325238e-01	0.000000e+00	1	2.572372e-03
1.466800e-01	8.213746e-01	0.000000e+00	1	2.532844e-03
1.587732e-01	8.148190e-01	0.000000e+00	1	2.528272e-03
1.467872e-01	8.210603e-01	0.000000e+00	1	2.518633e-03
1.392552e-01	8.334476e-01	0.000000e+00	1	2.510769e-03
1.559710e-01	8.154095e-01	0.000000e+00	1	2.510010e-03
1.348423e-01	8.403460e-01	0.000000e+00	1	2.509620e-03
1.344113e-01	8.414032e-01	0.000000e+00	1	2.509620e-03
1.509782e-01	8.175175e-01	0.000000e+00	1	2.506456e-03
1.508369e-01	8.177238e-01	0.000000e+00	1	2.506456e-03
1.467777e-01	8.212413e-01	0.000000e+00	1	2.485010e-03
1.347312e-01	8.405365e-01	0.000000e+00	1	2.467793e-03
1.359607e-01	8.385714e-01	0.000000e+00	1	2.435578e-03
1.385658e-01	8.361333e-01	0.000000e+00	1	2.427820e-03
1.405014e-01	8.319587e-01	0.000000e+00	1	2.418415e-03
1.558363e-01	8.156222e-01	0.000000e+00	1	2.384529e-03
1.360113e-01	8.385143e-01	0.000000e+00	1	2.377397e-03
1.393565e-01	8.332413e-01	0.000000e+00	1	2.368881e-03
1.644676e-01	8.131238e-01	0.000000e+00	1	2.367391e-03
1.416903e-01	8.305619e-01	0.000000e+00	1	2.344635e-03
1.392570e-01	8.334032e-01	0.000000e+00	1	2.321227e-03
1.408699e-01	8.314571e-01	0.000000e+00	1	2.319817e-03
1.361732e-01	8.383365e-01	0.000000e+00	1	2.309575e-03
1.564711e-01	8.152984e-01	0.000000e+00	1	2.300875e-03
1.380751e-01	8.370794e-01	0.000000e+00	1	2.297401e-03
1.478065e-01	8.193714e-01	0.000000e+00	1	2.294682e-03
1.412675e-01	8.310000e-01	0.000000e+00	1	2.272713e-03
1.414049e-01	8.308127e-01	0.000000e+00	1	2.272713e-03
1.388502e-01	8.345048e-01	0.000000e+00	1	2.264823e-03
1.394676e-01	8.330508e-01	0.000000e+00	1	2.259232e-03
1.427318e-01	8.299841e-01	0.000000e+00	1	2.254161e-03
1.650375e-01	8.117460e-01	0.000000e+00	1	2.223910e-03
1.651021e-01	8.112984e-01	0.000000e+00	1	2.223910e-03
1.406125e-01	8.317683e-01	0.000000e+00	1	2.222786e-03
1.648854e-01	8.121397e-01	0.000000e+00	1	2.220331e-03
1.400163e-01	8.323333e-01	0.000000e+00	1	2.211761e-03
1.392218e-01	8.336190e-01	0.000000e+00	1	2.179339e-03
1.661537e-01	8.099048e-01	0.000000e+00	1	2.175001e-03
1.384547e-01	8.363238e-01	0.000000e+00	1	2.174115e-03
1.385484e-01	8.362063e-01	0.000000e+00	1	2.173096e-03
1.466800e-01	8.213746e-01	0.000000e+00	1	2.154676e-03
1.586512e-01	8.150794e-01	0.000000e+00	1	2.141197e-03
1.514522e-01	8.170000e-01	0.000000e+00	1	2.138845e-03
1.459726e-01	8.229714e-01	0.000000e+00	1	2.138217e-03
1.412074e-01	8.310794e-01	0.000000e+00	1	2.134377e-03
1.381341e-01	8.370730e-01	0.000000e+00	1	2.125704e-03
1.382688e-01	8.366952e-01	0.000000e+00	1	2.125704e-03
1.397613e-01	8.327524e-01	0.000000e+00	1	2.110498e-03
1.460837e-01	8.228762e-01	0.000000e+00	1	2.107809e-03
1.380010e-01	8.373079e-01	0.000000e+00	1	2.104595e-03
1.380405e-01	8.371905e-01	0.000000e+00	1	2.104595e-03
1.389848e-01	8.341270e-01	0.000000e+00	1	2.103838e-03
1.665360e-01	8.094317e-01	0.000000e+00	1	2.078600e-03
1.665588e-01	8.092984e-01	0.000000e+00	1	2.078600e-03
1.557398e-01	8.157492e-01	0.000000e+00	1	2.074629e-03
1.556284e-01	8.160222e-01	0.000000e+00	1	2.064545e-03
1.557239e-01	8.158825e-01	0.000000e+00	1	2.064545e-03
1.381751e-01	8.368127e-01	0.000000e+00	1	2.056211e-03
1.390094e-01	8.340159e-01	0.000000e+00	1	2.020184e-03
1.388861e-01	8.343778e-01	0.000000e+00	1	2.020184e-03
1.599430e-01	8.138286e-01	0.000000e+00	1	2.017831e-03
1.662542e-01	8.097524e-01	0.000000e+00	1	2.007696e-03
1.661537e-01	8.099048e-01	0.000000e+00	1	2.007696e-03
1.404583e-01	8.319968e-01	0.000000e+00	1	1.992593e-03
1.651839e-01	8.112063e-01	0.000000e+00	1	1.990948e-03
1.390094e-01	8.340159e-01	0.000000e+00	1	1.972034e-03
1.388861e-01	8.343778e-01	0.000000e+00	1	1.972034e-03
1.507216e-01	8.178000e-01	0.000000e+00	1	1.969526e-03
1.662542e-01	8.097524e-01	0.000000e+00	1	1.961372e-03
1.653569e-01	8.105968e-01	0.000000e+00	1	1.961372e-03
1.655839e-01	8.101905e-01	0.000000e+00	1	1.961372e-03
1.648854e-01	8.121397e-01	0.000000e+00	1	1.961372e-03
1.383034e-01	8.365841e-01	0.000000e+00	1	1.953015e-03
1.381751e-01	8.368127e-01	0.000000e+00	1	1.953015e-03
1.381516e-01	8.370000e-01	0.000000e+00	1	1.953015e-03
1.382862e-01	8.366222e-01	0.000000e+00	1	1.953015e-03
1.598716e-01	8.139238e-01	0.000000e+00	1	1.924432e-03
1.386166e-01	8.360952e-01	0.000000e+00	1	1.905622e-03
1.384648e-01	8.362825e-01	0.000000e+00	1	1.905622e-03
1.585358e-01	8.152127e-01	0.000000e+00	1	1.904681e-03
1.387515e-01	8.347556e-01	0.000000e+00	1	1.899379e-03
1.412609e-01	8.310413e-01	0.000000e+00	1	1.894414e-03
1.411167e-01	8.311175e-01	0.000000e+00	1	1.894414e-03
1.514522e-01	8.170000e-01	0.000000e+00	1	1.882917e-03
1.407352e-01	8.317016e-01	0.000000e+00	1	1.872051e-03
1.467705e-01	8.213302e-01	0.000000e+00	1	1.863612e-03
1.458017e-01	8.232190e-01	0.000000e+00	1	1.855174e-03
1.458501e-01	8.231302e-01	0.000000e+00	1	1.855174e-03
1.556284e-01	8.160222e-01	0.000000e+00	1	1.849922e-03
1.418149e-01	8.304730e-01	0.000000e+00	1	1.842710e-03
1.386654e-01	8.357778e-01	0.000000e+00	1	1.840963e-03
1.393515e-01	8.333746e-01	0.000000e+00	1	1.828057e-03
1.401107e-01	8.323048e-01	0.000000e+00	1	1.828057e-03
1.667754e-01	8.091460e-01	0.000000e+00	1	1.827638e-03
1.394676e-01	8.330508e-01	0.000000e+00	1	1.819486e-03
1.590896e-01	8.142381e-01	0.000000e+00	1	1.816978e-03
1.388502e-01	8.345048e-01	0.000000e+00	1	1.815725e-03
1.586021e-01	8.151905e-01	0.000000e+00	1	1.813425e-03
1.558363e-01	8.156222e-01	0.000000e+00	1	1.793177e-03
1.462904e-01	8.223333e-01	0.000000e+00	1	1.782964e-03
1.411749e-01	8.311111e-01	0.000000e+00	1	1.782675e-03
1.406969e-01	8.317651e-01	0.000000e+00	1	1.782675e-03
1.556126e-01	8.160603e-01	0.000000e+00	1	1.781840e-03
1.559485e-01	8.155206e-01	0.000000e+00	1	1.781840e-03
1.556059e-01	8.161333e-01	0.000000e+00	1	1.781840e-03
1.515356e-01	8.169270e-01	0.000000e+00	1	1.780768e-03
1.465158e-01	8.218349e-01	0.000000e+00	1	1.770031e-03
1.465523e-01	8.217397e-01	0.000000e+00	1	1.770031e-03
1.469960e-01	8.208317e-01	0.000000e+00	1	1.770031e-03
1.650661e-01	8.114286e-01	0.000000e+00	1	1.766296e-03
1.402991e-01	8.321111e-01	0.000000e+00	1	1.760835e-03
1.423176e-01	8.303238e-01	0.000000e+00	1	1.759056e-03
1.409625e-01	8.313460e-01	0.000000e+00	1	1.758901e-03
1.662542e-01	8.097524e-01	0.000000e+00	1	1.756734e-03
1.655839e-01	8.101905e-01	0.000000e+00	1	1.756734e-03
1.471602e-01	8.203714e-01	0.000000e+00	1	1.756734e-03
1.386755e-01	8.356444e-01	0.000000e+00	1	1.756734e-03
1.667754e-01	8.091460e-01	0.000000e+00	1	1.756734e-03
1.586531e-01	8.150032e-01	0.000000e+00	1	1.750333e-03
1.592443e-01	8.141048e-01	0.000000e+00	1	1.746570e-03
1.593414e-01	8.140317e-01	0.000000e+00	1	1.746570e-03
1.348827e-01	8.402571e-01	0.000000e+00	1	1.741737e-03
1.460837e-01	8.228762e-01	0.000000e+00	1	1.713520e-03
1.401107e-01	8.323048e-01	0.000000e+00	1	1.709837e-03
1.393515e-01	8.333746e-01	0.000000e+00	1	1.709837e-03
1.395121e-01	8.329841e-01	0.000000e+00	1	1.709837e-03
1.345299e-01	8.411206e-01	0.000000e+00	1	1.702053e-03
1.365931e-01	8.380413e-01	0.000000e+00	1	1.701321e-03
1.388401e-01	8.346381e-01	0.000000e+00	1	1.690244e-03
1.557398e-01	8.157492e-01	0.000000e+00	1	1.688102e-03
1.650625e-01	8.116222e-01	0.000000e+00	1	1.682642e-03
1.462810e-01	8.224508e-01	0.000000e+00	1	1.679272e-03
1.594247e-01	8.139937e-01	0.000000e+00	1	1.678747e-03
1.600263e-01	8.137905e-01	0.000000e+00	1	1.678747e-03
1.598438e-01	8.139397e-01	0.000000e+00	1	1.678747e-03
1.599986e-01	8.138063e-01	0.000000e+00	1	1.678747e-03
1.593970e-01	8.140095e-01	0.000000e+00	1	1.678747e-03
1.592443e-01	8.141048e-01	0.000000e+00	1	1.663882e-03
1.593414e-01	8.140317e-01	0.000000e+00	1	1.663882e-03
1.386267e-01	8.360540e-01	0.000000e+00	1	1.650899e-03
1.359010e-01	8.385810e-01	0.000000e+00	1	1.643140e-03
1.413123e-01	8.309238e-01	0.000000e+00	1	1.635563e-03
1.505210e-01	8.181968e-01	0.000000e+00	1	1.631643e-03
1.389848e-01	8.341270e-01	0.000000e+00	1	1.606590e-03
1.690453e-01	8.067683e-01	0.000000e+00	1	1.605911e-03
1.591549e-01	8.142063e-01	0.000000e+00	1	1.593474e-03
1.649447e-01	8.118444e-01	0.000000e+00	1	1.585899e-03
1.408081e-01	8.315746e-01	0.000000e+00	1	1.573698e-03
1.409130e-01	8.314190e-01	0.000000e+00	1	1.571320e-03
1.344113e-01	8.414032e-01	0.000000e+00	1	1.569098e-03
1.473171e-01	8.199365e-01	0.000000e+00	1	1.569098e-03
1.591866e-01	8.141651e-01	0.000000e+00	1	1.523876e-03
1.393682e-01	8.332127e-01	0.000000e+00	1	1.506346e-03
1.395121e-01	8.329841e-01	0.000000e+00	1	1.506346e-03
1.399718e-01	8.324000e-01	0.000000e+00	1	1.506346e-03
1.399052e-01	8.325238e-01	0.000000e+00	1	1.506346e-03
1.349938e-01	8.400667e-01	0.000000e+00	1	1.493753e-03
1.349295e-01	8.401111e-01	0.000000e+00	1	1.493753e-03
1.463070e-01	8.220635e-01	0.000000e+00	1	1.490175e-03
1.470324e-01	8.207365e-01	0.000000e+00	1	1.490175e-03
1.506295e-01	8.179460e-01	0.000000e+00	1	1.489599e-03
1.384145e-01	8.363937e-01	0.000000e+00	1	1.487718e-03
1.413956e-01	8.309079e-01	0.000000e+00	1	1.476877e-03
1.358404e-01	8.387143e-01	0.000000e+00	1	1.466112e-03
1.357899e-01	8.387714e-01	0.000000e+00	1	1.466112e-03
1.380010e-01	8.373079e-01	0.000000e+00	1	1.463945e-03
1.692776e-01	8.062667e-01	0.000000e+00	1	1.463945e-03
1.380405e-01	8.371905e-01	0.000000e+00	1	1.463945e-03
1.352766e-01	8.392984e-01	0.000000e+00	1	1.462480e-03
1.502326e-01	8.184317e-01	0.000000e+00	1	1.443383e-03
1.651839e-01	8.112063e-01	0.000000e+00	1	1.432490e-03
1.360719e-01	8.383810e-01	0.000000e+00	1	1.431207e-03
1.649183e-01	8.120667e-01	0.000000e+00	1	1.425618e-03
1.662542e-01	8.097524e-01	0.000000e+00	1	1.419320e-03
1.661537e-01	8.099048e-01	0.000000e+00	1	1.419320e-03
1.413921e-01	8.309111e-01	0.000000e+00	1	1.385958e-03
1.471602e-01	8.203714e-01	0.000000e+00	1	1.378904e-03
1.507216e-01	8.178000e-01	0.000000e+00	1	1.376946e-03
1.507628e-01	8.177397e-01	0.000000e+00	1	1.376946e-03
1.407032e-01	8.317302e-01	0.000000e+00	1	1.376894e-03
1.650264e-01	8.117524e-01	0.000000e+00	1	1.369893e-03
1.591271e-01	8.142222e-01	0.000000e+00	1	1.341049e-03
1.457094e-01	8.233905e-01	0.000000e+00	1	1.338464e-03
1.456260e-01	8.234921e-01	0.000000e+00	1	1.338464e-03
1.362052e-01	8.382698e-01	0.000000e+00	1	1.330077e-03
1.599179e-01	8.138730e-01	0.000000e+00	1	1.323023e-03
1.350481e-01	8.398286e-01	0.000000e+00	1	1.318269e-03
1.350406e-01	8.399206e-01	0.000000e+00	1	1.318269e-03
1.416903e-01	8.305619e-01	0.000000e+00	1	1.314036e-03
1.410056e-01	8.313079e-01	0.000000e+00	1	1.307191e-03
1.408524e-01	8.315302e-01	0.000000e+00	1	1.307191e-03
1.457094e-01	8.233905e-01	0.000000e+00	1	1.303506e-03
1.398515e-01	8.326889e-01	0.000000e+00	1	1.296637e-03
1.413123e-01	8.309238e-01	0.000000e+00	1	1.294650e-03
1.667207e-01	8.092603e-01	0.000000e+00	1	1.274351e-03
1.398515e-01	8.326889e-01	0.000000e+00	1	1.273958e-03
1.467705e-01	8.213302e-01	0.000000e+00	1	1.272027e-03
1.589954e-01	8.144190e-01	0.000000e+00	1	1.271451e-03
1.506295e-01	8.179460e-01	0.000000e+00	1	1.255200e-03
1.507628e-01	8.177397e-01	0.000000e+00	1	1.255200e-03
1.470491e-01	8.204667e-01	0.000000e+00	1	1.254810e-03
1.473171e-01	8.199365e-01	0.000000e+00	1	1.254810e-03
1.510253e-01	8.174730e-01	0.000000e+00	1	1.251256e-03
1.650264e-01	8.117524e-01	0.000000e+00	1	1.238062e-03
1.585626e-01	8.152063e-01	0.000000e+00	1	1.228605e-03
1.385156e-01	8.362444e-01	0.000000e+00	1	1.219226e-03
1.565452e-01	8.152825e-01	0.000000e+00	1	1.213373e-03
1.651021e-01	8.112984e-01	0.000000e+00	1	1.212983e-03
1.408514e-01	8.315365e-01	0.000000e+00	1	1.212198e-03
1.480549e-01	8.191333e-01	0.000000e+00	1	1.203315e-03
1.409130e-01	8.314190e-01	0.000000e+00	1	1.200207e-03
1.408081e-01	8.315746e-01	0.000000e+00	1	1.197829e-03
1.367320e-01	8.379079e-01	0.000000e+00	1	1.171156e-03
1.355317e-01	8.388794e-01	0.000000e+00	1	1.171156e-03
1.360719e-01	8.383810e-01	0.000000e+00	1	1.171156e-03
1.418149e-01	8.304730e-01	0.000000e+00	1	1.171156e-03
1.467777e-01	8.212413e-01	0.000000e+00	1	1.171156e-03
1.651021e-01	8.112984e-01	0.000000e+00	1	1.154408e-03
1.360719e-01	8.383810e-01	0.000000e+00	1	1.115743e-03
1.404583e-01	8.319968e-01	0.000000e+00	1	1.111223e-03
1.409635e-01	8.313397e-01	0.000000e+00	1	1.111223e-03
1.402991e-01	8.321111e-01	0.000000e+00	1	1.109290e-03
1.586259e-01	8.151365e-01	0.000000e+00	1	1.089121e-03
1.591888e-01	8.141270e-01	0.000000e+00	1	1.077338e-03
1.588406e-01	8.145524e-01	0.000000e+00	1	1.077338e-03
1.586259e-01	8.151365e-01	0.000000e+00	1	1.068456e-03
1.560451e-01	8.153937e-01	0.000000e+00	1	1.046065e-03
1.361732e-01	8.383365e-01	0.000000e+00	1	1.037288e-03
1.513189e-01	8.170222e-01	0.000000e+00	1	1.016988e-03
1.511102e-01	8.172508e-01	0.000000e+00	1	1.016988e-03
1.410056e-01	8.313079e-01	0.000000e+00	1	1.012625e-03
1.400163e-01	8.323333e-01	0.000000e+00	1	1.004422e-03
1.384145e-01	8.363937e-01	0.000000e+00	1	9.874934e-04
1.359010e-01	8.385810e-01	0.000000e+00	1	9.694655e-04
1.358404e-01	8.387143e-01	0.000000e+00	1	9.694655e-04
1.458501e-01	8.231302e-01	0.000000e+00	1	9.687339e-04
1.398515e-01	8.326889e-01	0.000000e+00	1	9.672982e-04
1.505803e-01	8.180063e-01	0.000000e+00	1	9.658874e-04
1.385156e-01	8.362444e-01	0.000000e+00	1	9.645023e-04
1.648854e-01	8.121397e-01	0.000000e+00	1	9.620211e-04
1.599179e-01	8.138730e-01	0.000000e+00	1	9.404931e-04
1.459128e-01	8.231238e-01	0.000000e+00	1	9.285529e-04
1.415395e-01	8.306794e-01	0.000000e+00	1	9.055624e-04
1.418731e-01	8.304667e-01	0.000000e+00	1	9.055624e-04
1.686834e-01	8.078127e-01	0.000000e+00	1	8.969670e-04
1.510253e-01	8.174730e-01	0.000000e+00	1	8.921606e-04
Total execution time: 39793.063
