# This file contains the data of final feasible population (if found)
# of objectives = 2, # of constraints = 0, # of real_var = 0, # of bits of bin_var = 0, constr_violation, rank, crowding_distance
1.970000e+02	1.440000e+02	0.000000e+00	1	1.000000e+14
1.180000e+02	2.460000e+02	0.000000e+00	1	1.000000e+14
1.210000e+02	2.360000e+02	0.000000e+00	1	5.534872e-02
1.210000e+02	2.360000e+02	0.000000e+00	1	5.330107e-02
1.180000e+02	2.460000e+02	0.000000e+00	1	4.901961e-02
1.920000e+02	1.500000e+02	0.000000e+00	1	4.839911e-02
1.890000e+02	1.530000e+02	0.000000e+00	1	4.635145e-02
1.840000e+02	1.550000e+02	0.000000e+00	1	4.635145e-02
1.680000e+02	1.690000e+02	0.000000e+00	1	4.430380e-02
1.540000e+02	1.890000e+02	0.000000e+00	1	4.430380e-02
1.470000e+02	1.900000e+02	0.000000e+00	1	4.430380e-02
1.750000e+02	1.660000e+02	0.000000e+00	1	4.430380e-02
1.830000e+02	1.580000e+02	0.000000e+00	1	4.002234e-02
1.600000e+02	1.820000e+02	0.000000e+00	1	4.002234e-02
1.220000e+02	2.290000e+02	0.000000e+00	1	3.431373e-02
1.560000e+02	1.850000e+02	0.000000e+00	1	3.226607e-02
1.400000e+02	1.930000e+02	0.000000e+00	1	3.164557e-02
1.450000e+02	1.910000e+02	0.000000e+00	1	3.164557e-02
1.970000e+02	1.440000e+02	0.000000e+00	1	3.164557e-02
1.920000e+02	1.500000e+02	0.000000e+00	1	3.164557e-02
1.640000e+02	1.800000e+02	0.000000e+00	1	3.083892e-02
1.400000e+02	1.930000e+02	0.000000e+00	1	2.941176e-02
1.680000e+02	1.690000e+02	0.000000e+00	1	2.941176e-02
1.650000e+02	1.750000e+02	0.000000e+00	1	2.941176e-02
1.750000e+02	1.660000e+02	0.000000e+00	1	2.941176e-02
1.790000e+02	1.600000e+02	0.000000e+00	1	2.941176e-02
1.390000e+02	1.990000e+02	0.000000e+00	1	2.941176e-02
1.970000e+02	1.440000e+02	0.000000e+00	1	2.941176e-02
1.360000e+02	2.050000e+02	0.000000e+00	1	2.879126e-02
1.790000e+02	1.600000e+02	0.000000e+00	1	2.531646e-02
1.750000e+02	1.660000e+02	0.000000e+00	1	2.531646e-02
1.790000e+02	1.600000e+02	0.000000e+00	1	2.531646e-02
1.560000e+02	1.850000e+02	0.000000e+00	1	2.531646e-02
1.650000e+02	1.750000e+02	0.000000e+00	1	2.450980e-02
1.320000e+02	2.090000e+02	0.000000e+00	1	2.450980e-02
1.310000e+02	2.140000e+02	0.000000e+00	1	2.450980e-02
1.220000e+02	2.290000e+02	0.000000e+00	1	2.450980e-02
1.240000e+02	2.240000e+02	0.000000e+00	1	2.450980e-02
1.260000e+02	2.230000e+02	0.000000e+00	1	1.960784e-02
1.270000e+02	2.190000e+02	0.000000e+00	1	1.960784e-02
1.540000e+02	1.890000e+02	0.000000e+00	1	1.960784e-02
1.680000e+02	1.690000e+02	0.000000e+00	1	1.898734e-02
1.650000e+02	1.750000e+02	0.000000e+00	1	1.898734e-02
1.330000e+02	2.070000e+02	0.000000e+00	1	1.898734e-02
1.890000e+02	1.530000e+02	0.000000e+00	1	1.898734e-02
1.180000e+02	2.460000e+02	0.000000e+00	1	1.898734e-02
1.470000e+02	1.900000e+02	0.000000e+00	1	1.756019e-02
1.600000e+02	1.820000e+02	0.000000e+00	1	1.756019e-02
1.620000e+02	1.810000e+02	0.000000e+00	1	1.756019e-02
1.750000e+02	1.660000e+02	0.000000e+00	1	1.470588e-02
1.380000e+02	2.000000e+02	0.000000e+00	1	1.470588e-02
1.680000e+02	1.690000e+02	0.000000e+00	1	1.470588e-02
1.920000e+02	1.500000e+02	0.000000e+00	1	1.470588e-02
1.560000e+02	1.850000e+02	0.000000e+00	1	1.470588e-02
1.370000e+02	2.030000e+02	0.000000e+00	1	1.470588e-02
1.220000e+02	2.290000e+02	0.000000e+00	1	1.265823e-02
1.240000e+02	2.240000e+02	0.000000e+00	1	1.265823e-02
1.260000e+02	2.230000e+02	0.000000e+00	1	1.265823e-02
1.640000e+02	1.800000e+02	0.000000e+00	1	1.265823e-02
1.450000e+02	1.910000e+02	0.000000e+00	1	1.265823e-02
1.620000e+02	1.810000e+02	0.000000e+00	1	1.265823e-02
1.240000e+02	2.240000e+02	0.000000e+00	1	1.265823e-02
1.540000e+02	1.890000e+02	0.000000e+00	1	1.265823e-02
1.300000e+02	2.150000e+02	0.000000e+00	1	1.123107e-02
1.280000e+02	2.180000e+02	0.000000e+00	1	1.123107e-02
1.290000e+02	2.160000e+02	0.000000e+00	1	1.123107e-02
1.320000e+02	2.090000e+02	0.000000e+00	1	9.803922e-03
1.400000e+02	1.930000e+02	0.000000e+00	1	9.803922e-03
1.830000e+02	1.580000e+02	0.000000e+00	1	9.803922e-03
1.280000e+02	2.180000e+02	0.000000e+00	1	9.803922e-03
1.790000e+02	1.600000e+02	0.000000e+00	1	9.803922e-03
1.840000e+02	1.550000e+02	0.000000e+00	1	9.803922e-03
1.890000e+02	1.530000e+02	0.000000e+00	1	9.803922e-03
1.330000e+02	2.070000e+02	0.000000e+00	1	9.803922e-03
1.290000e+02	2.160000e+02	0.000000e+00	1	9.803922e-03
1.360000e+02	2.050000e+02	0.000000e+00	1	9.803922e-03
1.370000e+02	2.030000e+02	0.000000e+00	1	9.803922e-03
1.330000e+02	2.070000e+02	0.000000e+00	1	9.803922e-03
1.450000e+02	1.910000e+02	0.000000e+00	1	9.803922e-03
1.840000e+02	1.550000e+02	0.000000e+00	1	6.329114e-03
1.400000e+02	1.930000e+02	0.000000e+00	1	6.329114e-03
1.330000e+02	2.070000e+02	0.000000e+00	1	6.329114e-03
1.290000e+02	2.160000e+02	0.000000e+00	1	6.329114e-03
1.270000e+02	2.190000e+02	0.000000e+00	1	6.329114e-03
1.390000e+02	1.990000e+02	0.000000e+00	1	6.329114e-03
1.320000e+02	2.090000e+02	0.000000e+00	1	6.329114e-03
1.320000e+02	2.090000e+02	0.000000e+00	1	6.329114e-03
1.380000e+02	2.000000e+02	0.000000e+00	1	6.329114e-03
1.260000e+02	2.230000e+02	0.000000e+00	1	6.329114e-03
1.300000e+02	2.150000e+02	0.000000e+00	1	6.329114e-03
1.380000e+02	2.000000e+02	0.000000e+00	1	6.329114e-03
1.280000e+02	2.180000e+02	0.000000e+00	1	6.329114e-03
1.310000e+02	2.140000e+02	0.000000e+00	1	6.329114e-03
1.310000e+02	2.140000e+02	0.000000e+00	1	6.329114e-03
1.370000e+02	2.030000e+02	0.000000e+00	1	6.329114e-03
1.220000e+02	2.290000e+02	0.000000e+00	1	6.329114e-03
1.830000e+02	1.580000e+02	0.000000e+00	1	6.329114e-03
1.650000e+02	1.750000e+02	0.000000e+00	1	6.329114e-03
1.270000e+02	2.190000e+02	0.000000e+00	1	6.329114e-03
1.360000e+02	2.050000e+02	0.000000e+00	1	6.329114e-03
1.370000e+02	2.030000e+02	0.000000e+00	1	6.329114e-03
1.390000e+02	1.990000e+02	0.000000e+00	1	6.329114e-03
1.310000e+02	2.140000e+02	0.000000e+00	1	4.901961e-03
1.270000e+02	2.190000e+02	0.000000e+00	1	4.901961e-03
1.450000e+02	1.910000e+02	0.000000e+00	1	4.901961e-03
1.380000e+02	2.000000e+02	0.000000e+00	1	4.901961e-03
1.470000e+02	1.900000e+02	0.000000e+00	1	4.901961e-03
1.620000e+02	1.810000e+02	0.000000e+00	1	4.901961e-03
1.640000e+02	1.800000e+02	0.000000e+00	1	4.901961e-03
1.300000e+02	2.150000e+02	0.000000e+00	1	4.901961e-03
1.260000e+02	2.230000e+02	0.000000e+00	1	4.901961e-03
1.240000e+02	2.240000e+02	0.000000e+00	1	4.901961e-03
1.540000e+02	1.890000e+02	0.000000e+00	1	4.901961e-03
1.390000e+02	1.990000e+02	0.000000e+00	1	4.901961e-03
1.470000e+02	1.900000e+02	0.000000e+00	1	0.000000e+00
1.840000e+02	1.550000e+02	0.000000e+00	1	0.000000e+00
1.400000e+02	1.930000e+02	0.000000e+00	1	0.000000e+00
1.470000e+02	1.900000e+02	0.000000e+00	1	0.000000e+00
1.400000e+02	1.930000e+02	0.000000e+00	1	0.000000e+00
1.400000e+02	1.930000e+02	0.000000e+00	1	0.000000e+00
1.400000e+02	1.930000e+02	0.000000e+00	1	0.000000e+00
1.180000e+02	2.460000e+02	0.000000e+00	1	0.000000e+00
1.400000e+02	1.930000e+02	0.000000e+00	1	0.000000e+00
1.380000e+02	2.000000e+02	0.000000e+00	1	0.000000e+00
1.470000e+02	1.900000e+02	0.000000e+00	1	0.000000e+00
1.680000e+02	1.690000e+02	0.000000e+00	1	0.000000e+00
1.390000e+02	1.990000e+02	0.000000e+00	1	0.000000e+00
1.380000e+02	2.000000e+02	0.000000e+00	1	0.000000e+00
1.680000e+02	1.690000e+02	0.000000e+00	1	0.000000e+00
1.400000e+02	1.930000e+02	0.000000e+00	1	0.000000e+00
1.620000e+02	1.810000e+02	0.000000e+00	1	0.000000e+00
1.400000e+02	1.930000e+02	0.000000e+00	1	0.000000e+00
1.790000e+02	1.600000e+02	0.000000e+00	1	0.000000e+00
1.330000e+02	2.070000e+02	0.000000e+00	1	0.000000e+00
1.380000e+02	2.000000e+02	0.000000e+00	1	0.000000e+00
1.400000e+02	1.930000e+02	0.000000e+00	1	0.000000e+00
1.640000e+02	1.800000e+02	0.000000e+00	1	0.000000e+00
1.400000e+02	1.930000e+02	0.000000e+00	1	0.000000e+00
1.380000e+02	2.000000e+02	0.000000e+00	1	0.000000e+00
1.470000e+02	1.900000e+02	0.000000e+00	1	0.000000e+00
1.210000e+02	2.360000e+02	0.000000e+00	1	0.000000e+00
1.320000e+02	2.090000e+02	0.000000e+00	1	0.000000e+00
1.470000e+02	1.900000e+02	0.000000e+00	1	0.000000e+00
1.400000e+02	1.930000e+02	0.000000e+00	1	0.000000e+00
1.400000e+02	1.930000e+02	0.000000e+00	1	0.000000e+00
1.400000e+02	1.930000e+02	0.000000e+00	1	0.000000e+00
1.330000e+02	2.070000e+02	0.000000e+00	1	0.000000e+00
1.400000e+02	1.930000e+02	0.000000e+00	1	0.000000e+00
1.330000e+02	2.070000e+02	0.000000e+00	1	0.000000e+00
1.680000e+02	1.690000e+02	0.000000e+00	1	0.000000e+00
1.400000e+02	1.930000e+02	0.000000e+00	1	0.000000e+00
1.650000e+02	1.750000e+02	0.000000e+00	1	0.000000e+00
1.320000e+02	2.090000e+02	0.000000e+00	1	0.000000e+00
1.380000e+02	2.000000e+02	0.000000e+00	1	0.000000e+00
1.380000e+02	2.000000e+02	0.000000e+00	1	0.000000e+00
1.330000e+02	2.070000e+02	0.000000e+00	1	0.000000e+00
1.400000e+02	1.930000e+02	0.000000e+00	1	0.000000e+00
1.400000e+02	1.930000e+02	0.000000e+00	1	0.000000e+00
1.330000e+02	2.070000e+02	0.000000e+00	1	0.000000e+00
1.320000e+02	2.090000e+02	0.000000e+00	1	0.000000e+00
1.400000e+02	1.930000e+02	0.000000e+00	1	0.000000e+00
1.400000e+02	1.930000e+02	0.000000e+00	1	0.000000e+00
1.400000e+02	1.930000e+02	0.000000e+00	1	0.000000e+00
1.400000e+02	1.930000e+02	0.000000e+00	1	0.000000e+00
1.390000e+02	1.990000e+02	0.000000e+00	1	0.000000e+00
1.400000e+02	1.930000e+02	0.000000e+00	1	0.000000e+00
1.400000e+02	1.930000e+02	0.000000e+00	1	0.000000e+00
1.400000e+02	1.930000e+02	0.000000e+00	1	0.000000e+00
1.470000e+02	1.900000e+02	0.000000e+00	1	0.000000e+00
1.470000e+02	1.900000e+02	0.000000e+00	1	0.000000e+00
1.330000e+02	2.070000e+02	0.000000e+00	1	0.000000e+00
1.310000e+02	2.140000e+02	0.000000e+00	1	0.000000e+00
1.400000e+02	1.930000e+02	0.000000e+00	1	0.000000e+00
1.400000e+02	1.930000e+02	0.000000e+00	1	0.000000e+00
1.400000e+02	1.930000e+02	0.000000e+00	1	0.000000e+00
1.400000e+02	1.930000e+02	0.000000e+00	1	0.000000e+00
1.470000e+02	1.900000e+02	0.000000e+00	1	0.000000e+00
1.400000e+02	1.930000e+02	0.000000e+00	1	0.000000e+00
1.330000e+02	2.070000e+02	0.000000e+00	1	0.000000e+00
1.370000e+02	2.030000e+02	0.000000e+00	1	0.000000e+00
1.650000e+02	1.750000e+02	0.000000e+00	1	0.000000e+00
1.790000e+02	1.600000e+02	0.000000e+00	1	0.000000e+00
1.330000e+02	2.070000e+02	0.000000e+00	1	0.000000e+00
1.400000e+02	1.930000e+02	0.000000e+00	1	0.000000e+00
1.400000e+02	1.930000e+02	0.000000e+00	1	0.000000e+00
1.750000e+02	1.660000e+02	0.000000e+00	1	0.000000e+00
1.470000e+02	1.900000e+02	0.000000e+00	1	0.000000e+00
1.970000e+02	1.440000e+02	0.000000e+00	1	0.000000e+00
1.400000e+02	1.930000e+02	0.000000e+00	1	0.000000e+00
1.400000e+02	1.930000e+02	0.000000e+00	1	0.000000e+00
1.970000e+02	1.440000e+02	0.000000e+00	1	0.000000e+00
1.380000e+02	2.000000e+02	0.000000e+00	1	0.000000e+00
1.400000e+02	1.930000e+02	0.000000e+00	1	0.000000e+00
1.400000e+02	1.930000e+02	0.000000e+00	1	0.000000e+00
1.390000e+02	1.990000e+02	0.000000e+00	1	0.000000e+00
1.450000e+02	1.910000e+02	0.000000e+00	1	0.000000e+00
1.470000e+02	1.900000e+02	0.000000e+00	1	0.000000e+00
1.320000e+02	2.090000e+02	0.000000e+00	1	0.000000e+00
1.400000e+02	1.930000e+02	0.000000e+00	1	0.000000e+00
1.400000e+02	1.930000e+02	0.000000e+00	1	0.000000e+00
1.180000e+02	2.460000e+02	0.000000e+00	1	0.000000e+00
1.400000e+02	1.930000e+02	0.000000e+00	1	0.000000e+00
1.370000e+02	2.030000e+02	0.000000e+00	1	0.000000e+00
1.400000e+02	1.930000e+02	0.000000e+00	1	0.000000e+00
1.400000e+02	1.930000e+02	0.000000e+00	1	0.000000e+00
1.390000e+02	1.990000e+02	0.000000e+00	1	0.000000e+00
1.450000e+02	1.910000e+02	0.000000e+00	1	0.000000e+00
1.470000e+02	1.900000e+02	0.000000e+00	1	0.000000e+00
1.400000e+02	1.930000e+02	0.000000e+00	1	0.000000e+00
1.400000e+02	1.930000e+02	0.000000e+00	1	0.000000e+00
1.400000e+02	1.930000e+02	0.000000e+00	1	0.000000e+00
1.380000e+02	2.000000e+02	0.000000e+00	1	0.000000e+00
1.470000e+02	1.900000e+02	0.000000e+00	1	0.000000e+00
1.620000e+02	1.810000e+02	0.000000e+00	1	0.000000e+00
1.400000e+02	1.930000e+02	0.000000e+00	1	0.000000e+00
1.330000e+02	2.070000e+02	0.000000e+00	1	0.000000e+00
1.320000e+02	2.090000e+02	0.000000e+00	1	0.000000e+00
1.400000e+02	1.930000e+02	0.000000e+00	1	0.000000e+00
1.400000e+02	1.930000e+02	0.000000e+00	1	0.000000e+00
1.370000e+02	2.030000e+02	0.000000e+00	1	0.000000e+00
1.390000e+02	1.990000e+02	0.000000e+00	1	0.000000e+00
1.400000e+02	1.930000e+02	0.000000e+00	1	0.000000e+00
1.750000e+02	1.660000e+02	0.000000e+00	1	0.000000e+00
1.400000e+02	1.930000e+02	0.000000e+00	1	0.000000e+00
1.400000e+02	1.930000e+02	0.000000e+00	1	0.000000e+00
1.400000e+02	1.930000e+02	0.000000e+00	1	0.000000e+00
1.400000e+02	1.930000e+02	0.000000e+00	1	0.000000e+00
1.470000e+02	1.900000e+02	0.000000e+00	1	0.000000e+00
1.400000e+02	1.930000e+02	0.000000e+00	1	0.000000e+00
1.400000e+02	1.930000e+02	0.000000e+00	1	0.000000e+00
1.400000e+02	1.930000e+02	0.000000e+00	1	0.000000e+00
1.400000e+02	1.930000e+02	0.000000e+00	1	0.000000e+00
1.390000e+02	1.990000e+02	0.000000e+00	1	0.000000e+00
1.330000e+02	2.070000e+02	0.000000e+00	1	0.000000e+00
1.380000e+02	2.000000e+02	0.000000e+00	1	0.000000e+00
1.400000e+02	1.930000e+02	0.000000e+00	1	0.000000e+00
1.330000e+02	2.070000e+02	0.000000e+00	1	0.000000e+00
1.680000e+02	1.690000e+02	0.000000e+00	1	0.000000e+00
1.400000e+02	1.930000e+02	0.000000e+00	1	0.000000e+00
1.400000e+02	1.930000e+02	0.000000e+00	1	0.000000e+00
1.400000e+02	1.930000e+02	0.000000e+00	1	0.000000e+00
1.320000e+02	2.090000e+02	0.000000e+00	1	0.000000e+00
1.400000e+02	1.930000e+02	0.000000e+00	1	0.000000e+00
1.470000e+02	1.900000e+02	0.000000e+00	1	0.000000e+00
1.330000e+02	2.070000e+02	0.000000e+00	1	0.000000e+00
1.370000e+02	2.030000e+02	0.000000e+00	1	0.000000e+00
1.400000e+02	1.930000e+02	0.000000e+00	1	0.000000e+00
1.450000e+02	1.910000e+02	0.000000e+00	1	0.000000e+00
1.620000e+02	1.810000e+02	0.000000e+00	1	0.000000e+00
1.380000e+02	2.000000e+02	0.000000e+00	1	0.000000e+00
1.320000e+02	2.090000e+02	0.000000e+00	1	0.000000e+00
1.620000e+02	1.810000e+02	0.000000e+00	1	0.000000e+00
1.470000e+02	1.900000e+02	0.000000e+00	1	0.000000e+00
1.330000e+02	2.070000e+02	0.000000e+00	1	0.000000e+00
1.400000e+02	1.930000e+02	0.000000e+00	1	0.000000e+00
1.400000e+02	1.930000e+02	0.000000e+00	1	0.000000e+00
1.400000e+02	1.930000e+02	0.000000e+00	1	0.000000e+00
1.400000e+02	1.930000e+02	0.000000e+00	1	0.000000e+00
1.540000e+02	1.890000e+02	0.000000e+00	1	0.000000e+00
1.320000e+02	2.090000e+02	0.000000e+00	1	0.000000e+00
1.330000e+02	2.070000e+02	0.000000e+00	1	0.000000e+00
1.450000e+02	1.910000e+02	0.000000e+00	1	0.000000e+00
1.680000e+02	1.690000e+02	0.000000e+00	1	0.000000e+00
1.380000e+02	2.000000e+02	0.000000e+00	1	0.000000e+00
1.210000e+02	2.360000e+02	0.000000e+00	1	0.000000e+00
1.330000e+02	2.070000e+02	0.000000e+00	1	0.000000e+00
1.470000e+02	1.900000e+02	0.000000e+00	1	0.000000e+00
1.470000e+02	1.900000e+02	0.000000e+00	1	0.000000e+00
1.400000e+02	1.930000e+02	0.000000e+00	1	0.000000e+00
1.400000e+02	1.930000e+02	0.000000e+00	1	0.000000e+00
1.380000e+02	2.000000e+02	0.000000e+00	1	0.000000e+00
1.400000e+02	1.930000e+02	0.000000e+00	1	0.000000e+00
1.470000e+02	1.900000e+02	0.000000e+00	1	0.000000e+00
1.400000e+02	1.930000e+02	0.000000e+00	1	0.000000e+00
1.390000e+02	1.990000e+02	0.000000e+00	1	0.000000e+00
1.400000e+02	1.930000e+02	0.000000e+00	1	0.000000e+00
1.220000e+02	2.290000e+02	0.000000e+00	1	0.000000e+00
1.380000e+02	2.000000e+02	0.000000e+00	1	0.000000e+00
1.400000e+02	1.930000e+02	0.000000e+00	1	0.000000e+00
1.450000e+02	1.910000e+02	0.000000e+00	1	0.000000e+00
1.380000e+02	2.000000e+02	0.000000e+00	1	0.000000e+00
1.470000e+02	1.900000e+02	0.000000e+00	1	0.000000e+00
1.450000e+02	1.910000e+02	0.000000e+00	1	0.000000e+00
1.320000e+02	2.090000e+02	0.000000e+00	1	0.000000e+00
1.380000e+02	2.000000e+02	0.000000e+00	1	0.000000e+00
1.400000e+02	1.930000e+02	0.000000e+00	1	0.000000e+00
1.330000e+02	2.070000e+02	0.000000e+00	1	0.000000e+00
1.400000e+02	1.930000e+02	0.000000e+00	1	0.000000e+00
1.400000e+02	1.930000e+02	0.000000e+00	1	0.000000e+00
1.400000e+02	1.930000e+02	0.000000e+00	1	0.000000e+00
1.470000e+02	1.900000e+02	0.000000e+00	1	0.000000e+00
1.390000e+02	1.990000e+02	0.000000e+00	1	0.000000e+00
1.400000e+02	1.930000e+02	0.000000e+00	1	0.000000e+00
1.330000e+02	2.070000e+02	0.000000e+00	1	0.000000e+00
1.260000e+02	2.230000e+02	0.000000e+00	1	0.000000e+00
1.400000e+02	1.930000e+02	0.000000e+00	1	0.000000e+00
1.400000e+02	1.930000e+02	0.000000e+00	1	0.000000e+00
1.380000e+02	2.000000e+02	0.000000e+00	1	0.000000e+00
1.290000e+02	2.160000e+02	0.000000e+00	1	0.000000e+00
1.320000e+02	2.090000e+02	0.000000e+00	1	0.000000e+00
1.400000e+02	1.930000e+02	0.000000e+00	1	0.000000e+00
1.390000e+02	1.990000e+02	0.000000e+00	1	0.000000e+00
1.300000e+02	2.150000e+02	0.000000e+00	1	0.000000e+00
1.400000e+02	1.930000e+02	0.000000e+00	1	0.000000e+00
1.370000e+02	2.030000e+02	0.000000e+00	1	0.000000e+00
1.390000e+02	1.990000e+02	0.000000e+00	1	0.000000e+00
1.400000e+02	1.930000e+02	0.000000e+00	1	0.000000e+00
1.320000e+02	2.090000e+02	0.000000e+00	1	0.000000e+00
1.290000e+02	2.160000e+02	0.000000e+00	1	0.000000e+00
1.330000e+02	2.070000e+02	0.000000e+00	1	0.000000e+00
1.330000e+02	2.070000e+02	0.000000e+00	1	0.000000e+00
1.400000e+02	1.930000e+02	0.000000e+00	1	0.000000e+00
1.380000e+02	2.000000e+02	0.000000e+00	1	0.000000e+00
1.370000e+02	2.030000e+02	0.000000e+00	1	0.000000e+00
1.400000e+02	1.930000e+02	0.000000e+00	1	0.000000e+00
1.320000e+02	2.090000e+02	0.000000e+00	1	0.000000e+00
1.370000e+02	2.030000e+02	0.000000e+00	1	0.000000e+00
1.400000e+02	1.930000e+02	0.000000e+00	1	0.000000e+00
1.300000e+02	2.150000e+02	0.000000e+00	1	0.000000e+00
1.680000e+02	1.690000e+02	0.000000e+00	1	0.000000e+00
1.330000e+02	2.070000e+02	0.000000e+00	1	0.000000e+00
1.400000e+02	1.930000e+02	0.000000e+00	1	0.000000e+00
1.400000e+02	1.930000e+02	0.000000e+00	1	0.000000e+00
1.390000e+02	1.990000e+02	0.000000e+00	1	0.000000e+00
1.400000e+02	1.930000e+02	0.000000e+00	1	0.000000e+00
1.400000e+02	1.930000e+02	0.000000e+00	1	0.000000e+00
1.470000e+02	1.900000e+02	0.000000e+00	1	0.000000e+00
1.390000e+02	1.990000e+02	0.000000e+00	1	0.000000e+00
1.400000e+02	1.930000e+02	0.000000e+00	1	0.000000e+00
1.360000e+02	2.050000e+02	0.000000e+00	1	0.000000e+00
1.330000e+02	2.070000e+02	0.000000e+00	1	0.000000e+00
1.400000e+02	1.930000e+02	0.000000e+00	1	0.000000e+00
1.400000e+02	1.930000e+02	0.000000e+00	1	0.000000e+00
1.330000e+02	2.070000e+02	0.000000e+00	1	0.000000e+00
1.330000e+02	2.070000e+02	0.000000e+00	1	0.000000e+00
1.370000e+02	2.030000e+02	0.000000e+00	1	0.000000e+00
1.270000e+02	2.190000e+02	0.000000e+00	1	0.000000e+00
1.470000e+02	1.900000e+02	0.000000e+00	1	0.000000e+00
1.220000e+02	2.290000e+02	0.000000e+00	1	0.000000e+00
1.400000e+02	1.930000e+02	0.000000e+00	1	0.000000e+00
1.370000e+02	2.030000e+02	0.000000e+00	1	0.000000e+00
1.400000e+02	1.930000e+02	0.000000e+00	1	0.000000e+00
1.390000e+02	1.990000e+02	0.000000e+00	1	0.000000e+00
1.400000e+02	1.930000e+02	0.000000e+00	1	0.000000e+00
1.310000e+02	2.140000e+02	0.000000e+00	1	0.000000e+00
1.370000e+02	2.030000e+02	0.000000e+00	1	0.000000e+00
1.390000e+02	1.990000e+02	0.000000e+00	1	0.000000e+00
1.450000e+02	1.910000e+02	0.000000e+00	1	0.000000e+00
1.390000e+02	1.990000e+02	0.000000e+00	1	0.000000e+00
1.320000e+02	2.090000e+02	0.000000e+00	1	0.000000e+00
1.470000e+02	1.900000e+02	0.000000e+00	1	0.000000e+00
1.400000e+02	1.930000e+02	0.000000e+00	1	0.000000e+00
1.400000e+02	1.930000e+02	0.000000e+00	1	0.000000e+00
1.650000e+02	1.750000e+02	0.000000e+00	1	0.000000e+00
1.330000e+02	2.070000e+02	0.000000e+00	1	0.000000e+00
1.380000e+02	2.000000e+02	0.000000e+00	1	0.000000e+00
1.380000e+02	2.000000e+02	0.000000e+00	1	0.000000e+00
1.370000e+02	2.030000e+02	0.000000e+00	1	0.000000e+00
1.650000e+02	1.750000e+02	0.000000e+00	1	0.000000e+00
1.330000e+02	2.070000e+02	0.000000e+00	1	0.000000e+00
1.400000e+02	1.930000e+02	0.000000e+00	1	0.000000e+00
1.380000e+02	2.000000e+02	0.000000e+00	1	0.000000e+00
1.400000e+02	1.930000e+02	0.000000e+00	1	0.000000e+00
1.400000e+02	1.930000e+02	0.000000e+00	1	0.000000e+00
1.370000e+02	2.030000e+02	0.000000e+00	1	0.000000e+00
1.400000e+02	1.930000e+02	0.000000e+00	1	0.000000e+00
1.400000e+02	1.930000e+02	0.000000e+00	1	0.000000e+00
1.320000e+02	2.090000e+02	0.000000e+00	1	0.000000e+00
1.400000e+02	1.930000e+02	0.000000e+00	1	0.000000e+00
1.370000e+02	2.030000e+02	0.000000e+00	1	0.000000e+00
1.370000e+02	2.030000e+02	0.000000e+00	1	0.000000e+00
1.400000e+02	1.930000e+02	0.000000e+00	1	0.000000e+00
1.330000e+02	2.070000e+02	0.000000e+00	1	0.000000e+00
1.600000e+02	1.820000e+02	0.000000e+00	1	0.000000e+00
1.330000e+02	2.070000e+02	0.000000e+00	1	0.000000e+00
1.370000e+02	2.030000e+02	0.000000e+00	1	0.000000e+00
1.390000e+02	1.990000e+02	0.000000e+00	1	0.000000e+00
1.640000e+02	1.800000e+02	0.000000e+00	1	0.000000e+00
1.390000e+02	1.990000e+02	0.000000e+00	1	0.000000e+00
1.370000e+02	2.030000e+02	0.000000e+00	1	0.000000e+00
1.380000e+02	2.000000e+02	0.000000e+00	1	0.000000e+00
1.450000e+02	1.910000e+02	0.000000e+00	1	0.000000e+00
1.330000e+02	2.070000e+02	0.000000e+00	1	0.000000e+00
1.970000e+02	1.440000e+02	0.000000e+00	1	0.000000e+00
1.400000e+02	1.930000e+02	0.000000e+00	1	0.000000e+00
1.400000e+02	1.930000e+02	0.000000e+00	1	0.000000e+00
1.380000e+02	2.000000e+02	0.000000e+00	1	0.000000e+00
1.400000e+02	1.930000e+02	0.000000e+00	1	0.000000e+00
1.380000e+02	2.000000e+02	0.000000e+00	1	0.000000e+00
1.450000e+02	1.910000e+02	0.000000e+00	1	0.000000e+00
1.450000e+02	1.910000e+02	0.000000e+00	1	0.000000e+00
1.470000e+02	1.900000e+02	0.000000e+00	1	0.000000e+00
1.400000e+02	1.930000e+02	0.000000e+00	1	0.000000e+00
1.450000e+02	1.910000e+02	0.000000e+00	1	0.000000e+00
1.400000e+02	1.930000e+02	0.000000e+00	1	0.000000e+00
1.400000e+02	1.930000e+02	0.000000e+00	1	0.000000e+00
1.400000e+02	1.930000e+02	0.000000e+00	1	0.000000e+00
1.390000e+02	1.990000e+02	0.000000e+00	1	0.000000e+00
1.400000e+02	1.930000e+02	0.000000e+00	1	0.000000e+00
1.650000e+02	1.750000e+02	0.000000e+00	1	0.000000e+00
1.450000e+02	1.910000e+02	0.000000e+00	1	0.000000e+00
1.380000e+02	2.000000e+02	0.000000e+00	1	0.000000e+00
1.600000e+02	1.820000e+02	0.000000e+00	1	0.000000e+00
1.290000e+02	2.160000e+02	0.000000e+00	1	0.000000e+00
1.400000e+02	1.930000e+02	0.000000e+00	1	0.000000e+00
1.400000e+02	1.930000e+02	0.000000e+00	1	0.000000e+00
1.380000e+02	2.000000e+02	0.000000e+00	1	0.000000e+00
1.400000e+02	1.930000e+02	0.000000e+00	1	0.000000e+00
1.390000e+02	1.990000e+02	0.000000e+00	1	0.000000e+00
1.400000e+02	1.930000e+02	0.000000e+00	1	0.000000e+00
1.470000e+02	1.900000e+02	0.000000e+00	1	0.000000e+00
1.840000e+02	1.550000e+02	0.000000e+00	1	0.000000e+00
1.400000e+02	1.930000e+02	0.000000e+00	1	0.000000e+00
1.330000e+02	2.070000e+02	0.000000e+00	1	0.000000e+00
1.330000e+02	2.070000e+02	0.000000e+00	1	0.000000e+00
1.330000e+02	2.070000e+02	0.000000e+00	1	0.000000e+00
1.180000e+02	2.460000e+02	0.000000e+00	1	0.000000e+00
1.330000e+02	2.070000e+02	0.000000e+00	1	0.000000e+00
1.400000e+02	1.930000e+02	0.000000e+00	1	0.000000e+00
1.290000e+02	2.160000e+02	0.000000e+00	1	0.000000e+00
1.180000e+02	2.460000e+02	0.000000e+00	1	0.000000e+00
1.330000e+02	2.070000e+02	0.000000e+00	1	0.000000e+00
1.370000e+02	2.030000e+02	0.000000e+00	1	0.000000e+00
1.380000e+02	2.000000e+02	0.000000e+00	1	0.000000e+00
1.330000e+02	2.070000e+02	0.000000e+00	1	0.000000e+00
1.650000e+02	1.750000e+02	0.000000e+00	1	0.000000e+00
1.680000e+02	1.690000e+02	0.000000e+00	1	0.000000e+00
1.400000e+02	1.930000e+02	0.000000e+00	1	0.000000e+00
1.400000e+02	1.930000e+02	0.000000e+00	1	0.000000e+00
1.400000e+02	1.930000e+02	0.000000e+00	1	0.000000e+00
1.450000e+02	1.910000e+02	0.000000e+00	1	0.000000e+00
1.380000e+02	2.000000e+02	0.000000e+00	1	0.000000e+00
1.400000e+02	1.930000e+02	0.000000e+00	1	0.000000e+00
1.370000e+02	2.030000e+02	0.000000e+00	1	0.000000e+00
1.470000e+02	1.900000e+02	0.000000e+00	1	0.000000e+00
1.380000e+02	2.000000e+02	0.000000e+00	1	0.000000e+00
1.370000e+02	2.030000e+02	0.000000e+00	1	0.000000e+00
1.390000e+02	1.990000e+02	0.000000e+00	1	0.000000e+00
1.400000e+02	1.930000e+02	0.000000e+00	1	0.000000e+00
1.920000e+02	1.500000e+02	0.000000e+00	1	0.000000e+00
1.540000e+02	1.890000e+02	0.000000e+00	1	0.000000e+00
1.400000e+02	1.930000e+02	0.000000e+00	1	0.000000e+00
1.380000e+02	2.000000e+02	0.000000e+00	1	0.000000e+00
1.370000e+02	2.030000e+02	0.000000e+00	1	0.000000e+00
1.400000e+02	1.930000e+02	0.000000e+00	1	0.000000e+00
1.370000e+02	2.030000e+02	0.000000e+00	1	0.000000e+00
1.400000e+02	1.930000e+02	0.000000e+00	1	0.000000e+00
1.390000e+02	1.990000e+02	0.000000e+00	1	0.000000e+00
1.560000e+02	1.850000e+02	0.000000e+00	1	0.000000e+00
1.380000e+02	2.000000e+02	0.000000e+00	1	0.000000e+00
1.400000e+02	1.930000e+02	0.000000e+00	1	0.000000e+00
1.330000e+02	2.070000e+02	0.000000e+00	1	0.000000e+00
1.390000e+02	1.990000e+02	0.000000e+00	1	0.000000e+00
1.380000e+02	2.000000e+02	0.000000e+00	1	0.000000e+00
1.450000e+02	1.910000e+02	0.000000e+00	1	0.000000e+00
1.450000e+02	1.910000e+02	0.000000e+00	1	0.000000e+00
1.470000e+02	1.900000e+02	0.000000e+00	1	0.000000e+00
1.380000e+02	2.000000e+02	0.000000e+00	1	0.000000e+00
1.680000e+02	1.690000e+02	0.000000e+00	1	0.000000e+00
1.400000e+02	1.930000e+02	0.000000e+00	1	0.000000e+00
1.400000e+02	1.930000e+02	0.000000e+00	1	0.000000e+00
1.240000e+02	2.240000e+02	0.000000e+00	1	0.000000e+00
1.260000e+02	2.230000e+02	0.000000e+00	1	0.000000e+00
1.400000e+02	1.930000e+02	0.000000e+00	1	0.000000e+00
1.380000e+02	2.000000e+02	0.000000e+00	1	0.000000e+00
1.750000e+02	1.660000e+02	0.000000e+00	1	0.000000e+00
1.390000e+02	1.990000e+02	0.000000e+00	1	0.000000e+00
1.400000e+02	1.930000e+02	0.000000e+00	1	0.000000e+00
1.380000e+02	2.000000e+02	0.000000e+00	1	0.000000e+00
1.400000e+02	1.930000e+02	0.000000e+00	1	0.000000e+00
1.380000e+02	2.000000e+02	0.000000e+00	1	0.000000e+00
1.370000e+02	2.030000e+02	0.000000e+00	1	0.000000e+00
1.840000e+02	1.550000e+02	0.000000e+00	1	0.000000e+00
1.330000e+02	2.070000e+02	0.000000e+00	1	0.000000e+00
1.450000e+02	1.910000e+02	0.000000e+00	1	0.000000e+00
1.400000e+02	1.930000e+02	0.000000e+00	1	0.000000e+00
1.390000e+02	1.990000e+02	0.000000e+00	1	0.000000e+00
1.400000e+02	1.930000e+02	0.000000e+00	1	0.000000e+00
1.450000e+02	1.910000e+02	0.000000e+00	1	0.000000e+00
1.330000e+02	2.070000e+02	0.000000e+00	1	0.000000e+00
1.650000e+02	1.750000e+02	0.000000e+00	1	0.000000e+00
1.390000e+02	1.990000e+02	0.000000e+00	1	0.000000e+00
1.400000e+02	1.930000e+02	0.000000e+00	1	0.000000e+00
1.320000e+02	2.090000e+02	0.000000e+00	1	0.000000e+00
1.370000e+02	2.030000e+02	0.000000e+00	1	0.000000e+00
1.470000e+02	1.900000e+02	0.000000e+00	1	0.000000e+00
1.320000e+02	2.090000e+02	0.000000e+00	1	0.000000e+00
1.400000e+02	1.930000e+02	0.000000e+00	1	0.000000e+00
1.470000e+02	1.900000e+02	0.000000e+00	1	0.000000e+00
1.220000e+02	2.290000e+02	0.000000e+00	1	0.000000e+00
1.270000e+02	2.190000e+02	0.000000e+00	1	0.000000e+00
1.380000e+02	2.000000e+02	0.000000e+00	1	0.000000e+00
1.330000e+02	2.070000e+02	0.000000e+00	1	0.000000e+00
1.470000e+02	1.900000e+02	0.000000e+00	1	0.000000e+00
1.400000e+02	1.930000e+02	0.000000e+00	1	0.000000e+00
1.330000e+02	2.070000e+02	0.000000e+00	1	0.000000e+00
1.290000e+02	2.160000e+02	0.000000e+00	1	0.000000e+00
1.320000e+02	2.090000e+02	0.000000e+00	1	0.000000e+00
1.450000e+02	1.910000e+02	0.000000e+00	1	0.000000e+00
1.680000e+02	1.690000e+02	0.000000e+00	1	0.000000e+00
Total execution time: 389.573
