# This file contains the data of final feasible population (if found)
# of objectives = 2, # of constraints = 0, # of real_var = 0, # of bits of bin_var = 0, constr_violation, rank, crowding_distance
4.623016e-01	5.036281e-01	0.000000e+00	1	1.000000e+14
4.980159e-01	4.941610e-01	0.000000e+00	1	1.000000e+14
4.623016e-01	5.036281e-01	0.000000e+00	1	5.022455e-01
4.712302e-01	4.964853e-01	0.000000e+00	1	3.772455e-01
4.980159e-01	4.941610e-01	0.000000e+00	1	3.750000e-01
4.712302e-01	4.964853e-01	0.000000e+00	1	3.750000e-01
4.712302e-01	4.964853e-01	0.000000e+00	1	1.250000e-01
4.712302e-01	4.964853e-01	0.000000e+00	1	1.227545e-01
4.980159e-01	4.941610e-01	0.000000e+00	1	1.227545e-01
4.980159e-01	4.941610e-01	0.000000e+00	1	0.000000e+00
4.980159e-01	4.941610e-01	0.000000e+00	1	0.000000e+00
4.980159e-01	4.941610e-01	0.000000e+00	1	0.000000e+00
4.980159e-01	4.941610e-01	0.000000e+00	1	0.000000e+00
4.980159e-01	4.941610e-01	0.000000e+00	1	0.000000e+00
4.980159e-01	4.941610e-01	0.000000e+00	1	0.000000e+00
4.980159e-01	4.941610e-01	0.000000e+00	1	0.000000e+00
4.980159e-01	4.941610e-01	0.000000e+00	1	0.000000e+00
4.980159e-01	4.941610e-01	0.000000e+00	1	0.000000e+00
4.980159e-01	4.941610e-01	0.000000e+00	1	0.000000e+00
4.980159e-01	4.941610e-01	0.000000e+00	1	0.000000e+00
4.980159e-01	4.941610e-01	0.000000e+00	1	0.000000e+00
4.980159e-01	4.941610e-01	0.000000e+00	1	0.000000e+00
4.980159e-01	4.941610e-01	0.000000e+00	1	0.000000e+00
4.980159e-01	4.941610e-01	0.000000e+00	1	0.000000e+00
4.980159e-01	4.941610e-01	0.000000e+00	1	0.000000e+00
4.980159e-01	4.941610e-01	0.000000e+00	1	0.000000e+00
4.980159e-01	4.941610e-01	0.000000e+00	1	0.000000e+00
4.980159e-01	4.941610e-01	0.000000e+00	1	0.000000e+00
4.980159e-01	4.941610e-01	0.000000e+00	1	0.000000e+00
4.980159e-01	4.941610e-01	0.000000e+00	1	0.000000e+00
4.980159e-01	4.941610e-01	0.000000e+00	1	0.000000e+00
4.980159e-01	4.941610e-01	0.000000e+00	1	0.000000e+00
4.980159e-01	4.941610e-01	0.000000e+00	1	0.000000e+00
4.980159e-01	4.941610e-01	0.000000e+00	1	0.000000e+00
4.980159e-01	4.941610e-01	0.000000e+00	1	0.000000e+00
4.980159e-01	4.941610e-01	0.000000e+00	1	0.000000e+00
4.980159e-01	4.941610e-01	0.000000e+00	1	0.000000e+00
4.980159e-01	4.941610e-01	0.000000e+00	1	0.000000e+00
4.980159e-01	4.941610e-01	0.000000e+00	1	0.000000e+00
4.980159e-01	4.941610e-01	0.000000e+00	1	0.000000e+00
4.980159e-01	4.941610e-01	0.000000e+00	1	0.000000e+00
4.980159e-01	4.941610e-01	0.000000e+00	1	0.000000e+00
4.980159e-01	4.941610e-01	0.000000e+00	1	0.000000e+00
4.980159e-01	4.941610e-01	0.000000e+00	1	0.000000e+00
4.980159e-01	4.941610e-01	0.000000e+00	1	0.000000e+00
4.980159e-01	4.941610e-01	0.000000e+00	1	0.000000e+00
4.980159e-01	4.941610e-01	0.000000e+00	1	0.000000e+00
4.980159e-01	4.941610e-01	0.000000e+00	1	0.000000e+00
4.980159e-01	4.941610e-01	0.000000e+00	1	0.000000e+00
4.980159e-01	4.941610e-01	0.000000e+00	1	0.000000e+00
4.980159e-01	4.941610e-01	0.000000e+00	1	0.000000e+00
4.980159e-01	4.941610e-01	0.000000e+00	1	0.000000e+00
4.980159e-01	4.941610e-01	0.000000e+00	1	0.000000e+00
4.980159e-01	4.941610e-01	0.000000e+00	1	0.000000e+00
4.980159e-01	4.941610e-01	0.000000e+00	1	0.000000e+00
4.980159e-01	4.941610e-01	0.000000e+00	1	0.000000e+00
4.980159e-01	4.941610e-01	0.000000e+00	1	0.000000e+00
4.980159e-01	4.941610e-01	0.000000e+00	1	0.000000e+00
4.980159e-01	4.941610e-01	0.000000e+00	1	0.000000e+00
4.980159e-01	4.941610e-01	0.000000e+00	1	0.000000e+00
4.980159e-01	4.941610e-01	0.000000e+00	1	0.000000e+00
4.980159e-01	4.941610e-01	0.000000e+00	1	0.000000e+00
4.980159e-01	4.941610e-01	0.000000e+00	1	0.000000e+00
4.980159e-01	4.941610e-01	0.000000e+00	1	0.000000e+00
4.980159e-01	4.941610e-01	0.000000e+00	1	0.000000e+00
4.980159e-01	4.941610e-01	0.000000e+00	1	0.000000e+00
4.980159e-01	4.941610e-01	0.000000e+00	1	0.000000e+00
4.980159e-01	4.941610e-01	0.000000e+00	1	0.000000e+00
4.980159e-01	4.941610e-01	0.000000e+00	1	0.000000e+00
4.980159e-01	4.941610e-01	0.000000e+00	1	0.000000e+00
4.980159e-01	4.941610e-01	0.000000e+00	1	0.000000e+00
4.980159e-01	4.941610e-01	0.000000e+00	1	0.000000e+00
4.980159e-01	4.941610e-01	0.000000e+00	1	0.000000e+00
4.980159e-01	4.941610e-01	0.000000e+00	1	0.000000e+00
4.980159e-01	4.941610e-01	0.000000e+00	1	0.000000e+00
4.980159e-01	4.941610e-01	0.000000e+00	1	0.000000e+00
4.980159e-01	4.941610e-01	0.000000e+00	1	0.000000e+00
4.980159e-01	4.941610e-01	0.000000e+00	1	0.000000e+00
4.980159e-01	4.941610e-01	0.000000e+00	1	0.000000e+00
4.980159e-01	4.941610e-01	0.000000e+00	1	0.000000e+00
4.980159e-01	4.941610e-01	0.000000e+00	1	0.000000e+00
4.980159e-01	4.941610e-01	0.000000e+00	1	0.000000e+00
4.980159e-01	4.941610e-01	0.000000e+00	1	0.000000e+00
4.980159e-01	4.941610e-01	0.000000e+00	1	0.000000e+00
4.980159e-01	4.941610e-01	0.000000e+00	1	0.000000e+00
4.980159e-01	4.941610e-01	0.000000e+00	1	0.000000e+00
4.980159e-01	4.941610e-01	0.000000e+00	1	0.000000e+00
4.980159e-01	4.941610e-01	0.000000e+00	1	0.000000e+00
4.980159e-01	4.941610e-01	0.000000e+00	1	0.000000e+00
4.980159e-01	4.941610e-01	0.000000e+00	1	0.000000e+00
4.980159e-01	4.941610e-01	0.000000e+00	1	0.000000e+00
4.980159e-01	4.941610e-01	0.000000e+00	1	0.000000e+00
4.980159e-01	4.941610e-01	0.000000e+00	1	0.000000e+00
4.980159e-01	4.941610e-01	0.000000e+00	1	0.000000e+00
4.980159e-01	4.941610e-01	0.000000e+00	1	0.000000e+00
4.980159e-01	4.941610e-01	0.000000e+00	1	0.000000e+00
4.980159e-01	4.941610e-01	0.000000e+00	1	0.000000e+00
4.980159e-01	4.941610e-01	0.000000e+00	1	0.000000e+00
4.980159e-01	4.941610e-01	0.000000e+00	1	0.000000e+00
4.980159e-01	4.941610e-01	0.000000e+00	1	0.000000e+00
4.980159e-01	4.941610e-01	0.000000e+00	1	0.000000e+00
4.980159e-01	4.941610e-01	0.000000e+00	1	0.000000e+00
4.980159e-01	4.941610e-01	0.000000e+00	1	0.000000e+00
4.980159e-01	4.941610e-01	0.000000e+00	1	0.000000e+00
4.980159e-01	4.941610e-01	0.000000e+00	1	0.000000e+00
4.980159e-01	4.941610e-01	0.000000e+00	1	0.000000e+00
4.980159e-01	4.941610e-01	0.000000e+00	1	0.000000e+00
4.980159e-01	4.941610e-01	0.000000e+00	1	0.000000e+00
4.980159e-01	4.941610e-01	0.000000e+00	1	0.000000e+00
4.980159e-01	4.941610e-01	0.000000e+00	1	0.000000e+00
4.980159e-01	4.941610e-01	0.000000e+00	1	0.000000e+00
4.980159e-01	4.941610e-01	0.000000e+00	1	0.000000e+00
4.980159e-01	4.941610e-01	0.000000e+00	1	0.000000e+00
4.980159e-01	4.941610e-01	0.000000e+00	1	0.000000e+00
4.980159e-01	4.941610e-01	0.000000e+00	1	0.000000e+00
4.980159e-01	4.941610e-01	0.000000e+00	1	0.000000e+00
4.980159e-01	4.941610e-01	0.000000e+00	1	0.000000e+00
4.980159e-01	4.941610e-01	0.000000e+00	1	0.000000e+00
4.980159e-01	4.941610e-01	0.000000e+00	1	0.000000e+00
4.980159e-01	4.941610e-01	0.000000e+00	1	0.000000e+00
4.980159e-01	4.941610e-01	0.000000e+00	1	0.000000e+00
4.980159e-01	4.941610e-01	0.000000e+00	1	0.000000e+00
4.980159e-01	4.941610e-01	0.000000e+00	1	0.000000e+00
4.980159e-01	4.941610e-01	0.000000e+00	1	0.000000e+00
4.980159e-01	4.941610e-01	0.000000e+00	1	0.000000e+00
4.980159e-01	4.941610e-01	0.000000e+00	1	0.000000e+00
4.980159e-01	4.941610e-01	0.000000e+00	1	0.000000e+00
4.980159e-01	4.941610e-01	0.000000e+00	1	0.000000e+00
4.980159e-01	4.941610e-01	0.000000e+00	1	0.000000e+00
4.980159e-01	4.941610e-01	0.000000e+00	1	0.000000e+00
4.980159e-01	4.941610e-01	0.000000e+00	1	0.000000e+00
4.980159e-01	4.941610e-01	0.000000e+00	1	0.000000e+00
4.980159e-01	4.941610e-01	0.000000e+00	1	0.000000e+00
4.980159e-01	4.941610e-01	0.000000e+00	1	0.000000e+00
4.980159e-01	4.941610e-01	0.000000e+00	1	0.000000e+00
4.980159e-01	4.941610e-01	0.000000e+00	1	0.000000e+00
4.980159e-01	4.941610e-01	0.000000e+00	1	0.000000e+00
4.980159e-01	4.941610e-01	0.000000e+00	1	0.000000e+00
4.980159e-01	4.941610e-01	0.000000e+00	1	0.000000e+00
4.980159e-01	4.941610e-01	0.000000e+00	1	0.000000e+00
4.980159e-01	4.941610e-01	0.000000e+00	1	0.000000e+00
4.980159e-01	4.941610e-01	0.000000e+00	1	0.000000e+00
4.980159e-01	4.941610e-01	0.000000e+00	1	0.000000e+00
4.980159e-01	4.941610e-01	0.000000e+00	1	0.000000e+00
4.980159e-01	4.941610e-01	0.000000e+00	1	0.000000e+00
4.980159e-01	4.941610e-01	0.000000e+00	1	0.000000e+00
4.980159e-01	4.941610e-01	0.000000e+00	1	0.000000e+00
4.980159e-01	4.941610e-01	0.000000e+00	1	0.000000e+00
4.980159e-01	4.941610e-01	0.000000e+00	1	0.000000e+00
4.980159e-01	4.941610e-01	0.000000e+00	1	0.000000e+00
4.980159e-01	4.941610e-01	0.000000e+00	1	0.000000e+00
4.980159e-01	4.941610e-01	0.000000e+00	1	0.000000e+00
4.980159e-01	4.941610e-01	0.000000e+00	1	0.000000e+00
4.980159e-01	4.941610e-01	0.000000e+00	1	0.000000e+00
4.980159e-01	4.941610e-01	0.000000e+00	1	0.000000e+00
4.980159e-01	4.941610e-01	0.000000e+00	1	0.000000e+00
4.980159e-01	4.941610e-01	0.000000e+00	1	0.000000e+00
4.980159e-01	4.941610e-01	0.000000e+00	1	0.000000e+00
4.980159e-01	4.941610e-01	0.000000e+00	1	0.000000e+00
4.980159e-01	4.941610e-01	0.000000e+00	1	0.000000e+00
4.980159e-01	4.941610e-01	0.000000e+00	1	0.000000e+00
4.980159e-01	4.941610e-01	0.000000e+00	1	0.000000e+00
4.980159e-01	4.941610e-01	0.000000e+00	1	0.000000e+00
4.980159e-01	4.941610e-01	0.000000e+00	1	0.000000e+00
4.980159e-01	4.941610e-01	0.000000e+00	1	0.000000e+00
4.980159e-01	4.941610e-01	0.000000e+00	1	0.000000e+00
4.980159e-01	4.941610e-01	0.000000e+00	1	0.000000e+00
4.980159e-01	4.941610e-01	0.000000e+00	1	0.000000e+00
4.980159e-01	4.941610e-01	0.000000e+00	1	0.000000e+00
4.980159e-01	4.941610e-01	0.000000e+00	1	0.000000e+00
4.980159e-01	4.941610e-01	0.000000e+00	1	0.000000e+00
4.980159e-01	4.941610e-01	0.000000e+00	1	0.000000e+00
4.980159e-01	4.941610e-01	0.000000e+00	1	0.000000e+00
4.980159e-01	4.941610e-01	0.000000e+00	1	0.000000e+00
4.980159e-01	4.941610e-01	0.000000e+00	1	0.000000e+00
4.980159e-01	4.941610e-01	0.000000e+00	1	0.000000e+00
4.980159e-01	4.941610e-01	0.000000e+00	1	0.000000e+00
4.980159e-01	4.941610e-01	0.000000e+00	1	0.000000e+00
4.980159e-01	4.941610e-01	0.000000e+00	1	0.000000e+00
4.980159e-01	4.941610e-01	0.000000e+00	1	0.000000e+00
4.980159e-01	4.941610e-01	0.000000e+00	1	0.000000e+00
4.980159e-01	4.941610e-01	0.000000e+00	1	0.000000e+00
4.980159e-01	4.941610e-01	0.000000e+00	1	0.000000e+00
4.980159e-01	4.941610e-01	0.000000e+00	1	0.000000e+00
4.980159e-01	4.941610e-01	0.000000e+00	1	0.000000e+00
4.980159e-01	4.941610e-01	0.000000e+00	1	0.000000e+00
4.980159e-01	4.941610e-01	0.000000e+00	1	0.000000e+00
4.980159e-01	4.941610e-01	0.000000e+00	1	0.000000e+00
4.980159e-01	4.941610e-01	0.000000e+00	1	0.000000e+00
4.980159e-01	4.941610e-01	0.000000e+00	1	0.000000e+00
4.980159e-01	4.941610e-01	0.000000e+00	1	0.000000e+00
4.980159e-01	4.941610e-01	0.000000e+00	1	0.000000e+00
4.980159e-01	4.941610e-01	0.000000e+00	1	0.000000e+00
4.980159e-01	4.941610e-01	0.000000e+00	1	0.000000e+00
4.980159e-01	4.941610e-01	0.000000e+00	1	0.000000e+00
4.980159e-01	4.941610e-01	0.000000e+00	1	0.000000e+00
4.980159e-01	4.941610e-01	0.000000e+00	1	0.000000e+00
4.980159e-01	4.941610e-01	0.000000e+00	1	0.000000e+00
4.980159e-01	4.941610e-01	0.000000e+00	1	0.000000e+00
4.980159e-01	4.941610e-01	0.000000e+00	1	0.000000e+00
4.980159e-01	4.941610e-01	0.000000e+00	1	0.000000e+00
4.980159e-01	4.941610e-01	0.000000e+00	1	0.000000e+00
4.980159e-01	4.941610e-01	0.000000e+00	1	0.000000e+00
4.980159e-01	4.941610e-01	0.000000e+00	1	0.000000e+00
4.980159e-01	4.941610e-01	0.000000e+00	1	0.000000e+00
4.980159e-01	4.941610e-01	0.000000e+00	1	0.000000e+00
4.980159e-01	4.941610e-01	0.000000e+00	1	0.000000e+00
4.980159e-01	4.941610e-01	0.000000e+00	1	0.000000e+00
4.980159e-01	4.941610e-01	0.000000e+00	1	0.000000e+00
4.980159e-01	4.941610e-01	0.000000e+00	1	0.000000e+00
4.980159e-01	4.941610e-01	0.000000e+00	1	0.000000e+00
4.980159e-01	4.941610e-01	0.000000e+00	1	0.000000e+00
4.980159e-01	4.941610e-01	0.000000e+00	1	0.000000e+00
4.980159e-01	4.941610e-01	0.000000e+00	1	0.000000e+00
4.980159e-01	4.941610e-01	0.000000e+00	1	0.000000e+00
4.980159e-01	4.941610e-01	0.000000e+00	1	0.000000e+00
4.980159e-01	4.941610e-01	0.000000e+00	1	0.000000e+00
4.980159e-01	4.941610e-01	0.000000e+00	1	0.000000e+00
4.980159e-01	4.941610e-01	0.000000e+00	1	0.000000e+00
4.980159e-01	4.941610e-01	0.000000e+00	1	0.000000e+00
4.980159e-01	4.941610e-01	0.000000e+00	1	0.000000e+00
4.980159e-01	4.941610e-01	0.000000e+00	1	0.000000e+00
4.980159e-01	4.941610e-01	0.000000e+00	1	0.000000e+00
4.980159e-01	4.941610e-01	0.000000e+00	1	0.000000e+00
4.980159e-01	4.941610e-01	0.000000e+00	1	0.000000e+00
4.980159e-01	4.941610e-01	0.000000e+00	1	0.000000e+00
4.980159e-01	4.941610e-01	0.000000e+00	1	0.000000e+00
4.980159e-01	4.941610e-01	0.000000e+00	1	0.000000e+00
4.980159e-01	4.941610e-01	0.000000e+00	1	0.000000e+00
4.980159e-01	4.941610e-01	0.000000e+00	1	0.000000e+00
4.980159e-01	4.941610e-01	0.000000e+00	1	0.000000e+00
4.980159e-01	4.941610e-01	0.000000e+00	1	0.000000e+00
4.980159e-01	4.941610e-01	0.000000e+00	1	0.000000e+00
4.980159e-01	4.941610e-01	0.000000e+00	1	0.000000e+00
4.980159e-01	4.941610e-01	0.000000e+00	1	0.000000e+00
4.980159e-01	4.941610e-01	0.000000e+00	1	0.000000e+00
4.980159e-01	4.941610e-01	0.000000e+00	1	0.000000e+00
4.980159e-01	4.941610e-01	0.000000e+00	1	0.000000e+00
4.980159e-01	4.941610e-01	0.000000e+00	1	0.000000e+00
4.980159e-01	4.941610e-01	0.000000e+00	1	0.000000e+00
4.980159e-01	4.941610e-01	0.000000e+00	1	0.000000e+00
4.980159e-01	4.941610e-01	0.000000e+00	1	0.000000e+00
4.980159e-01	4.941610e-01	0.000000e+00	1	0.000000e+00
4.980159e-01	4.941610e-01	0.000000e+00	1	0.000000e+00
4.980159e-01	4.941610e-01	0.000000e+00	1	0.000000e+00
4.980159e-01	4.941610e-01	0.000000e+00	1	0.000000e+00
4.980159e-01	4.941610e-01	0.000000e+00	1	0.000000e+00
4.980159e-01	4.941610e-01	0.000000e+00	1	0.000000e+00
4.980159e-01	4.941610e-01	0.000000e+00	1	0.000000e+00
4.980159e-01	4.941610e-01	0.000000e+00	1	0.000000e+00
4.980159e-01	4.941610e-01	0.000000e+00	1	0.000000e+00
4.980159e-01	4.941610e-01	0.000000e+00	1	0.000000e+00
4.980159e-01	4.941610e-01	0.000000e+00	1	0.000000e+00
4.980159e-01	4.941610e-01	0.000000e+00	1	0.000000e+00
4.980159e-01	4.941610e-01	0.000000e+00	1	0.000000e+00
4.980159e-01	4.941610e-01	0.000000e+00	1	0.000000e+00
4.980159e-01	4.941610e-01	0.000000e+00	1	0.000000e+00
4.980159e-01	4.941610e-01	0.000000e+00	1	0.000000e+00
4.980159e-01	4.941610e-01	0.000000e+00	1	0.000000e+00
4.980159e-01	4.941610e-01	0.000000e+00	1	0.000000e+00
4.980159e-01	4.941610e-01	0.000000e+00	1	0.000000e+00
4.980159e-01	4.941610e-01	0.000000e+00	1	0.000000e+00
4.980159e-01	4.941610e-01	0.000000e+00	1	0.000000e+00
4.980159e-01	4.941610e-01	0.000000e+00	1	0.000000e+00
4.980159e-01	4.941610e-01	0.000000e+00	1	0.000000e+00
4.980159e-01	4.941610e-01	0.000000e+00	1	0.000000e+00
4.980159e-01	4.941610e-01	0.000000e+00	1	0.000000e+00
4.980159e-01	4.941610e-01	0.000000e+00	1	0.000000e+00
4.980159e-01	4.941610e-01	0.000000e+00	1	0.000000e+00
4.980159e-01	4.941610e-01	0.000000e+00	1	0.000000e+00
4.980159e-01	4.941610e-01	0.000000e+00	1	0.000000e+00
4.980159e-01	4.941610e-01	0.000000e+00	1	0.000000e+00
4.980159e-01	4.941610e-01	0.000000e+00	1	0.000000e+00
4.980159e-01	4.941610e-01	0.000000e+00	1	0.000000e+00
4.980159e-01	4.941610e-01	0.000000e+00	1	0.000000e+00
4.980159e-01	4.941610e-01	0.000000e+00	1	0.000000e+00
4.980159e-01	4.941610e-01	0.000000e+00	1	0.000000e+00
4.980159e-01	4.941610e-01	0.000000e+00	1	0.000000e+00
4.980159e-01	4.941610e-01	0.000000e+00	1	0.000000e+00
4.980159e-01	4.941610e-01	0.000000e+00	1	0.000000e+00
4.980159e-01	4.941610e-01	0.000000e+00	1	0.000000e+00
4.980159e-01	4.941610e-01	0.000000e+00	1	0.000000e+00
4.980159e-01	4.941610e-01	0.000000e+00	1	0.000000e+00
4.980159e-01	4.941610e-01	0.000000e+00	1	0.000000e+00
4.980159e-01	4.941610e-01	0.000000e+00	1	0.000000e+00
4.980159e-01	4.941610e-01	0.000000e+00	1	0.000000e+00
4.980159e-01	4.941610e-01	0.000000e+00	1	0.000000e+00
4.980159e-01	4.941610e-01	0.000000e+00	1	0.000000e+00
4.980159e-01	4.941610e-01	0.000000e+00	1	0.000000e+00
4.980159e-01	4.941610e-01	0.000000e+00	1	0.000000e+00
4.980159e-01	4.941610e-01	0.000000e+00	1	0.000000e+00
4.980159e-01	4.941610e-01	0.000000e+00	1	0.000000e+00
4.980159e-01	4.941610e-01	0.000000e+00	1	0.000000e+00
4.980159e-01	4.941610e-01	0.000000e+00	1	0.000000e+00
4.980159e-01	4.941610e-01	0.000000e+00	1	0.000000e+00
4.980159e-01	4.941610e-01	0.000000e+00	1	0.000000e+00
4.980159e-01	4.941610e-01	0.000000e+00	1	0.000000e+00
4.980159e-01	4.941610e-01	0.000000e+00	1	0.000000e+00
4.980159e-01	4.941610e-01	0.000000e+00	1	0.000000e+00
4.980159e-01	4.941610e-01	0.000000e+00	1	0.000000e+00
4.980159e-01	4.941610e-01	0.000000e+00	1	0.000000e+00
4.980159e-01	4.941610e-01	0.000000e+00	1	0.000000e+00
4.980159e-01	4.941610e-01	0.000000e+00	1	0.000000e+00
4.980159e-01	4.941610e-01	0.000000e+00	1	0.000000e+00
4.980159e-01	4.941610e-01	0.000000e+00	1	0.000000e+00
4.980159e-01	4.941610e-01	0.000000e+00	1	0.000000e+00
4.980159e-01	4.941610e-01	0.000000e+00	1	0.000000e+00
4.980159e-01	4.941610e-01	0.000000e+00	1	0.000000e+00
4.980159e-01	4.941610e-01	0.000000e+00	1	0.000000e+00
4.980159e-01	4.941610e-01	0.000000e+00	1	0.000000e+00
4.980159e-01	4.941610e-01	0.000000e+00	1	0.000000e+00
4.980159e-01	4.941610e-01	0.000000e+00	1	0.000000e+00
4.980159e-01	4.941610e-01	0.000000e+00	1	0.000000e+00
4.980159e-01	4.941610e-01	0.000000e+00	1	0.000000e+00
4.980159e-01	4.941610e-01	0.000000e+00	1	0.000000e+00
4.980159e-01	4.941610e-01	0.000000e+00	1	0.000000e+00
4.980159e-01	4.941610e-01	0.000000e+00	1	0.000000e+00
4.980159e-01	4.941610e-01	0.000000e+00	1	0.000000e+00
4.980159e-01	4.941610e-01	0.000000e+00	1	0.000000e+00
4.980159e-01	4.941610e-01	0.000000e+00	1	0.000000e+00
4.980159e-01	4.941610e-01	0.000000e+00	1	0.000000e+00
4.980159e-01	4.941610e-01	0.000000e+00	1	0.000000e+00
4.980159e-01	4.941610e-01	0.000000e+00	1	0.000000e+00
4.980159e-01	4.941610e-01	0.000000e+00	1	0.000000e+00
4.980159e-01	4.941610e-01	0.000000e+00	1	0.000000e+00
4.980159e-01	4.941610e-01	0.000000e+00	1	0.000000e+00
4.980159e-01	4.941610e-01	0.000000e+00	1	0.000000e+00
4.980159e-01	4.941610e-01	0.000000e+00	1	0.000000e+00
4.980159e-01	4.941610e-01	0.000000e+00	1	0.000000e+00
4.980159e-01	4.941610e-01	0.000000e+00	1	0.000000e+00
4.980159e-01	4.941610e-01	0.000000e+00	1	0.000000e+00
4.980159e-01	4.941610e-01	0.000000e+00	1	0.000000e+00
4.980159e-01	4.941610e-01	0.000000e+00	1	0.000000e+00
4.980159e-01	4.941610e-01	0.000000e+00	1	0.000000e+00
4.980159e-01	4.941610e-01	0.000000e+00	1	0.000000e+00
4.980159e-01	4.941610e-01	0.000000e+00	1	0.000000e+00
4.980159e-01	4.941610e-01	0.000000e+00	1	0.000000e+00
4.980159e-01	4.941610e-01	0.000000e+00	1	0.000000e+00
4.980159e-01	4.941610e-01	0.000000e+00	1	0.000000e+00
4.980159e-01	4.941610e-01	0.000000e+00	1	0.000000e+00
4.980159e-01	4.941610e-01	0.000000e+00	1	0.000000e+00
4.980159e-01	4.941610e-01	0.000000e+00	1	0.000000e+00
4.980159e-01	4.941610e-01	0.000000e+00	1	0.000000e+00
4.980159e-01	4.941610e-01	0.000000e+00	1	0.000000e+00
4.980159e-01	4.941610e-01	0.000000e+00	1	0.000000e+00
4.980159e-01	4.941610e-01	0.000000e+00	1	0.000000e+00
4.980159e-01	4.941610e-01	0.000000e+00	1	0.000000e+00
4.980159e-01	4.941610e-01	0.000000e+00	1	0.000000e+00
4.980159e-01	4.941610e-01	0.000000e+00	1	0.000000e+00
4.980159e-01	4.941610e-01	0.000000e+00	1	0.000000e+00
4.980159e-01	4.941610e-01	0.000000e+00	1	0.000000e+00
4.980159e-01	4.941610e-01	0.000000e+00	1	0.000000e+00
4.980159e-01	4.941610e-01	0.000000e+00	1	0.000000e+00
4.980159e-01	4.941610e-01	0.000000e+00	1	0.000000e+00
4.980159e-01	4.941610e-01	0.000000e+00	1	0.000000e+00
4.980159e-01	4.941610e-01	0.000000e+00	1	0.000000e+00
4.980159e-01	4.941610e-01	0.000000e+00	1	0.000000e+00
4.980159e-01	4.941610e-01	0.000000e+00	1	0.000000e+00
4.980159e-01	4.941610e-01	0.000000e+00	1	0.000000e+00
4.980159e-01	4.941610e-01	0.000000e+00	1	0.000000e+00
4.980159e-01	4.941610e-01	0.000000e+00	1	0.000000e+00
4.980159e-01	4.941610e-01	0.000000e+00	1	0.000000e+00
4.980159e-01	4.941610e-01	0.000000e+00	1	0.000000e+00
4.980159e-01	4.941610e-01	0.000000e+00	1	0.000000e+00
4.980159e-01	4.941610e-01	0.000000e+00	1	0.000000e+00
4.980159e-01	4.941610e-01	0.000000e+00	1	0.000000e+00
4.980159e-01	4.941610e-01	0.000000e+00	1	0.000000e+00
4.980159e-01	4.941610e-01	0.000000e+00	1	0.000000e+00
4.980159e-01	4.941610e-01	0.000000e+00	1	0.000000e+00
4.980159e-01	4.941610e-01	0.000000e+00	1	0.000000e+00
4.980159e-01	4.941610e-01	0.000000e+00	1	0.000000e+00
4.980159e-01	4.941610e-01	0.000000e+00	1	0.000000e+00
4.980159e-01	4.941610e-01	0.000000e+00	1	0.000000e+00
4.980159e-01	4.941610e-01	0.000000e+00	1	0.000000e+00
4.980159e-01	4.941610e-01	0.000000e+00	1	0.000000e+00
4.980159e-01	4.941610e-01	0.000000e+00	1	0.000000e+00
4.980159e-01	4.941610e-01	0.000000e+00	1	0.000000e+00
4.980159e-01	4.941610e-01	0.000000e+00	1	0.000000e+00
4.980159e-01	4.941610e-01	0.000000e+00	1	0.000000e+00
4.980159e-01	4.941610e-01	0.000000e+00	1	0.000000e+00
4.980159e-01	4.941610e-01	0.000000e+00	1	0.000000e+00
4.980159e-01	4.941610e-01	0.000000e+00	1	0.000000e+00
4.980159e-01	4.941610e-01	0.000000e+00	1	0.000000e+00
4.980159e-01	4.941610e-01	0.000000e+00	1	0.000000e+00
4.980159e-01	4.941610e-01	0.000000e+00	1	0.000000e+00
4.980159e-01	4.941610e-01	0.000000e+00	1	0.000000e+00
4.980159e-01	4.941610e-01	0.000000e+00	1	0.000000e+00
4.980159e-01	4.941610e-01	0.000000e+00	1	0.000000e+00
4.980159e-01	4.941610e-01	0.000000e+00	1	0.000000e+00
4.980159e-01	4.941610e-01	0.000000e+00	1	0.000000e+00
4.980159e-01	4.941610e-01	0.000000e+00	1	0.000000e+00
4.980159e-01	4.941610e-01	0.000000e+00	1	0.000000e+00
4.980159e-01	4.941610e-01	0.000000e+00	1	0.000000e+00
4.980159e-01	4.941610e-01	0.000000e+00	1	0.000000e+00
4.980159e-01	4.941610e-01	0.000000e+00	1	0.000000e+00
4.980159e-01	4.941610e-01	0.000000e+00	1	0.000000e+00
4.980159e-01	4.941610e-01	0.000000e+00	1	0.000000e+00
4.980159e-01	4.941610e-01	0.000000e+00	1	0.000000e+00
4.980159e-01	4.941610e-01	0.000000e+00	1	0.000000e+00
4.980159e-01	4.941610e-01	0.000000e+00	1	0.000000e+00
4.980159e-01	4.941610e-01	0.000000e+00	1	0.000000e+00
4.980159e-01	4.941610e-01	0.000000e+00	1	0.000000e+00
4.980159e-01	4.941610e-01	0.000000e+00	1	0.000000e+00
4.980159e-01	4.941610e-01	0.000000e+00	1	0.000000e+00
4.980159e-01	4.941610e-01	0.000000e+00	1	0.000000e+00
4.980159e-01	4.941610e-01	0.000000e+00	1	0.000000e+00
4.980159e-01	4.941610e-01	0.000000e+00	1	0.000000e+00
4.980159e-01	4.941610e-01	0.000000e+00	1	0.000000e+00
4.980159e-01	4.941610e-01	0.000000e+00	1	0.000000e+00
4.980159e-01	4.941610e-01	0.000000e+00	1	0.000000e+00
4.980159e-01	4.941610e-01	0.000000e+00	1	0.000000e+00
4.980159e-01	4.941610e-01	0.000000e+00	1	0.000000e+00
4.980159e-01	4.941610e-01	0.000000e+00	1	0.000000e+00
4.980159e-01	4.941610e-01	0.000000e+00	1	0.000000e+00
4.980159e-01	4.941610e-01	0.000000e+00	1	0.000000e+00
4.980159e-01	4.941610e-01	0.000000e+00	1	0.000000e+00
4.980159e-01	4.941610e-01	0.000000e+00	1	0.000000e+00
4.980159e-01	4.941610e-01	0.000000e+00	1	0.000000e+00
4.980159e-01	4.941610e-01	0.000000e+00	1	0.000000e+00
4.980159e-01	4.941610e-01	0.000000e+00	1	0.000000e+00
4.980159e-01	4.941610e-01	0.000000e+00	1	0.000000e+00
4.980159e-01	4.941610e-01	0.000000e+00	1	0.000000e+00
4.980159e-01	4.941610e-01	0.000000e+00	1	0.000000e+00
4.980159e-01	4.941610e-01	0.000000e+00	1	0.000000e+00
4.980159e-01	4.941610e-01	0.000000e+00	1	0.000000e+00
4.980159e-01	4.941610e-01	0.000000e+00	1	0.000000e+00
4.980159e-01	4.941610e-01	0.000000e+00	1	0.000000e+00
4.980159e-01	4.941610e-01	0.000000e+00	1	0.000000e+00
4.980159e-01	4.941610e-01	0.000000e+00	1	0.000000e+00
4.980159e-01	4.941610e-01	0.000000e+00	1	0.000000e+00
4.980159e-01	4.941610e-01	0.000000e+00	1	0.000000e+00
4.980159e-01	4.941610e-01	0.000000e+00	1	0.000000e+00
4.980159e-01	4.941610e-01	0.000000e+00	1	0.000000e+00
4.980159e-01	4.941610e-01	0.000000e+00	1	0.000000e+00
4.980159e-01	4.941610e-01	0.000000e+00	1	0.000000e+00
4.980159e-01	4.941610e-01	0.000000e+00	1	0.000000e+00
4.980159e-01	4.941610e-01	0.000000e+00	1	0.000000e+00
4.980159e-01	4.941610e-01	0.000000e+00	1	0.000000e+00
4.980159e-01	4.941610e-01	0.000000e+00	1	0.000000e+00
4.980159e-01	4.941610e-01	0.000000e+00	1	0.000000e+00
4.980159e-01	4.941610e-01	0.000000e+00	1	0.000000e+00
4.980159e-01	4.941610e-01	0.000000e+00	1	0.000000e+00
4.980159e-01	4.941610e-01	0.000000e+00	1	0.000000e+00
4.980159e-01	4.941610e-01	0.000000e+00	1	0.000000e+00
4.980159e-01	4.941610e-01	0.000000e+00	1	0.000000e+00
4.980159e-01	4.941610e-01	0.000000e+00	1	0.000000e+00
4.980159e-01	4.941610e-01	0.000000e+00	1	0.000000e+00
4.980159e-01	4.941610e-01	0.000000e+00	1	0.000000e+00
4.980159e-01	4.941610e-01	0.000000e+00	1	0.000000e+00
4.980159e-01	4.941610e-01	0.000000e+00	1	0.000000e+00
4.980159e-01	4.941610e-01	0.000000e+00	1	0.000000e+00
4.980159e-01	4.941610e-01	0.000000e+00	1	0.000000e+00
4.980159e-01	4.941610e-01	0.000000e+00	1	0.000000e+00
4.980159e-01	4.941610e-01	0.000000e+00	1	0.000000e+00
4.980159e-01	4.941610e-01	0.000000e+00	1	0.000000e+00
4.980159e-01	4.941610e-01	0.000000e+00	1	0.000000e+00
4.980159e-01	4.941610e-01	0.000000e+00	1	0.000000e+00
4.980159e-01	4.941610e-01	0.000000e+00	1	0.000000e+00
4.980159e-01	4.941610e-01	0.000000e+00	1	0.000000e+00
4.980159e-01	4.941610e-01	0.000000e+00	1	0.000000e+00
4.980159e-01	4.941610e-01	0.000000e+00	1	0.000000e+00
4.980159e-01	4.941610e-01	0.000000e+00	1	0.000000e+00
4.980159e-01	4.941610e-01	0.000000e+00	1	0.000000e+00
4.980159e-01	4.941610e-01	0.000000e+00	1	0.000000e+00
4.980159e-01	4.941610e-01	0.000000e+00	1	0.000000e+00
4.980159e-01	4.941610e-01	0.000000e+00	1	0.000000e+00
4.980159e-01	4.941610e-01	0.000000e+00	1	0.000000e+00
4.980159e-01	4.941610e-01	0.000000e+00	1	0.000000e+00
4.980159e-01	4.941610e-01	0.000000e+00	1	0.000000e+00
4.980159e-01	4.941610e-01	0.000000e+00	1	0.000000e+00
4.980159e-01	4.941610e-01	0.000000e+00	1	0.000000e+00
4.980159e-01	4.941610e-01	0.000000e+00	1	0.000000e+00
4.980159e-01	4.941610e-01	0.000000e+00	1	0.000000e+00
4.980159e-01	4.941610e-01	0.000000e+00	1	0.000000e+00
4.980159e-01	4.941610e-01	0.000000e+00	1	0.000000e+00
4.980159e-01	4.941610e-01	0.000000e+00	1	0.000000e+00
4.980159e-01	4.941610e-01	0.000000e+00	1	0.000000e+00
4.980159e-01	4.941610e-01	0.000000e+00	1	0.000000e+00
4.980159e-01	4.941610e-01	0.000000e+00	1	0.000000e+00
4.980159e-01	4.941610e-01	0.000000e+00	1	0.000000e+00
4.980159e-01	4.941610e-01	0.000000e+00	1	0.000000e+00
4.980159e-01	4.941610e-01	0.000000e+00	1	0.000000e+00
4.980159e-01	4.941610e-01	0.000000e+00	1	0.000000e+00
4.980159e-01	4.941610e-01	0.000000e+00	1	0.000000e+00
4.980159e-01	4.941610e-01	0.000000e+00	1	0.000000e+00
4.980159e-01	4.941610e-01	0.000000e+00	1	0.000000e+00
4.980159e-01	4.941610e-01	0.000000e+00	1	0.000000e+00
4.980159e-01	4.941610e-01	0.000000e+00	1	0.000000e+00
4.980159e-01	4.941610e-01	0.000000e+00	1	0.000000e+00
4.980159e-01	4.941610e-01	0.000000e+00	1	0.000000e+00
4.980159e-01	4.941610e-01	0.000000e+00	1	0.000000e+00
4.980159e-01	4.941610e-01	0.000000e+00	1	0.000000e+00
4.980159e-01	4.941610e-01	0.000000e+00	1	0.000000e+00
4.980159e-01	4.941610e-01	0.000000e+00	1	0.000000e+00
4.980159e-01	4.941610e-01	0.000000e+00	1	0.000000e+00
4.980159e-01	4.941610e-01	0.000000e+00	1	0.000000e+00
4.980159e-01	4.941610e-01	0.000000e+00	1	0.000000e+00
4.980159e-01	4.941610e-01	0.000000e+00	1	0.000000e+00
4.980159e-01	4.941610e-01	0.000000e+00	1	0.000000e+00
4.980159e-01	4.941610e-01	0.000000e+00	1	0.000000e+00
Total execution time: 250.035
