# This file contains the data of final feasible population (if found)
# of objectives = 2, # of constraints = 0, # of real_var = 0, # of bits of bin_var = 0, constr_violation, rank, crowding_distance
1.200000e+02	2.440000e+02	0.000000e+00	1	1.000000e+14
1.950000e+02	1.440000e+02	0.000000e+00	1	1.000000e+14
1.240000e+02	2.250000e+02	0.000000e+00	1	7.000000e-02
1.230000e+02	2.390000e+02	0.000000e+00	1	7.000000e-02
1.610000e+02	1.810000e+02	0.000000e+00	1	4.333333e-02
1.810000e+02	1.580000e+02	0.000000e+00	1	4.000000e-02
1.870000e+02	1.510000e+02	0.000000e+00	1	4.000000e-02
1.530000e+02	1.910000e+02	0.000000e+00	1	3.833333e-02
1.870000e+02	1.510000e+02	0.000000e+00	1	3.500000e-02
1.810000e+02	1.580000e+02	0.000000e+00	1	3.500000e-02
1.480000e+02	1.920000e+02	0.000000e+00	1	3.333333e-02
1.870000e+02	1.510000e+02	0.000000e+00	1	3.333333e-02
1.920000e+02	1.450000e+02	0.000000e+00	1	3.333333e-02
1.230000e+02	2.390000e+02	0.000000e+00	1	3.166667e-02
1.780000e+02	1.590000e+02	0.000000e+00	1	3.000000e-02
1.630000e+02	1.750000e+02	0.000000e+00	1	3.000000e-02
1.760000e+02	1.650000e+02	0.000000e+00	1	3.000000e-02
1.870000e+02	1.510000e+02	0.000000e+00	1	3.000000e-02
1.920000e+02	1.450000e+02	0.000000e+00	1	3.000000e-02
1.670000e+02	1.740000e+02	0.000000e+00	1	2.666667e-02
1.720000e+02	1.680000e+02	0.000000e+00	1	2.666667e-02
1.760000e+02	1.650000e+02	0.000000e+00	1	2.666667e-02
1.630000e+02	1.750000e+02	0.000000e+00	1	2.666667e-02
1.350000e+02	2.090000e+02	0.000000e+00	1	2.500000e-02
1.340000e+02	2.140000e+02	0.000000e+00	1	2.500000e-02
1.920000e+02	1.450000e+02	0.000000e+00	1	2.000000e-02
1.950000e+02	1.440000e+02	0.000000e+00	1	2.000000e-02
1.580000e+02	1.850000e+02	0.000000e+00	1	2.000000e-02
1.450000e+02	1.960000e+02	0.000000e+00	1	2.000000e-02
1.480000e+02	1.920000e+02	0.000000e+00	1	2.000000e-02
1.450000e+02	1.960000e+02	0.000000e+00	1	2.000000e-02
1.200000e+02	2.440000e+02	0.000000e+00	1	2.000000e-02
1.410000e+02	2.030000e+02	0.000000e+00	1	2.000000e-02
1.440000e+02	2.000000e+02	0.000000e+00	1	2.000000e-02
1.480000e+02	1.920000e+02	0.000000e+00	1	2.000000e-02
1.550000e+02	1.860000e+02	0.000000e+00	1	2.000000e-02
1.810000e+02	1.580000e+02	0.000000e+00	1	2.000000e-02
1.440000e+02	2.000000e+02	0.000000e+00	1	2.000000e-02
1.450000e+02	1.960000e+02	0.000000e+00	1	2.000000e-02
1.780000e+02	1.590000e+02	0.000000e+00	1	2.000000e-02
1.230000e+02	2.390000e+02	0.000000e+00	1	2.000000e-02
1.590000e+02	1.840000e+02	0.000000e+00	1	1.833333e-02
1.240000e+02	2.250000e+02	0.000000e+00	1	1.833333e-02
1.720000e+02	1.680000e+02	0.000000e+00	1	1.666667e-02
1.300000e+02	2.180000e+02	0.000000e+00	1	1.500000e-02
1.610000e+02	1.810000e+02	0.000000e+00	1	1.500000e-02
1.540000e+02	1.880000e+02	0.000000e+00	1	1.500000e-02
1.410000e+02	2.030000e+02	0.000000e+00	1	1.500000e-02
1.280000e+02	2.210000e+02	0.000000e+00	1	1.500000e-02
1.380000e+02	2.050000e+02	0.000000e+00	1	1.500000e-02
1.760000e+02	1.650000e+02	0.000000e+00	1	1.500000e-02
1.720000e+02	1.680000e+02	0.000000e+00	1	1.500000e-02
1.440000e+02	2.000000e+02	0.000000e+00	1	1.500000e-02
1.370000e+02	2.080000e+02	0.000000e+00	1	1.500000e-02
1.530000e+02	1.910000e+02	0.000000e+00	1	1.500000e-02
1.590000e+02	1.840000e+02	0.000000e+00	1	1.500000e-02
1.280000e+02	2.210000e+02	0.000000e+00	1	1.333333e-02
1.350000e+02	2.090000e+02	0.000000e+00	1	1.333333e-02
1.370000e+02	2.080000e+02	0.000000e+00	1	1.333333e-02
1.780000e+02	1.590000e+02	0.000000e+00	1	1.333333e-02
1.260000e+02	2.240000e+02	0.000000e+00	1	1.333333e-02
1.320000e+02	2.150000e+02	0.000000e+00	1	1.333333e-02
1.760000e+02	1.650000e+02	0.000000e+00	1	1.333333e-02
1.340000e+02	2.140000e+02	0.000000e+00	1	1.333333e-02
1.690000e+02	1.720000e+02	0.000000e+00	1	1.333333e-02
1.390000e+02	2.040000e+02	0.000000e+00	1	1.333333e-02
1.610000e+02	1.810000e+02	0.000000e+00	1	1.333333e-02
1.710000e+02	1.700000e+02	0.000000e+00	1	1.333333e-02
1.300000e+02	2.180000e+02	0.000000e+00	1	1.333333e-02
1.630000e+02	1.750000e+02	0.000000e+00	1	1.333333e-02
1.690000e+02	1.720000e+02	0.000000e+00	1	1.333333e-02
1.410000e+02	2.030000e+02	0.000000e+00	1	1.333333e-02
1.670000e+02	1.740000e+02	0.000000e+00	1	1.333333e-02
1.340000e+02	2.140000e+02	0.000000e+00	1	1.166667e-02
1.670000e+02	1.740000e+02	0.000000e+00	1	1.000000e-02
1.270000e+02	2.230000e+02	0.000000e+00	1	1.000000e-02
1.550000e+02	1.860000e+02	0.000000e+00	1	1.000000e-02
1.540000e+02	1.880000e+02	0.000000e+00	1	1.000000e-02
1.690000e+02	1.720000e+02	0.000000e+00	1	1.000000e-02
1.710000e+02	1.700000e+02	0.000000e+00	1	1.000000e-02
1.320000e+02	2.150000e+02	0.000000e+00	1	1.000000e-02
1.690000e+02	1.720000e+02	0.000000e+00	1	1.000000e-02
1.280000e+02	2.210000e+02	0.000000e+00	1	1.000000e-02
1.310000e+02	2.170000e+02	0.000000e+00	1	1.000000e-02
1.710000e+02	1.700000e+02	0.000000e+00	1	1.000000e-02
1.310000e+02	2.170000e+02	0.000000e+00	1	6.666667e-03
1.270000e+02	2.230000e+02	0.000000e+00	1	6.666667e-03
1.300000e+02	2.180000e+02	0.000000e+00	1	6.666667e-03
1.380000e+02	2.050000e+02	0.000000e+00	1	6.666667e-03
1.530000e+02	1.910000e+02	0.000000e+00	1	6.666667e-03
1.590000e+02	1.840000e+02	0.000000e+00	1	6.666667e-03
1.350000e+02	2.090000e+02	0.000000e+00	1	6.666667e-03
1.550000e+02	1.860000e+02	0.000000e+00	1	6.666667e-03
1.270000e+02	2.230000e+02	0.000000e+00	1	6.666667e-03
1.440000e+02	2.000000e+02	0.000000e+00	1	6.666667e-03
1.380000e+02	2.050000e+02	0.000000e+00	1	6.666667e-03
1.240000e+02	2.250000e+02	0.000000e+00	1	6.666667e-03
1.390000e+02	2.040000e+02	0.000000e+00	1	6.666667e-03
1.310000e+02	2.170000e+02	0.000000e+00	1	6.666667e-03
1.450000e+02	1.960000e+02	0.000000e+00	1	6.666667e-03
1.540000e+02	1.880000e+02	0.000000e+00	1	6.666667e-03
1.370000e+02	2.080000e+02	0.000000e+00	1	6.666667e-03
1.320000e+02	2.150000e+02	0.000000e+00	1	6.666667e-03
1.540000e+02	1.880000e+02	0.000000e+00	1	6.666667e-03
1.710000e+02	1.700000e+02	0.000000e+00	1	6.666667e-03
1.280000e+02	2.210000e+02	0.000000e+00	1	6.666667e-03
1.260000e+02	2.240000e+02	0.000000e+00	1	6.666667e-03
1.580000e+02	1.850000e+02	0.000000e+00	1	6.666667e-03
1.580000e+02	1.850000e+02	0.000000e+00	1	5.000000e-03
1.300000e+02	2.180000e+02	0.000000e+00	1	5.000000e-03
1.390000e+02	2.040000e+02	0.000000e+00	1	5.000000e-03
1.380000e+02	2.050000e+02	0.000000e+00	1	5.000000e-03
1.480000e+02	1.920000e+02	0.000000e+00	1	5.000000e-03
1.350000e+02	2.090000e+02	0.000000e+00	1	5.000000e-03
1.630000e+02	1.750000e+02	0.000000e+00	1	5.000000e-03
1.260000e+02	2.240000e+02	0.000000e+00	1	5.000000e-03
1.310000e+02	2.170000e+02	0.000000e+00	1	5.000000e-03
1.390000e+02	2.040000e+02	0.000000e+00	1	5.000000e-03
1.550000e+02	1.860000e+02	0.000000e+00	1	5.000000e-03
1.780000e+02	1.590000e+02	0.000000e+00	1	5.000000e-03
1.810000e+02	1.580000e+02	0.000000e+00	1	5.000000e-03
1.270000e+02	2.230000e+02	0.000000e+00	1	5.000000e-03
1.580000e+02	1.850000e+02	0.000000e+00	1	5.000000e-03
1.920000e+02	1.450000e+02	0.000000e+00	1	5.000000e-03
1.410000e+02	2.030000e+02	0.000000e+00	1	5.000000e-03
1.260000e+02	2.240000e+02	0.000000e+00	1	5.000000e-03
1.950000e+02	1.440000e+02	0.000000e+00	1	5.000000e-03
1.670000e+02	1.740000e+02	0.000000e+00	1	5.000000e-03
1.370000e+02	2.080000e+02	0.000000e+00	1	5.000000e-03
1.320000e+02	2.150000e+02	0.000000e+00	1	5.000000e-03
1.380000e+02	2.050000e+02	0.000000e+00	1	0.000000e+00
1.340000e+02	2.140000e+02	0.000000e+00	1	0.000000e+00
1.340000e+02	2.140000e+02	0.000000e+00	1	0.000000e+00
1.280000e+02	2.210000e+02	0.000000e+00	1	0.000000e+00
1.280000e+02	2.210000e+02	0.000000e+00	1	0.000000e+00
1.270000e+02	2.230000e+02	0.000000e+00	1	0.000000e+00
1.630000e+02	1.750000e+02	0.000000e+00	1	0.000000e+00
1.310000e+02	2.170000e+02	0.000000e+00	1	0.000000e+00
1.950000e+02	1.440000e+02	0.000000e+00	1	0.000000e+00
1.630000e+02	1.750000e+02	0.000000e+00	1	0.000000e+00
1.630000e+02	1.750000e+02	0.000000e+00	1	0.000000e+00
1.320000e+02	2.150000e+02	0.000000e+00	1	0.000000e+00
1.630000e+02	1.750000e+02	0.000000e+00	1	0.000000e+00
1.390000e+02	2.040000e+02	0.000000e+00	1	0.000000e+00
1.480000e+02	1.920000e+02	0.000000e+00	1	0.000000e+00
1.390000e+02	2.040000e+02	0.000000e+00	1	0.000000e+00
1.920000e+02	1.450000e+02	0.000000e+00	1	0.000000e+00
1.340000e+02	2.140000e+02	0.000000e+00	1	0.000000e+00
1.760000e+02	1.650000e+02	0.000000e+00	1	0.000000e+00
1.630000e+02	1.750000e+02	0.000000e+00	1	0.000000e+00
1.530000e+02	1.910000e+02	0.000000e+00	1	0.000000e+00
1.630000e+02	1.750000e+02	0.000000e+00	1	0.000000e+00
1.630000e+02	1.750000e+02	0.000000e+00	1	0.000000e+00
1.630000e+02	1.750000e+02	0.000000e+00	1	0.000000e+00
1.450000e+02	1.960000e+02	0.000000e+00	1	0.000000e+00
1.780000e+02	1.590000e+02	0.000000e+00	1	0.000000e+00
1.630000e+02	1.750000e+02	0.000000e+00	1	0.000000e+00
1.810000e+02	1.580000e+02	0.000000e+00	1	0.000000e+00
1.350000e+02	2.090000e+02	0.000000e+00	1	0.000000e+00
1.280000e+02	2.210000e+02	0.000000e+00	1	0.000000e+00
1.870000e+02	1.510000e+02	0.000000e+00	1	0.000000e+00
1.310000e+02	2.170000e+02	0.000000e+00	1	0.000000e+00
1.300000e+02	2.180000e+02	0.000000e+00	1	0.000000e+00
1.580000e+02	1.850000e+02	0.000000e+00	1	0.000000e+00
1.310000e+02	2.170000e+02	0.000000e+00	1	0.000000e+00
1.550000e+02	1.860000e+02	0.000000e+00	1	0.000000e+00
1.340000e+02	2.140000e+02	0.000000e+00	1	0.000000e+00
1.300000e+02	2.180000e+02	0.000000e+00	1	0.000000e+00
1.350000e+02	2.090000e+02	0.000000e+00	1	0.000000e+00
1.440000e+02	2.000000e+02	0.000000e+00	1	0.000000e+00
1.480000e+02	1.920000e+02	0.000000e+00	1	0.000000e+00
1.270000e+02	2.230000e+02	0.000000e+00	1	0.000000e+00
1.410000e+02	2.030000e+02	0.000000e+00	1	0.000000e+00
1.810000e+02	1.580000e+02	0.000000e+00	1	0.000000e+00
1.270000e+02	2.230000e+02	0.000000e+00	1	0.000000e+00
1.350000e+02	2.090000e+02	0.000000e+00	1	0.000000e+00
1.270000e+02	2.230000e+02	0.000000e+00	1	0.000000e+00
1.200000e+02	2.440000e+02	0.000000e+00	1	0.000000e+00
1.440000e+02	2.000000e+02	0.000000e+00	1	0.000000e+00
1.300000e+02	2.180000e+02	0.000000e+00	1	0.000000e+00
1.690000e+02	1.720000e+02	0.000000e+00	1	0.000000e+00
1.350000e+02	2.090000e+02	0.000000e+00	1	0.000000e+00
1.530000e+02	1.910000e+02	0.000000e+00	1	0.000000e+00
1.810000e+02	1.580000e+02	0.000000e+00	1	0.000000e+00
1.310000e+02	2.170000e+02	0.000000e+00	1	0.000000e+00
1.280000e+02	2.210000e+02	0.000000e+00	1	0.000000e+00
1.280000e+02	2.210000e+02	0.000000e+00	1	0.000000e+00
1.630000e+02	1.750000e+02	0.000000e+00	1	0.000000e+00
1.350000e+02	2.090000e+02	0.000000e+00	1	0.000000e+00
1.310000e+02	2.170000e+02	0.000000e+00	1	0.000000e+00
1.480000e+02	1.920000e+02	0.000000e+00	1	0.000000e+00
1.810000e+02	1.580000e+02	0.000000e+00	1	0.000000e+00
1.480000e+02	1.920000e+02	0.000000e+00	1	0.000000e+00
1.530000e+02	1.910000e+02	0.000000e+00	1	0.000000e+00
1.810000e+02	1.580000e+02	0.000000e+00	1	0.000000e+00
1.550000e+02	1.860000e+02	0.000000e+00	1	0.000000e+00
1.440000e+02	2.000000e+02	0.000000e+00	1	0.000000e+00
1.870000e+02	1.510000e+02	0.000000e+00	1	0.000000e+00
1.350000e+02	2.090000e+02	0.000000e+00	1	0.000000e+00
1.530000e+02	1.910000e+02	0.000000e+00	1	0.000000e+00
1.870000e+02	1.510000e+02	0.000000e+00	1	0.000000e+00
1.390000e+02	2.040000e+02	0.000000e+00	1	0.000000e+00
1.550000e+02	1.860000e+02	0.000000e+00	1	0.000000e+00
1.260000e+02	2.240000e+02	0.000000e+00	1	0.000000e+00
1.440000e+02	2.000000e+02	0.000000e+00	1	0.000000e+00
1.450000e+02	1.960000e+02	0.000000e+00	1	0.000000e+00
1.630000e+02	1.750000e+02	0.000000e+00	1	0.000000e+00
1.310000e+02	2.170000e+02	0.000000e+00	1	0.000000e+00
1.320000e+02	2.150000e+02	0.000000e+00	1	0.000000e+00
1.260000e+02	2.240000e+02	0.000000e+00	1	0.000000e+00
1.780000e+02	1.590000e+02	0.000000e+00	1	0.000000e+00
1.340000e+02	2.140000e+02	0.000000e+00	1	0.000000e+00
1.350000e+02	2.090000e+02	0.000000e+00	1	0.000000e+00
1.810000e+02	1.580000e+02	0.000000e+00	1	0.000000e+00
1.350000e+02	2.090000e+02	0.000000e+00	1	0.000000e+00
1.300000e+02	2.180000e+02	0.000000e+00	1	0.000000e+00
1.350000e+02	2.090000e+02	0.000000e+00	1	0.000000e+00
1.530000e+02	1.910000e+02	0.000000e+00	1	0.000000e+00
1.780000e+02	1.590000e+02	0.000000e+00	1	0.000000e+00
1.350000e+02	2.090000e+02	0.000000e+00	1	0.000000e+00
1.630000e+02	1.750000e+02	0.000000e+00	1	0.000000e+00
1.720000e+02	1.680000e+02	0.000000e+00	1	0.000000e+00
1.630000e+02	1.750000e+02	0.000000e+00	1	0.000000e+00
1.590000e+02	1.840000e+02	0.000000e+00	1	0.000000e+00
1.320000e+02	2.150000e+02	0.000000e+00	1	0.000000e+00
1.630000e+02	1.750000e+02	0.000000e+00	1	0.000000e+00
1.550000e+02	1.860000e+02	0.000000e+00	1	0.000000e+00
1.380000e+02	2.050000e+02	0.000000e+00	1	0.000000e+00
1.580000e+02	1.850000e+02	0.000000e+00	1	0.000000e+00
1.270000e+02	2.230000e+02	0.000000e+00	1	0.000000e+00
1.280000e+02	2.210000e+02	0.000000e+00	1	0.000000e+00
1.480000e+02	1.920000e+02	0.000000e+00	1	0.000000e+00
1.630000e+02	1.750000e+02	0.000000e+00	1	0.000000e+00
1.320000e+02	2.150000e+02	0.000000e+00	1	0.000000e+00
1.390000e+02	2.040000e+02	0.000000e+00	1	0.000000e+00
1.300000e+02	2.180000e+02	0.000000e+00	1	0.000000e+00
1.810000e+02	1.580000e+02	0.000000e+00	1	0.000000e+00
1.810000e+02	1.580000e+02	0.000000e+00	1	0.000000e+00
1.390000e+02	2.040000e+02	0.000000e+00	1	0.000000e+00
1.720000e+02	1.680000e+02	0.000000e+00	1	0.000000e+00
1.300000e+02	2.180000e+02	0.000000e+00	1	0.000000e+00
1.810000e+02	1.580000e+02	0.000000e+00	1	0.000000e+00
1.320000e+02	2.150000e+02	0.000000e+00	1	0.000000e+00
1.320000e+02	2.150000e+02	0.000000e+00	1	0.000000e+00
1.550000e+02	1.860000e+02	0.000000e+00	1	0.000000e+00
1.390000e+02	2.040000e+02	0.000000e+00	1	0.000000e+00
1.280000e+02	2.210000e+02	0.000000e+00	1	0.000000e+00
1.530000e+02	1.910000e+02	0.000000e+00	1	0.000000e+00
1.440000e+02	2.000000e+02	0.000000e+00	1	0.000000e+00
1.350000e+02	2.090000e+02	0.000000e+00	1	0.000000e+00
1.630000e+02	1.750000e+02	0.000000e+00	1	0.000000e+00
1.760000e+02	1.650000e+02	0.000000e+00	1	0.000000e+00
1.260000e+02	2.240000e+02	0.000000e+00	1	0.000000e+00
1.280000e+02	2.210000e+02	0.000000e+00	1	0.000000e+00
1.630000e+02	1.750000e+02	0.000000e+00	1	0.000000e+00
1.630000e+02	1.750000e+02	0.000000e+00	1	0.000000e+00
1.270000e+02	2.230000e+02	0.000000e+00	1	0.000000e+00
1.780000e+02	1.590000e+02	0.000000e+00	1	0.000000e+00
1.870000e+02	1.510000e+02	0.000000e+00	1	0.000000e+00
1.270000e+02	2.230000e+02	0.000000e+00	1	0.000000e+00
1.350000e+02	2.090000e+02	0.000000e+00	1	0.000000e+00
1.350000e+02	2.090000e+02	0.000000e+00	1	0.000000e+00
1.780000e+02	1.590000e+02	0.000000e+00	1	0.000000e+00
1.530000e+02	1.910000e+02	0.000000e+00	1	0.000000e+00
1.630000e+02	1.750000e+02	0.000000e+00	1	0.000000e+00
1.920000e+02	1.450000e+02	0.000000e+00	1	0.000000e+00
1.630000e+02	1.750000e+02	0.000000e+00	1	0.000000e+00
1.810000e+02	1.580000e+02	0.000000e+00	1	0.000000e+00
1.350000e+02	2.090000e+02	0.000000e+00	1	0.000000e+00
1.630000e+02	1.750000e+02	0.000000e+00	1	0.000000e+00
1.440000e+02	2.000000e+02	0.000000e+00	1	0.000000e+00
1.260000e+02	2.240000e+02	0.000000e+00	1	0.000000e+00
1.230000e+02	2.390000e+02	0.000000e+00	1	0.000000e+00
1.530000e+02	1.910000e+02	0.000000e+00	1	0.000000e+00
1.340000e+02	2.140000e+02	0.000000e+00	1	0.000000e+00
1.870000e+02	1.510000e+02	0.000000e+00	1	0.000000e+00
1.810000e+02	1.580000e+02	0.000000e+00	1	0.000000e+00
1.630000e+02	1.750000e+02	0.000000e+00	1	0.000000e+00
1.610000e+02	1.810000e+02	0.000000e+00	1	0.000000e+00
1.270000e+02	2.230000e+02	0.000000e+00	1	0.000000e+00
1.410000e+02	2.030000e+02	0.000000e+00	1	0.000000e+00
1.710000e+02	1.700000e+02	0.000000e+00	1	0.000000e+00
1.380000e+02	2.050000e+02	0.000000e+00	1	0.000000e+00
1.480000e+02	1.920000e+02	0.000000e+00	1	0.000000e+00
1.280000e+02	2.210000e+02	0.000000e+00	1	0.000000e+00
1.340000e+02	2.140000e+02	0.000000e+00	1	0.000000e+00
1.320000e+02	2.150000e+02	0.000000e+00	1	0.000000e+00
1.630000e+02	1.750000e+02	0.000000e+00	1	0.000000e+00
1.580000e+02	1.850000e+02	0.000000e+00	1	0.000000e+00
1.390000e+02	2.040000e+02	0.000000e+00	1	0.000000e+00
1.350000e+02	2.090000e+02	0.000000e+00	1	0.000000e+00
1.630000e+02	1.750000e+02	0.000000e+00	1	0.000000e+00
1.310000e+02	2.170000e+02	0.000000e+00	1	0.000000e+00
1.630000e+02	1.750000e+02	0.000000e+00	1	0.000000e+00
1.440000e+02	2.000000e+02	0.000000e+00	1	0.000000e+00
1.530000e+02	1.910000e+02	0.000000e+00	1	0.000000e+00
1.280000e+02	2.210000e+02	0.000000e+00	1	0.000000e+00
1.550000e+02	1.860000e+02	0.000000e+00	1	0.000000e+00
1.630000e+02	1.750000e+02	0.000000e+00	1	0.000000e+00
1.300000e+02	2.180000e+02	0.000000e+00	1	0.000000e+00
1.630000e+02	1.750000e+02	0.000000e+00	1	0.000000e+00
1.630000e+02	1.750000e+02	0.000000e+00	1	0.000000e+00
1.300000e+02	2.180000e+02	0.000000e+00	1	0.000000e+00
1.810000e+02	1.580000e+02	0.000000e+00	1	0.000000e+00
1.630000e+02	1.750000e+02	0.000000e+00	1	0.000000e+00
1.270000e+02	2.230000e+02	0.000000e+00	1	0.000000e+00
1.870000e+02	1.510000e+02	0.000000e+00	1	0.000000e+00
1.530000e+02	1.910000e+02	0.000000e+00	1	0.000000e+00
1.630000e+02	1.750000e+02	0.000000e+00	1	0.000000e+00
1.690000e+02	1.720000e+02	0.000000e+00	1	0.000000e+00
1.630000e+02	1.750000e+02	0.000000e+00	1	0.000000e+00
1.390000e+02	2.040000e+02	0.000000e+00	1	0.000000e+00
1.280000e+02	2.210000e+02	0.000000e+00	1	0.000000e+00
1.480000e+02	1.920000e+02	0.000000e+00	1	0.000000e+00
1.310000e+02	2.170000e+02	0.000000e+00	1	0.000000e+00
1.390000e+02	2.040000e+02	0.000000e+00	1	0.000000e+00
1.320000e+02	2.150000e+02	0.000000e+00	1	0.000000e+00
1.410000e+02	2.030000e+02	0.000000e+00	1	0.000000e+00
1.780000e+02	1.590000e+02	0.000000e+00	1	0.000000e+00
1.870000e+02	1.510000e+02	0.000000e+00	1	0.000000e+00
1.350000e+02	2.090000e+02	0.000000e+00	1	0.000000e+00
1.550000e+02	1.860000e+02	0.000000e+00	1	0.000000e+00
1.320000e+02	2.150000e+02	0.000000e+00	1	0.000000e+00
1.950000e+02	1.440000e+02	0.000000e+00	1	0.000000e+00
1.280000e+02	2.210000e+02	0.000000e+00	1	0.000000e+00
1.280000e+02	2.210000e+02	0.000000e+00	1	0.000000e+00
1.390000e+02	2.040000e+02	0.000000e+00	1	0.000000e+00
1.630000e+02	1.750000e+02	0.000000e+00	1	0.000000e+00
1.300000e+02	2.180000e+02	0.000000e+00	1	0.000000e+00
1.440000e+02	2.000000e+02	0.000000e+00	1	0.000000e+00
1.720000e+02	1.680000e+02	0.000000e+00	1	0.000000e+00
1.270000e+02	2.230000e+02	0.000000e+00	1	0.000000e+00
1.630000e+02	1.750000e+02	0.000000e+00	1	0.000000e+00
1.870000e+02	1.510000e+02	0.000000e+00	1	0.000000e+00
1.480000e+02	1.920000e+02	0.000000e+00	1	0.000000e+00
1.870000e+02	1.510000e+02	0.000000e+00	1	0.000000e+00
1.720000e+02	1.680000e+02	0.000000e+00	1	0.000000e+00
1.230000e+02	2.390000e+02	0.000000e+00	1	0.000000e+00
1.610000e+02	1.810000e+02	0.000000e+00	1	0.000000e+00
1.200000e+02	2.440000e+02	0.000000e+00	1	0.000000e+00
1.390000e+02	2.040000e+02	0.000000e+00	1	0.000000e+00
1.530000e+02	1.910000e+02	0.000000e+00	1	0.000000e+00
1.550000e+02	1.860000e+02	0.000000e+00	1	0.000000e+00
1.760000e+02	1.650000e+02	0.000000e+00	1	0.000000e+00
1.280000e+02	2.210000e+02	0.000000e+00	1	0.000000e+00
1.300000e+02	2.180000e+02	0.000000e+00	1	0.000000e+00
1.480000e+02	1.920000e+02	0.000000e+00	1	0.000000e+00
1.710000e+02	1.700000e+02	0.000000e+00	1	0.000000e+00
1.630000e+02	1.750000e+02	0.000000e+00	1	0.000000e+00
1.630000e+02	1.750000e+02	0.000000e+00	1	0.000000e+00
1.300000e+02	2.180000e+02	0.000000e+00	1	0.000000e+00
1.230000e+02	2.390000e+02	0.000000e+00	1	0.000000e+00
1.550000e+02	1.860000e+02	0.000000e+00	1	0.000000e+00
1.310000e+02	2.170000e+02	0.000000e+00	1	0.000000e+00
1.630000e+02	1.750000e+02	0.000000e+00	1	0.000000e+00
1.450000e+02	1.960000e+02	0.000000e+00	1	0.000000e+00
1.610000e+02	1.810000e+02	0.000000e+00	1	0.000000e+00
1.300000e+02	2.180000e+02	0.000000e+00	1	0.000000e+00
1.780000e+02	1.590000e+02	0.000000e+00	1	0.000000e+00
1.630000e+02	1.750000e+02	0.000000e+00	1	0.000000e+00
1.480000e+02	1.920000e+02	0.000000e+00	1	0.000000e+00
1.270000e+02	2.230000e+02	0.000000e+00	1	0.000000e+00
1.630000e+02	1.750000e+02	0.000000e+00	1	0.000000e+00
1.260000e+02	2.240000e+02	0.000000e+00	1	0.000000e+00
1.390000e+02	2.040000e+02	0.000000e+00	1	0.000000e+00
1.350000e+02	2.090000e+02	0.000000e+00	1	0.000000e+00
1.580000e+02	1.850000e+02	0.000000e+00	1	0.000000e+00
1.630000e+02	1.750000e+02	0.000000e+00	1	0.000000e+00
1.310000e+02	2.170000e+02	0.000000e+00	1	0.000000e+00
1.260000e+02	2.240000e+02	0.000000e+00	1	0.000000e+00
1.720000e+02	1.680000e+02	0.000000e+00	1	0.000000e+00
1.390000e+02	2.040000e+02	0.000000e+00	1	0.000000e+00
1.270000e+02	2.230000e+02	0.000000e+00	1	0.000000e+00
1.320000e+02	2.150000e+02	0.000000e+00	1	0.000000e+00
1.300000e+02	2.180000e+02	0.000000e+00	1	0.000000e+00
1.370000e+02	2.080000e+02	0.000000e+00	1	0.000000e+00
1.310000e+02	2.170000e+02	0.000000e+00	1	0.000000e+00
1.310000e+02	2.170000e+02	0.000000e+00	1	0.000000e+00
1.780000e+02	1.590000e+02	0.000000e+00	1	0.000000e+00
1.410000e+02	2.030000e+02	0.000000e+00	1	0.000000e+00
1.310000e+02	2.170000e+02	0.000000e+00	1	0.000000e+00
1.440000e+02	2.000000e+02	0.000000e+00	1	0.000000e+00
1.810000e+02	1.580000e+02	0.000000e+00	1	0.000000e+00
1.870000e+02	1.510000e+02	0.000000e+00	1	0.000000e+00
1.310000e+02	2.170000e+02	0.000000e+00	1	0.000000e+00
1.390000e+02	2.040000e+02	0.000000e+00	1	0.000000e+00
1.630000e+02	1.750000e+02	0.000000e+00	1	0.000000e+00
1.590000e+02	1.840000e+02	0.000000e+00	1	0.000000e+00
1.780000e+02	1.590000e+02	0.000000e+00	1	0.000000e+00
1.390000e+02	2.040000e+02	0.000000e+00	1	0.000000e+00
1.350000e+02	2.090000e+02	0.000000e+00	1	0.000000e+00
1.350000e+02	2.090000e+02	0.000000e+00	1	0.000000e+00
1.630000e+02	1.750000e+02	0.000000e+00	1	0.000000e+00
1.630000e+02	1.750000e+02	0.000000e+00	1	0.000000e+00
1.690000e+02	1.720000e+02	0.000000e+00	1	0.000000e+00
1.810000e+02	1.580000e+02	0.000000e+00	1	0.000000e+00
1.630000e+02	1.750000e+02	0.000000e+00	1	0.000000e+00
1.260000e+02	2.240000e+02	0.000000e+00	1	0.000000e+00
1.530000e+02	1.910000e+02	0.000000e+00	1	0.000000e+00
1.310000e+02	2.170000e+02	0.000000e+00	1	0.000000e+00
1.350000e+02	2.090000e+02	0.000000e+00	1	0.000000e+00
1.310000e+02	2.170000e+02	0.000000e+00	1	0.000000e+00
1.720000e+02	1.680000e+02	0.000000e+00	1	0.000000e+00
1.530000e+02	1.910000e+02	0.000000e+00	1	0.000000e+00
1.300000e+02	2.180000e+02	0.000000e+00	1	0.000000e+00
1.580000e+02	1.850000e+02	0.000000e+00	1	0.000000e+00
1.550000e+02	1.860000e+02	0.000000e+00	1	0.000000e+00
1.630000e+02	1.750000e+02	0.000000e+00	1	0.000000e+00
1.200000e+02	2.440000e+02	0.000000e+00	1	0.000000e+00
1.270000e+02	2.230000e+02	0.000000e+00	1	0.000000e+00
1.300000e+02	2.180000e+02	0.000000e+00	1	0.000000e+00
1.950000e+02	1.440000e+02	0.000000e+00	1	0.000000e+00
1.300000e+02	2.180000e+02	0.000000e+00	1	0.000000e+00
1.580000e+02	1.850000e+02	0.000000e+00	1	0.000000e+00
1.630000e+02	1.750000e+02	0.000000e+00	1	0.000000e+00
1.630000e+02	1.750000e+02	0.000000e+00	1	0.000000e+00
1.440000e+02	2.000000e+02	0.000000e+00	1	0.000000e+00
1.350000e+02	2.090000e+02	0.000000e+00	1	0.000000e+00
1.270000e+02	2.230000e+02	0.000000e+00	1	0.000000e+00
1.270000e+02	2.230000e+02	0.000000e+00	1	0.000000e+00
1.760000e+02	1.650000e+02	0.000000e+00	1	0.000000e+00
1.350000e+02	2.090000e+02	0.000000e+00	1	0.000000e+00
1.530000e+02	1.910000e+02	0.000000e+00	1	0.000000e+00
1.260000e+02	2.240000e+02	0.000000e+00	1	0.000000e+00
1.580000e+02	1.850000e+02	0.000000e+00	1	0.000000e+00
1.720000e+02	1.680000e+02	0.000000e+00	1	0.000000e+00
1.230000e+02	2.390000e+02	0.000000e+00	1	0.000000e+00
1.530000e+02	1.910000e+02	0.000000e+00	1	0.000000e+00
1.780000e+02	1.590000e+02	0.000000e+00	1	0.000000e+00
1.350000e+02	2.090000e+02	0.000000e+00	1	0.000000e+00
1.670000e+02	1.740000e+02	0.000000e+00	1	0.000000e+00
1.270000e+02	2.230000e+02	0.000000e+00	1	0.000000e+00
1.310000e+02	2.170000e+02	0.000000e+00	1	0.000000e+00
1.310000e+02	2.170000e+02	0.000000e+00	1	0.000000e+00
1.350000e+02	2.090000e+02	0.000000e+00	1	0.000000e+00
1.310000e+02	2.170000e+02	0.000000e+00	1	0.000000e+00
1.320000e+02	2.150000e+02	0.000000e+00	1	0.000000e+00
1.350000e+02	2.090000e+02	0.000000e+00	1	0.000000e+00
1.270000e+02	2.230000e+02	0.000000e+00	1	0.000000e+00
1.230000e+02	2.390000e+02	0.000000e+00	1	0.000000e+00
1.310000e+02	2.170000e+02	0.000000e+00	1	0.000000e+00
1.630000e+02	1.750000e+02	0.000000e+00	1	0.000000e+00
1.630000e+02	1.750000e+02	0.000000e+00	1	0.000000e+00
1.280000e+02	2.210000e+02	0.000000e+00	1	0.000000e+00
1.320000e+02	2.150000e+02	0.000000e+00	1	0.000000e+00
1.780000e+02	1.590000e+02	0.000000e+00	1	0.000000e+00
1.310000e+02	2.170000e+02	0.000000e+00	1	0.000000e+00
1.630000e+02	1.750000e+02	0.000000e+00	1	0.000000e+00
1.810000e+02	1.580000e+02	0.000000e+00	1	0.000000e+00
1.300000e+02	2.180000e+02	0.000000e+00	1	0.000000e+00
1.350000e+02	2.090000e+02	0.000000e+00	1	0.000000e+00
1.780000e+02	1.590000e+02	0.000000e+00	1	0.000000e+00
1.630000e+02	1.750000e+02	0.000000e+00	1	0.000000e+00
1.300000e+02	2.180000e+02	0.000000e+00	1	0.000000e+00
1.630000e+02	1.750000e+02	0.000000e+00	1	0.000000e+00
1.320000e+02	2.150000e+02	0.000000e+00	1	0.000000e+00
1.320000e+02	2.150000e+02	0.000000e+00	1	0.000000e+00
1.630000e+02	1.750000e+02	0.000000e+00	1	0.000000e+00
1.780000e+02	1.590000e+02	0.000000e+00	1	0.000000e+00
1.280000e+02	2.210000e+02	0.000000e+00	1	0.000000e+00
1.810000e+02	1.580000e+02	0.000000e+00	1	0.000000e+00
1.630000e+02	1.750000e+02	0.000000e+00	1	0.000000e+00
1.390000e+02	2.040000e+02	0.000000e+00	1	0.000000e+00
1.310000e+02	2.170000e+02	0.000000e+00	1	0.000000e+00
1.610000e+02	1.810000e+02	0.000000e+00	1	0.000000e+00
1.280000e+02	2.210000e+02	0.000000e+00	1	0.000000e+00
1.480000e+02	1.920000e+02	0.000000e+00	1	0.000000e+00
1.310000e+02	2.170000e+02	0.000000e+00	1	0.000000e+00
1.280000e+02	2.210000e+02	0.000000e+00	1	0.000000e+00
1.310000e+02	2.170000e+02	0.000000e+00	1	0.000000e+00
1.390000e+02	2.040000e+02	0.000000e+00	1	0.000000e+00
1.350000e+02	2.090000e+02	0.000000e+00	1	0.000000e+00
1.450000e+02	1.960000e+02	0.000000e+00	1	0.000000e+00
1.630000e+02	1.750000e+02	0.000000e+00	1	0.000000e+00
1.440000e+02	2.000000e+02	0.000000e+00	1	0.000000e+00
1.280000e+02	2.210000e+02	0.000000e+00	1	0.000000e+00
1.760000e+02	1.650000e+02	0.000000e+00	1	0.000000e+00
1.530000e+02	1.910000e+02	0.000000e+00	1	0.000000e+00
1.760000e+02	1.650000e+02	0.000000e+00	1	0.000000e+00
1.270000e+02	2.230000e+02	0.000000e+00	1	0.000000e+00
1.480000e+02	1.920000e+02	0.000000e+00	1	0.000000e+00
1.720000e+02	1.680000e+02	0.000000e+00	1	0.000000e+00
1.390000e+02	2.040000e+02	0.000000e+00	1	0.000000e+00
1.580000e+02	1.850000e+02	0.000000e+00	1	0.000000e+00
1.780000e+02	1.590000e+02	0.000000e+00	1	0.000000e+00
1.310000e+02	2.170000e+02	0.000000e+00	1	0.000000e+00
1.630000e+02	1.750000e+02	0.000000e+00	1	0.000000e+00
1.440000e+02	2.000000e+02	0.000000e+00	1	0.000000e+00
1.780000e+02	1.590000e+02	0.000000e+00	1	0.000000e+00
1.630000e+02	1.750000e+02	0.000000e+00	1	0.000000e+00
1.480000e+02	1.920000e+02	0.000000e+00	1	0.000000e+00
1.260000e+02	2.240000e+02	0.000000e+00	1	0.000000e+00
1.300000e+02	2.180000e+02	0.000000e+00	1	0.000000e+00
1.630000e+02	1.750000e+02	0.000000e+00	1	0.000000e+00
1.270000e+02	2.230000e+02	0.000000e+00	1	0.000000e+00
1.300000e+02	2.180000e+02	0.000000e+00	1	0.000000e+00
1.300000e+02	2.180000e+02	0.000000e+00	1	0.000000e+00
1.270000e+02	2.230000e+02	0.000000e+00	1	0.000000e+00
1.310000e+02	2.170000e+02	0.000000e+00	1	0.000000e+00
1.390000e+02	2.040000e+02	0.000000e+00	1	0.000000e+00
Total execution time: 419.451
