# This file contains the data of final feasible population (if found)
# of objectives = 2, # of constraints = 0, # of real_var = 0, # of bits of bin_var = 0, constr_violation, rank, crowding_distance
5.069444e-01	4.992063e-01	0.000000e+00	1	1.000000e+14
4.900794e-01	5.129252e-01	0.000000e+00	1	1.000000e+14
4.910714e-01	5.045351e-01	0.000000e+00	1	6.648031e-01
5.069444e-01	4.992063e-01	0.000000e+00	1	4.705882e-01
4.910714e-01	5.045351e-01	0.000000e+00	1	3.351969e-01
4.900794e-01	5.129252e-01	0.000000e+00	1	3.057851e-01
5.069444e-01	4.992063e-01	0.000000e+00	1	1.942149e-01
4.900794e-01	5.129252e-01	0.000000e+00	1	2.941176e-02
4.900794e-01	5.129252e-01	0.000000e+00	1	0.000000e+00
4.900794e-01	5.129252e-01	0.000000e+00	1	0.000000e+00
4.900794e-01	5.129252e-01	0.000000e+00	1	0.000000e+00
4.900794e-01	5.129252e-01	0.000000e+00	1	0.000000e+00
4.900794e-01	5.129252e-01	0.000000e+00	1	0.000000e+00
4.900794e-01	5.129252e-01	0.000000e+00	1	0.000000e+00
4.900794e-01	5.129252e-01	0.000000e+00	1	0.000000e+00
4.900794e-01	5.129252e-01	0.000000e+00	1	0.000000e+00
4.900794e-01	5.129252e-01	0.000000e+00	1	0.000000e+00
4.900794e-01	5.129252e-01	0.000000e+00	1	0.000000e+00
4.900794e-01	5.129252e-01	0.000000e+00	1	0.000000e+00
4.900794e-01	5.129252e-01	0.000000e+00	1	0.000000e+00
4.900794e-01	5.129252e-01	0.000000e+00	1	0.000000e+00
4.900794e-01	5.129252e-01	0.000000e+00	1	0.000000e+00
4.900794e-01	5.129252e-01	0.000000e+00	1	0.000000e+00
4.900794e-01	5.129252e-01	0.000000e+00	1	0.000000e+00
4.900794e-01	5.129252e-01	0.000000e+00	1	0.000000e+00
4.900794e-01	5.129252e-01	0.000000e+00	1	0.000000e+00
4.900794e-01	5.129252e-01	0.000000e+00	1	0.000000e+00
4.900794e-01	5.129252e-01	0.000000e+00	1	0.000000e+00
4.900794e-01	5.129252e-01	0.000000e+00	1	0.000000e+00
4.900794e-01	5.129252e-01	0.000000e+00	1	0.000000e+00
4.900794e-01	5.129252e-01	0.000000e+00	1	0.000000e+00
4.900794e-01	5.129252e-01	0.000000e+00	1	0.000000e+00
4.900794e-01	5.129252e-01	0.000000e+00	1	0.000000e+00
4.900794e-01	5.129252e-01	0.000000e+00	1	0.000000e+00
4.900794e-01	5.129252e-01	0.000000e+00	1	0.000000e+00
4.900794e-01	5.129252e-01	0.000000e+00	1	0.000000e+00
4.900794e-01	5.129252e-01	0.000000e+00	1	0.000000e+00
4.900794e-01	5.129252e-01	0.000000e+00	1	0.000000e+00
4.900794e-01	5.129252e-01	0.000000e+00	1	0.000000e+00
4.900794e-01	5.129252e-01	0.000000e+00	1	0.000000e+00
4.900794e-01	5.129252e-01	0.000000e+00	1	0.000000e+00
4.900794e-01	5.129252e-01	0.000000e+00	1	0.000000e+00
4.900794e-01	5.129252e-01	0.000000e+00	1	0.000000e+00
4.900794e-01	5.129252e-01	0.000000e+00	1	0.000000e+00
4.900794e-01	5.129252e-01	0.000000e+00	1	0.000000e+00
4.900794e-01	5.129252e-01	0.000000e+00	1	0.000000e+00
4.900794e-01	5.129252e-01	0.000000e+00	1	0.000000e+00
4.900794e-01	5.129252e-01	0.000000e+00	1	0.000000e+00
4.900794e-01	5.129252e-01	0.000000e+00	1	0.000000e+00
4.900794e-01	5.129252e-01	0.000000e+00	1	0.000000e+00
4.900794e-01	5.129252e-01	0.000000e+00	1	0.000000e+00
4.900794e-01	5.129252e-01	0.000000e+00	1	0.000000e+00
4.900794e-01	5.129252e-01	0.000000e+00	1	0.000000e+00
4.900794e-01	5.129252e-01	0.000000e+00	1	0.000000e+00
4.900794e-01	5.129252e-01	0.000000e+00	1	0.000000e+00
4.900794e-01	5.129252e-01	0.000000e+00	1	0.000000e+00
4.900794e-01	5.129252e-01	0.000000e+00	1	0.000000e+00
4.900794e-01	5.129252e-01	0.000000e+00	1	0.000000e+00
4.900794e-01	5.129252e-01	0.000000e+00	1	0.000000e+00
4.900794e-01	5.129252e-01	0.000000e+00	1	0.000000e+00
4.900794e-01	5.129252e-01	0.000000e+00	1	0.000000e+00
4.900794e-01	5.129252e-01	0.000000e+00	1	0.000000e+00
4.900794e-01	5.129252e-01	0.000000e+00	1	0.000000e+00
4.900794e-01	5.129252e-01	0.000000e+00	1	0.000000e+00
4.900794e-01	5.129252e-01	0.000000e+00	1	0.000000e+00
4.900794e-01	5.129252e-01	0.000000e+00	1	0.000000e+00
4.900794e-01	5.129252e-01	0.000000e+00	1	0.000000e+00
4.900794e-01	5.129252e-01	0.000000e+00	1	0.000000e+00
4.900794e-01	5.129252e-01	0.000000e+00	1	0.000000e+00
4.900794e-01	5.129252e-01	0.000000e+00	1	0.000000e+00
4.900794e-01	5.129252e-01	0.000000e+00	1	0.000000e+00
4.900794e-01	5.129252e-01	0.000000e+00	1	0.000000e+00
4.900794e-01	5.129252e-01	0.000000e+00	1	0.000000e+00
4.900794e-01	5.129252e-01	0.000000e+00	1	0.000000e+00
4.900794e-01	5.129252e-01	0.000000e+00	1	0.000000e+00
4.900794e-01	5.129252e-01	0.000000e+00	1	0.000000e+00
4.900794e-01	5.129252e-01	0.000000e+00	1	0.000000e+00
4.900794e-01	5.129252e-01	0.000000e+00	1	0.000000e+00
4.900794e-01	5.129252e-01	0.000000e+00	1	0.000000e+00
4.900794e-01	5.129252e-01	0.000000e+00	1	0.000000e+00
4.900794e-01	5.129252e-01	0.000000e+00	1	0.000000e+00
4.900794e-01	5.129252e-01	0.000000e+00	1	0.000000e+00
4.900794e-01	5.129252e-01	0.000000e+00	1	0.000000e+00
4.900794e-01	5.129252e-01	0.000000e+00	1	0.000000e+00
4.900794e-01	5.129252e-01	0.000000e+00	1	0.000000e+00
4.900794e-01	5.129252e-01	0.000000e+00	1	0.000000e+00
4.900794e-01	5.129252e-01	0.000000e+00	1	0.000000e+00
4.900794e-01	5.129252e-01	0.000000e+00	1	0.000000e+00
4.900794e-01	5.129252e-01	0.000000e+00	1	0.000000e+00
4.900794e-01	5.129252e-01	0.000000e+00	1	0.000000e+00
4.900794e-01	5.129252e-01	0.000000e+00	1	0.000000e+00
4.900794e-01	5.129252e-01	0.000000e+00	1	0.000000e+00
4.900794e-01	5.129252e-01	0.000000e+00	1	0.000000e+00
4.900794e-01	5.129252e-01	0.000000e+00	1	0.000000e+00
4.900794e-01	5.129252e-01	0.000000e+00	1	0.000000e+00
4.900794e-01	5.129252e-01	0.000000e+00	1	0.000000e+00
4.900794e-01	5.129252e-01	0.000000e+00	1	0.000000e+00
4.900794e-01	5.129252e-01	0.000000e+00	1	0.000000e+00
4.900794e-01	5.129252e-01	0.000000e+00	1	0.000000e+00
4.900794e-01	5.129252e-01	0.000000e+00	1	0.000000e+00
4.900794e-01	5.129252e-01	0.000000e+00	1	0.000000e+00
4.900794e-01	5.129252e-01	0.000000e+00	1	0.000000e+00
4.900794e-01	5.129252e-01	0.000000e+00	1	0.000000e+00
4.900794e-01	5.129252e-01	0.000000e+00	1	0.000000e+00
4.900794e-01	5.129252e-01	0.000000e+00	1	0.000000e+00
4.900794e-01	5.129252e-01	0.000000e+00	1	0.000000e+00
4.900794e-01	5.129252e-01	0.000000e+00	1	0.000000e+00
4.900794e-01	5.129252e-01	0.000000e+00	1	0.000000e+00
4.900794e-01	5.129252e-01	0.000000e+00	1	0.000000e+00
4.900794e-01	5.129252e-01	0.000000e+00	1	0.000000e+00
4.900794e-01	5.129252e-01	0.000000e+00	1	0.000000e+00
4.900794e-01	5.129252e-01	0.000000e+00	1	0.000000e+00
4.900794e-01	5.129252e-01	0.000000e+00	1	0.000000e+00
4.900794e-01	5.129252e-01	0.000000e+00	1	0.000000e+00
4.900794e-01	5.129252e-01	0.000000e+00	1	0.000000e+00
4.900794e-01	5.129252e-01	0.000000e+00	1	0.000000e+00
4.900794e-01	5.129252e-01	0.000000e+00	1	0.000000e+00
4.900794e-01	5.129252e-01	0.000000e+00	1	0.000000e+00
4.900794e-01	5.129252e-01	0.000000e+00	1	0.000000e+00
4.900794e-01	5.129252e-01	0.000000e+00	1	0.000000e+00
4.900794e-01	5.129252e-01	0.000000e+00	1	0.000000e+00
4.900794e-01	5.129252e-01	0.000000e+00	1	0.000000e+00
4.900794e-01	5.129252e-01	0.000000e+00	1	0.000000e+00
4.900794e-01	5.129252e-01	0.000000e+00	1	0.000000e+00
4.900794e-01	5.129252e-01	0.000000e+00	1	0.000000e+00
4.900794e-01	5.129252e-01	0.000000e+00	1	0.000000e+00
4.900794e-01	5.129252e-01	0.000000e+00	1	0.000000e+00
4.900794e-01	5.129252e-01	0.000000e+00	1	0.000000e+00
4.900794e-01	5.129252e-01	0.000000e+00	1	0.000000e+00
4.900794e-01	5.129252e-01	0.000000e+00	1	0.000000e+00
4.900794e-01	5.129252e-01	0.000000e+00	1	0.000000e+00
4.900794e-01	5.129252e-01	0.000000e+00	1	0.000000e+00
4.900794e-01	5.129252e-01	0.000000e+00	1	0.000000e+00
4.900794e-01	5.129252e-01	0.000000e+00	1	0.000000e+00
4.900794e-01	5.129252e-01	0.000000e+00	1	0.000000e+00
4.900794e-01	5.129252e-01	0.000000e+00	1	0.000000e+00
4.900794e-01	5.129252e-01	0.000000e+00	1	0.000000e+00
4.900794e-01	5.129252e-01	0.000000e+00	1	0.000000e+00
4.900794e-01	5.129252e-01	0.000000e+00	1	0.000000e+00
4.900794e-01	5.129252e-01	0.000000e+00	1	0.000000e+00
4.900794e-01	5.129252e-01	0.000000e+00	1	0.000000e+00
4.900794e-01	5.129252e-01	0.000000e+00	1	0.000000e+00
4.900794e-01	5.129252e-01	0.000000e+00	1	0.000000e+00
4.900794e-01	5.129252e-01	0.000000e+00	1	0.000000e+00
4.900794e-01	5.129252e-01	0.000000e+00	1	0.000000e+00
4.900794e-01	5.129252e-01	0.000000e+00	1	0.000000e+00
4.900794e-01	5.129252e-01	0.000000e+00	1	0.000000e+00
4.900794e-01	5.129252e-01	0.000000e+00	1	0.000000e+00
4.900794e-01	5.129252e-01	0.000000e+00	1	0.000000e+00
4.900794e-01	5.129252e-01	0.000000e+00	1	0.000000e+00
4.900794e-01	5.129252e-01	0.000000e+00	1	0.000000e+00
4.900794e-01	5.129252e-01	0.000000e+00	1	0.000000e+00
4.900794e-01	5.129252e-01	0.000000e+00	1	0.000000e+00
4.900794e-01	5.129252e-01	0.000000e+00	1	0.000000e+00
4.900794e-01	5.129252e-01	0.000000e+00	1	0.000000e+00
4.900794e-01	5.129252e-01	0.000000e+00	1	0.000000e+00
4.900794e-01	5.129252e-01	0.000000e+00	1	0.000000e+00
4.900794e-01	5.129252e-01	0.000000e+00	1	0.000000e+00
4.900794e-01	5.129252e-01	0.000000e+00	1	0.000000e+00
4.900794e-01	5.129252e-01	0.000000e+00	1	0.000000e+00
4.900794e-01	5.129252e-01	0.000000e+00	1	0.000000e+00
4.900794e-01	5.129252e-01	0.000000e+00	1	0.000000e+00
4.900794e-01	5.129252e-01	0.000000e+00	1	0.000000e+00
4.900794e-01	5.129252e-01	0.000000e+00	1	0.000000e+00
4.900794e-01	5.129252e-01	0.000000e+00	1	0.000000e+00
4.900794e-01	5.129252e-01	0.000000e+00	1	0.000000e+00
4.900794e-01	5.129252e-01	0.000000e+00	1	0.000000e+00
4.900794e-01	5.129252e-01	0.000000e+00	1	0.000000e+00
4.900794e-01	5.129252e-01	0.000000e+00	1	0.000000e+00
4.900794e-01	5.129252e-01	0.000000e+00	1	0.000000e+00
4.900794e-01	5.129252e-01	0.000000e+00	1	0.000000e+00
4.900794e-01	5.129252e-01	0.000000e+00	1	0.000000e+00
4.900794e-01	5.129252e-01	0.000000e+00	1	0.000000e+00
4.900794e-01	5.129252e-01	0.000000e+00	1	0.000000e+00
4.900794e-01	5.129252e-01	0.000000e+00	1	0.000000e+00
4.900794e-01	5.129252e-01	0.000000e+00	1	0.000000e+00
4.900794e-01	5.129252e-01	0.000000e+00	1	0.000000e+00
4.900794e-01	5.129252e-01	0.000000e+00	1	0.000000e+00
4.900794e-01	5.129252e-01	0.000000e+00	1	0.000000e+00
4.900794e-01	5.129252e-01	0.000000e+00	1	0.000000e+00
4.900794e-01	5.129252e-01	0.000000e+00	1	0.000000e+00
4.900794e-01	5.129252e-01	0.000000e+00	1	0.000000e+00
4.900794e-01	5.129252e-01	0.000000e+00	1	0.000000e+00
4.900794e-01	5.129252e-01	0.000000e+00	1	0.000000e+00
4.900794e-01	5.129252e-01	0.000000e+00	1	0.000000e+00
4.900794e-01	5.129252e-01	0.000000e+00	1	0.000000e+00
4.900794e-01	5.129252e-01	0.000000e+00	1	0.000000e+00
4.900794e-01	5.129252e-01	0.000000e+00	1	0.000000e+00
4.900794e-01	5.129252e-01	0.000000e+00	1	0.000000e+00
4.900794e-01	5.129252e-01	0.000000e+00	1	0.000000e+00
4.900794e-01	5.129252e-01	0.000000e+00	1	0.000000e+00
4.900794e-01	5.129252e-01	0.000000e+00	1	0.000000e+00
4.900794e-01	5.129252e-01	0.000000e+00	1	0.000000e+00
4.900794e-01	5.129252e-01	0.000000e+00	1	0.000000e+00
4.900794e-01	5.129252e-01	0.000000e+00	1	0.000000e+00
4.900794e-01	5.129252e-01	0.000000e+00	1	0.000000e+00
4.900794e-01	5.129252e-01	0.000000e+00	1	0.000000e+00
4.900794e-01	5.129252e-01	0.000000e+00	1	0.000000e+00
4.900794e-01	5.129252e-01	0.000000e+00	1	0.000000e+00
4.900794e-01	5.129252e-01	0.000000e+00	1	0.000000e+00
4.900794e-01	5.129252e-01	0.000000e+00	1	0.000000e+00
4.900794e-01	5.129252e-01	0.000000e+00	1	0.000000e+00
4.900794e-01	5.129252e-01	0.000000e+00	1	0.000000e+00
4.900794e-01	5.129252e-01	0.000000e+00	1	0.000000e+00
4.900794e-01	5.129252e-01	0.000000e+00	1	0.000000e+00
4.900794e-01	5.129252e-01	0.000000e+00	1	0.000000e+00
4.900794e-01	5.129252e-01	0.000000e+00	1	0.000000e+00
4.900794e-01	5.129252e-01	0.000000e+00	1	0.000000e+00
4.900794e-01	5.129252e-01	0.000000e+00	1	0.000000e+00
4.900794e-01	5.129252e-01	0.000000e+00	1	0.000000e+00
4.900794e-01	5.129252e-01	0.000000e+00	1	0.000000e+00
4.900794e-01	5.129252e-01	0.000000e+00	1	0.000000e+00
4.900794e-01	5.129252e-01	0.000000e+00	1	0.000000e+00
4.900794e-01	5.129252e-01	0.000000e+00	1	0.000000e+00
4.900794e-01	5.129252e-01	0.000000e+00	1	0.000000e+00
4.900794e-01	5.129252e-01	0.000000e+00	1	0.000000e+00
4.900794e-01	5.129252e-01	0.000000e+00	1	0.000000e+00
4.900794e-01	5.129252e-01	0.000000e+00	1	0.000000e+00
4.900794e-01	5.129252e-01	0.000000e+00	1	0.000000e+00
4.900794e-01	5.129252e-01	0.000000e+00	1	0.000000e+00
4.900794e-01	5.129252e-01	0.000000e+00	1	0.000000e+00
4.900794e-01	5.129252e-01	0.000000e+00	1	0.000000e+00
4.900794e-01	5.129252e-01	0.000000e+00	1	0.000000e+00
4.900794e-01	5.129252e-01	0.000000e+00	1	0.000000e+00
4.900794e-01	5.129252e-01	0.000000e+00	1	0.000000e+00
4.900794e-01	5.129252e-01	0.000000e+00	1	0.000000e+00
4.900794e-01	5.129252e-01	0.000000e+00	1	0.000000e+00
4.900794e-01	5.129252e-01	0.000000e+00	1	0.000000e+00
4.900794e-01	5.129252e-01	0.000000e+00	1	0.000000e+00
4.900794e-01	5.129252e-01	0.000000e+00	1	0.000000e+00
4.900794e-01	5.129252e-01	0.000000e+00	1	0.000000e+00
4.900794e-01	5.129252e-01	0.000000e+00	1	0.000000e+00
4.900794e-01	5.129252e-01	0.000000e+00	1	0.000000e+00
4.900794e-01	5.129252e-01	0.000000e+00	1	0.000000e+00
4.900794e-01	5.129252e-01	0.000000e+00	1	0.000000e+00
4.900794e-01	5.129252e-01	0.000000e+00	1	0.000000e+00
4.900794e-01	5.129252e-01	0.000000e+00	1	0.000000e+00
4.900794e-01	5.129252e-01	0.000000e+00	1	0.000000e+00
4.900794e-01	5.129252e-01	0.000000e+00	1	0.000000e+00
4.900794e-01	5.129252e-01	0.000000e+00	1	0.000000e+00
4.900794e-01	5.129252e-01	0.000000e+00	1	0.000000e+00
4.900794e-01	5.129252e-01	0.000000e+00	1	0.000000e+00
4.900794e-01	5.129252e-01	0.000000e+00	1	0.000000e+00
4.900794e-01	5.129252e-01	0.000000e+00	1	0.000000e+00
4.900794e-01	5.129252e-01	0.000000e+00	1	0.000000e+00
4.900794e-01	5.129252e-01	0.000000e+00	1	0.000000e+00
4.900794e-01	5.129252e-01	0.000000e+00	1	0.000000e+00
4.900794e-01	5.129252e-01	0.000000e+00	1	0.000000e+00
4.900794e-01	5.129252e-01	0.000000e+00	1	0.000000e+00
4.900794e-01	5.129252e-01	0.000000e+00	1	0.000000e+00
4.900794e-01	5.129252e-01	0.000000e+00	1	0.000000e+00
4.900794e-01	5.129252e-01	0.000000e+00	1	0.000000e+00
4.900794e-01	5.129252e-01	0.000000e+00	1	0.000000e+00
4.900794e-01	5.129252e-01	0.000000e+00	1	0.000000e+00
4.900794e-01	5.129252e-01	0.000000e+00	1	0.000000e+00
4.900794e-01	5.129252e-01	0.000000e+00	1	0.000000e+00
4.900794e-01	5.129252e-01	0.000000e+00	1	0.000000e+00
4.900794e-01	5.129252e-01	0.000000e+00	1	0.000000e+00
4.900794e-01	5.129252e-01	0.000000e+00	1	0.000000e+00
4.900794e-01	5.129252e-01	0.000000e+00	1	0.000000e+00
4.900794e-01	5.129252e-01	0.000000e+00	1	0.000000e+00
4.900794e-01	5.129252e-01	0.000000e+00	1	0.000000e+00
4.900794e-01	5.129252e-01	0.000000e+00	1	0.000000e+00
4.900794e-01	5.129252e-01	0.000000e+00	1	0.000000e+00
4.900794e-01	5.129252e-01	0.000000e+00	1	0.000000e+00
4.900794e-01	5.129252e-01	0.000000e+00	1	0.000000e+00
4.900794e-01	5.129252e-01	0.000000e+00	1	0.000000e+00
4.900794e-01	5.129252e-01	0.000000e+00	1	0.000000e+00
4.900794e-01	5.129252e-01	0.000000e+00	1	0.000000e+00
4.900794e-01	5.129252e-01	0.000000e+00	1	0.000000e+00
4.900794e-01	5.129252e-01	0.000000e+00	1	0.000000e+00
4.900794e-01	5.129252e-01	0.000000e+00	1	0.000000e+00
4.900794e-01	5.129252e-01	0.000000e+00	1	0.000000e+00
4.900794e-01	5.129252e-01	0.000000e+00	1	0.000000e+00
4.900794e-01	5.129252e-01	0.000000e+00	1	0.000000e+00
4.900794e-01	5.129252e-01	0.000000e+00	1	0.000000e+00
4.900794e-01	5.129252e-01	0.000000e+00	1	0.000000e+00
4.900794e-01	5.129252e-01	0.000000e+00	1	0.000000e+00
4.900794e-01	5.129252e-01	0.000000e+00	1	0.000000e+00
4.900794e-01	5.129252e-01	0.000000e+00	1	0.000000e+00
4.900794e-01	5.129252e-01	0.000000e+00	1	0.000000e+00
4.900794e-01	5.129252e-01	0.000000e+00	1	0.000000e+00
4.900794e-01	5.129252e-01	0.000000e+00	1	0.000000e+00
4.900794e-01	5.129252e-01	0.000000e+00	1	0.000000e+00
4.900794e-01	5.129252e-01	0.000000e+00	1	0.000000e+00
4.900794e-01	5.129252e-01	0.000000e+00	1	0.000000e+00
4.900794e-01	5.129252e-01	0.000000e+00	1	0.000000e+00
4.900794e-01	5.129252e-01	0.000000e+00	1	0.000000e+00
4.900794e-01	5.129252e-01	0.000000e+00	1	0.000000e+00
4.900794e-01	5.129252e-01	0.000000e+00	1	0.000000e+00
4.900794e-01	5.129252e-01	0.000000e+00	1	0.000000e+00
4.900794e-01	5.129252e-01	0.000000e+00	1	0.000000e+00
4.900794e-01	5.129252e-01	0.000000e+00	1	0.000000e+00
4.900794e-01	5.129252e-01	0.000000e+00	1	0.000000e+00
4.900794e-01	5.129252e-01	0.000000e+00	1	0.000000e+00
4.900794e-01	5.129252e-01	0.000000e+00	1	0.000000e+00
4.900794e-01	5.129252e-01	0.000000e+00	1	0.000000e+00
5.069444e-01	4.992063e-01	0.000000e+00	1	0.000000e+00
4.900794e-01	5.129252e-01	0.000000e+00	1	0.000000e+00
4.900794e-01	5.129252e-01	0.000000e+00	1	0.000000e+00
4.900794e-01	5.129252e-01	0.000000e+00	1	0.000000e+00
4.900794e-01	5.129252e-01	0.000000e+00	1	0.000000e+00
4.900794e-01	5.129252e-01	0.000000e+00	1	0.000000e+00
4.900794e-01	5.129252e-01	0.000000e+00	1	0.000000e+00
4.900794e-01	5.129252e-01	0.000000e+00	1	0.000000e+00
4.900794e-01	5.129252e-01	0.000000e+00	1	0.000000e+00
4.900794e-01	5.129252e-01	0.000000e+00	1	0.000000e+00
4.900794e-01	5.129252e-01	0.000000e+00	1	0.000000e+00
4.900794e-01	5.129252e-01	0.000000e+00	1	0.000000e+00
4.900794e-01	5.129252e-01	0.000000e+00	1	0.000000e+00
4.900794e-01	5.129252e-01	0.000000e+00	1	0.000000e+00
4.900794e-01	5.129252e-01	0.000000e+00	1	0.000000e+00
4.900794e-01	5.129252e-01	0.000000e+00	1	0.000000e+00
4.900794e-01	5.129252e-01	0.000000e+00	1	0.000000e+00
4.900794e-01	5.129252e-01	0.000000e+00	1	0.000000e+00
4.900794e-01	5.129252e-01	0.000000e+00	1	0.000000e+00
4.900794e-01	5.129252e-01	0.000000e+00	1	0.000000e+00
4.900794e-01	5.129252e-01	0.000000e+00	1	0.000000e+00
4.900794e-01	5.129252e-01	0.000000e+00	1	0.000000e+00
4.900794e-01	5.129252e-01	0.000000e+00	1	0.000000e+00
4.900794e-01	5.129252e-01	0.000000e+00	1	0.000000e+00
4.900794e-01	5.129252e-01	0.000000e+00	1	0.000000e+00
4.900794e-01	5.129252e-01	0.000000e+00	1	0.000000e+00
4.900794e-01	5.129252e-01	0.000000e+00	1	0.000000e+00
5.069444e-01	4.992063e-01	0.000000e+00	1	0.000000e+00
4.900794e-01	5.129252e-01	0.000000e+00	1	0.000000e+00
4.900794e-01	5.129252e-01	0.000000e+00	1	0.000000e+00
4.900794e-01	5.129252e-01	0.000000e+00	1	0.000000e+00
4.900794e-01	5.129252e-01	0.000000e+00	1	0.000000e+00
4.900794e-01	5.129252e-01	0.000000e+00	1	0.000000e+00
4.900794e-01	5.129252e-01	0.000000e+00	1	0.000000e+00
4.900794e-01	5.129252e-01	0.000000e+00	1	0.000000e+00
4.900794e-01	5.129252e-01	0.000000e+00	1	0.000000e+00
4.900794e-01	5.129252e-01	0.000000e+00	1	0.000000e+00
4.900794e-01	5.129252e-01	0.000000e+00	1	0.000000e+00
4.900794e-01	5.129252e-01	0.000000e+00	1	0.000000e+00
4.900794e-01	5.129252e-01	0.000000e+00	1	0.000000e+00
4.900794e-01	5.129252e-01	0.000000e+00	1	0.000000e+00
4.900794e-01	5.129252e-01	0.000000e+00	1	0.000000e+00
4.900794e-01	5.129252e-01	0.000000e+00	1	0.000000e+00
4.900794e-01	5.129252e-01	0.000000e+00	1	0.000000e+00
4.900794e-01	5.129252e-01	0.000000e+00	1	0.000000e+00
4.900794e-01	5.129252e-01	0.000000e+00	1	0.000000e+00
4.900794e-01	5.129252e-01	0.000000e+00	1	0.000000e+00
4.900794e-01	5.129252e-01	0.000000e+00	1	0.000000e+00
4.900794e-01	5.129252e-01	0.000000e+00	1	0.000000e+00
4.900794e-01	5.129252e-01	0.000000e+00	1	0.000000e+00
4.900794e-01	5.129252e-01	0.000000e+00	1	0.000000e+00
4.900794e-01	5.129252e-01	0.000000e+00	1	0.000000e+00
4.900794e-01	5.129252e-01	0.000000e+00	1	0.000000e+00
4.900794e-01	5.129252e-01	0.000000e+00	1	0.000000e+00
4.900794e-01	5.129252e-01	0.000000e+00	1	0.000000e+00
4.900794e-01	5.129252e-01	0.000000e+00	1	0.000000e+00
4.900794e-01	5.129252e-01	0.000000e+00	1	0.000000e+00
4.900794e-01	5.129252e-01	0.000000e+00	1	0.000000e+00
4.900794e-01	5.129252e-01	0.000000e+00	1	0.000000e+00
4.900794e-01	5.129252e-01	0.000000e+00	1	0.000000e+00
4.900794e-01	5.129252e-01	0.000000e+00	1	0.000000e+00
4.900794e-01	5.129252e-01	0.000000e+00	1	0.000000e+00
4.900794e-01	5.129252e-01	0.000000e+00	1	0.000000e+00
4.900794e-01	5.129252e-01	0.000000e+00	1	0.000000e+00
4.900794e-01	5.129252e-01	0.000000e+00	1	0.000000e+00
4.900794e-01	5.129252e-01	0.000000e+00	1	0.000000e+00
4.900794e-01	5.129252e-01	0.000000e+00	1	0.000000e+00
4.900794e-01	5.129252e-01	0.000000e+00	1	0.000000e+00
4.900794e-01	5.129252e-01	0.000000e+00	1	0.000000e+00
4.900794e-01	5.129252e-01	0.000000e+00	1	0.000000e+00
4.900794e-01	5.129252e-01	0.000000e+00	1	0.000000e+00
4.900794e-01	5.129252e-01	0.000000e+00	1	0.000000e+00
4.900794e-01	5.129252e-01	0.000000e+00	1	0.000000e+00
4.900794e-01	5.129252e-01	0.000000e+00	1	0.000000e+00
4.900794e-01	5.129252e-01	0.000000e+00	1	0.000000e+00
4.900794e-01	5.129252e-01	0.000000e+00	1	0.000000e+00
4.900794e-01	5.129252e-01	0.000000e+00	1	0.000000e+00
4.900794e-01	5.129252e-01	0.000000e+00	1	0.000000e+00
4.900794e-01	5.129252e-01	0.000000e+00	1	0.000000e+00
4.900794e-01	5.129252e-01	0.000000e+00	1	0.000000e+00
4.900794e-01	5.129252e-01	0.000000e+00	1	0.000000e+00
4.900794e-01	5.129252e-01	0.000000e+00	1	0.000000e+00
4.900794e-01	5.129252e-01	0.000000e+00	1	0.000000e+00
4.900794e-01	5.129252e-01	0.000000e+00	1	0.000000e+00
4.900794e-01	5.129252e-01	0.000000e+00	1	0.000000e+00
4.900794e-01	5.129252e-01	0.000000e+00	1	0.000000e+00
4.900794e-01	5.129252e-01	0.000000e+00	1	0.000000e+00
4.900794e-01	5.129252e-01	0.000000e+00	1	0.000000e+00
4.900794e-01	5.129252e-01	0.000000e+00	1	0.000000e+00
4.900794e-01	5.129252e-01	0.000000e+00	1	0.000000e+00
4.900794e-01	5.129252e-01	0.000000e+00	1	0.000000e+00
4.900794e-01	5.129252e-01	0.000000e+00	1	0.000000e+00
4.900794e-01	5.129252e-01	0.000000e+00	1	0.000000e+00
4.900794e-01	5.129252e-01	0.000000e+00	1	0.000000e+00
4.900794e-01	5.129252e-01	0.000000e+00	1	0.000000e+00
4.900794e-01	5.129252e-01	0.000000e+00	1	0.000000e+00
4.900794e-01	5.129252e-01	0.000000e+00	1	0.000000e+00
4.900794e-01	5.129252e-01	0.000000e+00	1	0.000000e+00
4.900794e-01	5.129252e-01	0.000000e+00	1	0.000000e+00
4.900794e-01	5.129252e-01	0.000000e+00	1	0.000000e+00
4.900794e-01	5.129252e-01	0.000000e+00	1	0.000000e+00
4.900794e-01	5.129252e-01	0.000000e+00	1	0.000000e+00
4.900794e-01	5.129252e-01	0.000000e+00	1	0.000000e+00
4.900794e-01	5.129252e-01	0.000000e+00	1	0.000000e+00
4.900794e-01	5.129252e-01	0.000000e+00	1	0.000000e+00
4.900794e-01	5.129252e-01	0.000000e+00	1	0.000000e+00
4.900794e-01	5.129252e-01	0.000000e+00	1	0.000000e+00
4.900794e-01	5.129252e-01	0.000000e+00	1	0.000000e+00
4.900794e-01	5.129252e-01	0.000000e+00	1	0.000000e+00
4.900794e-01	5.129252e-01	0.000000e+00	1	0.000000e+00
4.900794e-01	5.129252e-01	0.000000e+00	1	0.000000e+00
4.900794e-01	5.129252e-01	0.000000e+00	1	0.000000e+00
4.900794e-01	5.129252e-01	0.000000e+00	1	0.000000e+00
4.900794e-01	5.129252e-01	0.000000e+00	1	0.000000e+00
4.900794e-01	5.129252e-01	0.000000e+00	1	0.000000e+00
4.900794e-01	5.129252e-01	0.000000e+00	1	0.000000e+00
4.900794e-01	5.129252e-01	0.000000e+00	1	0.000000e+00
4.900794e-01	5.129252e-01	0.000000e+00	1	0.000000e+00
4.900794e-01	5.129252e-01	0.000000e+00	1	0.000000e+00
4.900794e-01	5.129252e-01	0.000000e+00	1	0.000000e+00
4.900794e-01	5.129252e-01	0.000000e+00	1	0.000000e+00
4.900794e-01	5.129252e-01	0.000000e+00	1	0.000000e+00
4.900794e-01	5.129252e-01	0.000000e+00	1	0.000000e+00
4.900794e-01	5.129252e-01	0.000000e+00	1	0.000000e+00
4.900794e-01	5.129252e-01	0.000000e+00	1	0.000000e+00
4.900794e-01	5.129252e-01	0.000000e+00	1	0.000000e+00
4.900794e-01	5.129252e-01	0.000000e+00	1	0.000000e+00
4.900794e-01	5.129252e-01	0.000000e+00	1	0.000000e+00
4.900794e-01	5.129252e-01	0.000000e+00	1	0.000000e+00
4.900794e-01	5.129252e-01	0.000000e+00	1	0.000000e+00
4.900794e-01	5.129252e-01	0.000000e+00	1	0.000000e+00
4.900794e-01	5.129252e-01	0.000000e+00	1	0.000000e+00
4.900794e-01	5.129252e-01	0.000000e+00	1	0.000000e+00
4.900794e-01	5.129252e-01	0.000000e+00	1	0.000000e+00
4.900794e-01	5.129252e-01	0.000000e+00	1	0.000000e+00
4.900794e-01	5.129252e-01	0.000000e+00	1	0.000000e+00
4.900794e-01	5.129252e-01	0.000000e+00	1	0.000000e+00
4.900794e-01	5.129252e-01	0.000000e+00	1	0.000000e+00
4.900794e-01	5.129252e-01	0.000000e+00	1	0.000000e+00
4.900794e-01	5.129252e-01	0.000000e+00	1	0.000000e+00
4.900794e-01	5.129252e-01	0.000000e+00	1	0.000000e+00
4.900794e-01	5.129252e-01	0.000000e+00	1	0.000000e+00
4.900794e-01	5.129252e-01	0.000000e+00	1	0.000000e+00
4.900794e-01	5.129252e-01	0.000000e+00	1	0.000000e+00
4.900794e-01	5.129252e-01	0.000000e+00	1	0.000000e+00
4.900794e-01	5.129252e-01	0.000000e+00	1	0.000000e+00
4.900794e-01	5.129252e-01	0.000000e+00	1	0.000000e+00
4.900794e-01	5.129252e-01	0.000000e+00	1	0.000000e+00
4.900794e-01	5.129252e-01	0.000000e+00	1	0.000000e+00
4.900794e-01	5.129252e-01	0.000000e+00	1	0.000000e+00
4.900794e-01	5.129252e-01	0.000000e+00	1	0.000000e+00
4.900794e-01	5.129252e-01	0.000000e+00	1	0.000000e+00
4.900794e-01	5.129252e-01	0.000000e+00	1	0.000000e+00
4.900794e-01	5.129252e-01	0.000000e+00	1	0.000000e+00
4.900794e-01	5.129252e-01	0.000000e+00	1	0.000000e+00
4.900794e-01	5.129252e-01	0.000000e+00	1	0.000000e+00
4.900794e-01	5.129252e-01	0.000000e+00	1	0.000000e+00
4.900794e-01	5.129252e-01	0.000000e+00	1	0.000000e+00
4.900794e-01	5.129252e-01	0.000000e+00	1	0.000000e+00
4.900794e-01	5.129252e-01	0.000000e+00	1	0.000000e+00
4.900794e-01	5.129252e-01	0.000000e+00	1	0.000000e+00
4.900794e-01	5.129252e-01	0.000000e+00	1	0.000000e+00
4.900794e-01	5.129252e-01	0.000000e+00	1	0.000000e+00
4.900794e-01	5.129252e-01	0.000000e+00	1	0.000000e+00
4.900794e-01	5.129252e-01	0.000000e+00	1	0.000000e+00
4.900794e-01	5.129252e-01	0.000000e+00	1	0.000000e+00
4.900794e-01	5.129252e-01	0.000000e+00	1	0.000000e+00
4.900794e-01	5.129252e-01	0.000000e+00	1	0.000000e+00
4.900794e-01	5.129252e-01	0.000000e+00	1	0.000000e+00
4.900794e-01	5.129252e-01	0.000000e+00	1	0.000000e+00
4.900794e-01	5.129252e-01	0.000000e+00	1	0.000000e+00
4.900794e-01	5.129252e-01	0.000000e+00	1	0.000000e+00
4.900794e-01	5.129252e-01	0.000000e+00	1	0.000000e+00
4.900794e-01	5.129252e-01	0.000000e+00	1	0.000000e+00
4.900794e-01	5.129252e-01	0.000000e+00	1	0.000000e+00
4.900794e-01	5.129252e-01	0.000000e+00	1	0.000000e+00
4.900794e-01	5.129252e-01	0.000000e+00	1	0.000000e+00
4.900794e-01	5.129252e-01	0.000000e+00	1	0.000000e+00
4.900794e-01	5.129252e-01	0.000000e+00	1	0.000000e+00
4.900794e-01	5.129252e-01	0.000000e+00	1	0.000000e+00
4.900794e-01	5.129252e-01	0.000000e+00	1	0.000000e+00
4.900794e-01	5.129252e-01	0.000000e+00	1	0.000000e+00
4.900794e-01	5.129252e-01	0.000000e+00	1	0.000000e+00
4.900794e-01	5.129252e-01	0.000000e+00	1	0.000000e+00
4.900794e-01	5.129252e-01	0.000000e+00	1	0.000000e+00
4.900794e-01	5.129252e-01	0.000000e+00	1	0.000000e+00
4.900794e-01	5.129252e-01	0.000000e+00	1	0.000000e+00
4.900794e-01	5.129252e-01	0.000000e+00	1	0.000000e+00
4.900794e-01	5.129252e-01	0.000000e+00	1	0.000000e+00
4.900794e-01	5.129252e-01	0.000000e+00	1	0.000000e+00
4.900794e-01	5.129252e-01	0.000000e+00	1	0.000000e+00
4.900794e-01	5.129252e-01	0.000000e+00	1	0.000000e+00
4.900794e-01	5.129252e-01	0.000000e+00	1	0.000000e+00
4.900794e-01	5.129252e-01	0.000000e+00	1	0.000000e+00
4.900794e-01	5.129252e-01	0.000000e+00	1	0.000000e+00
4.900794e-01	5.129252e-01	0.000000e+00	1	0.000000e+00
4.900794e-01	5.129252e-01	0.000000e+00	1	0.000000e+00
4.900794e-01	5.129252e-01	0.000000e+00	1	0.000000e+00
4.900794e-01	5.129252e-01	0.000000e+00	1	0.000000e+00
4.900794e-01	5.129252e-01	0.000000e+00	1	0.000000e+00
4.900794e-01	5.129252e-01	0.000000e+00	1	0.000000e+00
4.900794e-01	5.129252e-01	0.000000e+00	1	0.000000e+00
4.900794e-01	5.129252e-01	0.000000e+00	1	0.000000e+00
Total execution time: 482.006
