# This file contains the data of initial population
# of objectives = 2, # of constraints = 0, # of real_var = 0, # of bits of bin_var = 0, constr_violation, rank, crowding_distance
6.041667e-01	5.186508e-01	-4.000000e+00	4	9.499155e-02
6.547619e-01	5.351474e-01	-6.000000e+00	6	9.450105e-02
6.111111e-01	4.890590e-01	-5.000000e+00	5	1.000000e+14
6.716270e-01	5.496032e-01	-3.000000e+00	3	5.102041e-02
5.753968e-01	5.256803e-01	-5.000000e+00	5	1.000000e+14
6.121032e-01	5.069161e-01	-7.000000e+00	7	6.184799e-02
6.051587e-01	5.209184e-01	-3.000000e+00	3	1.000000e+14
5.446429e-01	4.662698e-01	-1.800000e+01	17	1.000000e+14
6.537698e-01	5.370181e-01	-6.000000e+00	6	2.001199e-01
6.359127e-01	5.103741e-01	-8.000000e+00	8	1.000000e+14
5.674603e-01	4.905896e-01	-1.000000e+01	10	1.000000e+14
6.339286e-01	5.247732e-01	-3.000000e+00	3	1.378358e-01
6.994048e-01	5.582200e-01	-1.000000e+00	1	4.289773e-01
6.081349e-01	4.710884e-01	-1.300000e+01	13	1.000000e+14
6.190476e-01	5.121315e-01	-6.000000e+00	6	2.287684e-01
6.230159e-01	5.188776e-01	-4.000000e+00	4	1.302127e-01
6.101190e-01	5.332200e-01	-4.000000e+00	4	1.945971e-01
6.418651e-01	5.472789e-01	-1.000000e+00	1	1.000000e+14
6.349206e-01	5.355442e-01	-3.000000e+00	3	7.638945e-02
6.448413e-01	4.996599e-01	-9.000000e+00	9	3.964912e-01
6.458333e-01	5.402494e-01	-4.000000e+00	4	1.166878e-01
5.982143e-01	5.033447e-01	-1.100000e+01	11	1.000000e+00
6.418651e-01	5.454082e-01	-4.000000e+00	4	1.993255e-01
5.714286e-01	4.798186e-01	-9.000000e+00	9	1.000000e+14
5.476190e-01	4.964853e-01	-1.000000e+01	10	2.448150e-01
6.686508e-01	5.320295e-01	-5.000000e+00	5	2.648209e-01
6.180556e-01	5.371315e-01	-5.000000e+00	5	9.043993e-02
5.902778e-01	5.023243e-01	-7.000000e+00	7	1.000000e+14
6.011905e-01	4.914966e-01	-1.200000e+01	12	1.000000e+14
6.329365e-01	5.294785e-01	-6.000000e+00	6	2.035611e-01
6.309524e-01	5.241497e-01	-6.000000e+00	6	1.472380e-01
5.565476e-01	4.935374e-01	-8.000000e+00	8	1.000000e+14
6.121032e-01	4.916667e-01	-1.600000e+01	16	1.000000e+14
6.428571e-01	5.229025e-01	-1.000000e+01	10	0.000000e+00
6.716270e-01	5.437642e-01	-3.000000e+00	3	1.741954e-01
5.396825e-01	4.948413e-01	-1.200000e+01	12	1.000000e+14
6.349206e-01	5.361678e-01	-5.000000e+00	5	5.461440e-02
6.289683e-01	5.213719e-01	-3.000000e+00	3	7.588529e-02
6.200397e-01	4.912698e-01	-1.300000e+01	13	0.000000e+00
6.031746e-01	5.102608e-01	-5.000000e+00	5	1.796901e-01
6.855159e-01	5.358844e-01	-3.000000e+00	3	3.063241e-02
5.863095e-01	4.965986e-01	-1.100000e+01	11	1.000000e+14
6.200397e-01	5.073129e-01	-4.000000e+00	4	9.581924e-02
6.319444e-01	5.327098e-01	-3.000000e+00	3	8.479874e-02
6.071429e-01	5.040816e-01	-1.000000e+01	10	6.274101e-01
5.734127e-01	4.880952e-01	-6.000000e+00	6	1.000000e+14
5.882937e-01	5.300454e-01	-3.000000e+00	3	1.000000e+14
7.013889e-01	5.612812e-01	-5.000000e+00	5	0.000000e+00
6.537698e-01	5.515873e-01	-4.000000e+00	4	1.122499e-01
6.359127e-01	5.320862e-01	-5.000000e+00	5	7.195701e-02
5.367063e-01	4.764739e-01	-1.300000e+01	13	1.000000e+14
5.605159e-01	4.535147e-01	-1.500000e+01	15	8.206325e-01
5.843254e-01	5.195578e-01	-5.000000e+00	5	2.169866e-01
6.001984e-01	5.151361e-01	-7.000000e+00	7	1.262339e-01
6.914683e-01	5.404762e-01	-4.000000e+00	4	4.487179e-02
5.982143e-01	5.061791e-01	-4.000000e+00	4	1.000000e+14
6.071429e-01	5.080499e-01	-7.000000e+00	7	9.842706e-02
5.863095e-01	4.763605e-01	-1.500000e+01	15	2.252747e-01
5.327381e-01	4.518141e-01	-1.600000e+01	16	1.000000e+14
5.109127e-01	4.503401e-01	-1.500000e+01	15	1.000000e+14
6.210317e-01	5.334467e-01	-3.000000e+00	3	9.119142e-02
6.140873e-01	5.197279e-01	-7.000000e+00	7	1.679553e-01
7.033730e-01	5.434240e-01	-2.000000e+00	2	1.000000e+14
6.091270e-01	4.990930e-01	-1.400000e+01	14	1.000000e+14
6.011905e-01	4.713152e-01	-1.500000e+01	15	4.389978e-01
5.426587e-01	5.219955e-01	-1.000000e+01	10	1.000000e+14
6.279762e-01	5.501134e-01	-1.000000e+00	1	1.000000e+14
6.755952e-01	5.521542e-01	-4.000000e+00	4	1.700303e-01
6.160714e-01	5.240363e-01	-4.000000e+00	4	1.304417e-01
5.912698e-01	5.206916e-01	-6.000000e+00	6	3.069773e-01
6.617063e-01	5.224490e-01	-3.000000e+00	3	8.477858e-02
6.309524e-01	5.412698e-01	-5.000000e+00	5	2.065600e-01
6.121032e-01	5.208050e-01	-7.000000e+00	7	1.413436e-01
5.962302e-01	4.962585e-01	-1.000000e+01	10	2.892479e-01
5.942460e-01	5.338435e-01	-3.000000e+00	3	1.232960e-01
5.803571e-01	5.233560e-01	-4.000000e+00	4	1.000000e+14
6.041667e-01	5.110544e-01	-7.000000e+00	7	1.136327e-01
6.150794e-01	5.213152e-01	-3.000000e+00	3	8.953779e-02
6.150794e-01	4.848073e-01	-6.000000e+00	6	1.000000e+14
6.319444e-01	5.323696e-01	-7.000000e+00	7	3.353352e-01
6.418651e-01	5.437075e-01	-3.000000e+00	3	2.044850e-01
6.577381e-01	5.636621e-01	-4.000000e+00	4	9.821429e-02
6.220238e-01	5.141156e-01	-4.000000e+00	4	1.120122e-01
6.269841e-01	5.090703e-01	-9.000000e+00	9	3.655998e-01
6.666667e-01	5.339569e-01	-6.000000e+00	6	4.694836e-02
6.458333e-01	5.088435e-01	-5.000000e+00	5	2.676764e-01
6.250000e-01	5.089569e-01	-5.000000e+00	5	6.099272e-02
5.892857e-01	5.097506e-01	-9.000000e+00	9	2.635846e-01
6.914683e-01	5.536848e-01	-4.000000e+00	4	1.715272e-01
6.140873e-01	5.121315e-01	-9.000000e+00	9	2.567568e-01
6.507937e-01	5.444444e-01	-7.000000e+00	7	0.000000e+00
6.696429e-01	5.140023e-01	-1.100000e+01	11	0.000000e+00
6.121032e-01	5.451814e-01	-6.000000e+00	6	1.117021e-01
6.607143e-01	5.230159e-01	-3.000000e+00	3	8.643220e-02
6.269841e-01	5.382653e-01	-7.000000e+00	7	2.434006e-01
5.823413e-01	4.834467e-01	-9.000000e+00	9	4.286392e-01
6.121032e-01	5.033447e-01	-6.000000e+00	6	2.150185e-01
5.972222e-01	4.814626e-01	-7.000000e+00	7	1.000000e+14
6.527778e-01	5.373016e-01	-3.000000e+00	3	2.333024e-01
6.507937e-01	5.672336e-01	-1.000000e+00	1	4.027778e-01
