# This file contains the data of final feasible population (if found)
# of objectives = 2, # of constraints = 0, # of real_var = 0, # of bits of bin_var = 0, constr_violation, rank, crowding_distance
5.006519e-01	4.954082e-01	0.000000e+00	1	1.000000e+14
5.368953e-01	4.930272e-01	0.000000e+00	1	1.000000e+14
5.290911e-01	4.950113e-01	0.000000e+00	1	4.166667e-01
5.368953e-01	4.930272e-01	0.000000e+00	1	4.166667e-01
5.290911e-01	4.950113e-01	0.000000e+00	1	3.923358e-01
5.006519e-01	4.954082e-01	0.000000e+00	1	3.923358e-01
5.290911e-01	4.950113e-01	0.000000e+00	1	1.909976e-01
5.006519e-01	4.954082e-01	0.000000e+00	1	8.333333e-02
5.006519e-01	4.954082e-01	0.000000e+00	1	0.000000e+00
5.006519e-01	4.954082e-01	0.000000e+00	1	0.000000e+00
5.006519e-01	4.954082e-01	0.000000e+00	1	0.000000e+00
5.006519e-01	4.954082e-01	0.000000e+00	1	0.000000e+00
5.006519e-01	4.954082e-01	0.000000e+00	1	0.000000e+00
5.006519e-01	4.954082e-01	0.000000e+00	1	0.000000e+00
5.006519e-01	4.954082e-01	0.000000e+00	1	0.000000e+00
5.006519e-01	4.954082e-01	0.000000e+00	1	0.000000e+00
5.006519e-01	4.954082e-01	0.000000e+00	1	0.000000e+00
5.006519e-01	4.954082e-01	0.000000e+00	1	0.000000e+00
5.006519e-01	4.954082e-01	0.000000e+00	1	0.000000e+00
5.006519e-01	4.954082e-01	0.000000e+00	1	0.000000e+00
5.006519e-01	4.954082e-01	0.000000e+00	1	0.000000e+00
5.006519e-01	4.954082e-01	0.000000e+00	1	0.000000e+00
5.006519e-01	4.954082e-01	0.000000e+00	1	0.000000e+00
5.006519e-01	4.954082e-01	0.000000e+00	1	0.000000e+00
5.006519e-01	4.954082e-01	0.000000e+00	1	0.000000e+00
5.006519e-01	4.954082e-01	0.000000e+00	1	0.000000e+00
5.006519e-01	4.954082e-01	0.000000e+00	1	0.000000e+00
5.006519e-01	4.954082e-01	0.000000e+00	1	0.000000e+00
5.006519e-01	4.954082e-01	0.000000e+00	1	0.000000e+00
5.006519e-01	4.954082e-01	0.000000e+00	1	0.000000e+00
5.006519e-01	4.954082e-01	0.000000e+00	1	0.000000e+00
5.006519e-01	4.954082e-01	0.000000e+00	1	0.000000e+00
5.006519e-01	4.954082e-01	0.000000e+00	1	0.000000e+00
5.006519e-01	4.954082e-01	0.000000e+00	1	0.000000e+00
5.006519e-01	4.954082e-01	0.000000e+00	1	0.000000e+00
5.006519e-01	4.954082e-01	0.000000e+00	1	0.000000e+00
5.006519e-01	4.954082e-01	0.000000e+00	1	0.000000e+00
5.006519e-01	4.954082e-01	0.000000e+00	1	0.000000e+00
5.006519e-01	4.954082e-01	0.000000e+00	1	0.000000e+00
5.006519e-01	4.954082e-01	0.000000e+00	1	0.000000e+00
5.006519e-01	4.954082e-01	0.000000e+00	1	0.000000e+00
5.006519e-01	4.954082e-01	0.000000e+00	1	0.000000e+00
5.006519e-01	4.954082e-01	0.000000e+00	1	0.000000e+00
5.006519e-01	4.954082e-01	0.000000e+00	1	0.000000e+00
5.006519e-01	4.954082e-01	0.000000e+00	1	0.000000e+00
5.006519e-01	4.954082e-01	0.000000e+00	1	0.000000e+00
5.006519e-01	4.954082e-01	0.000000e+00	1	0.000000e+00
5.006519e-01	4.954082e-01	0.000000e+00	1	0.000000e+00
5.006519e-01	4.954082e-01	0.000000e+00	1	0.000000e+00
5.006519e-01	4.954082e-01	0.000000e+00	1	0.000000e+00
5.006519e-01	4.954082e-01	0.000000e+00	1	0.000000e+00
5.006519e-01	4.954082e-01	0.000000e+00	1	0.000000e+00
5.006519e-01	4.954082e-01	0.000000e+00	1	0.000000e+00
5.006519e-01	4.954082e-01	0.000000e+00	1	0.000000e+00
5.006519e-01	4.954082e-01	0.000000e+00	1	0.000000e+00
5.006519e-01	4.954082e-01	0.000000e+00	1	0.000000e+00
5.006519e-01	4.954082e-01	0.000000e+00	1	0.000000e+00
5.006519e-01	4.954082e-01	0.000000e+00	1	0.000000e+00
5.006519e-01	4.954082e-01	0.000000e+00	1	0.000000e+00
5.006519e-01	4.954082e-01	0.000000e+00	1	0.000000e+00
5.006519e-01	4.954082e-01	0.000000e+00	1	0.000000e+00
5.006519e-01	4.954082e-01	0.000000e+00	1	0.000000e+00
5.006519e-01	4.954082e-01	0.000000e+00	1	0.000000e+00
5.006519e-01	4.954082e-01	0.000000e+00	1	0.000000e+00
5.006519e-01	4.954082e-01	0.000000e+00	1	0.000000e+00
5.006519e-01	4.954082e-01	0.000000e+00	1	0.000000e+00
5.006519e-01	4.954082e-01	0.000000e+00	1	0.000000e+00
5.006519e-01	4.954082e-01	0.000000e+00	1	0.000000e+00
5.006519e-01	4.954082e-01	0.000000e+00	1	0.000000e+00
5.006519e-01	4.954082e-01	0.000000e+00	1	0.000000e+00
5.006519e-01	4.954082e-01	0.000000e+00	1	0.000000e+00
5.006519e-01	4.954082e-01	0.000000e+00	1	0.000000e+00
5.006519e-01	4.954082e-01	0.000000e+00	1	0.000000e+00
5.006519e-01	4.954082e-01	0.000000e+00	1	0.000000e+00
5.006519e-01	4.954082e-01	0.000000e+00	1	0.000000e+00
5.006519e-01	4.954082e-01	0.000000e+00	1	0.000000e+00
5.006519e-01	4.954082e-01	0.000000e+00	1	0.000000e+00
5.006519e-01	4.954082e-01	0.000000e+00	1	0.000000e+00
5.006519e-01	4.954082e-01	0.000000e+00	1	0.000000e+00
5.006519e-01	4.954082e-01	0.000000e+00	1	0.000000e+00
5.006519e-01	4.954082e-01	0.000000e+00	1	0.000000e+00
5.006519e-01	4.954082e-01	0.000000e+00	1	0.000000e+00
5.006519e-01	4.954082e-01	0.000000e+00	1	0.000000e+00
5.006519e-01	4.954082e-01	0.000000e+00	1	0.000000e+00
5.006519e-01	4.954082e-01	0.000000e+00	1	0.000000e+00
5.006519e-01	4.954082e-01	0.000000e+00	1	0.000000e+00
5.006519e-01	4.954082e-01	0.000000e+00	1	0.000000e+00
5.006519e-01	4.954082e-01	0.000000e+00	1	0.000000e+00
5.006519e-01	4.954082e-01	0.000000e+00	1	0.000000e+00
5.006519e-01	4.954082e-01	0.000000e+00	1	0.000000e+00
5.006519e-01	4.954082e-01	0.000000e+00	1	0.000000e+00
5.006519e-01	4.954082e-01	0.000000e+00	1	0.000000e+00
5.006519e-01	4.954082e-01	0.000000e+00	1	0.000000e+00
5.006519e-01	4.954082e-01	0.000000e+00	1	0.000000e+00
5.006519e-01	4.954082e-01	0.000000e+00	1	0.000000e+00
5.006519e-01	4.954082e-01	0.000000e+00	1	0.000000e+00
5.006519e-01	4.954082e-01	0.000000e+00	1	0.000000e+00
5.006519e-01	4.954082e-01	0.000000e+00	1	0.000000e+00
5.006519e-01	4.954082e-01	0.000000e+00	1	0.000000e+00
5.006519e-01	4.954082e-01	0.000000e+00	1	0.000000e+00
5.006519e-01	4.954082e-01	0.000000e+00	1	0.000000e+00
5.006519e-01	4.954082e-01	0.000000e+00	1	0.000000e+00
5.006519e-01	4.954082e-01	0.000000e+00	1	0.000000e+00
5.006519e-01	4.954082e-01	0.000000e+00	1	0.000000e+00
5.006519e-01	4.954082e-01	0.000000e+00	1	0.000000e+00
5.006519e-01	4.954082e-01	0.000000e+00	1	0.000000e+00
5.006519e-01	4.954082e-01	0.000000e+00	1	0.000000e+00
5.006519e-01	4.954082e-01	0.000000e+00	1	0.000000e+00
5.006519e-01	4.954082e-01	0.000000e+00	1	0.000000e+00
5.006519e-01	4.954082e-01	0.000000e+00	1	0.000000e+00
5.006519e-01	4.954082e-01	0.000000e+00	1	0.000000e+00
5.006519e-01	4.954082e-01	0.000000e+00	1	0.000000e+00
5.006519e-01	4.954082e-01	0.000000e+00	1	0.000000e+00
5.006519e-01	4.954082e-01	0.000000e+00	1	0.000000e+00
5.006519e-01	4.954082e-01	0.000000e+00	1	0.000000e+00
5.006519e-01	4.954082e-01	0.000000e+00	1	0.000000e+00
5.006519e-01	4.954082e-01	0.000000e+00	1	0.000000e+00
5.006519e-01	4.954082e-01	0.000000e+00	1	0.000000e+00
5.006519e-01	4.954082e-01	0.000000e+00	1	0.000000e+00
5.006519e-01	4.954082e-01	0.000000e+00	1	0.000000e+00
5.006519e-01	4.954082e-01	0.000000e+00	1	0.000000e+00
5.006519e-01	4.954082e-01	0.000000e+00	1	0.000000e+00
5.006519e-01	4.954082e-01	0.000000e+00	1	0.000000e+00
5.006519e-01	4.954082e-01	0.000000e+00	1	0.000000e+00
5.006519e-01	4.954082e-01	0.000000e+00	1	0.000000e+00
5.006519e-01	4.954082e-01	0.000000e+00	1	0.000000e+00
5.006519e-01	4.954082e-01	0.000000e+00	1	0.000000e+00
5.006519e-01	4.954082e-01	0.000000e+00	1	0.000000e+00
5.006519e-01	4.954082e-01	0.000000e+00	1	0.000000e+00
5.006519e-01	4.954082e-01	0.000000e+00	1	0.000000e+00
5.006519e-01	4.954082e-01	0.000000e+00	1	0.000000e+00
5.006519e-01	4.954082e-01	0.000000e+00	1	0.000000e+00
5.006519e-01	4.954082e-01	0.000000e+00	1	0.000000e+00
5.006519e-01	4.954082e-01	0.000000e+00	1	0.000000e+00
5.006519e-01	4.954082e-01	0.000000e+00	1	0.000000e+00
5.006519e-01	4.954082e-01	0.000000e+00	1	0.000000e+00
5.006519e-01	4.954082e-01	0.000000e+00	1	0.000000e+00
5.006519e-01	4.954082e-01	0.000000e+00	1	0.000000e+00
5.006519e-01	4.954082e-01	0.000000e+00	1	0.000000e+00
5.006519e-01	4.954082e-01	0.000000e+00	1	0.000000e+00
5.006519e-01	4.954082e-01	0.000000e+00	1	0.000000e+00
5.006519e-01	4.954082e-01	0.000000e+00	1	0.000000e+00
5.006519e-01	4.954082e-01	0.000000e+00	1	0.000000e+00
5.006519e-01	4.954082e-01	0.000000e+00	1	0.000000e+00
5.006519e-01	4.954082e-01	0.000000e+00	1	0.000000e+00
5.006519e-01	4.954082e-01	0.000000e+00	1	0.000000e+00
5.006519e-01	4.954082e-01	0.000000e+00	1	0.000000e+00
5.006519e-01	4.954082e-01	0.000000e+00	1	0.000000e+00
5.006519e-01	4.954082e-01	0.000000e+00	1	0.000000e+00
5.006519e-01	4.954082e-01	0.000000e+00	1	0.000000e+00
5.006519e-01	4.954082e-01	0.000000e+00	1	0.000000e+00
5.006519e-01	4.954082e-01	0.000000e+00	1	0.000000e+00
5.006519e-01	4.954082e-01	0.000000e+00	1	0.000000e+00
5.006519e-01	4.954082e-01	0.000000e+00	1	0.000000e+00
5.006519e-01	4.954082e-01	0.000000e+00	1	0.000000e+00
5.006519e-01	4.954082e-01	0.000000e+00	1	0.000000e+00
5.006519e-01	4.954082e-01	0.000000e+00	1	0.000000e+00
5.006519e-01	4.954082e-01	0.000000e+00	1	0.000000e+00
5.006519e-01	4.954082e-01	0.000000e+00	1	0.000000e+00
5.006519e-01	4.954082e-01	0.000000e+00	1	0.000000e+00
5.006519e-01	4.954082e-01	0.000000e+00	1	0.000000e+00
5.006519e-01	4.954082e-01	0.000000e+00	1	0.000000e+00
5.006519e-01	4.954082e-01	0.000000e+00	1	0.000000e+00
5.006519e-01	4.954082e-01	0.000000e+00	1	0.000000e+00
5.006519e-01	4.954082e-01	0.000000e+00	1	0.000000e+00
5.006519e-01	4.954082e-01	0.000000e+00	1	0.000000e+00
5.006519e-01	4.954082e-01	0.000000e+00	1	0.000000e+00
5.006519e-01	4.954082e-01	0.000000e+00	1	0.000000e+00
5.006519e-01	4.954082e-01	0.000000e+00	1	0.000000e+00
5.006519e-01	4.954082e-01	0.000000e+00	1	0.000000e+00
5.006519e-01	4.954082e-01	0.000000e+00	1	0.000000e+00
5.006519e-01	4.954082e-01	0.000000e+00	1	0.000000e+00
5.006519e-01	4.954082e-01	0.000000e+00	1	0.000000e+00
5.006519e-01	4.954082e-01	0.000000e+00	1	0.000000e+00
5.006519e-01	4.954082e-01	0.000000e+00	1	0.000000e+00
5.006519e-01	4.954082e-01	0.000000e+00	1	0.000000e+00
5.006519e-01	4.954082e-01	0.000000e+00	1	0.000000e+00
5.006519e-01	4.954082e-01	0.000000e+00	1	0.000000e+00
5.006519e-01	4.954082e-01	0.000000e+00	1	0.000000e+00
5.006519e-01	4.954082e-01	0.000000e+00	1	0.000000e+00
5.006519e-01	4.954082e-01	0.000000e+00	1	0.000000e+00
5.006519e-01	4.954082e-01	0.000000e+00	1	0.000000e+00
5.006519e-01	4.954082e-01	0.000000e+00	1	0.000000e+00
5.006519e-01	4.954082e-01	0.000000e+00	1	0.000000e+00
5.006519e-01	4.954082e-01	0.000000e+00	1	0.000000e+00
5.006519e-01	4.954082e-01	0.000000e+00	1	0.000000e+00
5.006519e-01	4.954082e-01	0.000000e+00	1	0.000000e+00
5.006519e-01	4.954082e-01	0.000000e+00	1	0.000000e+00
5.006519e-01	4.954082e-01	0.000000e+00	1	0.000000e+00
5.006519e-01	4.954082e-01	0.000000e+00	1	0.000000e+00
5.006519e-01	4.954082e-01	0.000000e+00	1	0.000000e+00
5.006519e-01	4.954082e-01	0.000000e+00	1	0.000000e+00
5.006519e-01	4.954082e-01	0.000000e+00	1	0.000000e+00
5.006519e-01	4.954082e-01	0.000000e+00	1	0.000000e+00
5.006519e-01	4.954082e-01	0.000000e+00	1	0.000000e+00
5.006519e-01	4.954082e-01	0.000000e+00	1	0.000000e+00
5.006519e-01	4.954082e-01	0.000000e+00	1	0.000000e+00
5.006519e-01	4.954082e-01	0.000000e+00	1	0.000000e+00
5.006519e-01	4.954082e-01	0.000000e+00	1	0.000000e+00
5.006519e-01	4.954082e-01	0.000000e+00	1	0.000000e+00
5.006519e-01	4.954082e-01	0.000000e+00	1	0.000000e+00
5.006519e-01	4.954082e-01	0.000000e+00	1	0.000000e+00
5.006519e-01	4.954082e-01	0.000000e+00	1	0.000000e+00
5.006519e-01	4.954082e-01	0.000000e+00	1	0.000000e+00
5.006519e-01	4.954082e-01	0.000000e+00	1	0.000000e+00
5.006519e-01	4.954082e-01	0.000000e+00	1	0.000000e+00
5.006519e-01	4.954082e-01	0.000000e+00	1	0.000000e+00
5.006519e-01	4.954082e-01	0.000000e+00	1	0.000000e+00
5.006519e-01	4.954082e-01	0.000000e+00	1	0.000000e+00
5.006519e-01	4.954082e-01	0.000000e+00	1	0.000000e+00
5.006519e-01	4.954082e-01	0.000000e+00	1	0.000000e+00
5.006519e-01	4.954082e-01	0.000000e+00	1	0.000000e+00
5.006519e-01	4.954082e-01	0.000000e+00	1	0.000000e+00
5.006519e-01	4.954082e-01	0.000000e+00	1	0.000000e+00
5.006519e-01	4.954082e-01	0.000000e+00	1	0.000000e+00
5.006519e-01	4.954082e-01	0.000000e+00	1	0.000000e+00
5.006519e-01	4.954082e-01	0.000000e+00	1	0.000000e+00
5.006519e-01	4.954082e-01	0.000000e+00	1	0.000000e+00
5.006519e-01	4.954082e-01	0.000000e+00	1	0.000000e+00
5.006519e-01	4.954082e-01	0.000000e+00	1	0.000000e+00
5.006519e-01	4.954082e-01	0.000000e+00	1	0.000000e+00
5.006519e-01	4.954082e-01	0.000000e+00	1	0.000000e+00
5.006519e-01	4.954082e-01	0.000000e+00	1	0.000000e+00
5.006519e-01	4.954082e-01	0.000000e+00	1	0.000000e+00
5.006519e-01	4.954082e-01	0.000000e+00	1	0.000000e+00
5.006519e-01	4.954082e-01	0.000000e+00	1	0.000000e+00
5.006519e-01	4.954082e-01	0.000000e+00	1	0.000000e+00
5.006519e-01	4.954082e-01	0.000000e+00	1	0.000000e+00
5.006519e-01	4.954082e-01	0.000000e+00	1	0.000000e+00
5.006519e-01	4.954082e-01	0.000000e+00	1	0.000000e+00
5.006519e-01	4.954082e-01	0.000000e+00	1	0.000000e+00
5.006519e-01	4.954082e-01	0.000000e+00	1	0.000000e+00
5.006519e-01	4.954082e-01	0.000000e+00	1	0.000000e+00
5.006519e-01	4.954082e-01	0.000000e+00	1	0.000000e+00
5.006519e-01	4.954082e-01	0.000000e+00	1	0.000000e+00
5.006519e-01	4.954082e-01	0.000000e+00	1	0.000000e+00
5.006519e-01	4.954082e-01	0.000000e+00	1	0.000000e+00
5.006519e-01	4.954082e-01	0.000000e+00	1	0.000000e+00
5.006519e-01	4.954082e-01	0.000000e+00	1	0.000000e+00
5.006519e-01	4.954082e-01	0.000000e+00	1	0.000000e+00
5.006519e-01	4.954082e-01	0.000000e+00	1	0.000000e+00
5.006519e-01	4.954082e-01	0.000000e+00	1	0.000000e+00
5.006519e-01	4.954082e-01	0.000000e+00	1	0.000000e+00
5.006519e-01	4.954082e-01	0.000000e+00	1	0.000000e+00
5.006519e-01	4.954082e-01	0.000000e+00	1	0.000000e+00
5.006519e-01	4.954082e-01	0.000000e+00	1	0.000000e+00
5.006519e-01	4.954082e-01	0.000000e+00	1	0.000000e+00
5.006519e-01	4.954082e-01	0.000000e+00	1	0.000000e+00
5.006519e-01	4.954082e-01	0.000000e+00	1	0.000000e+00
5.006519e-01	4.954082e-01	0.000000e+00	1	0.000000e+00
5.006519e-01	4.954082e-01	0.000000e+00	1	0.000000e+00
5.006519e-01	4.954082e-01	0.000000e+00	1	0.000000e+00
5.006519e-01	4.954082e-01	0.000000e+00	1	0.000000e+00
5.006519e-01	4.954082e-01	0.000000e+00	1	0.000000e+00
5.006519e-01	4.954082e-01	0.000000e+00	1	0.000000e+00
5.006519e-01	4.954082e-01	0.000000e+00	1	0.000000e+00
5.006519e-01	4.954082e-01	0.000000e+00	1	0.000000e+00
5.006519e-01	4.954082e-01	0.000000e+00	1	0.000000e+00
5.006519e-01	4.954082e-01	0.000000e+00	1	0.000000e+00
5.006519e-01	4.954082e-01	0.000000e+00	1	0.000000e+00
5.006519e-01	4.954082e-01	0.000000e+00	1	0.000000e+00
5.006519e-01	4.954082e-01	0.000000e+00	1	0.000000e+00
5.006519e-01	4.954082e-01	0.000000e+00	1	0.000000e+00
5.006519e-01	4.954082e-01	0.000000e+00	1	0.000000e+00
5.006519e-01	4.954082e-01	0.000000e+00	1	0.000000e+00
5.006519e-01	4.954082e-01	0.000000e+00	1	0.000000e+00
5.006519e-01	4.954082e-01	0.000000e+00	1	0.000000e+00
5.006519e-01	4.954082e-01	0.000000e+00	1	0.000000e+00
5.006519e-01	4.954082e-01	0.000000e+00	1	0.000000e+00
5.006519e-01	4.954082e-01	0.000000e+00	1	0.000000e+00
5.006519e-01	4.954082e-01	0.000000e+00	1	0.000000e+00
5.006519e-01	4.954082e-01	0.000000e+00	1	0.000000e+00
5.006519e-01	4.954082e-01	0.000000e+00	1	0.000000e+00
5.006519e-01	4.954082e-01	0.000000e+00	1	0.000000e+00
5.006519e-01	4.954082e-01	0.000000e+00	1	0.000000e+00
5.006519e-01	4.954082e-01	0.000000e+00	1	0.000000e+00
5.006519e-01	4.954082e-01	0.000000e+00	1	0.000000e+00
5.290911e-01	4.950113e-01	0.000000e+00	1	0.000000e+00
5.006519e-01	4.954082e-01	0.000000e+00	1	0.000000e+00
5.006519e-01	4.954082e-01	0.000000e+00	1	0.000000e+00
5.006519e-01	4.954082e-01	0.000000e+00	1	0.000000e+00
5.006519e-01	4.954082e-01	0.000000e+00	1	0.000000e+00
5.006519e-01	4.954082e-01	0.000000e+00	1	0.000000e+00
5.006519e-01	4.954082e-01	0.000000e+00	1	0.000000e+00
5.006519e-01	4.954082e-01	0.000000e+00	1	0.000000e+00
5.006519e-01	4.954082e-01	0.000000e+00	1	0.000000e+00
5.006519e-01	4.954082e-01	0.000000e+00	1	0.000000e+00
5.006519e-01	4.954082e-01	0.000000e+00	1	0.000000e+00
5.006519e-01	4.954082e-01	0.000000e+00	1	0.000000e+00
5.006519e-01	4.954082e-01	0.000000e+00	1	0.000000e+00
5.006519e-01	4.954082e-01	0.000000e+00	1	0.000000e+00
5.006519e-01	4.954082e-01	0.000000e+00	1	0.000000e+00
5.006519e-01	4.954082e-01	0.000000e+00	1	0.000000e+00
5.006519e-01	4.954082e-01	0.000000e+00	1	0.000000e+00
5.006519e-01	4.954082e-01	0.000000e+00	1	0.000000e+00
5.006519e-01	4.954082e-01	0.000000e+00	1	0.000000e+00
5.006519e-01	4.954082e-01	0.000000e+00	1	0.000000e+00
5.006519e-01	4.954082e-01	0.000000e+00	1	0.000000e+00
5.006519e-01	4.954082e-01	0.000000e+00	1	0.000000e+00
5.006519e-01	4.954082e-01	0.000000e+00	1	0.000000e+00
5.006519e-01	4.954082e-01	0.000000e+00	1	0.000000e+00
5.006519e-01	4.954082e-01	0.000000e+00	1	0.000000e+00
5.006519e-01	4.954082e-01	0.000000e+00	1	0.000000e+00
5.006519e-01	4.954082e-01	0.000000e+00	1	0.000000e+00
5.006519e-01	4.954082e-01	0.000000e+00	1	0.000000e+00
5.006519e-01	4.954082e-01	0.000000e+00	1	0.000000e+00
5.006519e-01	4.954082e-01	0.000000e+00	1	0.000000e+00
5.006519e-01	4.954082e-01	0.000000e+00	1	0.000000e+00
5.006519e-01	4.954082e-01	0.000000e+00	1	0.000000e+00
5.006519e-01	4.954082e-01	0.000000e+00	1	0.000000e+00
5.006519e-01	4.954082e-01	0.000000e+00	1	0.000000e+00
5.006519e-01	4.954082e-01	0.000000e+00	1	0.000000e+00
5.006519e-01	4.954082e-01	0.000000e+00	1	0.000000e+00
5.006519e-01	4.954082e-01	0.000000e+00	1	0.000000e+00
5.006519e-01	4.954082e-01	0.000000e+00	1	0.000000e+00
5.006519e-01	4.954082e-01	0.000000e+00	1	0.000000e+00
5.006519e-01	4.954082e-01	0.000000e+00	1	0.000000e+00
5.006519e-01	4.954082e-01	0.000000e+00	1	0.000000e+00
5.006519e-01	4.954082e-01	0.000000e+00	1	0.000000e+00
5.006519e-01	4.954082e-01	0.000000e+00	1	0.000000e+00
5.006519e-01	4.954082e-01	0.000000e+00	1	0.000000e+00
5.006519e-01	4.954082e-01	0.000000e+00	1	0.000000e+00
5.006519e-01	4.954082e-01	0.000000e+00	1	0.000000e+00
5.006519e-01	4.954082e-01	0.000000e+00	1	0.000000e+00
5.006519e-01	4.954082e-01	0.000000e+00	1	0.000000e+00
5.006519e-01	4.954082e-01	0.000000e+00	1	0.000000e+00
5.006519e-01	4.954082e-01	0.000000e+00	1	0.000000e+00
5.006519e-01	4.954082e-01	0.000000e+00	1	0.000000e+00
5.006519e-01	4.954082e-01	0.000000e+00	1	0.000000e+00
5.006519e-01	4.954082e-01	0.000000e+00	1	0.000000e+00
5.006519e-01	4.954082e-01	0.000000e+00	1	0.000000e+00
5.006519e-01	4.954082e-01	0.000000e+00	1	0.000000e+00
5.006519e-01	4.954082e-01	0.000000e+00	1	0.000000e+00
5.006519e-01	4.954082e-01	0.000000e+00	1	0.000000e+00
5.006519e-01	4.954082e-01	0.000000e+00	1	0.000000e+00
5.006519e-01	4.954082e-01	0.000000e+00	1	0.000000e+00
5.006519e-01	4.954082e-01	0.000000e+00	1	0.000000e+00
5.006519e-01	4.954082e-01	0.000000e+00	1	0.000000e+00
5.006519e-01	4.954082e-01	0.000000e+00	1	0.000000e+00
5.006519e-01	4.954082e-01	0.000000e+00	1	0.000000e+00
5.006519e-01	4.954082e-01	0.000000e+00	1	0.000000e+00
5.006519e-01	4.954082e-01	0.000000e+00	1	0.000000e+00
5.006519e-01	4.954082e-01	0.000000e+00	1	0.000000e+00
5.006519e-01	4.954082e-01	0.000000e+00	1	0.000000e+00
5.006519e-01	4.954082e-01	0.000000e+00	1	0.000000e+00
5.006519e-01	4.954082e-01	0.000000e+00	1	0.000000e+00
5.006519e-01	4.954082e-01	0.000000e+00	1	0.000000e+00
5.006519e-01	4.954082e-01	0.000000e+00	1	0.000000e+00
5.006519e-01	4.954082e-01	0.000000e+00	1	0.000000e+00
5.006519e-01	4.954082e-01	0.000000e+00	1	0.000000e+00
5.006519e-01	4.954082e-01	0.000000e+00	1	0.000000e+00
5.006519e-01	4.954082e-01	0.000000e+00	1	0.000000e+00
5.006519e-01	4.954082e-01	0.000000e+00	1	0.000000e+00
5.006519e-01	4.954082e-01	0.000000e+00	1	0.000000e+00
5.006519e-01	4.954082e-01	0.000000e+00	1	0.000000e+00
5.006519e-01	4.954082e-01	0.000000e+00	1	0.000000e+00
5.006519e-01	4.954082e-01	0.000000e+00	1	0.000000e+00
5.006519e-01	4.954082e-01	0.000000e+00	1	0.000000e+00
5.006519e-01	4.954082e-01	0.000000e+00	1	0.000000e+00
5.006519e-01	4.954082e-01	0.000000e+00	1	0.000000e+00
5.006519e-01	4.954082e-01	0.000000e+00	1	0.000000e+00
5.006519e-01	4.954082e-01	0.000000e+00	1	0.000000e+00
5.006519e-01	4.954082e-01	0.000000e+00	1	0.000000e+00
5.006519e-01	4.954082e-01	0.000000e+00	1	0.000000e+00
5.006519e-01	4.954082e-01	0.000000e+00	1	0.000000e+00
5.006519e-01	4.954082e-01	0.000000e+00	1	0.000000e+00
5.006519e-01	4.954082e-01	0.000000e+00	1	0.000000e+00
5.006519e-01	4.954082e-01	0.000000e+00	1	0.000000e+00
5.006519e-01	4.954082e-01	0.000000e+00	1	0.000000e+00
5.006519e-01	4.954082e-01	0.000000e+00	1	0.000000e+00
5.006519e-01	4.954082e-01	0.000000e+00	1	0.000000e+00
5.006519e-01	4.954082e-01	0.000000e+00	1	0.000000e+00
5.006519e-01	4.954082e-01	0.000000e+00	1	0.000000e+00
5.006519e-01	4.954082e-01	0.000000e+00	1	0.000000e+00
5.006519e-01	4.954082e-01	0.000000e+00	1	0.000000e+00
5.006519e-01	4.954082e-01	0.000000e+00	1	0.000000e+00
5.006519e-01	4.954082e-01	0.000000e+00	1	0.000000e+00
5.006519e-01	4.954082e-01	0.000000e+00	1	0.000000e+00
5.006519e-01	4.954082e-01	0.000000e+00	1	0.000000e+00
5.006519e-01	4.954082e-01	0.000000e+00	1	0.000000e+00
5.006519e-01	4.954082e-01	0.000000e+00	1	0.000000e+00
5.006519e-01	4.954082e-01	0.000000e+00	1	0.000000e+00
5.006519e-01	4.954082e-01	0.000000e+00	1	0.000000e+00
5.006519e-01	4.954082e-01	0.000000e+00	1	0.000000e+00
5.006519e-01	4.954082e-01	0.000000e+00	1	0.000000e+00
5.006519e-01	4.954082e-01	0.000000e+00	1	0.000000e+00
5.006519e-01	4.954082e-01	0.000000e+00	1	0.000000e+00
5.006519e-01	4.954082e-01	0.000000e+00	1	0.000000e+00
5.006519e-01	4.954082e-01	0.000000e+00	1	0.000000e+00
5.006519e-01	4.954082e-01	0.000000e+00	1	0.000000e+00
5.006519e-01	4.954082e-01	0.000000e+00	1	0.000000e+00
5.006519e-01	4.954082e-01	0.000000e+00	1	0.000000e+00
5.006519e-01	4.954082e-01	0.000000e+00	1	0.000000e+00
5.006519e-01	4.954082e-01	0.000000e+00	1	0.000000e+00
5.006519e-01	4.954082e-01	0.000000e+00	1	0.000000e+00
5.006519e-01	4.954082e-01	0.000000e+00	1	0.000000e+00
5.006519e-01	4.954082e-01	0.000000e+00	1	0.000000e+00
5.006519e-01	4.954082e-01	0.000000e+00	1	0.000000e+00
5.006519e-01	4.954082e-01	0.000000e+00	1	0.000000e+00
5.006519e-01	4.954082e-01	0.000000e+00	1	0.000000e+00
5.006519e-01	4.954082e-01	0.000000e+00	1	0.000000e+00
5.006519e-01	4.954082e-01	0.000000e+00	1	0.000000e+00
5.006519e-01	4.954082e-01	0.000000e+00	1	0.000000e+00
5.006519e-01	4.954082e-01	0.000000e+00	1	0.000000e+00
5.006519e-01	4.954082e-01	0.000000e+00	1	0.000000e+00
5.006519e-01	4.954082e-01	0.000000e+00	1	0.000000e+00
5.006519e-01	4.954082e-01	0.000000e+00	1	0.000000e+00
5.006519e-01	4.954082e-01	0.000000e+00	1	0.000000e+00
5.006519e-01	4.954082e-01	0.000000e+00	1	0.000000e+00
5.006519e-01	4.954082e-01	0.000000e+00	1	0.000000e+00
5.006519e-01	4.954082e-01	0.000000e+00	1	0.000000e+00
5.006519e-01	4.954082e-01	0.000000e+00	1	0.000000e+00
5.006519e-01	4.954082e-01	0.000000e+00	1	0.000000e+00
5.006519e-01	4.954082e-01	0.000000e+00	1	0.000000e+00
5.006519e-01	4.954082e-01	0.000000e+00	1	0.000000e+00
5.006519e-01	4.954082e-01	0.000000e+00	1	0.000000e+00
5.006519e-01	4.954082e-01	0.000000e+00	1	0.000000e+00
5.006519e-01	4.954082e-01	0.000000e+00	1	0.000000e+00
5.006519e-01	4.954082e-01	0.000000e+00	1	0.000000e+00
5.006519e-01	4.954082e-01	0.000000e+00	1	0.000000e+00
5.006519e-01	4.954082e-01	0.000000e+00	1	0.000000e+00
5.006519e-01	4.954082e-01	0.000000e+00	1	0.000000e+00
5.006519e-01	4.954082e-01	0.000000e+00	1	0.000000e+00
5.006519e-01	4.954082e-01	0.000000e+00	1	0.000000e+00
5.006519e-01	4.954082e-01	0.000000e+00	1	0.000000e+00
5.006519e-01	4.954082e-01	0.000000e+00	1	0.000000e+00
5.006519e-01	4.954082e-01	0.000000e+00	1	0.000000e+00
5.006519e-01	4.954082e-01	0.000000e+00	1	0.000000e+00
5.006519e-01	4.954082e-01	0.000000e+00	1	0.000000e+00
5.006519e-01	4.954082e-01	0.000000e+00	1	0.000000e+00
5.006519e-01	4.954082e-01	0.000000e+00	1	0.000000e+00
5.006519e-01	4.954082e-01	0.000000e+00	1	0.000000e+00
5.006519e-01	4.954082e-01	0.000000e+00	1	0.000000e+00
5.006519e-01	4.954082e-01	0.000000e+00	1	0.000000e+00
5.006519e-01	4.954082e-01	0.000000e+00	1	0.000000e+00
5.006519e-01	4.954082e-01	0.000000e+00	1	0.000000e+00
5.006519e-01	4.954082e-01	0.000000e+00	1	0.000000e+00
5.006519e-01	4.954082e-01	0.000000e+00	1	0.000000e+00
5.006519e-01	4.954082e-01	0.000000e+00	1	0.000000e+00
5.006519e-01	4.954082e-01	0.000000e+00	1	0.000000e+00
5.006519e-01	4.954082e-01	0.000000e+00	1	0.000000e+00
5.006519e-01	4.954082e-01	0.000000e+00	1	0.000000e+00
5.006519e-01	4.954082e-01	0.000000e+00	1	0.000000e+00
5.006519e-01	4.954082e-01	0.000000e+00	1	0.000000e+00
5.006519e-01	4.954082e-01	0.000000e+00	1	0.000000e+00
5.006519e-01	4.954082e-01	0.000000e+00	1	0.000000e+00
5.006519e-01	4.954082e-01	0.000000e+00	1	0.000000e+00
5.006519e-01	4.954082e-01	0.000000e+00	1	0.000000e+00
5.006519e-01	4.954082e-01	0.000000e+00	1	0.000000e+00
5.006519e-01	4.954082e-01	0.000000e+00	1	0.000000e+00
5.006519e-01	4.954082e-01	0.000000e+00	1	0.000000e+00
5.006519e-01	4.954082e-01	0.000000e+00	1	0.000000e+00
5.006519e-01	4.954082e-01	0.000000e+00	1	0.000000e+00
5.006519e-01	4.954082e-01	0.000000e+00	1	0.000000e+00
5.006519e-01	4.954082e-01	0.000000e+00	1	0.000000e+00
5.006519e-01	4.954082e-01	0.000000e+00	1	0.000000e+00
5.006519e-01	4.954082e-01	0.000000e+00	1	0.000000e+00
5.006519e-01	4.954082e-01	0.000000e+00	1	0.000000e+00
5.006519e-01	4.954082e-01	0.000000e+00	1	0.000000e+00
5.006519e-01	4.954082e-01	0.000000e+00	1	0.000000e+00
5.006519e-01	4.954082e-01	0.000000e+00	1	0.000000e+00
5.006519e-01	4.954082e-01	0.000000e+00	1	0.000000e+00
5.006519e-01	4.954082e-01	0.000000e+00	1	0.000000e+00
5.006519e-01	4.954082e-01	0.000000e+00	1	0.000000e+00
5.006519e-01	4.954082e-01	0.000000e+00	1	0.000000e+00
5.006519e-01	4.954082e-01	0.000000e+00	1	0.000000e+00
5.006519e-01	4.954082e-01	0.000000e+00	1	0.000000e+00
5.006519e-01	4.954082e-01	0.000000e+00	1	0.000000e+00
5.006519e-01	4.954082e-01	0.000000e+00	1	0.000000e+00
5.006519e-01	4.954082e-01	0.000000e+00	1	0.000000e+00
5.006519e-01	4.954082e-01	0.000000e+00	1	0.000000e+00
5.006519e-01	4.954082e-01	0.000000e+00	1	0.000000e+00
5.006519e-01	4.954082e-01	0.000000e+00	1	0.000000e+00
5.006519e-01	4.954082e-01	0.000000e+00	1	0.000000e+00
5.006519e-01	4.954082e-01	0.000000e+00	1	0.000000e+00
5.006519e-01	4.954082e-01	0.000000e+00	1	0.000000e+00
5.006519e-01	4.954082e-01	0.000000e+00	1	0.000000e+00
5.006519e-01	4.954082e-01	0.000000e+00	1	0.000000e+00
5.006519e-01	4.954082e-01	0.000000e+00	1	0.000000e+00
5.006519e-01	4.954082e-01	0.000000e+00	1	0.000000e+00
5.006519e-01	4.954082e-01	0.000000e+00	1	0.000000e+00
5.006519e-01	4.954082e-01	0.000000e+00	1	0.000000e+00
5.006519e-01	4.954082e-01	0.000000e+00	1	0.000000e+00
5.006519e-01	4.954082e-01	0.000000e+00	1	0.000000e+00
5.006519e-01	4.954082e-01	0.000000e+00	1	0.000000e+00
5.006519e-01	4.954082e-01	0.000000e+00	1	0.000000e+00
5.006519e-01	4.954082e-01	0.000000e+00	1	0.000000e+00
5.006519e-01	4.954082e-01	0.000000e+00	1	0.000000e+00
5.006519e-01	4.954082e-01	0.000000e+00	1	0.000000e+00
5.006519e-01	4.954082e-01	0.000000e+00	1	0.000000e+00
5.006519e-01	4.954082e-01	0.000000e+00	1	0.000000e+00
5.006519e-01	4.954082e-01	0.000000e+00	1	0.000000e+00
5.006519e-01	4.954082e-01	0.000000e+00	1	0.000000e+00
5.006519e-01	4.954082e-01	0.000000e+00	1	0.000000e+00
5.006519e-01	4.954082e-01	0.000000e+00	1	0.000000e+00
5.006519e-01	4.954082e-01	0.000000e+00	1	0.000000e+00
5.006519e-01	4.954082e-01	0.000000e+00	1	0.000000e+00
5.006519e-01	4.954082e-01	0.000000e+00	1	0.000000e+00
5.006519e-01	4.954082e-01	0.000000e+00	1	0.000000e+00
5.006519e-01	4.954082e-01	0.000000e+00	1	0.000000e+00
Total execution time: 230.810
