# This file contains the data of final feasible population (if found)
# of objectives = 2, # of constraints = 0, # of real_var = 0, # of bits of bin_var = 0, constr_violation, rank, crowding_distance
4.180000e+02	1.310000e+02	0.000000e+00	1	1.000000e+14
2.570000e+02	2.520000e+02	0.000000e+00	1	1.000000e+14
2.700000e+02	2.380000e+02	0.000000e+00	1	3.205688e-02
2.620000e+02	2.450000e+02	0.000000e+00	1	2.687234e-02
2.820000e+02	2.300000e+02	0.000000e+00	1	2.481905e-02
2.650000e+02	2.420000e+02	0.000000e+00	1	2.274011e-02
2.770000e+02	2.330000e+02	0.000000e+00	1	2.171346e-02
2.860000e+02	2.270000e+02	0.000000e+00	1	2.068682e-02
2.600000e+02	2.500000e+02	0.000000e+00	1	2.066116e-02
3.380000e+02	1.850000e+02	0.000000e+00	1	1.860787e-02
3.920000e+02	1.510000e+02	0.000000e+00	1	1.758123e-02
2.930000e+02	2.210000e+02	0.000000e+00	1	1.758123e-02
2.890000e+02	2.250000e+02	0.000000e+00	1	1.758123e-02
3.500000e+02	1.780000e+02	0.000000e+00	1	1.758123e-02
3.550000e+02	1.740000e+02	0.000000e+00	1	1.758123e-02
2.920000e+02	2.230000e+02	0.000000e+00	1	1.758123e-02
4.050000e+02	1.430000e+02	0.000000e+00	1	1.655459e-02
3.830000e+02	1.560000e+02	0.000000e+00	1	1.655459e-02
2.650000e+02	2.420000e+02	0.000000e+00	1	1.552795e-02
2.770000e+02	2.330000e+02	0.000000e+00	1	1.552795e-02
2.820000e+02	2.300000e+02	0.000000e+00	1	1.552795e-02
3.270000e+02	1.940000e+02	0.000000e+00	1	1.447564e-02
3.990000e+02	1.460000e+02	0.000000e+00	1	1.447564e-02
4.120000e+02	1.370000e+02	0.000000e+00	1	1.344900e-02
3.550000e+02	1.740000e+02	0.000000e+00	1	1.344900e-02
3.470000e+02	1.790000e+02	0.000000e+00	1	1.344900e-02
4.010000e+02	1.440000e+02	0.000000e+00	1	1.242236e-02
3.870000e+02	1.550000e+02	0.000000e+00	1	1.242236e-02
3.120000e+02	2.040000e+02	0.000000e+00	1	1.239669e-02
3.650000e+02	1.690000e+02	0.000000e+00	1	1.239669e-02
2.860000e+02	2.270000e+02	0.000000e+00	1	1.239669e-02
4.070000e+02	1.410000e+02	0.000000e+00	1	1.239669e-02
2.820000e+02	2.300000e+02	0.000000e+00	1	1.239669e-02
4.090000e+02	1.380000e+02	0.000000e+00	1	1.239669e-02
3.670000e+02	1.660000e+02	0.000000e+00	1	1.239669e-02
3.140000e+02	2.010000e+02	0.000000e+00	1	1.239669e-02
3.360000e+02	1.880000e+02	0.000000e+00	1	1.239669e-02
2.960000e+02	2.200000e+02	0.000000e+00	1	1.137005e-02
2.620000e+02	2.450000e+02	0.000000e+00	1	1.137005e-02
3.740000e+02	1.620000e+02	0.000000e+00	1	1.137005e-02
3.950000e+02	1.490000e+02	0.000000e+00	1	1.137005e-02
3.310000e+02	1.910000e+02	0.000000e+00	1	1.034341e-02
3.820000e+02	1.570000e+02	0.000000e+00	1	1.034341e-02
3.290000e+02	1.920000e+02	0.000000e+00	1	1.034341e-02
2.630000e+02	2.430000e+02	0.000000e+00	1	1.034341e-02
3.000000e+02	2.160000e+02	0.000000e+00	1	1.034341e-02
3.070000e+02	2.100000e+02	0.000000e+00	1	1.034341e-02
3.500000e+02	1.780000e+02	0.000000e+00	1	1.034341e-02
3.960000e+02	1.480000e+02	0.000000e+00	1	1.034341e-02
2.980000e+02	2.170000e+02	0.000000e+00	1	1.034341e-02
3.020000e+02	2.140000e+02	0.000000e+00	1	1.034341e-02
2.960000e+02	2.200000e+02	0.000000e+00	1	9.316770e-03
2.890000e+02	2.250000e+02	0.000000e+00	1	9.316770e-03
3.760000e+02	1.600000e+02	0.000000e+00	1	9.316770e-03
3.720000e+02	1.640000e+02	0.000000e+00	1	9.316770e-03
3.430000e+02	1.830000e+02	0.000000e+00	1	9.316770e-03
3.350000e+02	1.890000e+02	0.000000e+00	1	9.316770e-03
2.570000e+02	2.520000e+02	0.000000e+00	1	9.316770e-03
3.950000e+02	1.490000e+02	0.000000e+00	1	9.316770e-03
3.400000e+02	1.840000e+02	0.000000e+00	1	9.316770e-03
2.600000e+02	2.500000e+02	0.000000e+00	1	9.316770e-03
3.230000e+02	1.970000e+02	0.000000e+00	1	9.316770e-03
3.320000e+02	1.900000e+02	0.000000e+00	1	9.316770e-03
3.200000e+02	1.980000e+02	0.000000e+00	1	9.316770e-03
3.580000e+02	1.730000e+02	0.000000e+00	1	9.316770e-03
2.740000e+02	2.340000e+02	0.000000e+00	1	9.316770e-03
2.860000e+02	2.270000e+02	0.000000e+00	1	9.316770e-03
3.520000e+02	1.760000e+02	0.000000e+00	1	9.316770e-03
4.130000e+02	1.360000e+02	0.000000e+00	1	9.316770e-03
4.090000e+02	1.380000e+02	0.000000e+00	1	9.316770e-03
3.690000e+02	1.650000e+02	0.000000e+00	1	9.316770e-03
3.200000e+02	1.980000e+02	0.000000e+00	1	9.316770e-03
4.160000e+02	1.340000e+02	0.000000e+00	1	9.316770e-03
3.790000e+02	1.590000e+02	0.000000e+00	1	9.316770e-03
2.730000e+02	2.360000e+02	0.000000e+00	1	9.316770e-03
2.700000e+02	2.380000e+02	0.000000e+00	1	9.316770e-03
3.170000e+02	1.990000e+02	0.000000e+00	1	9.316770e-03
3.470000e+02	1.790000e+02	0.000000e+00	1	8.264463e-03
2.700000e+02	2.380000e+02	0.000000e+00	1	8.264463e-03
4.180000e+02	1.310000e+02	0.000000e+00	1	8.264463e-03
2.730000e+02	2.360000e+02	0.000000e+00	1	8.264463e-03
2.920000e+02	2.230000e+02	0.000000e+00	1	8.264463e-03
3.760000e+02	1.600000e+02	0.000000e+00	1	8.264463e-03
3.050000e+02	2.110000e+02	0.000000e+00	1	8.264463e-03
3.520000e+02	1.760000e+02	0.000000e+00	1	8.264463e-03
2.600000e+02	2.500000e+02	0.000000e+00	1	8.264463e-03
3.070000e+02	2.100000e+02	0.000000e+00	1	8.264463e-03
3.080000e+02	2.080000e+02	0.000000e+00	1	8.264463e-03
2.970000e+02	2.180000e+02	0.000000e+00	1	8.264463e-03
4.130000e+02	1.360000e+02	0.000000e+00	1	8.264463e-03
3.520000e+02	1.760000e+02	0.000000e+00	1	8.264463e-03
3.450000e+02	1.810000e+02	0.000000e+00	1	8.264463e-03
2.630000e+02	2.430000e+02	0.000000e+00	1	8.264463e-03
3.290000e+02	1.920000e+02	0.000000e+00	1	8.264463e-03
4.170000e+02	1.330000e+02	0.000000e+00	1	8.264463e-03
4.160000e+02	1.340000e+02	0.000000e+00	1	8.264463e-03
2.890000e+02	2.250000e+02	0.000000e+00	1	8.264463e-03
2.740000e+02	2.340000e+02	0.000000e+00	1	8.264463e-03
3.040000e+02	2.130000e+02	0.000000e+00	1	8.264463e-03
4.010000e+02	1.440000e+02	0.000000e+00	1	8.264463e-03
2.730000e+02	2.360000e+02	0.000000e+00	1	8.264463e-03
4.070000e+02	1.410000e+02	0.000000e+00	1	7.237821e-03
3.000000e+02	2.160000e+02	0.000000e+00	1	7.237821e-03
3.720000e+02	1.640000e+02	0.000000e+00	1	7.237821e-03
4.160000e+02	1.340000e+02	0.000000e+00	1	7.237821e-03
4.130000e+02	1.360000e+02	0.000000e+00	1	7.237821e-03
2.930000e+02	2.210000e+02	0.000000e+00	1	7.237821e-03
4.060000e+02	1.420000e+02	0.000000e+00	1	7.237821e-03
3.100000e+02	2.060000e+02	0.000000e+00	1	7.237821e-03
3.260000e+02	1.950000e+02	0.000000e+00	1	7.237821e-03
3.630000e+02	1.700000e+02	0.000000e+00	1	7.237821e-03
3.440000e+02	1.820000e+02	0.000000e+00	1	7.237821e-03
3.730000e+02	1.630000e+02	0.000000e+00	1	7.237821e-03
3.820000e+02	1.570000e+02	0.000000e+00	1	7.237821e-03
3.090000e+02	2.070000e+02	0.000000e+00	1	7.237821e-03
2.980000e+02	2.170000e+02	0.000000e+00	1	7.237821e-03
3.450000e+02	1.810000e+02	0.000000e+00	1	7.237821e-03
3.350000e+02	1.890000e+02	0.000000e+00	1	7.237821e-03
3.110000e+02	2.050000e+02	0.000000e+00	1	7.237821e-03
3.880000e+02	1.540000e+02	0.000000e+00	1	7.237821e-03
3.140000e+02	2.010000e+02	0.000000e+00	1	6.211180e-03
3.050000e+02	2.110000e+02	0.000000e+00	1	6.211180e-03
4.010000e+02	1.440000e+02	0.000000e+00	1	6.211180e-03
3.360000e+02	1.880000e+02	0.000000e+00	1	6.211180e-03
3.380000e+02	1.850000e+02	0.000000e+00	1	6.211180e-03
3.690000e+02	1.650000e+02	0.000000e+00	1	6.211180e-03
3.140000e+02	2.010000e+02	0.000000e+00	1	6.211180e-03
3.600000e+02	1.720000e+02	0.000000e+00	1	6.211180e-03
3.580000e+02	1.730000e+02	0.000000e+00	1	6.211180e-03
3.740000e+02	1.620000e+02	0.000000e+00	1	6.211180e-03
3.470000e+02	1.790000e+02	0.000000e+00	1	6.211180e-03
3.520000e+02	1.760000e+02	0.000000e+00	1	6.211180e-03
4.070000e+02	1.410000e+02	0.000000e+00	1	6.211180e-03
3.650000e+02	1.690000e+02	0.000000e+00	1	6.211180e-03
3.600000e+02	1.720000e+02	0.000000e+00	1	6.211180e-03
3.910000e+02	1.520000e+02	0.000000e+00	1	6.211180e-03
3.450000e+02	1.810000e+02	0.000000e+00	1	6.211180e-03
2.600000e+02	2.500000e+02	0.000000e+00	1	6.211180e-03
3.040000e+02	2.130000e+02	0.000000e+00	1	6.211180e-03
3.400000e+02	1.840000e+02	0.000000e+00	1	6.211180e-03
3.290000e+02	1.920000e+02	0.000000e+00	1	6.211180e-03
3.630000e+02	1.700000e+02	0.000000e+00	1	6.211180e-03
3.670000e+02	1.660000e+02	0.000000e+00	1	6.211180e-03
3.120000e+02	2.040000e+02	0.000000e+00	1	6.211180e-03
3.760000e+02	1.600000e+02	0.000000e+00	1	6.211180e-03
4.090000e+02	1.380000e+02	0.000000e+00	1	6.211180e-03
3.980000e+02	1.470000e+02	0.000000e+00	1	6.211180e-03
3.890000e+02	1.530000e+02	0.000000e+00	1	6.211180e-03
3.620000e+02	1.710000e+02	0.000000e+00	1	6.211180e-03
3.800000e+02	1.580000e+02	0.000000e+00	1	6.211180e-03
3.260000e+02	1.950000e+02	0.000000e+00	1	6.211180e-03
3.240000e+02	1.960000e+02	0.000000e+00	1	6.211180e-03
3.160000e+02	2.000000e+02	0.000000e+00	1	6.211180e-03
3.670000e+02	1.660000e+02	0.000000e+00	1	6.211180e-03
3.650000e+02	1.690000e+02	0.000000e+00	1	6.211180e-03
3.270000e+02	1.940000e+02	0.000000e+00	1	4.132231e-03
3.240000e+02	1.960000e+02	0.000000e+00	1	4.132231e-03
3.200000e+02	1.980000e+02	0.000000e+00	1	4.132231e-03
3.830000e+02	1.560000e+02	0.000000e+00	1	4.132231e-03
3.240000e+02	1.960000e+02	0.000000e+00	1	4.132231e-03
3.620000e+02	1.710000e+02	0.000000e+00	1	4.132231e-03
2.770000e+02	2.330000e+02	0.000000e+00	1	4.132231e-03
3.790000e+02	1.590000e+02	0.000000e+00	1	4.132231e-03
4.050000e+02	1.430000e+02	0.000000e+00	1	4.132231e-03
3.230000e+02	1.970000e+02	0.000000e+00	1	4.132231e-03
4.010000e+02	1.440000e+02	0.000000e+00	1	4.132231e-03
3.730000e+02	1.630000e+02	0.000000e+00	1	4.132231e-03
3.580000e+02	1.730000e+02	0.000000e+00	1	4.132231e-03
2.970000e+02	2.180000e+02	0.000000e+00	1	4.132231e-03
3.670000e+02	1.660000e+02	0.000000e+00	1	4.132231e-03
3.620000e+02	1.710000e+02	0.000000e+00	1	4.132231e-03
3.630000e+02	1.700000e+02	0.000000e+00	1	4.132231e-03
3.400000e+02	1.840000e+02	0.000000e+00	1	4.132231e-03
3.890000e+02	1.530000e+02	0.000000e+00	1	4.132231e-03
3.040000e+02	2.130000e+02	0.000000e+00	1	4.132231e-03
3.110000e+02	2.050000e+02	0.000000e+00	1	4.132231e-03
3.380000e+02	1.850000e+02	0.000000e+00	1	4.132231e-03
3.050000e+02	2.110000e+02	0.000000e+00	1	4.132231e-03
3.740000e+02	1.620000e+02	0.000000e+00	1	4.132231e-03
3.140000e+02	2.010000e+02	0.000000e+00	1	4.132231e-03
3.160000e+02	2.000000e+02	0.000000e+00	1	4.132231e-03
3.430000e+02	1.830000e+02	0.000000e+00	1	4.132231e-03
3.650000e+02	1.690000e+02	0.000000e+00	1	4.132231e-03
3.760000e+02	1.600000e+02	0.000000e+00	1	4.132231e-03
3.910000e+02	1.520000e+02	0.000000e+00	1	4.132231e-03
3.170000e+02	1.990000e+02	0.000000e+00	1	4.132231e-03
3.230000e+02	1.970000e+02	0.000000e+00	1	4.132231e-03
3.100000e+02	2.060000e+02	0.000000e+00	1	4.132231e-03
3.980000e+02	1.470000e+02	0.000000e+00	1	4.132231e-03
3.120000e+02	2.040000e+02	0.000000e+00	1	4.132231e-03
3.320000e+02	1.900000e+02	0.000000e+00	1	4.132231e-03
3.720000e+02	1.640000e+02	0.000000e+00	1	4.132231e-03
3.800000e+02	1.580000e+02	0.000000e+00	1	4.132231e-03
3.980000e+02	1.470000e+02	0.000000e+00	1	4.132231e-03
3.580000e+02	1.730000e+02	0.000000e+00	1	4.132231e-03
3.870000e+02	1.550000e+02	0.000000e+00	1	4.132231e-03
3.010000e+02	2.150000e+02	0.000000e+00	1	4.132231e-03
3.440000e+02	1.820000e+02	0.000000e+00	1	4.132231e-03
3.360000e+02	1.880000e+02	0.000000e+00	1	4.132231e-03
3.870000e+02	1.550000e+02	0.000000e+00	1	4.132231e-03
3.880000e+02	1.540000e+02	0.000000e+00	1	4.132231e-03
3.200000e+02	1.980000e+02	0.000000e+00	1	4.132231e-03
3.800000e+02	1.580000e+02	0.000000e+00	1	4.132231e-03
2.650000e+02	2.420000e+02	0.000000e+00	1	4.132231e-03
3.950000e+02	1.490000e+02	0.000000e+00	1	4.132231e-03
3.310000e+02	1.910000e+02	0.000000e+00	1	4.132231e-03
3.430000e+02	1.830000e+02	0.000000e+00	1	4.132231e-03
3.890000e+02	1.530000e+02	0.000000e+00	1	4.132231e-03
3.160000e+02	2.000000e+02	0.000000e+00	1	4.132231e-03
4.090000e+02	1.380000e+02	0.000000e+00	1	4.132231e-03
3.790000e+02	1.590000e+02	0.000000e+00	1	4.132231e-03
4.060000e+02	1.420000e+02	0.000000e+00	1	4.132231e-03
3.600000e+02	1.720000e+02	0.000000e+00	1	4.132231e-03
3.080000e+02	2.080000e+02	0.000000e+00	1	4.132231e-03
4.170000e+02	1.330000e+02	0.000000e+00	1	4.132231e-03
2.960000e+02	2.200000e+02	0.000000e+00	1	4.132231e-03
3.010000e+02	2.150000e+02	0.000000e+00	1	4.132231e-03
4.120000e+02	1.370000e+02	0.000000e+00	1	4.132231e-03
3.920000e+02	1.510000e+02	0.000000e+00	1	4.132231e-03
3.170000e+02	1.990000e+02	0.000000e+00	1	4.132231e-03
3.690000e+02	1.650000e+02	0.000000e+00	1	4.132231e-03
3.320000e+02	1.900000e+02	0.000000e+00	1	4.132231e-03
3.990000e+02	1.460000e+02	0.000000e+00	1	4.132231e-03
3.260000e+02	1.950000e+02	0.000000e+00	1	4.132231e-03
3.350000e+02	1.890000e+02	0.000000e+00	1	4.132231e-03
3.090000e+02	2.070000e+02	0.000000e+00	1	4.132231e-03
2.740000e+02	2.340000e+02	0.000000e+00	1	4.132231e-03
3.400000e+02	1.840000e+02	0.000000e+00	1	4.132231e-03
3.600000e+02	1.720000e+02	0.000000e+00	1	4.132231e-03
3.910000e+02	1.520000e+02	0.000000e+00	1	4.132231e-03
3.960000e+02	1.480000e+02	0.000000e+00	1	4.132231e-03
3.020000e+02	2.140000e+02	0.000000e+00	1	4.132231e-03
3.690000e+02	1.650000e+02	0.000000e+00	1	4.132231e-03
2.630000e+02	2.430000e+02	0.000000e+00	1	3.105590e-03
4.050000e+02	1.430000e+02	0.000000e+00	1	3.105590e-03
3.080000e+02	2.080000e+02	0.000000e+00	1	3.105590e-03
3.360000e+02	1.880000e+02	0.000000e+00	1	3.105590e-03
3.440000e+02	1.820000e+02	0.000000e+00	1	3.105590e-03
3.230000e+02	1.970000e+02	0.000000e+00	1	3.105590e-03
3.790000e+02	1.590000e+02	0.000000e+00	1	3.105590e-03
3.160000e+02	2.000000e+02	0.000000e+00	1	3.105590e-03
3.730000e+02	1.630000e+02	0.000000e+00	1	3.105590e-03
2.970000e+02	2.180000e+02	0.000000e+00	1	3.105590e-03
2.920000e+02	2.230000e+02	0.000000e+00	1	3.105590e-03
3.910000e+02	1.520000e+02	0.000000e+00	1	3.105590e-03
3.620000e+02	1.710000e+02	0.000000e+00	1	3.105590e-03
3.920000e+02	1.510000e+02	0.000000e+00	1	3.105590e-03
3.960000e+02	1.480000e+02	0.000000e+00	1	3.105590e-03
3.240000e+02	1.960000e+02	0.000000e+00	1	3.105590e-03
4.120000e+02	1.370000e+02	0.000000e+00	1	3.105590e-03
3.050000e+02	2.110000e+02	0.000000e+00	1	3.105590e-03
3.100000e+02	2.060000e+02	0.000000e+00	1	3.105590e-03
4.170000e+02	1.330000e+02	0.000000e+00	1	3.105590e-03
3.890000e+02	1.530000e+02	0.000000e+00	1	3.105590e-03
3.040000e+02	2.130000e+02	0.000000e+00	1	3.105590e-03
3.090000e+02	2.070000e+02	0.000000e+00	1	3.105590e-03
3.010000e+02	2.150000e+02	0.000000e+00	1	3.105590e-03
2.740000e+02	2.340000e+02	0.000000e+00	1	3.105590e-03
3.800000e+02	1.580000e+02	0.000000e+00	1	3.105590e-03
4.170000e+02	1.330000e+02	0.000000e+00	1	3.105590e-03
3.010000e+02	2.150000e+02	0.000000e+00	1	3.105590e-03
3.320000e+02	1.900000e+02	0.000000e+00	1	3.105590e-03
3.270000e+02	1.940000e+02	0.000000e+00	1	3.105590e-03
3.120000e+02	2.040000e+02	0.000000e+00	1	3.105590e-03
3.310000e+02	1.910000e+02	0.000000e+00	1	3.105590e-03
3.110000e+02	2.050000e+02	0.000000e+00	1	3.105590e-03
3.170000e+02	1.990000e+02	0.000000e+00	1	3.105590e-03
3.830000e+02	1.560000e+02	0.000000e+00	1	3.105590e-03
2.730000e+02	2.360000e+02	0.000000e+00	1	3.105590e-03
3.880000e+02	1.540000e+02	0.000000e+00	1	3.105590e-03
3.990000e+02	1.460000e+02	0.000000e+00	1	3.105590e-03
3.080000e+02	2.080000e+02	0.000000e+00	1	3.105590e-03
3.070000e+02	2.100000e+02	0.000000e+00	1	3.105590e-03
3.870000e+02	1.550000e+02	0.000000e+00	1	3.105590e-03
3.980000e+02	1.470000e+02	0.000000e+00	1	3.105590e-03
2.970000e+02	2.180000e+02	0.000000e+00	1	3.105590e-03
4.060000e+02	1.420000e+02	0.000000e+00	1	3.105590e-03
3.430000e+02	1.830000e+02	0.000000e+00	1	3.105590e-03
3.020000e+02	2.140000e+02	0.000000e+00	1	3.105590e-03
3.430000e+02	1.830000e+02	0.000000e+00	1	0.000000e+00
2.630000e+02	2.430000e+02	0.000000e+00	1	0.000000e+00
3.290000e+02	1.920000e+02	0.000000e+00	1	0.000000e+00
3.170000e+02	1.990000e+02	0.000000e+00	1	0.000000e+00
3.740000e+02	1.620000e+02	0.000000e+00	1	0.000000e+00
3.870000e+02	1.550000e+02	0.000000e+00	1	0.000000e+00
3.260000e+02	1.950000e+02	0.000000e+00	1	0.000000e+00
3.120000e+02	2.040000e+02	0.000000e+00	1	0.000000e+00
2.700000e+02	2.380000e+02	0.000000e+00	1	0.000000e+00
3.240000e+02	1.960000e+02	0.000000e+00	1	0.000000e+00
2.890000e+02	2.250000e+02	0.000000e+00	1	0.000000e+00
3.960000e+02	1.480000e+02	0.000000e+00	1	0.000000e+00
2.650000e+02	2.420000e+02	0.000000e+00	1	0.000000e+00
3.790000e+02	1.590000e+02	0.000000e+00	1	0.000000e+00
4.160000e+02	1.340000e+02	0.000000e+00	1	0.000000e+00
3.380000e+02	1.850000e+02	0.000000e+00	1	0.000000e+00
3.740000e+02	1.620000e+02	0.000000e+00	1	0.000000e+00
3.260000e+02	1.950000e+02	0.000000e+00	1	0.000000e+00
3.200000e+02	1.980000e+02	0.000000e+00	1	0.000000e+00
4.090000e+02	1.380000e+02	0.000000e+00	1	0.000000e+00
3.290000e+02	1.920000e+02	0.000000e+00	1	0.000000e+00
3.140000e+02	2.010000e+02	0.000000e+00	1	0.000000e+00
2.700000e+02	2.380000e+02	0.000000e+00	1	0.000000e+00
3.790000e+02	1.590000e+02	0.000000e+00	1	0.000000e+00
2.600000e+02	2.500000e+02	0.000000e+00	1	0.000000e+00
3.890000e+02	1.530000e+02	0.000000e+00	1	0.000000e+00
2.600000e+02	2.500000e+02	0.000000e+00	1	0.000000e+00
3.760000e+02	1.600000e+02	0.000000e+00	1	0.000000e+00
3.160000e+02	2.000000e+02	0.000000e+00	1	0.000000e+00
3.690000e+02	1.650000e+02	0.000000e+00	1	0.000000e+00
3.470000e+02	1.790000e+02	0.000000e+00	1	0.000000e+00
3.050000e+02	2.110000e+02	0.000000e+00	1	0.000000e+00
3.830000e+02	1.560000e+02	0.000000e+00	1	0.000000e+00
3.830000e+02	1.560000e+02	0.000000e+00	1	0.000000e+00
2.820000e+02	2.300000e+02	0.000000e+00	1	0.000000e+00
3.800000e+02	1.580000e+02	0.000000e+00	1	0.000000e+00
3.310000e+02	1.910000e+02	0.000000e+00	1	0.000000e+00
3.470000e+02	1.790000e+02	0.000000e+00	1	0.000000e+00
3.920000e+02	1.510000e+02	0.000000e+00	1	0.000000e+00
4.130000e+02	1.360000e+02	0.000000e+00	1	0.000000e+00
3.760000e+02	1.600000e+02	0.000000e+00	1	0.000000e+00
3.240000e+02	1.960000e+02	0.000000e+00	1	0.000000e+00
3.670000e+02	1.660000e+02	0.000000e+00	1	0.000000e+00
2.620000e+02	2.450000e+02	0.000000e+00	1	0.000000e+00
3.080000e+02	2.080000e+02	0.000000e+00	1	0.000000e+00
3.870000e+02	1.550000e+02	0.000000e+00	1	0.000000e+00
3.760000e+02	1.600000e+02	0.000000e+00	1	0.000000e+00
3.500000e+02	1.780000e+02	0.000000e+00	1	0.000000e+00
3.380000e+02	1.850000e+02	0.000000e+00	1	0.000000e+00
3.200000e+02	1.980000e+02	0.000000e+00	1	0.000000e+00
4.120000e+02	1.370000e+02	0.000000e+00	1	0.000000e+00
3.260000e+02	1.950000e+02	0.000000e+00	1	0.000000e+00
3.290000e+02	1.920000e+02	0.000000e+00	1	0.000000e+00
3.730000e+02	1.630000e+02	0.000000e+00	1	0.000000e+00
3.650000e+02	1.690000e+02	0.000000e+00	1	0.000000e+00
4.170000e+02	1.330000e+02	0.000000e+00	1	0.000000e+00
3.740000e+02	1.620000e+02	0.000000e+00	1	0.000000e+00
4.160000e+02	1.340000e+02	0.000000e+00	1	0.000000e+00
3.120000e+02	2.040000e+02	0.000000e+00	1	0.000000e+00
3.110000e+02	2.050000e+02	0.000000e+00	1	0.000000e+00
3.430000e+02	1.830000e+02	0.000000e+00	1	0.000000e+00
3.260000e+02	1.950000e+02	0.000000e+00	1	0.000000e+00
3.040000e+02	2.130000e+02	0.000000e+00	1	0.000000e+00
3.500000e+02	1.780000e+02	0.000000e+00	1	0.000000e+00
2.820000e+02	2.300000e+02	0.000000e+00	1	0.000000e+00
3.010000e+02	2.150000e+02	0.000000e+00	1	0.000000e+00
2.740000e+02	2.340000e+02	0.000000e+00	1	0.000000e+00
3.890000e+02	1.530000e+02	0.000000e+00	1	0.000000e+00
2.920000e+02	2.230000e+02	0.000000e+00	1	0.000000e+00
2.980000e+02	2.170000e+02	0.000000e+00	1	0.000000e+00
3.470000e+02	1.790000e+02	0.000000e+00	1	0.000000e+00
3.200000e+02	1.980000e+02	0.000000e+00	1	0.000000e+00
3.240000e+02	1.960000e+02	0.000000e+00	1	0.000000e+00
3.760000e+02	1.600000e+02	0.000000e+00	1	0.000000e+00
3.760000e+02	1.600000e+02	0.000000e+00	1	0.000000e+00
3.760000e+02	1.600000e+02	0.000000e+00	1	0.000000e+00
2.570000e+02	2.520000e+02	0.000000e+00	1	0.000000e+00
2.570000e+02	2.520000e+02	0.000000e+00	1	0.000000e+00
3.320000e+02	1.900000e+02	0.000000e+00	1	0.000000e+00
3.320000e+02	1.900000e+02	0.000000e+00	1	0.000000e+00
2.620000e+02	2.450000e+02	0.000000e+00	1	0.000000e+00
3.360000e+02	1.880000e+02	0.000000e+00	1	0.000000e+00
3.720000e+02	1.640000e+02	0.000000e+00	1	0.000000e+00
3.740000e+02	1.620000e+02	0.000000e+00	1	0.000000e+00
3.760000e+02	1.600000e+02	0.000000e+00	1	0.000000e+00
3.730000e+02	1.630000e+02	0.000000e+00	1	0.000000e+00
2.930000e+02	2.210000e+02	0.000000e+00	1	0.000000e+00
3.580000e+02	1.730000e+02	0.000000e+00	1	0.000000e+00
3.290000e+02	1.920000e+02	0.000000e+00	1	0.000000e+00
3.790000e+02	1.590000e+02	0.000000e+00	1	0.000000e+00
3.100000e+02	2.060000e+02	0.000000e+00	1	0.000000e+00
3.520000e+02	1.760000e+02	0.000000e+00	1	0.000000e+00
3.010000e+02	2.150000e+02	0.000000e+00	1	0.000000e+00
3.430000e+02	1.830000e+02	0.000000e+00	1	0.000000e+00
3.800000e+02	1.580000e+02	0.000000e+00	1	0.000000e+00
4.090000e+02	1.380000e+02	0.000000e+00	1	0.000000e+00
3.760000e+02	1.600000e+02	0.000000e+00	1	0.000000e+00
3.790000e+02	1.590000e+02	0.000000e+00	1	0.000000e+00
4.060000e+02	1.420000e+02	0.000000e+00	1	0.000000e+00
3.950000e+02	1.490000e+02	0.000000e+00	1	0.000000e+00
4.160000e+02	1.340000e+02	0.000000e+00	1	0.000000e+00
3.630000e+02	1.700000e+02	0.000000e+00	1	0.000000e+00
3.670000e+02	1.660000e+02	0.000000e+00	1	0.000000e+00
3.790000e+02	1.590000e+02	0.000000e+00	1	0.000000e+00
3.790000e+02	1.590000e+02	0.000000e+00	1	0.000000e+00
3.980000e+02	1.470000e+02	0.000000e+00	1	0.000000e+00
3.500000e+02	1.780000e+02	0.000000e+00	1	0.000000e+00
4.010000e+02	1.440000e+02	0.000000e+00	1	0.000000e+00
3.740000e+02	1.620000e+02	0.000000e+00	1	0.000000e+00
3.140000e+02	2.010000e+02	0.000000e+00	1	0.000000e+00
2.980000e+02	2.170000e+02	0.000000e+00	1	0.000000e+00
3.550000e+02	1.740000e+02	0.000000e+00	1	0.000000e+00
3.320000e+02	1.900000e+02	0.000000e+00	1	0.000000e+00
3.260000e+02	1.950000e+02	0.000000e+00	1	0.000000e+00
3.950000e+02	1.490000e+02	0.000000e+00	1	0.000000e+00
3.350000e+02	1.890000e+02	0.000000e+00	1	0.000000e+00
2.620000e+02	2.450000e+02	0.000000e+00	1	0.000000e+00
4.120000e+02	1.370000e+02	0.000000e+00	1	0.000000e+00
3.290000e+02	1.920000e+02	0.000000e+00	1	0.000000e+00
3.100000e+02	2.060000e+02	0.000000e+00	1	0.000000e+00
3.960000e+02	1.480000e+02	0.000000e+00	1	0.000000e+00
3.430000e+02	1.830000e+02	0.000000e+00	1	0.000000e+00
3.140000e+02	2.010000e+02	0.000000e+00	1	0.000000e+00
2.700000e+02	2.380000e+02	0.000000e+00	1	0.000000e+00
3.380000e+02	1.850000e+02	0.000000e+00	1	0.000000e+00
2.820000e+02	2.300000e+02	0.000000e+00	1	0.000000e+00
4.130000e+02	1.360000e+02	0.000000e+00	1	0.000000e+00
3.520000e+02	1.760000e+02	0.000000e+00	1	0.000000e+00
2.920000e+02	2.230000e+02	0.000000e+00	1	0.000000e+00
3.760000e+02	1.600000e+02	0.000000e+00	1	0.000000e+00
3.040000e+02	2.130000e+02	0.000000e+00	1	0.000000e+00
3.920000e+02	1.510000e+02	0.000000e+00	1	0.000000e+00
3.240000e+02	1.960000e+02	0.000000e+00	1	0.000000e+00
3.690000e+02	1.650000e+02	0.000000e+00	1	0.000000e+00
3.990000e+02	1.460000e+02	0.000000e+00	1	0.000000e+00
4.130000e+02	1.360000e+02	0.000000e+00	1	0.000000e+00
3.100000e+02	2.060000e+02	0.000000e+00	1	0.000000e+00
3.760000e+02	1.600000e+02	0.000000e+00	1	0.000000e+00
3.200000e+02	1.980000e+02	0.000000e+00	1	0.000000e+00
3.580000e+02	1.730000e+02	0.000000e+00	1	0.000000e+00
3.400000e+02	1.840000e+02	0.000000e+00	1	0.000000e+00
3.690000e+02	1.650000e+02	0.000000e+00	1	0.000000e+00
3.240000e+02	1.960000e+02	0.000000e+00	1	0.000000e+00
3.500000e+02	1.780000e+02	0.000000e+00	1	0.000000e+00
3.880000e+02	1.540000e+02	0.000000e+00	1	0.000000e+00
3.290000e+02	1.920000e+02	0.000000e+00	1	0.000000e+00
3.310000e+02	1.910000e+02	0.000000e+00	1	0.000000e+00
3.380000e+02	1.850000e+02	0.000000e+00	1	0.000000e+00
3.360000e+02	1.880000e+02	0.000000e+00	1	0.000000e+00
2.730000e+02	2.360000e+02	0.000000e+00	1	0.000000e+00
3.620000e+02	1.710000e+02	0.000000e+00	1	0.000000e+00
3.760000e+02	1.600000e+02	0.000000e+00	1	0.000000e+00
3.920000e+02	1.510000e+02	0.000000e+00	1	0.000000e+00
4.130000e+02	1.360000e+02	0.000000e+00	1	0.000000e+00
3.820000e+02	1.570000e+02	0.000000e+00	1	0.000000e+00
3.080000e+02	2.080000e+02	0.000000e+00	1	0.000000e+00
3.620000e+02	1.710000e+02	0.000000e+00	1	0.000000e+00
3.010000e+02	2.150000e+02	0.000000e+00	1	0.000000e+00
3.740000e+02	1.620000e+02	0.000000e+00	1	0.000000e+00
3.080000e+02	2.080000e+02	0.000000e+00	1	0.000000e+00
2.970000e+02	2.180000e+02	0.000000e+00	1	0.000000e+00
3.430000e+02	1.830000e+02	0.000000e+00	1	0.000000e+00
3.200000e+02	1.980000e+02	0.000000e+00	1	0.000000e+00
3.110000e+02	2.050000e+02	0.000000e+00	1	0.000000e+00
3.950000e+02	1.490000e+02	0.000000e+00	1	0.000000e+00
3.260000e+02	1.950000e+02	0.000000e+00	1	0.000000e+00
3.600000e+02	1.720000e+02	0.000000e+00	1	0.000000e+00
3.080000e+02	2.080000e+02	0.000000e+00	1	0.000000e+00
3.950000e+02	1.490000e+02	0.000000e+00	1	0.000000e+00
4.130000e+02	1.360000e+02	0.000000e+00	1	0.000000e+00
3.580000e+02	1.730000e+02	0.000000e+00	1	0.000000e+00
2.630000e+02	2.430000e+02	0.000000e+00	1	0.000000e+00
4.050000e+02	1.430000e+02	0.000000e+00	1	0.000000e+00
3.620000e+02	1.710000e+02	0.000000e+00	1	0.000000e+00
3.000000e+02	2.160000e+02	0.000000e+00	1	0.000000e+00
4.130000e+02	1.360000e+02	0.000000e+00	1	0.000000e+00
2.600000e+02	2.500000e+02	0.000000e+00	1	0.000000e+00
3.670000e+02	1.660000e+02	0.000000e+00	1	0.000000e+00
3.550000e+02	1.740000e+02	0.000000e+00	1	0.000000e+00
3.980000e+02	1.470000e+02	0.000000e+00	1	0.000000e+00
3.690000e+02	1.650000e+02	0.000000e+00	1	0.000000e+00
3.910000e+02	1.520000e+02	0.000000e+00	1	0.000000e+00
3.910000e+02	1.520000e+02	0.000000e+00	1	0.000000e+00
3.620000e+02	1.710000e+02	0.000000e+00	1	0.000000e+00
3.200000e+02	1.980000e+02	0.000000e+00	1	0.000000e+00
3.090000e+02	2.070000e+02	0.000000e+00	1	0.000000e+00
4.090000e+02	1.380000e+02	0.000000e+00	1	0.000000e+00
2.930000e+02	2.210000e+02	0.000000e+00	1	0.000000e+00
3.430000e+02	1.830000e+02	0.000000e+00	1	0.000000e+00
3.960000e+02	1.480000e+02	0.000000e+00	1	0.000000e+00
3.290000e+02	1.920000e+02	0.000000e+00	1	0.000000e+00
3.790000e+02	1.590000e+02	0.000000e+00	1	0.000000e+00
3.910000e+02	1.520000e+02	0.000000e+00	1	0.000000e+00
3.760000e+02	1.600000e+02	0.000000e+00	1	0.000000e+00
3.630000e+02	1.700000e+02	0.000000e+00	1	0.000000e+00
2.930000e+02	2.210000e+02	0.000000e+00	1	0.000000e+00
3.950000e+02	1.490000e+02	0.000000e+00	1	0.000000e+00
4.050000e+02	1.430000e+02	0.000000e+00	1	0.000000e+00
3.200000e+02	1.980000e+02	0.000000e+00	1	0.000000e+00
4.050000e+02	1.430000e+02	0.000000e+00	1	0.000000e+00
3.170000e+02	1.990000e+02	0.000000e+00	1	0.000000e+00
2.600000e+02	2.500000e+02	0.000000e+00	1	0.000000e+00
2.820000e+02	2.300000e+02	0.000000e+00	1	0.000000e+00
2.700000e+02	2.380000e+02	0.000000e+00	1	0.000000e+00
2.700000e+02	2.380000e+02	0.000000e+00	1	0.000000e+00
3.600000e+02	1.720000e+02	0.000000e+00	1	0.000000e+00
3.920000e+02	1.510000e+02	0.000000e+00	1	0.000000e+00
3.740000e+02	1.620000e+02	0.000000e+00	1	0.000000e+00
3.950000e+02	1.490000e+02	0.000000e+00	1	0.000000e+00
3.800000e+02	1.580000e+02	0.000000e+00	1	0.000000e+00
3.740000e+02	1.620000e+02	0.000000e+00	1	0.000000e+00
3.400000e+02	1.840000e+02	0.000000e+00	1	0.000000e+00
3.790000e+02	1.590000e+02	0.000000e+00	1	0.000000e+00
3.020000e+02	2.140000e+02	0.000000e+00	1	0.000000e+00
3.760000e+02	1.600000e+02	0.000000e+00	1	0.000000e+00
3.170000e+02	1.990000e+02	0.000000e+00	1	0.000000e+00
2.570000e+02	2.520000e+02	0.000000e+00	1	0.000000e+00
3.290000e+02	1.920000e+02	0.000000e+00	1	0.000000e+00
3.080000e+02	2.080000e+02	0.000000e+00	1	0.000000e+00
3.200000e+02	1.980000e+02	0.000000e+00	1	0.000000e+00
2.700000e+02	2.380000e+02	0.000000e+00	1	0.000000e+00
Total execution time: 404.033
