# This file contains the data of final feasible population (if found)
# of objectives = 2, # of constraints = 0, # of real_var = 0, # of bits of bin_var = 0, constr_violation, rank, crowding_distance
4.290000e+02	1.310000e+02	0.000000e+00	1	1.000000e+14
2.550000e+02	2.520000e+02	0.000000e+00	1	1.000000e+14
4.020000e+02	1.410000e+02	0.000000e+00	1	3.412653e-02
4.110000e+02	1.390000e+02	0.000000e+00	1	3.412653e-02
2.590000e+02	2.460000e+02	0.000000e+00	1	3.251164e-02
2.800000e+02	2.300000e+02	0.000000e+00	1	2.676451e-02
2.840000e+02	2.270000e+02	0.000000e+00	1	2.389095e-02
2.750000e+02	2.330000e+02	0.000000e+00	1	2.263228e-02
2.870000e+02	2.210000e+02	0.000000e+00	1	2.066116e-02
2.860000e+02	2.260000e+02	0.000000e+00	1	2.066116e-02
2.660000e+02	2.430000e+02	0.000000e+00	1	2.011494e-02
2.910000e+02	2.180000e+02	0.000000e+00	1	1.975872e-02
3.190000e+02	1.970000e+02	0.000000e+00	1	1.940249e-02
4.220000e+02	1.340000e+02	0.000000e+00	1	1.850005e-02
2.590000e+02	2.460000e+02	0.000000e+00	1	1.814382e-02
2.570000e+02	2.490000e+02	0.000000e+00	1	1.814382e-02
3.770000e+02	1.590000e+02	0.000000e+00	1	1.688515e-02
2.940000e+02	2.160000e+02	0.000000e+00	1	1.688515e-02
2.970000e+02	2.150000e+02	0.000000e+00	1	1.688515e-02
3.890000e+02	1.490000e+02	0.000000e+00	1	1.688515e-02
3.430000e+02	1.800000e+02	0.000000e+00	1	1.688515e-02
3.460000e+02	1.780000e+02	0.000000e+00	1	1.688515e-02
3.230000e+02	1.930000e+02	0.000000e+00	1	1.652893e-02
2.980000e+02	2.130000e+02	0.000000e+00	1	1.436782e-02
4.220000e+02	1.340000e+02	0.000000e+00	1	1.436782e-02
4.170000e+02	1.350000e+02	0.000000e+00	1	1.436782e-02
3.030000e+02	2.110000e+02	0.000000e+00	1	1.436782e-02
4.270000e+02	1.330000e+02	0.000000e+00	1	1.436782e-02
2.740000e+02	2.350000e+02	0.000000e+00	1	1.401159e-02
3.920000e+02	1.480000e+02	0.000000e+00	1	1.275292e-02
3.270000e+02	1.910000e+02	0.000000e+00	1	1.275292e-02
3.260000e+02	1.920000e+02	0.000000e+00	1	1.275292e-02
3.230000e+02	1.930000e+02	0.000000e+00	1	1.275292e-02
2.940000e+02	2.160000e+02	0.000000e+00	1	1.275292e-02
3.700000e+02	1.620000e+02	0.000000e+00	1	1.275292e-02
2.550000e+02	2.520000e+02	0.000000e+00	1	1.239669e-02
2.910000e+02	2.180000e+02	0.000000e+00	1	1.239669e-02
2.660000e+02	2.430000e+02	0.000000e+00	1	1.239669e-02
2.660000e+02	2.430000e+02	0.000000e+00	1	1.239669e-02
3.490000e+02	1.750000e+02	0.000000e+00	1	1.239669e-02
3.530000e+02	1.740000e+02	0.000000e+00	1	1.239669e-02
2.750000e+02	2.330000e+02	0.000000e+00	1	1.239669e-02
3.460000e+02	1.780000e+02	0.000000e+00	1	1.239669e-02
3.090000e+02	2.060000e+02	0.000000e+00	1	1.239669e-02
3.110000e+02	2.030000e+02	0.000000e+00	1	1.239669e-02
2.870000e+02	2.210000e+02	0.000000e+00	1	1.239669e-02
2.680000e+02	2.400000e+02	0.000000e+00	1	1.239669e-02
2.800000e+02	2.300000e+02	0.000000e+00	1	1.239669e-02
3.560000e+02	1.710000e+02	0.000000e+00	1	1.239669e-02
2.570000e+02	2.490000e+02	0.000000e+00	1	1.239669e-02
4.170000e+02	1.350000e+02	0.000000e+00	1	1.149425e-02
4.130000e+02	1.370000e+02	0.000000e+00	1	1.149425e-02
3.360000e+02	1.840000e+02	0.000000e+00	1	1.149425e-02
3.190000e+02	1.970000e+02	0.000000e+00	1	1.149425e-02
2.800000e+02	2.300000e+02	0.000000e+00	1	1.149425e-02
3.230000e+02	1.930000e+02	0.000000e+00	1	1.149425e-02
3.490000e+02	1.750000e+02	0.000000e+00	1	1.149425e-02
3.400000e+02	1.830000e+02	0.000000e+00	1	1.149425e-02
2.870000e+02	2.210000e+02	0.000000e+00	1	1.149425e-02
3.530000e+02	1.740000e+02	0.000000e+00	1	1.149425e-02
3.800000e+02	1.560000e+02	0.000000e+00	1	9.879358e-03
3.890000e+02	1.490000e+02	0.000000e+00	1	9.879358e-03
3.070000e+02	2.080000e+02	0.000000e+00	1	9.879358e-03
3.840000e+02	1.540000e+02	0.000000e+00	1	9.879358e-03
3.690000e+02	1.630000e+02	0.000000e+00	1	9.879358e-03
3.630000e+02	1.670000e+02	0.000000e+00	1	9.879358e-03
3.610000e+02	1.680000e+02	0.000000e+00	1	9.879358e-03
3.920000e+02	1.480000e+02	0.000000e+00	1	9.879358e-03
3.820000e+02	1.550000e+02	0.000000e+00	1	9.879358e-03
2.680000e+02	2.400000e+02	0.000000e+00	1	9.879358e-03
3.670000e+02	1.640000e+02	0.000000e+00	1	9.879358e-03
3.140000e+02	2.020000e+02	0.000000e+00	1	9.879358e-03
3.490000e+02	1.750000e+02	0.000000e+00	1	8.620690e-03
3.730000e+02	1.610000e+02	0.000000e+00	1	8.620690e-03
3.460000e+02	1.780000e+02	0.000000e+00	1	8.620690e-03
3.110000e+02	2.030000e+02	0.000000e+00	1	8.620690e-03
3.140000e+02	2.020000e+02	0.000000e+00	1	8.620690e-03
2.910000e+02	2.180000e+02	0.000000e+00	1	8.620690e-03
3.980000e+02	1.440000e+02	0.000000e+00	1	8.620690e-03
3.530000e+02	1.740000e+02	0.000000e+00	1	8.620690e-03
3.630000e+02	1.670000e+02	0.000000e+00	1	8.620690e-03
3.560000e+02	1.710000e+02	0.000000e+00	1	8.620690e-03
4.020000e+02	1.410000e+02	0.000000e+00	1	8.620690e-03
3.560000e+02	1.710000e+02	0.000000e+00	1	8.620690e-03
3.740000e+02	1.600000e+02	0.000000e+00	1	8.620690e-03
3.950000e+02	1.460000e+02	0.000000e+00	1	8.620690e-03
3.300000e+02	1.900000e+02	0.000000e+00	1	8.620690e-03
3.590000e+02	1.690000e+02	0.000000e+00	1	8.620690e-03
3.990000e+02	1.430000e+02	0.000000e+00	1	8.620690e-03
3.660000e+02	1.650000e+02	0.000000e+00	1	8.620690e-03
3.850000e+02	1.530000e+02	0.000000e+00	1	8.264463e-03
3.870000e+02	1.510000e+02	0.000000e+00	1	8.264463e-03
3.990000e+02	1.430000e+02	0.000000e+00	1	8.264463e-03
4.290000e+02	1.310000e+02	0.000000e+00	1	8.264463e-03
3.180000e+02	1.990000e+02	0.000000e+00	1	8.264463e-03
3.360000e+02	1.840000e+02	0.000000e+00	1	8.264463e-03
3.030000e+02	2.110000e+02	0.000000e+00	1	8.264463e-03
3.870000e+02	1.510000e+02	0.000000e+00	1	8.264463e-03
4.130000e+02	1.370000e+02	0.000000e+00	1	8.264463e-03
3.190000e+02	1.970000e+02	0.000000e+00	1	8.264463e-03
3.560000e+02	1.710000e+02	0.000000e+00	1	8.264463e-03
3.950000e+02	1.460000e+02	0.000000e+00	1	8.264463e-03
3.630000e+02	1.670000e+02	0.000000e+00	1	8.264463e-03
2.980000e+02	2.130000e+02	0.000000e+00	1	8.264463e-03
3.340000e+02	1.860000e+02	0.000000e+00	1	8.264463e-03
3.160000e+02	2.010000e+02	0.000000e+00	1	8.264463e-03
4.110000e+02	1.390000e+02	0.000000e+00	1	8.264463e-03
3.660000e+02	1.650000e+02	0.000000e+00	1	8.264463e-03
2.700000e+02	2.390000e+02	0.000000e+00	1	8.264463e-03
4.130000e+02	1.370000e+02	0.000000e+00	1	8.264463e-03
4.170000e+02	1.350000e+02	0.000000e+00	1	8.264463e-03
3.330000e+02	1.870000e+02	0.000000e+00	1	8.264463e-03
3.780000e+02	1.570000e+02	0.000000e+00	1	8.264463e-03
4.270000e+02	1.330000e+02	0.000000e+00	1	8.264463e-03
3.320000e+02	1.890000e+02	0.000000e+00	1	8.264463e-03
3.410000e+02	1.820000e+02	0.000000e+00	1	8.264463e-03
2.710000e+02	2.370000e+02	0.000000e+00	1	8.264463e-03
3.980000e+02	1.440000e+02	0.000000e+00	1	8.264463e-03
3.590000e+02	1.690000e+02	0.000000e+00	1	8.264463e-03
4.020000e+02	1.410000e+02	0.000000e+00	1	8.264463e-03
2.980000e+02	2.130000e+02	0.000000e+00	1	8.264463e-03
3.180000e+02	1.990000e+02	0.000000e+00	1	8.264463e-03
3.430000e+02	1.800000e+02	0.000000e+00	1	8.264463e-03
3.040000e+02	2.100000e+02	0.000000e+00	1	7.005795e-03
3.070000e+02	2.080000e+02	0.000000e+00	1	7.005795e-03
3.700000e+02	1.620000e+02	0.000000e+00	1	7.005795e-03
3.670000e+02	1.640000e+02	0.000000e+00	1	7.005795e-03
2.710000e+02	2.370000e+02	0.000000e+00	1	7.005795e-03
2.970000e+02	2.150000e+02	0.000000e+00	1	7.005795e-03
3.730000e+02	1.610000e+02	0.000000e+00	1	7.005795e-03
2.720000e+02	2.360000e+02	0.000000e+00	1	7.005795e-03
3.180000e+02	1.990000e+02	0.000000e+00	1	5.747126e-03
3.780000e+02	1.570000e+02	0.000000e+00	1	5.747126e-03
3.340000e+02	1.860000e+02	0.000000e+00	1	5.747126e-03
3.160000e+02	2.010000e+02	0.000000e+00	1	5.747126e-03
2.660000e+02	2.430000e+02	0.000000e+00	1	5.747126e-03
3.430000e+02	1.800000e+02	0.000000e+00	1	5.747126e-03
3.850000e+02	1.530000e+02	0.000000e+00	1	5.747126e-03
3.590000e+02	1.690000e+02	0.000000e+00	1	5.747126e-03
3.610000e+02	1.680000e+02	0.000000e+00	1	5.747126e-03
3.940000e+02	1.470000e+02	0.000000e+00	1	5.747126e-03
2.720000e+02	2.360000e+02	0.000000e+00	1	5.747126e-03
3.800000e+02	1.560000e+02	0.000000e+00	1	5.747126e-03
2.700000e+02	2.390000e+02	0.000000e+00	1	5.747126e-03
4.270000e+02	1.330000e+02	0.000000e+00	1	5.747126e-03
3.870000e+02	1.510000e+02	0.000000e+00	1	5.747126e-03
3.050000e+02	2.090000e+02	0.000000e+00	1	5.747126e-03
3.090000e+02	2.060000e+02	0.000000e+00	1	5.747126e-03
2.550000e+02	2.520000e+02	0.000000e+00	1	5.747126e-03
3.160000e+02	2.010000e+02	0.000000e+00	1	5.747126e-03
2.840000e+02	2.270000e+02	0.000000e+00	1	5.747126e-03
3.110000e+02	2.030000e+02	0.000000e+00	1	5.747126e-03
3.870000e+02	1.510000e+02	0.000000e+00	1	5.747126e-03
3.360000e+02	1.840000e+02	0.000000e+00	1	5.747126e-03
2.570000e+02	2.490000e+02	0.000000e+00	1	5.747126e-03
3.820000e+02	1.550000e+02	0.000000e+00	1	5.747126e-03
3.320000e+02	1.890000e+02	0.000000e+00	1	5.747126e-03
3.300000e+02	1.900000e+02	0.000000e+00	1	5.747126e-03
4.110000e+02	1.390000e+02	0.000000e+00	1	5.747126e-03
2.680000e+02	2.400000e+02	0.000000e+00	1	5.747126e-03
3.410000e+02	1.820000e+02	0.000000e+00	1	5.747126e-03
4.130000e+02	1.370000e+02	0.000000e+00	1	5.747126e-03
2.860000e+02	2.260000e+02	0.000000e+00	1	5.747126e-03
4.170000e+02	1.350000e+02	0.000000e+00	1	4.132231e-03
2.720000e+02	2.360000e+02	0.000000e+00	1	4.132231e-03
3.050000e+02	2.090000e+02	0.000000e+00	1	4.132231e-03
3.740000e+02	1.600000e+02	0.000000e+00	1	4.132231e-03
3.800000e+02	1.560000e+02	0.000000e+00	1	4.132231e-03
4.270000e+02	1.330000e+02	0.000000e+00	1	4.132231e-03
3.400000e+02	1.830000e+02	0.000000e+00	1	4.132231e-03
3.160000e+02	2.010000e+02	0.000000e+00	1	4.132231e-03
2.700000e+02	2.390000e+02	0.000000e+00	1	4.132231e-03
3.690000e+02	1.630000e+02	0.000000e+00	1	4.132231e-03
3.740000e+02	1.600000e+02	0.000000e+00	1	4.132231e-03
3.410000e+02	1.820000e+02	0.000000e+00	1	4.132231e-03
3.770000e+02	1.590000e+02	0.000000e+00	1	4.132231e-03
2.740000e+02	2.350000e+02	0.000000e+00	1	4.132231e-03
3.780000e+02	1.570000e+02	0.000000e+00	1	4.132231e-03
3.300000e+02	1.900000e+02	0.000000e+00	1	4.132231e-03
3.590000e+02	1.690000e+02	0.000000e+00	1	4.132231e-03
3.840000e+02	1.540000e+02	0.000000e+00	1	4.132231e-03
3.270000e+02	1.910000e+02	0.000000e+00	1	4.132231e-03
3.330000e+02	1.870000e+02	0.000000e+00	1	4.132231e-03
3.300000e+02	1.900000e+02	0.000000e+00	1	4.132231e-03
3.940000e+02	1.470000e+02	0.000000e+00	1	4.132231e-03
3.110000e+02	2.030000e+02	0.000000e+00	1	4.132231e-03
3.850000e+02	1.530000e+02	0.000000e+00	1	4.132231e-03
3.980000e+02	1.440000e+02	0.000000e+00	1	4.132231e-03
3.490000e+02	1.750000e+02	0.000000e+00	1	4.132231e-03
3.030000e+02	2.110000e+02	0.000000e+00	1	4.132231e-03
3.260000e+02	1.920000e+02	0.000000e+00	1	4.132231e-03
2.860000e+02	2.260000e+02	0.000000e+00	1	4.132231e-03
3.080000e+02	2.070000e+02	0.000000e+00	1	4.132231e-03
3.660000e+02	1.650000e+02	0.000000e+00	1	4.132231e-03
3.820000e+02	1.550000e+02	0.000000e+00	1	4.132231e-03
2.840000e+02	2.270000e+02	0.000000e+00	1	4.132231e-03
3.990000e+02	1.430000e+02	0.000000e+00	1	4.132231e-03
3.360000e+02	1.840000e+02	0.000000e+00	1	4.132231e-03
3.320000e+02	1.890000e+02	0.000000e+00	1	4.132231e-03
3.340000e+02	1.860000e+02	0.000000e+00	1	4.132231e-03
3.530000e+02	1.740000e+02	0.000000e+00	1	4.132231e-03
3.400000e+02	1.830000e+02	0.000000e+00	1	4.132231e-03
3.140000e+02	2.020000e+02	0.000000e+00	1	4.132231e-03
3.080000e+02	2.070000e+02	0.000000e+00	1	4.132231e-03
3.090000e+02	2.060000e+02	0.000000e+00	1	4.132231e-03
3.050000e+02	2.090000e+02	0.000000e+00	1	4.132231e-03
3.040000e+02	2.100000e+02	0.000000e+00	1	4.132231e-03
3.610000e+02	1.680000e+02	0.000000e+00	1	4.132231e-03
3.950000e+02	1.460000e+02	0.000000e+00	1	4.132231e-03
4.220000e+02	1.340000e+02	0.000000e+00	1	4.132231e-03
3.940000e+02	1.470000e+02	0.000000e+00	1	4.132231e-03
3.730000e+02	1.610000e+02	0.000000e+00	1	4.132231e-03
3.180000e+02	1.990000e+02	0.000000e+00	1	2.873563e-03
3.990000e+02	1.430000e+02	0.000000e+00	1	2.873563e-03
3.400000e+02	1.830000e+02	0.000000e+00	1	2.873563e-03
3.770000e+02	1.590000e+02	0.000000e+00	1	2.873563e-03
3.270000e+02	1.910000e+02	0.000000e+00	1	2.873563e-03
3.980000e+02	1.440000e+02	0.000000e+00	1	2.873563e-03
3.320000e+02	1.890000e+02	0.000000e+00	1	2.873563e-03
3.840000e+02	1.540000e+02	0.000000e+00	1	2.873563e-03
3.260000e+02	1.920000e+02	0.000000e+00	1	2.873563e-03
2.710000e+02	2.370000e+02	0.000000e+00	1	2.873563e-03
3.330000e+02	1.870000e+02	0.000000e+00	1	2.873563e-03
3.940000e+02	1.470000e+02	0.000000e+00	1	2.873563e-03
3.850000e+02	1.530000e+02	0.000000e+00	1	2.873563e-03
3.090000e+02	2.060000e+02	0.000000e+00	1	2.873563e-03
3.780000e+02	1.570000e+02	0.000000e+00	1	2.873563e-03
3.050000e+02	2.090000e+02	0.000000e+00	1	2.873563e-03
3.030000e+02	2.110000e+02	0.000000e+00	1	2.873563e-03
2.870000e+02	2.210000e+02	0.000000e+00	1	2.873563e-03
3.040000e+02	2.100000e+02	0.000000e+00	1	2.873563e-03
2.750000e+02	2.330000e+02	0.000000e+00	1	2.873563e-03
2.860000e+02	2.260000e+02	0.000000e+00	1	2.873563e-03
3.080000e+02	2.070000e+02	0.000000e+00	1	2.873563e-03
3.660000e+02	1.650000e+02	0.000000e+00	1	2.873563e-03
3.410000e+02	1.820000e+02	0.000000e+00	1	2.873563e-03
3.330000e+02	1.870000e+02	0.000000e+00	1	2.873563e-03
2.700000e+02	2.390000e+02	0.000000e+00	1	2.873563e-03
3.080000e+02	2.070000e+02	0.000000e+00	1	2.873563e-03
3.340000e+02	1.860000e+02	0.000000e+00	1	2.873563e-03
3.950000e+02	1.460000e+02	0.000000e+00	1	2.873563e-03
3.690000e+02	1.630000e+02	0.000000e+00	1	2.873563e-03
2.740000e+02	2.350000e+02	0.000000e+00	1	2.873563e-03
3.740000e+02	1.600000e+02	0.000000e+00	1	2.873563e-03
2.980000e+02	2.130000e+02	0.000000e+00	1	2.873563e-03
3.490000e+02	1.750000e+02	0.000000e+00	1	0.000000e+00
3.230000e+02	1.930000e+02	0.000000e+00	1	0.000000e+00
3.560000e+02	1.710000e+02	0.000000e+00	1	0.000000e+00
3.920000e+02	1.480000e+02	0.000000e+00	1	0.000000e+00
2.910000e+02	2.180000e+02	0.000000e+00	1	0.000000e+00
2.980000e+02	2.130000e+02	0.000000e+00	1	0.000000e+00
2.570000e+02	2.490000e+02	0.000000e+00	1	0.000000e+00
3.360000e+02	1.840000e+02	0.000000e+00	1	0.000000e+00
2.550000e+02	2.520000e+02	0.000000e+00	1	0.000000e+00
3.490000e+02	1.750000e+02	0.000000e+00	1	0.000000e+00
3.490000e+02	1.750000e+02	0.000000e+00	1	0.000000e+00
3.460000e+02	1.780000e+02	0.000000e+00	1	0.000000e+00
3.490000e+02	1.750000e+02	0.000000e+00	1	0.000000e+00
3.070000e+02	2.080000e+02	0.000000e+00	1	0.000000e+00
3.560000e+02	1.710000e+02	0.000000e+00	1	0.000000e+00
3.730000e+02	1.610000e+02	0.000000e+00	1	0.000000e+00
2.980000e+02	2.130000e+02	0.000000e+00	1	0.000000e+00
2.680000e+02	2.400000e+02	0.000000e+00	1	0.000000e+00
3.490000e+02	1.750000e+02	0.000000e+00	1	0.000000e+00
3.990000e+02	1.430000e+02	0.000000e+00	1	0.000000e+00
3.160000e+02	2.010000e+02	0.000000e+00	1	0.000000e+00
3.300000e+02	1.900000e+02	0.000000e+00	1	0.000000e+00
3.530000e+02	1.740000e+02	0.000000e+00	1	0.000000e+00
3.490000e+02	1.750000e+02	0.000000e+00	1	0.000000e+00
3.800000e+02	1.560000e+02	0.000000e+00	1	0.000000e+00
3.260000e+02	1.920000e+02	0.000000e+00	1	0.000000e+00
3.300000e+02	1.900000e+02	0.000000e+00	1	0.000000e+00
3.560000e+02	1.710000e+02	0.000000e+00	1	0.000000e+00
3.400000e+02	1.830000e+02	0.000000e+00	1	0.000000e+00
3.490000e+02	1.750000e+02	0.000000e+00	1	0.000000e+00
3.340000e+02	1.860000e+02	0.000000e+00	1	0.000000e+00
3.590000e+02	1.690000e+02	0.000000e+00	1	0.000000e+00
3.460000e+02	1.780000e+02	0.000000e+00	1	0.000000e+00
3.260000e+02	1.920000e+02	0.000000e+00	1	0.000000e+00
3.800000e+02	1.560000e+02	0.000000e+00	1	0.000000e+00
2.870000e+02	2.210000e+02	0.000000e+00	1	0.000000e+00
3.590000e+02	1.690000e+02	0.000000e+00	1	0.000000e+00
3.670000e+02	1.640000e+02	0.000000e+00	1	0.000000e+00
3.300000e+02	1.900000e+02	0.000000e+00	1	0.000000e+00
3.300000e+02	1.900000e+02	0.000000e+00	1	0.000000e+00
2.680000e+02	2.400000e+02	0.000000e+00	1	0.000000e+00
2.700000e+02	2.390000e+02	0.000000e+00	1	0.000000e+00
3.560000e+02	1.710000e+02	0.000000e+00	1	0.000000e+00
3.560000e+02	1.710000e+02	0.000000e+00	1	0.000000e+00
3.890000e+02	1.490000e+02	0.000000e+00	1	0.000000e+00
3.490000e+02	1.750000e+02	0.000000e+00	1	0.000000e+00
2.700000e+02	2.390000e+02	0.000000e+00	1	0.000000e+00
3.090000e+02	2.060000e+02	0.000000e+00	1	0.000000e+00
2.800000e+02	2.300000e+02	0.000000e+00	1	0.000000e+00
3.340000e+02	1.860000e+02	0.000000e+00	1	0.000000e+00
3.490000e+02	1.750000e+02	0.000000e+00	1	0.000000e+00
3.490000e+02	1.750000e+02	0.000000e+00	1	0.000000e+00
3.110000e+02	2.030000e+02	0.000000e+00	1	0.000000e+00
3.840000e+02	1.540000e+02	0.000000e+00	1	0.000000e+00
3.090000e+02	2.060000e+02	0.000000e+00	1	0.000000e+00
3.530000e+02	1.740000e+02	0.000000e+00	1	0.000000e+00
3.560000e+02	1.710000e+02	0.000000e+00	1	0.000000e+00
3.950000e+02	1.460000e+02	0.000000e+00	1	0.000000e+00
3.490000e+02	1.750000e+02	0.000000e+00	1	0.000000e+00
3.490000e+02	1.750000e+02	0.000000e+00	1	0.000000e+00
3.780000e+02	1.570000e+02	0.000000e+00	1	0.000000e+00
3.590000e+02	1.690000e+02	0.000000e+00	1	0.000000e+00
3.080000e+02	2.070000e+02	0.000000e+00	1	0.000000e+00
3.490000e+02	1.750000e+02	0.000000e+00	1	0.000000e+00
3.490000e+02	1.750000e+02	0.000000e+00	1	0.000000e+00
3.160000e+02	2.010000e+02	0.000000e+00	1	0.000000e+00
3.530000e+02	1.740000e+02	0.000000e+00	1	0.000000e+00
3.560000e+02	1.710000e+02	0.000000e+00	1	0.000000e+00
2.870000e+02	2.210000e+02	0.000000e+00	1	0.000000e+00
3.820000e+02	1.550000e+02	0.000000e+00	1	0.000000e+00
3.560000e+02	1.710000e+02	0.000000e+00	1	0.000000e+00
3.340000e+02	1.860000e+02	0.000000e+00	1	0.000000e+00
3.360000e+02	1.840000e+02	0.000000e+00	1	0.000000e+00
3.270000e+02	1.910000e+02	0.000000e+00	1	0.000000e+00
3.260000e+02	1.920000e+02	0.000000e+00	1	0.000000e+00
3.490000e+02	1.750000e+02	0.000000e+00	1	0.000000e+00
3.490000e+02	1.750000e+02	0.000000e+00	1	0.000000e+00
3.400000e+02	1.830000e+02	0.000000e+00	1	0.000000e+00
3.560000e+02	1.710000e+02	0.000000e+00	1	0.000000e+00
3.590000e+02	1.690000e+02	0.000000e+00	1	0.000000e+00
2.870000e+02	2.210000e+02	0.000000e+00	1	0.000000e+00
3.490000e+02	1.750000e+02	0.000000e+00	1	0.000000e+00
3.590000e+02	1.690000e+02	0.000000e+00	1	0.000000e+00
3.850000e+02	1.530000e+02	0.000000e+00	1	0.000000e+00
3.230000e+02	1.930000e+02	0.000000e+00	1	0.000000e+00
3.160000e+02	2.010000e+02	0.000000e+00	1	0.000000e+00
2.740000e+02	2.350000e+02	0.000000e+00	1	0.000000e+00
3.230000e+02	1.930000e+02	0.000000e+00	1	0.000000e+00
4.270000e+02	1.330000e+02	0.000000e+00	1	0.000000e+00
2.570000e+02	2.490000e+02	0.000000e+00	1	0.000000e+00
3.590000e+02	1.690000e+02	0.000000e+00	1	0.000000e+00
3.300000e+02	1.900000e+02	0.000000e+00	1	0.000000e+00
3.320000e+02	1.890000e+02	0.000000e+00	1	0.000000e+00
2.840000e+02	2.270000e+02	0.000000e+00	1	0.000000e+00
3.360000e+02	1.840000e+02	0.000000e+00	1	0.000000e+00
3.190000e+02	1.970000e+02	0.000000e+00	1	0.000000e+00
3.140000e+02	2.020000e+02	0.000000e+00	1	0.000000e+00
4.270000e+02	1.330000e+02	0.000000e+00	1	0.000000e+00
3.530000e+02	1.740000e+02	0.000000e+00	1	0.000000e+00
3.490000e+02	1.750000e+02	0.000000e+00	1	0.000000e+00
2.870000e+02	2.210000e+02	0.000000e+00	1	0.000000e+00
3.630000e+02	1.670000e+02	0.000000e+00	1	0.000000e+00
3.740000e+02	1.600000e+02	0.000000e+00	1	0.000000e+00
3.490000e+02	1.750000e+02	0.000000e+00	1	0.000000e+00
3.530000e+02	1.740000e+02	0.000000e+00	1	0.000000e+00
3.560000e+02	1.710000e+02	0.000000e+00	1	0.000000e+00
3.140000e+02	2.020000e+02	0.000000e+00	1	0.000000e+00
3.890000e+02	1.490000e+02	0.000000e+00	1	0.000000e+00
3.590000e+02	1.690000e+02	0.000000e+00	1	0.000000e+00
3.730000e+02	1.610000e+02	0.000000e+00	1	0.000000e+00
3.490000e+02	1.750000e+02	0.000000e+00	1	0.000000e+00
3.320000e+02	1.890000e+02	0.000000e+00	1	0.000000e+00
3.330000e+02	1.870000e+02	0.000000e+00	1	0.000000e+00
3.950000e+02	1.460000e+02	0.000000e+00	1	0.000000e+00
3.340000e+02	1.860000e+02	0.000000e+00	1	0.000000e+00
3.850000e+02	1.530000e+02	0.000000e+00	1	0.000000e+00
3.490000e+02	1.750000e+02	0.000000e+00	1	0.000000e+00
3.330000e+02	1.870000e+02	0.000000e+00	1	0.000000e+00
3.530000e+02	1.740000e+02	0.000000e+00	1	0.000000e+00
3.360000e+02	1.840000e+02	0.000000e+00	1	0.000000e+00
3.490000e+02	1.750000e+02	0.000000e+00	1	0.000000e+00
3.840000e+02	1.540000e+02	0.000000e+00	1	0.000000e+00
3.400000e+02	1.830000e+02	0.000000e+00	1	0.000000e+00
4.110000e+02	1.390000e+02	0.000000e+00	1	0.000000e+00
3.490000e+02	1.750000e+02	0.000000e+00	1	0.000000e+00
3.560000e+02	1.710000e+02	0.000000e+00	1	0.000000e+00
2.870000e+02	2.210000e+02	0.000000e+00	1	0.000000e+00
2.980000e+02	2.130000e+02	0.000000e+00	1	0.000000e+00
3.530000e+02	1.740000e+02	0.000000e+00	1	0.000000e+00
3.590000e+02	1.690000e+02	0.000000e+00	1	0.000000e+00
3.490000e+02	1.750000e+02	0.000000e+00	1	0.000000e+00
3.610000e+02	1.680000e+02	0.000000e+00	1	0.000000e+00
3.140000e+02	2.020000e+02	0.000000e+00	1	0.000000e+00
3.140000e+02	2.020000e+02	0.000000e+00	1	0.000000e+00
3.490000e+02	1.750000e+02	0.000000e+00	1	0.000000e+00
3.590000e+02	1.690000e+02	0.000000e+00	1	0.000000e+00
3.590000e+02	1.690000e+02	0.000000e+00	1	0.000000e+00
3.560000e+02	1.710000e+02	0.000000e+00	1	0.000000e+00
3.490000e+02	1.750000e+02	0.000000e+00	1	0.000000e+00
3.490000e+02	1.750000e+02	0.000000e+00	1	0.000000e+00
3.340000e+02	1.860000e+02	0.000000e+00	1	0.000000e+00
3.410000e+02	1.820000e+02	0.000000e+00	1	0.000000e+00
3.490000e+02	1.750000e+02	0.000000e+00	1	0.000000e+00
3.400000e+02	1.830000e+02	0.000000e+00	1	0.000000e+00
3.490000e+02	1.750000e+02	0.000000e+00	1	0.000000e+00
3.490000e+02	1.750000e+02	0.000000e+00	1	0.000000e+00
2.680000e+02	2.400000e+02	0.000000e+00	1	0.000000e+00
2.870000e+02	2.210000e+02	0.000000e+00	1	0.000000e+00
3.140000e+02	2.020000e+02	0.000000e+00	1	0.000000e+00
3.940000e+02	1.470000e+02	0.000000e+00	1	0.000000e+00
3.490000e+02	1.750000e+02	0.000000e+00	1	0.000000e+00
3.490000e+02	1.750000e+02	0.000000e+00	1	0.000000e+00
4.270000e+02	1.330000e+02	0.000000e+00	1	0.000000e+00
3.560000e+02	1.710000e+02	0.000000e+00	1	0.000000e+00
3.400000e+02	1.830000e+02	0.000000e+00	1	0.000000e+00
3.400000e+02	1.830000e+02	0.000000e+00	1	0.000000e+00
2.910000e+02	2.180000e+02	0.000000e+00	1	0.000000e+00
4.130000e+02	1.370000e+02	0.000000e+00	1	0.000000e+00
3.490000e+02	1.750000e+02	0.000000e+00	1	0.000000e+00
4.220000e+02	1.340000e+02	0.000000e+00	1	0.000000e+00
3.490000e+02	1.750000e+02	0.000000e+00	1	0.000000e+00
3.840000e+02	1.540000e+02	0.000000e+00	1	0.000000e+00
4.130000e+02	1.370000e+02	0.000000e+00	1	0.000000e+00
3.530000e+02	1.740000e+02	0.000000e+00	1	0.000000e+00
3.260000e+02	1.920000e+02	0.000000e+00	1	0.000000e+00
3.590000e+02	1.690000e+02	0.000000e+00	1	0.000000e+00
3.660000e+02	1.650000e+02	0.000000e+00	1	0.000000e+00
3.630000e+02	1.670000e+02	0.000000e+00	1	0.000000e+00
3.560000e+02	1.710000e+02	0.000000e+00	1	0.000000e+00
3.110000e+02	2.030000e+02	0.000000e+00	1	0.000000e+00
2.870000e+02	2.210000e+02	0.000000e+00	1	0.000000e+00
3.490000e+02	1.750000e+02	0.000000e+00	1	0.000000e+00
3.590000e+02	1.690000e+02	0.000000e+00	1	0.000000e+00
3.490000e+02	1.750000e+02	0.000000e+00	1	0.000000e+00
3.360000e+02	1.840000e+02	0.000000e+00	1	0.000000e+00
3.560000e+02	1.710000e+02	0.000000e+00	1	0.000000e+00
3.300000e+02	1.900000e+02	0.000000e+00	1	0.000000e+00
3.430000e+02	1.800000e+02	0.000000e+00	1	0.000000e+00
2.550000e+02	2.520000e+02	0.000000e+00	1	0.000000e+00
3.300000e+02	1.900000e+02	0.000000e+00	1	0.000000e+00
3.530000e+02	1.740000e+02	0.000000e+00	1	0.000000e+00
2.870000e+02	2.210000e+02	0.000000e+00	1	0.000000e+00
3.260000e+02	1.920000e+02	0.000000e+00	1	0.000000e+00
3.740000e+02	1.600000e+02	0.000000e+00	1	0.000000e+00
3.590000e+02	1.690000e+02	0.000000e+00	1	0.000000e+00
3.190000e+02	1.970000e+02	0.000000e+00	1	0.000000e+00
3.430000e+02	1.800000e+02	0.000000e+00	1	0.000000e+00
2.860000e+02	2.260000e+02	0.000000e+00	1	0.000000e+00
3.490000e+02	1.750000e+02	0.000000e+00	1	0.000000e+00
3.530000e+02	1.740000e+02	0.000000e+00	1	0.000000e+00
3.560000e+02	1.710000e+02	0.000000e+00	1	0.000000e+00
3.030000e+02	2.110000e+02	0.000000e+00	1	0.000000e+00
3.410000e+02	1.820000e+02	0.000000e+00	1	0.000000e+00
3.950000e+02	1.460000e+02	0.000000e+00	1	0.000000e+00
3.530000e+02	1.740000e+02	0.000000e+00	1	0.000000e+00
3.590000e+02	1.690000e+02	0.000000e+00	1	0.000000e+00
3.140000e+02	2.020000e+02	0.000000e+00	1	0.000000e+00
3.360000e+02	1.840000e+02	0.000000e+00	1	0.000000e+00
3.660000e+02	1.650000e+02	0.000000e+00	1	0.000000e+00
3.660000e+02	1.650000e+02	0.000000e+00	1	0.000000e+00
3.090000e+02	2.060000e+02	0.000000e+00	1	0.000000e+00
2.910000e+02	2.180000e+02	0.000000e+00	1	0.000000e+00
3.490000e+02	1.750000e+02	0.000000e+00	1	0.000000e+00
3.490000e+02	1.750000e+02	0.000000e+00	1	0.000000e+00
3.190000e+02	1.970000e+02	0.000000e+00	1	0.000000e+00
3.560000e+02	1.710000e+02	0.000000e+00	1	0.000000e+00
3.360000e+02	1.840000e+02	0.000000e+00	1	0.000000e+00
3.530000e+02	1.740000e+02	0.000000e+00	1	0.000000e+00
3.660000e+02	1.650000e+02	0.000000e+00	1	0.000000e+00
3.300000e+02	1.900000e+02	0.000000e+00	1	0.000000e+00
3.490000e+02	1.750000e+02	0.000000e+00	1	0.000000e+00
3.590000e+02	1.690000e+02	0.000000e+00	1	0.000000e+00
3.080000e+02	2.070000e+02	0.000000e+00	1	0.000000e+00
3.490000e+02	1.750000e+02	0.000000e+00	1	0.000000e+00
3.260000e+02	1.920000e+02	0.000000e+00	1	0.000000e+00
3.330000e+02	1.870000e+02	0.000000e+00	1	0.000000e+00
2.870000e+02	2.210000e+02	0.000000e+00	1	0.000000e+00
3.490000e+02	1.750000e+02	0.000000e+00	1	0.000000e+00
4.130000e+02	1.370000e+02	0.000000e+00	1	0.000000e+00
3.330000e+02	1.870000e+02	0.000000e+00	1	0.000000e+00
4.130000e+02	1.370000e+02	0.000000e+00	1	0.000000e+00
2.800000e+02	2.300000e+02	0.000000e+00	1	0.000000e+00
3.490000e+02	1.750000e+02	0.000000e+00	1	0.000000e+00
3.490000e+02	1.750000e+02	0.000000e+00	1	0.000000e+00
3.560000e+02	1.710000e+02	0.000000e+00	1	0.000000e+00
3.110000e+02	2.030000e+02	0.000000e+00	1	0.000000e+00
2.870000e+02	2.210000e+02	0.000000e+00	1	0.000000e+00
2.710000e+02	2.370000e+02	0.000000e+00	1	0.000000e+00
3.430000e+02	1.800000e+02	0.000000e+00	1	0.000000e+00
3.490000e+02	1.750000e+02	0.000000e+00	1	0.000000e+00
3.870000e+02	1.510000e+02	0.000000e+00	1	0.000000e+00
3.460000e+02	1.780000e+02	0.000000e+00	1	0.000000e+00
3.410000e+02	1.820000e+02	0.000000e+00	1	0.000000e+00
3.260000e+02	1.920000e+02	0.000000e+00	1	0.000000e+00
2.590000e+02	2.460000e+02	0.000000e+00	1	0.000000e+00
3.560000e+02	1.710000e+02	0.000000e+00	1	0.000000e+00
4.170000e+02	1.350000e+02	0.000000e+00	1	0.000000e+00
3.230000e+02	1.930000e+02	0.000000e+00	1	0.000000e+00
3.820000e+02	1.550000e+02	0.000000e+00	1	0.000000e+00
3.530000e+02	1.740000e+02	0.000000e+00	1	0.000000e+00
3.030000e+02	2.110000e+02	0.000000e+00	1	0.000000e+00
3.560000e+02	1.710000e+02	0.000000e+00	1	0.000000e+00
3.940000e+02	1.470000e+02	0.000000e+00	1	0.000000e+00
3.140000e+02	2.020000e+02	0.000000e+00	1	0.000000e+00
2.750000e+02	2.330000e+02	0.000000e+00	1	0.000000e+00
3.360000e+02	1.840000e+02	0.000000e+00	1	0.000000e+00
2.980000e+02	2.130000e+02	0.000000e+00	1	0.000000e+00
3.490000e+02	1.750000e+02	0.000000e+00	1	0.000000e+00
3.300000e+02	1.900000e+02	0.000000e+00	1	0.000000e+00
4.170000e+02	1.350000e+02	0.000000e+00	1	0.000000e+00
3.490000e+02	1.750000e+02	0.000000e+00	1	0.000000e+00
3.800000e+02	1.560000e+02	0.000000e+00	1	0.000000e+00
3.590000e+02	1.690000e+02	0.000000e+00	1	0.000000e+00
3.670000e+02	1.640000e+02	0.000000e+00	1	0.000000e+00
3.660000e+02	1.650000e+02	0.000000e+00	1	0.000000e+00
Total execution time: 294.099
