# This file contains the data of final feasible population (if found)
# of objectives = 2, # of constraints = 0, # of real_var = 0, # of bits of bin_var = 0, constr_violation, rank, crowding_distance
2.650000e+02	2.460000e+02	0.000000e+00	1	1.000000e+14
4.200000e+02	1.310000e+02	0.000000e+00	1	1.000000e+14
2.900000e+02	2.210000e+02	0.000000e+00	1	2.173913e-02
2.700000e+02	2.410000e+02	0.000000e+00	1	2.173913e-02
2.880000e+02	2.260000e+02	0.000000e+00	1	2.173913e-02
2.830000e+02	2.300000e+02	0.000000e+00	1	2.159888e-02
2.790000e+02	2.320000e+02	0.000000e+00	1	2.159888e-02
3.330000e+02	1.890000e+02	0.000000e+00	1	1.949509e-02
3.620000e+02	1.680000e+02	0.000000e+00	1	1.725105e-02
3.660000e+02	1.670000e+02	0.000000e+00	1	1.725105e-02
2.700000e+02	2.410000e+02	0.000000e+00	1	1.612903e-02
2.650000e+02	2.460000e+02	0.000000e+00	1	1.612903e-02
4.140000e+02	1.360000e+02	0.000000e+00	1	1.612903e-02
4.090000e+02	1.380000e+02	0.000000e+00	1	1.612903e-02
3.760000e+02	1.600000e+02	0.000000e+00	1	1.514727e-02
2.830000e+02	2.300000e+02	0.000000e+00	1	1.514727e-02
2.990000e+02	2.160000e+02	0.000000e+00	1	1.514727e-02
3.250000e+02	1.960000e+02	0.000000e+00	1	1.514727e-02
3.270000e+02	1.940000e+02	0.000000e+00	1	1.514727e-02
3.980000e+02	1.460000e+02	0.000000e+00	1	1.402525e-02
3.410000e+02	1.840000e+02	0.000000e+00	1	1.402525e-02
3.780000e+02	1.590000e+02	0.000000e+00	1	1.402525e-02
4.010000e+02	1.450000e+02	0.000000e+00	1	1.402525e-02
3.730000e+02	1.630000e+02	0.000000e+00	1	1.402525e-02
3.570000e+02	1.730000e+02	0.000000e+00	1	1.402525e-02
4.060000e+02	1.400000e+02	0.000000e+00	1	1.402525e-02
3.930000e+02	1.500000e+02	0.000000e+00	1	1.402525e-02
3.230000e+02	1.990000e+02	0.000000e+00	1	1.304348e-02
3.310000e+02	1.920000e+02	0.000000e+00	1	1.304348e-02
3.250000e+02	1.960000e+02	0.000000e+00	1	1.304348e-02
3.070000e+02	2.100000e+02	0.000000e+00	1	1.290323e-02
3.110000e+02	2.080000e+02	0.000000e+00	1	1.290323e-02
3.370000e+02	1.870000e+02	0.000000e+00	1	1.290323e-02
3.330000e+02	1.890000e+02	0.000000e+00	1	1.290323e-02
3.440000e+02	1.830000e+02	0.000000e+00	1	1.192146e-02
3.610000e+02	1.700000e+02	0.000000e+00	1	1.192146e-02
3.070000e+02	2.100000e+02	0.000000e+00	1	1.192146e-02
3.620000e+02	1.680000e+02	0.000000e+00	1	1.192146e-02
3.600000e+02	1.720000e+02	0.000000e+00	1	1.192146e-02
2.720000e+02	2.390000e+02	0.000000e+00	1	1.192146e-02
2.780000e+02	2.340000e+02	0.000000e+00	1	1.192146e-02
3.570000e+02	1.730000e+02	0.000000e+00	1	1.079944e-02
2.900000e+02	2.210000e+02	0.000000e+00	1	1.079944e-02
3.850000e+02	1.540000e+02	0.000000e+00	1	1.079944e-02
3.180000e+02	2.020000e+02	0.000000e+00	1	1.079944e-02
3.200000e+02	2.010000e+02	0.000000e+00	1	1.079944e-02
3.480000e+02	1.790000e+02	0.000000e+00	1	1.079944e-02
3.480000e+02	1.790000e+02	0.000000e+00	1	1.079944e-02
2.990000e+02	2.160000e+02	0.000000e+00	1	1.079944e-02
2.940000e+02	2.190000e+02	0.000000e+00	1	1.079944e-02
2.850000e+02	2.280000e+02	0.000000e+00	1	1.079944e-02
2.870000e+02	2.270000e+02	0.000000e+00	1	1.079944e-02
4.160000e+02	1.340000e+02	0.000000e+00	1	1.079944e-02
3.290000e+02	1.930000e+02	0.000000e+00	1	1.079944e-02
3.780000e+02	1.590000e+02	0.000000e+00	1	1.079944e-02
3.030000e+02	2.130000e+02	0.000000e+00	1	1.079944e-02
4.200000e+02	1.310000e+02	0.000000e+00	1	9.677419e-03
3.130000e+02	2.050000e+02	0.000000e+00	1	9.677419e-03
3.600000e+02	1.720000e+02	0.000000e+00	1	9.677419e-03
3.700000e+02	1.640000e+02	0.000000e+00	1	9.677419e-03
4.090000e+02	1.380000e+02	0.000000e+00	1	9.677419e-03
3.510000e+02	1.760000e+02	0.000000e+00	1	9.677419e-03
4.170000e+02	1.330000e+02	0.000000e+00	1	9.677419e-03
3.810000e+02	1.580000e+02	0.000000e+00	1	9.677419e-03
3.380000e+02	1.850000e+02	0.000000e+00	1	9.677419e-03
3.540000e+02	1.750000e+02	0.000000e+00	1	9.677419e-03
3.440000e+02	1.830000e+02	0.000000e+00	1	9.677419e-03
2.970000e+02	2.180000e+02	0.000000e+00	1	9.677419e-03
3.410000e+02	1.840000e+02	0.000000e+00	1	9.677419e-03
3.160000e+02	2.030000e+02	0.000000e+00	1	9.677419e-03
3.900000e+02	1.510000e+02	0.000000e+00	1	9.677419e-03
2.940000e+02	2.190000e+02	0.000000e+00	1	9.677419e-03
2.760000e+02	2.360000e+02	0.000000e+00	1	8.695652e-03
4.140000e+02	1.360000e+02	0.000000e+00	1	8.695652e-03
3.370000e+02	1.870000e+02	0.000000e+00	1	8.695652e-03
4.010000e+02	1.450000e+02	0.000000e+00	1	8.695652e-03
4.140000e+02	1.360000e+02	0.000000e+00	1	8.695652e-03
2.780000e+02	2.340000e+02	0.000000e+00	1	8.695652e-03
2.790000e+02	2.320000e+02	0.000000e+00	1	8.695652e-03
3.960000e+02	1.470000e+02	0.000000e+00	1	8.695652e-03
3.160000e+02	2.030000e+02	0.000000e+00	1	8.695652e-03
3.610000e+02	1.700000e+02	0.000000e+00	1	8.695652e-03
2.850000e+02	2.280000e+02	0.000000e+00	1	8.695652e-03
4.090000e+02	1.380000e+02	0.000000e+00	1	8.695652e-03
3.940000e+02	1.490000e+02	0.000000e+00	1	8.695652e-03
2.700000e+02	2.410000e+02	0.000000e+00	1	8.695652e-03
4.160000e+02	1.340000e+02	0.000000e+00	1	8.695652e-03
2.970000e+02	2.180000e+02	0.000000e+00	1	8.695652e-03
3.450000e+02	1.810000e+02	0.000000e+00	1	8.695652e-03
3.130000e+02	2.050000e+02	0.000000e+00	1	8.695652e-03
3.130000e+02	2.050000e+02	0.000000e+00	1	8.695652e-03
4.060000e+02	1.400000e+02	0.000000e+00	1	8.695652e-03
4.090000e+02	1.380000e+02	0.000000e+00	1	8.695652e-03
3.110000e+02	2.080000e+02	0.000000e+00	1	8.695652e-03
3.500000e+02	1.780000e+02	0.000000e+00	1	8.695652e-03
3.830000e+02	1.550000e+02	0.000000e+00	1	8.695652e-03
3.380000e+02	1.850000e+02	0.000000e+00	1	8.695652e-03
3.510000e+02	1.760000e+02	0.000000e+00	1	8.695652e-03
4.170000e+02	1.330000e+02	0.000000e+00	1	8.695652e-03
4.200000e+02	1.310000e+02	0.000000e+00	1	8.695652e-03
3.330000e+02	1.890000e+02	0.000000e+00	1	8.695652e-03
4.020000e+02	1.430000e+02	0.000000e+00	1	8.695652e-03
3.370000e+02	1.870000e+02	0.000000e+00	1	8.695652e-03
3.120000e+02	2.070000e+02	0.000000e+00	1	8.695652e-03
3.820000e+02	1.570000e+02	0.000000e+00	1	8.695652e-03
3.740000e+02	1.620000e+02	0.000000e+00	1	8.695652e-03
3.460000e+02	1.800000e+02	0.000000e+00	1	7.573633e-03
4.050000e+02	1.410000e+02	0.000000e+00	1	7.573633e-03
3.880000e+02	1.520000e+02	0.000000e+00	1	7.573633e-03
2.750000e+02	2.370000e+02	0.000000e+00	1	7.573633e-03
3.540000e+02	1.750000e+02	0.000000e+00	1	7.573633e-03
3.730000e+02	1.630000e+02	0.000000e+00	1	7.573633e-03
2.760000e+02	2.360000e+02	0.000000e+00	1	7.573633e-03
3.230000e+02	1.990000e+02	0.000000e+00	1	7.573633e-03
3.010000e+02	2.150000e+02	0.000000e+00	1	7.573633e-03
3.500000e+02	1.780000e+02	0.000000e+00	1	7.573633e-03
3.060000e+02	2.110000e+02	0.000000e+00	1	7.573633e-03
3.690000e+02	1.650000e+02	0.000000e+00	1	6.451613e-03
3.960000e+02	1.470000e+02	0.000000e+00	1	6.451613e-03
2.850000e+02	2.280000e+02	0.000000e+00	1	6.451613e-03
2.880000e+02	2.260000e+02	0.000000e+00	1	6.451613e-03
3.180000e+02	2.020000e+02	0.000000e+00	1	6.451613e-03
3.980000e+02	1.460000e+02	0.000000e+00	1	6.451613e-03
4.140000e+02	1.360000e+02	0.000000e+00	1	6.451613e-03
3.850000e+02	1.540000e+02	0.000000e+00	1	6.451613e-03
4.040000e+02	1.420000e+02	0.000000e+00	1	6.451613e-03
3.250000e+02	1.960000e+02	0.000000e+00	1	6.451613e-03
3.290000e+02	1.930000e+02	0.000000e+00	1	6.451613e-03
4.020000e+02	1.430000e+02	0.000000e+00	1	6.451613e-03
2.700000e+02	2.410000e+02	0.000000e+00	1	6.451613e-03
3.310000e+02	1.920000e+02	0.000000e+00	1	6.451613e-03
3.500000e+02	1.780000e+02	0.000000e+00	1	6.451613e-03
3.830000e+02	1.550000e+02	0.000000e+00	1	6.451613e-03
2.920000e+02	2.200000e+02	0.000000e+00	1	6.451613e-03
3.880000e+02	1.520000e+02	0.000000e+00	1	6.451613e-03
3.160000e+02	2.030000e+02	0.000000e+00	1	6.451613e-03
2.720000e+02	2.390000e+02	0.000000e+00	1	6.451613e-03
3.220000e+02	2.000000e+02	0.000000e+00	1	6.451613e-03
3.460000e+02	1.800000e+02	0.000000e+00	1	6.451613e-03
3.270000e+02	1.940000e+02	0.000000e+00	1	6.451613e-03
3.200000e+02	2.010000e+02	0.000000e+00	1	6.451613e-03
3.940000e+02	1.490000e+02	0.000000e+00	1	6.451613e-03
2.730000e+02	2.380000e+02	0.000000e+00	1	6.451613e-03
2.760000e+02	2.360000e+02	0.000000e+00	1	6.451613e-03
3.010000e+02	2.150000e+02	0.000000e+00	1	6.451613e-03
3.550000e+02	1.740000e+02	0.000000e+00	1	6.451613e-03
2.920000e+02	2.200000e+02	0.000000e+00	1	6.451613e-03
3.960000e+02	1.470000e+02	0.000000e+00	1	6.451613e-03
2.750000e+02	2.370000e+02	0.000000e+00	1	6.451613e-03
3.670000e+02	1.660000e+02	0.000000e+00	1	6.451613e-03
3.740000e+02	1.620000e+02	0.000000e+00	1	6.451613e-03
2.970000e+02	2.180000e+02	0.000000e+00	1	6.451613e-03
2.780000e+02	2.340000e+02	0.000000e+00	1	6.451613e-03
3.900000e+02	1.510000e+02	0.000000e+00	1	6.451613e-03
3.760000e+02	1.600000e+02	0.000000e+00	1	6.451613e-03
3.050000e+02	2.120000e+02	0.000000e+00	1	6.451613e-03
3.230000e+02	1.990000e+02	0.000000e+00	1	6.451613e-03
3.870000e+02	1.530000e+02	0.000000e+00	1	6.451613e-03
3.310000e+02	1.920000e+02	0.000000e+00	1	6.451613e-03
2.900000e+02	2.210000e+02	0.000000e+00	1	6.451613e-03
3.050000e+02	2.120000e+02	0.000000e+00	1	4.347826e-03
2.730000e+02	2.380000e+02	0.000000e+00	1	4.347826e-03
3.410000e+02	1.840000e+02	0.000000e+00	1	4.347826e-03
3.900000e+02	1.510000e+02	0.000000e+00	1	4.347826e-03
4.050000e+02	1.410000e+02	0.000000e+00	1	4.347826e-03
3.180000e+02	2.020000e+02	0.000000e+00	1	4.347826e-03
2.920000e+02	2.200000e+02	0.000000e+00	1	4.347826e-03
3.050000e+02	2.120000e+02	0.000000e+00	1	4.347826e-03
3.070000e+02	2.100000e+02	0.000000e+00	1	4.347826e-03
3.020000e+02	2.140000e+02	0.000000e+00	1	4.347826e-03
3.870000e+02	1.530000e+02	0.000000e+00	1	4.347826e-03
3.020000e+02	2.140000e+02	0.000000e+00	1	4.347826e-03
3.030000e+02	2.130000e+02	0.000000e+00	1	4.347826e-03
3.870000e+02	1.530000e+02	0.000000e+00	1	4.347826e-03
3.690000e+02	1.650000e+02	0.000000e+00	1	4.347826e-03
3.810000e+02	1.580000e+02	0.000000e+00	1	4.347826e-03
3.220000e+02	2.000000e+02	0.000000e+00	1	4.347826e-03
4.020000e+02	1.430000e+02	0.000000e+00	1	4.347826e-03
3.060000e+02	2.110000e+02	0.000000e+00	1	4.347826e-03
2.920000e+02	2.200000e+02	0.000000e+00	1	4.347826e-03
3.310000e+02	1.920000e+02	0.000000e+00	1	4.347826e-03
3.660000e+02	1.670000e+02	0.000000e+00	1	4.347826e-03
3.510000e+02	1.760000e+02	0.000000e+00	1	4.347826e-03
2.940000e+02	2.190000e+02	0.000000e+00	1	4.347826e-03
3.120000e+02	2.070000e+02	0.000000e+00	1	4.347826e-03
3.550000e+02	1.740000e+02	0.000000e+00	1	4.347826e-03
3.930000e+02	1.500000e+02	0.000000e+00	1	4.347826e-03
3.460000e+02	1.800000e+02	0.000000e+00	1	4.347826e-03
3.450000e+02	1.810000e+02	0.000000e+00	1	4.347826e-03
2.720000e+02	2.390000e+02	0.000000e+00	1	4.347826e-03
3.940000e+02	1.490000e+02	0.000000e+00	1	4.347826e-03
2.970000e+02	2.180000e+02	0.000000e+00	1	4.347826e-03
3.760000e+02	1.600000e+02	0.000000e+00	1	4.347826e-03
3.810000e+02	1.580000e+02	0.000000e+00	1	4.347826e-03
3.670000e+02	1.660000e+02	0.000000e+00	1	4.347826e-03
3.290000e+02	1.930000e+02	0.000000e+00	1	4.347826e-03
3.600000e+02	1.720000e+02	0.000000e+00	1	4.347826e-03
3.550000e+02	1.740000e+02	0.000000e+00	1	4.347826e-03
3.270000e+02	1.940000e+02	0.000000e+00	1	4.347826e-03
3.980000e+02	1.460000e+02	0.000000e+00	1	4.347826e-03
3.160000e+02	2.030000e+02	0.000000e+00	1	4.347826e-03
2.730000e+02	2.380000e+02	0.000000e+00	1	4.347826e-03
3.200000e+02	2.010000e+02	0.000000e+00	1	4.347826e-03
4.170000e+02	1.330000e+02	0.000000e+00	1	4.347826e-03
3.110000e+02	2.080000e+02	0.000000e+00	1	4.347826e-03
3.740000e+02	1.620000e+02	0.000000e+00	1	4.347826e-03
2.870000e+02	2.270000e+02	0.000000e+00	1	4.347826e-03
3.690000e+02	1.650000e+02	0.000000e+00	1	4.347826e-03
4.040000e+02	1.420000e+02	0.000000e+00	1	4.347826e-03
3.380000e+02	1.850000e+02	0.000000e+00	1	4.347826e-03
2.880000e+02	2.260000e+02	0.000000e+00	1	4.347826e-03
3.540000e+02	1.750000e+02	0.000000e+00	1	4.347826e-03
3.700000e+02	1.640000e+02	0.000000e+00	1	4.347826e-03
3.670000e+02	1.660000e+02	0.000000e+00	1	4.347826e-03
3.850000e+02	1.540000e+02	0.000000e+00	1	4.347826e-03
3.960000e+02	1.470000e+02	0.000000e+00	1	4.347826e-03
3.010000e+02	2.150000e+02	0.000000e+00	1	4.347826e-03
4.040000e+02	1.420000e+02	0.000000e+00	1	4.347826e-03
3.440000e+02	1.830000e+02	0.000000e+00	1	4.347826e-03
3.220000e+02	2.000000e+02	0.000000e+00	1	4.347826e-03
3.830000e+02	1.550000e+02	0.000000e+00	1	4.347826e-03
2.750000e+02	2.370000e+02	0.000000e+00	1	4.347826e-03
3.880000e+02	1.520000e+02	0.000000e+00	1	4.347826e-03
3.900000e+02	1.510000e+02	0.000000e+00	1	4.347826e-03
3.820000e+02	1.570000e+02	0.000000e+00	1	4.347826e-03
3.700000e+02	1.640000e+02	0.000000e+00	1	4.347826e-03
3.810000e+02	1.580000e+02	0.000000e+00	1	3.225806e-03
3.020000e+02	2.140000e+02	0.000000e+00	1	3.225806e-03
3.550000e+02	1.740000e+02	0.000000e+00	1	3.225806e-03
2.870000e+02	2.270000e+02	0.000000e+00	1	3.225806e-03
4.160000e+02	1.340000e+02	0.000000e+00	1	3.225806e-03
4.040000e+02	1.420000e+02	0.000000e+00	1	3.225806e-03
3.670000e+02	1.660000e+02	0.000000e+00	1	3.225806e-03
3.030000e+02	2.130000e+02	0.000000e+00	1	3.225806e-03
3.660000e+02	1.670000e+02	0.000000e+00	1	3.225806e-03
3.820000e+02	1.570000e+02	0.000000e+00	1	3.225806e-03
3.450000e+02	1.810000e+02	0.000000e+00	1	3.225806e-03
4.170000e+02	1.330000e+02	0.000000e+00	1	3.225806e-03
3.700000e+02	1.640000e+02	0.000000e+00	1	3.225806e-03
2.730000e+02	2.380000e+02	0.000000e+00	1	3.225806e-03
4.020000e+02	1.430000e+02	0.000000e+00	1	3.225806e-03
3.220000e+02	2.000000e+02	0.000000e+00	1	3.225806e-03
3.120000e+02	2.070000e+02	0.000000e+00	1	3.225806e-03
3.940000e+02	1.490000e+02	0.000000e+00	1	3.225806e-03
3.740000e+02	1.620000e+02	0.000000e+00	1	3.225806e-03
3.380000e+02	1.850000e+02	0.000000e+00	1	3.225806e-03
4.010000e+02	1.450000e+02	0.000000e+00	1	3.225806e-03
3.110000e+02	2.080000e+02	0.000000e+00	1	3.225806e-03
3.130000e+02	2.050000e+02	0.000000e+00	1	3.225806e-03
4.060000e+02	1.400000e+02	0.000000e+00	1	3.225806e-03
3.120000e+02	2.070000e+02	0.000000e+00	1	3.225806e-03
3.930000e+02	1.500000e+02	0.000000e+00	1	3.225806e-03
3.820000e+02	1.570000e+02	0.000000e+00	1	3.225806e-03
3.050000e+02	2.120000e+02	0.000000e+00	1	3.225806e-03
3.690000e+02	1.650000e+02	0.000000e+00	1	3.225806e-03
4.050000e+02	1.410000e+02	0.000000e+00	1	3.225806e-03
3.610000e+02	1.700000e+02	0.000000e+00	1	3.225806e-03
3.060000e+02	2.110000e+02	0.000000e+00	1	3.225806e-03
3.450000e+02	1.810000e+02	0.000000e+00	1	3.225806e-03
2.790000e+02	2.320000e+02	0.000000e+00	1	3.225806e-03
3.020000e+02	2.140000e+02	0.000000e+00	1	3.225806e-03
3.370000e+02	1.870000e+02	0.000000e+00	1	3.225806e-03
2.880000e+02	2.260000e+02	0.000000e+00	1	3.225806e-03
3.870000e+02	1.530000e+02	0.000000e+00	1	3.225806e-03
3.830000e+02	1.550000e+02	0.000000e+00	1	3.225806e-03
3.510000e+02	1.760000e+02	0.000000e+00	1	3.225806e-03
3.500000e+02	1.780000e+02	0.000000e+00	1	0.000000e+00
3.930000e+02	1.500000e+02	0.000000e+00	1	0.000000e+00
3.940000e+02	1.490000e+02	0.000000e+00	1	0.000000e+00
3.130000e+02	2.050000e+02	0.000000e+00	1	0.000000e+00
4.140000e+02	1.360000e+02	0.000000e+00	1	0.000000e+00
3.980000e+02	1.460000e+02	0.000000e+00	1	0.000000e+00
3.460000e+02	1.800000e+02	0.000000e+00	1	0.000000e+00
4.060000e+02	1.400000e+02	0.000000e+00	1	0.000000e+00
3.780000e+02	1.590000e+02	0.000000e+00	1	0.000000e+00
3.030000e+02	2.130000e+02	0.000000e+00	1	0.000000e+00
3.180000e+02	2.020000e+02	0.000000e+00	1	0.000000e+00
3.110000e+02	2.080000e+02	0.000000e+00	1	0.000000e+00
3.880000e+02	1.520000e+02	0.000000e+00	1	0.000000e+00
3.130000e+02	2.050000e+02	0.000000e+00	1	0.000000e+00
4.060000e+02	1.400000e+02	0.000000e+00	1	0.000000e+00
4.160000e+02	1.340000e+02	0.000000e+00	1	0.000000e+00
4.020000e+02	1.430000e+02	0.000000e+00	1	0.000000e+00
3.620000e+02	1.680000e+02	0.000000e+00	1	0.000000e+00
3.980000e+02	1.460000e+02	0.000000e+00	1	0.000000e+00
3.620000e+02	1.680000e+02	0.000000e+00	1	0.000000e+00
3.130000e+02	2.050000e+02	0.000000e+00	1	0.000000e+00
3.690000e+02	1.650000e+02	0.000000e+00	1	0.000000e+00
4.040000e+02	1.420000e+02	0.000000e+00	1	0.000000e+00
3.760000e+02	1.600000e+02	0.000000e+00	1	0.000000e+00
3.220000e+02	2.000000e+02	0.000000e+00	1	0.000000e+00
3.250000e+02	1.960000e+02	0.000000e+00	1	0.000000e+00
3.810000e+02	1.580000e+02	0.000000e+00	1	0.000000e+00
3.270000e+02	1.940000e+02	0.000000e+00	1	0.000000e+00
4.020000e+02	1.430000e+02	0.000000e+00	1	0.000000e+00
3.690000e+02	1.650000e+02	0.000000e+00	1	0.000000e+00
3.940000e+02	1.490000e+02	0.000000e+00	1	0.000000e+00
2.650000e+02	2.460000e+02	0.000000e+00	1	0.000000e+00
3.760000e+02	1.600000e+02	0.000000e+00	1	0.000000e+00
3.700000e+02	1.640000e+02	0.000000e+00	1	0.000000e+00
3.900000e+02	1.510000e+02	0.000000e+00	1	0.000000e+00
3.980000e+02	1.460000e+02	0.000000e+00	1	0.000000e+00
4.020000e+02	1.430000e+02	0.000000e+00	1	0.000000e+00
3.370000e+02	1.870000e+02	0.000000e+00	1	0.000000e+00
2.760000e+02	2.360000e+02	0.000000e+00	1	0.000000e+00
4.160000e+02	1.340000e+02	0.000000e+00	1	0.000000e+00
4.060000e+02	1.400000e+02	0.000000e+00	1	0.000000e+00
3.310000e+02	1.920000e+02	0.000000e+00	1	0.000000e+00
4.140000e+02	1.360000e+02	0.000000e+00	1	0.000000e+00
2.900000e+02	2.210000e+02	0.000000e+00	1	0.000000e+00
3.670000e+02	1.660000e+02	0.000000e+00	1	0.000000e+00
3.570000e+02	1.730000e+02	0.000000e+00	1	0.000000e+00
3.670000e+02	1.660000e+02	0.000000e+00	1	0.000000e+00
3.130000e+02	2.050000e+02	0.000000e+00	1	0.000000e+00
4.140000e+02	1.360000e+02	0.000000e+00	1	0.000000e+00
3.980000e+02	1.460000e+02	0.000000e+00	1	0.000000e+00
4.040000e+02	1.420000e+02	0.000000e+00	1	0.000000e+00
3.850000e+02	1.540000e+02	0.000000e+00	1	0.000000e+00
3.020000e+02	2.140000e+02	0.000000e+00	1	0.000000e+00
3.940000e+02	1.490000e+02	0.000000e+00	1	0.000000e+00
4.040000e+02	1.420000e+02	0.000000e+00	1	0.000000e+00
3.440000e+02	1.830000e+02	0.000000e+00	1	0.000000e+00
3.850000e+02	1.540000e+02	0.000000e+00	1	0.000000e+00
3.700000e+02	1.640000e+02	0.000000e+00	1	0.000000e+00
3.570000e+02	1.730000e+02	0.000000e+00	1	0.000000e+00
3.820000e+02	1.570000e+02	0.000000e+00	1	0.000000e+00
3.380000e+02	1.850000e+02	0.000000e+00	1	0.000000e+00
3.450000e+02	1.810000e+02	0.000000e+00	1	0.000000e+00
3.230000e+02	1.990000e+02	0.000000e+00	1	0.000000e+00
3.620000e+02	1.680000e+02	0.000000e+00	1	0.000000e+00
3.870000e+02	1.530000e+02	0.000000e+00	1	0.000000e+00
3.010000e+02	2.150000e+02	0.000000e+00	1	0.000000e+00
3.570000e+02	1.730000e+02	0.000000e+00	1	0.000000e+00
3.780000e+02	1.590000e+02	0.000000e+00	1	0.000000e+00
4.010000e+02	1.450000e+02	0.000000e+00	1	0.000000e+00
2.990000e+02	2.160000e+02	0.000000e+00	1	0.000000e+00
3.550000e+02	1.740000e+02	0.000000e+00	1	0.000000e+00
2.730000e+02	2.380000e+02	0.000000e+00	1	0.000000e+00
3.230000e+02	1.990000e+02	0.000000e+00	1	0.000000e+00
3.510000e+02	1.760000e+02	0.000000e+00	1	0.000000e+00
3.850000e+02	1.540000e+02	0.000000e+00	1	0.000000e+00
2.790000e+02	2.320000e+02	0.000000e+00	1	0.000000e+00
3.980000e+02	1.460000e+02	0.000000e+00	1	0.000000e+00
3.690000e+02	1.650000e+02	0.000000e+00	1	0.000000e+00
3.980000e+02	1.460000e+02	0.000000e+00	1	0.000000e+00
3.900000e+02	1.510000e+02	0.000000e+00	1	0.000000e+00
2.750000e+02	2.370000e+02	0.000000e+00	1	0.000000e+00
3.160000e+02	2.030000e+02	0.000000e+00	1	0.000000e+00
3.940000e+02	1.490000e+02	0.000000e+00	1	0.000000e+00
3.200000e+02	2.010000e+02	0.000000e+00	1	0.000000e+00
3.500000e+02	1.780000e+02	0.000000e+00	1	0.000000e+00
3.880000e+02	1.520000e+02	0.000000e+00	1	0.000000e+00
3.410000e+02	1.840000e+02	0.000000e+00	1	0.000000e+00
3.460000e+02	1.800000e+02	0.000000e+00	1	0.000000e+00
3.200000e+02	2.010000e+02	0.000000e+00	1	0.000000e+00
3.220000e+02	2.000000e+02	0.000000e+00	1	0.000000e+00
3.410000e+02	1.840000e+02	0.000000e+00	1	0.000000e+00
3.730000e+02	1.630000e+02	0.000000e+00	1	0.000000e+00
2.700000e+02	2.410000e+02	0.000000e+00	1	0.000000e+00
2.760000e+02	2.360000e+02	0.000000e+00	1	0.000000e+00
3.940000e+02	1.490000e+02	0.000000e+00	1	0.000000e+00
3.820000e+02	1.570000e+02	0.000000e+00	1	0.000000e+00
3.330000e+02	1.890000e+02	0.000000e+00	1	0.000000e+00
3.220000e+02	2.000000e+02	0.000000e+00	1	0.000000e+00
3.940000e+02	1.490000e+02	0.000000e+00	1	0.000000e+00
3.620000e+02	1.680000e+02	0.000000e+00	1	0.000000e+00
3.810000e+02	1.580000e+02	0.000000e+00	1	0.000000e+00
3.290000e+02	1.930000e+02	0.000000e+00	1	0.000000e+00
3.070000e+02	2.100000e+02	0.000000e+00	1	0.000000e+00
3.610000e+02	1.700000e+02	0.000000e+00	1	0.000000e+00
2.940000e+02	2.190000e+02	0.000000e+00	1	0.000000e+00
3.030000e+02	2.130000e+02	0.000000e+00	1	0.000000e+00
3.130000e+02	2.050000e+02	0.000000e+00	1	0.000000e+00
3.940000e+02	1.490000e+02	0.000000e+00	1	0.000000e+00
2.650000e+02	2.460000e+02	0.000000e+00	1	0.000000e+00
3.740000e+02	1.620000e+02	0.000000e+00	1	0.000000e+00
2.780000e+02	2.340000e+02	0.000000e+00	1	0.000000e+00
4.140000e+02	1.360000e+02	0.000000e+00	1	0.000000e+00
3.700000e+02	1.640000e+02	0.000000e+00	1	0.000000e+00
4.010000e+02	1.450000e+02	0.000000e+00	1	0.000000e+00
3.820000e+02	1.570000e+02	0.000000e+00	1	0.000000e+00
2.720000e+02	2.390000e+02	0.000000e+00	1	0.000000e+00
4.140000e+02	1.360000e+02	0.000000e+00	1	0.000000e+00
3.900000e+02	1.510000e+02	0.000000e+00	1	0.000000e+00
2.990000e+02	2.160000e+02	0.000000e+00	1	0.000000e+00
3.450000e+02	1.810000e+02	0.000000e+00	1	0.000000e+00
3.290000e+02	1.930000e+02	0.000000e+00	1	0.000000e+00
4.040000e+02	1.420000e+02	0.000000e+00	1	0.000000e+00
3.760000e+02	1.600000e+02	0.000000e+00	1	0.000000e+00
3.740000e+02	1.620000e+02	0.000000e+00	1	0.000000e+00
2.760000e+02	2.360000e+02	0.000000e+00	1	0.000000e+00
3.850000e+02	1.540000e+02	0.000000e+00	1	0.000000e+00
2.920000e+02	2.200000e+02	0.000000e+00	1	0.000000e+00
3.120000e+02	2.070000e+02	0.000000e+00	1	0.000000e+00
3.820000e+02	1.570000e+02	0.000000e+00	1	0.000000e+00
4.020000e+02	1.430000e+02	0.000000e+00	1	0.000000e+00
3.960000e+02	1.470000e+02	0.000000e+00	1	0.000000e+00
4.040000e+02	1.420000e+02	0.000000e+00	1	0.000000e+00
2.700000e+02	2.410000e+02	0.000000e+00	1	0.000000e+00
4.040000e+02	1.420000e+02	0.000000e+00	1	0.000000e+00
4.160000e+02	1.340000e+02	0.000000e+00	1	0.000000e+00
4.140000e+02	1.360000e+02	0.000000e+00	1	0.000000e+00
4.200000e+02	1.310000e+02	0.000000e+00	1	0.000000e+00
3.870000e+02	1.530000e+02	0.000000e+00	1	0.000000e+00
3.760000e+02	1.600000e+02	0.000000e+00	1	0.000000e+00
3.370000e+02	1.870000e+02	0.000000e+00	1	0.000000e+00
3.740000e+02	1.620000e+02	0.000000e+00	1	0.000000e+00
2.650000e+02	2.460000e+02	0.000000e+00	1	0.000000e+00
3.780000e+02	1.590000e+02	0.000000e+00	1	0.000000e+00
3.940000e+02	1.490000e+02	0.000000e+00	1	0.000000e+00
3.610000e+02	1.700000e+02	0.000000e+00	1	0.000000e+00
3.160000e+02	2.030000e+02	0.000000e+00	1	0.000000e+00
2.870000e+02	2.270000e+02	0.000000e+00	1	0.000000e+00
3.070000e+02	2.100000e+02	0.000000e+00	1	0.000000e+00
3.830000e+02	1.550000e+02	0.000000e+00	1	0.000000e+00
3.870000e+02	1.530000e+02	0.000000e+00	1	0.000000e+00
3.940000e+02	1.490000e+02	0.000000e+00	1	0.000000e+00
3.160000e+02	2.030000e+02	0.000000e+00	1	0.000000e+00
4.090000e+02	1.380000e+02	0.000000e+00	1	0.000000e+00
3.110000e+02	2.080000e+02	0.000000e+00	1	0.000000e+00
3.180000e+02	2.020000e+02	0.000000e+00	1	0.000000e+00
3.690000e+02	1.650000e+02	0.000000e+00	1	0.000000e+00
3.030000e+02	2.130000e+02	0.000000e+00	1	0.000000e+00
2.700000e+02	2.410000e+02	0.000000e+00	1	0.000000e+00
3.440000e+02	1.830000e+02	0.000000e+00	1	0.000000e+00
3.410000e+02	1.840000e+02	0.000000e+00	1	0.000000e+00
2.750000e+02	2.370000e+02	0.000000e+00	1	0.000000e+00
3.940000e+02	1.490000e+02	0.000000e+00	1	0.000000e+00
4.020000e+02	1.430000e+02	0.000000e+00	1	0.000000e+00
3.940000e+02	1.490000e+02	0.000000e+00	1	0.000000e+00
4.060000e+02	1.400000e+02	0.000000e+00	1	0.000000e+00
3.510000e+02	1.760000e+02	0.000000e+00	1	0.000000e+00
3.660000e+02	1.670000e+02	0.000000e+00	1	0.000000e+00
4.140000e+02	1.360000e+02	0.000000e+00	1	0.000000e+00
2.990000e+02	2.160000e+02	0.000000e+00	1	0.000000e+00
3.180000e+02	2.020000e+02	0.000000e+00	1	0.000000e+00
3.760000e+02	1.600000e+02	0.000000e+00	1	0.000000e+00
3.160000e+02	2.030000e+02	0.000000e+00	1	0.000000e+00
2.780000e+02	2.340000e+02	0.000000e+00	1	0.000000e+00
4.060000e+02	1.400000e+02	0.000000e+00	1	0.000000e+00
3.230000e+02	1.990000e+02	0.000000e+00	1	0.000000e+00
4.020000e+02	1.430000e+02	0.000000e+00	1	0.000000e+00
3.810000e+02	1.580000e+02	0.000000e+00	1	0.000000e+00
3.830000e+02	1.550000e+02	0.000000e+00	1	0.000000e+00
2.790000e+02	2.320000e+02	0.000000e+00	1	0.000000e+00
2.700000e+02	2.410000e+02	0.000000e+00	1	0.000000e+00
3.870000e+02	1.530000e+02	0.000000e+00	1	0.000000e+00
3.820000e+02	1.570000e+02	0.000000e+00	1	0.000000e+00
4.140000e+02	1.360000e+02	0.000000e+00	1	0.000000e+00
4.160000e+02	1.340000e+02	0.000000e+00	1	0.000000e+00
3.060000e+02	2.110000e+02	0.000000e+00	1	0.000000e+00
3.850000e+02	1.540000e+02	0.000000e+00	1	0.000000e+00
3.440000e+02	1.830000e+02	0.000000e+00	1	0.000000e+00
3.120000e+02	2.070000e+02	0.000000e+00	1	0.000000e+00
4.090000e+02	1.380000e+02	0.000000e+00	1	0.000000e+00
4.010000e+02	1.450000e+02	0.000000e+00	1	0.000000e+00
3.120000e+02	2.070000e+02	0.000000e+00	1	0.000000e+00
4.020000e+02	1.430000e+02	0.000000e+00	1	0.000000e+00
3.980000e+02	1.460000e+02	0.000000e+00	1	0.000000e+00
3.450000e+02	1.810000e+02	0.000000e+00	1	0.000000e+00
2.730000e+02	2.380000e+02	0.000000e+00	1	0.000000e+00
3.820000e+02	1.570000e+02	0.000000e+00	1	0.000000e+00
3.110000e+02	2.080000e+02	0.000000e+00	1	0.000000e+00
4.050000e+02	1.410000e+02	0.000000e+00	1	0.000000e+00
3.110000e+02	2.080000e+02	0.000000e+00	1	0.000000e+00
3.980000e+02	1.460000e+02	0.000000e+00	1	0.000000e+00
3.900000e+02	1.510000e+02	0.000000e+00	1	0.000000e+00
4.050000e+02	1.410000e+02	0.000000e+00	1	0.000000e+00
4.040000e+02	1.420000e+02	0.000000e+00	1	0.000000e+00
2.780000e+02	2.340000e+02	0.000000e+00	1	0.000000e+00
3.700000e+02	1.640000e+02	0.000000e+00	1	0.000000e+00
3.290000e+02	1.930000e+02	0.000000e+00	1	0.000000e+00
4.140000e+02	1.360000e+02	0.000000e+00	1	0.000000e+00
4.090000e+02	1.380000e+02	0.000000e+00	1	0.000000e+00
3.940000e+02	1.490000e+02	0.000000e+00	1	0.000000e+00
3.980000e+02	1.460000e+02	0.000000e+00	1	0.000000e+00
2.720000e+02	2.390000e+02	0.000000e+00	1	0.000000e+00
4.040000e+02	1.420000e+02	0.000000e+00	1	0.000000e+00
4.040000e+02	1.420000e+02	0.000000e+00	1	0.000000e+00
3.620000e+02	1.680000e+02	0.000000e+00	1	0.000000e+00
4.010000e+02	1.450000e+02	0.000000e+00	1	0.000000e+00
3.930000e+02	1.500000e+02	0.000000e+00	1	0.000000e+00
3.380000e+02	1.850000e+02	0.000000e+00	1	0.000000e+00
4.090000e+02	1.380000e+02	0.000000e+00	1	0.000000e+00
4.200000e+02	1.310000e+02	0.000000e+00	1	0.000000e+00
2.920000e+02	2.200000e+02	0.000000e+00	1	0.000000e+00
3.870000e+02	1.530000e+02	0.000000e+00	1	0.000000e+00
3.760000e+02	1.600000e+02	0.000000e+00	1	0.000000e+00
3.820000e+02	1.570000e+02	0.000000e+00	1	0.000000e+00
3.670000e+02	1.660000e+02	0.000000e+00	1	0.000000e+00
2.940000e+02	2.190000e+02	0.000000e+00	1	0.000000e+00
3.740000e+02	1.620000e+02	0.000000e+00	1	0.000000e+00
4.050000e+02	1.410000e+02	0.000000e+00	1	0.000000e+00
4.010000e+02	1.450000e+02	0.000000e+00	1	0.000000e+00
3.550000e+02	1.740000e+02	0.000000e+00	1	0.000000e+00
4.140000e+02	1.360000e+02	0.000000e+00	1	0.000000e+00
4.140000e+02	1.360000e+02	0.000000e+00	1	0.000000e+00
2.850000e+02	2.280000e+02	0.000000e+00	1	0.000000e+00
4.040000e+02	1.420000e+02	0.000000e+00	1	0.000000e+00
3.670000e+02	1.660000e+02	0.000000e+00	1	0.000000e+00
Total execution time: 401.048
