# This file contains the data of final feasible population (if found)
# of objectives = 2, # of constraints = 0, # of real_var = 0, # of bits of bin_var = 0, constr_violation, rank, crowding_distance
1.718844e-01	8.009333e-01	0.000000e+00	1	1.000000e+14
1.493565e-01	8.225048e-01	0.000000e+00	1	1.000000e+14
1.691081e-01	8.042730e-01	0.000000e+00	1	1.150093e-01
1.642909e-01	8.046222e-01	0.000000e+00	1	1.072830e-01
1.577078e-01	8.142286e-01	0.000000e+00	1	1.068707e-01
1.534099e-01	8.147238e-01	0.000000e+00	1	9.539165e-02
1.609272e-01	8.082032e-01	0.000000e+00	1	5.254742e-02
1.584999e-01	8.130571e-01	0.000000e+00	1	4.144338e-02
1.585636e-01	8.113302e-01	0.000000e+00	1	4.144338e-02
1.600483e-01	8.096286e-01	0.000000e+00	1	3.599829e-02
1.622971e-01	8.057206e-01	0.000000e+00	1	2.814237e-02
1.634656e-01	8.056254e-01	0.000000e+00	1	2.814237e-02
1.600483e-01	8.096286e-01	0.000000e+00	1	1.950842e-02
1.518140e-01	8.168667e-01	0.000000e+00	1	1.830547e-02
1.517451e-01	8.175905e-01	0.000000e+00	1	1.830547e-02
1.703818e-01	8.016063e-01	0.000000e+00	1	1.477282e-02
1.709811e-01	8.015429e-01	0.000000e+00	1	1.330115e-02
1.609272e-01	8.082032e-01	0.000000e+00	1	1.317145e-02
1.610093e-01	8.076349e-01	0.000000e+00	1	1.317145e-02
1.613267e-01	8.074286e-01	0.000000e+00	1	1.153473e-02
1.534099e-01	8.147238e-01	0.000000e+00	1	1.147903e-02
1.711478e-01	8.012254e-01	0.000000e+00	1	1.105746e-02
1.613736e-01	8.069841e-01	0.000000e+00	1	1.030169e-02
1.579232e-01	8.140952e-01	0.000000e+00	1	1.027922e-02
1.509495e-01	8.198635e-01	0.000000e+00	1	1.025356e-02
1.509417e-01	8.202984e-01	0.000000e+00	1	1.024354e-02
1.698699e-01	8.023556e-01	0.000000e+00	1	9.722991e-03
1.642909e-01	8.046222e-01	0.000000e+00	1	9.573831e-03
1.579301e-01	8.136984e-01	0.000000e+00	1	9.349698e-03
1.617846e-01	8.065206e-01	0.000000e+00	1	9.158791e-03
1.634656e-01	8.056254e-01	0.000000e+00	1	8.760974e-03
1.711478e-01	8.012254e-01	0.000000e+00	1	8.754659e-03
1.635222e-01	8.053016e-01	0.000000e+00	1	8.738555e-03
1.698379e-01	8.026952e-01	0.000000e+00	1	8.584804e-03
1.713433e-01	8.010349e-01	0.000000e+00	1	8.516828e-03
1.717204e-01	8.010286e-01	0.000000e+00	1	8.369661e-03
1.619310e-01	8.061746e-01	0.000000e+00	1	8.020603e-03
1.507541e-01	8.205873e-01	0.000000e+00	1	7.544139e-03
1.504440e-01	8.206159e-01	0.000000e+00	1	7.544139e-03
1.709811e-01	8.015429e-01	0.000000e+00	1	7.358352e-03
1.508046e-01	8.203968e-01	0.000000e+00	1	7.295710e-03
1.697773e-01	8.030571e-01	0.000000e+00	1	7.035750e-03
1.695128e-01	8.034825e-01	0.000000e+00	1	6.744130e-03
1.698078e-01	8.027683e-01	0.000000e+00	1	6.696100e-03
1.527094e-01	8.154730e-01	0.000000e+00	1	6.561555e-03
1.518645e-01	8.166762e-01	0.000000e+00	1	6.487317e-03
1.524303e-01	8.154794e-01	0.000000e+00	1	6.193637e-03
1.521684e-01	8.159460e-01	0.000000e+00	1	6.160870e-03
1.700366e-01	8.020381e-01	0.000000e+00	1	6.117399e-03
1.615217e-01	8.069460e-01	0.000000e+00	1	6.084271e-03
1.586007e-01	8.110857e-01	0.000000e+00	1	6.007943e-03
1.691853e-01	8.040444e-01	0.000000e+00	1	5.998350e-03
1.692401e-01	8.038381e-01	0.000000e+00	1	5.998350e-03
1.691628e-01	8.040667e-01	0.000000e+00	1	5.998350e-03
1.691081e-01	8.042730e-01	0.000000e+00	1	5.998350e-03
1.529377e-01	8.154571e-01	0.000000e+00	1	5.951098e-03
1.718844e-01	8.009333e-01	0.000000e+00	1	5.847899e-03
1.589502e-01	8.107683e-01	0.000000e+00	1	5.810411e-03
1.696344e-01	8.033079e-01	0.000000e+00	1	5.689705e-03
1.523798e-01	8.156698e-01	0.000000e+00	1	5.535953e-03
1.524303e-01	8.154794e-01	0.000000e+00	1	5.535953e-03
1.534099e-01	8.147238e-01	0.000000e+00	1	5.535953e-03
1.533594e-01	8.149143e-01	0.000000e+00	1	5.535953e-03
1.585687e-01	8.113143e-01	0.000000e+00	1	5.410107e-03
1.697084e-01	8.032921e-01	0.000000e+00	1	5.395371e-03
1.584814e-01	8.131365e-01	0.000000e+00	1	5.300064e-03
1.582592e-01	8.131524e-01	0.000000e+00	1	5.300064e-03
1.527094e-01	8.154730e-01	0.000000e+00	1	5.215263e-03
1.694388e-01	8.034984e-01	0.000000e+00	1	5.101037e-03
1.509344e-01	8.203937e-01	0.000000e+00	1	5.088204e-03
1.522636e-01	8.158190e-01	0.000000e+00	1	5.057118e-03
1.581586e-01	8.133651e-01	0.000000e+00	1	5.014023e-03
1.699533e-01	8.022222e-01	0.000000e+00	1	4.940062e-03
1.700366e-01	8.020381e-01	0.000000e+00	1	4.940062e-03
1.498678e-01	8.213714e-01	0.000000e+00	1	4.784605e-03
1.493580e-01	8.223143e-01	0.000000e+00	1	4.767307e-03
1.499956e-01	8.208794e-01	0.000000e+00	1	4.734556e-03
1.620791e-01	8.060254e-01	0.000000e+00	1	4.725333e-03
1.529708e-01	8.153810e-01	0.000000e+00	1	4.647729e-03
1.533594e-01	8.149143e-01	0.000000e+00	1	4.647729e-03
1.520245e-01	8.162476e-01	0.000000e+00	1	4.647729e-03
1.504440e-01	8.206159e-01	0.000000e+00	1	4.504597e-03
1.595613e-01	8.099683e-01	0.000000e+00	1	4.451940e-03
1.507541e-01	8.205873e-01	0.000000e+00	1	4.415011e-03
1.530641e-01	8.152698e-01	0.000000e+00	1	4.415011e-03
1.531146e-01	8.150794e-01	0.000000e+00	1	4.415011e-03
1.518140e-01	8.168667e-01	0.000000e+00	1	4.415011e-03
1.713433e-01	8.010349e-01	0.000000e+00	1	4.415011e-03
1.497517e-01	8.214635e-01	0.000000e+00	1	4.343104e-03
1.713433e-01	8.010349e-01	0.000000e+00	1	4.339648e-03
1.637401e-01	8.050349e-01	0.000000e+00	1	4.332122e-03
1.493739e-01	8.222762e-01	0.000000e+00	1	4.300655e-03
1.699533e-01	8.022222e-01	0.000000e+00	1	4.267844e-03
1.617846e-01	8.065206e-01	0.000000e+00	1	4.131435e-03
1.521198e-01	8.161206e-01	0.000000e+00	1	4.088564e-03
1.501938e-01	8.207460e-01	0.000000e+00	1	4.067027e-03
1.521684e-01	8.159460e-01	0.000000e+00	1	4.022812e-03
1.616910e-01	8.067778e-01	0.000000e+00	1	3.976672e-03
1.590396e-01	8.106032e-01	0.000000e+00	1	3.938437e-03
1.494085e-01	8.221238e-01	0.000000e+00	1	3.884305e-03
1.577899e-01	8.142063e-01	0.000000e+00	1	3.881439e-03
1.620977e-01	8.059079e-01	0.000000e+00	1	3.860778e-03
1.495456e-01	8.217683e-01	0.000000e+00	1	3.841539e-03
1.701199e-01	8.019048e-01	0.000000e+00	1	3.814597e-03
1.702321e-01	8.018476e-01	0.000000e+00	1	3.814597e-03
1.698699e-01	8.023556e-01	0.000000e+00	1	3.801875e-03
1.717204e-01	8.010286e-01	0.000000e+00	1	3.787561e-03
1.697472e-01	8.031302e-01	0.000000e+00	1	3.752759e-03
1.580819e-01	8.135079e-01	0.000000e+00	1	3.722270e-03
1.621489e-01	8.058698e-01	0.000000e+00	1	3.713611e-03
1.619823e-01	8.061365e-01	0.000000e+00	1	3.713611e-03
1.709811e-01	8.015429e-01	0.000000e+00	1	3.699110e-03
1.503604e-01	8.207302e-01	0.000000e+00	1	3.699110e-03
1.637957e-01	8.049397e-01	0.000000e+00	1	3.687149e-03
1.638623e-01	8.049238e-01	0.000000e+00	1	3.636556e-03
1.640063e-01	8.049048e-01	0.000000e+00	1	3.636556e-03
1.636444e-01	8.051905e-01	0.000000e+00	1	3.605592e-03
1.637401e-01	8.050349e-01	0.000000e+00	1	3.605592e-03
1.591062e-01	8.104921e-01	0.000000e+00	1	3.575055e-03
1.588118e-01	8.108000e-01	0.000000e+00	1	3.575055e-03
1.586673e-01	8.109746e-01	0.000000e+00	1	3.575055e-03
1.593613e-01	8.100952e-01	0.000000e+00	1	3.575055e-03
1.594230e-01	8.100000e-01	0.000000e+00	1	3.575055e-03
1.694356e-01	8.036476e-01	0.000000e+00	1	3.529254e-03
1.499790e-01	8.210127e-01	0.000000e+00	1	3.460419e-03
1.592119e-01	8.102857e-01	0.000000e+00	1	3.449202e-03
1.640735e-01	8.048444e-01	0.000000e+00	1	3.440542e-03
1.642243e-01	8.046381e-01	0.000000e+00	1	3.440542e-03
1.611574e-01	8.075968e-01	0.000000e+00	1	3.361681e-03
1.589502e-01	8.107683e-01	0.000000e+00	1	3.327205e-03
1.588168e-01	8.107841e-01	0.000000e+00	1	3.327205e-03
1.597007e-01	8.098889e-01	0.000000e+00	1	3.327205e-03
1.598340e-01	8.098730e-01	0.000000e+00	1	3.327205e-03
1.599149e-01	8.096444e-01	0.000000e+00	1	3.327205e-03
1.594280e-01	8.099841e-01	0.000000e+00	1	3.327205e-03
1.595613e-01	8.099683e-01	0.000000e+00	1	3.327205e-03
1.520245e-01	8.162476e-01	0.000000e+00	1	3.302412e-03
1.520084e-01	8.163746e-01	0.000000e+00	1	3.302412e-03
1.610093e-01	8.076349e-01	0.000000e+00	1	3.288097e-03
1.613736e-01	8.069841e-01	0.000000e+00	1	3.288097e-03
1.693141e-01	8.038222e-01	0.000000e+00	1	3.260329e-03
1.581771e-01	8.132857e-01	0.000000e+00	1	3.249676e-03
1.619310e-01	8.061746e-01	0.000000e+00	1	3.248433e-03
1.532432e-01	8.150635e-01	0.000000e+00	1	3.221516e-03
1.495623e-01	8.216349e-01	0.000000e+00	1	3.216824e-03
1.511808e-01	8.188889e-01	0.000000e+00	1	3.165850e-03
1.512642e-01	8.185651e-01	0.000000e+00	1	3.165850e-03
1.510016e-01	8.195778e-01	0.000000e+00	1	3.165850e-03
1.620791e-01	8.060254e-01	0.000000e+00	1	3.133602e-03
1.617148e-01	8.066762e-01	0.000000e+00	1	3.133602e-03
1.617334e-01	8.065587e-01	0.000000e+00	1	3.133602e-03
1.701199e-01	8.019048e-01	0.000000e+00	1	3.090508e-03
1.495623e-01	8.216349e-01	0.000000e+00	1	3.090508e-03
1.641290e-01	8.047492e-01	0.000000e+00	1	3.088246e-03
1.641687e-01	8.047333e-01	0.000000e+00	1	3.088246e-03
1.522864e-01	8.157810e-01	0.000000e+00	1	3.081284e-03
1.496864e-01	8.215397e-01	0.000000e+00	1	3.068966e-03
1.591891e-01	8.104127e-01	0.000000e+00	1	3.055435e-03
1.619823e-01	8.061365e-01	0.000000e+00	1	3.032912e-03
1.621489e-01	8.058698e-01	0.000000e+00	1	3.032912e-03
1.622458e-01	8.057587e-01	0.000000e+00	1	3.032912e-03
1.516279e-01	8.177968e-01	0.000000e+00	1	3.029530e-03
1.515909e-01	8.178921e-01	0.000000e+00	1	3.029530e-03
1.596956e-01	8.099048e-01	0.000000e+00	1	2.980269e-03
1.532660e-01	8.150254e-01	0.000000e+00	1	2.955308e-03
1.703155e-01	8.017143e-01	0.000000e+00	1	2.879223e-03
1.702985e-01	8.017397e-01	0.000000e+00	1	2.879223e-03
1.531146e-01	8.150794e-01	0.000000e+00	1	2.853599e-03
1.494512e-01	8.220317e-01	0.000000e+00	1	2.801605e-03
1.615667e-01	8.068254e-01	0.000000e+00	1	2.796174e-03
1.512314e-01	8.186984e-01	0.000000e+00	1	2.773520e-03
1.510089e-01	8.194825e-01	0.000000e+00	1	2.773520e-03
1.515118e-01	8.179460e-01	0.000000e+00	1	2.735573e-03
1.514308e-01	8.182254e-01	0.000000e+00	1	2.735573e-03
1.586724e-01	8.109587e-01	0.000000e+00	1	2.717910e-03
1.592836e-01	8.101587e-01	0.000000e+00	1	2.717910e-03
1.587451e-01	8.109111e-01	0.000000e+00	1	2.717910e-03
1.693616e-01	8.037270e-01	0.000000e+00	1	2.707126e-03
1.610093e-01	8.076349e-01	0.000000e+00	1	2.704102e-03
1.696344e-01	8.033079e-01	0.000000e+00	1	2.697036e-03
1.582407e-01	8.132317e-01	0.000000e+00	1	2.661008e-03
1.503604e-01	8.207302e-01	0.000000e+00	1	2.649007e-03
1.519597e-01	8.165492e-01	0.000000e+00	1	2.616894e-03
1.498845e-01	8.212762e-01	0.000000e+00	1	2.577416e-03
1.494850e-01	8.219365e-01	0.000000e+00	1	2.577416e-03
1.499350e-01	8.210857e-01	0.000000e+00	1	2.577416e-03
1.499183e-01	8.211810e-01	0.000000e+00	1	2.577416e-03
1.530641e-01	8.152698e-01	0.000000e+00	1	2.575423e-03
1.519740e-01	8.164381e-01	0.000000e+00	1	2.575423e-03
1.622458e-01	8.057587e-01	0.000000e+00	1	2.575423e-03
1.532660e-01	8.150254e-01	0.000000e+00	1	2.575423e-03
1.521179e-01	8.161365e-01	0.000000e+00	1	2.575423e-03
1.523798e-01	8.156698e-01	0.000000e+00	1	2.575423e-03
1.519578e-01	8.165651e-01	0.000000e+00	1	2.575423e-03
1.518645e-01	8.166762e-01	0.000000e+00	1	2.575423e-03
1.598340e-01	8.098730e-01	0.000000e+00	1	2.558742e-03
1.598432e-01	8.097714e-01	0.000000e+00	1	2.558742e-03
1.500697e-01	8.208413e-01	0.000000e+00	1	2.527051e-03
1.501938e-01	8.207460e-01	0.000000e+00	1	2.527051e-03
1.516279e-01	8.177968e-01	0.000000e+00	1	2.506423e-03
1.616180e-01	8.067873e-01	0.000000e+00	1	2.505002e-03
1.498678e-01	8.213714e-01	0.000000e+00	1	2.503833e-03
1.703818e-01	8.016063e-01	0.000000e+00	1	2.501840e-03
1.702321e-01	8.018476e-01	0.000000e+00	1	2.501840e-03
1.636444e-01	8.051905e-01	0.000000e+00	1	2.492534e-03
1.612712e-01	8.075238e-01	0.000000e+00	1	2.443273e-03
1.509417e-01	8.202984e-01	0.000000e+00	1	2.380122e-03
1.509511e-01	8.197683e-01	0.000000e+00	1	2.370104e-03
1.510016e-01	8.195778e-01	0.000000e+00	1	2.370104e-03
1.511808e-01	8.188889e-01	0.000000e+00	1	2.370104e-03
1.512240e-01	8.187937e-01	0.000000e+00	1	2.370104e-03
1.512642e-01	8.185651e-01	0.000000e+00	1	2.370104e-03
1.510849e-01	8.192540e-01	0.000000e+00	1	2.370104e-03
1.509584e-01	8.196730e-01	0.000000e+00	1	2.370104e-03
1.513074e-01	8.184698e-01	0.000000e+00	1	2.370104e-03
1.510922e-01	8.191587e-01	0.000000e+00	1	2.370104e-03
1.617148e-01	8.066762e-01	0.000000e+00	1	2.354673e-03
1.590396e-01	8.106032e-01	0.000000e+00	1	2.351985e-03
1.514740e-01	8.181302e-01	0.000000e+00	1	2.343448e-03
1.514613e-01	8.181365e-01	0.000000e+00	1	2.343448e-03
1.579486e-01	8.136190e-01	0.000000e+00	1	2.336185e-03
1.598483e-01	8.097556e-01	0.000000e+00	1	2.319600e-03
1.586057e-01	8.110698e-01	0.000000e+00	1	2.319600e-03
1.599099e-01	8.096603e-01	0.000000e+00	1	2.319600e-03
1.592169e-01	8.102698e-01	0.000000e+00	1	2.319600e-03
1.511589e-01	8.191429e-01	0.000000e+00	1	2.283459e-03
1.579486e-01	8.136190e-01	0.000000e+00	1	2.250600e-03
1.584814e-01	8.131365e-01	0.000000e+00	1	2.250600e-03
1.579301e-01	8.136984e-01	0.000000e+00	1	2.250600e-03
1.582592e-01	8.131524e-01	0.000000e+00	1	2.250600e-03
1.584999e-01	8.130571e-01	0.000000e+00	1	2.250600e-03
1.581586e-01	8.133651e-01	0.000000e+00	1	2.250600e-03
1.509495e-01	8.198635e-01	0.000000e+00	1	2.242201e-03
1.503604e-01	8.207302e-01	0.000000e+00	1	2.223508e-03
1.613267e-01	8.074286e-01	0.000000e+00	1	2.207506e-03
1.590446e-01	8.105873e-01	0.000000e+00	1	2.207506e-03
1.510417e-01	8.193492e-01	0.000000e+00	1	2.207506e-03
1.509584e-01	8.196730e-01	0.000000e+00	1	2.207506e-03
1.499183e-01	8.211810e-01	0.000000e+00	1	2.207506e-03
1.587502e-01	8.108952e-01	0.000000e+00	1	2.207506e-03
1.516414e-01	8.177016e-01	0.000000e+00	1	2.207506e-03
1.511735e-01	8.189841e-01	0.000000e+00	1	2.207506e-03
1.495017e-01	8.218413e-01	0.000000e+00	1	2.207506e-03
1.513074e-01	8.184698e-01	0.000000e+00	1	2.207506e-03
1.510344e-01	8.194444e-01	0.000000e+00	1	2.207506e-03
1.635777e-01	8.052063e-01	0.000000e+00	1	2.207506e-03
1.512569e-01	8.186603e-01	0.000000e+00	1	2.207506e-03
1.512240e-01	8.187937e-01	0.000000e+00	1	2.207506e-03
1.717204e-01	8.010286e-01	0.000000e+00	1	2.207506e-03
1.516784e-01	8.176063e-01	0.000000e+00	1	2.207506e-03
1.510417e-01	8.193492e-01	0.000000e+00	1	2.207506e-03
1.516414e-01	8.177016e-01	0.000000e+00	1	2.207506e-03
1.494850e-01	8.219365e-01	0.000000e+00	1	2.207506e-03
1.592785e-01	8.101746e-01	0.000000e+00	1	2.207506e-03
1.513147e-01	8.183746e-01	0.000000e+00	1	2.207506e-03
1.635222e-01	8.053016e-01	0.000000e+00	1	2.207506e-03
1.510849e-01	8.192540e-01	0.000000e+00	1	2.207506e-03
1.509511e-01	8.197683e-01	0.000000e+00	1	2.207506e-03
1.498845e-01	8.212762e-01	0.000000e+00	1	2.207506e-03
1.514814e-01	8.180349e-01	0.000000e+00	1	2.207129e-03
1.514242e-01	8.182317e-01	0.000000e+00	1	2.207129e-03
1.497517e-01	8.214635e-01	0.000000e+00	1	2.133922e-03
1.514747e-01	8.180413e-01	0.000000e+00	1	2.076147e-03
1.514235e-01	8.183206e-01	0.000000e+00	1	2.076147e-03
1.495118e-01	8.218254e-01	0.000000e+00	1	2.075535e-03
1.499451e-01	8.210698e-01	0.000000e+00	1	2.075535e-03
1.499790e-01	8.210127e-01	0.000000e+00	1	2.075535e-03
1.522864e-01	8.157810e-01	0.000000e+00	1	2.072306e-03
1.530641e-01	8.152698e-01	0.000000e+00	1	2.072306e-03
1.523798e-01	8.156698e-01	0.000000e+00	1	2.072306e-03
1.521179e-01	8.161365e-01	0.000000e+00	1	2.072306e-03
1.519578e-01	8.165651e-01	0.000000e+00	1	2.072306e-03
1.703155e-01	8.017143e-01	0.000000e+00	1	2.060839e-03
1.702985e-01	8.017397e-01	0.000000e+00	1	2.060839e-03
1.511690e-01	8.190540e-01	0.000000e+00	1	2.060338e-03
1.578412e-01	8.141175e-01	0.000000e+00	1	2.060338e-03
1.580306e-01	8.135968e-01	0.000000e+00	1	2.041851e-03
1.611574e-01	8.075968e-01	0.000000e+00	1	2.033836e-03
1.619310e-01	8.061746e-01	0.000000e+00	1	2.021190e-03
1.617334e-01	8.065587e-01	0.000000e+00	1	2.021190e-03
1.612606e-01	8.075556e-01	0.000000e+00	1	2.021190e-03
1.612093e-01	8.075937e-01	0.000000e+00	1	2.021190e-03
1.693141e-01	8.038222e-01	0.000000e+00	1	2.010529e-03
1.692401e-01	8.038381e-01	0.000000e+00	1	2.010529e-03
1.695128e-01	8.034825e-01	0.000000e+00	1	2.010529e-03
1.591113e-01	8.104762e-01	0.000000e+00	1	1.982074e-03
1.613736e-01	8.069841e-01	0.000000e+00	1	1.922810e-03
1.615217e-01	8.069460e-01	0.000000e+00	1	1.880641e-03
1.615667e-01	8.068254e-01	0.000000e+00	1	1.880641e-03
1.701199e-01	8.019048e-01	0.000000e+00	1	1.849555e-03
1.699533e-01	8.022222e-01	0.000000e+00	1	1.849555e-03
1.640730e-01	8.048889e-01	0.000000e+00	1	1.847561e-03
1.640063e-01	8.049048e-01	0.000000e+00	1	1.847561e-03
1.642243e-01	8.046381e-01	0.000000e+00	1	1.847561e-03
1.515784e-01	8.179302e-01	0.000000e+00	1	1.847561e-03
1.635777e-01	8.052063e-01	0.000000e+00	1	1.847561e-03
1.513147e-01	8.183746e-01	0.000000e+00	1	1.847561e-03
1.517451e-01	8.175905e-01	0.000000e+00	1	1.847561e-03
1.513814e-01	8.183587e-01	0.000000e+00	1	1.847561e-03
1.494244e-01	8.220857e-01	0.000000e+00	1	1.845019e-03
1.580634e-01	8.135873e-01	0.000000e+00	1	1.839588e-03
1.580819e-01	8.135079e-01	0.000000e+00	1	1.839588e-03
1.582407e-01	8.132317e-01	0.000000e+00	1	1.839588e-03
1.693841e-01	8.037048e-01	0.000000e+00	1	1.824123e-03
1.577078e-01	8.142286e-01	0.000000e+00	1	1.821100e-03
1.609272e-01	8.082032e-01	0.000000e+00	1	1.821100e-03
1.698093e-01	8.027175e-01	0.000000e+00	1	1.811100e-03
1.519740e-01	8.164381e-01	0.000000e+00	1	1.789271e-03
1.496277e-01	8.215587e-01	0.000000e+00	1	1.766004e-03
1.496277e-01	8.215587e-01	0.000000e+00	1	1.744463e-03
1.592169e-01	8.102698e-01	0.000000e+00	1	1.735467e-03
1.587502e-01	8.108952e-01	0.000000e+00	1	1.735467e-03
1.592785e-01	8.101746e-01	0.000000e+00	1	1.735467e-03
1.511690e-01	8.190540e-01	0.000000e+00	1	1.720092e-03
1.511735e-01	8.189841e-01	0.000000e+00	1	1.720092e-03
1.580819e-01	8.135079e-01	0.000000e+00	1	1.702765e-03
1.495456e-01	8.217683e-01	0.000000e+00	1	1.694414e-03
1.581771e-01	8.132857e-01	0.000000e+00	1	1.661932e-03
1.693841e-01	8.037048e-01	0.000000e+00	1	1.659678e-03
1.494085e-01	8.221238e-01	0.000000e+00	1	1.651648e-03
1.501197e-01	8.207841e-01	0.000000e+00	1	1.644049e-03
1.593563e-01	8.101111e-01	0.000000e+00	1	1.614157e-03
1.591840e-01	8.104286e-01	0.000000e+00	1	1.614157e-03
1.641687e-01	8.047333e-01	0.000000e+00	1	1.600954e-03
1.637957e-01	8.049397e-01	0.000000e+00	1	1.600954e-03
1.641290e-01	8.047492e-01	0.000000e+00	1	1.600954e-03
1.693616e-01	8.037270e-01	0.000000e+00	1	1.567908e-03
1.511555e-01	8.191492e-01	0.000000e+00	1	1.551014e-03
1.513814e-01	8.183587e-01	0.000000e+00	1	1.524970e-03
1.531146e-01	8.150794e-01	0.000000e+00	1	1.488860e-03
1.516784e-01	8.176063e-01	0.000000e+00	1	1.479644e-03
1.638623e-01	8.049238e-01	0.000000e+00	1	1.479644e-03
1.636444e-01	8.051905e-01	0.000000e+00	1	1.479644e-03
1.515118e-01	8.179460e-01	0.000000e+00	1	1.479644e-03
1.702321e-01	8.018476e-01	0.000000e+00	1	1.472171e-03
1.703818e-01	8.016063e-01	0.000000e+00	1	1.472171e-03
1.596956e-01	8.099048e-01	0.000000e+00	1	1.471670e-03
1.709811e-01	8.015429e-01	0.000000e+00	1	1.471670e-03
1.520084e-01	8.163746e-01	0.000000e+00	1	1.471670e-03
1.496277e-01	8.215587e-01	0.000000e+00	1	1.450820e-03
1.497517e-01	8.214635e-01	0.000000e+00	1	1.450820e-03
1.496864e-01	8.215397e-01	0.000000e+00	1	1.450820e-03
1.578745e-01	8.141111e-01	0.000000e+00	1	1.449196e-03
1.510344e-01	8.194444e-01	0.000000e+00	1	1.449016e-03
1.521198e-01	8.161206e-01	0.000000e+00	1	1.447389e-03
1.510922e-01	8.191587e-01	0.000000e+00	1	1.403847e-03
1.529480e-01	8.154190e-01	0.000000e+00	1	1.388863e-03
1.532432e-01	8.150635e-01	0.000000e+00	1	1.388863e-03
1.697620e-01	8.031016e-01	0.000000e+00	1	1.369819e-03
1.590446e-01	8.105873e-01	0.000000e+00	1	1.367550e-03
1.586057e-01	8.110698e-01	0.000000e+00	1	1.367550e-03
1.599099e-01	8.096603e-01	0.000000e+00	1	1.367550e-03
1.598483e-01	8.097556e-01	0.000000e+00	1	1.367550e-03
1.616180e-01	8.067873e-01	0.000000e+00	1	1.358938e-03
1.500697e-01	8.208413e-01	0.000000e+00	1	1.324503e-03
1.694356e-01	8.036476e-01	0.000000e+00	1	1.324503e-03
1.501197e-01	8.207841e-01	0.000000e+00	1	1.324503e-03
1.620977e-01	8.059079e-01	0.000000e+00	1	1.294014e-03
1.635222e-01	8.053016e-01	0.000000e+00	1	1.255455e-03
1.499956e-01	8.208794e-01	0.000000e+00	1	1.252913e-03
1.494512e-01	8.220317e-01	0.000000e+00	1	1.250920e-03
1.580306e-01	8.135968e-01	0.000000e+00	1	1.242260e-03
1.493739e-01	8.222762e-01	0.000000e+00	1	1.235298e-03
1.637401e-01	8.050349e-01	0.000000e+00	1	1.233037e-03
1.612712e-01	8.075238e-01	0.000000e+00	1	1.233037e-03
1.635777e-01	8.052063e-01	0.000000e+00	1	1.233037e-03
1.612093e-01	8.075937e-01	0.000000e+00	1	1.224418e-03
1.591113e-01	8.104762e-01	0.000000e+00	1	1.215847e-03
1.593563e-01	8.101111e-01	0.000000e+00	1	1.215847e-03
1.698078e-01	8.027683e-01	0.000000e+00	1	1.177336e-03
1.515909e-01	8.178921e-01	0.000000e+00	1	1.159501e-03
1.694356e-01	8.036476e-01	0.000000e+00	1	1.144593e-03
1.615667e-01	8.068254e-01	0.000000e+00	1	1.138188e-03
1.577899e-01	8.142063e-01	0.000000e+00	1	1.138188e-03
1.622971e-01	8.057206e-01	0.000000e+00	1	1.138188e-03
1.578412e-01	8.141175e-01	0.000000e+00	1	1.138188e-03
1.622458e-01	8.057587e-01	0.000000e+00	1	1.138188e-03
1.518140e-01	8.168667e-01	0.000000e+00	1	1.120942e-03
1.530641e-01	8.152698e-01	0.000000e+00	1	1.120942e-03
1.508046e-01	8.203968e-01	0.000000e+00	1	1.120942e-03
1.507541e-01	8.205873e-01	0.000000e+00	1	1.120942e-03
1.518645e-01	8.166762e-01	0.000000e+00	1	1.120942e-03
1.529480e-01	8.154190e-01	0.000000e+00	1	1.110558e-03
1.501197e-01	8.207841e-01	0.000000e+00	1	1.109733e-03
1.500697e-01	8.208413e-01	0.000000e+00	1	1.109733e-03
1.591840e-01	8.104286e-01	0.000000e+00	1	1.103753e-03
1.585687e-01	8.113143e-01	0.000000e+00	1	1.077848e-03
1.512569e-01	8.186603e-01	0.000000e+00	1	1.045600e-03
1.512314e-01	8.186984e-01	0.000000e+00	1	1.045600e-03
1.640730e-01	8.048889e-01	0.000000e+00	1	1.041009e-03
1.640735e-01	8.048444e-01	0.000000e+00	1	1.041009e-03
1.613267e-01	8.074286e-01	0.000000e+00	1	1.039807e-03
1.697773e-01	8.030571e-01	0.000000e+00	1	1.030169e-03
1.691853e-01	8.040444e-01	0.000000e+00	1	1.014705e-03
1.697472e-01	8.031302e-01	0.000000e+00	1	9.910614e-04
1.697620e-01	8.031016e-01	0.000000e+00	1	9.910614e-04
1.612606e-01	8.075556e-01	0.000000e+00	1	9.716026e-04
1.510417e-01	8.193492e-01	0.000000e+00	1	9.583441e-04
1.510849e-01	8.192540e-01	0.000000e+00	1	9.583441e-04
1.513074e-01	8.184698e-01	0.000000e+00	1	9.583441e-04
1.512240e-01	8.187937e-01	0.000000e+00	1	9.583441e-04
1.509584e-01	8.196730e-01	0.000000e+00	1	9.583441e-04
1.514169e-01	8.183270e-01	0.000000e+00	1	9.363022e-04
1.578745e-01	8.141111e-01	0.000000e+00	1	8.869889e-04
1.578412e-01	8.141175e-01	0.000000e+00	1	8.869889e-04
1.522636e-01	8.158190e-01	0.000000e+00	1	8.830022e-04
1.522864e-01	8.157810e-01	0.000000e+00	1	8.830022e-04
1.515784e-01	8.179302e-01	0.000000e+00	1	8.830022e-04
1.510089e-01	8.194825e-01	0.000000e+00	1	8.830022e-04
1.501197e-01	8.207841e-01	0.000000e+00	1	8.830022e-04
1.494244e-01	8.220857e-01	0.000000e+00	1	8.830022e-04
1.622971e-01	8.057206e-01	0.000000e+00	1	8.830022e-04
1.529708e-01	8.153810e-01	0.000000e+00	1	8.830022e-04
1.493580e-01	8.223143e-01	0.000000e+00	1	8.830022e-04
1.514169e-01	8.183270e-01	0.000000e+00	1	8.826252e-04
1.591891e-01	8.104127e-01	0.000000e+00	1	8.737787e-04
1.697084e-01	8.032921e-01	0.000000e+00	1	8.613189e-04
1.697472e-01	8.031302e-01	0.000000e+00	1	8.613189e-04
1.514613e-01	8.181365e-01	0.000000e+00	1	8.224013e-04
1.514814e-01	8.180349e-01	0.000000e+00	1	8.224013e-04
1.516784e-01	8.176063e-01	0.000000e+00	1	8.220243e-04
1.516414e-01	8.177016e-01	0.000000e+00	1	8.220243e-04
1.520084e-01	8.163746e-01	0.000000e+00	1	7.618712e-04
1.519740e-01	8.164381e-01	0.000000e+00	1	7.618712e-04
1.499183e-01	8.211810e-01	0.000000e+00	1	7.510313e-04
1.494512e-01	8.220317e-01	0.000000e+00	1	7.510313e-04
1.498845e-01	8.212762e-01	0.000000e+00	1	7.510313e-04
1.494850e-01	8.219365e-01	0.000000e+00	1	7.510313e-04
1.616910e-01	8.067778e-01	0.000000e+00	1	7.486610e-04
1.612712e-01	8.075238e-01	0.000000e+00	1	7.358352e-04
1.580634e-01	8.135873e-01	0.000000e+00	1	7.271754e-04
1.519597e-01	8.165492e-01	0.000000e+00	1	6.855179e-04
1.698078e-01	8.027683e-01	0.000000e+00	1	6.766714e-04
1.697773e-01	8.030571e-01	0.000000e+00	1	6.766714e-04
1.698379e-01	8.026952e-01	0.000000e+00	1	6.337635e-04
1.580634e-01	8.135873e-01	0.000000e+00	1	6.317627e-04
1.495017e-01	8.218413e-01	0.000000e+00	1	5.921060e-04
1.495118e-01	8.218254e-01	0.000000e+00	1	5.921060e-04
1.499451e-01	8.210698e-01	0.000000e+00	1	5.921060e-04
1.512569e-01	8.186603e-01	0.000000e+00	1	5.660143e-04
1.698093e-01	8.027175e-01	0.000000e+00	1	5.497805e-04
1.617148e-01	8.066762e-01	0.000000e+00	1	5.279104e-04
1.579232e-01	8.140952e-01	0.000000e+00	1	5.196759e-04
1.577899e-01	8.142063e-01	0.000000e+00	1	5.150846e-04
1.691628e-01	8.040667e-01	0.000000e+00	1	5.150846e-04
1.577078e-01	8.142286e-01	0.000000e+00	1	5.150846e-04
1.698379e-01	8.026952e-01	0.000000e+00	1	5.150846e-04
1.522636e-01	8.158190e-01	0.000000e+00	1	5.058611e-04
1.532660e-01	8.150254e-01	0.000000e+00	1	5.058611e-04
1.529708e-01	8.153810e-01	0.000000e+00	1	5.058611e-04
1.691628e-01	8.040667e-01	0.000000e+00	1	4.996200e-04
1.592836e-01	8.101587e-01	0.000000e+00	1	4.800118e-04
1.588118e-01	8.108000e-01	0.000000e+00	1	4.800118e-04
1.591062e-01	8.104921e-01	0.000000e+00	1	4.800118e-04
1.591840e-01	8.104286e-01	0.000000e+00	1	4.800118e-04
1.587451e-01	8.109111e-01	0.000000e+00	1	4.800118e-04
1.594280e-01	8.099841e-01	0.000000e+00	1	4.800118e-04
1.588168e-01	8.107841e-01	0.000000e+00	1	4.800118e-04
1.592119e-01	8.102857e-01	0.000000e+00	1	4.800118e-04
1.593613e-01	8.100952e-01	0.000000e+00	1	4.800118e-04
1.597007e-01	8.098889e-01	0.000000e+00	1	4.800118e-04
1.590446e-01	8.105873e-01	0.000000e+00	1	4.800118e-04
1.599149e-01	8.096444e-01	0.000000e+00	1	4.800118e-04
1.585636e-01	8.113302e-01	0.000000e+00	1	4.800118e-04
1.496864e-01	8.215397e-01	0.000000e+00	1	4.415011e-04
1.694388e-01	8.034984e-01	0.000000e+00	1	4.387464e-04
1.582407e-01	8.132317e-01	0.000000e+00	1	4.110122e-04
1.519578e-01	8.165651e-01	0.000000e+00	1	4.093883e-04
1.521179e-01	8.161365e-01	0.000000e+00	1	4.093883e-04
1.495017e-01	8.218413e-01	0.000000e+00	1	3.699110e-04
1.495623e-01	8.216349e-01	0.000000e+00	1	3.699110e-04
1.697084e-01	8.032921e-01	0.000000e+00	1	3.679176e-04
1.586057e-01	8.110698e-01	0.000000e+00	1	3.679176e-04
1.516784e-01	8.176063e-01	0.000000e+00	1	3.679176e-04
1.696344e-01	8.033079e-01	0.000000e+00	1	3.679176e-04
1.529377e-01	8.154571e-01	0.000000e+00	1	3.679176e-04
1.598483e-01	8.097556e-01	0.000000e+00	1	3.679176e-04
1.600483e-01	8.096286e-01	0.000000e+00	1	3.679176e-04
1.596956e-01	8.099048e-01	0.000000e+00	1	3.679176e-04
1.586007e-01	8.110857e-01	0.000000e+00	1	3.679176e-04
1.499350e-01	8.210857e-01	0.000000e+00	1	3.679176e-04
1.598432e-01	8.097714e-01	0.000000e+00	1	3.679176e-04
1.638623e-01	8.049238e-01	0.000000e+00	1	3.679176e-04
1.515118e-01	8.179460e-01	0.000000e+00	1	3.679176e-04
1.593563e-01	8.101111e-01	0.000000e+00	1	3.679176e-04
1.594230e-01	8.100000e-01	0.000000e+00	1	3.679176e-04
1.586724e-01	8.109587e-01	0.000000e+00	1	3.679176e-04
1.599099e-01	8.096603e-01	0.000000e+00	1	3.679176e-04
1.586673e-01	8.109746e-01	0.000000e+00	1	3.679176e-04
1.494244e-01	8.220857e-01	0.000000e+00	1	3.522961e-04
1.516414e-01	8.177016e-01	0.000000e+00	1	2.989179e-04
1.511555e-01	8.191492e-01	0.000000e+00	1	2.965476e-04
1.514235e-01	8.183206e-01	0.000000e+00	1	2.939571e-04
1.514747e-01	8.180413e-01	0.000000e+00	1	2.939571e-04
1.515784e-01	8.179302e-01	0.000000e+00	1	2.764991e-04
1.509344e-01	8.203937e-01	0.000000e+00	1	2.361817e-04
1.529377e-01	8.154571e-01	0.000000e+00	1	2.275554e-04
1.499350e-01	8.210857e-01	0.000000e+00	1	2.241885e-04
1.511690e-01	8.190540e-01	0.000000e+00	1	2.231209e-04
1.511589e-01	8.191429e-01	0.000000e+00	1	2.229641e-04
Total execution time: 37729.074
