# This file contains the data of final feasible population (if found)
# of objectives = 2, # of constraints = 0, # of real_var = 0, # of bits of bin_var = 0, constr_violation, rank, crowding_distance
1.612485e-01	7.852413e-01	0.000000e+00	1	1.000000e+14
1.461685e-01	8.073460e-01	0.000000e+00	1	1.000000e+14
1.551719e-01	7.941270e-01	0.000000e+00	1	2.219269e-01
1.484786e-01	8.005206e-01	0.000000e+00	1	2.219269e-01
1.551719e-01	7.941270e-01	0.000000e+00	1	1.446216e-01
1.484786e-01	8.005206e-01	0.000000e+00	1	1.446216e-01
1.603943e-01	7.864286e-01	0.000000e+00	1	6.404689e-02
1.591210e-01	7.873937e-01	0.000000e+00	1	6.404689e-02
1.464315e-01	8.065873e-01	0.000000e+00	1	1.534195e-02
1.604684e-01	7.861492e-01	0.000000e+00	1	1.356544e-02
1.608017e-01	7.860381e-01	0.000000e+00	1	1.356544e-02
1.612485e-01	7.852413e-01	0.000000e+00	1	1.356544e-02
1.464933e-01	8.059905e-01	0.000000e+00	1	1.349993e-02
1.483675e-01	8.006159e-01	0.000000e+00	1	1.337815e-02
1.482680e-01	8.010444e-01	0.000000e+00	1	1.299300e-02
1.608411e-01	7.856317e-01	0.000000e+00	1	1.164747e-02
1.580890e-01	7.889778e-01	0.000000e+00	1	1.111637e-02
1.465230e-01	8.053111e-01	0.000000e+00	1	1.105845e-02
1.465161e-01	8.058000e-01	0.000000e+00	1	1.105845e-02
1.609152e-01	7.853524e-01	0.000000e+00	1	1.105215e-02
1.584113e-01	7.886984e-01	0.000000e+00	1	1.068553e-02
1.608017e-01	7.860381e-01	0.000000e+00	1	1.049760e-02
1.585779e-01	7.879397e-01	0.000000e+00	1	1.026856e-02
1.585258e-01	7.883937e-01	0.000000e+00	1	1.026856e-02
1.481029e-01	8.014254e-01	0.000000e+00	1	1.010164e-02
1.558687e-01	7.910349e-01	0.000000e+00	1	9.464197e-03
1.558205e-01	7.918698e-01	0.000000e+00	1	9.464197e-03
1.552163e-01	7.936222e-01	0.000000e+00	1	9.464197e-03
1.553872e-01	7.931524e-01	0.000000e+00	1	9.464197e-03
1.558588e-01	7.914603e-01	0.000000e+00	1	9.388197e-03
1.577962e-01	7.890730e-01	0.000000e+00	1	9.371388e-03
1.559070e-01	7.906254e-01	0.000000e+00	1	9.263249e-03
1.554255e-01	7.927429e-01	0.000000e+00	1	9.263249e-03
1.551780e-01	7.940317e-01	0.000000e+00	1	9.263249e-03
1.558145e-01	7.919651e-01	0.000000e+00	1	8.917764e-03
1.591210e-01	7.873937e-01	0.000000e+00	1	8.785535e-03
1.603943e-01	7.864286e-01	0.000000e+00	1	8.775149e-03
1.558588e-01	7.914603e-01	0.000000e+00	1	8.738571e-03
1.476475e-01	8.027270e-01	0.000000e+00	1	8.584689e-03
1.580890e-01	7.889778e-01	0.000000e+00	1	8.380429e-03
1.481029e-01	8.014254e-01	0.000000e+00	1	8.251330e-03
1.481569e-01	8.011397e-01	0.000000e+00	1	8.251330e-03
1.480387e-01	8.017778e-01	0.000000e+00	1	7.970702e-03
1.565316e-01	7.901111e-01	0.000000e+00	1	7.702463e-03
1.580268e-01	7.889968e-01	0.000000e+00	1	7.647993e-03
1.571049e-01	7.898159e-01	0.000000e+00	1	7.541876e-03
1.558626e-01	7.911302e-01	0.000000e+00	1	7.468045e-03
1.557686e-01	7.922921e-01	0.000000e+00	1	7.396237e-03
1.563123e-01	7.901556e-01	0.000000e+00	1	7.271614e-03
1.462241e-01	8.072508e-01	0.000000e+00	1	7.190177e-03
1.573909e-01	7.895429e-01	0.000000e+00	1	6.969824e-03
1.462352e-01	8.069492e-01	0.000000e+00	1	6.821772e-03
1.475012e-01	8.028127e-01	0.000000e+00	1	6.789486e-03
1.478545e-01	8.022952e-01	0.000000e+00	1	6.678156e-03
1.478678e-01	8.020000e-01	0.000000e+00	1	6.678156e-03
1.589210e-01	7.874889e-01	0.000000e+00	1	6.631291e-03
1.609152e-01	7.853524e-01	0.000000e+00	1	6.319115e-03
1.608411e-01	7.856317e-01	0.000000e+00	1	6.319115e-03
1.584113e-01	7.886984e-01	0.000000e+00	1	6.319115e-03
1.604684e-01	7.861492e-01	0.000000e+00	1	6.319115e-03
1.586581e-01	7.877333e-01	0.000000e+00	1	6.061938e-03
1.588409e-01	7.876952e-01	0.000000e+00	1	6.061938e-03
1.484786e-01	8.005206e-01	0.000000e+00	1	5.838294e-03
1.481569e-01	8.011397e-01	0.000000e+00	1	5.838294e-03
1.482680e-01	8.010444e-01	0.000000e+00	1	5.838294e-03
1.569294e-01	7.898254e-01	0.000000e+00	1	5.818481e-03
1.468300e-01	8.040794e-01	0.000000e+00	1	5.471975e-03
1.465896e-01	8.049143e-01	0.000000e+00	1	5.421084e-03
1.572457e-01	7.896095e-01	0.000000e+00	1	5.246429e-03
1.470596e-01	8.035365e-01	0.000000e+00	1	5.226372e-03
1.468300e-01	8.040794e-01	0.000000e+00	1	5.226372e-03
1.477138e-01	8.025619e-01	0.000000e+00	1	5.214104e-03
1.467406e-01	8.044032e-01	0.000000e+00	1	5.062044e-03
1.465230e-01	8.053111e-01	0.000000e+00	1	5.062044e-03
1.609152e-01	7.853524e-01	0.000000e+00	1	4.969318e-03
1.552964e-01	7.934159e-01	0.000000e+00	1	4.961937e-03
1.465457e-01	8.051206e-01	0.000000e+00	1	4.667528e-03
1.477937e-01	8.023175e-01	0.000000e+00	1	4.529207e-03
1.576539e-01	7.892984e-01	0.000000e+00	1	4.431472e-03
1.556884e-01	7.924984e-01	0.000000e+00	1	4.431472e-03
1.575332e-01	7.893175e-01	0.000000e+00	1	4.431472e-03
1.584853e-01	7.885873e-01	0.000000e+00	1	4.409329e-03
1.552904e-01	7.935111e-01	0.000000e+00	1	4.409329e-03
1.466124e-01	8.047238e-01	0.000000e+00	1	4.308488e-03
1.465896e-01	8.049143e-01	0.000000e+00	1	4.308488e-03
1.467633e-01	8.042127e-01	0.000000e+00	1	4.308488e-03
1.465457e-01	8.051206e-01	0.000000e+00	1	4.308488e-03
1.464933e-01	8.059905e-01	0.000000e+00	1	4.308488e-03
1.465161e-01	8.058000e-01	0.000000e+00	1	4.308488e-03
1.470541e-01	8.037175e-01	0.000000e+00	1	4.277266e-03
1.470596e-01	8.035365e-01	0.000000e+00	1	4.277266e-03
1.576599e-01	7.892032e-01	0.000000e+00	1	4.215558e-03
1.573970e-01	7.894476e-01	0.000000e+00	1	4.215558e-03
1.574591e-01	7.894286e-01	0.000000e+00	1	4.143750e-03
1.574710e-01	7.893365e-01	0.000000e+00	1	4.143750e-03
1.567205e-01	7.899778e-01	0.000000e+00	1	4.143750e-03
1.577340e-01	7.890921e-01	0.000000e+00	1	4.143750e-03
1.566665e-01	7.900698e-01	0.000000e+00	1	4.143750e-03
1.577221e-01	7.891841e-01	0.000000e+00	1	4.143750e-03
1.552964e-01	7.934159e-01	0.000000e+00	1	4.006779e-03
1.555678e-01	7.925175e-01	0.000000e+00	1	4.000624e-03
1.561700e-01	7.903810e-01	0.000000e+00	1	4.000624e-03
1.560493e-01	7.904000e-01	0.000000e+00	1	4.000624e-03
1.467346e-01	8.044952e-01	0.000000e+00	1	3.996269e-03
1.473504e-01	8.030413e-01	0.000000e+00	1	3.996269e-03
1.466790e-01	8.045905e-01	0.000000e+00	1	3.996269e-03
1.474059e-01	8.029460e-01	0.000000e+00	1	3.996269e-03
1.462907e-01	8.068540e-01	0.000000e+00	1	3.996269e-03
1.462352e-01	8.069492e-01	0.000000e+00	1	3.996269e-03
1.463759e-01	8.066825e-01	0.000000e+00	1	3.996269e-03
1.466124e-01	8.047238e-01	0.000000e+00	1	3.996269e-03
1.480387e-01	8.017778e-01	0.000000e+00	1	3.854329e-03
1.553811e-01	7.932476e-01	0.000000e+00	1	3.805831e-03
1.571835e-01	7.896286e-01	0.000000e+00	1	3.784709e-03
1.477138e-01	8.025619e-01	0.000000e+00	1	3.734023e-03
1.557686e-01	7.922921e-01	0.000000e+00	1	3.603962e-03
1.474456e-01	8.029079e-01	0.000000e+00	1	3.469976e-03
1.472004e-01	8.032698e-01	0.000000e+00	1	3.441576e-03
1.472652e-01	8.032127e-01	0.000000e+00	1	3.441576e-03
1.551780e-01	7.940317e-01	0.000000e+00	1	3.424769e-03
1.553872e-01	7.931524e-01	0.000000e+00	1	3.424769e-03
1.559070e-01	7.906254e-01	0.000000e+00	1	3.424769e-03
1.483675e-01	8.006159e-01	0.000000e+00	1	3.298900e-03
1.584914e-01	7.884921e-01	0.000000e+00	1	3.093597e-03
1.477804e-01	8.024286e-01	0.000000e+00	1	3.015941e-03
1.467633e-01	8.042127e-01	0.000000e+00	1	3.015941e-03
1.469041e-01	8.039460e-01	0.000000e+00	1	3.015941e-03
1.471263e-01	8.034032e-01	0.000000e+00	1	3.015941e-03
1.471263e-01	8.034032e-01	0.000000e+00	1	3.015941e-03
1.472004e-01	8.032698e-01	0.000000e+00	1	3.015941e-03
1.469689e-01	8.038889e-01	0.000000e+00	1	3.010727e-03
1.479789e-01	8.019048e-01	0.000000e+00	1	2.870443e-03
1.478923e-01	8.019492e-01	0.000000e+00	1	2.870443e-03
1.553811e-01	7.932476e-01	0.000000e+00	1	2.807693e-03
1.463574e-01	8.067206e-01	0.000000e+00	1	2.703723e-03
1.463018e-01	8.068159e-01	0.000000e+00	1	2.703723e-03
1.474456e-01	8.029079e-01	0.000000e+00	1	2.703723e-03
1.588470e-01	7.876000e-01	0.000000e+00	1	2.614126e-03
1.589150e-01	7.875841e-01	0.000000e+00	1	2.614126e-03
1.586520e-01	7.878286e-01	0.000000e+00	1	2.614126e-03
1.466679e-01	8.046286e-01	0.000000e+00	1	2.522649e-03
1.478545e-01	8.022952e-01	0.000000e+00	1	2.518580e-03
1.477804e-01	8.024286e-01	0.000000e+00	1	2.513285e-03
1.472956e-01	8.031365e-01	0.000000e+00	1	2.494249e-03
1.555678e-01	7.925175e-01	0.000000e+00	1	2.492163e-03
1.563123e-01	7.901556e-01	0.000000e+00	1	2.492163e-03
1.567945e-01	7.898667e-01	0.000000e+00	1	2.492163e-03
1.568567e-01	7.898476e-01	0.000000e+00	1	2.492163e-03
1.566043e-01	7.900889e-01	0.000000e+00	1	2.492163e-03
1.560493e-01	7.904000e-01	0.000000e+00	1	2.492163e-03
1.557567e-01	7.923841e-01	0.000000e+00	1	2.492163e-03
1.556945e-01	7.924032e-01	0.000000e+00	1	2.492163e-03
1.559871e-01	7.904190e-01	0.000000e+00	1	2.477155e-03
1.562501e-01	7.901746e-01	0.000000e+00	1	2.477155e-03
1.472004e-01	8.032698e-01	0.000000e+00	1	2.456034e-03
1.604684e-01	7.861492e-01	0.000000e+00	1	2.456034e-03
1.469041e-01	8.039460e-01	0.000000e+00	1	2.456034e-03
1.471263e-01	8.034032e-01	0.000000e+00	1	2.456034e-03
1.553811e-01	7.932476e-01	0.000000e+00	1	2.355192e-03
1.589210e-01	7.874889e-01	0.000000e+00	1	2.355192e-03
1.586520e-01	7.878286e-01	0.000000e+00	1	2.355192e-03
1.556884e-01	7.924984e-01	0.000000e+00	1	2.355192e-03
1.551719e-01	7.941270e-01	0.000000e+00	1	2.355192e-03
1.585258e-01	7.883937e-01	0.000000e+00	1	2.355192e-03
1.588470e-01	7.876000e-01	0.000000e+00	1	2.355192e-03
1.584173e-01	7.886032e-01	0.000000e+00	1	2.355192e-03
1.585779e-01	7.879397e-01	0.000000e+00	1	2.355192e-03
1.559131e-01	7.905302e-01	0.000000e+00	1	2.355192e-03
1.569294e-01	7.898254e-01	0.000000e+00	1	2.276738e-03
1.584173e-01	7.886032e-01	0.000000e+00	1	2.255085e-03
1.552223e-01	7.935270e-01	0.000000e+00	1	2.255085e-03
1.585840e-01	7.878444e-01	0.000000e+00	1	2.255085e-03
1.566665e-01	7.900698e-01	0.000000e+00	1	2.221042e-03
1.471263e-01	8.034032e-01	0.000000e+00	1	2.210430e-03
1.467633e-01	8.042127e-01	0.000000e+00	1	2.210430e-03
1.477138e-01	8.025619e-01	0.000000e+00	1	2.210430e-03
1.477804e-01	8.024286e-01	0.000000e+00	1	2.210430e-03
1.476475e-01	8.027270e-01	0.000000e+00	1	2.198162e-03
1.585197e-01	7.884889e-01	0.000000e+00	1	2.154244e-03
1.552223e-01	7.935270e-01	0.000000e+00	1	2.154244e-03
1.552163e-01	7.936222e-01	0.000000e+00	1	2.154244e-03
1.556945e-01	7.924032e-01	0.000000e+00	1	2.154244e-03
1.586581e-01	7.877333e-01	0.000000e+00	1	2.154244e-03
1.588409e-01	7.876952e-01	0.000000e+00	1	2.154244e-03
1.576539e-01	7.892984e-01	0.000000e+00	1	2.154244e-03
1.554315e-01	7.926476e-01	0.000000e+00	1	2.154244e-03
1.561700e-01	7.903810e-01	0.000000e+00	1	2.154244e-03
1.561760e-01	7.902857e-01	0.000000e+00	1	2.154244e-03
1.554255e-01	7.927429e-01	0.000000e+00	1	2.154244e-03
1.475012e-01	8.028127e-01	0.000000e+00	1	2.154244e-03
1.589150e-01	7.875841e-01	0.000000e+00	1	2.154244e-03
1.558626e-01	7.911302e-01	0.000000e+00	1	2.154244e-03
1.483675e-01	8.006159e-01	0.000000e+00	1	2.154244e-03
1.585840e-01	7.878444e-01	0.000000e+00	1	2.154244e-03
1.584113e-01	7.886984e-01	0.000000e+00	1	2.154244e-03
1.462241e-01	8.072508e-01	0.000000e+00	1	2.154244e-03
1.589210e-01	7.874889e-01	0.000000e+00	1	2.154244e-03
1.558687e-01	7.910349e-01	0.000000e+00	1	2.154244e-03
1.463018e-01	8.068159e-01	0.000000e+00	1	2.154244e-03
1.558145e-01	7.919651e-01	0.000000e+00	1	2.154244e-03
1.463574e-01	8.067206e-01	0.000000e+00	1	2.154244e-03
1.461685e-01	8.073460e-01	0.000000e+00	1	2.154244e-03
1.464315e-01	8.065873e-01	0.000000e+00	1	2.154244e-03
1.558205e-01	7.918698e-01	0.000000e+00	1	2.154244e-03
1.469041e-01	8.039460e-01	0.000000e+00	1	2.149029e-03
1.568673e-01	7.898444e-01	0.000000e+00	1	2.133122e-03
1.559752e-01	7.905111e-01	0.000000e+00	1	2.082436e-03
1.554937e-01	7.926286e-01	0.000000e+00	1	2.082436e-03
1.467346e-01	8.044952e-01	0.000000e+00	1	2.082436e-03
1.555056e-01	7.925365e-01	0.000000e+00	1	2.082436e-03
1.557567e-01	7.923841e-01	0.000000e+00	1	2.082436e-03
1.467406e-01	8.044032e-01	0.000000e+00	1	2.082436e-03
1.562382e-01	7.902667e-01	0.000000e+00	1	2.082436e-03
1.561760e-01	7.902857e-01	0.000000e+00	1	2.061314e-03
1.555056e-01	7.925365e-01	0.000000e+00	1	2.061314e-03
1.559131e-01	7.905302e-01	0.000000e+00	1	2.061314e-03
1.567826e-01	7.899587e-01	0.000000e+00	1	2.061314e-03
1.577962e-01	7.890730e-01	0.000000e+00	1	2.061314e-03
1.565937e-01	7.900921e-01	0.000000e+00	1	2.061314e-03
1.565316e-01	7.901111e-01	0.000000e+00	1	2.061314e-03
1.559752e-01	7.905111e-01	0.000000e+00	1	2.061314e-03
1.580268e-01	7.889968e-01	0.000000e+00	1	2.061314e-03
1.572457e-01	7.896095e-01	0.000000e+00	1	2.061314e-03
1.559871e-01	7.904190e-01	0.000000e+00	1	2.061314e-03
1.562501e-01	7.901746e-01	0.000000e+00	1	2.061314e-03
1.562382e-01	7.902667e-01	0.000000e+00	1	2.061314e-03
1.554315e-01	7.926476e-01	0.000000e+00	1	2.061314e-03
1.554937e-01	7.926286e-01	0.000000e+00	1	2.061314e-03
1.575332e-01	7.893175e-01	0.000000e+00	1	2.061314e-03
1.567945e-01	7.898667e-01	0.000000e+00	1	2.055283e-03
1.464315e-01	8.065873e-01	0.000000e+00	1	2.051438e-03
1.464933e-01	8.059905e-01	0.000000e+00	1	2.051438e-03
1.567932e-01	7.899556e-01	0.000000e+00	1	2.010628e-03
1.478678e-01	8.020000e-01	0.000000e+00	1	1.962537e-03
1.479789e-01	8.019048e-01	0.000000e+00	1	1.962537e-03
1.476475e-01	8.027270e-01	0.000000e+00	1	1.938819e-03
1.571716e-01	7.897206e-01	0.000000e+00	1	1.887519e-03
1.571094e-01	7.897397e-01	0.000000e+00	1	1.872511e-03
1.466679e-01	8.046286e-01	0.000000e+00	1	1.842025e-03
1.462241e-01	8.072508e-01	0.000000e+00	1	1.842025e-03
1.461685e-01	8.073460e-01	0.000000e+00	1	1.842025e-03
1.475012e-01	8.028127e-01	0.000000e+00	1	1.842025e-03
1.478923e-01	8.019492e-01	0.000000e+00	1	1.818921e-03
1.571168e-01	7.897238e-01	0.000000e+00	1	1.815711e-03
1.567205e-01	7.899778e-01	0.000000e+00	1	1.790193e-03
1.585258e-01	7.883937e-01	0.000000e+00	1	1.728793e-03
1.585779e-01	7.879397e-01	0.000000e+00	1	1.728793e-03
1.580268e-01	7.889968e-01	0.000000e+00	1	1.723395e-03
1.480034e-01	8.018540e-01	0.000000e+00	1	1.723395e-03
1.571790e-01	7.897048e-01	0.000000e+00	1	1.723395e-03
1.573909e-01	7.895429e-01	0.000000e+00	1	1.507971e-03
1.572457e-01	7.896095e-01	0.000000e+00	1	1.507971e-03
1.469993e-01	8.038127e-01	0.000000e+00	1	1.502021e-03
1.472956e-01	8.031365e-01	0.000000e+00	1	1.502021e-03
1.469800e-01	8.038508e-01	0.000000e+00	1	1.502021e-03
1.463759e-01	8.066825e-01	0.000000e+00	1	1.475706e-03
1.473504e-01	8.030413e-01	0.000000e+00	1	1.475706e-03
1.473319e-01	8.030794e-01	0.000000e+00	1	1.475706e-03
1.465457e-01	8.051206e-01	0.000000e+00	1	1.456875e-03
1.465896e-01	8.049143e-01	0.000000e+00	1	1.456875e-03
1.474059e-01	8.029460e-01	0.000000e+00	1	1.315732e-03
1.608411e-01	7.856317e-01	0.000000e+00	1	1.306163e-03
1.473319e-01	8.030794e-01	0.000000e+00	1	1.292546e-03
1.470356e-01	8.037556e-01	0.000000e+00	1	1.292546e-03
1.469041e-01	8.039460e-01	0.000000e+00	1	1.292546e-03
1.469993e-01	8.038127e-01	0.000000e+00	1	1.292546e-03
1.469689e-01	8.038889e-01	0.000000e+00	1	1.292546e-03
1.558205e-01	7.918698e-01	0.000000e+00	1	1.270525e-03
1.552163e-01	7.936222e-01	0.000000e+00	1	1.270525e-03
1.558687e-01	7.910349e-01	0.000000e+00	1	1.270525e-03
1.554255e-01	7.927429e-01	0.000000e+00	1	1.270525e-03
1.466790e-01	8.045905e-01	0.000000e+00	1	1.230103e-03
1.469800e-01	8.038508e-01	0.000000e+00	1	1.230103e-03
1.472763e-01	8.031746e-01	0.000000e+00	1	1.230103e-03
1.473319e-01	8.030794e-01	0.000000e+00	1	1.201702e-03
1.470356e-01	8.037556e-01	0.000000e+00	1	1.201702e-03
1.469993e-01	8.038127e-01	0.000000e+00	1	1.201702e-03
1.480034e-01	8.018540e-01	0.000000e+00	1	1.167965e-03
1.480387e-01	8.017778e-01	0.000000e+00	1	1.167965e-03
1.478923e-01	8.019492e-01	0.000000e+00	1	1.148930e-03
1.480034e-01	8.018540e-01	0.000000e+00	1	1.148930e-03
1.585197e-01	7.884889e-01	0.000000e+00	1	1.011161e-03
1.565316e-01	7.901111e-01	0.000000e+00	1	1.005314e-03
1.563123e-01	7.901556e-01	0.000000e+00	1	1.005314e-03
1.479789e-01	8.019048e-01	0.000000e+00	1	1.005314e-03
1.477937e-01	8.023175e-01	0.000000e+00	1	9.427678e-04
1.466679e-01	8.046286e-01	0.000000e+00	1	8.616975e-04
1.462907e-01	8.068540e-01	0.000000e+00	1	8.616975e-04
1.474059e-01	8.029460e-01	0.000000e+00	1	8.616975e-04
1.586581e-01	7.877333e-01	0.000000e+00	1	8.616975e-04
1.472652e-01	8.032127e-01	0.000000e+00	1	8.616975e-04
1.472763e-01	8.031746e-01	0.000000e+00	1	8.616975e-04
1.588409e-01	7.876952e-01	0.000000e+00	1	8.616975e-04
1.574591e-01	7.894286e-01	0.000000e+00	1	8.255685e-04
1.480034e-01	8.018540e-01	0.000000e+00	1	8.136072e-04
1.465161e-01	8.058000e-01	0.000000e+00	1	7.535558e-04
1.464933e-01	8.059905e-01	0.000000e+00	1	7.535558e-04
1.466124e-01	8.047238e-01	0.000000e+00	1	7.535558e-04
1.467633e-01	8.042127e-01	0.000000e+00	1	7.535558e-04
1.465457e-01	8.051206e-01	0.000000e+00	1	7.535558e-04
1.470369e-01	8.037270e-01	0.000000e+00	1	6.909283e-04
1.470356e-01	8.037556e-01	0.000000e+00	1	6.909283e-04
1.472763e-01	8.031746e-01	0.000000e+00	1	6.403231e-04
1.554315e-01	7.926476e-01	0.000000e+00	1	6.317970e-04
1.573970e-01	7.894476e-01	0.000000e+00	1	6.317970e-04
1.561760e-01	7.902857e-01	0.000000e+00	1	6.317970e-04
1.463574e-01	8.067206e-01	0.000000e+00	1	6.140084e-04
1.571716e-01	7.897206e-01	0.000000e+00	1	6.046440e-04
1.571094e-01	7.897397e-01	0.000000e+00	1	6.046440e-04
1.571835e-01	7.896286e-01	0.000000e+00	1	5.799651e-04
1.470369e-01	8.037270e-01	0.000000e+00	1	5.693533e-04
1.470541e-01	8.037175e-01	0.000000e+00	1	5.693533e-04
1.552223e-01	7.935270e-01	0.000000e+00	1	5.599889e-04
1.584853e-01	7.885873e-01	0.000000e+00	1	5.599889e-04
1.552904e-01	7.935111e-01	0.000000e+00	1	5.599889e-04
1.478545e-01	8.022952e-01	0.000000e+00	1	4.401109e-04
1.478678e-01	8.020000e-01	0.000000e+00	1	4.401109e-04
1.477804e-01	8.024286e-01	0.000000e+00	1	4.401109e-04
1.555056e-01	7.925365e-01	0.000000e+00	1	4.308488e-04
1.562501e-01	7.901746e-01	0.000000e+00	1	4.308488e-04
1.562382e-01	7.902667e-01	0.000000e+00	1	4.308488e-04
1.576599e-01	7.892032e-01	0.000000e+00	1	4.308488e-04
1.560493e-01	7.904000e-01	0.000000e+00	1	4.308488e-04
1.575332e-01	7.893175e-01	0.000000e+00	1	4.308488e-04
1.577962e-01	7.890730e-01	0.000000e+00	1	4.308488e-04
1.567205e-01	7.899778e-01	0.000000e+00	1	4.308488e-04
1.569294e-01	7.898254e-01	0.000000e+00	1	4.308488e-04
1.574710e-01	7.893365e-01	0.000000e+00	1	4.308488e-04
1.567826e-01	7.899587e-01	0.000000e+00	1	4.308488e-04
1.559131e-01	7.905302e-01	0.000000e+00	1	4.308488e-04
1.559752e-01	7.905111e-01	0.000000e+00	1	4.308488e-04
1.561700e-01	7.903810e-01	0.000000e+00	1	4.308488e-04
1.554937e-01	7.926286e-01	0.000000e+00	1	4.308488e-04
1.568673e-01	7.898444e-01	0.000000e+00	1	4.308488e-04
1.555678e-01	7.925175e-01	0.000000e+00	1	4.308488e-04
1.565937e-01	7.900921e-01	0.000000e+00	1	4.308488e-04
1.577221e-01	7.891841e-01	0.000000e+00	1	4.308488e-04
1.577340e-01	7.890921e-01	0.000000e+00	1	4.308488e-04
1.580268e-01	7.889968e-01	0.000000e+00	1	4.308488e-04
1.559871e-01	7.904190e-01	0.000000e+00	1	4.308488e-04
1.567826e-01	7.899587e-01	0.000000e+00	1	4.218727e-04
1.565937e-01	7.900921e-01	0.000000e+00	1	4.218727e-04
1.566043e-01	7.900889e-01	0.000000e+00	1	4.218727e-04
1.555056e-01	7.925365e-01	0.000000e+00	1	3.947197e-04
1.559752e-01	7.905111e-01	0.000000e+00	1	3.947197e-04
1.557567e-01	7.923841e-01	0.000000e+00	1	3.947197e-04
1.554937e-01	7.926286e-01	0.000000e+00	1	3.947197e-04
1.562382e-01	7.902667e-01	0.000000e+00	1	3.947197e-04
1.574710e-01	7.893365e-01	0.000000e+00	1	3.947197e-04
1.557686e-01	7.922921e-01	0.000000e+00	1	3.947197e-04
1.577221e-01	7.891841e-01	0.000000e+00	1	3.947197e-04
1.577340e-01	7.890921e-01	0.000000e+00	1	3.947197e-04
1.462907e-01	8.068540e-01	0.000000e+00	1	3.684051e-04
1.463018e-01	8.068159e-01	0.000000e+00	1	3.684051e-04
1.462352e-01	8.069492e-01	0.000000e+00	1	3.684051e-04
1.472652e-01	8.032127e-01	0.000000e+00	1	3.684051e-04
1.469689e-01	8.038889e-01	0.000000e+00	1	3.684051e-04
1.571049e-01	7.898159e-01	0.000000e+00	1	3.645407e-04
1.584173e-01	7.886032e-01	0.000000e+00	1	3.590406e-04
1.571790e-01	7.897048e-01	0.000000e+00	1	3.590406e-04
1.571168e-01	7.897238e-01	0.000000e+00	1	3.590406e-04
1.585840e-01	7.878444e-01	0.000000e+00	1	3.590406e-04
1.568673e-01	7.898444e-01	0.000000e+00	1	3.500645e-04
1.567932e-01	7.899556e-01	0.000000e+00	1	3.500645e-04
1.568567e-01	7.898476e-01	0.000000e+00	1	3.500645e-04
1.571168e-01	7.897238e-01	0.000000e+00	1	3.174115e-04
1.571790e-01	7.897048e-01	0.000000e+00	1	2.456034e-04
1.465161e-01	8.058000e-01	0.000000e+00	1	2.288577e-04
1.465230e-01	8.053111e-01	0.000000e+00	1	2.288577e-04
1.470369e-01	8.037270e-01	0.000000e+00	1	2.154244e-04
1.470541e-01	8.037175e-01	0.000000e+00	1	2.154244e-04
1.556945e-01	7.924032e-01	0.000000e+00	1	2.009482e-04
1.558626e-01	7.911302e-01	0.000000e+00	1	2.009482e-04
1.576539e-01	7.892984e-01	0.000000e+00	1	2.009482e-04
1.576599e-01	7.892032e-01	0.000000e+00	1	2.009482e-04
1.589150e-01	7.875841e-01	0.000000e+00	1	2.009482e-04
1.554255e-01	7.927429e-01	0.000000e+00	1	2.009482e-04
1.586581e-01	7.877333e-01	0.000000e+00	1	2.009482e-04
1.584113e-01	7.886984e-01	0.000000e+00	1	2.009482e-04
1.584914e-01	7.884921e-01	0.000000e+00	1	2.009482e-04
1.585840e-01	7.878444e-01	0.000000e+00	1	2.009482e-04
1.573909e-01	7.895429e-01	0.000000e+00	1	2.009482e-04
1.558145e-01	7.919651e-01	0.000000e+00	1	2.009482e-04
1.561700e-01	7.903810e-01	0.000000e+00	1	2.009482e-04
1.585197e-01	7.884889e-01	0.000000e+00	1	2.009482e-04
1.588409e-01	7.876952e-01	0.000000e+00	1	2.009482e-04
1.559070e-01	7.906254e-01	0.000000e+00	1	2.009482e-04
1.551780e-01	7.940317e-01	0.000000e+00	1	2.009482e-04
1.467346e-01	8.044952e-01	0.000000e+00	1	1.999668e-04
1.467406e-01	8.044032e-01	0.000000e+00	1	1.999668e-04
1.571790e-01	7.897048e-01	0.000000e+00	1	1.491163e-04
1.558626e-01	7.911302e-01	0.000000e+00	1	1.249486e-04
1.567932e-01	7.899556e-01	0.000000e+00	1	7.180813e-05
1.584914e-01	7.884921e-01	0.000000e+00	1	7.180813e-05
1.568567e-01	7.898476e-01	0.000000e+00	1	7.180813e-05
1.567932e-01	7.899556e-01	0.000000e+00	1	4.465516e-05
1.584113e-01	7.886984e-01	0.000000e+00	1	0.000000e+00
1.551780e-01	7.940317e-01	0.000000e+00	1	0.000000e+00
1.555678e-01	7.925175e-01	0.000000e+00	1	0.000000e+00
1.571835e-01	7.896286e-01	0.000000e+00	1	0.000000e+00
1.469041e-01	8.039460e-01	0.000000e+00	1	0.000000e+00
1.574710e-01	7.893365e-01	0.000000e+00	1	0.000000e+00
1.558626e-01	7.911302e-01	0.000000e+00	1	0.000000e+00
1.562382e-01	7.902667e-01	0.000000e+00	1	0.000000e+00
1.477804e-01	8.024286e-01	0.000000e+00	1	0.000000e+00
1.552163e-01	7.936222e-01	0.000000e+00	1	0.000000e+00
1.553872e-01	7.931524e-01	0.000000e+00	1	0.000000e+00
1.463018e-01	8.068159e-01	0.000000e+00	1	0.000000e+00
1.561700e-01	7.903810e-01	0.000000e+00	1	0.000000e+00
1.567932e-01	7.899556e-01	0.000000e+00	1	0.000000e+00
1.571835e-01	7.896286e-01	0.000000e+00	1	0.000000e+00
1.576539e-01	7.892984e-01	0.000000e+00	1	0.000000e+00
1.557567e-01	7.923841e-01	0.000000e+00	1	0.000000e+00
1.580268e-01	7.889968e-01	0.000000e+00	1	0.000000e+00
1.559131e-01	7.905302e-01	0.000000e+00	1	0.000000e+00
1.477138e-01	8.025619e-01	0.000000e+00	1	0.000000e+00
1.465457e-01	8.051206e-01	0.000000e+00	1	0.000000e+00
1.467346e-01	8.044952e-01	0.000000e+00	1	0.000000e+00
1.566665e-01	7.900698e-01	0.000000e+00	1	0.000000e+00
1.585258e-01	7.883937e-01	0.000000e+00	1	0.000000e+00
1.559752e-01	7.905111e-01	0.000000e+00	1	0.000000e+00
1.573909e-01	7.895429e-01	0.000000e+00	1	0.000000e+00
1.563123e-01	7.901556e-01	0.000000e+00	1	0.000000e+00
1.558687e-01	7.910349e-01	0.000000e+00	1	0.000000e+00
1.571168e-01	7.897238e-01	0.000000e+00	1	0.000000e+00
1.585197e-01	7.884889e-01	0.000000e+00	1	0.000000e+00
1.562382e-01	7.902667e-01	0.000000e+00	1	0.000000e+00
1.576539e-01	7.892984e-01	0.000000e+00	1	0.000000e+00
1.463574e-01	8.067206e-01	0.000000e+00	1	0.000000e+00
1.482680e-01	8.010444e-01	0.000000e+00	1	0.000000e+00
1.571094e-01	7.897397e-01	0.000000e+00	1	0.000000e+00
1.558145e-01	7.919651e-01	0.000000e+00	1	0.000000e+00
1.575332e-01	7.893175e-01	0.000000e+00	1	0.000000e+00
1.473504e-01	8.030413e-01	0.000000e+00	1	0.000000e+00
1.552163e-01	7.936222e-01	0.000000e+00	1	0.000000e+00
1.568567e-01	7.898476e-01	0.000000e+00	1	0.000000e+00
1.477804e-01	8.024286e-01	0.000000e+00	1	0.000000e+00
1.588470e-01	7.876000e-01	0.000000e+00	1	0.000000e+00
1.580268e-01	7.889968e-01	0.000000e+00	1	0.000000e+00
1.562382e-01	7.902667e-01	0.000000e+00	1	0.000000e+00
1.584173e-01	7.886032e-01	0.000000e+00	1	0.000000e+00
1.571716e-01	7.897206e-01	0.000000e+00	1	0.000000e+00
1.475012e-01	8.028127e-01	0.000000e+00	1	0.000000e+00
1.589210e-01	7.874889e-01	0.000000e+00	1	0.000000e+00
1.552223e-01	7.935270e-01	0.000000e+00	1	0.000000e+00
1.557567e-01	7.923841e-01	0.000000e+00	1	0.000000e+00
1.464933e-01	8.059905e-01	0.000000e+00	1	0.000000e+00
1.555678e-01	7.925175e-01	0.000000e+00	1	0.000000e+00
1.573970e-01	7.894476e-01	0.000000e+00	1	0.000000e+00
1.462907e-01	8.068540e-01	0.000000e+00	1	0.000000e+00
1.558145e-01	7.919651e-01	0.000000e+00	1	0.000000e+00
1.474456e-01	8.029079e-01	0.000000e+00	1	0.000000e+00
1.554937e-01	7.926286e-01	0.000000e+00	1	0.000000e+00
1.585840e-01	7.878444e-01	0.000000e+00	1	0.000000e+00
1.555056e-01	7.925365e-01	0.000000e+00	1	0.000000e+00
1.467346e-01	8.044952e-01	0.000000e+00	1	0.000000e+00
1.586520e-01	7.878286e-01	0.000000e+00	1	0.000000e+00
1.567932e-01	7.899556e-01	0.000000e+00	1	0.000000e+00
1.585779e-01	7.879397e-01	0.000000e+00	1	0.000000e+00
1.573909e-01	7.895429e-01	0.000000e+00	1	0.000000e+00
1.568673e-01	7.898444e-01	0.000000e+00	1	0.000000e+00
1.561700e-01	7.903810e-01	0.000000e+00	1	0.000000e+00
1.559752e-01	7.905111e-01	0.000000e+00	1	0.000000e+00
1.559752e-01	7.905111e-01	0.000000e+00	1	0.000000e+00
1.588470e-01	7.876000e-01	0.000000e+00	1	0.000000e+00
1.608411e-01	7.856317e-01	0.000000e+00	1	0.000000e+00
1.465896e-01	8.049143e-01	0.000000e+00	1	0.000000e+00
1.473319e-01	8.030794e-01	0.000000e+00	1	0.000000e+00
1.477804e-01	8.024286e-01	0.000000e+00	1	0.000000e+00
1.571168e-01	7.897238e-01	0.000000e+00	1	0.000000e+00
1.571835e-01	7.896286e-01	0.000000e+00	1	0.000000e+00
1.554937e-01	7.926286e-01	0.000000e+00	1	0.000000e+00
1.467406e-01	8.044032e-01	0.000000e+00	1	0.000000e+00
1.572457e-01	7.896095e-01	0.000000e+00	1	0.000000e+00
1.552904e-01	7.935111e-01	0.000000e+00	1	0.000000e+00
1.556884e-01	7.924984e-01	0.000000e+00	1	0.000000e+00
1.474059e-01	8.029460e-01	0.000000e+00	1	0.000000e+00
1.553811e-01	7.932476e-01	0.000000e+00	1	0.000000e+00
1.473504e-01	8.030413e-01	0.000000e+00	1	0.000000e+00
1.573970e-01	7.894476e-01	0.000000e+00	1	0.000000e+00
1.557686e-01	7.922921e-01	0.000000e+00	1	0.000000e+00
1.566665e-01	7.900698e-01	0.000000e+00	1	0.000000e+00
1.577962e-01	7.890730e-01	0.000000e+00	1	0.000000e+00
1.571835e-01	7.896286e-01	0.000000e+00	1	0.000000e+00
1.558205e-01	7.918698e-01	0.000000e+00	1	0.000000e+00
1.559752e-01	7.905111e-01	0.000000e+00	1	0.000000e+00
1.461685e-01	8.073460e-01	0.000000e+00	1	0.000000e+00
1.571168e-01	7.897238e-01	0.000000e+00	1	0.000000e+00
1.571835e-01	7.896286e-01	0.000000e+00	1	0.000000e+00
1.555056e-01	7.925365e-01	0.000000e+00	1	0.000000e+00
1.575332e-01	7.893175e-01	0.000000e+00	1	0.000000e+00
1.466790e-01	8.045905e-01	0.000000e+00	1	0.000000e+00
1.465230e-01	8.053111e-01	0.000000e+00	1	0.000000e+00
1.554315e-01	7.926476e-01	0.000000e+00	1	0.000000e+00
1.562501e-01	7.901746e-01	0.000000e+00	1	0.000000e+00
1.560493e-01	7.904000e-01	0.000000e+00	1	0.000000e+00
1.558145e-01	7.919651e-01	0.000000e+00	1	0.000000e+00
1.555056e-01	7.925365e-01	0.000000e+00	1	0.000000e+00
1.467406e-01	8.044032e-01	0.000000e+00	1	0.000000e+00
1.552964e-01	7.934159e-01	0.000000e+00	1	0.000000e+00
Total execution time: 37758.433
