# This file contains the data of final feasible population (if found)
# of objectives = 2, # of constraints = 0, # of real_var = 0, # of bits of bin_var = 0, constr_violation, rank, crowding_distance
1.668695e-01	7.884952e-01	0.000000e+00	1	1.000000e+14
1.507509e-01	8.157841e-01	0.000000e+00	1	1.000000e+14
1.566905e-01	8.023143e-01	0.000000e+00	1	1.727804e-01
1.540301e-01	8.116032e-01	0.000000e+00	1	1.701954e-01
1.604200e-01	7.933016e-01	0.000000e+00	1	9.201954e-02
1.603484e-01	7.983238e-01	0.000000e+00	1	9.201954e-02
1.540301e-01	8.116032e-01	0.000000e+00	1	8.426884e-02
1.566905e-01	8.023143e-01	0.000000e+00	1	8.252384e-02
1.627983e-01	7.913143e-01	0.000000e+00	1	7.166892e-02
1.650187e-01	7.911619e-01	0.000000e+00	1	6.887692e-02
1.517951e-01	8.146889e-01	0.000000e+00	1	5.157735e-02
1.585040e-01	8.000190e-01	0.000000e+00	1	4.993830e-02
1.573029e-01	8.007111e-01	0.000000e+00	1	4.993830e-02
1.617854e-01	7.915111e-01	0.000000e+00	1	3.502763e-02
1.627983e-01	7.913143e-01	0.000000e+00	1	3.142130e-02
1.525897e-01	8.132190e-01	0.000000e+00	1	2.693113e-02
1.525897e-01	8.132190e-01	0.000000e+00	1	2.464622e-02
1.568806e-01	8.015397e-01	0.000000e+00	1	1.417884e-02
1.661301e-01	7.898286e-01	0.000000e+00	1	1.359871e-02
1.665684e-01	7.897397e-01	0.000000e+00	1	1.359871e-02
1.528119e-01	8.130857e-01	0.000000e+00	1	1.335872e-02
1.532425e-01	8.126635e-01	0.000000e+00	1	1.335872e-02
1.532425e-01	8.126635e-01	0.000000e+00	1	1.269206e-02
1.610243e-01	7.916635e-01	0.000000e+00	1	1.085451e-02
1.613742e-01	7.916603e-01	0.000000e+00	1	1.085451e-02
1.605550e-01	7.922889e-01	0.000000e+00	1	1.057412e-02
1.568344e-01	8.020698e-01	0.000000e+00	1	9.713820e-03
1.525897e-01	8.132190e-01	0.000000e+00	1	9.336353e-03
1.570246e-01	8.012952e-01	0.000000e+00	1	8.943842e-03
1.534023e-01	8.122444e-01	0.000000e+00	1	8.278019e-03
1.536129e-01	8.121492e-01	0.000000e+00	1	8.278019e-03
1.538195e-01	8.116984e-01	0.000000e+00	1	8.259656e-03
1.536129e-01	8.121492e-01	0.000000e+00	1	8.259656e-03
1.604944e-01	7.927048e-01	0.000000e+00	1	8.045809e-03
1.594149e-01	7.990413e-01	0.000000e+00	1	7.755026e-03
1.591649e-01	7.990571e-01	0.000000e+00	1	7.755026e-03
1.528119e-01	8.130857e-01	0.000000e+00	1	7.736156e-03
1.534023e-01	8.122444e-01	0.000000e+00	1	7.677990e-03
1.532425e-01	8.126635e-01	0.000000e+00	1	7.677990e-03
1.650793e-01	7.906508e-01	0.000000e+00	1	7.154490e-03
1.650555e-01	7.910413e-01	0.000000e+00	1	7.154490e-03
1.528119e-01	8.130857e-01	0.000000e+00	1	6.893356e-03
1.601654e-01	7.985683e-01	0.000000e+00	1	6.831496e-03
1.613947e-01	7.916095e-01	0.000000e+00	1	6.615159e-03
1.515845e-01	8.147841e-01	0.000000e+00	1	6.541131e-03
1.507948e-01	8.156698e-01	0.000000e+00	1	6.541131e-03
1.514393e-01	8.148952e-01	0.000000e+00	1	6.541131e-03
1.538195e-01	8.116984e-01	0.000000e+00	1	6.533022e-03
1.540301e-01	8.116032e-01	0.000000e+00	1	6.533022e-03
1.517951e-01	8.146889e-01	0.000000e+00	1	6.533022e-03
1.515845e-01	8.147841e-01	0.000000e+00	1	6.533022e-03
1.654796e-01	7.903111e-01	0.000000e+00	1	6.530061e-03
1.610243e-01	7.916635e-01	0.000000e+00	1	6.491966e-03
1.617854e-01	7.915111e-01	0.000000e+00	1	6.440660e-03
1.616021e-01	7.915524e-01	0.000000e+00	1	6.440660e-03
1.615780e-01	7.915683e-01	0.000000e+00	1	6.440660e-03
1.608169e-01	7.917206e-01	0.000000e+00	1	6.433799e-03
1.599583e-01	7.985905e-01	0.000000e+00	1	6.424330e-03
1.538195e-01	8.116984e-01	0.000000e+00	1	6.409180e-03
1.536129e-01	8.121492e-01	0.000000e+00	1	6.409180e-03
1.595027e-01	7.990254e-01	0.000000e+00	1	6.384561e-03
1.597085e-01	7.989302e-01	0.000000e+00	1	6.384561e-03
1.570246e-01	8.012952e-01	0.000000e+00	1	6.069661e-03
1.660348e-01	7.899619e-01	0.000000e+00	1	5.669344e-03
1.658521e-01	7.900540e-01	0.000000e+00	1	5.669344e-03
1.606502e-01	7.921556e-01	0.000000e+00	1	5.525826e-03
1.607216e-01	7.918540e-01	0.000000e+00	1	5.525826e-03
1.657465e-01	7.901651e-01	0.000000e+00	1	5.324963e-03
1.655748e-01	7.902159e-01	0.000000e+00	1	5.324963e-03
1.604806e-01	7.928857e-01	0.000000e+00	1	5.253812e-03
1.571590e-01	8.009556e-01	0.000000e+00	1	5.028005e-03
1.510337e-01	8.155556e-01	0.000000e+00	1	5.000547e-03
1.658521e-01	7.900540e-01	0.000000e+00	1	4.961175e-03
1.534023e-01	8.122444e-01	0.000000e+00	1	4.955905e-03
1.509400e-01	8.155587e-01	0.000000e+00	1	4.942380e-03
1.513017e-01	8.150127e-01	0.000000e+00	1	4.942380e-03
1.667862e-01	7.889143e-01	0.000000e+00	1	4.848379e-03
1.604793e-01	7.931492e-01	0.000000e+00	1	4.827827e-03
1.653253e-01	7.903270e-01	0.000000e+00	1	4.785064e-03
1.570983e-01	8.010889e-01	0.000000e+00	1	4.731830e-03
1.665684e-01	7.897397e-01	0.000000e+00	1	4.705539e-03
1.604200e-01	7.933016e-01	0.000000e+00	1	4.630225e-03
1.604793e-01	7.931492e-01	0.000000e+00	1	4.630225e-03
1.586479e-01	7.997746e-01	0.000000e+00	1	4.620839e-03
1.511565e-01	8.151238e-01	0.000000e+00	1	4.505301e-03
1.513017e-01	8.150127e-01	0.000000e+00	1	4.505301e-03
1.509400e-01	8.155587e-01	0.000000e+00	1	4.505301e-03
1.568806e-01	8.015397e-01	0.000000e+00	1	4.478827e-03
1.668255e-01	7.887238e-01	0.000000e+00	1	4.400098e-03
1.572423e-01	8.008444e-01	0.000000e+00	1	4.323003e-03
1.573029e-01	8.007111e-01	0.000000e+00	1	4.323003e-03
1.668695e-01	7.884952e-01	0.000000e+00	1	4.187994e-03
1.650187e-01	7.911619e-01	0.000000e+00	1	3.933429e-03
1.585646e-01	7.998857e-01	0.000000e+00	1	3.915837e-03
1.571590e-01	8.009556e-01	0.000000e+00	1	3.915837e-03
1.667747e-01	7.891238e-01	0.000000e+00	1	3.838995e-03
1.589257e-01	7.994349e-01	0.000000e+00	1	3.782394e-03
1.588038e-01	7.995079e-01	0.000000e+00	1	3.782394e-03
1.566905e-01	8.023143e-01	0.000000e+00	1	3.780828e-03
1.567738e-01	8.021079e-01	0.000000e+00	1	3.780828e-03
1.570983e-01	8.010889e-01	0.000000e+00	1	3.780828e-03
1.510776e-01	8.154413e-01	0.000000e+00	1	3.722662e-03
1.511126e-01	8.152381e-01	0.000000e+00	1	3.722662e-03
1.627983e-01	7.913143e-01	0.000000e+00	1	3.606329e-03
1.602699e-01	7.984190e-01	0.000000e+00	1	3.604235e-03
1.586598e-01	7.997524e-01	0.000000e+00	1	3.546550e-03
1.652301e-01	7.904222e-01	0.000000e+00	1	3.468337e-03
1.651746e-01	7.905175e-01	0.000000e+00	1	3.468337e-03
1.514393e-01	8.148952e-01	0.000000e+00	1	3.455510e-03
1.511565e-01	8.151238e-01	0.000000e+00	1	3.455510e-03
1.507948e-01	8.156698e-01	0.000000e+00	1	3.455510e-03
1.604806e-01	7.928857e-01	0.000000e+00	1	3.357273e-03
1.668187e-01	7.888952e-01	0.000000e+00	1	3.353099e-03
1.667422e-01	7.891429e-01	0.000000e+00	1	3.353099e-03
1.667354e-01	7.893143e-01	0.000000e+00	1	3.353099e-03
1.650555e-01	7.910413e-01	0.000000e+00	1	3.351763e-03
1.604944e-01	7.927048e-01	0.000000e+00	1	3.315496e-03
1.657465e-01	7.901651e-01	0.000000e+00	1	3.274344e-03
1.510776e-01	8.154413e-01	0.000000e+00	1	3.177985e-03
1.668255e-01	7.887238e-01	0.000000e+00	1	3.140996e-03
1.666676e-01	7.895905e-01	0.000000e+00	1	3.076875e-03
1.595027e-01	7.990254e-01	0.000000e+00	1	3.015350e-03
1.651349e-01	7.905556e-01	0.000000e+00	1	2.975954e-03
1.660348e-01	7.899619e-01	0.000000e+00	1	2.954296e-03
1.654796e-01	7.903111e-01	0.000000e+00	1	2.954296e-03
1.588038e-01	7.995079e-01	0.000000e+00	1	2.954296e-03
1.655748e-01	7.902159e-01	0.000000e+00	1	2.954296e-03
1.608169e-01	7.917206e-01	0.000000e+00	1	2.954296e-03
1.587085e-01	7.996413e-01	0.000000e+00	1	2.954296e-03
1.606502e-01	7.921556e-01	0.000000e+00	1	2.954296e-03
1.661301e-01	7.898286e-01	0.000000e+00	1	2.954296e-03
1.653253e-01	7.903270e-01	0.000000e+00	1	2.954296e-03
1.590696e-01	7.991905e-01	0.000000e+00	1	2.954296e-03
1.591649e-01	7.990571e-01	0.000000e+00	1	2.954296e-03
1.607216e-01	7.918540e-01	0.000000e+00	1	2.954296e-03
1.652301e-01	7.904222e-01	0.000000e+00	1	2.954296e-03
1.513954e-01	8.150095e-01	0.000000e+00	1	2.906549e-03
1.666676e-01	7.895905e-01	0.000000e+00	1	2.733830e-03
1.665684e-01	7.897397e-01	0.000000e+00	1	2.733830e-03
1.594149e-01	7.990413e-01	0.000000e+00	1	2.724517e-03
1.666914e-01	7.895429e-01	0.000000e+00	1	2.617497e-03
1.667070e-01	7.894000e-01	0.000000e+00	1	2.617497e-03
1.567738e-01	8.021079e-01	0.000000e+00	1	2.585009e-03
1.585646e-01	7.998857e-01	0.000000e+00	1	2.585009e-03
1.572423e-01	8.008444e-01	0.000000e+00	1	2.585009e-03
1.590090e-01	7.993238e-01	0.000000e+00	1	2.585009e-03
1.589257e-01	7.994349e-01	0.000000e+00	1	2.585009e-03
1.568344e-01	8.020698e-01	0.000000e+00	1	2.578005e-03
1.650793e-01	7.906508e-01	0.000000e+00	1	2.483572e-03
1.606502e-01	7.921556e-01	0.000000e+00	1	2.442997e-03
1.605550e-01	7.922889e-01	0.000000e+00	1	2.442997e-03
1.661301e-01	7.898286e-01	0.000000e+00	1	2.442997e-03
1.591649e-01	7.990571e-01	0.000000e+00	1	2.442997e-03
1.585646e-01	7.998857e-01	0.000000e+00	1	2.442997e-03
1.607216e-01	7.918540e-01	0.000000e+00	1	2.442997e-03
1.585040e-01	8.000190e-01	0.000000e+00	1	2.442997e-03
1.660348e-01	7.899619e-01	0.000000e+00	1	2.442997e-03
1.528119e-01	8.130857e-01	0.000000e+00	1	2.442997e-03
1.588038e-01	7.995079e-01	0.000000e+00	1	2.442997e-03
1.590696e-01	7.991905e-01	0.000000e+00	1	2.442997e-03
1.608169e-01	7.917206e-01	0.000000e+00	1	2.442997e-03
1.587085e-01	7.996413e-01	0.000000e+00	1	2.442997e-03
1.599490e-01	7.986063e-01	0.000000e+00	1	2.440904e-03
1.603392e-01	7.983397e-01	0.000000e+00	1	2.440904e-03
1.603484e-01	7.983238e-01	0.000000e+00	1	2.220772e-03
1.604200e-01	7.933016e-01	0.000000e+00	1	2.220772e-03
1.607216e-01	7.918540e-01	0.000000e+00	1	2.215722e-03
1.606502e-01	7.921556e-01	0.000000e+00	1	2.215722e-03
1.650187e-01	7.911619e-01	0.000000e+00	1	2.210330e-03
1.598797e-01	7.986857e-01	0.000000e+00	1	2.150071e-03
1.511126e-01	8.152381e-01	0.000000e+00	1	2.093997e-03
1.513954e-01	8.150095e-01	0.000000e+00	1	2.093997e-03
1.658521e-01	7.900540e-01	0.000000e+00	1	2.035831e-03
1.657465e-01	7.901651e-01	0.000000e+00	1	2.035831e-03
1.587085e-01	7.996413e-01	0.000000e+00	1	2.035831e-03
1.511565e-01	8.151238e-01	0.000000e+00	1	2.035831e-03
1.590696e-01	7.991905e-01	0.000000e+00	1	2.035831e-03
1.572423e-01	8.008444e-01	0.000000e+00	1	2.035831e-03
1.590209e-01	7.993016e-01	0.000000e+00	1	2.035831e-03
1.590090e-01	7.993238e-01	0.000000e+00	1	2.035831e-03
1.589257e-01	7.994349e-01	0.000000e+00	1	2.035831e-03
1.598130e-01	7.987810e-01	0.000000e+00	1	2.019948e-03
1.605550e-01	7.922889e-01	0.000000e+00	1	1.880006e-03
1.570983e-01	8.010889e-01	0.000000e+00	1	1.880006e-03
1.585040e-01	8.000190e-01	0.000000e+00	1	1.880006e-03
1.604944e-01	7.927048e-01	0.000000e+00	1	1.880006e-03
1.567738e-01	8.021079e-01	0.000000e+00	1	1.880006e-03
1.597178e-01	7.989143e-01	0.000000e+00	1	1.780784e-03
1.597752e-01	7.988349e-01	0.000000e+00	1	1.780784e-03
1.667070e-01	7.894000e-01	0.000000e+00	1	1.763841e-03
1.597085e-01	7.989302e-01	0.000000e+00	1	1.744998e-03
1.653253e-01	7.903270e-01	0.000000e+00	1	1.744998e-03
1.538195e-01	8.116984e-01	0.000000e+00	1	1.744998e-03
1.595027e-01	7.990254e-01	0.000000e+00	1	1.744998e-03
1.517951e-01	8.146889e-01	0.000000e+00	1	1.744998e-03
1.655748e-01	7.902159e-01	0.000000e+00	1	1.744998e-03
1.652301e-01	7.904222e-01	0.000000e+00	1	1.744998e-03
1.515845e-01	8.147841e-01	0.000000e+00	1	1.744998e-03
1.603392e-01	7.983397e-01	0.000000e+00	1	1.741388e-03
1.597178e-01	7.989143e-01	0.000000e+00	1	1.741388e-03
1.651349e-01	7.905556e-01	0.000000e+00	1	1.723339e-03
1.650793e-01	7.906508e-01	0.000000e+00	1	1.723339e-03
1.660348e-01	7.899619e-01	0.000000e+00	1	1.686831e-03
1.661301e-01	7.898286e-01	0.000000e+00	1	1.628664e-03
1.602032e-01	7.985143e-01	0.000000e+00	1	1.554615e-03
1.590696e-01	7.991905e-01	0.000000e+00	1	1.510719e-03
1.587085e-01	7.996413e-01	0.000000e+00	1	1.510719e-03
1.590209e-01	7.993016e-01	0.000000e+00	1	1.510719e-03
1.598797e-01	7.986857e-01	0.000000e+00	1	1.454165e-03
1.599490e-01	7.986063e-01	0.000000e+00	1	1.454165e-03
1.597752e-01	7.988349e-01	0.000000e+00	1	1.454165e-03
1.568806e-01	8.015397e-01	0.000000e+00	1	1.434107e-03
1.568344e-01	8.020698e-01	0.000000e+00	1	1.434107e-03
1.668255e-01	7.887238e-01	0.000000e+00	1	1.363521e-03
1.668695e-01	7.884952e-01	0.000000e+00	1	1.363521e-03
1.513954e-01	8.150095e-01	0.000000e+00	1	1.361512e-03
1.510337e-01	8.155556e-01	0.000000e+00	1	1.361512e-03
1.511126e-01	8.152381e-01	0.000000e+00	1	1.361512e-03
1.507509e-01	8.157841e-01	0.000000e+00	1	1.361512e-03
1.510776e-01	8.154413e-01	0.000000e+00	1	1.361512e-03
1.667422e-01	7.891429e-01	0.000000e+00	1	1.358384e-03
1.589257e-01	7.994349e-01	0.000000e+00	1	1.337832e-03
1.588038e-01	7.995079e-01	0.000000e+00	1	1.337832e-03
1.667324e-01	7.893302e-01	0.000000e+00	1	1.279665e-03
1.602439e-01	7.984730e-01	0.000000e+00	1	1.263782e-03
1.598538e-01	7.987397e-01	0.000000e+00	1	1.263782e-03
1.651746e-01	7.905175e-01	0.000000e+00	1	1.230956e-03
1.511126e-01	8.152381e-01	0.000000e+00	1	1.083988e-03
1.610243e-01	7.916635e-01	0.000000e+00	1	1.046999e-03
1.608169e-01	7.917206e-01	0.000000e+00	1	1.046999e-03
1.616021e-01	7.915524e-01	0.000000e+00	1	1.040138e-03
1.615780e-01	7.915683e-01	0.000000e+00	1	1.040138e-03
1.667747e-01	7.891238e-01	0.000000e+00	1	1.009384e-03
1.668187e-01	7.888952e-01	0.000000e+00	1	1.009384e-03
1.613742e-01	7.916603e-01	0.000000e+00	1	9.306654e-04
1.657465e-01	7.901651e-01	0.000000e+00	1	9.306654e-04
1.655748e-01	7.902159e-01	0.000000e+00	1	9.306654e-04
1.597845e-01	7.988190e-01	0.000000e+00	1	8.898984e-04
1.598038e-01	7.987968e-01	0.000000e+00	1	8.898984e-04
1.667070e-01	7.894000e-01	0.000000e+00	1	7.875826e-04
1.667324e-01	7.893302e-01	0.000000e+00	1	7.875826e-04
1.586598e-01	7.997524e-01	0.000000e+00	1	7.764531e-04
1.598538e-01	7.987397e-01	0.000000e+00	1	7.561657e-04
1.602439e-01	7.984730e-01	0.000000e+00	1	7.561657e-04
1.602032e-01	7.985143e-01	0.000000e+00	1	7.561657e-04
1.613947e-01	7.916095e-01	0.000000e+00	1	7.561657e-04
1.650555e-01	7.910413e-01	0.000000e+00	1	7.385739e-04
1.667862e-01	7.889143e-01	0.000000e+00	1	7.031362e-04
1.651349e-01	7.905556e-01	0.000000e+00	1	6.979991e-04
1.651746e-01	7.905175e-01	0.000000e+00	1	6.979991e-04
1.567738e-01	8.021079e-01	0.000000e+00	1	6.979991e-04
1.598704e-01	7.987016e-01	0.000000e+00	1	6.943893e-04
1.666884e-01	7.895587e-01	0.000000e+00	1	6.734281e-04
1.666676e-01	7.895905e-01	0.000000e+00	1	6.455492e-04
1.666884e-01	7.895587e-01	0.000000e+00	1	6.455492e-04
1.602532e-01	7.984571e-01	0.000000e+00	1	6.369447e-04
1.602606e-01	7.984349e-01	0.000000e+00	1	6.369447e-04
1.613742e-01	7.916603e-01	0.000000e+00	1	6.364246e-04
1.613947e-01	7.916095e-01	0.000000e+00	1	6.364246e-04
1.601746e-01	7.985524e-01	0.000000e+00	1	5.990655e-04
1.601939e-01	7.985302e-01	0.000000e+00	1	5.990655e-04
1.666676e-01	7.895905e-01	0.000000e+00	1	5.816659e-04
1.666914e-01	7.895429e-01	0.000000e+00	1	4.841762e-04
1.590090e-01	7.993238e-01	0.000000e+00	1	4.071661e-04
1.590209e-01	7.993016e-01	0.000000e+00	1	4.071661e-04
1.598038e-01	7.987968e-01	0.000000e+00	1	4.071661e-04
1.597845e-01	7.988190e-01	0.000000e+00	1	4.071661e-04
1.599583e-01	7.985905e-01	0.000000e+00	1	4.071661e-04
1.598630e-01	7.987238e-01	0.000000e+00	1	4.071661e-04
1.586479e-01	7.997746e-01	0.000000e+00	1	4.071661e-04
1.601746e-01	7.985524e-01	0.000000e+00	1	4.071661e-04
1.601939e-01	7.985302e-01	0.000000e+00	1	4.071661e-04
1.667324e-01	7.893302e-01	0.000000e+00	1	3.825952e-04
1.590090e-01	7.993238e-01	0.000000e+00	1	3.692869e-04
1.590209e-01	7.993016e-01	0.000000e+00	1	3.692869e-04
1.586479e-01	7.997746e-01	0.000000e+00	1	3.692869e-04
1.667747e-01	7.891238e-01	0.000000e+00	1	3.541367e-04
1.667747e-01	7.891238e-01	0.000000e+00	1	3.489995e-04
1.668187e-01	7.888952e-01	0.000000e+00	1	3.489995e-04
1.602606e-01	7.984349e-01	0.000000e+00	1	2.908329e-04
1.597085e-01	7.989302e-01	0.000000e+00	1	2.908329e-04
1.599583e-01	7.985905e-01	0.000000e+00	1	2.908329e-04
1.598538e-01	7.987397e-01	0.000000e+00	1	2.908329e-04
1.602532e-01	7.984571e-01	0.000000e+00	1	2.908329e-04
1.594149e-01	7.990413e-01	0.000000e+00	1	2.908329e-04
1.666884e-01	7.895587e-01	0.000000e+00	1	2.908329e-04
1.667354e-01	7.893143e-01	0.000000e+00	1	2.908329e-04
1.594149e-01	7.990413e-01	0.000000e+00	1	2.908329e-04
1.653253e-01	7.903270e-01	0.000000e+00	1	2.908329e-04
1.591649e-01	7.990571e-01	0.000000e+00	1	2.908329e-04
1.597178e-01	7.989143e-01	0.000000e+00	1	2.908329e-04
1.601746e-01	7.985524e-01	0.000000e+00	1	2.908329e-04
1.597752e-01	7.988349e-01	0.000000e+00	1	2.908329e-04
1.654796e-01	7.903111e-01	0.000000e+00	1	2.908329e-04
1.598130e-01	7.987810e-01	0.000000e+00	1	2.908329e-04
1.603484e-01	7.983238e-01	0.000000e+00	1	2.908329e-04
1.602439e-01	7.984730e-01	0.000000e+00	1	2.908329e-04
1.598797e-01	7.986857e-01	0.000000e+00	1	2.908329e-04
1.598704e-01	7.987016e-01	0.000000e+00	1	2.908329e-04
1.666914e-01	7.895429e-01	0.000000e+00	1	2.908329e-04
1.601939e-01	7.985302e-01	0.000000e+00	1	2.908329e-04
1.601654e-01	7.985683e-01	0.000000e+00	1	2.908329e-04
1.598630e-01	7.987238e-01	0.000000e+00	1	2.908329e-04
1.602699e-01	7.984190e-01	0.000000e+00	1	2.908329e-04
1.601746e-01	7.985524e-01	0.000000e+00	1	2.872232e-04
1.602532e-01	7.984571e-01	0.000000e+00	1	2.872232e-04
1.602606e-01	7.984349e-01	0.000000e+00	1	2.872232e-04
1.602032e-01	7.985143e-01	0.000000e+00	1	2.872232e-04
1.598538e-01	7.987397e-01	0.000000e+00	1	2.872232e-04
1.598797e-01	7.986857e-01	0.000000e+00	1	2.872232e-04
1.597845e-01	7.988190e-01	0.000000e+00	1	2.872232e-04
1.601939e-01	7.985302e-01	0.000000e+00	1	2.872232e-04
1.599490e-01	7.986063e-01	0.000000e+00	1	2.872232e-04
1.598038e-01	7.987968e-01	0.000000e+00	1	2.872232e-04
1.602439e-01	7.984730e-01	0.000000e+00	1	2.872232e-04
1.599583e-01	7.985905e-01	0.000000e+00	1	2.872232e-04
1.602699e-01	7.984190e-01	0.000000e+00	1	2.872232e-04
1.601654e-01	7.985683e-01	0.000000e+00	1	2.872232e-04
1.597085e-01	7.989302e-01	0.000000e+00	1	2.872232e-04
1.603484e-01	7.983238e-01	0.000000e+00	1	2.872232e-04
1.597752e-01	7.988349e-01	0.000000e+00	1	2.872232e-04
1.598630e-01	7.987238e-01	0.000000e+00	1	2.872232e-04
1.598130e-01	7.987810e-01	0.000000e+00	1	2.872232e-04
1.598704e-01	7.987016e-01	0.000000e+00	1	2.297785e-04
1.598630e-01	7.987238e-01	0.000000e+00	1	2.297785e-04
1.666914e-01	7.895429e-01	0.000000e+00	1	9.176221e-05
1.667354e-01	7.893143e-01	0.000000e+00	1	9.176221e-05
1.513017e-01	8.150127e-01	0.000000e+00	1	5.816659e-05
1.613742e-01	7.916603e-01	0.000000e+00	1	5.816659e-05
1.510337e-01	8.155556e-01	0.000000e+00	1	5.816659e-05
1.509400e-01	8.155587e-01	0.000000e+00	1	5.816659e-05
1.513954e-01	8.150095e-01	0.000000e+00	1	5.816659e-05
1.604793e-01	7.931492e-01	0.000000e+00	1	4.177792e-05
1.650793e-01	7.906508e-01	0.000000e+00	1	0.000000e+00
1.605550e-01	7.922889e-01	0.000000e+00	1	0.000000e+00
1.598704e-01	7.987016e-01	0.000000e+00	1	0.000000e+00
1.601654e-01	7.985683e-01	0.000000e+00	1	0.000000e+00
1.598704e-01	7.987016e-01	0.000000e+00	1	0.000000e+00
1.665684e-01	7.897397e-01	0.000000e+00	1	0.000000e+00
1.602439e-01	7.984730e-01	0.000000e+00	1	0.000000e+00
1.594149e-01	7.990413e-01	0.000000e+00	1	0.000000e+00
1.590696e-01	7.991905e-01	0.000000e+00	1	0.000000e+00
1.528119e-01	8.130857e-01	0.000000e+00	1	0.000000e+00
1.587085e-01	7.996413e-01	0.000000e+00	1	0.000000e+00
1.608169e-01	7.917206e-01	0.000000e+00	1	0.000000e+00
1.602699e-01	7.984190e-01	0.000000e+00	1	0.000000e+00
1.665684e-01	7.897397e-01	0.000000e+00	1	0.000000e+00
1.598797e-01	7.986857e-01	0.000000e+00	1	0.000000e+00
1.651349e-01	7.905556e-01	0.000000e+00	1	0.000000e+00
1.585646e-01	7.998857e-01	0.000000e+00	1	0.000000e+00
1.597752e-01	7.988349e-01	0.000000e+00	1	0.000000e+00
1.590209e-01	7.993016e-01	0.000000e+00	1	0.000000e+00
1.597845e-01	7.988190e-01	0.000000e+00	1	0.000000e+00
1.585646e-01	7.998857e-01	0.000000e+00	1	0.000000e+00
1.598704e-01	7.987016e-01	0.000000e+00	1	0.000000e+00
1.597178e-01	7.989143e-01	0.000000e+00	1	0.000000e+00
1.591649e-01	7.990571e-01	0.000000e+00	1	0.000000e+00
1.597752e-01	7.988349e-01	0.000000e+00	1	0.000000e+00
1.661301e-01	7.898286e-01	0.000000e+00	1	0.000000e+00
1.607216e-01	7.918540e-01	0.000000e+00	1	0.000000e+00
1.610243e-01	7.916635e-01	0.000000e+00	1	0.000000e+00
1.601939e-01	7.985302e-01	0.000000e+00	1	0.000000e+00
1.598797e-01	7.986857e-01	0.000000e+00	1	0.000000e+00
1.515845e-01	8.147841e-01	0.000000e+00	1	0.000000e+00
1.650793e-01	7.906508e-01	0.000000e+00	1	0.000000e+00
1.597085e-01	7.989302e-01	0.000000e+00	1	0.000000e+00
1.570983e-01	8.010889e-01	0.000000e+00	1	0.000000e+00
1.605550e-01	7.922889e-01	0.000000e+00	1	0.000000e+00
1.603392e-01	7.983397e-01	0.000000e+00	1	0.000000e+00
1.654796e-01	7.903111e-01	0.000000e+00	1	0.000000e+00
1.598538e-01	7.987397e-01	0.000000e+00	1	0.000000e+00
1.528119e-01	8.130857e-01	0.000000e+00	1	0.000000e+00
1.604793e-01	7.931492e-01	0.000000e+00	1	0.000000e+00
1.540301e-01	8.116032e-01	0.000000e+00	1	0.000000e+00
1.603392e-01	7.983397e-01	0.000000e+00	1	0.000000e+00
1.602439e-01	7.984730e-01	0.000000e+00	1	0.000000e+00
1.654796e-01	7.903111e-01	0.000000e+00	1	0.000000e+00
1.585646e-01	7.998857e-01	0.000000e+00	1	0.000000e+00
1.606502e-01	7.921556e-01	0.000000e+00	1	0.000000e+00
1.668255e-01	7.887238e-01	0.000000e+00	1	0.000000e+00
1.597752e-01	7.988349e-01	0.000000e+00	1	0.000000e+00
1.597845e-01	7.988190e-01	0.000000e+00	1	0.000000e+00
1.666914e-01	7.895429e-01	0.000000e+00	1	0.000000e+00
1.604200e-01	7.933016e-01	0.000000e+00	1	0.000000e+00
1.668187e-01	7.888952e-01	0.000000e+00	1	0.000000e+00
1.668255e-01	7.887238e-01	0.000000e+00	1	0.000000e+00
1.651349e-01	7.905556e-01	0.000000e+00	1	0.000000e+00
1.515845e-01	8.147841e-01	0.000000e+00	1	0.000000e+00
1.590209e-01	7.993016e-01	0.000000e+00	1	0.000000e+00
1.585040e-01	8.000190e-01	0.000000e+00	1	0.000000e+00
1.602532e-01	7.984571e-01	0.000000e+00	1	0.000000e+00
1.654796e-01	7.903111e-01	0.000000e+00	1	0.000000e+00
1.585646e-01	7.998857e-01	0.000000e+00	1	0.000000e+00
1.509400e-01	8.155587e-01	0.000000e+00	1	0.000000e+00
1.599583e-01	7.985905e-01	0.000000e+00	1	0.000000e+00
1.603392e-01	7.983397e-01	0.000000e+00	1	0.000000e+00
1.598130e-01	7.987810e-01	0.000000e+00	1	0.000000e+00
1.528119e-01	8.130857e-01	0.000000e+00	1	0.000000e+00
1.538195e-01	8.116984e-01	0.000000e+00	1	0.000000e+00
1.585040e-01	8.000190e-01	0.000000e+00	1	0.000000e+00
1.653253e-01	7.903270e-01	0.000000e+00	1	0.000000e+00
1.525897e-01	8.132190e-01	0.000000e+00	1	0.000000e+00
1.597085e-01	7.989302e-01	0.000000e+00	1	0.000000e+00
1.598038e-01	7.987968e-01	0.000000e+00	1	0.000000e+00
1.585040e-01	8.000190e-01	0.000000e+00	1	0.000000e+00
1.604200e-01	7.933016e-01	0.000000e+00	1	0.000000e+00
1.601746e-01	7.985524e-01	0.000000e+00	1	0.000000e+00
1.587085e-01	7.996413e-01	0.000000e+00	1	0.000000e+00
1.660348e-01	7.899619e-01	0.000000e+00	1	0.000000e+00
1.514393e-01	8.148952e-01	0.000000e+00	1	0.000000e+00
1.667422e-01	7.891429e-01	0.000000e+00	1	0.000000e+00
1.597178e-01	7.989143e-01	0.000000e+00	1	0.000000e+00
1.510776e-01	8.154413e-01	0.000000e+00	1	0.000000e+00
1.514393e-01	8.148952e-01	0.000000e+00	1	0.000000e+00
1.602606e-01	7.984349e-01	0.000000e+00	1	0.000000e+00
1.661301e-01	7.898286e-01	0.000000e+00	1	0.000000e+00
1.594149e-01	7.990413e-01	0.000000e+00	1	0.000000e+00
1.588038e-01	7.995079e-01	0.000000e+00	1	0.000000e+00
1.591649e-01	7.990571e-01	0.000000e+00	1	0.000000e+00
1.567738e-01	8.021079e-01	0.000000e+00	1	0.000000e+00
1.650555e-01	7.910413e-01	0.000000e+00	1	0.000000e+00
1.510337e-01	8.155556e-01	0.000000e+00	1	0.000000e+00
1.588038e-01	7.995079e-01	0.000000e+00	1	0.000000e+00
1.588038e-01	7.995079e-01	0.000000e+00	1	0.000000e+00
1.601939e-01	7.985302e-01	0.000000e+00	1	0.000000e+00
1.598797e-01	7.986857e-01	0.000000e+00	1	0.000000e+00
1.668695e-01	7.884952e-01	0.000000e+00	1	0.000000e+00
1.601939e-01	7.985302e-01	0.000000e+00	1	0.000000e+00
1.601939e-01	7.985302e-01	0.000000e+00	1	0.000000e+00
1.598038e-01	7.987968e-01	0.000000e+00	1	0.000000e+00
1.598038e-01	7.987968e-01	0.000000e+00	1	0.000000e+00
1.589257e-01	7.994349e-01	0.000000e+00	1	0.000000e+00
1.599583e-01	7.985905e-01	0.000000e+00	1	0.000000e+00
1.590696e-01	7.991905e-01	0.000000e+00	1	0.000000e+00
1.594149e-01	7.990413e-01	0.000000e+00	1	0.000000e+00
1.590696e-01	7.991905e-01	0.000000e+00	1	0.000000e+00
1.568344e-01	8.020698e-01	0.000000e+00	1	0.000000e+00
1.597085e-01	7.989302e-01	0.000000e+00	1	0.000000e+00
1.668255e-01	7.887238e-01	0.000000e+00	1	0.000000e+00
1.616021e-01	7.915524e-01	0.000000e+00	1	0.000000e+00
1.598538e-01	7.987397e-01	0.000000e+00	1	0.000000e+00
1.598797e-01	7.986857e-01	0.000000e+00	1	0.000000e+00
1.660348e-01	7.899619e-01	0.000000e+00	1	0.000000e+00
1.667747e-01	7.891238e-01	0.000000e+00	1	0.000000e+00
1.660348e-01	7.899619e-01	0.000000e+00	1	0.000000e+00
1.587085e-01	7.996413e-01	0.000000e+00	1	0.000000e+00
1.601654e-01	7.985683e-01	0.000000e+00	1	0.000000e+00
1.602532e-01	7.984571e-01	0.000000e+00	1	0.000000e+00
1.594149e-01	7.990413e-01	0.000000e+00	1	0.000000e+00
1.598630e-01	7.987238e-01	0.000000e+00	1	0.000000e+00
1.515845e-01	8.147841e-01	0.000000e+00	1	0.000000e+00
1.650793e-01	7.906508e-01	0.000000e+00	1	0.000000e+00
1.608169e-01	7.917206e-01	0.000000e+00	1	0.000000e+00
1.597085e-01	7.989302e-01	0.000000e+00	1	0.000000e+00
1.605550e-01	7.922889e-01	0.000000e+00	1	0.000000e+00
1.601654e-01	7.985683e-01	0.000000e+00	1	0.000000e+00
1.651349e-01	7.905556e-01	0.000000e+00	1	0.000000e+00
1.511565e-01	8.151238e-01	0.000000e+00	1	0.000000e+00
1.598038e-01	7.987968e-01	0.000000e+00	1	0.000000e+00
1.590696e-01	7.991905e-01	0.000000e+00	1	0.000000e+00
1.590209e-01	7.993016e-01	0.000000e+00	1	0.000000e+00
1.608169e-01	7.917206e-01	0.000000e+00	1	0.000000e+00
1.598130e-01	7.987810e-01	0.000000e+00	1	0.000000e+00
1.585040e-01	8.000190e-01	0.000000e+00	1	0.000000e+00
1.597752e-01	7.988349e-01	0.000000e+00	1	0.000000e+00
1.585646e-01	7.998857e-01	0.000000e+00	1	0.000000e+00
1.528119e-01	8.130857e-01	0.000000e+00	1	0.000000e+00
1.536129e-01	8.121492e-01	0.000000e+00	1	0.000000e+00
1.599583e-01	7.985905e-01	0.000000e+00	1	0.000000e+00
1.590209e-01	7.993016e-01	0.000000e+00	1	0.000000e+00
1.598704e-01	7.987016e-01	0.000000e+00	1	0.000000e+00
1.601939e-01	7.985302e-01	0.000000e+00	1	0.000000e+00
1.599490e-01	7.986063e-01	0.000000e+00	1	0.000000e+00
1.598797e-01	7.986857e-01	0.000000e+00	1	0.000000e+00
1.603484e-01	7.983238e-01	0.000000e+00	1	0.000000e+00
1.585646e-01	7.998857e-01	0.000000e+00	1	0.000000e+00
1.599583e-01	7.985905e-01	0.000000e+00	1	0.000000e+00
1.585646e-01	7.998857e-01	0.000000e+00	1	0.000000e+00
1.585646e-01	7.998857e-01	0.000000e+00	1	0.000000e+00
1.601939e-01	7.985302e-01	0.000000e+00	1	0.000000e+00
1.598704e-01	7.987016e-01	0.000000e+00	1	0.000000e+00
1.604806e-01	7.928857e-01	0.000000e+00	1	0.000000e+00
1.525897e-01	8.132190e-01	0.000000e+00	1	0.000000e+00
1.510776e-01	8.154413e-01	0.000000e+00	1	0.000000e+00
1.601746e-01	7.985524e-01	0.000000e+00	1	0.000000e+00
1.585646e-01	7.998857e-01	0.000000e+00	1	0.000000e+00
1.510776e-01	8.154413e-01	0.000000e+00	1	0.000000e+00
1.510776e-01	8.154413e-01	0.000000e+00	1	0.000000e+00
1.597752e-01	7.988349e-01	0.000000e+00	1	0.000000e+00
1.627983e-01	7.913143e-01	0.000000e+00	1	0.000000e+00
1.538195e-01	8.116984e-01	0.000000e+00	1	0.000000e+00
1.598038e-01	7.987968e-01	0.000000e+00	1	0.000000e+00
1.603484e-01	7.983238e-01	0.000000e+00	1	0.000000e+00
1.601746e-01	7.985524e-01	0.000000e+00	1	0.000000e+00
1.585040e-01	8.000190e-01	0.000000e+00	1	0.000000e+00
1.587085e-01	7.996413e-01	0.000000e+00	1	0.000000e+00
1.586598e-01	7.997524e-01	0.000000e+00	1	0.000000e+00
1.590696e-01	7.991905e-01	0.000000e+00	1	0.000000e+00
1.598038e-01	7.987968e-01	0.000000e+00	1	0.000000e+00
1.666884e-01	7.895587e-01	0.000000e+00	1	0.000000e+00
Total execution time: 36085.499
