# This file contains the data of final feasible population (if found)
# of objectives = 2, # of constraints = 0, # of real_var = 0, # of bits of bin_var = 0, constr_violation, rank, crowding_distance
1.494233e-01	8.153587e-01	0.000000e+00	1	1.000000e+14
1.716622e-01	7.912286e-01	0.000000e+00	1	1.000000e+14
1.571913e-01	8.078571e-01	0.000000e+00	1	1.391170e-01
1.608301e-01	8.012222e-01	0.000000e+00	1	1.374819e-01
1.637404e-01	7.968571e-01	0.000000e+00	1	9.241458e-02
1.677484e-01	7.938317e-01	0.000000e+00	1	9.011225e-02
1.571913e-01	8.078571e-01	0.000000e+00	1	8.181182e-02
1.608301e-01	8.012222e-01	0.000000e+00	1	8.181182e-02
1.677484e-01	7.938317e-01	0.000000e+00	1	6.384210e-02
1.637404e-01	7.968571e-01	0.000000e+00	1	6.268912e-02
1.522936e-01	8.108317e-01	0.000000e+00	1	5.689450e-02
1.543882e-01	8.103587e-01	0.000000e+00	1	4.709316e-02
1.632765e-01	7.980444e-01	0.000000e+00	1	4.249050e-02
1.614890e-01	7.995968e-01	0.000000e+00	1	4.018817e-02
1.614890e-01	7.995968e-01	0.000000e+00	1	3.216682e-02
1.632765e-01	7.980444e-01	0.000000e+00	1	3.216682e-02
1.509314e-01	8.114921e-01	0.000000e+00	1	2.769963e-02
1.520757e-01	8.112444e-01	0.000000e+00	1	2.572620e-02
1.713288e-01	7.913238e-01	0.000000e+00	1	2.559361e-02
1.702783e-01	7.914540e-01	0.000000e+00	1	2.559361e-02
1.560413e-01	8.082317e-01	0.000000e+00	1	2.101082e-02
1.568617e-01	8.081079e-01	0.000000e+00	1	2.087926e-02
1.610708e-01	8.007714e-01	0.000000e+00	1	1.929468e-02
1.612271e-01	7.999206e-01	0.000000e+00	1	1.762926e-02
1.500097e-01	8.134889e-01	0.000000e+00	1	1.690567e-02
1.500108e-01	8.126730e-01	0.000000e+00	1	1.690567e-02
1.636664e-01	7.969683e-01	0.000000e+00	1	1.534783e-02
1.494746e-01	8.152635e-01	0.000000e+00	1	1.493225e-02
1.494757e-01	8.145429e-01	0.000000e+00	1	1.493225e-02
1.635752e-01	7.976286e-01	0.000000e+00	1	1.368241e-02
1.544327e-01	8.098286e-01	0.000000e+00	1	1.248427e-02
1.543882e-01	8.103587e-01	0.000000e+00	1	1.098540e-02
1.713288e-01	7.913238e-01	0.000000e+00	1	1.019139e-02
1.543882e-01	8.103587e-01	0.000000e+00	1	9.801342e-03
1.684151e-01	7.930127e-01	0.000000e+00	1	9.606803e-03
1.679878e-01	7.930317e-01	0.000000e+00	1	9.606803e-03
1.716622e-01	7.912286e-01	0.000000e+00	1	9.467801e-03
1.699449e-01	7.915492e-01	0.000000e+00	1	9.467801e-03
1.687918e-01	7.926032e-01	0.000000e+00	1	8.012098e-03
1.690955e-01	7.925460e-01	0.000000e+00	1	8.012098e-03
1.702783e-01	7.914540e-01	0.000000e+00	1	7.494377e-03
1.697357e-01	7.916762e-01	0.000000e+00	1	7.335121e-03
1.522936e-01	8.108317e-01	0.000000e+00	1	6.348893e-03
1.546226e-01	8.093556e-01	0.000000e+00	1	6.320134e-03
1.608856e-01	8.010159e-01	0.000000e+00	1	5.941170e-03
1.692076e-01	7.923746e-01	0.000000e+00	1	5.923045e-03
1.694711e-01	7.921683e-01	0.000000e+00	1	5.923045e-03
1.504314e-01	8.119206e-01	0.000000e+00	1	5.710709e-03
1.635011e-01	7.977397e-01	0.000000e+00	1	5.678047e-03
1.506796e-01	8.119143e-01	0.000000e+00	1	5.579147e-03
1.608301e-01	8.012222e-01	0.000000e+00	1	5.524816e-03
1.685220e-01	7.927302e-01	0.000000e+00	1	5.146343e-03
1.509314e-01	8.114921e-01	0.000000e+00	1	5.130904e-03
1.520757e-01	8.112444e-01	0.000000e+00	1	5.130904e-03
1.545668e-01	8.096000e-01	0.000000e+00	1	5.065123e-03
1.687362e-01	7.927143e-01	0.000000e+00	1	4.817439e-03
1.679365e-01	7.932032e-01	0.000000e+00	1	4.705145e-03
1.699449e-01	7.915492e-01	0.000000e+00	1	4.703888e-03
1.691251e-01	7.925079e-01	0.000000e+00	1	4.618378e-03
1.636664e-01	7.969683e-01	0.000000e+00	1	4.352738e-03
1.692076e-01	7.923746e-01	0.000000e+00	1	4.275753e-03
1.694711e-01	7.921683e-01	0.000000e+00	1	4.275753e-03
1.501516e-01	8.124730e-01	0.000000e+00	1	4.117070e-03
1.569284e-01	8.079905e-01	0.000000e+00	1	4.069027e-03
1.552839e-01	8.087333e-01	0.000000e+00	1	4.022666e-03
1.633506e-01	7.979333e-01	0.000000e+00	1	4.012630e-03
1.684492e-01	7.929968e-01	0.000000e+00	1	3.990167e-03
1.609967e-01	8.008825e-01	0.000000e+00	1	3.967746e-03
1.521868e-01	8.110222e-01	0.000000e+00	1	3.946849e-03
1.520757e-01	8.112444e-01	0.000000e+00	1	3.946849e-03
1.521825e-01	8.110540e-01	0.000000e+00	1	3.946849e-03
1.557950e-01	8.082730e-01	0.000000e+00	1	3.901294e-03
1.559686e-01	8.082698e-01	0.000000e+00	1	3.901294e-03
1.555945e-01	8.084159e-01	0.000000e+00	1	3.805904e-03
1.557223e-01	8.083111e-01	0.000000e+00	1	3.805904e-03
1.544993e-01	8.097111e-01	0.000000e+00	1	3.801204e-03
1.555945e-01	8.084159e-01	0.000000e+00	1	3.663296e-03
1.697357e-01	7.916762e-01	0.000000e+00	1	3.552164e-03
1.696844e-01	7.918476e-01	0.000000e+00	1	3.552164e-03
1.679878e-01	7.930317e-01	0.000000e+00	1	3.552164e-03
1.677484e-01	7.938317e-01	0.000000e+00	1	3.552164e-03
1.677997e-01	7.936603e-01	0.000000e+00	1	3.552164e-03
1.685220e-01	7.927302e-01	0.000000e+00	1	3.551391e-03
1.687918e-01	7.926032e-01	0.000000e+00	1	3.551391e-03
1.499265e-01	8.137524e-01	0.000000e+00	1	3.540830e-03
1.610708e-01	8.007714e-01	0.000000e+00	1	3.514845e-03
1.612271e-01	7.999206e-01	0.000000e+00	1	3.514845e-03
1.499584e-01	8.135841e-01	0.000000e+00	1	3.486383e-03
1.544327e-01	8.098286e-01	0.000000e+00	1	3.433141e-03
1.570011e-01	8.079524e-01	0.000000e+00	1	3.429871e-03
1.635011e-01	7.977397e-01	0.000000e+00	1	3.383450e-03
1.633506e-01	7.979333e-01	0.000000e+00	1	3.383450e-03
1.501838e-01	8.123111e-01	0.000000e+00	1	3.354822e-03
1.551401e-01	8.087714e-01	0.000000e+00	1	3.233297e-03
1.684664e-01	7.928413e-01	0.000000e+00	1	3.223260e-03
1.496103e-01	8.143365e-01	0.000000e+00	1	3.223260e-03
1.496487e-01	8.141810e-01	0.000000e+00	1	3.223260e-03
1.507351e-01	8.117873e-01	0.000000e+00	1	3.222487e-03
1.553223e-01	8.086603e-01	0.000000e+00	1	3.148096e-03
1.500108e-01	8.126730e-01	0.000000e+00	1	3.126406e-03
1.503246e-01	8.121111e-01	0.000000e+00	1	3.126406e-03
1.507351e-01	8.117873e-01	0.000000e+00	1	3.126406e-03
1.501838e-01	8.123111e-01	0.000000e+00	1	3.126406e-03
1.508759e-01	8.115873e-01	0.000000e+00	1	3.126406e-03
1.612900e-01	7.999016e-01	0.000000e+00	1	2.991100e-03
1.679151e-01	7.932984e-01	0.000000e+00	1	2.932495e-03
1.696630e-01	7.919429e-01	0.000000e+00	1	2.932495e-03
1.678212e-01	7.935651e-01	0.000000e+00	1	2.932495e-03
1.678638e-01	7.934698e-01	0.000000e+00	1	2.932495e-03
1.696203e-01	7.920381e-01	0.000000e+00	1	2.932495e-03
1.557223e-01	8.083111e-01	0.000000e+00	1	2.873926e-03
1.570011e-01	8.079524e-01	0.000000e+00	1	2.819191e-03
1.553950e-01	8.086222e-01	0.000000e+00	1	2.819191e-03
1.692076e-01	7.923746e-01	0.000000e+00	1	2.762794e-03
1.502907e-01	8.121206e-01	0.000000e+00	1	2.735673e-03
1.501177e-01	8.124825e-01	0.000000e+00	1	2.735673e-03
1.702783e-01	7.914540e-01	0.000000e+00	1	2.697014e-03
1.495270e-01	8.144476e-01	0.000000e+00	1	2.694038e-03
1.571185e-01	8.078952e-01	0.000000e+00	1	2.640501e-03
1.699449e-01	7.915492e-01	0.000000e+00	1	2.631233e-03
1.568617e-01	8.081079e-01	0.000000e+00	1	2.565452e-03
1.678724e-01	7.933937e-01	0.000000e+00	1	2.537810e-03
1.679365e-01	7.932032e-01	0.000000e+00	1	2.455580e-03
1.678212e-01	7.935651e-01	0.000000e+00	1	2.455580e-03
1.546226e-01	8.093556e-01	0.000000e+00	1	2.433890e-03
1.546893e-01	8.092381e-01	0.000000e+00	1	2.433890e-03
1.544993e-01	8.097111e-01	0.000000e+00	1	2.433890e-03
1.550290e-01	8.088825e-01	0.000000e+00	1	2.424507e-03
1.554834e-01	8.085270e-01	0.000000e+00	1	2.424507e-03
1.571185e-01	8.078952e-01	0.000000e+00	1	2.424507e-03
1.549562e-01	8.089206e-01	0.000000e+00	1	2.424507e-03
1.559686e-01	8.082698e-01	0.000000e+00	1	2.424507e-03
1.555218e-01	8.084540e-01	0.000000e+00	1	2.424507e-03
1.520757e-01	8.112444e-01	0.000000e+00	1	2.402044e-03
1.521825e-01	8.110540e-01	0.000000e+00	1	2.402044e-03
1.521868e-01	8.110222e-01	0.000000e+00	1	2.402044e-03
1.548295e-01	8.090889e-01	0.000000e+00	1	2.375948e-03
1.613224e-01	7.998254e-01	0.000000e+00	1	2.307630e-03
1.608856e-01	8.010159e-01	0.000000e+00	1	2.302329e-03
1.545668e-01	8.096000e-01	0.000000e+00	1	2.302329e-03
1.609597e-01	8.009048e-01	0.000000e+00	1	2.302329e-03
1.547567e-01	8.091270e-01	0.000000e+00	1	2.302329e-03
1.635752e-01	7.976286e-01	0.000000e+00	1	2.302329e-03
1.546893e-01	8.092381e-01	0.000000e+00	1	2.302329e-03
1.633506e-01	7.979333e-01	0.000000e+00	1	2.302329e-03
1.610708e-01	8.007714e-01	0.000000e+00	1	2.302329e-03
1.684664e-01	7.928413e-01	0.000000e+00	1	2.302329e-03
1.635011e-01	7.977397e-01	0.000000e+00	1	2.302329e-03
1.687362e-01	7.927143e-01	0.000000e+00	1	2.302329e-03
1.495825e-01	8.143524e-01	0.000000e+00	1	2.269052e-03
1.498987e-01	8.138635e-01	0.000000e+00	1	2.227416e-03
1.499222e-01	8.137841e-01	0.000000e+00	1	2.172970e-03
1.497320e-01	8.140698e-01	0.000000e+00	1	2.172970e-03
1.614890e-01	7.995968e-01	0.000000e+00	1	2.141250e-03
1.613938e-01	7.996921e-01	0.000000e+00	1	2.141250e-03
1.635752e-01	7.976286e-01	0.000000e+00	1	2.050410e-03
1.613938e-01	7.996921e-01	0.000000e+00	1	2.039205e-03
1.613640e-01	7.997905e-01	0.000000e+00	1	2.039205e-03
1.500097e-01	8.134889e-01	0.000000e+00	1	1.999046e-03
1.695378e-01	7.921302e-01	0.000000e+00	1	1.991451e-03
1.494746e-01	8.152635e-01	0.000000e+00	1	1.973425e-03
1.507907e-01	8.116921e-01	0.000000e+00	1	1.973425e-03
1.503759e-01	8.120159e-01	0.000000e+00	1	1.973425e-03
1.500621e-01	8.125778e-01	0.000000e+00	1	1.973425e-03
1.508759e-01	8.115873e-01	0.000000e+00	1	1.973425e-03
1.696844e-01	7.918476e-01	0.000000e+00	1	1.973425e-03
1.677997e-01	7.936603e-01	0.000000e+00	1	1.973425e-03
1.494233e-01	8.153587e-01	0.000000e+00	1	1.973425e-03
1.502351e-01	8.122159e-01	0.000000e+00	1	1.973425e-03
1.500621e-01	8.125778e-01	0.000000e+00	1	1.973425e-03
1.503759e-01	8.120159e-01	0.000000e+00	1	1.973425e-03
1.614890e-01	7.995968e-01	0.000000e+00	1	1.973425e-03
1.497000e-01	8.140857e-01	0.000000e+00	1	1.973425e-03
1.678724e-01	7.933937e-01	0.000000e+00	1	1.973425e-03
1.696630e-01	7.919429e-01	0.000000e+00	1	1.973425e-03
1.498389e-01	8.138794e-01	0.000000e+00	1	1.973425e-03
1.508246e-01	8.116825e-01	0.000000e+00	1	1.973425e-03
1.499584e-01	8.135841e-01	0.000000e+00	1	1.973425e-03
1.679151e-01	7.932984e-01	0.000000e+00	1	1.973425e-03
1.613938e-01	7.996921e-01	0.000000e+00	1	1.973425e-03
1.497833e-01	8.139746e-01	0.000000e+00	1	1.973425e-03
1.504314e-01	8.119206e-01	0.000000e+00	1	1.973425e-03
1.502351e-01	8.122159e-01	0.000000e+00	1	1.973425e-03
1.496487e-01	8.141810e-01	0.000000e+00	1	1.973425e-03
1.506838e-01	8.118825e-01	0.000000e+00	1	1.973425e-03
1.494757e-01	8.145429e-01	0.000000e+00	1	1.973425e-03
1.692076e-01	7.923746e-01	0.000000e+00	1	1.855584e-03
1.678638e-01	7.934698e-01	0.000000e+00	1	1.772650e-03
1.696203e-01	7.920381e-01	0.000000e+00	1	1.772650e-03
1.557950e-01	8.082730e-01	0.000000e+00	1	1.700918e-03
1.635752e-01	7.976286e-01	0.000000e+00	1	1.665417e-03
1.633506e-01	7.979333e-01	0.000000e+00	1	1.665417e-03
1.609597e-01	8.009048e-01	0.000000e+00	1	1.665417e-03
1.632765e-01	7.980444e-01	0.000000e+00	1	1.665417e-03
1.637404e-01	7.968571e-01	0.000000e+00	1	1.665417e-03
1.696117e-01	7.921143e-01	0.000000e+00	1	1.662547e-03
1.613224e-01	7.998254e-01	0.000000e+00	1	1.660116e-03
1.548678e-01	8.090159e-01	0.000000e+00	1	1.652359e-03
1.550673e-01	8.088095e-01	0.000000e+00	1	1.652359e-03
1.495590e-01	8.144317e-01	0.000000e+00	1	1.644520e-03
1.497555e-01	8.139905e-01	0.000000e+00	1	1.644520e-03
1.549406e-01	8.089778e-01	0.000000e+00	1	1.635137e-03
1.554106e-01	8.085651e-01	0.000000e+00	1	1.635137e-03
1.550673e-01	8.088095e-01	0.000000e+00	1	1.635137e-03
1.548295e-01	8.090889e-01	0.000000e+00	1	1.635137e-03
1.551401e-01	8.087714e-01	0.000000e+00	1	1.635137e-03
1.548678e-01	8.090159e-01	0.000000e+00	1	1.635137e-03
1.560413e-01	8.082317e-01	0.000000e+00	1	1.635137e-03
1.547567e-01	8.091270e-01	0.000000e+00	1	1.635137e-03
1.696117e-01	7.921143e-01	0.000000e+00	1	1.578740e-03
1.549562e-01	8.089206e-01	0.000000e+00	1	1.536063e-03
1.546893e-01	8.092381e-01	0.000000e+00	1	1.516719e-03
1.547567e-01	8.091270e-01	0.000000e+00	1	1.516719e-03
1.544993e-01	8.097111e-01	0.000000e+00	1	1.516719e-03
1.545668e-01	8.096000e-01	0.000000e+00	1	1.516719e-03
1.552839e-01	8.087333e-01	0.000000e+00	1	1.512959e-03
1.555218e-01	8.084540e-01	0.000000e+00	1	1.512959e-03
1.550673e-01	8.088095e-01	0.000000e+00	1	1.512959e-03
1.548678e-01	8.090159e-01	0.000000e+00	1	1.512959e-03
1.554834e-01	8.085270e-01	0.000000e+00	1	1.512959e-03
1.550290e-01	8.088825e-01	0.000000e+00	1	1.512959e-03
1.568617e-01	8.081079e-01	0.000000e+00	1	1.498875e-03
1.569284e-01	8.079905e-01	0.000000e+00	1	1.498875e-03
1.695378e-01	7.921302e-01	0.000000e+00	1	1.498875e-03
1.546893e-01	8.092381e-01	0.000000e+00	1	1.498875e-03
1.546226e-01	8.093556e-01	0.000000e+00	1	1.498875e-03
1.694711e-01	7.921683e-01	0.000000e+00	1	1.498875e-03
1.612271e-01	7.999206e-01	0.000000e+00	1	1.412360e-03
1.613640e-01	7.997905e-01	0.000000e+00	1	1.393000e-03
1.508246e-01	8.116825e-01	0.000000e+00	1	1.350323e-03
1.609597e-01	8.009048e-01	0.000000e+00	1	1.293174e-03
1.609967e-01	8.008825e-01	0.000000e+00	1	1.293174e-03
1.545668e-01	8.096000e-01	0.000000e+00	1	1.255011e-03
1.504314e-01	8.119206e-01	0.000000e+00	1	1.249063e-03
1.509314e-01	8.114921e-01	0.000000e+00	1	1.249063e-03
1.501177e-01	8.124825e-01	0.000000e+00	1	1.249063e-03
1.608856e-01	8.010159e-01	0.000000e+00	1	1.249063e-03
1.502907e-01	8.121206e-01	0.000000e+00	1	1.249063e-03
1.508759e-01	8.115873e-01	0.000000e+00	1	1.249063e-03
1.507907e-01	8.116921e-01	0.000000e+00	1	1.249063e-03
1.502351e-01	8.122159e-01	0.000000e+00	1	1.249063e-03
1.684664e-01	7.928413e-01	0.000000e+00	1	1.249063e-03
1.498389e-01	8.138794e-01	0.000000e+00	1	1.249063e-03
1.503759e-01	8.120159e-01	0.000000e+00	1	1.249063e-03
1.687362e-01	7.927143e-01	0.000000e+00	1	1.249063e-03
1.500621e-01	8.125778e-01	0.000000e+00	1	1.249063e-03
1.497833e-01	8.139746e-01	0.000000e+00	1	1.249063e-03
1.549406e-01	8.089778e-01	0.000000e+00	1	1.184055e-03
1.554106e-01	8.085651e-01	0.000000e+00	1	1.184055e-03
1.571185e-01	8.078952e-01	0.000000e+00	1	1.184055e-03
1.499265e-01	8.137524e-01	0.000000e+00	1	1.178167e-03
1.495270e-01	8.144476e-01	0.000000e+00	1	1.152981e-03
1.494757e-01	8.145429e-01	0.000000e+00	1	1.152981e-03
1.506838e-01	8.118825e-01	0.000000e+00	1	1.152981e-03
1.497000e-01	8.140857e-01	0.000000e+00	1	1.152981e-03
1.499584e-01	8.135841e-01	0.000000e+00	1	1.152981e-03
1.502351e-01	8.122159e-01	0.000000e+00	1	1.152981e-03
1.697357e-01	7.916762e-01	0.000000e+00	1	1.152981e-03
1.696844e-01	7.918476e-01	0.000000e+00	1	1.152981e-03
1.679878e-01	7.930317e-01	0.000000e+00	1	1.152981e-03
1.677997e-01	7.936603e-01	0.000000e+00	1	1.152981e-03
1.496487e-01	8.141810e-01	0.000000e+00	1	1.152981e-03
1.494233e-01	8.153587e-01	0.000000e+00	1	1.152981e-03
1.500621e-01	8.125778e-01	0.000000e+00	1	1.152981e-03
1.503759e-01	8.120159e-01	0.000000e+00	1	1.152981e-03
1.500097e-01	8.134889e-01	0.000000e+00	1	1.152981e-03
1.494746e-01	8.152635e-01	0.000000e+00	1	1.152981e-03
1.549406e-01	8.089778e-01	0.000000e+00	1	1.141378e-03
1.543882e-01	8.103587e-01	0.000000e+00	1	9.992502e-04
1.507907e-01	8.116921e-01	0.000000e+00	1	9.595910e-04
1.503246e-01	8.121111e-01	0.000000e+00	1	9.595910e-04
1.498728e-01	8.138698e-01	0.000000e+00	1	9.595910e-04
1.613640e-01	7.997905e-01	0.000000e+00	1	9.365267e-04
1.496487e-01	8.141810e-01	0.000000e+00	1	8.633632e-04
1.496103e-01	8.143365e-01	0.000000e+00	1	8.633632e-04
1.554834e-01	8.085270e-01	0.000000e+00	1	8.629888e-04
1.550290e-01	8.088825e-01	0.000000e+00	1	8.629888e-04
1.553223e-01	8.086603e-01	0.000000e+00	1	8.629888e-04
1.552839e-01	8.087333e-01	0.000000e+00	1	8.629888e-04
1.555218e-01	8.084540e-01	0.000000e+00	1	8.629888e-04
1.548295e-01	8.090889e-01	0.000000e+00	1	7.893698e-04
1.690955e-01	7.925460e-01	0.000000e+00	1	7.893698e-04
1.695378e-01	7.921302e-01	0.000000e+00	1	7.893698e-04
1.691251e-01	7.925079e-01	0.000000e+00	1	7.893698e-04
1.571913e-01	8.078571e-01	0.000000e+00	1	7.893698e-04
1.554106e-01	8.085651e-01	0.000000e+00	1	7.893698e-04
1.694711e-01	7.921683e-01	0.000000e+00	1	7.893698e-04
1.551401e-01	8.087714e-01	0.000000e+00	1	7.893698e-04
1.547567e-01	8.091270e-01	0.000000e+00	1	7.893698e-04
1.569284e-01	8.079905e-01	0.000000e+00	1	7.893698e-04
1.551401e-01	8.087714e-01	0.000000e+00	1	7.893698e-04
1.557223e-01	8.083111e-01	0.000000e+00	1	7.893698e-04
1.560413e-01	8.082317e-01	0.000000e+00	1	7.893698e-04
1.553223e-01	8.086603e-01	0.000000e+00	1	7.893698e-04
1.557950e-01	8.082730e-01	0.000000e+00	1	7.893698e-04
1.553950e-01	8.086222e-01	0.000000e+00	1	7.893698e-04
1.684151e-01	7.930127e-01	0.000000e+00	1	7.669071e-04
1.508246e-01	8.116825e-01	0.000000e+00	1	7.622486e-04
1.498389e-01	8.138794e-01	0.000000e+00	1	7.622486e-04
1.506796e-01	8.119143e-01	0.000000e+00	1	7.538899e-04
1.612900e-01	7.999016e-01	0.000000e+00	1	7.288903e-04
1.501838e-01	8.123111e-01	0.000000e+00	1	7.256460e-04
1.501516e-01	8.124730e-01	0.000000e+00	1	7.256460e-04
1.497320e-01	8.140698e-01	0.000000e+00	1	7.206131e-04
1.497000e-01	8.140857e-01	0.000000e+00	1	7.206131e-04
1.495590e-01	8.144317e-01	0.000000e+00	1	7.206131e-04
1.499584e-01	8.135841e-01	0.000000e+00	1	7.177016e-04
1.613938e-01	7.996921e-01	0.000000e+00	1	6.694111e-04
1.690955e-01	7.925460e-01	0.000000e+00	1	6.663332e-04
1.691251e-01	7.925079e-01	0.000000e+00	1	6.663332e-04
1.498987e-01	8.138635e-01	0.000000e+00	1	6.600113e-04
1.521825e-01	8.110540e-01	0.000000e+00	1	6.578082e-04
1.506838e-01	8.118825e-01	0.000000e+00	1	6.578082e-04
1.521868e-01	8.110222e-01	0.000000e+00	1	6.578082e-04
1.497555e-01	8.139905e-01	0.000000e+00	1	6.245314e-04
1.497833e-01	8.139746e-01	0.000000e+00	1	6.245314e-04
1.496103e-01	8.143365e-01	0.000000e+00	1	6.245314e-04
1.498728e-01	8.138698e-01	0.000000e+00	1	5.828960e-04
1.497555e-01	8.139905e-01	0.000000e+00	1	5.284496e-04
1.495825e-01	8.143524e-01	0.000000e+00	1	5.284496e-04
1.495590e-01	8.144317e-01	0.000000e+00	1	5.284496e-04
1.696117e-01	7.921143e-01	0.000000e+00	1	5.228145e-04
1.677997e-01	7.936603e-01	0.000000e+00	1	4.821557e-04
1.696844e-01	7.918476e-01	0.000000e+00	1	4.821557e-04
1.696630e-01	7.919429e-01	0.000000e+00	1	4.821557e-04
1.679151e-01	7.932984e-01	0.000000e+00	1	4.821557e-04
1.499241e-01	8.137746e-01	0.000000e+00	1	4.604657e-04
1.612271e-01	7.999206e-01	0.000000e+00	1	3.946849e-04
1.679878e-01	7.930317e-01	0.000000e+00	1	3.946849e-04
1.684151e-01	7.930127e-01	0.000000e+00	1	3.946849e-04
1.612900e-01	7.999016e-01	0.000000e+00	1	3.946849e-04
1.684664e-01	7.928413e-01	0.000000e+00	1	3.860740e-04
1.684492e-01	7.929968e-01	0.000000e+00	1	3.860740e-04
1.554106e-01	8.085651e-01	0.000000e+00	1	3.520086e-04
1.553950e-01	8.086222e-01	0.000000e+00	1	3.520086e-04
1.687362e-01	7.927143e-01	0.000000e+00	1	3.289041e-04
1.497555e-01	8.139905e-01	0.000000e+00	1	3.289041e-04
1.495825e-01	8.143524e-01	0.000000e+00	1	3.289041e-04
1.496103e-01	8.143365e-01	0.000000e+00	1	3.289041e-04
1.497320e-01	8.140698e-01	0.000000e+00	1	3.289041e-04
1.684492e-01	7.929968e-01	0.000000e+00	1	3.289041e-04
1.497833e-01	8.139746e-01	0.000000e+00	1	3.289041e-04
1.495590e-01	8.144317e-01	0.000000e+00	1	3.289041e-04
1.684151e-01	7.930127e-01	0.000000e+00	1	3.289041e-04
1.495270e-01	8.144476e-01	0.000000e+00	1	3.289041e-04
1.497000e-01	8.140857e-01	0.000000e+00	1	3.289041e-04
1.499241e-01	8.137746e-01	0.000000e+00	1	2.517888e-04
1.499222e-01	8.137841e-01	0.000000e+00	1	2.389779e-04
1.502907e-01	8.121206e-01	0.000000e+00	1	1.973425e-04
1.501516e-01	8.124730e-01	0.000000e+00	1	1.973425e-04
1.498389e-01	8.138794e-01	0.000000e+00	1	1.973425e-04
1.501177e-01	8.124825e-01	0.000000e+00	1	1.973425e-04
1.678724e-01	7.933937e-01	0.000000e+00	1	1.939104e-04
1.506796e-01	8.119143e-01	0.000000e+00	1	1.315616e-04
1.498728e-01	8.138698e-01	0.000000e+00	1	1.315616e-04
1.506838e-01	8.118825e-01	0.000000e+00	1	9.608175e-05
1.521825e-01	8.110540e-01	0.000000e+00	1	9.608175e-05
1.521868e-01	8.110222e-01	0.000000e+00	1	9.608175e-05
1.559686e-01	8.082698e-01	0.000000e+00	1	6.578082e-05
1.499241e-01	8.137746e-01	0.000000e+00	1	4.163543e-05
1.500108e-01	8.126730e-01	0.000000e+00	1	2.562180e-05
1.494746e-01	8.152635e-01	0.000000e+00	1	2.562180e-05
1.494757e-01	8.145429e-01	0.000000e+00	1	2.562180e-05
1.614890e-01	7.995968e-01	0.000000e+00	1	0.000000e+00
1.503759e-01	8.120159e-01	0.000000e+00	1	0.000000e+00
1.632765e-01	7.980444e-01	0.000000e+00	1	0.000000e+00
1.503759e-01	8.120159e-01	0.000000e+00	1	0.000000e+00
1.559686e-01	8.082698e-01	0.000000e+00	1	0.000000e+00
1.609967e-01	8.008825e-01	0.000000e+00	1	0.000000e+00
1.495590e-01	8.144317e-01	0.000000e+00	1	0.000000e+00
1.502351e-01	8.122159e-01	0.000000e+00	1	0.000000e+00
1.679151e-01	7.932984e-01	0.000000e+00	1	0.000000e+00
1.548295e-01	8.090889e-01	0.000000e+00	1	0.000000e+00
1.560413e-01	8.082317e-01	0.000000e+00	1	0.000000e+00
1.501838e-01	8.123111e-01	0.000000e+00	1	0.000000e+00
1.498728e-01	8.138698e-01	0.000000e+00	1	0.000000e+00
1.544993e-01	8.097111e-01	0.000000e+00	1	0.000000e+00
1.546893e-01	8.092381e-01	0.000000e+00	1	0.000000e+00
1.554834e-01	8.085270e-01	0.000000e+00	1	0.000000e+00
1.500108e-01	8.126730e-01	0.000000e+00	1	0.000000e+00
1.503759e-01	8.120159e-01	0.000000e+00	1	0.000000e+00
1.495270e-01	8.144476e-01	0.000000e+00	1	0.000000e+00
1.635011e-01	7.977397e-01	0.000000e+00	1	0.000000e+00
1.713288e-01	7.913238e-01	0.000000e+00	1	0.000000e+00
1.613640e-01	7.997905e-01	0.000000e+00	1	0.000000e+00
1.506838e-01	8.118825e-01	0.000000e+00	1	0.000000e+00
1.692076e-01	7.923746e-01	0.000000e+00	1	0.000000e+00
1.506796e-01	8.119143e-01	0.000000e+00	1	0.000000e+00
1.500108e-01	8.126730e-01	0.000000e+00	1	0.000000e+00
1.496103e-01	8.143365e-01	0.000000e+00	1	0.000000e+00
1.679878e-01	7.930317e-01	0.000000e+00	1	0.000000e+00
1.495270e-01	8.144476e-01	0.000000e+00	1	0.000000e+00
1.684664e-01	7.928413e-01	0.000000e+00	1	0.000000e+00
1.544993e-01	8.097111e-01	0.000000e+00	1	0.000000e+00
1.495590e-01	8.144317e-01	0.000000e+00	1	0.000000e+00
1.553950e-01	8.086222e-01	0.000000e+00	1	0.000000e+00
1.499222e-01	8.137841e-01	0.000000e+00	1	0.000000e+00
1.678638e-01	7.934698e-01	0.000000e+00	1	0.000000e+00
1.507907e-01	8.116921e-01	0.000000e+00	1	0.000000e+00
1.697357e-01	7.916762e-01	0.000000e+00	1	0.000000e+00
1.502351e-01	8.122159e-01	0.000000e+00	1	0.000000e+00
1.696844e-01	7.918476e-01	0.000000e+00	1	0.000000e+00
1.684664e-01	7.928413e-01	0.000000e+00	1	0.000000e+00
1.687918e-01	7.926032e-01	0.000000e+00	1	0.000000e+00
1.496103e-01	8.143365e-01	0.000000e+00	1	0.000000e+00
1.557950e-01	8.082730e-01	0.000000e+00	1	0.000000e+00
1.507907e-01	8.116921e-01	0.000000e+00	1	0.000000e+00
1.613938e-01	7.996921e-01	0.000000e+00	1	0.000000e+00
1.713288e-01	7.913238e-01	0.000000e+00	1	0.000000e+00
1.495270e-01	8.144476e-01	0.000000e+00	1	0.000000e+00
1.550673e-01	8.088095e-01	0.000000e+00	1	0.000000e+00
1.549562e-01	8.089206e-01	0.000000e+00	1	0.000000e+00
1.494757e-01	8.145429e-01	0.000000e+00	1	0.000000e+00
1.635011e-01	7.977397e-01	0.000000e+00	1	0.000000e+00
1.545668e-01	8.096000e-01	0.000000e+00	1	0.000000e+00
1.608301e-01	8.012222e-01	0.000000e+00	1	0.000000e+00
1.494757e-01	8.145429e-01	0.000000e+00	1	0.000000e+00
1.699449e-01	7.915492e-01	0.000000e+00	1	0.000000e+00
1.509314e-01	8.114921e-01	0.000000e+00	1	0.000000e+00
1.520757e-01	8.112444e-01	0.000000e+00	1	0.000000e+00
1.608856e-01	8.010159e-01	0.000000e+00	1	0.000000e+00
1.550673e-01	8.088095e-01	0.000000e+00	1	0.000000e+00
1.610708e-01	8.007714e-01	0.000000e+00	1	0.000000e+00
1.608301e-01	8.012222e-01	0.000000e+00	1	0.000000e+00
1.502351e-01	8.122159e-01	0.000000e+00	1	0.000000e+00
1.702783e-01	7.914540e-01	0.000000e+00	1	0.000000e+00
1.499584e-01	8.135841e-01	0.000000e+00	1	0.000000e+00
1.554106e-01	8.085651e-01	0.000000e+00	1	0.000000e+00
1.568617e-01	8.081079e-01	0.000000e+00	1	0.000000e+00
1.494233e-01	8.153587e-01	0.000000e+00	1	0.000000e+00
1.550290e-01	8.088825e-01	0.000000e+00	1	0.000000e+00
1.679878e-01	7.930317e-01	0.000000e+00	1	0.000000e+00
1.549406e-01	8.089778e-01	0.000000e+00	1	0.000000e+00
1.508759e-01	8.115873e-01	0.000000e+00	1	0.000000e+00
1.545668e-01	8.096000e-01	0.000000e+00	1	0.000000e+00
1.545668e-01	8.096000e-01	0.000000e+00	1	0.000000e+00
1.494757e-01	8.145429e-01	0.000000e+00	1	0.000000e+00
1.554834e-01	8.085270e-01	0.000000e+00	1	0.000000e+00
1.697357e-01	7.916762e-01	0.000000e+00	1	0.000000e+00
1.553950e-01	8.086222e-01	0.000000e+00	1	0.000000e+00
1.546226e-01	8.093556e-01	0.000000e+00	1	0.000000e+00
1.684151e-01	7.930127e-01	0.000000e+00	1	0.000000e+00
1.506838e-01	8.118825e-01	0.000000e+00	1	0.000000e+00
1.501177e-01	8.124825e-01	0.000000e+00	1	0.000000e+00
1.694711e-01	7.921683e-01	0.000000e+00	1	0.000000e+00
1.697357e-01	7.916762e-01	0.000000e+00	1	0.000000e+00
1.544327e-01	8.098286e-01	0.000000e+00	1	0.000000e+00
1.495270e-01	8.144476e-01	0.000000e+00	1	0.000000e+00
1.503759e-01	8.120159e-01	0.000000e+00	1	0.000000e+00
1.501516e-01	8.124730e-01	0.000000e+00	1	0.000000e+00
1.544327e-01	8.098286e-01	0.000000e+00	1	0.000000e+00
1.500097e-01	8.134889e-01	0.000000e+00	1	0.000000e+00
1.498389e-01	8.138794e-01	0.000000e+00	1	0.000000e+00
1.496103e-01	8.143365e-01	0.000000e+00	1	0.000000e+00
1.549562e-01	8.089206e-01	0.000000e+00	1	0.000000e+00
1.495590e-01	8.144317e-01	0.000000e+00	1	0.000000e+00
1.549562e-01	8.089206e-01	0.000000e+00	1	0.000000e+00
1.494757e-01	8.145429e-01	0.000000e+00	1	0.000000e+00
1.543882e-01	8.103587e-01	0.000000e+00	1	0.000000e+00
1.544993e-01	8.097111e-01	0.000000e+00	1	0.000000e+00
1.692076e-01	7.923746e-01	0.000000e+00	1	0.000000e+00
1.504314e-01	8.119206e-01	0.000000e+00	1	0.000000e+00
1.570011e-01	8.079524e-01	0.000000e+00	1	0.000000e+00
1.546893e-01	8.092381e-01	0.000000e+00	1	0.000000e+00
1.497833e-01	8.139746e-01	0.000000e+00	1	0.000000e+00
1.555945e-01	8.084159e-01	0.000000e+00	1	0.000000e+00
1.508246e-01	8.116825e-01	0.000000e+00	1	0.000000e+00
1.679878e-01	7.930317e-01	0.000000e+00	1	0.000000e+00
1.551401e-01	8.087714e-01	0.000000e+00	1	0.000000e+00
1.553950e-01	8.086222e-01	0.000000e+00	1	0.000000e+00
1.679151e-01	7.932984e-01	0.000000e+00	1	0.000000e+00
1.496487e-01	8.141810e-01	0.000000e+00	1	0.000000e+00
1.506796e-01	8.119143e-01	0.000000e+00	1	0.000000e+00
1.550673e-01	8.088095e-01	0.000000e+00	1	0.000000e+00
1.553223e-01	8.086603e-01	0.000000e+00	1	0.000000e+00
1.545668e-01	8.096000e-01	0.000000e+00	1	0.000000e+00
1.546893e-01	8.092381e-01	0.000000e+00	1	0.000000e+00
1.550673e-01	8.088095e-01	0.000000e+00	1	0.000000e+00
1.570011e-01	8.079524e-01	0.000000e+00	1	0.000000e+00
1.687918e-01	7.926032e-01	0.000000e+00	1	0.000000e+00
1.499222e-01	8.137841e-01	0.000000e+00	1	0.000000e+00
1.497833e-01	8.139746e-01	0.000000e+00	1	0.000000e+00
1.687918e-01	7.926032e-01	0.000000e+00	1	0.000000e+00
1.609597e-01	8.009048e-01	0.000000e+00	1	0.000000e+00
1.551401e-01	8.087714e-01	0.000000e+00	1	0.000000e+00
1.613224e-01	7.998254e-01	0.000000e+00	1	0.000000e+00
1.545668e-01	8.096000e-01	0.000000e+00	1	0.000000e+00
1.497833e-01	8.139746e-01	0.000000e+00	1	0.000000e+00
1.696844e-01	7.918476e-01	0.000000e+00	1	0.000000e+00
1.495825e-01	8.143524e-01	0.000000e+00	1	0.000000e+00
1.608301e-01	8.012222e-01	0.000000e+00	1	0.000000e+00
1.497833e-01	8.139746e-01	0.000000e+00	1	0.000000e+00
1.549406e-01	8.089778e-01	0.000000e+00	1	0.000000e+00
1.560413e-01	8.082317e-01	0.000000e+00	1	0.000000e+00
1.554834e-01	8.085270e-01	0.000000e+00	1	0.000000e+00
1.560413e-01	8.082317e-01	0.000000e+00	1	0.000000e+00
1.494757e-01	8.145429e-01	0.000000e+00	1	0.000000e+00
1.494746e-01	8.152635e-01	0.000000e+00	1	0.000000e+00
1.498389e-01	8.138794e-01	0.000000e+00	1	0.000000e+00
1.696630e-01	7.919429e-01	0.000000e+00	1	0.000000e+00
Total execution time: 38446.726
