# This file contains the data of final feasible population (if found)
# of objectives = 2, # of constraints = 0, # of real_var = 0, # of bits of bin_var = 0, constr_violation, rank, crowding_distance
1.648289e-01	7.888540e-01	0.000000e+00	1	1.000000e+14
1.427139e-01	8.124032e-01	0.000000e+00	1	1.000000e+14
1.519515e-01	8.033206e-01	0.000000e+00	1	9.895440e-02
1.558542e-01	8.028159e-01	0.000000e+00	1	8.823723e-02
1.568240e-01	8.019397e-01	0.000000e+00	1	8.788789e-02
1.577607e-01	7.979778e-01	0.000000e+00	1	8.411971e-02
1.519515e-01	8.033206e-01	0.000000e+00	1	3.291497e-02
1.505046e-01	8.033302e-01	0.000000e+00	1	3.271276e-02
1.461445e-01	8.097397e-01	0.000000e+00	1	2.717703e-02
1.449573e-01	8.103778e-01	0.000000e+00	1	2.684001e-02
1.584746e-01	7.975873e-01	0.000000e+00	1	2.503443e-02
1.577607e-01	7.979778e-01	0.000000e+00	1	2.151459e-02
1.568240e-01	8.019397e-01	0.000000e+00	1	2.117758e-02
1.566573e-01	8.021079e-01	0.000000e+00	1	1.905183e-02
1.592301e-01	7.967556e-01	0.000000e+00	1	1.796425e-02
1.592301e-01	7.967556e-01	0.000000e+00	1	1.788964e-02
1.584746e-01	7.975873e-01	0.000000e+00	1	1.765975e-02
1.449573e-01	8.103778e-01	0.000000e+00	1	1.354813e-02
1.461445e-01	8.097397e-01	0.000000e+00	1	1.354813e-02
1.427153e-01	8.118349e-01	0.000000e+00	1	1.330336e-02
1.476186e-01	8.068667e-01	0.000000e+00	1	1.315191e-02
1.445611e-01	8.104286e-01	0.000000e+00	1	1.303505e-02
1.439964e-01	8.104413e-01	0.000000e+00	1	1.276544e-02
1.436742e-01	8.104730e-01	0.000000e+00	1	1.237646e-02
1.635499e-01	7.896508e-01	0.000000e+00	1	1.225095e-02
1.427139e-01	8.124032e-01	0.000000e+00	1	1.206525e-02
1.561277e-01	8.024413e-01	0.000000e+00	1	1.197445e-02
1.647943e-01	7.889714e-01	0.000000e+00	1	1.188504e-02
1.476072e-01	8.073968e-01	0.000000e+00	1	1.151414e-02
1.584746e-01	7.975873e-01	0.000000e+00	1	1.151260e-02
1.579654e-01	7.979619e-01	0.000000e+00	1	1.151260e-02
1.480941e-01	8.054571e-01	0.000000e+00	1	1.120534e-02
1.631213e-01	7.897079e-01	0.000000e+00	1	1.090288e-02
1.558542e-01	8.028159e-01	0.000000e+00	1	1.071717e-02
1.480665e-01	8.059556e-01	0.000000e+00	1	1.061825e-02
1.643253e-01	7.890317e-01	0.000000e+00	1	1.060437e-02
1.601437e-01	7.933270e-01	0.000000e+00	1	1.043959e-02
1.601410e-01	7.938159e-01	0.000000e+00	1	1.038016e-02
1.599779e-01	7.947524e-01	0.000000e+00	1	9.803201e-03
1.599676e-01	7.952032e-01	0.000000e+00	1	9.571313e-03
1.617108e-01	7.902857e-01	0.000000e+00	1	9.195827e-03
1.638715e-01	7.894508e-01	0.000000e+00	1	9.120690e-03
1.462051e-01	8.097238e-01	0.000000e+00	1	8.245417e-03
1.473520e-01	8.076889e-01	0.000000e+00	1	8.245417e-03
1.638715e-01	7.894508e-01	0.000000e+00	1	8.176203e-03
1.615441e-01	7.904571e-01	0.000000e+00	1	8.149418e-03
1.427867e-01	8.114952e-01	0.000000e+00	1	8.113286e-03
1.477025e-01	8.067556e-01	0.000000e+00	1	8.096643e-03
1.635903e-01	7.895302e-01	0.000000e+00	1	8.042232e-03
1.579654e-01	7.979619e-01	0.000000e+00	1	7.953626e-03
1.436027e-01	8.108349e-01	0.000000e+00	1	7.684012e-03
1.462159e-01	8.094000e-01	0.000000e+00	1	7.413480e-03
1.631213e-01	7.897079e-01	0.000000e+00	1	7.383371e-03
1.628991e-01	7.898190e-01	0.000000e+00	1	7.383371e-03
1.622911e-01	7.900635e-01	0.000000e+00	1	7.383371e-03
1.561277e-01	8.024413e-01	0.000000e+00	1	7.340575e-03
1.427700e-01	8.118190e-01	0.000000e+00	1	7.251987e-03
1.561277e-01	8.024413e-01	0.000000e+00	1	7.077379e-03
1.472805e-01	8.080286e-01	0.000000e+00	1	6.941655e-03
1.595555e-01	7.960730e-01	0.000000e+00	1	6.906332e-03
1.434250e-01	8.109460e-01	0.000000e+00	1	6.904872e-03
1.473412e-01	8.080127e-01	0.000000e+00	1	6.875169e-03
1.558542e-01	8.028159e-01	0.000000e+00	1	6.796737e-03
1.559610e-01	8.026095e-01	0.000000e+00	1	6.796737e-03
1.430473e-01	8.111175e-01	0.000000e+00	1	6.538150e-03
1.430367e-01	8.114254e-01	0.000000e+00	1	6.538150e-03
1.641586e-01	7.893206e-01	0.000000e+00	1	6.491113e-03
1.601571e-01	7.932889e-01	0.000000e+00	1	6.449441e-03
1.592436e-01	7.967175e-01	0.000000e+00	1	6.449441e-03
1.472567e-01	8.083302e-01	0.000000e+00	1	6.403343e-03
1.436027e-01	8.108349e-01	0.000000e+00	1	6.378899e-03
1.468223e-01	8.086667e-01	0.000000e+00	1	6.268536e-03
1.469850e-01	8.083714e-01	0.000000e+00	1	6.268536e-03
1.597295e-01	7.953206e-01	0.000000e+00	1	6.265327e-03
1.612714e-01	7.911206e-01	0.000000e+00	1	6.265327e-03
1.619565e-01	7.901905e-01	0.000000e+00	1	6.230068e-03
1.494921e-01	8.039524e-01	0.000000e+00	1	6.220493e-03
1.497673e-01	8.039143e-01	0.000000e+00	1	6.220493e-03
1.478231e-01	8.064635e-01	0.000000e+00	1	6.201132e-03
1.643253e-01	7.890317e-01	0.000000e+00	1	6.055983e-03
1.614700e-01	7.906635e-01	0.000000e+00	1	6.055983e-03
1.612748e-01	7.910984e-01	0.000000e+00	1	6.055983e-03
1.601949e-01	7.930254e-01	0.000000e+00	1	5.594500e-03
1.592814e-01	7.964540e-01	0.000000e+00	1	5.594500e-03
1.605611e-01	7.921397e-01	0.000000e+00	1	5.461491e-03
1.463111e-01	8.089873e-01	0.000000e+00	1	5.403249e-03
1.599422e-01	7.952984e-01	0.000000e+00	1	5.281833e-03
1.603658e-01	7.925746e-01	0.000000e+00	1	5.236553e-03
1.625134e-01	7.899524e-01	0.000000e+00	1	5.159052e-03
1.462987e-01	8.092286e-01	0.000000e+00	1	5.122675e-03
1.614489e-01	7.907968e-01	0.000000e+00	1	5.091862e-03
1.477025e-01	8.067556e-01	0.000000e+00	1	5.086532e-03
1.627866e-01	7.898349e-01	0.000000e+00	1	5.024245e-03
1.625644e-01	7.899460e-01	0.000000e+00	1	5.024245e-03
1.600670e-01	7.940222e-01	0.000000e+00	1	5.022753e-03
1.600551e-01	7.942444e-01	0.000000e+00	1	4.987032e-03
1.432239e-01	8.109619e-01	0.000000e+00	1	4.882763e-03
1.437954e-01	8.104571e-01	0.000000e+00	1	4.882763e-03
1.447563e-01	8.103937e-01	0.000000e+00	1	4.882763e-03
1.439964e-01	8.104413e-01	0.000000e+00	1	4.882763e-03
1.449573e-01	8.103778e-01	0.000000e+00	1	4.882763e-03
1.641586e-01	7.893206e-01	0.000000e+00	1	4.856983e-03
1.597295e-01	7.953206e-01	0.000000e+00	1	4.810007e-03
1.593782e-01	7.962095e-01	0.000000e+00	1	4.782447e-03
1.483374e-01	8.049492e-01	0.000000e+00	1	4.770709e-03
1.600157e-01	7.943238e-01	0.000000e+00	1	4.718253e-03
1.600038e-01	7.945460e-01	0.000000e+00	1	4.718253e-03
1.608251e-01	7.918159e-01	0.000000e+00	1	4.715043e-03
1.604777e-01	7.923460e-01	0.000000e+00	1	4.715043e-03
1.611880e-01	7.913270e-01	0.000000e+00	1	4.715043e-03
1.621787e-01	7.900794e-01	0.000000e+00	1	4.699637e-03
1.602825e-01	7.927810e-01	0.000000e+00	1	4.685735e-03
1.596462e-01	7.955270e-01	0.000000e+00	1	4.685735e-03
1.463717e-01	8.089714e-01	0.000000e+00	1	4.673026e-03
1.499715e-01	8.035905e-01	0.000000e+00	1	4.651777e-03
1.577607e-01	7.979778e-01	0.000000e+00	1	4.629482e-03
1.579654e-01	7.979619e-01	0.000000e+00	1	4.629482e-03
1.464546e-01	8.088000e-01	0.000000e+00	1	4.554851e-03
1.466212e-01	8.086825e-01	0.000000e+00	1	4.545745e-03
1.468223e-01	8.086667e-01	0.000000e+00	1	4.545745e-03
1.592949e-01	7.964159e-01	0.000000e+00	1	4.381235e-03
1.642512e-01	7.892381e-01	0.000000e+00	1	4.381235e-03
1.611880e-01	7.913270e-01	0.000000e+00	1	4.381235e-03
1.604777e-01	7.923460e-01	0.000000e+00	1	4.381235e-03
1.605611e-01	7.921397e-01	0.000000e+00	1	4.381235e-03
1.609084e-01	7.916095e-01	0.000000e+00	1	4.381235e-03
1.593782e-01	7.962095e-01	0.000000e+00	1	4.381235e-03
1.608251e-01	7.918159e-01	0.000000e+00	1	4.381235e-03
1.613489e-01	7.908921e-01	0.000000e+00	1	4.381235e-03
1.619565e-01	7.901905e-01	0.000000e+00	1	4.031806e-03
1.434250e-01	8.109460e-01	0.000000e+00	1	4.019772e-03
1.468223e-01	8.086667e-01	0.000000e+00	1	4.015316e-03
1.490964e-01	8.043079e-01	0.000000e+00	1	4.008581e-03
1.489340e-01	8.043238e-01	0.000000e+00	1	4.008581e-03
1.593782e-01	7.962095e-01	0.000000e+00	1	4.007977e-03
1.474358e-01	8.075778e-01	0.000000e+00	1	4.002444e-03
1.480649e-01	8.061397e-01	0.000000e+00	1	3.945297e-03
1.494085e-01	8.040476e-01	0.000000e+00	1	3.912725e-03
1.607132e-01	7.920444e-01	0.000000e+00	1	3.911208e-03
1.483359e-01	8.051333e-01	0.000000e+00	1	3.909410e-03
1.480665e-01	8.059556e-01	0.000000e+00	1	3.909410e-03
1.600804e-01	7.939841e-01	0.000000e+00	1	3.876891e-03
1.596202e-01	7.957333e-01	0.000000e+00	1	3.876891e-03
1.602690e-01	7.928190e-01	0.000000e+00	1	3.876891e-03
1.596327e-01	7.955651e-01	0.000000e+00	1	3.876891e-03
1.595814e-01	7.958667e-01	0.000000e+00	1	3.854054e-03
1.600038e-01	7.945460e-01	0.000000e+00	1	3.854054e-03
1.610761e-01	7.915556e-01	0.000000e+00	1	3.792108e-03
1.609084e-01	7.916095e-01	0.000000e+00	1	3.792108e-03
1.566573e-01	8.021079e-01	0.000000e+00	1	3.768183e-03
1.617108e-01	7.902857e-01	0.000000e+00	1	3.768183e-03
1.559610e-01	8.026095e-01	0.000000e+00	1	3.768183e-03
1.481321e-01	8.053619e-01	0.000000e+00	1	3.696857e-03
1.613489e-01	7.908921e-01	0.000000e+00	1	3.696857e-03
1.478612e-01	8.063683e-01	0.000000e+00	1	3.696857e-03
1.620454e-01	7.901587e-01	0.000000e+00	1	3.694788e-03
1.620454e-01	7.901587e-01	0.000000e+00	1	3.688583e-03
1.469850e-01	8.083714e-01	0.000000e+00	1	3.678297e-03
1.615441e-01	7.904571e-01	0.000000e+00	1	3.639795e-03
1.601410e-01	7.938159e-01	0.000000e+00	1	3.631827e-03
1.471123e-01	8.083333e-01	0.000000e+00	1	3.603488e-03
1.568240e-01	8.019397e-01	0.000000e+00	1	3.572391e-03
1.566573e-01	8.021079e-01	0.000000e+00	1	3.572391e-03
1.602084e-01	7.929873e-01	0.000000e+00	1	3.572391e-03
1.599913e-01	7.947143e-01	0.000000e+00	1	3.572391e-03
1.559610e-01	8.026095e-01	0.000000e+00	1	3.572391e-03
1.595690e-01	7.960349e-01	0.000000e+00	1	3.572391e-03
1.431633e-01	8.109778e-01	0.000000e+00	1	3.538708e-03
1.431081e-01	8.110857e-01	0.000000e+00	1	3.529840e-03
1.465606e-01	8.086984e-01	0.000000e+00	1	3.527164e-03
1.625134e-01	7.899524e-01	0.000000e+00	1	3.513506e-03
1.635903e-01	7.895302e-01	0.000000e+00	1	3.476091e-03
1.475234e-01	8.075079e-01	0.000000e+00	1	3.463215e-03
1.499178e-01	8.037524e-01	0.000000e+00	1	3.437584e-03
1.642512e-01	7.892381e-01	0.000000e+00	1	3.427242e-03
1.500382e-01	8.035683e-01	0.000000e+00	1	3.394575e-03
1.474126e-01	8.076730e-01	0.000000e+00	1	3.392357e-03
1.429759e-01	8.114571e-01	0.000000e+00	1	3.376034e-03
1.428415e-01	8.114794e-01	0.000000e+00	1	3.376034e-03
1.503379e-01	8.034413e-01	0.000000e+00	1	3.345040e-03
1.502049e-01	8.034571e-01	0.000000e+00	1	3.345040e-03
1.487555e-01	8.045143e-01	0.000000e+00	1	3.306551e-03
1.493136e-01	8.041429e-01	0.000000e+00	1	3.306551e-03
1.463940e-01	8.088159e-01	0.000000e+00	1	3.302777e-03
1.479353e-01	8.062730e-01	0.000000e+00	1	3.278170e-03
1.482062e-01	8.052667e-01	0.000000e+00	1	3.278170e-03
1.647943e-01	7.889714e-01	0.000000e+00	1	3.276933e-03
1.472567e-01	8.083302e-01	0.000000e+00	1	3.266470e-03
1.498279e-01	8.038984e-01	0.000000e+00	1	3.155216e-03
1.608132e-01	7.919492e-01	0.000000e+00	1	3.100108e-03
1.611761e-01	7.914603e-01	0.000000e+00	1	3.100108e-03
1.604658e-01	7.924794e-01	0.000000e+00	1	3.100108e-03
1.484592e-01	8.047587e-01	0.000000e+00	1	3.062301e-03
1.604658e-01	7.924794e-01	0.000000e+00	1	2.955875e-03
1.478612e-01	8.063683e-01	0.000000e+00	1	2.883407e-03
1.483755e-01	8.048540e-01	0.000000e+00	1	2.883407e-03
1.481321e-01	8.053619e-01	0.000000e+00	1	2.883407e-03
1.627866e-01	7.898349e-01	0.000000e+00	1	2.878503e-03
1.628991e-01	7.898190e-01	0.000000e+00	1	2.878503e-03
1.614700e-01	7.906635e-01	0.000000e+00	1	2.830952e-03
1.437954e-01	8.104571e-01	0.000000e+00	1	2.740497e-03
1.501382e-01	8.034794e-01	0.000000e+00	1	2.732735e-03
1.500382e-01	8.035683e-01	0.000000e+00	1	2.732735e-03
1.478231e-01	8.064635e-01	0.000000e+00	1	2.727405e-03
1.494921e-01	8.039524e-01	0.000000e+00	1	2.699460e-03
1.596462e-01	7.955270e-01	0.000000e+00	1	2.692935e-03
1.592949e-01	7.964159e-01	0.000000e+00	1	2.692935e-03
1.498512e-01	8.037746e-01	0.000000e+00	1	2.628741e-03
1.462397e-01	8.093270e-01	0.000000e+00	1	2.627824e-03
1.475840e-01	8.074921e-01	0.000000e+00	1	2.547370e-03
1.476072e-01	8.073968e-01	0.000000e+00	1	2.547370e-03
1.622911e-01	7.900635e-01	0.000000e+00	1	2.541485e-03
1.621787e-01	7.900794e-01	0.000000e+00	1	2.541485e-03
1.648289e-01	7.888540e-01	0.000000e+00	1	2.493934e-03
1.479353e-01	8.062730e-01	0.000000e+00	1	2.483592e-03
1.482062e-01	8.052667e-01	0.000000e+00	1	2.483592e-03
1.503379e-01	8.034413e-01	0.000000e+00	1	2.440945e-03
1.486837e-01	8.045302e-01	0.000000e+00	1	2.430304e-03
1.604036e-01	7.925524e-01	0.000000e+00	1	2.405601e-03
1.607510e-01	7.920222e-01	0.000000e+00	1	2.405601e-03
1.465606e-01	8.086984e-01	0.000000e+00	1	2.397935e-03
1.462987e-01	8.092286e-01	0.000000e+00	1	2.370087e-03
1.625644e-01	7.899460e-01	0.000000e+00	1	2.359126e-03
1.627866e-01	7.898349e-01	0.000000e+00	1	2.359126e-03
1.476186e-01	8.068667e-01	0.000000e+00	1	2.359126e-03
1.491958e-01	8.041968e-01	0.000000e+00	1	2.319795e-03
1.491469e-01	8.042540e-01	0.000000e+00	1	2.319795e-03
1.613489e-01	7.908921e-01	0.000000e+00	1	2.260910e-03
1.599517e-01	7.952095e-01	0.000000e+00	1	2.246343e-03
1.488504e-01	8.044190e-01	0.000000e+00	1	2.227635e-03
1.494085e-01	8.040476e-01	0.000000e+00	1	2.214585e-03
1.497673e-01	8.039143e-01	0.000000e+00	1	2.179092e-03
1.602690e-01	7.928190e-01	0.000000e+00	1	2.179092e-03
1.635499e-01	7.896508e-01	0.000000e+00	1	2.128019e-03
1.599422e-01	7.952984e-01	0.000000e+00	1	2.101538e-03
1.642512e-01	7.892381e-01	0.000000e+00	1	2.093435e-03
1.482618e-01	8.052286e-01	0.000000e+00	1	2.064904e-03
1.483374e-01	8.049492e-01	0.000000e+00	1	2.057996e-03
1.614489e-01	7.907968e-01	0.000000e+00	1	2.022108e-03
1.607132e-01	7.920444e-01	0.000000e+00	1	2.022108e-03
1.480941e-01	8.054571e-01	0.000000e+00	1	2.022108e-03
1.478231e-01	8.064635e-01	0.000000e+00	1	2.022108e-03
1.617108e-01	7.902857e-01	0.000000e+00	1	2.022108e-03
1.483755e-01	8.048540e-01	0.000000e+00	1	2.022108e-03
1.488504e-01	8.044190e-01	0.000000e+00	1	2.022108e-03
1.489340e-01	8.043238e-01	0.000000e+00	1	2.022108e-03
1.494921e-01	8.039524e-01	0.000000e+00	1	2.022108e-03
1.474358e-01	8.075778e-01	0.000000e+00	1	2.008141e-03
1.610761e-01	7.915556e-01	0.000000e+00	1	2.001179e-03
1.485541e-01	8.046635e-01	0.000000e+00	1	1.997352e-03
1.502049e-01	8.034571e-01	0.000000e+00	1	1.979099e-03
1.499715e-01	8.035905e-01	0.000000e+00	1	1.979099e-03
1.498512e-01	8.037746e-01	0.000000e+00	1	1.979099e-03
1.492419e-01	8.041587e-01	0.000000e+00	1	1.958479e-03
1.493255e-01	8.040635e-01	0.000000e+00	1	1.954246e-03
1.485541e-01	8.046635e-01	0.000000e+00	1	1.915373e-03
1.486377e-01	8.045683e-01	0.000000e+00	1	1.915373e-03
1.485052e-01	8.047206e-01	0.000000e+00	1	1.915373e-03
1.483755e-01	8.048540e-01	0.000000e+00	1	1.890617e-03
1.484592e-01	8.047587e-01	0.000000e+00	1	1.890617e-03
1.489340e-01	8.043238e-01	0.000000e+00	1	1.890617e-03
1.501382e-01	8.034794e-01	0.000000e+00	1	1.887301e-03
1.605611e-01	7.921397e-01	0.000000e+00	1	1.884092e-03
1.609084e-01	7.916095e-01	0.000000e+00	1	1.884092e-03
1.603658e-01	7.925746e-01	0.000000e+00	1	1.884092e-03
1.602825e-01	7.927810e-01	0.000000e+00	1	1.884092e-03
1.488504e-01	8.044190e-01	0.000000e+00	1	1.877567e-03
1.493255e-01	8.040635e-01	0.000000e+00	1	1.877567e-03
1.487674e-01	8.044349e-01	0.000000e+00	1	1.877567e-03
1.607510e-01	7.920222e-01	0.000000e+00	1	1.877418e-03
1.480189e-01	8.061778e-01	0.000000e+00	1	1.849036e-03
1.482898e-01	8.051714e-01	0.000000e+00	1	1.849036e-03
1.480189e-01	8.061778e-01	0.000000e+00	1	1.847821e-03
1.479908e-01	8.062349e-01	0.000000e+00	1	1.847821e-03
1.482618e-01	8.052286e-01	0.000000e+00	1	1.847821e-03
1.482898e-01	8.051714e-01	0.000000e+00	1	1.847821e-03
1.611306e-01	7.914984e-01	0.000000e+00	1	1.770214e-03
1.641586e-01	7.893206e-01	0.000000e+00	1	1.752494e-03
1.446217e-01	8.104127e-01	0.000000e+00	1	1.740688e-03
1.428415e-01	8.114794e-01	0.000000e+00	1	1.709943e-03
1.445611e-01	8.104286e-01	0.000000e+00	1	1.707267e-03
1.504379e-01	8.033524e-01	0.000000e+00	1	1.707267e-03
1.431633e-01	8.109778e-01	0.000000e+00	1	1.707267e-03
1.446217e-01	8.104127e-01	0.000000e+00	1	1.707267e-03
1.475840e-01	8.074921e-01	0.000000e+00	1	1.707267e-03
1.470517e-01	8.083492e-01	0.000000e+00	1	1.707267e-03
1.466212e-01	8.086825e-01	0.000000e+00	1	1.707267e-03
1.464546e-01	8.088000e-01	0.000000e+00	1	1.707267e-03
1.447563e-01	8.103937e-01	0.000000e+00	1	1.707267e-03
1.446957e-01	8.104095e-01	0.000000e+00	1	1.707267e-03
1.463940e-01	8.088159e-01	0.000000e+00	1	1.707267e-03
1.470456e-01	8.083556e-01	0.000000e+00	1	1.707267e-03
1.499178e-01	8.037524e-01	0.000000e+00	1	1.686018e-03
1.487674e-01	8.044349e-01	0.000000e+00	1	1.685090e-03
1.615441e-01	7.904571e-01	0.000000e+00	1	1.674748e-03
1.446957e-01	8.104095e-01	0.000000e+00	1	1.673284e-03
1.436027e-01	8.108349e-01	0.000000e+00	1	1.614936e-03
1.611140e-01	7.915333e-01	0.000000e+00	1	1.596758e-03
1.491469e-01	8.042540e-01	0.000000e+00	1	1.592930e-03
1.430367e-01	8.114254e-01	0.000000e+00	1	1.575135e-03
1.429819e-01	8.114413e-01	0.000000e+00	1	1.575135e-03
1.427700e-01	8.118190e-01	0.000000e+00	1	1.575135e-03
1.430534e-01	8.111016e-01	0.000000e+00	1	1.575135e-03
1.462397e-01	8.093270e-01	0.000000e+00	1	1.550283e-03
1.503773e-01	8.033683e-01	0.000000e+00	1	1.550283e-03
1.462159e-01	8.094000e-01	0.000000e+00	1	1.550283e-03
1.608132e-01	7.919492e-01	0.000000e+00	1	1.550283e-03
1.595949e-01	7.958286e-01	0.000000e+00	1	1.517765e-03
1.501382e-01	8.034794e-01	0.000000e+00	1	1.507273e-03
1.499178e-01	8.037524e-01	0.000000e+00	1	1.507273e-03
1.504440e-01	8.033460e-01	0.000000e+00	1	1.505056e-03
1.596068e-01	7.957714e-01	0.000000e+00	1	1.482045e-03
1.471123e-01	8.083333e-01	0.000000e+00	1	1.437652e-03
1.608132e-01	7.919492e-01	0.000000e+00	1	1.405592e-03
1.604036e-01	7.925524e-01	0.000000e+00	1	1.405592e-03
1.600291e-01	7.942857e-01	0.000000e+00	1	1.395005e-03
1.486837e-01	8.045302e-01	0.000000e+00	1	1.377211e-03
1.475234e-01	8.075079e-01	0.000000e+00	1	1.370249e-03
1.505046e-01	8.033302e-01	0.000000e+00	1	1.370249e-03
1.601410e-01	7.938159e-01	0.000000e+00	1	1.370249e-03
1.463111e-01	8.089873e-01	0.000000e+00	1	1.370249e-03
1.432239e-01	8.109619e-01	0.000000e+00	1	1.370249e-03
1.600804e-01	7.939841e-01	0.000000e+00	1	1.370249e-03
1.503773e-01	8.033683e-01	0.000000e+00	1	1.370249e-03
1.469850e-01	8.083714e-01	0.000000e+00	1	1.370249e-03
1.461445e-01	8.097397e-01	0.000000e+00	1	1.370249e-03
1.498279e-01	8.038984e-01	0.000000e+00	1	1.370249e-03
1.602084e-01	7.929873e-01	0.000000e+00	1	1.370249e-03
1.462987e-01	8.092286e-01	0.000000e+00	1	1.334361e-03
1.462397e-01	8.093270e-01	0.000000e+00	1	1.334361e-03
1.643253e-01	7.890317e-01	0.000000e+00	1	1.280669e-03
1.479908e-01	8.062349e-01	0.000000e+00	1	1.256061e-03
1.431081e-01	8.110857e-01	0.000000e+00	1	1.246985e-03
1.503773e-01	8.033683e-01	0.000000e+00	1	1.227680e-03
1.485888e-01	8.046254e-01	0.000000e+00	1	1.213265e-03
1.486377e-01	8.045683e-01	0.000000e+00	1	1.213265e-03
1.485052e-01	8.047206e-01	0.000000e+00	1	1.213265e-03
1.473412e-01	8.080127e-01	0.000000e+00	1	1.195641e-03
1.472972e-01	8.080222e-01	0.000000e+00	1	1.195641e-03
1.611306e-01	7.914984e-01	0.000000e+00	1	1.185662e-03
1.491122e-01	8.042921e-01	0.000000e+00	1	1.166254e-03
1.625644e-01	7.899460e-01	0.000000e+00	1	1.154380e-03
1.609084e-01	7.916095e-01	0.000000e+00	1	1.145861e-03
1.491122e-01	8.042921e-01	0.000000e+00	1	1.121105e-03
1.596068e-01	7.957714e-01	0.000000e+00	1	1.113343e-03
1.592814e-01	7.964540e-01	0.000000e+00	1	1.113343e-03
1.592436e-01	7.967175e-01	0.000000e+00	1	1.113343e-03
1.600157e-01	7.943238e-01	0.000000e+00	1	1.113343e-03
1.601949e-01	7.930254e-01	0.000000e+00	1	1.113343e-03
1.602084e-01	7.929873e-01	0.000000e+00	1	1.113343e-03
1.595814e-01	7.958667e-01	0.000000e+00	1	1.113343e-03
1.595555e-01	7.960730e-01	0.000000e+00	1	1.113343e-03
1.601571e-01	7.932889e-01	0.000000e+00	1	1.113343e-03
1.601437e-01	7.933270e-01	0.000000e+00	1	1.113343e-03
1.485888e-01	8.046254e-01	0.000000e+00	1	1.106530e-03
1.596327e-01	7.955651e-01	0.000000e+00	1	1.090506e-03
1.595949e-01	7.958286e-01	0.000000e+00	1	1.077623e-03
1.600670e-01	7.940222e-01	0.000000e+00	1	1.077623e-03
1.492419e-01	8.041587e-01	0.000000e+00	1	1.040193e-03
1.485052e-01	8.047206e-01	0.000000e+00	1	1.040193e-03
1.491958e-01	8.041968e-01	0.000000e+00	1	1.040193e-03
1.486377e-01	8.045683e-01	0.000000e+00	1	1.040193e-03
1.480649e-01	8.061397e-01	0.000000e+00	1	1.040193e-03
1.483359e-01	8.051333e-01	0.000000e+00	1	1.040193e-03
1.611761e-01	7.914603e-01	0.000000e+00	1	1.028774e-03
1.600551e-01	7.942444e-01	0.000000e+00	1	8.762470e-04
1.600291e-01	7.942857e-01	0.000000e+00	1	8.762470e-04
1.474126e-01	8.076730e-01	0.000000e+00	1	8.622800e-04
1.478231e-01	8.064635e-01	0.000000e+00	1	8.612991e-04
1.480941e-01	8.054571e-01	0.000000e+00	1	8.612991e-04
1.607132e-01	7.920444e-01	0.000000e+00	1	8.553178e-04
1.601949e-01	7.930254e-01	0.000000e+00	1	8.549414e-04
1.592814e-01	7.964540e-01	0.000000e+00	1	8.549414e-04
1.483359e-01	8.051333e-01	0.000000e+00	1	8.447308e-04
1.463717e-01	8.089714e-01	0.000000e+00	1	8.394425e-04
1.485888e-01	8.046254e-01	0.000000e+00	1	8.088434e-04
1.599913e-01	7.947143e-01	0.000000e+00	1	8.088434e-04
1.599779e-01	7.947524e-01	0.000000e+00	1	8.088434e-04
1.602825e-01	7.927810e-01	0.000000e+00	1	8.088434e-04
1.480649e-01	8.061397e-01	0.000000e+00	1	8.088434e-04
1.611761e-01	7.914603e-01	0.000000e+00	1	8.088434e-04
1.596202e-01	7.957333e-01	0.000000e+00	1	8.088434e-04
1.479908e-01	8.062349e-01	0.000000e+00	1	8.088434e-04
1.484592e-01	8.047587e-01	0.000000e+00	1	8.088434e-04
1.492419e-01	8.041587e-01	0.000000e+00	1	8.088434e-04
1.595690e-01	7.960349e-01	0.000000e+00	1	8.088434e-04
1.491958e-01	8.041968e-01	0.000000e+00	1	8.088434e-04
1.600804e-01	7.939841e-01	0.000000e+00	1	8.088434e-04
1.485888e-01	8.046254e-01	0.000000e+00	1	7.840866e-04
1.427867e-01	8.114952e-01	0.000000e+00	1	7.138364e-04
1.480665e-01	8.059556e-01	0.000000e+00	1	6.229695e-04
1.487555e-01	8.045143e-01	0.000000e+00	1	6.061740e-04
1.600551e-01	7.942444e-01	0.000000e+00	1	5.861619e-04
1.472567e-01	8.083302e-01	0.000000e+00	1	5.383119e-04
1.498512e-01	8.037746e-01	0.000000e+00	1	5.264749e-04
1.472972e-01	8.080222e-01	0.000000e+00	1	5.116256e-04
1.472805e-01	8.080286e-01	0.000000e+00	1	5.116256e-04
1.463940e-01	8.088159e-01	0.000000e+00	1	5.024245e-04
1.614489e-01	7.907968e-01	0.000000e+00	1	4.784995e-04
1.614700e-01	7.906635e-01	0.000000e+00	1	4.784995e-04
1.430473e-01	8.111175e-01	0.000000e+00	1	4.740429e-04
1.430534e-01	8.111016e-01	0.000000e+00	1	4.740429e-04
1.429819e-01	8.114413e-01	0.000000e+00	1	4.740429e-04
1.504440e-01	8.033460e-01	0.000000e+00	1	4.740429e-04
1.611140e-01	7.915333e-01	0.000000e+00	1	4.718253e-04
1.429759e-01	8.114571e-01	0.000000e+00	1	4.718253e-04
1.610761e-01	7.915556e-01	0.000000e+00	1	4.718253e-04
1.597295e-01	7.953206e-01	0.000000e+00	1	4.718253e-04
1.604036e-01	7.925524e-01	0.000000e+00	1	4.718253e-04
1.612714e-01	7.911206e-01	0.000000e+00	1	4.718253e-04
1.603658e-01	7.925746e-01	0.000000e+00	1	4.718253e-04
1.612748e-01	7.910984e-01	0.000000e+00	1	4.718253e-04
1.611140e-01	7.915333e-01	0.000000e+00	1	3.768183e-04
1.599676e-01	7.952032e-01	0.000000e+00	1	3.666954e-04
1.599676e-01	7.952032e-01	0.000000e+00	1	3.590419e-04
1.490964e-01	8.043079e-01	0.000000e+00	1	3.574107e-04
1.599517e-01	7.952095e-01	0.000000e+00	1	3.490445e-04
1.487674e-01	8.044349e-01	0.000000e+00	1	3.370181e-04
1.432239e-01	8.109619e-01	0.000000e+00	1	3.370181e-04
1.466212e-01	8.086825e-01	0.000000e+00	1	3.370181e-04
1.493136e-01	8.041429e-01	0.000000e+00	1	3.370181e-04
1.473520e-01	8.076889e-01	0.000000e+00	1	3.370181e-04
1.465606e-01	8.086984e-01	0.000000e+00	1	3.370181e-04
1.427153e-01	8.118349e-01	0.000000e+00	1	3.370181e-04
1.497673e-01	8.039143e-01	0.000000e+00	1	3.370181e-04
1.490964e-01	8.043079e-01	0.000000e+00	1	3.370181e-04
1.579654e-01	7.979619e-01	0.000000e+00	1	3.370181e-04
1.434250e-01	8.109460e-01	0.000000e+00	1	3.370181e-04
1.437954e-01	8.104571e-01	0.000000e+00	1	3.370181e-04
1.475234e-01	8.075079e-01	0.000000e+00	1	3.370181e-04
1.431081e-01	8.110857e-01	0.000000e+00	1	3.370181e-04
1.463111e-01	8.089873e-01	0.000000e+00	1	3.370181e-04
1.621787e-01	7.900794e-01	0.000000e+00	1	3.370181e-04
1.622911e-01	7.900635e-01	0.000000e+00	1	3.370181e-04
1.462051e-01	8.097238e-01	0.000000e+00	1	3.370181e-04
1.498279e-01	8.038984e-01	0.000000e+00	1	3.370181e-04
1.493255e-01	8.040635e-01	0.000000e+00	1	3.370181e-04
1.469850e-01	8.083714e-01	0.000000e+00	1	3.370181e-04
1.505046e-01	8.033302e-01	0.000000e+00	1	3.370181e-04
1.600291e-01	7.942857e-01	0.000000e+00	1	3.044997e-04
1.599779e-01	7.947524e-01	0.000000e+00	1	3.044997e-04
1.599913e-01	7.947143e-01	0.000000e+00	1	3.044997e-04
1.592949e-01	7.964159e-01	0.000000e+00	1	3.044997e-04
1.595690e-01	7.960349e-01	0.000000e+00	1	3.044997e-04
1.595690e-01	7.960349e-01	0.000000e+00	1	2.816622e-04
1.599913e-01	7.947143e-01	0.000000e+00	1	2.816622e-04
1.596202e-01	7.957333e-01	0.000000e+00	1	2.816622e-04
1.470517e-01	8.083492e-01	0.000000e+00	1	2.718321e-04
1.470456e-01	8.083556e-01	0.000000e+00	1	2.718321e-04
1.504379e-01	8.033524e-01	0.000000e+00	1	2.718321e-04
1.439964e-01	8.104413e-01	0.000000e+00	1	2.696145e-04
1.493136e-01	8.041429e-01	0.000000e+00	1	2.691560e-04
1.611880e-01	7.913270e-01	0.000000e+00	1	2.691560e-04
1.604777e-01	7.923460e-01	0.000000e+00	1	2.691560e-04
1.608251e-01	7.918159e-01	0.000000e+00	1	2.691560e-04
1.487674e-01	8.044349e-01	0.000000e+00	1	2.691560e-04
1.600157e-01	7.943238e-01	0.000000e+00	1	2.687795e-04
1.600038e-01	7.945460e-01	0.000000e+00	1	2.687795e-04
1.476186e-01	8.068667e-01	0.000000e+00	1	2.577372e-04
1.462051e-01	8.097238e-01	0.000000e+00	1	2.446872e-04
1.473412e-01	8.080127e-01	0.000000e+00	1	2.446872e-04
1.462159e-01	8.094000e-01	0.000000e+00	1	2.446872e-04
1.473520e-01	8.076889e-01	0.000000e+00	1	2.446872e-04
1.430367e-01	8.114254e-01	0.000000e+00	1	2.397935e-04
1.430473e-01	8.111175e-01	0.000000e+00	1	2.397935e-04
1.505046e-01	8.033302e-01	0.000000e+00	1	2.022108e-04
1.429759e-01	8.114571e-01	0.000000e+00	1	1.370249e-04
1.625644e-01	7.899460e-01	0.000000e+00	1	1.348072e-04
1.612748e-01	7.910984e-01	0.000000e+00	1	7.721242e-05
1.612714e-01	7.911206e-01	0.000000e+00	1	7.721242e-05
1.472567e-01	8.083302e-01	0.000000e+00	1	6.740361e-05
1.446957e-01	8.104095e-01	0.000000e+00	1	6.740361e-05
1.427139e-01	8.124032e-01	0.000000e+00	1	3.044997e-05
1.427153e-01	8.118349e-01	0.000000e+00	1	3.044997e-05
1.608132e-01	7.919492e-01	0.000000e+00	1	0.000000e+00
1.584746e-01	7.975873e-01	0.000000e+00	1	0.000000e+00
1.621787e-01	7.900794e-01	0.000000e+00	1	0.000000e+00
1.602825e-01	7.927810e-01	0.000000e+00	1	0.000000e+00
1.592301e-01	7.967556e-01	0.000000e+00	1	0.000000e+00
1.619565e-01	7.901905e-01	0.000000e+00	1	0.000000e+00
1.487555e-01	8.045143e-01	0.000000e+00	1	0.000000e+00
1.613489e-01	7.908921e-01	0.000000e+00	1	0.000000e+00
1.503379e-01	8.034413e-01	0.000000e+00	1	0.000000e+00
1.592949e-01	7.964159e-01	0.000000e+00	1	0.000000e+00
1.595814e-01	7.958667e-01	0.000000e+00	1	0.000000e+00
1.641586e-01	7.893206e-01	0.000000e+00	1	0.000000e+00
1.613489e-01	7.908921e-01	0.000000e+00	1	0.000000e+00
1.485888e-01	8.046254e-01	0.000000e+00	1	0.000000e+00
1.462051e-01	8.097238e-01	0.000000e+00	1	0.000000e+00
1.566573e-01	8.021079e-01	0.000000e+00	1	0.000000e+00
1.577607e-01	7.979778e-01	0.000000e+00	1	0.000000e+00
1.611880e-01	7.913270e-01	0.000000e+00	1	0.000000e+00
1.480189e-01	8.061778e-01	0.000000e+00	1	0.000000e+00
1.449573e-01	8.103778e-01	0.000000e+00	1	0.000000e+00
1.479908e-01	8.062349e-01	0.000000e+00	1	0.000000e+00
1.493136e-01	8.041429e-01	0.000000e+00	1	0.000000e+00
1.615441e-01	7.904571e-01	0.000000e+00	1	0.000000e+00
1.476072e-01	8.073968e-01	0.000000e+00	1	0.000000e+00
1.621787e-01	7.900794e-01	0.000000e+00	1	0.000000e+00
1.584746e-01	7.975873e-01	0.000000e+00	1	0.000000e+00
Total execution time: 36907.692
