# This file contains the data of final feasible population (if found)
# of objectives = 2, # of constraints = 0, # of real_var = 0, # of bits of bin_var = 0, constr_violation, rank, crowding_distance
1.665256e-01	7.962698e-01	0.000000e+00	1	1.000000e+14
1.526684e-01	8.330000e-01	0.000000e+00	1	1.000000e+14
1.542333e-01	8.203841e-01	0.000000e+00	1	1.180441e-01
1.541323e-01	8.287270e-01	0.000000e+00	1	1.135696e-01
1.563380e-01	8.084857e-01	0.000000e+00	1	1.093345e-01
1.563208e-01	8.165175e-01	0.000000e+00	1	1.093345e-01
1.581875e-01	8.058444e-01	0.000000e+00	1	8.787633e-02
1.601870e-01	8.046889e-01	0.000000e+00	1	7.344245e-02
1.606897e-01	8.039873e-01	0.000000e+00	1	6.228548e-02
1.623895e-01	8.039175e-01	0.000000e+00	1	6.133475e-02
1.660970e-01	7.967810e-01	0.000000e+00	1	4.755877e-02
1.648149e-01	7.967968e-01	0.000000e+00	1	4.647839e-02
1.626118e-01	8.037492e-01	0.000000e+00	1	4.535776e-02
1.626221e-01	8.006381e-01	0.000000e+00	1	4.235091e-02
1.530191e-01	8.307270e-01	0.000000e+00	1	2.093856e-02
1.574181e-01	8.065460e-01	0.000000e+00	1	1.916781e-02
1.528915e-01	8.320127e-01	0.000000e+00	1	1.853308e-02
1.579074e-01	8.065175e-01	0.000000e+00	1	1.795778e-02
1.601870e-01	8.046889e-01	0.000000e+00	1	1.773490e-02
1.563208e-01	8.165175e-01	0.000000e+00	1	1.680797e-02
1.559173e-01	8.166825e-01	0.000000e+00	1	1.637582e-02
1.567279e-01	8.079492e-01	0.000000e+00	1	1.291149e-02
1.543573e-01	8.199905e-01	0.000000e+00	1	1.160504e-02
1.564491e-01	8.081524e-01	0.000000e+00	1	1.157181e-02
1.557903e-01	8.168667e-01	0.000000e+00	1	1.001589e-02
1.555247e-01	8.168794e-01	0.000000e+00	1	9.583740e-03
1.637855e-01	7.979714e-01	0.000000e+00	1	9.314725e-03
1.551835e-01	8.174825e-01	0.000000e+00	1	9.307773e-03
1.549339e-01	8.175048e-01	0.000000e+00	1	9.005266e-03
1.542333e-01	8.203841e-01	0.000000e+00	1	9.002219e-03
1.647197e-01	7.969079e-01	0.000000e+00	1	8.839358e-03
1.531143e-01	8.303651e-01	0.000000e+00	1	8.509055e-03
1.536273e-01	8.298254e-01	0.000000e+00	1	8.362935e-03
1.640078e-01	7.979111e-01	0.000000e+00	1	8.234345e-03
1.644974e-01	7.969683e-01	0.000000e+00	1	8.018269e-03
1.544470e-01	8.186540e-01	0.000000e+00	1	7.938067e-03
1.544031e-01	8.190000e-01	0.000000e+00	1	7.602236e-03
1.541323e-01	8.287270e-01	0.000000e+00	1	7.445002e-03
1.528915e-01	8.320127e-01	0.000000e+00	1	7.413886e-03
1.534291e-01	8.299460e-01	0.000000e+00	1	7.365699e-03
1.536273e-01	8.298254e-01	0.000000e+00	1	7.149623e-03
1.543685e-01	8.194667e-01	0.000000e+00	1	7.130510e-03
1.533729e-01	8.299619e-01	0.000000e+00	1	6.477941e-03
1.544817e-01	8.181873e-01	0.000000e+00	1	6.352636e-03
1.543685e-01	8.194667e-01	0.000000e+00	1	6.352636e-03
1.579630e-01	8.062730e-01	0.000000e+00	1	6.307268e-03
1.573229e-01	8.066571e-01	0.000000e+00	1	6.245390e-03
1.540373e-01	8.290222e-01	0.000000e+00	1	6.049281e-03
1.544470e-01	8.186540e-01	0.000000e+00	1	5.960058e-03
1.633474e-01	7.990159e-01	0.000000e+00	1	5.661193e-03
1.633728e-01	7.986000e-01	0.000000e+00	1	5.661193e-03
1.625284e-01	8.038825e-01	0.000000e+00	1	5.486785e-03
1.567279e-01	8.079492e-01	0.000000e+00	1	5.402083e-03
1.543573e-01	8.199905e-01	0.000000e+00	1	5.358686e-03
1.571935e-01	8.069746e-01	0.000000e+00	1	5.286494e-03
1.528629e-01	8.322190e-01	0.000000e+00	1	5.214469e-03
1.623895e-01	8.039175e-01	0.000000e+00	1	5.011418e-03
1.580923e-01	8.059556e-01	0.000000e+00	1	4.948933e-03
1.581875e-01	8.058444e-01	0.000000e+00	1	4.948933e-03
1.548864e-01	8.176571e-01	0.000000e+00	1	4.941802e-03
1.537225e-01	8.294635e-01	0.000000e+00	1	4.926534e-03
1.530191e-01	8.307270e-01	0.000000e+00	1	4.926534e-03
1.625284e-01	8.038825e-01	0.000000e+00	1	4.821890e-03
1.537225e-01	8.294635e-01	0.000000e+00	1	4.819288e-03
1.544031e-01	8.190000e-01	0.000000e+00	1	4.710458e-03
1.532136e-01	8.302857e-01	0.000000e+00	1	4.662902e-03
1.530191e-01	8.307270e-01	0.000000e+00	1	4.604897e-03
1.527962e-01	8.323746e-01	0.000000e+00	1	4.523026e-03
1.579471e-01	8.064952e-01	0.000000e+00	1	4.456899e-03
1.545928e-01	8.181079e-01	0.000000e+00	1	4.369069e-03
1.628609e-01	8.000635e-01	0.000000e+00	1	4.191876e-03
1.629082e-01	7.997556e-01	0.000000e+00	1	4.191876e-03
1.605786e-01	8.040254e-01	0.000000e+00	1	4.009134e-03
1.606897e-01	8.039873e-01	0.000000e+00	1	4.009134e-03
1.665256e-01	7.962698e-01	0.000000e+00	1	4.009134e-03
1.664145e-01	7.963079e-01	0.000000e+00	1	4.009134e-03
1.553977e-01	8.170635e-01	0.000000e+00	1	3.991068e-03
1.574181e-01	8.065460e-01	0.000000e+00	1	3.825338e-03
1.552310e-01	8.173302e-01	0.000000e+00	1	3.819606e-03
1.570258e-01	8.074952e-01	0.000000e+00	1	3.810582e-03
1.640670e-01	7.978762e-01	0.000000e+00	1	3.802939e-03
1.640847e-01	7.975968e-01	0.000000e+00	1	3.802939e-03
1.539811e-01	8.290381e-01	0.000000e+00	1	3.798597e-03
1.534291e-01	8.299460e-01	0.000000e+00	1	3.672445e-03
1.563380e-01	8.084857e-01	0.000000e+00	1	3.645593e-03
1.541323e-01	8.287270e-01	0.000000e+00	1	3.643533e-03
1.526969e-01	8.327937e-01	0.000000e+00	1	3.628438e-03
1.538818e-01	8.291397e-01	0.000000e+00	1	3.582521e-03
1.538218e-01	8.293619e-01	0.000000e+00	1	3.582521e-03
1.532736e-01	8.301746e-01	0.000000e+00	1	3.582521e-03
1.537225e-01	8.294635e-01	0.000000e+00	1	3.582521e-03
1.568010e-01	8.077397e-01	0.000000e+00	1	3.499918e-03
1.564491e-01	8.081524e-01	0.000000e+00	1	3.436401e-03
1.531143e-01	8.303651e-01	0.000000e+00	1	3.436401e-03
1.563539e-01	8.082635e-01	0.000000e+00	1	3.436401e-03
1.540373e-01	8.290222e-01	0.000000e+00	1	3.425988e-03
1.539811e-01	8.290381e-01	0.000000e+00	1	3.413154e-03
1.532699e-01	8.302698e-01	0.000000e+00	1	3.326723e-03
1.647593e-01	7.968921e-01	0.000000e+00	1	3.301024e-03
1.635395e-01	7.983333e-01	0.000000e+00	1	3.301024e-03
1.602611e-01	8.044984e-01	0.000000e+00	1	3.301024e-03
1.604833e-01	8.041365e-01	0.000000e+00	1	3.301024e-03
1.648149e-01	7.967968e-01	0.000000e+00	1	3.301024e-03
1.637300e-01	7.980667e-01	0.000000e+00	1	3.301024e-03
1.644974e-01	7.969683e-01	0.000000e+00	1	3.301024e-03
1.663589e-01	7.964032e-01	0.000000e+00	1	3.301024e-03
1.634681e-01	7.984444e-01	0.000000e+00	1	3.301024e-03
1.626943e-01	8.003302e-01	0.000000e+00	1	3.301024e-03
1.634284e-01	7.985048e-01	0.000000e+00	1	3.301024e-03
1.629249e-01	7.996603e-01	0.000000e+00	1	3.301024e-03
1.554772e-01	8.170317e-01	0.000000e+00	1	3.299624e-03
1.548069e-01	8.176889e-01	0.000000e+00	1	3.299624e-03
1.558698e-01	8.168349e-01	0.000000e+00	1	3.299624e-03
1.580539e-01	8.062508e-01	0.000000e+00	1	3.282203e-03
1.527636e-01	8.326381e-01	0.000000e+00	1	3.184994e-03
1.528629e-01	8.322190e-01	0.000000e+00	1	3.148466e-03
1.572562e-01	8.069206e-01	0.000000e+00	1	3.039303e-03
1.571776e-01	8.071968e-01	0.000000e+00	1	3.025065e-03
1.563539e-01	8.082635e-01	0.000000e+00	1	3.025065e-03
1.580582e-01	8.061619e-01	0.000000e+00	1	2.963186e-03
1.532736e-01	8.301746e-01	0.000000e+00	1	2.895419e-03
1.557903e-01	8.168667e-01	0.000000e+00	1	2.867472e-03
1.568010e-01	8.077397e-01	0.000000e+00	1	2.852204e-03
1.555247e-01	8.168794e-01	0.000000e+00	1	2.845959e-03
1.627498e-01	8.002349e-01	0.000000e+00	1	2.825656e-03
1.641800e-01	7.974413e-01	0.000000e+00	1	2.825656e-03
1.643070e-01	7.972349e-01	0.000000e+00	1	2.825656e-03
1.604278e-01	8.042317e-01	0.000000e+00	1	2.825656e-03
1.641403e-01	7.975016e-01	0.000000e+00	1	2.825656e-03
1.546958e-01	8.178794e-01	0.000000e+00	1	2.813321e-03
1.547594e-01	8.178413e-01	0.000000e+00	1	2.813321e-03
1.545292e-01	8.181460e-01	0.000000e+00	1	2.813321e-03
1.552866e-01	8.172540e-01	0.000000e+00	1	2.813321e-03
1.538818e-01	8.291397e-01	0.000000e+00	1	2.808989e-03
1.572888e-01	8.068635e-01	0.000000e+00	1	2.808989e-03
1.580923e-01	8.059556e-01	0.000000e+00	1	2.808989e-03
1.538781e-01	8.293460e-01	0.000000e+00	1	2.808989e-03
1.526684e-01	8.330000e-01	0.000000e+00	1	2.808989e-03
1.564491e-01	8.081524e-01	0.000000e+00	1	2.765774e-03
1.603563e-01	8.043873e-01	0.000000e+00	1	2.730201e-03
1.604092e-01	8.043270e-01	0.000000e+00	1	2.730201e-03
1.641403e-01	7.975016e-01	0.000000e+00	1	2.728290e-03
1.629805e-01	7.995651e-01	0.000000e+00	1	2.728290e-03
1.641800e-01	7.974413e-01	0.000000e+00	1	2.728290e-03
1.643466e-01	7.971746e-01	0.000000e+00	1	2.728290e-03
1.663193e-01	7.964190e-01	0.000000e+00	1	2.728290e-03
1.603167e-01	8.044032e-01	0.000000e+00	1	2.728290e-03
1.661526e-01	7.966857e-01	0.000000e+00	1	2.728290e-03
1.636347e-01	7.981778e-01	0.000000e+00	1	2.728290e-03
1.605230e-01	8.041206e-01	0.000000e+00	1	2.728290e-03
1.569610e-01	8.074984e-01	0.000000e+00	1	2.643772e-03
1.568010e-01	8.077397e-01	0.000000e+00	1	2.636310e-03
1.570562e-01	8.073873e-01	0.000000e+00	1	2.564453e-03
1.548069e-01	8.176889e-01	0.000000e+00	1	2.555429e-03
1.547673e-01	8.177714e-01	0.000000e+00	1	2.555429e-03
1.664145e-01	7.963079e-01	0.000000e+00	1	2.523150e-03
1.605786e-01	8.040254e-01	0.000000e+00	1	2.523150e-03
1.552024e-01	8.174635e-01	0.000000e+00	1	2.498514e-03
1.554961e-01	8.170127e-01	0.000000e+00	1	2.498514e-03
1.630916e-01	7.993937e-01	0.000000e+00	1	2.477331e-03
1.580582e-01	8.061619e-01	0.000000e+00	1	2.440535e-03
1.527196e-01	8.327556e-01	0.000000e+00	1	2.418412e-03
1.569306e-01	8.076063e-01	0.000000e+00	1	2.407733e-03
1.571776e-01	8.071968e-01	0.000000e+00	1	2.394545e-03
1.571268e-01	8.072381e-01	0.000000e+00	1	2.394545e-03
1.631868e-01	7.992381e-01	0.000000e+00	1	2.390900e-03
1.632363e-01	7.991873e-01	0.000000e+00	1	2.390900e-03
1.631411e-01	7.993429e-01	0.000000e+00	1	2.390900e-03
1.553580e-01	8.171460e-01	0.000000e+00	1	2.382568e-03
1.546403e-01	8.179556e-01	0.000000e+00	1	2.364502e-03
1.553502e-01	8.172159e-01	0.000000e+00	1	2.294739e-03
1.546483e-01	8.179206e-01	0.000000e+00	1	2.276193e-03
1.546958e-01	8.178794e-01	0.000000e+00	1	2.276193e-03
1.640078e-01	7.979111e-01	0.000000e+00	1	2.252923e-03
1.635951e-01	7.982381e-01	0.000000e+00	1	2.252923e-03
1.627895e-01	8.001746e-01	0.000000e+00	1	2.252923e-03
1.559173e-01	8.166825e-01	0.000000e+00	1	2.247191e-03
1.533729e-01	8.299619e-01	0.000000e+00	1	2.246343e-03
1.545928e-01	8.181079e-01	0.000000e+00	1	2.232978e-03
1.663193e-01	7.964190e-01	0.000000e+00	1	2.220643e-03
1.661526e-01	7.966857e-01	0.000000e+00	1	2.220643e-03
1.661923e-01	7.966698e-01	0.000000e+00	1	2.220643e-03
1.642355e-01	7.973460e-01	0.000000e+00	1	2.220643e-03
1.633728e-01	7.986000e-01	0.000000e+00	1	2.213431e-03
1.626118e-01	8.037492e-01	0.000000e+00	1	2.186648e-03
1.527922e-01	8.324317e-01	0.000000e+00	1	2.177235e-03
1.548864e-01	8.176571e-01	0.000000e+00	1	2.146548e-03
1.527196e-01	8.327556e-01	0.000000e+00	1	2.104614e-03
1.549339e-01	8.175048e-01	0.000000e+00	1	2.074330e-03
1.527677e-01	8.325810e-01	0.000000e+00	1	2.031115e-03
1.568572e-01	8.076317e-01	0.000000e+00	1	2.030601e-03
1.538218e-01	8.293619e-01	0.000000e+00	1	2.030267e-03
1.538781e-01	8.293460e-01	0.000000e+00	1	2.030267e-03
1.532136e-01	8.302857e-01	0.000000e+00	1	2.030267e-03
1.605230e-01	8.041206e-01	0.000000e+00	1	2.004567e-03
1.644419e-01	7.970635e-01	0.000000e+00	1	2.004567e-03
1.635236e-01	7.983492e-01	0.000000e+00	1	2.004567e-03
1.552866e-01	8.172540e-01	0.000000e+00	1	2.004567e-03
1.642514e-01	7.973302e-01	0.000000e+00	1	2.004567e-03
1.662637e-01	7.965143e-01	0.000000e+00	1	2.004567e-03
1.637855e-01	7.979714e-01	0.000000e+00	1	2.004567e-03
1.633728e-01	7.986000e-01	0.000000e+00	1	2.004567e-03
1.644022e-01	7.970794e-01	0.000000e+00	1	2.004567e-03
1.602426e-01	8.045937e-01	0.000000e+00	1	2.004567e-03
1.643466e-01	7.971746e-01	0.000000e+00	1	2.004567e-03
1.636903e-01	7.980825e-01	0.000000e+00	1	2.004567e-03
1.660970e-01	7.967810e-01	0.000000e+00	1	2.004567e-03
1.603167e-01	8.044032e-01	0.000000e+00	1	2.004567e-03
1.636347e-01	7.981778e-01	0.000000e+00	1	2.004567e-03
1.635951e-01	7.982381e-01	0.000000e+00	1	2.004567e-03
1.640847e-01	7.975968e-01	0.000000e+00	1	2.004567e-03
1.662478e-01	7.965746e-01	0.000000e+00	1	2.004567e-03
1.629805e-01	7.995651e-01	0.000000e+00	1	2.004567e-03
1.570956e-01	8.073841e-01	0.000000e+00	1	1.987900e-03
1.571268e-01	8.072381e-01	0.000000e+00	1	1.987900e-03
1.628443e-01	8.001587e-01	0.000000e+00	1	1.975931e-03
1.627895e-01	8.001746e-01	0.000000e+00	1	1.975931e-03
1.630749e-01	7.994889e-01	0.000000e+00	1	1.975931e-03
1.630202e-01	7.995048e-01	0.000000e+00	1	1.975931e-03
1.602611e-01	8.044984e-01	0.000000e+00	1	1.964645e-03
1.640847e-01	7.975968e-01	0.000000e+00	1	1.936877e-03
1.626221e-01	8.006381e-01	0.000000e+00	1	1.897827e-03
1.626943e-01	8.003302e-01	0.000000e+00	1	1.897827e-03
1.626776e-01	8.004254e-01	0.000000e+00	1	1.897827e-03
1.604278e-01	8.042317e-01	0.000000e+00	1	1.869190e-03
1.642355e-01	7.973460e-01	0.000000e+00	1	1.869190e-03
1.579074e-01	8.065175e-01	0.000000e+00	1	1.820771e-03
1.558887e-01	8.168159e-01	0.000000e+00	1	1.815039e-03
1.544817e-01	8.181873e-01	0.000000e+00	1	1.811398e-03
1.545292e-01	8.181460e-01	0.000000e+00	1	1.714396e-03
1.544817e-01	8.181873e-01	0.000000e+00	1	1.714396e-03
1.546403e-01	8.179556e-01	0.000000e+00	1	1.714396e-03
1.549339e-01	8.175048e-01	0.000000e+00	1	1.714396e-03
1.568962e-01	8.076286e-01	0.000000e+00	1	1.708307e-03
1.629082e-01	7.997556e-01	0.000000e+00	1	1.706919e-03
1.628609e-01	8.000635e-01	0.000000e+00	1	1.706919e-03
1.630202e-01	7.995048e-01	0.000000e+00	1	1.647910e-03
1.632424e-01	7.991429e-01	0.000000e+00	1	1.647910e-03
1.644419e-01	7.970635e-01	0.000000e+00	1	1.647910e-03
1.603563e-01	8.043873e-01	0.000000e+00	1	1.647910e-03
1.632821e-01	7.991270e-01	0.000000e+00	1	1.647910e-03
1.663589e-01	7.964032e-01	0.000000e+00	1	1.647910e-03
1.636903e-01	7.980825e-01	0.000000e+00	1	1.647910e-03
1.647593e-01	7.968921e-01	0.000000e+00	1	1.647910e-03
1.647197e-01	7.969079e-01	0.000000e+00	1	1.647910e-03
1.536273e-01	8.298254e-01	0.000000e+00	1	1.642178e-03
1.632821e-01	7.991270e-01	0.000000e+00	1	1.618230e-03
1.626776e-01	8.004254e-01	0.000000e+00	1	1.598963e-03
1.626387e-01	8.005429e-01	0.000000e+00	1	1.598963e-03
1.544031e-01	8.190000e-01	0.000000e+00	1	1.585430e-03
1.563539e-01	8.082635e-01	0.000000e+00	1	1.512532e-03
1.573229e-01	8.066571e-01	0.000000e+00	1	1.512532e-03
1.569525e-01	8.075206e-01	0.000000e+00	1	1.472269e-03
1.568572e-01	8.076317e-01	0.000000e+00	1	1.469317e-03
1.570562e-01	8.073873e-01	0.000000e+00	1	1.466638e-03
1.553977e-01	8.170635e-01	0.000000e+00	1	1.431834e-03
1.640474e-01	7.978952e-01	0.000000e+00	1	1.431834e-03
1.661923e-01	7.966698e-01	0.000000e+00	1	1.431834e-03
1.644022e-01	7.970794e-01	0.000000e+00	1	1.431834e-03
1.634681e-01	7.984444e-01	0.000000e+00	1	1.431834e-03
1.637300e-01	7.980667e-01	0.000000e+00	1	1.431834e-03
1.627498e-01	8.002349e-01	0.000000e+00	1	1.431834e-03
1.604833e-01	8.041365e-01	0.000000e+00	1	1.431834e-03
1.634284e-01	7.985048e-01	0.000000e+00	1	1.431834e-03
1.643070e-01	7.972349e-01	0.000000e+00	1	1.431834e-03
1.532736e-01	8.301746e-01	0.000000e+00	1	1.430094e-03
1.631808e-01	7.992825e-01	0.000000e+00	1	1.429230e-03
1.631471e-01	7.992984e-01	0.000000e+00	1	1.429230e-03
1.570956e-01	8.073841e-01	0.000000e+00	1	1.423423e-03
1.568572e-01	8.076317e-01	0.000000e+00	1	1.405800e-03
1.626387e-01	8.005429e-01	0.000000e+00	1	1.403197e-03
1.626776e-01	8.004254e-01	0.000000e+00	1	1.403197e-03
1.662478e-01	7.965746e-01	0.000000e+00	1	1.393823e-03
1.604119e-01	8.042921e-01	0.000000e+00	1	1.393823e-03
1.538818e-01	8.291397e-01	0.000000e+00	1	1.382887e-03
1.538218e-01	8.293619e-01	0.000000e+00	1	1.382887e-03
1.662637e-01	7.965143e-01	0.000000e+00	1	1.296456e-03
1.635951e-01	7.982381e-01	0.000000e+00	1	1.296456e-03
1.661923e-01	7.966698e-01	0.000000e+00	1	1.296456e-03
1.626387e-01	8.005429e-01	0.000000e+00	1	1.296456e-03
1.642514e-01	7.973302e-01	0.000000e+00	1	1.296456e-03
1.629249e-01	7.996603e-01	0.000000e+00	1	1.296456e-03
1.662478e-01	7.965746e-01	0.000000e+00	1	1.296456e-03
1.643070e-01	7.972349e-01	0.000000e+00	1	1.296456e-03
1.627498e-01	8.002349e-01	0.000000e+00	1	1.296456e-03
1.602426e-01	8.045937e-01	0.000000e+00	1	1.296456e-03
1.644022e-01	7.970794e-01	0.000000e+00	1	1.296456e-03
1.636903e-01	7.980825e-01	0.000000e+00	1	1.296456e-03
1.635236e-01	7.983492e-01	0.000000e+00	1	1.296456e-03
1.644419e-01	7.970635e-01	0.000000e+00	1	1.296456e-03
1.602426e-01	8.045937e-01	0.000000e+00	1	1.296456e-03
1.664145e-01	7.963079e-01	0.000000e+00	1	1.296456e-03
1.605786e-01	8.040254e-01	0.000000e+00	1	1.296456e-03
1.629082e-01	7.997556e-01	0.000000e+00	1	1.296456e-03
1.633376e-01	7.990317e-01	0.000000e+00	1	1.293856e-03
1.552024e-01	8.174635e-01	0.000000e+00	1	1.290212e-03
1.543685e-01	8.194667e-01	0.000000e+00	1	1.249600e-03
1.568962e-01	8.076286e-01	0.000000e+00	1	1.240923e-03
1.547594e-01	8.178413e-01	0.000000e+00	1	1.233297e-03
1.580923e-01	8.059556e-01	0.000000e+00	1	1.230509e-03
1.573229e-01	8.066571e-01	0.000000e+00	1	1.230509e-03
1.572888e-01	8.068635e-01	0.000000e+00	1	1.230509e-03
1.580539e-01	8.062508e-01	0.000000e+00	1	1.210026e-03
1.572562e-01	8.069206e-01	0.000000e+00	1	1.174971e-03
1.572888e-01	8.068635e-01	0.000000e+00	1	1.174971e-03
1.570956e-01	8.073841e-01	0.000000e+00	1	1.169324e-03
1.571268e-01	8.072381e-01	0.000000e+00	1	1.126109e-03
1.553580e-01	8.171460e-01	0.000000e+00	1	1.123596e-03
1.630749e-01	7.994889e-01	0.000000e+00	1	1.109017e-03
1.570258e-01	8.074952e-01	0.000000e+00	1	1.095136e-03
1.569306e-01	8.076063e-01	0.000000e+00	1	1.092184e-03
1.531143e-01	8.303651e-01	0.000000e+00	1	1.080380e-03
1.628443e-01	8.001587e-01	0.000000e+00	1	1.080380e-03
1.628451e-01	8.000794e-01	0.000000e+00	1	1.080380e-03
1.630757e-01	7.994095e-01	0.000000e+00	1	1.080380e-03
1.633077e-01	7.990762e-01	0.000000e+00	1	1.077780e-03
1.552310e-01	8.173302e-01	0.000000e+00	1	1.037165e-03
1.552866e-01	8.172540e-01	0.000000e+00	1	1.037165e-03
1.552310e-01	8.173302e-01	0.000000e+00	1	1.030920e-03
1.526684e-01	8.330000e-01	0.000000e+00	1	1.030920e-03
1.526969e-01	8.327937e-01	0.000000e+00	1	1.030920e-03
1.554961e-01	8.170127e-01	0.000000e+00	1	1.030920e-03
1.558887e-01	8.168159e-01	0.000000e+00	1	1.030920e-03
1.559173e-01	8.166825e-01	0.000000e+00	1	1.030920e-03
1.633376e-01	7.990317e-01	0.000000e+00	1	9.590664e-04
1.553502e-01	8.172159e-01	0.000000e+00	1	9.507347e-04
1.547673e-01	8.177714e-01	0.000000e+00	1	9.507347e-04
1.623895e-01	8.039175e-01	0.000000e+00	1	9.507347e-04
1.558887e-01	8.168159e-01	0.000000e+00	1	9.427666e-04
1.551835e-01	8.174825e-01	0.000000e+00	1	9.427666e-04
1.554772e-01	8.170317e-01	0.000000e+00	1	9.427666e-04
1.633077e-01	7.990762e-01	0.000000e+00	1	9.267869e-04
1.527962e-01	8.323746e-01	0.000000e+00	1	9.239943e-04
1.527636e-01	8.326381e-01	0.000000e+00	1	9.239943e-04
1.527677e-01	8.325810e-01	0.000000e+00	1	9.239943e-04
1.633474e-01	7.990159e-01	0.000000e+00	1	9.169743e-04
1.631411e-01	7.993429e-01	0.000000e+00	1	9.101234e-04
1.632363e-01	7.991873e-01	0.000000e+00	1	9.101234e-04
1.527922e-01	8.324317e-01	0.000000e+00	1	8.847998e-04
1.527677e-01	8.325810e-01	0.000000e+00	1	8.847998e-04
1.579471e-01	8.064952e-01	0.000000e+00	1	8.752400e-04
1.640670e-01	7.978762e-01	0.000000e+00	1	8.564962e-04
1.632424e-01	7.991429e-01	0.000000e+00	1	8.236930e-04
1.634284e-01	7.985048e-01	0.000000e+00	1	8.210890e-04
1.634681e-01	7.984444e-01	0.000000e+00	1	8.210890e-04
1.644974e-01	7.969683e-01	0.000000e+00	1	8.210890e-04
1.636347e-01	7.981778e-01	0.000000e+00	1	8.210890e-04
1.643466e-01	7.971746e-01	0.000000e+00	1	8.210890e-04
1.629805e-01	7.995651e-01	0.000000e+00	1	8.210890e-04
1.662637e-01	7.965143e-01	0.000000e+00	1	8.210890e-04
1.637855e-01	7.979714e-01	0.000000e+00	1	8.210890e-04
1.630202e-01	7.995048e-01	0.000000e+00	1	8.210890e-04
1.553502e-01	8.172159e-01	0.000000e+00	1	8.011444e-04
1.569525e-01	8.075206e-01	0.000000e+00	1	7.896780e-04
1.628451e-01	8.000794e-01	0.000000e+00	1	7.888095e-04
1.640511e-01	7.978921e-01	0.000000e+00	1	7.888095e-04
1.628609e-01	8.000635e-01	0.000000e+00	1	7.888095e-04
1.630916e-01	7.993937e-01	0.000000e+00	1	7.888095e-04
1.630757e-01	7.994095e-01	0.000000e+00	1	7.888095e-04
1.642514e-01	7.973302e-01	0.000000e+00	1	7.888095e-04
1.572888e-01	8.068635e-01	0.000000e+00	1	7.778738e-04
1.527922e-01	8.324317e-01	0.000000e+00	1	7.778738e-04
1.546483e-01	8.179206e-01	0.000000e+00	1	7.655389e-04
1.572562e-01	8.069206e-01	0.000000e+00	1	7.346586e-04
1.571935e-01	8.069746e-01	0.000000e+00	1	7.346586e-04
1.631868e-01	7.992381e-01	0.000000e+00	1	6.914434e-04
1.633077e-01	7.990762e-01	0.000000e+00	1	6.914434e-04
1.558698e-01	8.168349e-01	0.000000e+00	1	6.834753e-04
1.602426e-01	8.045937e-01	0.000000e+00	1	6.681891e-04
1.563208e-01	8.165175e-01	0.000000e+00	1	6.205280e-04
1.633077e-01	7.990762e-01	0.000000e+00	1	6.050130e-04
1.631808e-01	7.992825e-01	0.000000e+00	1	6.050130e-04
1.631471e-01	7.992984e-01	0.000000e+00	1	6.050130e-04
1.629249e-01	7.996603e-01	0.000000e+00	1	6.013702e-04
1.629082e-01	7.997556e-01	0.000000e+00	1	6.013702e-04
1.626387e-01	8.005429e-01	0.000000e+00	1	6.013702e-04
1.662637e-01	7.965143e-01	0.000000e+00	1	5.727335e-04
1.563380e-01	8.084857e-01	0.000000e+00	1	5.727335e-04
1.640670e-01	7.978762e-01	0.000000e+00	1	5.727335e-04
1.579630e-01	8.062730e-01	0.000000e+00	1	5.727335e-04
1.635236e-01	7.983492e-01	0.000000e+00	1	5.727335e-04
1.563539e-01	8.082635e-01	0.000000e+00	1	5.727335e-04
1.635395e-01	7.983333e-01	0.000000e+00	1	5.727335e-04
1.571776e-01	8.071968e-01	0.000000e+00	1	5.727335e-04
1.571935e-01	8.069746e-01	0.000000e+00	1	5.727335e-04
1.633474e-01	7.990159e-01	0.000000e+00	1	5.701295e-04
1.545292e-01	8.181460e-01	0.000000e+00	1	5.617978e-04
1.665256e-01	7.962698e-01	0.000000e+00	1	5.185825e-04
1.606897e-01	8.039873e-01	0.000000e+00	1	5.185825e-04
1.526969e-01	8.327937e-01	0.000000e+00	1	5.185825e-04
1.623895e-01	8.039175e-01	0.000000e+00	1	4.753673e-04
1.604119e-01	8.042921e-01	0.000000e+00	1	4.753673e-04
1.546403e-01	8.179556e-01	0.000000e+00	1	4.753673e-04
1.604092e-01	8.043270e-01	0.000000e+00	1	4.753673e-04
1.580539e-01	8.062508e-01	0.000000e+00	1	4.567040e-04
1.553977e-01	8.170635e-01	0.000000e+00	1	4.321521e-04
1.543573e-01	8.199905e-01	0.000000e+00	1	4.032498e-04
1.543685e-01	8.194667e-01	0.000000e+00	1	4.032498e-04
1.626221e-01	8.006381e-01	0.000000e+00	1	3.716092e-04
1.532699e-01	8.302698e-01	0.000000e+00	1	3.497139e-04
1.569610e-01	8.074984e-01	0.000000e+00	1	3.486731e-04
1.549339e-01	8.175048e-01	0.000000e+00	1	3.025065e-04
1.569525e-01	8.075206e-01	0.000000e+00	1	3.025065e-04
1.579630e-01	8.062730e-01	0.000000e+00	1	3.025065e-04
1.547673e-01	8.177714e-01	0.000000e+00	1	2.825619e-04
1.553580e-01	8.171460e-01	0.000000e+00	1	2.825619e-04
1.558698e-01	8.168349e-01	0.000000e+00	1	2.592913e-04
1.554961e-01	8.170127e-01	0.000000e+00	1	2.592913e-04
1.628443e-01	8.001587e-01	0.000000e+00	1	2.447127e-04
1.631808e-01	7.992825e-01	0.000000e+00	1	2.186801e-04
1.631471e-01	7.992984e-01	0.000000e+00	1	2.186801e-04
1.631868e-01	7.992381e-01	0.000000e+00	1	2.186801e-04
1.637300e-01	7.980667e-01	0.000000e+00	1	2.160761e-04
1.635236e-01	7.983492e-01	0.000000e+00	1	2.160761e-04
1.660970e-01	7.967810e-01	0.000000e+00	1	2.160761e-04
1.538218e-01	8.293619e-01	0.000000e+00	1	2.160761e-04
1.540373e-01	8.290222e-01	0.000000e+00	1	2.160761e-04
1.604833e-01	8.041365e-01	0.000000e+00	1	2.160761e-04
1.635395e-01	7.983333e-01	0.000000e+00	1	2.160761e-04
1.627895e-01	8.001746e-01	0.000000e+00	1	2.160761e-04
1.630749e-01	7.994889e-01	0.000000e+00	1	2.160761e-04
1.644022e-01	7.970794e-01	0.000000e+00	1	2.160761e-04
1.538781e-01	8.293460e-01	0.000000e+00	1	2.160761e-04
1.640474e-01	7.978952e-01	0.000000e+00	1	2.160761e-04
1.605230e-01	8.041206e-01	0.000000e+00	1	2.160761e-04
1.603167e-01	8.044032e-01	0.000000e+00	1	2.160761e-04
1.532136e-01	8.302857e-01	0.000000e+00	1	2.160761e-04
1.555247e-01	8.168794e-01	0.000000e+00	1	1.728608e-04
1.557903e-01	8.168667e-01	0.000000e+00	1	1.728608e-04
1.538818e-01	8.291397e-01	0.000000e+00	1	1.336378e-04
1.538781e-01	8.293460e-01	0.000000e+00	1	1.336378e-04
1.640474e-01	7.978952e-01	0.000000e+00	1	1.327700e-04
1.640511e-01	7.978921e-01	0.000000e+00	1	1.327700e-04
1.604092e-01	8.043270e-01	0.000000e+00	1	9.545558e-05
1.604119e-01	8.042921e-01	0.000000e+00	1	9.545558e-05
1.570258e-01	8.074952e-01	0.000000e+00	1	4.321521e-05
1.568962e-01	8.076286e-01	0.000000e+00	1	4.321521e-05
1.568572e-01	8.076317e-01	0.000000e+00	1	4.321521e-05
1.640474e-01	7.978952e-01	0.000000e+00	1	4.321521e-05
1.640511e-01	7.978921e-01	0.000000e+00	1	4.321521e-05
1.630757e-01	7.994095e-01	0.000000e+00	1	2.863667e-05
1.628451e-01	8.000794e-01	0.000000e+00	1	2.863667e-05
1.531143e-01	8.303651e-01	0.000000e+00	1	0.000000e+00
1.527196e-01	8.327556e-01	0.000000e+00	1	0.000000e+00
1.527677e-01	8.325810e-01	0.000000e+00	1	0.000000e+00
1.635951e-01	7.982381e-01	0.000000e+00	1	0.000000e+00
1.531143e-01	8.303651e-01	0.000000e+00	1	0.000000e+00
1.636903e-01	7.980825e-01	0.000000e+00	1	0.000000e+00
1.636903e-01	7.980825e-01	0.000000e+00	1	0.000000e+00
1.644022e-01	7.970794e-01	0.000000e+00	1	0.000000e+00
1.528915e-01	8.320127e-01	0.000000e+00	1	0.000000e+00
1.604278e-01	8.042317e-01	0.000000e+00	1	0.000000e+00
1.644419e-01	7.970635e-01	0.000000e+00	1	0.000000e+00
1.648149e-01	7.967968e-01	0.000000e+00	1	0.000000e+00
1.559173e-01	8.166825e-01	0.000000e+00	1	0.000000e+00
1.636347e-01	7.981778e-01	0.000000e+00	1	0.000000e+00
1.570562e-01	8.073873e-01	0.000000e+00	1	0.000000e+00
1.637300e-01	7.980667e-01	0.000000e+00	1	0.000000e+00
1.544470e-01	8.186540e-01	0.000000e+00	1	0.000000e+00
1.537225e-01	8.294635e-01	0.000000e+00	1	0.000000e+00
1.553502e-01	8.172159e-01	0.000000e+00	1	0.000000e+00
1.605786e-01	8.040254e-01	0.000000e+00	1	0.000000e+00
1.636903e-01	7.980825e-01	0.000000e+00	1	0.000000e+00
1.643466e-01	7.971746e-01	0.000000e+00	1	0.000000e+00
1.628609e-01	8.000635e-01	0.000000e+00	1	0.000000e+00
1.527677e-01	8.325810e-01	0.000000e+00	1	0.000000e+00
1.644022e-01	7.970794e-01	0.000000e+00	1	0.000000e+00
1.544031e-01	8.190000e-01	0.000000e+00	1	0.000000e+00
1.563539e-01	8.082635e-01	0.000000e+00	1	0.000000e+00
1.648149e-01	7.967968e-01	0.000000e+00	1	0.000000e+00
1.538818e-01	8.291397e-01	0.000000e+00	1	0.000000e+00
1.547673e-01	8.177714e-01	0.000000e+00	1	0.000000e+00
1.604278e-01	8.042317e-01	0.000000e+00	1	0.000000e+00
1.544817e-01	8.181873e-01	0.000000e+00	1	0.000000e+00
1.538218e-01	8.293619e-01	0.000000e+00	1	0.000000e+00
1.631868e-01	7.992381e-01	0.000000e+00	1	0.000000e+00
1.564491e-01	8.081524e-01	0.000000e+00	1	0.000000e+00
1.564491e-01	8.081524e-01	0.000000e+00	1	0.000000e+00
1.580923e-01	8.059556e-01	0.000000e+00	1	0.000000e+00
1.664145e-01	7.963079e-01	0.000000e+00	1	0.000000e+00
1.554961e-01	8.170127e-01	0.000000e+00	1	0.000000e+00
1.573229e-01	8.066571e-01	0.000000e+00	1	0.000000e+00
1.530191e-01	8.307270e-01	0.000000e+00	1	0.000000e+00
1.626943e-01	8.003302e-01	0.000000e+00	1	0.000000e+00
1.569525e-01	8.075206e-01	0.000000e+00	1	0.000000e+00
1.528915e-01	8.320127e-01	0.000000e+00	1	0.000000e+00
1.554772e-01	8.170317e-01	0.000000e+00	1	0.000000e+00
1.558698e-01	8.168349e-01	0.000000e+00	1	0.000000e+00
1.553502e-01	8.172159e-01	0.000000e+00	1	0.000000e+00
1.643070e-01	7.972349e-01	0.000000e+00	1	0.000000e+00
1.558887e-01	8.168159e-01	0.000000e+00	1	0.000000e+00
1.629805e-01	7.995651e-01	0.000000e+00	1	0.000000e+00
1.538781e-01	8.293460e-01	0.000000e+00	1	0.000000e+00
1.543573e-01	8.199905e-01	0.000000e+00	1	0.000000e+00
1.641800e-01	7.974413e-01	0.000000e+00	1	0.000000e+00
1.627895e-01	8.001746e-01	0.000000e+00	1	0.000000e+00
1.625284e-01	8.038825e-01	0.000000e+00	1	0.000000e+00
1.552310e-01	8.173302e-01	0.000000e+00	1	0.000000e+00
1.637300e-01	7.980667e-01	0.000000e+00	1	0.000000e+00
1.563380e-01	8.084857e-01	0.000000e+00	1	0.000000e+00
Total execution time: 36502.751
