# This file contains the data of final feasible population (if found)
# of objectives = 2, # of constraints = 0, # of real_var = 0, # of bits of bin_var = 0, constr_violation, rank, crowding_distance
1.487280e-01	8.372063e-01	0.000000e+00	1	1.000000e+14
1.693646e-01	8.020952e-01	0.000000e+00	1	1.000000e+14
1.624201e-01	8.031460e-01	0.000000e+00	1	1.656572e-01
1.691360e-01	8.031302e-01	0.000000e+00	1	1.629447e-01
1.508007e-01	8.288540e-01	0.000000e+00	1	3.842368e-02
1.510319e-01	8.265492e-01	0.000000e+00	1	3.842368e-02
1.527293e-01	8.232381e-01	0.000000e+00	1	3.376711e-02
1.539513e-01	8.229460e-01	0.000000e+00	1	3.042172e-02
1.496084e-01	8.319206e-01	0.000000e+00	1	2.504288e-02
1.492754e-01	8.360508e-01	0.000000e+00	1	2.285191e-02
1.492944e-01	8.345333e-01	0.000000e+00	1	2.207073e-02
1.615507e-01	8.049175e-01	0.000000e+00	1	2.088778e-02
1.498080e-01	8.305016e-01	0.000000e+00	1	2.072074e-02
1.564440e-01	8.164032e-01	0.000000e+00	1	1.278198e-02
1.565014e-01	8.156032e-01	0.000000e+00	1	1.278198e-02
1.619631e-01	8.041524e-01	0.000000e+00	1	1.251037e-02
1.591090e-01	8.105714e-01	0.000000e+00	1	1.234101e-02
1.586690e-01	8.124032e-01	0.000000e+00	1	1.208263e-02
1.591281e-01	8.097429e-01	0.000000e+00	1	1.179928e-02
1.548703e-01	8.213079e-01	0.000000e+00	1	1.165941e-02
1.582823e-01	8.129016e-01	0.000000e+00	1	1.095244e-02
1.620761e-01	8.034794e-01	0.000000e+00	1	1.070409e-02
1.620298e-01	8.041365e-01	0.000000e+00	1	1.048132e-02
1.619631e-01	8.041524e-01	0.000000e+00	1	1.021870e-02
1.621317e-01	8.033524e-01	0.000000e+00	1	9.925726e-03
1.549821e-01	8.206794e-01	0.000000e+00	1	9.175517e-03
1.494409e-01	8.327270e-01	0.000000e+00	1	9.101374e-03
1.526459e-01	8.234444e-01	0.000000e+00	1	9.004235e-03
1.582823e-01	8.129016e-01	0.000000e+00	1	8.712906e-03
1.494198e-01	8.328381e-01	0.000000e+00	1	8.378964e-03
1.493669e-01	8.343905e-01	0.000000e+00	1	8.249738e-03
1.488004e-01	8.370635e-01	0.000000e+00	1	8.249738e-03
1.582156e-01	8.130127e-01	0.000000e+00	1	8.158681e-03
1.615507e-01	8.049175e-01	0.000000e+00	1	8.150573e-03
1.612703e-01	8.050127e-01	0.000000e+00	1	8.150573e-03
1.494105e-01	8.333905e-01	0.000000e+00	1	8.090526e-03
1.495087e-01	8.322032e-01	0.000000e+00	1	7.972093e-03
1.542796e-01	8.216635e-01	0.000000e+00	1	7.678584e-03
1.523303e-01	8.235397e-01	0.000000e+00	1	7.647996e-03
1.493833e-01	8.338984e-01	0.000000e+00	1	7.520013e-03
1.488169e-01	8.365714e-01	0.000000e+00	1	7.406789e-03
1.579442e-01	8.130349e-01	0.000000e+00	1	7.390146e-03
1.586690e-01	8.124032e-01	0.000000e+00	1	7.321990e-03
1.520221e-01	8.239524e-01	0.000000e+00	1	7.265098e-03
1.624201e-01	8.031460e-01	0.000000e+00	1	7.213249e-03
1.545629e-01	8.216413e-01	0.000000e+00	1	7.090881e-03
1.550580e-01	8.205111e-01	0.000000e+00	1	6.960327e-03
1.550654e-01	8.200381e-01	0.000000e+00	1	6.915459e-03
1.608480e-01	8.061048e-01	0.000000e+00	1	6.715999e-03
1.540135e-01	8.226222e-01	0.000000e+00	1	6.597502e-03
1.504985e-01	8.292825e-01	0.000000e+00	1	6.596450e-03
1.606486e-01	8.066730e-01	0.000000e+00	1	6.418339e-03
1.604341e-01	8.067587e-01	0.000000e+00	1	6.418339e-03
1.498080e-01	8.305016e-01	0.000000e+00	1	6.417201e-03
1.609587e-01	8.059048e-01	0.000000e+00	1	6.390789e-03
1.610097e-01	8.055429e-01	0.000000e+00	1	6.390789e-03
1.597175e-01	8.082381e-01	0.000000e+00	1	6.241583e-03
1.599098e-01	8.081270e-01	0.000000e+00	1	6.196375e-03
1.494045e-01	8.337873e-01	0.000000e+00	1	6.163774e-03
1.691360e-01	8.031302e-01	0.000000e+00	1	5.937395e-03
1.691590e-01	8.027524e-01	0.000000e+00	1	5.937395e-03
1.692749e-01	8.025841e-01	0.000000e+00	1	5.937395e-03
1.494105e-01	8.333905e-01	0.000000e+00	1	5.796267e-03
1.514673e-01	8.255175e-01	0.000000e+00	1	5.682819e-03
1.522007e-01	8.238571e-01	0.000000e+00	1	5.682819e-03
1.608134e-01	8.065016e-01	0.000000e+00	1	5.650995e-03
1.540674e-01	8.222508e-01	0.000000e+00	1	5.513672e-03
1.692979e-01	8.022063e-01	0.000000e+00	1	5.379747e-03
1.575058e-01	8.132571e-01	0.000000e+00	1	5.372434e-03
1.517197e-01	8.250222e-01	0.000000e+00	1	5.304297e-03
1.540135e-01	8.226222e-01	0.000000e+00	1	5.079418e-03
1.539605e-01	8.228889e-01	0.000000e+00	1	5.079418e-03
1.507054e-01	8.291714e-01	0.000000e+00	1	5.014172e-03
1.526459e-01	8.234444e-01	0.000000e+00	1	4.957588e-03
1.561540e-01	8.170540e-01	0.000000e+00	1	4.905124e-03
1.552604e-01	8.193238e-01	0.000000e+00	1	4.897886e-03
1.554089e-01	8.183397e-01	0.000000e+00	1	4.897886e-03
1.553766e-01	8.186286e-01	0.000000e+00	1	4.897886e-03
1.551414e-01	8.198698e-01	0.000000e+00	1	4.860987e-03
1.559552e-01	8.171111e-01	0.000000e+00	1	4.814708e-03
1.515969e-01	8.252000e-01	0.000000e+00	1	4.733247e-03
1.518184e-01	8.244762e-01	0.000000e+00	1	4.733247e-03
1.510850e-01	8.261365e-01	0.000000e+00	1	4.733247e-03
1.518925e-01	8.242698e-01	0.000000e+00	1	4.733247e-03
1.511591e-01	8.259302e-01	0.000000e+00	1	4.733247e-03
1.512887e-01	8.256127e-01	0.000000e+00	1	4.733247e-03
1.600502e-01	8.077714e-01	0.000000e+00	1	4.621269e-03
1.571013e-01	8.138317e-01	0.000000e+00	1	4.606795e-03
1.570772e-01	8.141143e-01	0.000000e+00	1	4.606795e-03
1.566509e-01	8.145683e-01	0.000000e+00	1	4.606795e-03
1.539513e-01	8.229460e-01	0.000000e+00	1	4.383473e-03
1.552928e-01	8.190349e-01	0.000000e+00	1	4.338265e-03
1.512887e-01	8.256127e-01	0.000000e+00	1	4.326581e-03
1.594508e-01	8.087841e-01	0.000000e+00	1	4.294756e-03
1.602341e-01	8.070032e-01	0.000000e+00	1	4.294756e-03
1.595175e-01	8.084825e-01	0.000000e+00	1	4.294756e-03
1.601674e-01	8.073048e-01	0.000000e+00	1	4.294756e-03
1.576772e-01	8.132444e-01	0.000000e+00	1	4.289141e-03
1.519480e-01	8.241587e-01	0.000000e+00	1	4.284564e-03
1.512147e-01	8.258190e-01	0.000000e+00	1	4.284564e-03
1.522562e-01	8.237460e-01	0.000000e+00	1	4.284564e-03
1.565106e-01	8.155460e-01	0.000000e+00	1	4.247849e-03
1.565347e-01	8.152635e-01	0.000000e+00	1	4.247849e-03
1.566268e-01	8.148508e-01	0.000000e+00	1	4.247849e-03
1.489727e-01	8.363175e-01	0.000000e+00	1	4.010476e-03
1.577772e-01	8.132349e-01	0.000000e+00	1	4.005164e-03
1.592040e-01	8.094413e-01	0.000000e+00	1	3.966070e-03
1.587450e-01	8.121016e-01	0.000000e+00	1	3.966070e-03
1.551890e-01	8.196095e-01	0.000000e+00	1	3.931394e-03
1.541296e-01	8.219270e-01	0.000000e+00	1	3.797468e-03
1.540767e-01	8.221937e-01	0.000000e+00	1	3.797468e-03
1.578439e-01	8.131238e-01	0.000000e+00	1	3.787815e-03
1.600661e-01	8.075333e-01	0.000000e+00	1	3.775182e-03
1.491196e-01	8.363048e-01	0.000000e+00	1	3.739229e-03
1.554182e-01	8.182825e-01	0.000000e+00	1	3.723179e-03
1.563681e-01	8.165714e-01	0.000000e+00	1	3.723179e-03
1.563152e-01	8.167429e-01	0.000000e+00	1	3.723179e-03
1.518184e-01	8.244762e-01	0.000000e+00	1	3.713514e-03
1.510850e-01	8.261365e-01	0.000000e+00	1	3.713514e-03
1.510531e-01	8.263429e-01	0.000000e+00	1	3.713514e-03
1.517864e-01	8.246825e-01	0.000000e+00	1	3.713514e-03
1.587862e-01	8.119365e-01	0.000000e+00	1	3.711816e-03
1.589597e-01	8.109175e-01	0.000000e+00	1	3.598285e-03
1.588425e-01	8.113841e-01	0.000000e+00	1	3.598285e-03
1.573391e-01	8.133778e-01	0.000000e+00	1	3.596593e-03
1.567268e-01	8.144000e-01	0.000000e+00	1	3.596593e-03
1.549821e-01	8.206794e-01	0.000000e+00	1	3.521974e-03
1.510531e-01	8.263429e-01	0.000000e+00	1	3.451297e-03
1.510319e-01	8.265492e-01	0.000000e+00	1	3.451297e-03
1.519480e-01	8.241587e-01	0.000000e+00	1	3.377008e-03
1.512147e-01	8.258190e-01	0.000000e+00	1	3.377008e-03
1.587955e-01	8.117460e-01	0.000000e+00	1	3.357420e-03
1.588333e-01	8.115746e-01	0.000000e+00	1	3.357420e-03
1.589328e-01	8.112667e-01	0.000000e+00	1	3.350152e-03
1.592452e-01	8.092762e-01	0.000000e+00	1	3.350152e-03
1.563059e-01	8.168000e-01	0.000000e+00	1	3.264702e-03
1.562831e-01	8.169905e-01	0.000000e+00	1	3.264702e-03
1.495087e-01	8.322032e-01	0.000000e+00	1	3.224340e-03
1.541963e-01	8.218159e-01	0.000000e+00	1	3.197535e-03
1.595175e-01	8.084825e-01	0.000000e+00	1	3.197535e-03
1.503517e-01	8.295270e-01	0.000000e+00	1	3.197535e-03
1.604341e-01	8.067587e-01	0.000000e+00	1	3.197535e-03
1.590264e-01	8.108063e-01	0.000000e+00	1	3.197535e-03
1.541296e-01	8.219270e-01	0.000000e+00	1	3.197535e-03
1.603007e-01	8.068921e-01	0.000000e+00	1	3.197535e-03
1.596508e-01	8.083492e-01	0.000000e+00	1	3.197535e-03
1.602341e-01	8.070032e-01	0.000000e+00	1	3.197535e-03
1.610856e-01	8.052413e-01	0.000000e+00	1	3.197535e-03
1.557841e-01	8.174540e-01	0.000000e+00	1	3.197535e-03
1.692257e-01	8.026413e-01	0.000000e+00	1	3.197535e-03
1.564347e-01	8.164603e-01	0.000000e+00	1	3.197535e-03
1.612190e-01	8.051079e-01	0.000000e+00	1	3.197535e-03
1.593841e-01	8.088952e-01	0.000000e+00	1	3.197535e-03
1.597175e-01	8.082381e-01	0.000000e+00	1	3.197535e-03
1.692979e-01	8.022063e-01	0.000000e+00	1	3.197535e-03
1.589833e-01	8.109111e-01	0.000000e+00	1	3.197535e-03
1.601674e-01	8.073048e-01	0.000000e+00	1	3.197535e-03
1.693646e-01	8.020952e-01	0.000000e+00	1	3.197535e-03
1.592545e-01	8.090857e-01	0.000000e+00	1	3.197535e-03
1.594508e-01	8.087841e-01	0.000000e+00	1	3.197535e-03
1.603674e-01	8.068698e-01	0.000000e+00	1	3.197535e-03
1.691590e-01	8.027524e-01	0.000000e+00	1	3.197535e-03
1.502221e-01	8.297175e-01	0.000000e+00	1	3.197535e-03
1.566601e-01	8.145111e-01	0.000000e+00	1	3.197535e-03
1.591373e-01	8.095524e-01	0.000000e+00	1	3.197535e-03
1.571680e-01	8.137206e-01	0.000000e+00	1	3.197535e-03
1.559460e-01	8.171683e-01	0.000000e+00	1	3.197535e-03
1.610703e-01	8.052571e-01	0.000000e+00	1	3.197535e-03
1.498532e-01	8.302571e-01	0.000000e+00	1	3.197535e-03
1.499199e-01	8.301460e-01	0.000000e+00	1	3.197535e-03
1.569493e-01	8.142254e-01	0.000000e+00	1	3.191420e-03
1.520221e-01	8.239524e-01	0.000000e+00	1	3.150968e-03
1.523303e-01	8.235397e-01	0.000000e+00	1	3.150968e-03
1.548611e-01	8.213651e-01	0.000000e+00	1	3.150968e-03
1.589504e-01	8.111079e-01	0.000000e+00	1	3.140765e-03
1.593212e-01	8.089746e-01	0.000000e+00	1	3.107799e-03
1.517197e-01	8.250222e-01	0.000000e+00	1	3.080603e-03
1.579349e-01	8.130921e-01	0.000000e+00	1	3.019280e-03
1.504184e-01	8.294159e-01	0.000000e+00	1	3.009904e-03
1.495299e-01	8.320921e-01	0.000000e+00	1	2.973194e-03
1.495873e-01	8.320317e-01	0.000000e+00	1	2.973194e-03
1.611369e-01	8.051460e-01	0.000000e+00	1	2.971495e-03
1.523303e-01	8.235397e-01	0.000000e+00	1	2.938517e-03
1.527293e-01	8.232381e-01	0.000000e+00	1	2.938517e-03
1.517517e-01	8.248159e-01	0.000000e+00	1	2.938517e-03
1.587955e-01	8.117460e-01	0.000000e+00	1	2.936819e-03
1.610190e-01	8.053524e-01	0.000000e+00	1	2.936819e-03
1.592452e-01	8.092762e-01	0.000000e+00	1	2.936819e-03
1.586783e-01	8.122127e-01	0.000000e+00	1	2.936819e-03
1.591281e-01	8.097429e-01	0.000000e+00	1	2.936819e-03
1.620761e-01	8.034794e-01	0.000000e+00	1	2.931593e-03
1.514925e-01	8.255016e-01	0.000000e+00	1	2.928326e-03
1.518925e-01	8.242698e-01	0.000000e+00	1	2.928326e-03
1.522007e-01	8.238571e-01	0.000000e+00	1	2.928326e-03
1.516221e-01	8.251841e-01	0.000000e+00	1	2.914532e-03
1.572632e-01	8.135460e-01	0.000000e+00	1	2.896912e-03
1.571772e-01	8.136635e-01	0.000000e+00	1	2.896912e-03
1.507266e-01	8.290603e-01	0.000000e+00	1	2.864228e-03
1.507795e-01	8.289651e-01	0.000000e+00	1	2.864228e-03
1.566106e-01	8.150952e-01	0.000000e+00	1	2.834506e-03
1.566175e-01	8.149079e-01	0.000000e+00	1	2.834506e-03
1.488381e-01	8.364603e-01	0.000000e+00	1	2.824784e-03
1.590867e-01	8.106667e-01	0.000000e+00	1	2.789107e-03
1.590499e-01	8.108000e-01	0.000000e+00	1	2.789107e-03
1.593212e-01	8.089746e-01	0.000000e+00	1	2.745456e-03
1.517864e-01	8.246825e-01	0.000000e+00	1	2.738994e-03
1.592545e-01	8.090857e-01	0.000000e+00	1	2.712477e-03
1.610097e-01	8.055429e-01	0.000000e+00	1	2.712477e-03
1.588333e-01	8.115746e-01	0.000000e+00	1	2.712477e-03
1.515480e-01	8.253905e-01	0.000000e+00	1	2.712477e-03
1.591373e-01	8.095524e-01	0.000000e+00	1	2.712477e-03
1.517517e-01	8.248159e-01	0.000000e+00	1	2.673731e-03
1.554711e-01	8.181111e-01	0.000000e+00	1	2.665571e-03
1.593841e-01	8.088952e-01	0.000000e+00	1	2.655719e-03
1.561540e-01	8.170540e-01	0.000000e+00	1	2.608473e-03
1.576772e-01	8.132444e-01	0.000000e+00	1	2.603717e-03
1.612703e-01	8.050127e-01	0.000000e+00	1	2.598744e-03
1.610190e-01	8.053524e-01	0.000000e+00	1	2.598744e-03
1.503305e-01	8.296381e-01	0.000000e+00	1	2.595019e-03
1.516221e-01	8.251841e-01	0.000000e+00	1	2.591820e-03
1.592040e-01	8.094413e-01	0.000000e+00	1	2.581617e-03
1.587450e-01	8.121016e-01	0.000000e+00	1	2.581617e-03
1.587862e-01	8.119365e-01	0.000000e+00	1	2.575155e-03
1.568268e-01	8.143905e-01	0.000000e+00	1	2.558509e-03
1.574391e-01	8.133683e-01	0.000000e+00	1	2.558509e-03
1.570493e-01	8.142159e-01	0.000000e+00	1	2.558509e-03
1.589092e-01	8.112730e-01	0.000000e+00	1	2.536069e-03
1.501554e-01	8.298286e-01	0.000000e+00	1	2.532669e-03
1.612036e-01	8.051238e-01	0.000000e+00	1	2.530504e-03
1.557100e-01	8.176444e-01	0.000000e+00	1	2.521114e-03
1.600661e-01	8.075333e-01	0.000000e+00	1	2.511789e-03
1.589504e-01	8.111079e-01	0.000000e+00	1	2.484739e-03
1.498321e-01	8.303683e-01	0.000000e+00	1	2.482021e-03
1.500284e-01	8.300667e-01	0.000000e+00	1	2.482021e-03
1.498292e-01	8.303905e-01	0.000000e+00	1	2.482021e-03
1.558719e-01	8.173587e-01	0.000000e+00	1	2.446191e-03
1.557933e-01	8.173968e-01	0.000000e+00	1	2.446191e-03
1.492241e-01	8.360825e-01	0.000000e+00	1	2.307248e-03
1.489214e-01	8.363492e-01	0.000000e+00	1	2.307248e-03
1.599328e-01	8.079460e-01	0.000000e+00	1	2.270455e-03
1.555545e-01	8.178635e-01	0.000000e+00	1	2.204659e-03
1.567175e-01	8.144571e-01	0.000000e+00	1	2.204659e-03
1.556119e-01	8.178095e-01	0.000000e+00	1	2.204659e-03
1.547870e-01	8.214603e-01	0.000000e+00	1	2.204659e-03
1.572725e-01	8.134889e-01	0.000000e+00	1	2.204659e-03
1.558886e-01	8.172222e-01	0.000000e+00	1	2.204659e-03
1.563773e-01	8.165143e-01	0.000000e+00	1	2.204659e-03
1.550747e-01	8.199810e-01	0.000000e+00	1	2.204659e-03
1.556526e-01	8.176984e-01	0.000000e+00	1	2.159451e-03
1.573299e-01	8.134349e-01	0.000000e+00	1	2.159451e-03
1.549914e-01	8.206222e-01	0.000000e+00	1	2.159451e-03
1.550488e-01	8.205683e-01	0.000000e+00	1	2.159451e-03
1.555378e-01	8.180000e-01	0.000000e+00	1	2.159451e-03
1.566014e-01	8.151524e-01	0.000000e+00	1	2.159451e-03
1.565439e-01	8.152063e-01	0.000000e+00	1	2.159451e-03
1.551321e-01	8.199270e-01	0.000000e+00	1	2.159451e-03
1.542704e-01	8.217206e-01	0.000000e+00	1	2.159451e-03
1.571106e-01	8.137746e-01	0.000000e+00	1	2.159451e-03
1.574966e-01	8.133143e-01	0.000000e+00	1	2.159451e-03
1.552512e-01	8.193810e-01	0.000000e+00	1	2.159253e-03
1.545629e-01	8.216413e-01	0.000000e+00	1	2.155650e-03
1.562280e-01	8.170476e-01	0.000000e+00	1	2.148271e-03
1.562831e-01	8.169905e-01	0.000000e+00	1	2.148271e-03
1.568268e-01	8.143905e-01	0.000000e+00	1	2.121575e-03
1.568826e-01	8.143365e-01	0.000000e+00	1	2.121575e-03
1.568934e-01	8.142794e-01	0.000000e+00	1	2.121575e-03
1.599098e-01	8.081270e-01	0.000000e+00	1	2.120697e-03
1.546389e-01	8.216254e-01	0.000000e+00	1	2.112884e-03
1.547037e-01	8.215873e-01	0.000000e+00	1	2.112884e-03
1.547963e-01	8.214032e-01	0.000000e+00	1	2.112884e-03
1.499866e-01	8.301238e-01	0.000000e+00	1	2.112544e-03
1.540767e-01	8.221937e-01	0.000000e+00	1	2.095693e-03
1.554711e-01	8.181111e-01	0.000000e+00	1	2.095693e-03
1.498532e-01	8.302571e-01	0.000000e+00	1	2.095058e-03
1.494409e-01	8.327270e-01	0.000000e+00	1	2.095058e-03
1.507054e-01	8.291714e-01	0.000000e+00	1	2.095058e-03
1.504985e-01	8.292825e-01	0.000000e+00	1	2.095058e-03
1.493156e-01	8.344222e-01	0.000000e+00	1	2.095058e-03
1.492944e-01	8.345333e-01	0.000000e+00	1	2.095058e-03
1.491196e-01	8.363048e-01	0.000000e+00	1	2.095058e-03
1.500495e-01	8.299556e-01	0.000000e+00	1	2.095058e-03
1.496084e-01	8.319206e-01	0.000000e+00	1	2.095058e-03
1.488169e-01	8.365714e-01	0.000000e+00	1	2.095058e-03
1.491407e-01	8.361937e-01	0.000000e+00	1	2.095058e-03
1.487492e-01	8.370952e-01	0.000000e+00	1	2.095058e-03
1.503517e-01	8.295270e-01	0.000000e+00	1	2.095058e-03
1.508007e-01	8.288540e-01	0.000000e+00	1	2.095058e-03
1.504773e-01	8.293937e-01	0.000000e+00	1	2.095058e-03
1.578439e-01	8.131238e-01	0.000000e+00	1	2.067336e-03
1.546389e-01	8.216254e-01	0.000000e+00	1	2.065234e-03
1.588661e-01	8.113778e-01	0.000000e+00	1	2.062913e-03
1.527293e-01	8.232381e-01	0.000000e+00	1	2.019071e-03
1.692257e-01	8.026413e-01	0.000000e+00	1	2.005957e-03
1.692749e-01	8.025841e-01	0.000000e+00	1	2.005957e-03
1.493833e-01	8.338984e-01	0.000000e+00	1	1.981834e-03
1.542129e-01	8.217746e-01	0.000000e+00	1	1.978619e-03
1.551890e-01	8.196095e-01	0.000000e+00	1	1.967677e-03
1.515229e-01	8.254063e-01	0.000000e+00	1	1.965165e-03
1.504184e-01	8.294159e-01	0.000000e+00	1	1.931712e-03
1.607467e-01	8.065238e-01	0.000000e+00	1	1.931712e-03
1.499199e-01	8.301460e-01	0.000000e+00	1	1.931712e-03
1.502221e-01	8.297175e-01	0.000000e+00	1	1.931712e-03
1.502887e-01	8.296952e-01	0.000000e+00	1	1.931712e-03
1.608134e-01	8.065016e-01	0.000000e+00	1	1.931712e-03
1.582156e-01	8.130127e-01	0.000000e+00	1	1.931712e-03
1.603674e-01	8.068698e-01	0.000000e+00	1	1.931712e-03
1.596508e-01	8.083492e-01	0.000000e+00	1	1.931712e-03
1.595841e-01	8.083714e-01	0.000000e+00	1	1.931712e-03
1.599836e-01	8.078825e-01	0.000000e+00	1	1.908791e-03
1.492193e-01	8.361175e-01	0.000000e+00	1	1.906765e-03
1.489167e-01	8.363841e-01	0.000000e+00	1	1.906765e-03
1.590867e-01	8.106667e-01	0.000000e+00	1	1.897975e-03
1.571772e-01	8.136635e-01	0.000000e+00	1	1.897036e-03
1.572632e-01	8.135460e-01	0.000000e+00	1	1.897036e-03
1.607153e-01	8.065619e-01	0.000000e+00	1	1.892683e-03
1.606801e-01	8.066349e-01	0.000000e+00	1	1.892683e-03
1.562280e-01	8.170476e-01	0.000000e+00	1	1.885146e-03
1.488894e-01	8.364286e-01	0.000000e+00	1	1.875417e-03
1.507795e-01	8.289651e-01	0.000000e+00	1	1.869019e-03
1.501554e-01	8.298286e-01	0.000000e+00	1	1.841297e-03
1.620298e-01	8.041365e-01	0.000000e+00	1	1.841297e-03
1.500254e-01	8.300889e-01	0.000000e+00	1	1.826484e-03
1.502887e-01	8.296952e-01	0.000000e+00	1	1.826484e-03
1.608920e-01	8.060159e-01	0.000000e+00	1	1.816075e-03
1.609147e-01	8.059937e-01	0.000000e+00	1	1.816075e-03
1.621317e-01	8.033524e-01	0.000000e+00	1	1.808318e-03
1.494198e-01	8.328381e-01	0.000000e+00	1	1.806620e-03
1.553550e-01	8.188063e-01	0.000000e+00	1	1.795824e-03
1.522562e-01	8.237460e-01	0.000000e+00	1	1.794730e-03
1.577772e-01	8.132349e-01	0.000000e+00	1	1.750881e-03
1.504773e-01	8.293937e-01	0.000000e+00	1	1.744082e-03
1.494045e-01	8.337873e-01	0.000000e+00	1	1.727551e-03
1.553144e-01	8.188571e-01	0.000000e+00	1	1.705408e-03
1.491407e-01	8.361937e-01	0.000000e+00	1	1.694585e-03
1.487492e-01	8.370952e-01	0.000000e+00	1	1.694585e-03
1.493156e-01	8.344222e-01	0.000000e+00	1	1.694585e-03
1.601007e-01	8.074159e-01	0.000000e+00	1	1.672694e-03
1.552311e-01	8.194984e-01	0.000000e+00	1	1.672694e-03
1.547129e-01	8.215302e-01	0.000000e+00	1	1.667938e-03
1.547296e-01	8.215143e-01	0.000000e+00	1	1.616955e-03
1.594508e-01	8.087841e-01	0.000000e+00	1	1.615257e-03
1.601674e-01	8.073048e-01	0.000000e+00	1	1.615257e-03
1.601007e-01	8.074159e-01	0.000000e+00	1	1.615257e-03
1.586783e-01	8.122127e-01	0.000000e+00	1	1.615257e-03
1.603007e-01	8.068921e-01	0.000000e+00	1	1.615257e-03
1.595175e-01	8.084825e-01	0.000000e+00	1	1.615257e-03
1.602341e-01	8.070032e-01	0.000000e+00	1	1.615257e-03
1.500495e-01	8.299556e-01	0.000000e+00	1	1.615257e-03
1.501162e-01	8.298444e-01	0.000000e+00	1	1.615257e-03
1.595841e-01	8.083714e-01	0.000000e+00	1	1.615257e-03
1.551983e-01	8.195524e-01	0.000000e+00	1	1.609135e-03
1.552928e-01	8.190349e-01	0.000000e+00	1	1.597705e-03
1.601007e-01	8.074159e-01	0.000000e+00	1	1.582278e-03
1.595841e-01	8.083714e-01	0.000000e+00	1	1.582278e-03
1.586783e-01	8.122127e-01	0.000000e+00	1	1.582278e-03
1.511591e-01	8.259302e-01	0.000000e+00	1	1.582278e-03
1.500495e-01	8.299556e-01	0.000000e+00	1	1.582278e-03
1.501162e-01	8.298444e-01	0.000000e+00	1	1.582278e-03
1.522562e-01	8.237460e-01	0.000000e+00	1	1.582278e-03
1.507054e-01	8.291714e-01	0.000000e+00	1	1.582278e-03
1.599320e-01	8.080190e-01	0.000000e+00	1	1.578202e-03
1.556211e-01	8.177524e-01	0.000000e+00	1	1.576503e-03
1.552311e-01	8.194984e-01	0.000000e+00	1	1.563927e-03
1.611369e-01	8.051460e-01	0.000000e+00	1	1.558961e-03
1.599320e-01	8.080190e-01	0.000000e+00	1	1.556300e-03
1.556526e-01	8.176984e-01	0.000000e+00	1	1.531295e-03
1.569493e-01	8.142254e-01	0.000000e+00	1	1.488664e-03
1.489727e-01	8.363175e-01	0.000000e+00	1	1.423337e-03
1.515480e-01	8.253905e-01	0.000000e+00	1	1.411843e-03
1.565347e-01	8.152635e-01	0.000000e+00	1	1.397030e-03
1.566268e-01	8.148508e-01	0.000000e+00	1	1.397030e-03
1.565106e-01	8.155460e-01	0.000000e+00	1	1.397030e-03
1.574391e-01	8.133683e-01	0.000000e+00	1	1.390916e-03
1.554804e-01	8.180540e-01	0.000000e+00	1	1.390916e-03
1.557267e-01	8.175079e-01	0.000000e+00	1	1.390916e-03
1.609147e-01	8.059937e-01	0.000000e+00	1	1.381460e-03
1.608920e-01	8.060159e-01	0.000000e+00	1	1.381460e-03
1.495873e-01	8.320317e-01	0.000000e+00	1	1.371731e-03
1.512887e-01	8.256127e-01	0.000000e+00	1	1.356239e-03
1.507266e-01	8.290603e-01	0.000000e+00	1	1.356239e-03
1.591090e-01	8.105714e-01	0.000000e+00	1	1.356239e-03
1.557174e-01	8.175651e-01	0.000000e+00	1	1.354540e-03
1.511591e-01	8.259302e-01	0.000000e+00	1	1.346047e-03
1.621317e-01	8.033524e-01	0.000000e+00	1	1.346047e-03
1.503305e-01	8.296381e-01	0.000000e+00	1	1.326523e-03
1.558793e-01	8.172794e-01	0.000000e+00	1	1.309672e-03
1.558719e-01	8.173587e-01	0.000000e+00	1	1.309672e-03
1.555378e-01	8.180000e-01	0.000000e+00	1	1.309672e-03
1.555452e-01	8.179206e-01	0.000000e+00	1	1.309672e-03
1.540674e-01	8.222508e-01	0.000000e+00	1	1.308171e-03
1.606486e-01	8.066730e-01	0.000000e+00	1	1.304852e-03
1.607153e-01	8.065619e-01	0.000000e+00	1	1.304852e-03
1.607467e-01	8.065238e-01	0.000000e+00	1	1.304852e-03
1.491920e-01	8.361619e-01	0.000000e+00	1	1.294102e-03
1.599836e-01	8.078825e-01	0.000000e+00	1	1.288744e-03
1.541296e-01	8.219270e-01	0.000000e+00	1	1.281950e-03
1.570680e-01	8.141714e-01	0.000000e+00	1	1.266684e-03
1.609587e-01	8.059048e-01	0.000000e+00	1	1.265823e-03
1.608480e-01	8.061048e-01	0.000000e+00	1	1.265823e-03
1.499866e-01	8.301238e-01	0.000000e+00	1	1.258689e-03
1.491920e-01	8.361619e-01	0.000000e+00	1	1.242505e-03
1.599995e-01	8.078349e-01	0.000000e+00	1	1.230672e-03
1.501162e-01	8.298444e-01	0.000000e+00	1	1.176431e-03
1.547296e-01	8.215143e-01	0.000000e+00	1	1.172349e-03
1.542129e-01	8.217746e-01	0.000000e+00	1	1.172349e-03
1.588661e-01	8.113778e-01	0.000000e+00	1	1.134622e-03
1.553642e-01	8.187492e-01	0.000000e+00	1	1.128500e-03
1.553052e-01	8.189143e-01	0.000000e+00	1	1.128500e-03
1.488894e-01	8.364286e-01	0.000000e+00	1	1.113270e-03
1.570493e-01	8.142159e-01	0.000000e+00	1	1.085852e-03
1.568934e-01	8.142794e-01	0.000000e+00	1	1.075960e-03
1.568826e-01	8.143365e-01	0.000000e+00	1	1.075960e-03
1.609587e-01	8.059048e-01	0.000000e+00	1	1.065004e-03
1.599995e-01	8.078349e-01	0.000000e+00	1	1.062704e-03
1.550488e-01	8.205683e-01	0.000000e+00	1	1.038084e-03
1.554089e-01	8.183397e-01	0.000000e+00	1	1.038084e-03
1.563152e-01	8.167429e-01	0.000000e+00	1	1.038084e-03
1.571106e-01	8.137746e-01	0.000000e+00	1	1.038084e-03
1.542704e-01	8.217206e-01	0.000000e+00	1	1.038084e-03
1.555452e-01	8.179206e-01	0.000000e+00	1	1.038084e-03
1.558793e-01	8.172794e-01	0.000000e+00	1	1.038084e-03
1.551414e-01	8.198698e-01	0.000000e+00	1	1.038084e-03
1.559552e-01	8.171111e-01	0.000000e+00	1	1.038084e-03
1.566014e-01	8.151524e-01	0.000000e+00	1	1.038084e-03
1.564440e-01	8.164032e-01	0.000000e+00	1	1.038084e-03
1.550654e-01	8.200381e-01	0.000000e+00	1	1.038084e-03
1.547963e-01	8.214032e-01	0.000000e+00	1	1.038084e-03
1.554182e-01	8.182825e-01	0.000000e+00	1	1.038084e-03
1.563059e-01	8.168000e-01	0.000000e+00	1	1.038084e-03
1.571013e-01	8.138317e-01	0.000000e+00	1	1.038084e-03
1.539605e-01	8.228889e-01	0.000000e+00	1	1.038084e-03
1.566106e-01	8.150952e-01	0.000000e+00	1	1.038084e-03
1.563681e-01	8.165714e-01	0.000000e+00	1	1.038084e-03
1.549914e-01	8.206222e-01	0.000000e+00	1	1.038084e-03
1.566175e-01	8.149079e-01	0.000000e+00	1	1.038084e-03
1.548703e-01	8.213079e-01	0.000000e+00	1	1.038084e-03
1.557933e-01	8.173968e-01	0.000000e+00	1	1.038084e-03
1.552512e-01	8.193810e-01	0.000000e+00	1	1.038084e-03
1.565439e-01	8.152063e-01	0.000000e+00	1	1.038084e-03
1.553020e-01	8.189778e-01	0.000000e+00	1	1.038084e-03
1.570772e-01	8.141143e-01	0.000000e+00	1	1.038084e-03
1.553144e-01	8.188571e-01	0.000000e+00	1	1.038084e-03
1.552604e-01	8.193238e-01	0.000000e+00	1	1.038084e-03
1.553766e-01	8.186286e-01	0.000000e+00	1	1.038084e-03
1.565014e-01	8.156032e-01	0.000000e+00	1	1.038084e-03
1.553673e-01	8.186857e-01	0.000000e+00	1	1.038084e-03
1.547037e-01	8.215873e-01	0.000000e+00	1	1.038084e-03
1.557174e-01	8.175651e-01	0.000000e+00	1	9.932162e-04
1.550580e-01	8.205111e-01	0.000000e+00	1	9.932162e-04
1.557267e-01	8.175079e-01	0.000000e+00	1	9.928765e-04
1.554804e-01	8.180540e-01	0.000000e+00	1	9.928765e-04
1.556119e-01	8.178095e-01	0.000000e+00	1	9.928765e-04
1.563773e-01	8.165143e-01	0.000000e+00	1	9.928765e-04
1.572725e-01	8.134889e-01	0.000000e+00	1	9.928765e-04
1.550747e-01	8.199810e-01	0.000000e+00	1	9.928765e-04
1.556211e-01	8.177524e-01	0.000000e+00	1	9.928765e-04
1.551983e-01	8.195524e-01	0.000000e+00	1	9.928765e-04
1.558886e-01	8.172222e-01	0.000000e+00	1	9.928765e-04
1.567175e-01	8.144571e-01	0.000000e+00	1	9.928765e-04
1.541963e-01	8.218159e-01	0.000000e+00	1	9.915176e-04
1.553020e-01	8.189778e-01	0.000000e+00	1	9.796866e-04
1.553673e-01	8.186857e-01	0.000000e+00	1	9.796866e-04
1.515229e-01	8.254063e-01	0.000000e+00	1	9.631609e-04
1.557100e-01	8.176444e-01	0.000000e+00	1	9.480082e-04
1.599328e-01	8.079460e-01	0.000000e+00	1	9.233884e-04
1.492754e-01	8.360508e-01	0.000000e+00	1	9.134022e-04
1.600502e-01	8.077714e-01	0.000000e+00	1	9.041591e-04
1.599995e-01	8.078349e-01	0.000000e+00	1	9.041591e-04
1.553052e-01	8.189143e-01	0.000000e+00	1	8.892707e-04
1.553642e-01	8.187492e-01	0.000000e+00	1	8.892707e-04
1.495299e-01	8.320921e-01	0.000000e+00	1	8.589512e-04
1.570680e-01	8.141714e-01	0.000000e+00	1	8.572526e-04
1.488004e-01	8.370635e-01	0.000000e+00	1	8.516355e-04
1.493669e-01	8.343905e-01	0.000000e+00	1	8.516355e-04
1.517517e-01	8.248159e-01	0.000000e+00	1	8.402598e-04
1.608480e-01	8.061048e-01	0.000000e+00	1	8.390944e-04
1.608134e-01	8.065016e-01	0.000000e+00	1	8.390944e-04
1.601007e-01	8.074159e-01	0.000000e+00	1	8.390944e-04
1.514673e-01	8.255175e-01	0.000000e+00	1	8.349659e-04
1.559552e-01	8.171111e-01	0.000000e+00	1	8.137432e-04
1.566509e-01	8.145683e-01	0.000000e+00	1	8.137432e-04
1.554804e-01	8.180540e-01	0.000000e+00	1	8.137432e-04
1.557267e-01	8.175079e-01	0.000000e+00	1	8.137432e-04
1.574966e-01	8.133143e-01	0.000000e+00	1	8.137432e-04
1.540674e-01	8.222508e-01	0.000000e+00	1	8.137432e-04
1.573299e-01	8.134349e-01	0.000000e+00	1	8.137432e-04
1.551321e-01	8.199270e-01	0.000000e+00	1	8.137432e-04
1.547870e-01	8.214603e-01	0.000000e+00	1	7.685353e-04
1.555545e-01	8.178635e-01	0.000000e+00	1	7.685353e-04
1.574391e-01	8.133683e-01	0.000000e+00	1	7.685353e-04
1.606801e-01	8.066349e-01	0.000000e+00	1	7.623567e-04
1.553550e-01	8.188063e-01	0.000000e+00	1	7.233273e-04
1.590499e-01	8.108000e-01	0.000000e+00	1	6.614663e-04
1.589092e-01	8.112730e-01	0.000000e+00	1	6.614663e-04
1.515480e-01	8.253905e-01	0.000000e+00	1	6.089262e-04
1.692979e-01	8.022063e-01	0.000000e+00	1	5.576482e-04
1.606801e-01	8.066349e-01	0.000000e+00	1	5.424955e-04
1.579442e-01	8.130349e-01	0.000000e+00	1	5.407969e-04
1.542796e-01	8.216635e-01	0.000000e+00	1	5.407969e-04
1.488381e-01	8.364603e-01	0.000000e+00	1	5.127799e-04
Total execution time: 37785.987
