# This file contains the data of final feasible population (if found)
# of objectives = 2, # of constraints = 0, # of real_var = 0, # of bits of bin_var = 0, constr_violation, rank, crowding_distance
1.630478e-01	7.924603e-01	0.000000e+00	1	1.000000e+14
1.508049e-01	8.391714e-01	0.000000e+00	1	1.000000e+14
1.523292e-01	8.153016e-01	0.000000e+00	1	2.287149e-01
1.519708e-01	8.365365e-01	0.000000e+00	1	2.273005e-01
1.562296e-01	8.030254e-01	0.000000e+00	1	1.035908e-01
1.547473e-01	8.070476e-01	0.000000e+00	1	1.035908e-01
1.524866e-01	8.148381e-01	0.000000e+00	1	5.271900e-02
1.525050e-01	8.100825e-01	0.000000e+00	1	5.165800e-02
1.620237e-01	7.925175e-01	0.000000e+00	1	4.182429e-02
1.531777e-01	8.081016e-01	0.000000e+00	1	3.720179e-02
1.540653e-01	8.080190e-01	0.000000e+00	1	3.713382e-02
1.512962e-01	8.367206e-01	0.000000e+00	1	3.017598e-02
1.571007e-01	8.005873e-01	0.000000e+00	1	2.887303e-02
1.577628e-01	8.002381e-01	0.000000e+00	1	2.703804e-02
1.518861e-01	8.367111e-01	0.000000e+00	1	2.409334e-02
1.566952e-01	8.007587e-01	0.000000e+00	1	1.860169e-02
1.602708e-01	7.944381e-01	0.000000e+00	1	1.713414e-02
1.606862e-01	7.944190e-01	0.000000e+00	1	1.696424e-02
1.571007e-01	8.005873e-01	0.000000e+00	1	1.656282e-02
1.523292e-01	8.153016e-01	0.000000e+00	1	1.500946e-02
1.519708e-01	8.365365e-01	0.000000e+00	1	1.463567e-02
1.563448e-01	8.013841e-01	0.000000e+00	1	1.417018e-02
1.563314e-01	8.027079e-01	0.000000e+00	1	1.417018e-02
1.616717e-01	7.933143e-01	0.000000e+00	1	1.226903e-02
1.608370e-01	7.943079e-01	0.000000e+00	1	1.223989e-02
1.610959e-01	7.941524e-01	0.000000e+00	1	1.223989e-02
1.614412e-01	7.933778e-01	0.000000e+00	1	1.043404e-02
1.578266e-01	7.995206e-01	0.000000e+00	1	1.028455e-02
1.577628e-01	8.002381e-01	0.000000e+00	1	1.028455e-02
1.578739e-01	7.986000e-01	0.000000e+00	1	9.854560e-03
1.578266e-01	7.995206e-01	0.000000e+00	1	9.854560e-03
1.566952e-01	8.007587e-01	0.000000e+00	1	9.755438e-03
1.590108e-01	7.972698e-01	0.000000e+00	1	8.144357e-03
1.508959e-01	8.385302e-01	0.000000e+00	1	7.995981e-03
1.588305e-01	7.973429e-01	0.000000e+00	1	7.931104e-03
1.586363e-01	7.973810e-01	0.000000e+00	1	7.931104e-03
1.565012e-01	8.009492e-01	0.000000e+00	1	7.920451e-03
1.588305e-01	7.973429e-01	0.000000e+00	1	7.770564e-03
1.543121e-01	8.075175e-01	0.000000e+00	1	7.760846e-03
1.545005e-01	8.075111e-01	0.000000e+00	1	7.692883e-03
1.512449e-01	8.372889e-01	0.000000e+00	1	6.817743e-03
1.510625e-01	8.384190e-01	0.000000e+00	1	6.806638e-03
1.512449e-01	8.372889e-01	0.000000e+00	1	6.602906e-03
1.508049e-01	8.391714e-01	0.000000e+00	1	6.038189e-03
1.508446e-01	8.387587e-01	0.000000e+00	1	6.038189e-03
1.617618e-01	7.928032e-01	0.000000e+00	1	6.019874e-03
1.565012e-01	8.009492e-01	0.000000e+00	1	5.671726e-03
1.590108e-01	7.972698e-01	0.000000e+00	1	5.327191e-03
1.585410e-01	7.974762e-01	0.000000e+00	1	5.242212e-03
1.584376e-01	7.975651e-01	0.000000e+00	1	5.174250e-03
1.579294e-01	7.983937e-01	0.000000e+00	1	5.082694e-03
1.524075e-01	8.149683e-01	0.000000e+00	1	4.976928e-03
1.619285e-01	7.926127e-01	0.000000e+00	1	4.908944e-03
1.586363e-01	7.973810e-01	0.000000e+00	1	4.908944e-03
1.601200e-01	7.945492e-01	0.000000e+00	1	4.885435e-03
1.600367e-01	7.948667e-01	0.000000e+00	1	4.885435e-03
1.510894e-01	8.381587e-01	0.000000e+00	1	4.880812e-03
1.599962e-01	7.954984e-01	0.000000e+00	1	4.872916e-03
1.564123e-01	8.011937e-01	0.000000e+00	1	4.793942e-03
1.562970e-01	8.028349e-01	0.000000e+00	1	4.793942e-03
1.512322e-01	8.377302e-01	0.000000e+00	1	4.723393e-03
1.580405e-01	7.980762e-01	0.000000e+00	1	4.647566e-03
1.508959e-01	8.385302e-01	0.000000e+00	1	4.540999e-03
1.620237e-01	7.925175e-01	0.000000e+00	1	4.501170e-03
1.580961e-01	7.978698e-01	0.000000e+00	1	4.477660e-03
1.613578e-01	7.934730e-01	0.000000e+00	1	4.422756e-03
1.618452e-01	7.927079e-01	0.000000e+00	1	4.422756e-03
1.591219e-01	7.968730e-01	0.000000e+00	1	4.422756e-03
1.611792e-01	7.940571e-01	0.000000e+00	1	4.422756e-03
1.599935e-01	7.955556e-01	0.000000e+00	1	4.393128e-03
1.583424e-01	7.976603e-01	0.000000e+00	1	4.314714e-03
1.599009e-01	7.955937e-01	0.000000e+00	1	4.189240e-03
1.600140e-01	7.951111e-01	0.000000e+00	1	4.145712e-03
1.582617e-01	7.976984e-01	0.000000e+00	1	4.110827e-03
1.583424e-01	7.976603e-01	0.000000e+00	1	3.889507e-03
1.585410e-01	7.974762e-01	0.000000e+00	1	3.889507e-03
1.584376e-01	7.975651e-01	0.000000e+00	1	3.889507e-03
1.512322e-01	8.377302e-01	0.000000e+00	1	3.738249e-03
1.511406e-01	8.379302e-01	0.000000e+00	1	3.738249e-03
1.571007e-01	8.005873e-01	0.000000e+00	1	3.737937e-03
1.577628e-01	8.002381e-01	0.000000e+00	1	3.737937e-03
1.581665e-01	7.977937e-01	0.000000e+00	1	3.689463e-03
1.580961e-01	7.978698e-01	0.000000e+00	1	3.689463e-03
1.519708e-01	8.365365e-01	0.000000e+00	1	3.664484e-03
1.564123e-01	8.011937e-01	0.000000e+00	1	3.632851e-03
1.545449e-01	8.074159e-01	0.000000e+00	1	3.612140e-03
1.542486e-01	8.076063e-01	0.000000e+00	1	3.612140e-03
1.543121e-01	8.075175e-01	0.000000e+00	1	3.544177e-03
1.531142e-01	8.081905e-01	0.000000e+00	1	3.544177e-03
1.600973e-01	7.947937e-01	0.000000e+00	1	3.544054e-03
1.592668e-01	7.966857e-01	0.000000e+00	1	3.501169e-03
1.595076e-01	7.962698e-01	0.000000e+00	1	3.501169e-03
1.590663e-01	7.969841e-01	0.000000e+00	1	3.458223e-03
1.597620e-01	7.958000e-01	0.000000e+00	1	3.458223e-03
1.614412e-01	7.933778e-01	0.000000e+00	1	3.403319e-03
1.599009e-01	7.955937e-01	0.000000e+00	1	3.403319e-03
1.595076e-01	7.962698e-01	0.000000e+00	1	3.403319e-03
1.610959e-01	7.941524e-01	0.000000e+00	1	3.403319e-03
1.594242e-01	7.963651e-01	0.000000e+00	1	3.403319e-03
1.598176e-01	7.956889e-01	0.000000e+00	1	3.403319e-03
1.592052e-01	7.967778e-01	0.000000e+00	1	3.403319e-03
1.619285e-01	7.926127e-01	0.000000e+00	1	3.403319e-03
1.618452e-01	7.927079e-01	0.000000e+00	1	3.403319e-03
1.612745e-01	7.935683e-01	0.000000e+00	1	3.403319e-03
1.613578e-01	7.934730e-01	0.000000e+00	1	3.403319e-03
1.600140e-01	7.951111e-01	0.000000e+00	1	3.343761e-03
1.594242e-01	7.963651e-01	0.000000e+00	1	3.288316e-03
1.523638e-01	8.152667e-01	0.000000e+00	1	3.194237e-03
1.519102e-01	8.366476e-01	0.000000e+00	1	3.154766e-03
1.607814e-01	7.943238e-01	0.000000e+00	1	3.118410e-03
1.581913e-01	7.977746e-01	0.000000e+00	1	3.077801e-03
1.590663e-01	7.969841e-01	0.000000e+00	1	3.058312e-03
1.600922e-01	7.948508e-01	0.000000e+00	1	2.880542e-03
1.579998e-01	7.983175e-01	0.000000e+00	1	2.873914e-03
1.582617e-01	7.976984e-01	0.000000e+00	1	2.873914e-03
1.580405e-01	7.980762e-01	0.000000e+00	1	2.857032e-03
1.617391e-01	7.930476e-01	0.000000e+00	1	2.854424e-03
1.529676e-01	8.084857e-01	0.000000e+00	1	2.834541e-03
1.541486e-01	8.078127e-01	0.000000e+00	1	2.834541e-03
1.547473e-01	8.070476e-01	0.000000e+00	1	2.834541e-03
1.524421e-01	8.149333e-01	0.000000e+00	1	2.834541e-03
1.510625e-01	8.384190e-01	0.000000e+00	1	2.786462e-03
1.545449e-01	8.074159e-01	0.000000e+00	1	2.766578e-03
1.542486e-01	8.076063e-01	0.000000e+00	1	2.766578e-03
1.562970e-01	8.028349e-01	0.000000e+00	1	2.763794e-03
1.563448e-01	8.013841e-01	0.000000e+00	1	2.755068e-03
1.562296e-01	8.030254e-01	0.000000e+00	1	2.755068e-03
1.616717e-01	7.933143e-01	0.000000e+00	1	2.754388e-03
1.617391e-01	7.930476e-01	0.000000e+00	1	2.754388e-03
1.596028e-01	7.961746e-01	0.000000e+00	1	2.733044e-03
1.565012e-01	8.009492e-01	0.000000e+00	1	2.616556e-03
1.612271e-01	7.940032e-01	0.000000e+00	1	2.616556e-03
1.612498e-01	7.937587e-01	0.000000e+00	1	2.616556e-03
1.564123e-01	8.011937e-01	0.000000e+00	1	2.616556e-03
1.617391e-01	7.930476e-01	0.000000e+00	1	2.616556e-03
1.546084e-01	8.073270e-01	0.000000e+00	1	2.592703e-03
1.531777e-01	8.081016e-01	0.000000e+00	1	2.592703e-03
1.563448e-01	8.013841e-01	0.000000e+00	1	2.586261e-03
1.593004e-01	7.966825e-01	0.000000e+00	1	2.549695e-03
1.592052e-01	7.967778e-01	0.000000e+00	1	2.515713e-03
1.593620e-01	7.965905e-01	0.000000e+00	1	2.515713e-03
1.595692e-01	7.961778e-01	0.000000e+00	1	2.515713e-03
1.602708e-01	7.944381e-01	0.000000e+00	1	2.472767e-03
1.601756e-01	7.945333e-01	0.000000e+00	1	2.470159e-03
1.607417e-01	7.944032e-01	0.000000e+00	1	2.470159e-03
1.508446e-01	8.387587e-01	0.000000e+00	1	2.446649e-03
1.511406e-01	8.379302e-01	0.000000e+00	1	2.446649e-03
1.510894e-01	8.381587e-01	0.000000e+00	1	2.446649e-03
1.596031e-01	7.960476e-01	0.000000e+00	1	2.438785e-03
1.601756e-01	7.945333e-01	0.000000e+00	1	2.438785e-03
1.606862e-01	7.944190e-01	0.000000e+00	1	2.438785e-03
1.580247e-01	7.982984e-01	0.000000e+00	1	2.378687e-03
1.595692e-01	7.961778e-01	0.000000e+00	1	2.359250e-03
1.593687e-01	7.964762e-01	0.000000e+00	1	2.268879e-03
1.598176e-01	7.956889e-01	0.000000e+00	1	2.268879e-03
1.591219e-01	7.968730e-01	0.000000e+00	1	2.268879e-03
1.607417e-01	7.944032e-01	0.000000e+00	1	2.268879e-03
1.596586e-01	7.960317e-01	0.000000e+00	1	2.268879e-03
1.608370e-01	7.943079e-01	0.000000e+00	1	2.268879e-03
1.590663e-01	7.969841e-01	0.000000e+00	1	2.268879e-03
1.602152e-01	7.944540e-01	0.000000e+00	1	2.268879e-03
1.579294e-01	7.983937e-01	0.000000e+00	1	2.268879e-03
1.578739e-01	7.986000e-01	0.000000e+00	1	2.268879e-03
1.530232e-01	8.083746e-01	0.000000e+00	1	2.227667e-03
1.530586e-01	8.083016e-01	0.000000e+00	1	2.227667e-03
1.578739e-01	7.986000e-01	0.000000e+00	1	2.208781e-03
1.528237e-01	8.089143e-01	0.000000e+00	1	2.190381e-03
1.519102e-01	8.366476e-01	0.000000e+00	1	2.172524e-03
1.529399e-01	8.085810e-01	0.000000e+00	1	2.153877e-03
1.541208e-01	8.079079e-01	0.000000e+00	1	2.153877e-03
1.529676e-01	8.084857e-01	0.000000e+00	1	2.153877e-03
1.512322e-01	8.377302e-01	0.000000e+00	1	2.140818e-03
1.511406e-01	8.379302e-01	0.000000e+00	1	2.140818e-03
1.530676e-01	8.082794e-01	0.000000e+00	1	2.137743e-03
1.508446e-01	8.387587e-01	0.000000e+00	1	2.094350e-03
1.512962e-01	8.367206e-01	0.000000e+00	1	2.094350e-03
1.511406e-01	8.379302e-01	0.000000e+00	1	2.094350e-03
1.596864e-01	7.959524e-01	0.000000e+00	1	2.052400e-03
1.612745e-01	7.935683e-01	0.000000e+00	1	2.038875e-03
1.612498e-01	7.937587e-01	0.000000e+00	1	2.038875e-03
1.562296e-01	8.030254e-01	0.000000e+00	1	2.038875e-03
1.597358e-01	7.959492e-01	0.000000e+00	1	2.018418e-03
1.541097e-01	8.079238e-01	0.000000e+00	1	1.985010e-03
1.529288e-01	8.085968e-01	0.000000e+00	1	1.985010e-03
1.530121e-01	8.083905e-01	0.000000e+00	1	1.985010e-03
1.525495e-01	8.099873e-01	0.000000e+00	1	1.985010e-03
1.612271e-01	7.940032e-01	0.000000e+00	1	1.952233e-03
1.611792e-01	7.940571e-01	0.000000e+00	1	1.952233e-03
1.617618e-01	7.928032e-01	0.000000e+00	1	1.946935e-03
1.578266e-01	7.995206e-01	0.000000e+00	1	1.931985e-03
1.578739e-01	7.986000e-01	0.000000e+00	1	1.931985e-03
1.546639e-01	8.072317e-01	0.000000e+00	1	1.916008e-03
1.531142e-01	8.081905e-01	0.000000e+00	1	1.899875e-03
1.545005e-01	8.075111e-01	0.000000e+00	1	1.883066e-03
1.542042e-01	8.077016e-01	0.000000e+00	1	1.815103e-03
1.528843e-01	8.086921e-01	0.000000e+00	1	1.815103e-03
1.528237e-01	8.089143e-01	0.000000e+00	1	1.815103e-03
1.540653e-01	8.080190e-01	0.000000e+00	1	1.815103e-03
1.528682e-01	8.088190e-01	0.000000e+00	1	1.815103e-03
1.541931e-01	8.077175e-01	0.000000e+00	1	1.815103e-03
1.526449e-01	8.095048e-01	0.000000e+00	1	1.815103e-03
1.526894e-01	8.094095e-01	0.000000e+00	1	1.815103e-03
1.525050e-01	8.100825e-01	0.000000e+00	1	1.815103e-03
1.547028e-01	8.071429e-01	0.000000e+00	1	1.815103e-03
1.525843e-01	8.097270e-01	0.000000e+00	1	1.815103e-03
1.526288e-01	8.096317e-01	0.000000e+00	1	1.815103e-03
1.524075e-01	8.149683e-01	0.000000e+00	1	1.788160e-03
1.524421e-01	8.149333e-01	0.000000e+00	1	1.788160e-03
1.523638e-01	8.152667e-01	0.000000e+00	1	1.788160e-03
1.523638e-01	8.152667e-01	0.000000e+00	1	1.782691e-03
1.524866e-01	8.148381e-01	0.000000e+00	1	1.773539e-03
1.525656e-01	8.098603e-01	0.000000e+00	1	1.633474e-03
1.602152e-01	7.944540e-01	0.000000e+00	1	1.620628e-03
1.607814e-01	7.943238e-01	0.000000e+00	1	1.620628e-03
1.546084e-01	8.073270e-01	0.000000e+00	1	1.588215e-03
1.546473e-01	8.072540e-01	0.000000e+00	1	1.588215e-03
1.612271e-01	7.940032e-01	0.000000e+00	1	1.505179e-03
1.593620e-01	7.965905e-01	0.000000e+00	1	1.494109e-03
1.547028e-01	8.071429e-01	0.000000e+00	1	1.473213e-03
1.525495e-01	8.099873e-01	0.000000e+00	1	1.473213e-03
1.541097e-01	8.079238e-01	0.000000e+00	1	1.473213e-03
1.526894e-01	8.094095e-01	0.000000e+00	1	1.473213e-03
1.526288e-01	8.096317e-01	0.000000e+00	1	1.473213e-03
1.530121e-01	8.083905e-01	0.000000e+00	1	1.473213e-03
1.542042e-01	8.077016e-01	0.000000e+00	1	1.473213e-03
1.597420e-01	7.959365e-01	0.000000e+00	1	1.461193e-03
1.597620e-01	7.958000e-01	0.000000e+00	1	1.461193e-03
1.527444e-01	8.092698e-01	0.000000e+00	1	1.460897e-03
1.525843e-01	8.097270e-01	0.000000e+00	1	1.427212e-03
1.528050e-01	8.090476e-01	0.000000e+00	1	1.427212e-03
1.563314e-01	8.027079e-01	0.000000e+00	1	1.404544e-03
1.528050e-01	8.090476e-01	0.000000e+00	1	1.395605e-03
1.593004e-01	7.966825e-01	0.000000e+00	1	1.373794e-03
1.592668e-01	7.966857e-01	0.000000e+00	1	1.373794e-03
1.527444e-01	8.092698e-01	0.000000e+00	1	1.373644e-03
1.563314e-01	8.027079e-01	0.000000e+00	1	1.359250e-03
1.596031e-01	7.960476e-01	0.000000e+00	1	1.359250e-03
1.527727e-01	8.092032e-01	0.000000e+00	1	1.324972e-03
1.530676e-01	8.082794e-01	0.000000e+00	1	1.320479e-03
1.596586e-01	7.960317e-01	0.000000e+00	1	1.304346e-03
1.546917e-01	8.071587e-01	0.000000e+00	1	1.235344e-03
1.528843e-01	8.086921e-01	0.000000e+00	1	1.225699e-03
1.593687e-01	7.964762e-01	0.000000e+00	1	1.223325e-03
1.528843e-01	8.086921e-01	0.000000e+00	1	1.189343e-03
1.528000e-01	8.091587e-01	0.000000e+00	1	1.189343e-03
1.528793e-01	8.088032e-01	0.000000e+00	1	1.189343e-03
1.591219e-01	7.968730e-01	0.000000e+00	1	1.189343e-03
1.525606e-01	8.099714e-01	0.000000e+00	1	1.189343e-03
1.598176e-01	7.956889e-01	0.000000e+00	1	1.189343e-03
1.510625e-01	8.384190e-01	0.000000e+00	1	1.189343e-03
1.526449e-01	8.095048e-01	0.000000e+00	1	1.189343e-03
1.525656e-01	8.098603e-01	0.000000e+00	1	1.189343e-03
1.594242e-01	7.963651e-01	0.000000e+00	1	1.189343e-03
1.526399e-01	8.096159e-01	0.000000e+00	1	1.189343e-03
1.593687e-01	7.964762e-01	0.000000e+00	1	1.189343e-03
1.527005e-01	8.093937e-01	0.000000e+00	1	1.134440e-03
1.596864e-01	7.959524e-01	0.000000e+00	1	1.134440e-03
1.527283e-01	8.092984e-01	0.000000e+00	1	1.134440e-03
1.546917e-01	8.071587e-01	0.000000e+00	1	1.134440e-03
1.541486e-01	8.078127e-01	0.000000e+00	1	1.134440e-03
1.600367e-01	7.948667e-01	0.000000e+00	1	1.097404e-03
1.510625e-01	8.384190e-01	0.000000e+00	1	1.096209e-03
1.510894e-01	8.381587e-01	0.000000e+00	1	1.096209e-03
1.518861e-01	8.367111e-01	0.000000e+00	1	1.085125e-03
1.584376e-01	7.975651e-01	0.000000e+00	1	1.019437e-03
1.540653e-01	8.080190e-01	0.000000e+00	1	1.019437e-03
1.599009e-01	7.955937e-01	0.000000e+00	1	1.019437e-03
1.598176e-01	7.956889e-01	0.000000e+00	1	1.019437e-03
1.525050e-01	8.100825e-01	0.000000e+00	1	1.019437e-03
1.526449e-01	8.095048e-01	0.000000e+00	1	1.019437e-03
1.541931e-01	8.077175e-01	0.000000e+00	1	1.019437e-03
1.618452e-01	7.927079e-01	0.000000e+00	1	1.019437e-03
1.595076e-01	7.962698e-01	0.000000e+00	1	1.019437e-03
1.620237e-01	7.925175e-01	0.000000e+00	1	1.019437e-03
1.525843e-01	8.097270e-01	0.000000e+00	1	1.019437e-03
1.528237e-01	8.089143e-01	0.000000e+00	1	1.019437e-03
1.592052e-01	7.967778e-01	0.000000e+00	1	1.019437e-03
1.610959e-01	7.941524e-01	0.000000e+00	1	1.019437e-03
1.545005e-01	8.075111e-01	0.000000e+00	1	1.019437e-03
1.528682e-01	8.088190e-01	0.000000e+00	1	1.019437e-03
1.529288e-01	8.085968e-01	0.000000e+00	1	1.019437e-03
1.619285e-01	7.926127e-01	0.000000e+00	1	1.019437e-03
1.527005e-01	8.093937e-01	0.000000e+00	1	1.019437e-03
1.527283e-01	8.092984e-01	0.000000e+00	1	1.019437e-03
1.612745e-01	7.935683e-01	0.000000e+00	1	1.019437e-03
1.541486e-01	8.078127e-01	0.000000e+00	1	1.019437e-03
1.613578e-01	7.934730e-01	0.000000e+00	1	1.019437e-03
1.580247e-01	7.982984e-01	0.000000e+00	1	1.015594e-03
1.579998e-01	7.983175e-01	0.000000e+00	1	1.015594e-03
1.581665e-01	7.977937e-01	0.000000e+00	1	1.015594e-03
1.581913e-01	7.977746e-01	0.000000e+00	1	1.015594e-03
1.612745e-01	7.935683e-01	0.000000e+00	1	1.009776e-03
1.612498e-01	7.937587e-01	0.000000e+00	1	1.009776e-03
1.592052e-01	7.967778e-01	0.000000e+00	1	9.854560e-04
1.593004e-01	7.966825e-01	0.000000e+00	1	9.854560e-04
1.593620e-01	7.965905e-01	0.000000e+00	1	9.854560e-04
1.597420e-01	7.959365e-01	0.000000e+00	1	9.560610e-04
1.531142e-01	8.081905e-01	0.000000e+00	1	9.514748e-04
1.546084e-01	8.073270e-01	0.000000e+00	1	9.514748e-04
1.585410e-01	7.974762e-01	0.000000e+00	1	9.514748e-04
1.601200e-01	7.945492e-01	0.000000e+00	1	9.274979e-04
1.617391e-01	7.930476e-01	0.000000e+00	1	9.274979e-04
1.612498e-01	7.937587e-01	0.000000e+00	1	9.274979e-04
1.600140e-01	7.951111e-01	0.000000e+00	1	9.274979e-04
1.546473e-01	8.072540e-01	0.000000e+00	1	9.185325e-04
1.531777e-01	8.081016e-01	0.000000e+00	1	8.835123e-04
1.580247e-01	7.982984e-01	0.000000e+00	1	8.521386e-04
1.596586e-01	7.960317e-01	0.000000e+00	1	8.495311e-04
1.596864e-01	7.959524e-01	0.000000e+00	1	8.495311e-04
1.602152e-01	7.944540e-01	0.000000e+00	1	8.495311e-04
1.597620e-01	7.958000e-01	0.000000e+00	1	8.201360e-04
1.600973e-01	7.947937e-01	0.000000e+00	1	8.186041e-04
1.581913e-01	7.977746e-01	0.000000e+00	1	8.155498e-04
1.579294e-01	7.983937e-01	0.000000e+00	1	8.155498e-04
1.579998e-01	7.983175e-01	0.000000e+00	1	8.155498e-04
1.588305e-01	7.973429e-01	0.000000e+00	1	7.815686e-04
1.546084e-01	8.073270e-01	0.000000e+00	1	7.815686e-04
1.546473e-01	8.072540e-01	0.000000e+00	1	7.815686e-04
1.525843e-01	8.097270e-01	0.000000e+00	1	7.631685e-04
1.525656e-01	8.098603e-01	0.000000e+00	1	7.631685e-04
1.528050e-01	8.090476e-01	0.000000e+00	1	7.631685e-04
1.527727e-01	8.092032e-01	0.000000e+00	1	7.136061e-04
1.546639e-01	8.072317e-01	0.000000e+00	1	6.806638e-04
1.614412e-01	7.933778e-01	0.000000e+00	1	6.796248e-04
1.616717e-01	7.933143e-01	0.000000e+00	1	6.796248e-04
1.518861e-01	8.367111e-01	0.000000e+00	1	6.796248e-04
1.527283e-01	8.092984e-01	0.000000e+00	1	6.600376e-04
1.525606e-01	8.099714e-01	0.000000e+00	1	6.236820e-04
1.526399e-01	8.096159e-01	0.000000e+00	1	6.236820e-04
1.541208e-01	8.079079e-01	0.000000e+00	1	6.236820e-04
1.529399e-01	8.085810e-01	0.000000e+00	1	6.236820e-04
1.527889e-01	8.091746e-01	0.000000e+00	1	6.236820e-04
1.541931e-01	8.077175e-01	0.000000e+00	1	6.236820e-04
1.599962e-01	7.954984e-01	0.000000e+00	1	6.116624e-04
1.630478e-01	7.924603e-01	0.000000e+00	1	6.116624e-04
1.530586e-01	8.083016e-01	0.000000e+00	1	6.068732e-04
1.611792e-01	7.940571e-01	0.000000e+00	1	5.776811e-04
1.563314e-01	8.027079e-01	0.000000e+00	1	5.473869e-04
1.512322e-01	8.377302e-01	0.000000e+00	1	5.202631e-04
1.599935e-01	7.955556e-01	0.000000e+00	1	5.158168e-04
1.527838e-01	8.091873e-01	0.000000e+00	1	4.537758e-04
1.527727e-01	8.092032e-01	0.000000e+00	1	4.537758e-04
1.528682e-01	8.088190e-01	0.000000e+00	1	4.537758e-04
1.528793e-01	8.088032e-01	0.000000e+00	1	4.537758e-04
1.528000e-01	8.091587e-01	0.000000e+00	1	4.537758e-04
1.530232e-01	8.083746e-01	0.000000e+00	1	4.537758e-04
1.529288e-01	8.085968e-01	0.000000e+00	1	4.537758e-04
1.527005e-01	8.093937e-01	0.000000e+00	1	4.537758e-04
1.586363e-01	7.973810e-01	0.000000e+00	1	4.077749e-04
1.582617e-01	7.976984e-01	0.000000e+00	1	4.077749e-04
1.583424e-01	7.976603e-01	0.000000e+00	1	4.077749e-04
1.528000e-01	8.091587e-01	0.000000e+00	1	3.761680e-04
1.528793e-01	8.088032e-01	0.000000e+00	1	3.761680e-04
1.527283e-01	8.092984e-01	0.000000e+00	1	3.058312e-04
1.593687e-01	7.964762e-01	0.000000e+00	1	2.707846e-04
1.597420e-01	7.959365e-01	0.000000e+00	1	2.504607e-04
1.597358e-01	7.959492e-01	0.000000e+00	1	2.504607e-04
1.546639e-01	8.072317e-01	0.000000e+00	1	2.378687e-04
1.600922e-01	7.948508e-01	0.000000e+00	1	2.069417e-04
1.526399e-01	8.096159e-01	0.000000e+00	1	2.062617e-04
1.525606e-01	8.099714e-01	0.000000e+00	1	2.062617e-04
1.527838e-01	8.091873e-01	0.000000e+00	1	2.062617e-04
1.526449e-01	8.095048e-01	0.000000e+00	1	2.062617e-04
1.527889e-01	8.091746e-01	0.000000e+00	1	2.062617e-04
1.581665e-01	7.977937e-01	0.000000e+00	1	2.038875e-04
1.606862e-01	7.944190e-01	0.000000e+00	1	2.038875e-04
1.579998e-01	7.983175e-01	0.000000e+00	1	2.038875e-04
1.607417e-01	7.944032e-01	0.000000e+00	1	1.699062e-04
1.546917e-01	8.071587e-01	0.000000e+00	1	1.699062e-04
1.601200e-01	7.945492e-01	0.000000e+00	1	1.699062e-04
1.526894e-01	8.094095e-01	0.000000e+00	1	1.699062e-04
1.527005e-01	8.093937e-01	0.000000e+00	1	1.699062e-04
1.530232e-01	8.083746e-01	0.000000e+00	1	1.699062e-04
1.528682e-01	8.088190e-01	0.000000e+00	1	1.699062e-04
1.602152e-01	7.944540e-01	0.000000e+00	1	1.699062e-04
1.600922e-01	7.948508e-01	0.000000e+00	1	1.699062e-04
1.607814e-01	7.943238e-01	0.000000e+00	1	1.699062e-04
1.547028e-01	8.071429e-01	0.000000e+00	1	1.699062e-04
1.608370e-01	7.943079e-01	0.000000e+00	1	1.699062e-04
1.527838e-01	8.091873e-01	0.000000e+00	1	1.699062e-04
1.542042e-01	8.077016e-01	0.000000e+00	1	1.699062e-04
1.526288e-01	8.096317e-01	0.000000e+00	1	1.699062e-04
1.527838e-01	8.091873e-01	0.000000e+00	1	1.359250e-04
1.527889e-01	8.091746e-01	0.000000e+00	1	1.359250e-04
1.597358e-01	7.959492e-01	0.000000e+00	1	1.359250e-04
1.599962e-01	7.954984e-01	0.000000e+00	1	1.080419e-04
1.512962e-01	8.367206e-01	0.000000e+00	1	1.019437e-04
1.592668e-01	7.966857e-01	0.000000e+00	1	3.398124e-05
1.597358e-01	7.959492e-01	0.000000e+00	1	3.398124e-05
1.595692e-01	7.961778e-01	0.000000e+00	1	3.398124e-05
1.596028e-01	7.961746e-01	0.000000e+00	1	3.398124e-05
1.596028e-01	7.961746e-01	0.000000e+00	1	1.110640e-05
1.596031e-01	7.960476e-01	0.000000e+00	1	1.110640e-05
1.601756e-01	7.945333e-01	0.000000e+00	1	0.000000e+00
1.526449e-01	8.095048e-01	0.000000e+00	1	0.000000e+00
1.528237e-01	8.089143e-01	0.000000e+00	1	0.000000e+00
1.612745e-01	7.935683e-01	0.000000e+00	1	0.000000e+00
1.528843e-01	8.086921e-01	0.000000e+00	1	0.000000e+00
1.578266e-01	7.995206e-01	0.000000e+00	1	0.000000e+00
1.591219e-01	7.968730e-01	0.000000e+00	1	0.000000e+00
1.607417e-01	7.944032e-01	0.000000e+00	1	0.000000e+00
1.581665e-01	7.977937e-01	0.000000e+00	1	0.000000e+00
1.518861e-01	8.367111e-01	0.000000e+00	1	0.000000e+00
1.541931e-01	8.077175e-01	0.000000e+00	1	0.000000e+00
1.526894e-01	8.094095e-01	0.000000e+00	1	0.000000e+00
1.581913e-01	7.977746e-01	0.000000e+00	1	0.000000e+00
1.529676e-01	8.084857e-01	0.000000e+00	1	0.000000e+00
1.524866e-01	8.148381e-01	0.000000e+00	1	0.000000e+00
1.578739e-01	7.986000e-01	0.000000e+00	1	0.000000e+00
1.541931e-01	8.077175e-01	0.000000e+00	1	0.000000e+00
1.578739e-01	7.986000e-01	0.000000e+00	1	0.000000e+00
1.579998e-01	7.983175e-01	0.000000e+00	1	0.000000e+00
1.581665e-01	7.977937e-01	0.000000e+00	1	0.000000e+00
1.546084e-01	8.073270e-01	0.000000e+00	1	0.000000e+00
1.580405e-01	7.980762e-01	0.000000e+00	1	0.000000e+00
1.566952e-01	8.007587e-01	0.000000e+00	1	0.000000e+00
1.616717e-01	7.933143e-01	0.000000e+00	1	0.000000e+00
1.526399e-01	8.096159e-01	0.000000e+00	1	0.000000e+00
1.601200e-01	7.945492e-01	0.000000e+00	1	0.000000e+00
1.611792e-01	7.940571e-01	0.000000e+00	1	0.000000e+00
1.590108e-01	7.972698e-01	0.000000e+00	1	0.000000e+00
1.612745e-01	7.935683e-01	0.000000e+00	1	0.000000e+00
1.562296e-01	8.030254e-01	0.000000e+00	1	0.000000e+00
1.562296e-01	8.030254e-01	0.000000e+00	1	0.000000e+00
1.606862e-01	7.944190e-01	0.000000e+00	1	0.000000e+00
1.547473e-01	8.070476e-01	0.000000e+00	1	0.000000e+00
1.519708e-01	8.365365e-01	0.000000e+00	1	0.000000e+00
1.591219e-01	7.968730e-01	0.000000e+00	1	0.000000e+00
1.580405e-01	7.980762e-01	0.000000e+00	1	0.000000e+00
1.511406e-01	8.379302e-01	0.000000e+00	1	0.000000e+00
1.583424e-01	7.976603e-01	0.000000e+00	1	0.000000e+00
1.593687e-01	7.964762e-01	0.000000e+00	1	0.000000e+00
1.547473e-01	8.070476e-01	0.000000e+00	1	0.000000e+00
1.526399e-01	8.096159e-01	0.000000e+00	1	0.000000e+00
1.508959e-01	8.385302e-01	0.000000e+00	1	0.000000e+00
1.612498e-01	7.937587e-01	0.000000e+00	1	0.000000e+00
1.527838e-01	8.091873e-01	0.000000e+00	1	0.000000e+00
1.512449e-01	8.372889e-01	0.000000e+00	1	0.000000e+00
1.584376e-01	7.975651e-01	0.000000e+00	1	0.000000e+00
1.619285e-01	7.926127e-01	0.000000e+00	1	0.000000e+00
1.613578e-01	7.934730e-01	0.000000e+00	1	0.000000e+00
1.607814e-01	7.943238e-01	0.000000e+00	1	0.000000e+00
1.600140e-01	7.951111e-01	0.000000e+00	1	0.000000e+00
1.582617e-01	7.976984e-01	0.000000e+00	1	0.000000e+00
1.577628e-01	8.002381e-01	0.000000e+00	1	0.000000e+00
1.579294e-01	7.983937e-01	0.000000e+00	1	0.000000e+00
1.607417e-01	7.944032e-01	0.000000e+00	1	0.000000e+00
1.525843e-01	8.097270e-01	0.000000e+00	1	0.000000e+00
1.578739e-01	7.986000e-01	0.000000e+00	1	0.000000e+00
1.543121e-01	8.075175e-01	0.000000e+00	1	0.000000e+00
1.599962e-01	7.954984e-01	0.000000e+00	1	0.000000e+00
1.529676e-01	8.084857e-01	0.000000e+00	1	0.000000e+00
1.600973e-01	7.947937e-01	0.000000e+00	1	0.000000e+00
1.563314e-01	8.027079e-01	0.000000e+00	1	0.000000e+00
1.590108e-01	7.972698e-01	0.000000e+00	1	0.000000e+00
1.580405e-01	7.980762e-01	0.000000e+00	1	0.000000e+00
1.617618e-01	7.928032e-01	0.000000e+00	1	0.000000e+00
1.529288e-01	8.085968e-01	0.000000e+00	1	0.000000e+00
1.586363e-01	7.973810e-01	0.000000e+00	1	0.000000e+00
1.528793e-01	8.088032e-01	0.000000e+00	1	0.000000e+00
1.526894e-01	8.094095e-01	0.000000e+00	1	0.000000e+00
1.528000e-01	8.091587e-01	0.000000e+00	1	0.000000e+00
1.530232e-01	8.083746e-01	0.000000e+00	1	0.000000e+00
1.527838e-01	8.091873e-01	0.000000e+00	1	0.000000e+00
1.610959e-01	7.941524e-01	0.000000e+00	1	0.000000e+00
1.528843e-01	8.086921e-01	0.000000e+00	1	0.000000e+00
1.563448e-01	8.013841e-01	0.000000e+00	1	0.000000e+00
1.527889e-01	8.091746e-01	0.000000e+00	1	0.000000e+00
1.595692e-01	7.961778e-01	0.000000e+00	1	0.000000e+00
1.528000e-01	8.091587e-01	0.000000e+00	1	0.000000e+00
1.586363e-01	7.973810e-01	0.000000e+00	1	0.000000e+00
1.541097e-01	8.079238e-01	0.000000e+00	1	0.000000e+00
1.546639e-01	8.072317e-01	0.000000e+00	1	0.000000e+00
1.508049e-01	8.391714e-01	0.000000e+00	1	0.000000e+00
1.586363e-01	7.973810e-01	0.000000e+00	1	0.000000e+00
1.608370e-01	7.943079e-01	0.000000e+00	1	0.000000e+00
1.582617e-01	7.976984e-01	0.000000e+00	1	0.000000e+00
1.596586e-01	7.960317e-01	0.000000e+00	1	0.000000e+00
1.545005e-01	8.075111e-01	0.000000e+00	1	0.000000e+00
1.563314e-01	8.027079e-01	0.000000e+00	1	0.000000e+00
1.571007e-01	8.005873e-01	0.000000e+00	1	0.000000e+00
1.601756e-01	7.945333e-01	0.000000e+00	1	0.000000e+00
1.602152e-01	7.944540e-01	0.000000e+00	1	0.000000e+00
1.562296e-01	8.030254e-01	0.000000e+00	1	0.000000e+00
1.599009e-01	7.955937e-01	0.000000e+00	1	0.000000e+00
1.578266e-01	7.995206e-01	0.000000e+00	1	0.000000e+00
1.541931e-01	8.077175e-01	0.000000e+00	1	0.000000e+00
1.511406e-01	8.379302e-01	0.000000e+00	1	0.000000e+00
1.571007e-01	8.005873e-01	0.000000e+00	1	0.000000e+00
1.526894e-01	8.094095e-01	0.000000e+00	1	0.000000e+00
1.540653e-01	8.080190e-01	0.000000e+00	1	0.000000e+00
1.562296e-01	8.030254e-01	0.000000e+00	1	0.000000e+00
1.593620e-01	7.965905e-01	0.000000e+00	1	0.000000e+00
1.571007e-01	8.005873e-01	0.000000e+00	1	0.000000e+00
1.612745e-01	7.935683e-01	0.000000e+00	1	0.000000e+00
1.526399e-01	8.096159e-01	0.000000e+00	1	0.000000e+00
1.525606e-01	8.099714e-01	0.000000e+00	1	0.000000e+00
1.542042e-01	8.077016e-01	0.000000e+00	1	0.000000e+00
1.545449e-01	8.074159e-01	0.000000e+00	1	0.000000e+00
1.528000e-01	8.091587e-01	0.000000e+00	1	0.000000e+00
Total execution time: 37803.124
