# This file contains the data of final feasible population (if found)
# of objectives = 2, # of constraints = 0, # of real_var = 0, # of bits of bin_var = 0, constr_violation, rank, crowding_distance
1.512602e-01	8.126444e-01	0.000000e+00	1	1.000000e+14
1.599966e-01	7.906603e-01	0.000000e+00	1	1.000000e+14
1.532521e-01	8.095810e-01	0.000000e+00	1	1.742238e-01
1.543818e-01	8.019206e-01	0.000000e+00	1	1.742238e-01
1.558165e-01	7.950413e-01	0.000000e+00	1	1.241978e-01
1.577936e-01	7.945556e-01	0.000000e+00	1	1.153169e-01
1.543818e-01	8.019206e-01	0.000000e+00	1	6.465323e-02
1.532521e-01	8.095810e-01	0.000000e+00	1	6.465323e-02
1.593492e-01	7.913016e-01	0.000000e+00	1	5.346721e-02
1.584756e-01	7.913587e-01	0.000000e+00	1	5.000150e-02
1.549205e-01	7.997111e-01	0.000000e+00	1	4.064982e-02
1.549228e-01	7.979238e-01	0.000000e+00	1	4.064982e-02
1.552360e-01	7.970063e-01	0.000000e+00	1	3.124300e-02
1.552986e-01	7.958190e-01	0.000000e+00	1	2.700361e-02
1.520705e-01	8.109238e-01	0.000000e+00	1	2.136582e-02
1.524439e-01	8.109048e-01	0.000000e+00	1	2.136582e-02
1.545508e-01	8.007968e-01	0.000000e+00	1	2.120047e-02
1.545450e-01	8.017143e-01	0.000000e+00	1	2.086643e-02
1.599966e-01	7.906603e-01	0.000000e+00	1	1.923069e-02
1.596757e-01	7.906984e-01	0.000000e+00	1	1.836426e-02
1.549137e-01	8.003556e-01	0.000000e+00	1	1.542688e-02
1.579291e-01	7.927397e-01	0.000000e+00	1	1.472924e-02
1.579074e-01	7.933873e-01	0.000000e+00	1	1.472924e-02
1.549205e-01	7.997111e-01	0.000000e+00	1	1.465704e-02
1.579013e-01	7.936063e-01	0.000000e+00	1	1.220217e-02
1.578987e-01	7.941429e-01	0.000000e+00	1	1.220217e-02
1.513525e-01	8.121143e-01	0.000000e+00	1	1.205776e-02
1.512602e-01	8.126444e-01	0.000000e+00	1	1.205776e-02
1.577936e-01	7.945556e-01	0.000000e+00	1	1.104693e-02
1.549741e-01	7.977905e-01	0.000000e+00	1	9.649763e-03
1.527902e-01	8.103492e-01	0.000000e+00	1	7.616709e-03
1.530962e-01	8.098254e-01	0.000000e+00	1	7.616709e-03
1.582550e-01	7.916444e-01	0.000000e+00	1	6.766465e-03
1.584756e-01	7.913587e-01	0.000000e+00	1	6.750283e-03
1.550062e-01	7.974952e-01	0.000000e+00	1	6.714801e-03
1.556319e-01	7.952413e-01	0.000000e+00	1	6.688437e-03
1.581716e-01	7.919619e-01	0.000000e+00	1	6.527492e-03
1.554838e-01	7.954794e-01	0.000000e+00	1	6.518201e-03
1.514636e-01	8.118698e-01	0.000000e+00	1	6.499670e-03
1.594181e-01	7.911492e-01	0.000000e+00	1	6.468311e-03
1.594694e-01	7.910381e-01	0.000000e+00	1	6.456613e-03
1.580875e-01	7.922730e-01	0.000000e+00	1	6.427133e-03
1.594181e-01	7.911492e-01	0.000000e+00	1	6.400666e-03
1.557425e-01	7.950571e-01	0.000000e+00	1	6.327427e-03
1.529460e-01	8.101048e-01	0.000000e+00	1	6.323403e-03
1.596757e-01	7.906984e-01	0.000000e+00	1	6.317070e-03
1.551107e-01	7.971556e-01	0.000000e+00	1	6.078096e-03
1.528854e-01	8.102540e-01	0.000000e+00	1	5.667250e-03
1.547732e-01	8.004730e-01	0.000000e+00	1	5.539029e-03
1.581203e-01	7.920730e-01	0.000000e+00	1	5.462038e-03
1.595292e-01	7.909048e-01	0.000000e+00	1	5.462038e-03
1.527902e-01	8.103492e-01	0.000000e+00	1	5.450644e-03
1.531569e-01	8.096762e-01	0.000000e+00	1	5.450644e-03
1.514477e-01	8.120190e-01	0.000000e+00	1	5.450644e-03
1.595805e-01	7.907937e-01	0.000000e+00	1	5.450644e-03
1.526949e-01	8.104889e-01	0.000000e+00	1	5.450644e-03
1.532521e-01	8.095810e-01	0.000000e+00	1	5.450644e-03
1.520705e-01	8.109238e-01	0.000000e+00	1	5.450644e-03
1.516131e-01	8.116794e-01	0.000000e+00	1	5.450644e-03
1.519753e-01	8.110190e-01	0.000000e+00	1	5.450644e-03
1.515179e-01	8.117746e-01	0.000000e+00	1	5.450644e-03
1.513525e-01	8.121143e-01	0.000000e+00	1	5.450644e-03
1.530010e-01	8.099206e-01	0.000000e+00	1	5.450644e-03
1.583803e-01	7.914540e-01	0.000000e+00	1	5.450644e-03
1.517848e-01	8.112857e-01	0.000000e+00	1	5.375554e-03
1.579013e-01	7.936063e-01	0.000000e+00	1	5.328809e-03
1.512602e-01	8.126444e-01	0.000000e+00	1	5.282720e-03
1.513525e-01	8.121143e-01	0.000000e+00	1	5.282720e-03
1.525997e-01	8.106603e-01	0.000000e+00	1	5.129241e-03
1.552986e-01	7.958190e-01	0.000000e+00	1	5.054152e-03
1.553727e-01	7.955968e-01	0.000000e+00	1	5.054152e-03
1.579074e-01	7.933873e-01	0.000000e+00	1	4.981949e-03
1.549002e-01	8.004317e-01	0.000000e+00	1	4.761940e-03
1.579804e-01	7.926286e-01	0.000000e+00	1	4.693141e-03
1.551107e-01	7.971556e-01	0.000000e+00	1	4.693141e-03
1.580124e-01	7.924222e-01	0.000000e+00	1	4.693141e-03
1.550575e-01	7.973619e-01	0.000000e+00	1	4.693141e-03
1.582037e-01	7.917556e-01	0.000000e+00	1	4.693141e-03
1.545450e-01	8.017143e-01	0.000000e+00	1	4.600400e-03
1.548473e-01	8.004571e-01	0.000000e+00	1	4.600400e-03
1.554467e-01	7.955810e-01	0.000000e+00	1	4.600400e-03
1.581203e-01	7.920730e-01	0.000000e+00	1	4.548736e-03
1.517084e-01	8.115079e-01	0.000000e+00	1	4.542203e-03
1.516290e-01	8.115302e-01	0.000000e+00	1	4.542203e-03
1.553727e-01	7.955968e-01	0.000000e+00	1	4.239390e-03
1.556319e-01	7.952413e-01	0.000000e+00	1	4.239390e-03
1.551620e-01	7.970222e-01	0.000000e+00	1	4.239390e-03
1.547140e-01	8.005905e-01	0.000000e+00	1	4.239390e-03
1.552986e-01	7.958190e-01	0.000000e+00	1	4.239390e-03
1.555578e-01	7.952571e-01	0.000000e+00	1	4.239390e-03
1.544709e-01	8.017302e-01	0.000000e+00	1	4.239390e-03
1.546399e-01	8.006063e-01	0.000000e+00	1	4.239390e-03
1.583290e-01	7.915651e-01	0.000000e+00	1	4.239390e-03
1.557425e-01	7.950571e-01	0.000000e+00	1	4.239390e-03
1.553727e-01	7.955968e-01	0.000000e+00	1	4.239390e-03
1.558165e-01	7.950413e-01	0.000000e+00	1	4.239390e-03
1.555573e-01	7.953968e-01	0.000000e+00	1	4.207732e-03
1.529460e-01	8.101048e-01	0.000000e+00	1	4.187726e-03
1.557425e-01	7.950571e-01	0.000000e+00	1	4.187726e-03
1.556319e-01	7.952413e-01	0.000000e+00	1	4.187726e-03
1.530010e-01	8.099206e-01	0.000000e+00	1	4.187726e-03
1.554838e-01	7.954794e-01	0.000000e+00	1	3.996951e-03
1.525391e-01	8.107333e-01	0.000000e+00	1	3.974007e-03
1.526343e-01	8.106381e-01	0.000000e+00	1	3.974007e-03
1.593492e-01	7.913016e-01	0.000000e+00	1	3.941235e-03
1.518801e-01	8.111905e-01	0.000000e+00	1	3.642702e-03
1.548473e-01	8.004571e-01	0.000000e+00	1	3.606706e-03
1.552986e-01	7.958190e-01	0.000000e+00	1	3.580082e-03
1.552360e-01	7.970063e-01	0.000000e+00	1	3.580082e-03
1.525045e-01	8.107556e-01	0.000000e+00	1	3.468591e-03
1.531569e-01	8.096762e-01	0.000000e+00	1	3.468591e-03
1.519753e-01	8.110190e-01	0.000000e+00	1	3.468591e-03
1.526949e-01	8.104889e-01	0.000000e+00	1	3.468591e-03
1.530962e-01	8.098254e-01	0.000000e+00	1	3.468591e-03
1.519147e-01	8.111683e-01	0.000000e+00	1	3.468591e-03
1.524439e-01	8.109048e-01	0.000000e+00	1	3.468591e-03
1.517848e-01	8.112857e-01	0.000000e+00	1	3.468591e-03
1.518801e-01	8.111905e-01	0.000000e+00	1	3.468591e-03
1.517242e-01	8.114349e-01	0.000000e+00	1	3.468591e-03
1.518195e-01	8.112635e-01	0.000000e+00	1	3.468591e-03
1.545508e-01	8.007968e-01	0.000000e+00	1	3.464756e-03
1.595292e-01	7.909048e-01	0.000000e+00	1	3.424122e-03
1.578153e-01	7.944603e-01	0.000000e+00	1	3.409930e-03
1.578987e-01	7.941429e-01	0.000000e+00	1	3.409930e-03
1.578449e-01	7.944444e-01	0.000000e+00	1	3.409930e-03
1.525045e-01	8.107556e-01	0.000000e+00	1	3.393502e-03
1.531569e-01	8.096762e-01	0.000000e+00	1	3.393502e-03
1.526343e-01	8.106381e-01	0.000000e+00	1	3.393502e-03
1.519147e-01	8.111683e-01	0.000000e+00	1	3.393502e-03
1.530962e-01	8.098254e-01	0.000000e+00	1	3.393502e-03
1.514477e-01	8.120190e-01	0.000000e+00	1	3.393502e-03
1.526949e-01	8.104889e-01	0.000000e+00	1	3.393502e-03
1.519753e-01	8.110190e-01	0.000000e+00	1	3.393502e-03
1.524439e-01	8.109048e-01	0.000000e+00	1	3.393502e-03
1.517242e-01	8.114349e-01	0.000000e+00	1	3.393502e-03
1.583502e-01	7.915492e-01	0.000000e+00	1	3.377319e-03
1.555578e-01	7.952571e-01	0.000000e+00	1	3.176895e-03
1.527902e-01	8.103492e-01	0.000000e+00	1	3.176895e-03
1.529177e-01	8.102444e-01	0.000000e+00	1	3.176895e-03
1.526949e-01	8.104889e-01	0.000000e+00	1	3.176895e-03
1.555573e-01	7.953968e-01	0.000000e+00	1	3.176895e-03
1.549228e-01	7.979238e-01	0.000000e+00	1	3.167381e-03
1.530010e-01	8.099206e-01	0.000000e+00	1	3.146508e-03
1.515179e-01	8.117746e-01	0.000000e+00	1	3.106168e-03
1.550575e-01	7.973619e-01	0.000000e+00	1	3.045605e-03
1.550062e-01	7.974952e-01	0.000000e+00	1	3.032491e-03
1.550575e-01	7.973619e-01	0.000000e+00	1	3.032491e-03
1.551620e-01	7.970222e-01	0.000000e+00	1	3.032491e-03
1.595292e-01	7.909048e-01	0.000000e+00	1	3.032491e-03
1.549741e-01	7.977905e-01	0.000000e+00	1	3.032491e-03
1.583290e-01	7.915651e-01	0.000000e+00	1	3.016308e-03
1.579804e-01	7.926286e-01	0.000000e+00	1	2.934962e-03
1.595805e-01	7.907937e-01	0.000000e+00	1	2.934962e-03
1.582037e-01	7.917556e-01	0.000000e+00	1	2.934962e-03
1.549228e-01	7.979238e-01	0.000000e+00	1	2.934962e-03
1.551107e-01	7.971556e-01	0.000000e+00	1	2.934962e-03
1.582550e-01	7.916444e-01	0.000000e+00	1	2.934962e-03
1.550062e-01	7.974952e-01	0.000000e+00	1	2.934962e-03
1.581716e-01	7.919619e-01	0.000000e+00	1	2.934962e-03
1.579291e-01	7.927397e-01	0.000000e+00	1	2.934962e-03
1.551620e-01	7.970222e-01	0.000000e+00	1	2.934962e-03
1.550575e-01	7.973619e-01	0.000000e+00	1	2.934962e-03
1.594694e-01	7.910381e-01	0.000000e+00	1	2.934962e-03
1.578769e-01	7.942381e-01	0.000000e+00	1	2.756551e-03
1.547140e-01	8.005905e-01	0.000000e+00	1	2.598236e-03
1.517242e-01	8.114349e-01	0.000000e+00	1	2.569090e-03
1.578666e-01	7.943492e-01	0.000000e+00	1	2.527076e-03
1.594694e-01	7.910381e-01	0.000000e+00	1	2.527076e-03
1.578769e-01	7.942381e-01	0.000000e+00	1	2.527076e-03
1.595805e-01	7.907937e-01	0.000000e+00	1	2.527076e-03
1.582037e-01	7.917556e-01	0.000000e+00	1	2.527076e-03
1.579804e-01	7.926286e-01	0.000000e+00	1	2.527076e-03
1.581716e-01	7.919619e-01	0.000000e+00	1	2.527076e-03
1.579291e-01	7.927397e-01	0.000000e+00	1	2.527076e-03
1.547354e-01	8.005302e-01	0.000000e+00	1	2.526034e-03
1.554467e-01	7.955810e-01	0.000000e+00	1	2.310469e-03
1.580124e-01	7.924222e-01	0.000000e+00	1	2.229087e-03
1.580875e-01	7.922730e-01	0.000000e+00	1	2.229087e-03
1.514636e-01	8.118698e-01	0.000000e+00	1	2.166065e-03
1.530010e-01	8.099206e-01	0.000000e+00	1	2.166065e-03
1.583803e-01	7.914540e-01	0.000000e+00	1	2.166065e-03
1.515179e-01	8.117746e-01	0.000000e+00	1	2.166065e-03
1.528854e-01	8.102540e-01	0.000000e+00	1	2.166065e-03
1.596757e-01	7.906984e-01	0.000000e+00	1	2.166065e-03
1.595805e-01	7.907937e-01	0.000000e+00	1	2.166065e-03
1.519753e-01	8.110190e-01	0.000000e+00	1	2.166065e-03
1.584756e-01	7.913587e-01	0.000000e+00	1	2.166065e-03
1.520705e-01	8.109238e-01	0.000000e+00	1	2.166065e-03
1.578666e-01	7.943492e-01	0.000000e+00	1	2.166065e-03
1.532521e-01	8.095810e-01	0.000000e+00	1	2.166065e-03
1.583803e-01	7.914540e-01	0.000000e+00	1	2.166065e-03
1.516131e-01	8.116794e-01	0.000000e+00	1	2.166065e-03
1.516194e-01	8.116254e-01	0.000000e+00	1	2.166065e-03
1.513525e-01	8.121143e-01	0.000000e+00	1	2.166065e-03
1.531569e-01	8.096762e-01	0.000000e+00	1	2.166065e-03
1.515179e-01	8.117746e-01	0.000000e+00	1	2.166065e-03
1.514477e-01	8.120190e-01	0.000000e+00	1	2.166065e-03
1.516290e-01	8.115302e-01	0.000000e+00	1	2.166065e-03
1.544330e-01	8.017873e-01	0.000000e+00	1	2.165117e-03
1.545886e-01	8.007397e-01	0.000000e+00	1	2.165117e-03
1.546399e-01	8.006063e-01	0.000000e+00	1	2.165117e-03
1.547354e-01	8.005302e-01	0.000000e+00	1	2.165117e-03
1.544196e-01	8.018635e-01	0.000000e+00	1	2.165117e-03
1.544709e-01	8.017302e-01	0.000000e+00	1	2.165117e-03
1.547732e-01	8.004730e-01	0.000000e+00	1	2.165117e-03
1.546021e-01	8.006635e-01	0.000000e+00	1	2.165117e-03
1.543818e-01	8.019206e-01	0.000000e+00	1	2.165117e-03
1.554467e-01	7.955810e-01	0.000000e+00	1	2.119695e-03
1.544196e-01	8.018635e-01	0.000000e+00	1	2.069484e-03
1.544330e-01	8.017873e-01	0.000000e+00	1	2.069484e-03
1.578449e-01	7.944444e-01	0.000000e+00	1	2.052108e-03
1.519147e-01	8.111683e-01	0.000000e+00	1	1.982052e-03
1.518195e-01	8.112635e-01	0.000000e+00	1	1.982052e-03
1.526343e-01	8.106381e-01	0.000000e+00	1	1.982052e-03
1.525045e-01	8.107556e-01	0.000000e+00	1	1.982052e-03
1.525997e-01	8.106603e-01	0.000000e+00	1	1.982052e-03
1.525391e-01	8.107333e-01	0.000000e+00	1	1.982052e-03
1.581203e-01	7.920730e-01	0.000000e+00	1	1.878397e-03
1.555573e-01	7.953968e-01	0.000000e+00	1	1.877256e-03
1.528854e-01	8.102540e-01	0.000000e+00	1	1.845786e-03
1.529177e-01	8.102444e-01	0.000000e+00	1	1.845786e-03
1.582037e-01	7.917556e-01	0.000000e+00	1	1.834351e-03
1.579804e-01	7.926286e-01	0.000000e+00	1	1.834351e-03
1.549741e-01	7.977905e-01	0.000000e+00	1	1.834351e-03
1.580124e-01	7.924222e-01	0.000000e+00	1	1.834351e-03
1.550062e-01	7.974952e-01	0.000000e+00	1	1.834351e-03
1.582550e-01	7.916444e-01	0.000000e+00	1	1.805054e-03
1.545886e-01	8.007397e-01	0.000000e+00	1	1.732852e-03
1.544330e-01	8.017873e-01	0.000000e+00	1	1.732852e-03
1.546021e-01	8.006635e-01	0.000000e+00	1	1.732852e-03
1.549137e-01	8.003556e-01	0.000000e+00	1	1.732852e-03
1.544196e-01	8.018635e-01	0.000000e+00	1	1.732852e-03
1.583803e-01	7.914540e-01	0.000000e+00	1	1.723708e-03
1.583502e-01	7.915492e-01	0.000000e+00	1	1.723708e-03
1.578153e-01	7.944603e-01	0.000000e+00	1	1.691097e-03
1.580637e-01	7.923111e-01	0.000000e+00	1	1.660650e-03
1.525391e-01	8.107333e-01	0.000000e+00	1	1.660650e-03
1.580362e-01	7.923841e-01	0.000000e+00	1	1.660650e-03
1.517084e-01	8.115079e-01	0.000000e+00	1	1.660650e-03
1.518195e-01	8.112635e-01	0.000000e+00	1	1.660650e-03
1.529177e-01	8.102444e-01	0.000000e+00	1	1.622805e-03
1.529460e-01	8.101048e-01	0.000000e+00	1	1.622805e-03
1.516194e-01	8.116254e-01	0.000000e+00	1	1.589860e-03
1.580637e-01	7.923111e-01	0.000000e+00	1	1.572301e-03
1.580362e-01	7.923841e-01	0.000000e+00	1	1.572301e-03
1.547354e-01	8.005302e-01	0.000000e+00	1	1.371841e-03
1.580362e-01	7.923841e-01	0.000000e+00	1	1.362661e-03
1.580637e-01	7.923111e-01	0.000000e+00	1	1.362661e-03
1.549002e-01	8.004317e-01	0.000000e+00	1	1.347463e-03
1.543818e-01	8.019206e-01	0.000000e+00	1	1.299639e-03
1.593492e-01	7.913016e-01	0.000000e+00	1	1.299639e-03
1.544709e-01	8.017302e-01	0.000000e+00	1	1.299639e-03
1.546021e-01	8.006635e-01	0.000000e+00	1	1.299639e-03
1.546399e-01	8.006063e-01	0.000000e+00	1	1.299639e-03
1.545886e-01	8.007397e-01	0.000000e+00	1	1.299639e-03
1.578769e-01	7.942381e-01	0.000000e+00	1	1.243865e-03
1.578666e-01	7.943492e-01	0.000000e+00	1	1.243865e-03
1.579291e-01	7.927397e-01	0.000000e+00	1	1.243865e-03
1.579074e-01	7.933873e-01	0.000000e+00	1	1.243865e-03
1.577936e-01	7.945556e-01	0.000000e+00	1	1.243865e-03
1.516131e-01	8.116794e-01	0.000000e+00	1	1.227437e-03
1.514636e-01	8.118698e-01	0.000000e+00	1	9.084406e-04
1.514477e-01	8.120190e-01	0.000000e+00	1	9.084406e-04
1.517084e-01	8.115079e-01	0.000000e+00	1	9.084406e-04
1.580362e-01	7.923841e-01	0.000000e+00	1	8.664260e-04
1.580637e-01	7.923111e-01	0.000000e+00	1	8.664260e-04
1.546021e-01	8.006635e-01	0.000000e+00	1	7.698452e-04
1.545886e-01	8.007397e-01	0.000000e+00	1	7.698452e-04
1.578666e-01	7.943492e-01	0.000000e+00	1	5.904864e-04
1.516194e-01	8.116254e-01	0.000000e+00	1	5.460173e-04
1.516290e-01	8.115302e-01	0.000000e+00	1	5.460173e-04
1.517084e-01	8.115079e-01	0.000000e+00	1	5.054152e-04
1.519147e-01	8.111683e-01	0.000000e+00	1	5.054152e-04
1.518801e-01	8.111905e-01	0.000000e+00	1	5.054152e-04
1.517848e-01	8.112857e-01	0.000000e+00	1	5.054152e-04
1.518195e-01	8.112635e-01	0.000000e+00	1	5.054152e-04
1.516290e-01	8.115302e-01	0.000000e+00	1	5.054152e-04
1.525045e-01	8.107556e-01	0.000000e+00	1	5.054152e-04
1.525997e-01	8.106603e-01	0.000000e+00	1	5.054152e-04
1.520705e-01	8.109238e-01	0.000000e+00	1	4.332130e-04
1.524439e-01	8.109048e-01	0.000000e+00	1	4.332130e-04
1.549205e-01	7.997111e-01	0.000000e+00	1	3.889989e-04
1.549137e-01	8.003556e-01	0.000000e+00	1	3.889989e-04
1.516131e-01	8.116794e-01	0.000000e+00	1	3.624233e-04
1.558165e-01	7.950413e-01	0.000000e+00	1	3.610108e-04
1.551620e-01	7.970222e-01	0.000000e+00	1	3.610108e-04
1.583502e-01	7.915492e-01	0.000000e+00	1	3.610108e-04
1.547732e-01	8.004730e-01	0.000000e+00	1	3.610108e-04
1.578153e-01	7.944603e-01	0.000000e+00	1	3.610108e-04
1.553727e-01	7.955968e-01	0.000000e+00	1	3.610108e-04
1.557425e-01	7.950571e-01	0.000000e+00	1	3.610108e-04
1.546399e-01	8.006063e-01	0.000000e+00	1	3.610108e-04
1.544709e-01	8.017302e-01	0.000000e+00	1	3.610108e-04
1.583290e-01	7.915651e-01	0.000000e+00	1	3.610108e-04
1.547140e-01	8.005905e-01	0.000000e+00	1	3.610108e-04
1.552360e-01	7.970063e-01	0.000000e+00	1	3.610108e-04
1.555578e-01	7.952571e-01	0.000000e+00	1	3.610108e-04
1.579074e-01	7.933873e-01	0.000000e+00	1	3.468591e-04
1.545450e-01	8.017143e-01	0.000000e+00	1	3.340478e-04
1.529177e-01	8.102444e-01	0.000000e+00	1	2.166065e-04
1.578987e-01	7.941429e-01	0.000000e+00	1	1.504539e-04
1.579013e-01	7.936063e-01	0.000000e+00	1	1.504539e-04
1.549205e-01	7.997111e-01	0.000000e+00	1	1.348897e-04
1.555578e-01	7.952571e-01	0.000000e+00	1	3.165778e-05
1.555573e-01	7.953968e-01	0.000000e+00	1	3.165778e-05
1.581203e-01	7.920730e-01	0.000000e+00	1	0.000000e+00
1.552360e-01	7.970063e-01	0.000000e+00	1	0.000000e+00
1.519753e-01	8.110190e-01	0.000000e+00	1	0.000000e+00
1.520705e-01	8.109238e-01	0.000000e+00	1	0.000000e+00
1.577936e-01	7.945556e-01	0.000000e+00	1	0.000000e+00
1.583502e-01	7.915492e-01	0.000000e+00	1	0.000000e+00
1.518195e-01	8.112635e-01	0.000000e+00	1	0.000000e+00
1.545508e-01	8.007968e-01	0.000000e+00	1	0.000000e+00
1.580637e-01	7.923111e-01	0.000000e+00	1	0.000000e+00
1.555573e-01	7.953968e-01	0.000000e+00	1	0.000000e+00
1.558165e-01	7.950413e-01	0.000000e+00	1	0.000000e+00
1.580124e-01	7.924222e-01	0.000000e+00	1	0.000000e+00
1.514477e-01	8.120190e-01	0.000000e+00	1	0.000000e+00
1.595805e-01	7.907937e-01	0.000000e+00	1	0.000000e+00
1.548473e-01	8.004571e-01	0.000000e+00	1	0.000000e+00
1.578153e-01	7.944603e-01	0.000000e+00	1	0.000000e+00
1.513525e-01	8.121143e-01	0.000000e+00	1	0.000000e+00
1.547140e-01	8.005905e-01	0.000000e+00	1	0.000000e+00
1.514477e-01	8.120190e-01	0.000000e+00	1	0.000000e+00
1.516290e-01	8.115302e-01	0.000000e+00	1	0.000000e+00
1.513525e-01	8.121143e-01	0.000000e+00	1	0.000000e+00
1.551620e-01	7.970222e-01	0.000000e+00	1	0.000000e+00
1.578153e-01	7.944603e-01	0.000000e+00	1	0.000000e+00
1.512602e-01	8.126444e-01	0.000000e+00	1	0.000000e+00
1.517242e-01	8.114349e-01	0.000000e+00	1	0.000000e+00
1.546399e-01	8.006063e-01	0.000000e+00	1	0.000000e+00
1.527902e-01	8.103492e-01	0.000000e+00	1	0.000000e+00
1.596757e-01	7.906984e-01	0.000000e+00	1	0.000000e+00
1.546021e-01	8.006635e-01	0.000000e+00	1	0.000000e+00
1.578153e-01	7.944603e-01	0.000000e+00	1	0.000000e+00
1.554467e-01	7.955810e-01	0.000000e+00	1	0.000000e+00
1.514477e-01	8.120190e-01	0.000000e+00	1	0.000000e+00
1.516290e-01	8.115302e-01	0.000000e+00	1	0.000000e+00
1.549137e-01	8.003556e-01	0.000000e+00	1	0.000000e+00
1.544330e-01	8.017873e-01	0.000000e+00	1	0.000000e+00
1.547732e-01	8.004730e-01	0.000000e+00	1	0.000000e+00
1.555578e-01	7.952571e-01	0.000000e+00	1	0.000000e+00
1.516290e-01	8.115302e-01	0.000000e+00	1	0.000000e+00
1.519753e-01	8.110190e-01	0.000000e+00	1	0.000000e+00
1.578769e-01	7.942381e-01	0.000000e+00	1	0.000000e+00
1.581203e-01	7.920730e-01	0.000000e+00	1	0.000000e+00
1.579074e-01	7.933873e-01	0.000000e+00	1	0.000000e+00
1.581716e-01	7.919619e-01	0.000000e+00	1	0.000000e+00
1.529460e-01	8.101048e-01	0.000000e+00	1	0.000000e+00
1.549137e-01	8.003556e-01	0.000000e+00	1	0.000000e+00
1.552986e-01	7.958190e-01	0.000000e+00	1	0.000000e+00
1.520705e-01	8.109238e-01	0.000000e+00	1	0.000000e+00
1.518195e-01	8.112635e-01	0.000000e+00	1	0.000000e+00
1.518195e-01	8.112635e-01	0.000000e+00	1	0.000000e+00
1.555573e-01	7.953968e-01	0.000000e+00	1	0.000000e+00
1.515179e-01	8.117746e-01	0.000000e+00	1	0.000000e+00
1.518195e-01	8.112635e-01	0.000000e+00	1	0.000000e+00
1.549205e-01	7.997111e-01	0.000000e+00	1	0.000000e+00
1.545508e-01	8.007968e-01	0.000000e+00	1	0.000000e+00
1.512602e-01	8.126444e-01	0.000000e+00	1	0.000000e+00
1.518195e-01	8.112635e-01	0.000000e+00	1	0.000000e+00
1.518195e-01	8.112635e-01	0.000000e+00	1	0.000000e+00
1.583502e-01	7.915492e-01	0.000000e+00	1	0.000000e+00
1.529460e-01	8.101048e-01	0.000000e+00	1	0.000000e+00
1.526949e-01	8.104889e-01	0.000000e+00	1	0.000000e+00
1.516194e-01	8.116254e-01	0.000000e+00	1	0.000000e+00
1.517084e-01	8.115079e-01	0.000000e+00	1	0.000000e+00
1.545886e-01	8.007397e-01	0.000000e+00	1	0.000000e+00
1.525045e-01	8.107556e-01	0.000000e+00	1	0.000000e+00
1.578666e-01	7.943492e-01	0.000000e+00	1	0.000000e+00
1.516194e-01	8.116254e-01	0.000000e+00	1	0.000000e+00
1.526343e-01	8.106381e-01	0.000000e+00	1	0.000000e+00
1.525045e-01	8.107556e-01	0.000000e+00	1	0.000000e+00
1.512602e-01	8.126444e-01	0.000000e+00	1	0.000000e+00
1.545886e-01	8.007397e-01	0.000000e+00	1	0.000000e+00
1.514477e-01	8.120190e-01	0.000000e+00	1	0.000000e+00
1.530010e-01	8.099206e-01	0.000000e+00	1	0.000000e+00
1.596757e-01	7.906984e-01	0.000000e+00	1	0.000000e+00
1.556319e-01	7.952413e-01	0.000000e+00	1	0.000000e+00
1.583803e-01	7.914540e-01	0.000000e+00	1	0.000000e+00
1.549228e-01	7.979238e-01	0.000000e+00	1	0.000000e+00
1.549205e-01	7.997111e-01	0.000000e+00	1	0.000000e+00
1.583502e-01	7.915492e-01	0.000000e+00	1	0.000000e+00
1.516290e-01	8.115302e-01	0.000000e+00	1	0.000000e+00
1.549228e-01	7.979238e-01	0.000000e+00	1	0.000000e+00
1.517084e-01	8.115079e-01	0.000000e+00	1	0.000000e+00
1.553727e-01	7.955968e-01	0.000000e+00	1	0.000000e+00
1.544709e-01	8.017302e-01	0.000000e+00	1	0.000000e+00
1.549137e-01	8.003556e-01	0.000000e+00	1	0.000000e+00
1.579013e-01	7.936063e-01	0.000000e+00	1	0.000000e+00
1.512602e-01	8.126444e-01	0.000000e+00	1	0.000000e+00
1.580124e-01	7.924222e-01	0.000000e+00	1	0.000000e+00
1.549002e-01	8.004317e-01	0.000000e+00	1	0.000000e+00
1.581716e-01	7.919619e-01	0.000000e+00	1	0.000000e+00
1.513525e-01	8.121143e-01	0.000000e+00	1	0.000000e+00
1.525045e-01	8.107556e-01	0.000000e+00	1	0.000000e+00
1.543818e-01	8.019206e-01	0.000000e+00	1	0.000000e+00
1.549741e-01	7.977905e-01	0.000000e+00	1	0.000000e+00
1.583502e-01	7.915492e-01	0.000000e+00	1	0.000000e+00
1.550575e-01	7.973619e-01	0.000000e+00	1	0.000000e+00
1.584756e-01	7.913587e-01	0.000000e+00	1	0.000000e+00
1.528854e-01	8.102540e-01	0.000000e+00	1	0.000000e+00
1.546399e-01	8.006063e-01	0.000000e+00	1	0.000000e+00
1.549741e-01	7.977905e-01	0.000000e+00	1	0.000000e+00
1.554467e-01	7.955810e-01	0.000000e+00	1	0.000000e+00
1.518195e-01	8.112635e-01	0.000000e+00	1	0.000000e+00
1.525391e-01	8.107333e-01	0.000000e+00	1	0.000000e+00
1.543818e-01	8.019206e-01	0.000000e+00	1	0.000000e+00
1.596757e-01	7.906984e-01	0.000000e+00	1	0.000000e+00
1.578769e-01	7.942381e-01	0.000000e+00	1	0.000000e+00
1.549228e-01	7.979238e-01	0.000000e+00	1	0.000000e+00
1.517084e-01	8.115079e-01	0.000000e+00	1	0.000000e+00
1.520705e-01	8.109238e-01	0.000000e+00	1	0.000000e+00
1.548473e-01	8.004571e-01	0.000000e+00	1	0.000000e+00
1.527902e-01	8.103492e-01	0.000000e+00	1	0.000000e+00
1.581203e-01	7.920730e-01	0.000000e+00	1	0.000000e+00
1.549137e-01	8.003556e-01	0.000000e+00	1	0.000000e+00
1.513525e-01	8.121143e-01	0.000000e+00	1	0.000000e+00
1.552986e-01	7.958190e-01	0.000000e+00	1	0.000000e+00
1.529177e-01	8.102444e-01	0.000000e+00	1	0.000000e+00
1.519753e-01	8.110190e-01	0.000000e+00	1	0.000000e+00
1.583290e-01	7.915651e-01	0.000000e+00	1	0.000000e+00
1.545450e-01	8.017143e-01	0.000000e+00	1	0.000000e+00
1.594181e-01	7.911492e-01	0.000000e+00	1	0.000000e+00
1.520705e-01	8.109238e-01	0.000000e+00	1	0.000000e+00
1.529177e-01	8.102444e-01	0.000000e+00	1	0.000000e+00
1.525391e-01	8.107333e-01	0.000000e+00	1	0.000000e+00
1.525997e-01	8.106603e-01	0.000000e+00	1	0.000000e+00
1.513525e-01	8.121143e-01	0.000000e+00	1	0.000000e+00
1.516131e-01	8.116794e-01	0.000000e+00	1	0.000000e+00
1.547732e-01	8.004730e-01	0.000000e+00	1	0.000000e+00
1.595805e-01	7.907937e-01	0.000000e+00	1	0.000000e+00
1.514636e-01	8.118698e-01	0.000000e+00	1	0.000000e+00
1.545508e-01	8.007968e-01	0.000000e+00	1	0.000000e+00
1.579804e-01	7.926286e-01	0.000000e+00	1	0.000000e+00
1.518195e-01	8.112635e-01	0.000000e+00	1	0.000000e+00
1.514477e-01	8.120190e-01	0.000000e+00	1	0.000000e+00
1.515179e-01	8.117746e-01	0.000000e+00	1	0.000000e+00
1.516290e-01	8.115302e-01	0.000000e+00	1	0.000000e+00
1.514477e-01	8.120190e-01	0.000000e+00	1	0.000000e+00
1.525391e-01	8.107333e-01	0.000000e+00	1	0.000000e+00
1.580637e-01	7.923111e-01	0.000000e+00	1	0.000000e+00
1.512602e-01	8.126444e-01	0.000000e+00	1	0.000000e+00
1.595805e-01	7.907937e-01	0.000000e+00	1	0.000000e+00
1.557425e-01	7.950571e-01	0.000000e+00	1	0.000000e+00
1.594181e-01	7.911492e-01	0.000000e+00	1	0.000000e+00
1.544709e-01	8.017302e-01	0.000000e+00	1	0.000000e+00
1.581716e-01	7.919619e-01	0.000000e+00	1	0.000000e+00
1.595805e-01	7.907937e-01	0.000000e+00	1	0.000000e+00
1.518801e-01	8.111905e-01	0.000000e+00	1	0.000000e+00
1.512602e-01	8.126444e-01	0.000000e+00	1	0.000000e+00
1.513525e-01	8.121143e-01	0.000000e+00	1	0.000000e+00
1.519753e-01	8.110190e-01	0.000000e+00	1	0.000000e+00
1.558165e-01	7.950413e-01	0.000000e+00	1	0.000000e+00
1.557425e-01	7.950571e-01	0.000000e+00	1	0.000000e+00
1.518195e-01	8.112635e-01	0.000000e+00	1	0.000000e+00
1.516194e-01	8.116254e-01	0.000000e+00	1	0.000000e+00
1.530010e-01	8.099206e-01	0.000000e+00	1	0.000000e+00
1.518801e-01	8.111905e-01	0.000000e+00	1	0.000000e+00
1.525045e-01	8.107556e-01	0.000000e+00	1	0.000000e+00
1.525045e-01	8.107556e-01	0.000000e+00	1	0.000000e+00
1.593492e-01	7.913016e-01	0.000000e+00	1	0.000000e+00
1.582550e-01	7.916444e-01	0.000000e+00	1	0.000000e+00
1.583803e-01	7.914540e-01	0.000000e+00	1	0.000000e+00
1.527902e-01	8.103492e-01	0.000000e+00	1	0.000000e+00
1.578666e-01	7.943492e-01	0.000000e+00	1	0.000000e+00
1.525391e-01	8.107333e-01	0.000000e+00	1	0.000000e+00
1.550062e-01	7.974952e-01	0.000000e+00	1	0.000000e+00
1.545508e-01	8.007968e-01	0.000000e+00	1	0.000000e+00
1.594181e-01	7.911492e-01	0.000000e+00	1	0.000000e+00
1.583502e-01	7.915492e-01	0.000000e+00	1	0.000000e+00
1.554467e-01	7.955810e-01	0.000000e+00	1	0.000000e+00
1.512602e-01	8.126444e-01	0.000000e+00	1	0.000000e+00
1.555573e-01	7.953968e-01	0.000000e+00	1	0.000000e+00
1.583290e-01	7.915651e-01	0.000000e+00	1	0.000000e+00
1.517848e-01	8.112857e-01	0.000000e+00	1	0.000000e+00
1.519753e-01	8.110190e-01	0.000000e+00	1	0.000000e+00
1.515179e-01	8.117746e-01	0.000000e+00	1	0.000000e+00
1.512602e-01	8.126444e-01	0.000000e+00	1	0.000000e+00
1.512602e-01	8.126444e-01	0.000000e+00	1	0.000000e+00
1.550062e-01	7.974952e-01	0.000000e+00	1	0.000000e+00
1.545508e-01	8.007968e-01	0.000000e+00	1	0.000000e+00
1.512602e-01	8.126444e-01	0.000000e+00	1	0.000000e+00
1.545886e-01	8.007397e-01	0.000000e+00	1	0.000000e+00
1.524439e-01	8.109048e-01	0.000000e+00	1	0.000000e+00
1.581716e-01	7.919619e-01	0.000000e+00	1	0.000000e+00
1.544330e-01	8.017873e-01	0.000000e+00	1	0.000000e+00
1.517848e-01	8.112857e-01	0.000000e+00	1	0.000000e+00
1.554838e-01	7.954794e-01	0.000000e+00	1	0.000000e+00
1.516290e-01	8.115302e-01	0.000000e+00	1	0.000000e+00
1.512602e-01	8.126444e-01	0.000000e+00	1	0.000000e+00
1.512602e-01	8.126444e-01	0.000000e+00	1	0.000000e+00
1.517848e-01	8.112857e-01	0.000000e+00	1	0.000000e+00
1.524439e-01	8.109048e-01	0.000000e+00	1	0.000000e+00
1.581716e-01	7.919619e-01	0.000000e+00	1	0.000000e+00
1.578769e-01	7.942381e-01	0.000000e+00	1	0.000000e+00
1.526949e-01	8.104889e-01	0.000000e+00	1	0.000000e+00
1.556319e-01	7.952413e-01	0.000000e+00	1	0.000000e+00
1.579804e-01	7.926286e-01	0.000000e+00	1	0.000000e+00
1.530010e-01	8.099206e-01	0.000000e+00	1	0.000000e+00
Total execution time: 38461.277
