# This file contains the data of final feasible population (if found)
# of objectives = 2, # of constraints = 0, # of real_var = 0, # of bits of bin_var = 0, constr_violation, rank, crowding_distance
1.617775e-01	7.923873e-01	0.000000e+00	1	1.000000e+14
1.527720e-01	8.114952e-01	0.000000e+00	1	1.000000e+14
1.559588e-01	8.045175e-01	0.000000e+00	1	1.859778e-01
1.565480e-01	7.986603e-01	0.000000e+00	1	1.532647e-01
1.577916e-01	7.950762e-01	0.000000e+00	1	1.250468e-01
1.599810e-01	7.950190e-01	0.000000e+00	1	1.250468e-01
1.576015e-01	7.954540e-01	0.000000e+00	1	6.984490e-02
1.572771e-01	7.974349e-01	0.000000e+00	1	5.183585e-02
1.565480e-01	7.986603e-01	0.000000e+00	1	3.271314e-02
1.616386e-01	7.926317e-01	0.000000e+00	1	2.614071e-02
1.612201e-01	7.926730e-01	0.000000e+00	1	2.323325e-02
1.541280e-01	8.075206e-01	0.000000e+00	1	1.979360e-02
1.532989e-01	8.099111e-01	0.000000e+00	1	1.937825e-02
1.572771e-01	7.974349e-01	0.000000e+00	1	1.800905e-02
1.541140e-01	8.081683e-01	0.000000e+00	1	1.694634e-02
1.532849e-01	8.105429e-01	0.000000e+00	1	1.653099e-02
1.606485e-01	7.941524e-01	0.000000e+00	1	9.356945e-03
1.605323e-01	7.941683e-01	0.000000e+00	1	8.941594e-03
1.576527e-01	7.953206e-01	0.000000e+00	1	8.353029e-03
1.577404e-01	7.952095e-01	0.000000e+00	1	7.771537e-03
1.609744e-01	7.931460e-01	0.000000e+00	1	7.665341e-03
1.553960e-01	8.052952e-01	0.000000e+00	1	7.166919e-03
1.541793e-01	8.073873e-01	0.000000e+00	1	6.336216e-03
1.548195e-01	8.061143e-01	0.000000e+00	1	6.336216e-03
1.565480e-01	7.986603e-01	0.000000e+00	1	6.336216e-03
1.611646e-01	7.927683e-01	0.000000e+00	1	6.336216e-03
1.608091e-01	7.937968e-01	0.000000e+00	1	6.336216e-03
1.542626e-01	8.071429e-01	0.000000e+00	1	6.336216e-03
1.528553e-01	8.112508e-01	0.000000e+00	1	6.336216e-03
1.577404e-01	7.952095e-01	0.000000e+00	1	6.336216e-03
1.566356e-01	7.983587e-01	0.000000e+00	1	6.336216e-03
1.610257e-01	7.930127e-01	0.000000e+00	1	6.336216e-03
1.545070e-01	8.065238e-01	0.000000e+00	1	6.336216e-03
1.528233e-01	8.113619e-01	0.000000e+00	1	6.336216e-03
1.533502e-01	8.097778e-01	0.000000e+00	1	6.336216e-03
1.527720e-01	8.114952e-01	0.000000e+00	1	6.336216e-03
1.617262e-01	7.925206e-01	0.000000e+00	1	6.336216e-03
1.553679e-01	8.054603e-01	0.000000e+00	1	6.042752e-03
1.606702e-01	7.940413e-01	0.000000e+00	1	5.991996e-03
1.616386e-01	7.926317e-01	0.000000e+00	1	5.943991e-03
1.554472e-01	8.051619e-01	0.000000e+00	1	5.754724e-03
1.543694e-01	8.070095e-01	0.000000e+00	1	5.671654e-03
1.543724e-01	8.069016e-01	0.000000e+00	1	5.671654e-03
1.537520e-01	8.090317e-01	0.000000e+00	1	5.597183e-03
1.604767e-01	7.942635e-01	0.000000e+00	1	5.576645e-03
1.603101e-01	7.944349e-01	0.000000e+00	1	5.576645e-03
1.603934e-01	7.943746e-01	0.000000e+00	1	5.576645e-03
1.600323e-01	7.948857e-01	0.000000e+00	1	5.576645e-03
1.601712e-01	7.946413e-01	0.000000e+00	1	5.576645e-03
1.565993e-01	7.985270e-01	0.000000e+00	1	5.474128e-03
1.566351e-01	7.984921e-01	0.000000e+00	1	5.474128e-03
1.609635e-01	7.933302e-01	0.000000e+00	1	5.422555e-03
1.544558e-01	8.066571e-01	0.000000e+00	1	5.268492e-03
1.554793e-01	8.050508e-01	0.000000e+00	1	5.268492e-03
1.611133e-01	7.929016e-01	0.000000e+00	1	5.268492e-03
1.617262e-01	7.925206e-01	0.000000e+00	1	4.864077e-03
1.571147e-01	7.975841e-01	0.000000e+00	1	4.757881e-03
1.571660e-01	7.975460e-01	0.000000e+00	1	4.757881e-03
1.533822e-01	8.096667e-01	0.000000e+00	1	4.687000e-03
1.542113e-01	8.072762e-01	0.000000e+00	1	4.687000e-03
1.541793e-01	8.073873e-01	0.000000e+00	1	4.687000e-03
1.539354e-01	8.086984e-01	0.000000e+00	1	4.687000e-03
1.603934e-01	7.943746e-01	0.000000e+00	1	4.626805e-03
1.603101e-01	7.944349e-01	0.000000e+00	1	4.626805e-03
1.539793e-01	8.085460e-01	0.000000e+00	1	4.595331e-03
1.553208e-01	8.056317e-01	0.000000e+00	1	4.485795e-03
1.555819e-01	8.048794e-01	0.000000e+00	1	4.342530e-03
1.548708e-01	8.060762e-01	0.000000e+00	1	4.342530e-03
1.609059e-01	7.935016e-01	0.000000e+00	1	4.339892e-03
1.553679e-01	8.054603e-01	0.000000e+00	1	4.319654e-03
1.569086e-01	7.979079e-01	0.000000e+00	1	4.318652e-03
1.610812e-01	7.929175e-01	0.000000e+00	1	4.271649e-03
1.541280e-01	8.075206e-01	0.000000e+00	1	4.267430e-03
1.538354e-01	8.089365e-01	0.000000e+00	1	4.263049e-03
1.535169e-01	8.094381e-01	0.000000e+00	1	4.263049e-03
1.538473e-01	8.088571e-01	0.000000e+00	1	4.121097e-03
1.602545e-01	7.945302e-01	0.000000e+00	1	4.034377e-03
1.602267e-01	7.945460e-01	0.000000e+00	1	4.034377e-03
1.608873e-01	7.936540e-01	0.000000e+00	1	3.987373e-03
1.534775e-01	8.094921e-01	0.000000e+00	1	3.852707e-03
1.568253e-01	7.980190e-01	0.000000e+00	1	3.844108e-03
1.572771e-01	7.974349e-01	0.000000e+00	1	3.844108e-03
1.531129e-01	8.107365e-01	0.000000e+00	1	3.844108e-03
1.552695e-01	8.056698e-01	0.000000e+00	1	3.844108e-03
1.559588e-01	8.045175e-01	0.000000e+00	1	3.844108e-03
1.557763e-01	8.046730e-01	0.000000e+00	1	3.844108e-03
1.555306e-01	8.049175e-01	0.000000e+00	1	3.844108e-03
1.543139e-01	8.071048e-01	0.000000e+00	1	3.844108e-03
1.608361e-01	7.937873e-01	0.000000e+00	1	3.742436e-03
1.568253e-01	7.980190e-01	0.000000e+00	1	3.690157e-03
1.567382e-01	7.981873e-01	0.000000e+00	1	3.690157e-03
1.567703e-01	7.981143e-01	0.000000e+00	1	3.690157e-03
1.539674e-01	8.085873e-01	0.000000e+00	1	3.568432e-03
1.540306e-01	8.084127e-01	0.000000e+00	1	3.568432e-03
1.566356e-01	7.983587e-01	0.000000e+00	1	3.520588e-03
1.537960e-01	8.089905e-01	0.000000e+00	1	3.520426e-03
1.610812e-01	7.929175e-01	0.000000e+00	1	3.499888e-03
1.601156e-01	7.947746e-01	0.000000e+00	1	3.499888e-03
1.609122e-01	7.934635e-01	0.000000e+00	1	3.491589e-03
1.576015e-01	7.954540e-01	0.000000e+00	1	3.488952e-03
1.547682e-01	8.062476e-01	0.000000e+00	1	3.488952e-03
1.566869e-01	7.982254e-01	0.000000e+00	1	3.488952e-03
1.555306e-01	8.049175e-01	0.000000e+00	1	3.488952e-03
1.532989e-01	8.099111e-01	0.000000e+00	1	3.488952e-03
1.542113e-01	8.072762e-01	0.000000e+00	1	3.488952e-03
1.544237e-01	8.067683e-01	0.000000e+00	1	3.488952e-03
1.617775e-01	7.923873e-01	0.000000e+00	1	3.488952e-03
1.554472e-01	8.051619e-01	0.000000e+00	1	3.488952e-03
1.534335e-01	8.095333e-01	0.000000e+00	1	3.488952e-03
1.529066e-01	8.111175e-01	0.000000e+00	1	3.488952e-03
1.600323e-01	7.948857e-01	0.000000e+00	1	3.488952e-03
1.607578e-01	7.939302e-01	0.000000e+00	1	3.488952e-03
1.553960e-01	8.052952e-01	0.000000e+00	1	3.488952e-03
1.601712e-01	7.946413e-01	0.000000e+00	1	3.488952e-03
1.543724e-01	8.069016e-01	0.000000e+00	1	3.488952e-03
1.601156e-01	7.947746e-01	0.000000e+00	1	3.488952e-03
1.609744e-01	7.931460e-01	0.000000e+00	1	3.488952e-03
1.533822e-01	8.096667e-01	0.000000e+00	1	3.488952e-03
1.569684e-01	7.978349e-01	0.000000e+00	1	3.487949e-03
1.529899e-01	8.110222e-01	0.000000e+00	1	3.381753e-03
1.571660e-01	7.975460e-01	0.000000e+00	1	3.321809e-03
1.572258e-01	7.974730e-01	0.000000e+00	1	3.321809e-03
1.535800e-01	8.093206e-01	0.000000e+00	1	3.274805e-03
1.559076e-01	8.045556e-01	0.000000e+00	1	3.274805e-03
1.552374e-01	8.057270e-01	0.000000e+00	1	3.274805e-03
1.538986e-01	8.088190e-01	0.000000e+00	1	3.274805e-03
1.545583e-01	8.064857e-01	0.000000e+00	1	3.274805e-03
1.611133e-01	7.929016e-01	0.000000e+00	1	3.262616e-03
1.540785e-01	8.082540e-01	0.000000e+00	1	3.212023e-03
1.537232e-01	8.091524e-01	0.000000e+00	1	3.156671e-03
1.604490e-01	7.942794e-01	0.000000e+00	1	3.084537e-03
1.610257e-01	7.930127e-01	0.000000e+00	1	3.084537e-03
1.602267e-01	7.945460e-01	0.000000e+00	1	3.084537e-03
1.605323e-01	7.941683e-01	0.000000e+00	1	3.084537e-03
1.602545e-01	7.945302e-01	0.000000e+00	1	3.084537e-03
1.607257e-01	7.939460e-01	0.000000e+00	1	3.084537e-03
1.601712e-01	7.946413e-01	0.000000e+00	1	3.084537e-03
1.600878e-01	7.947905e-01	0.000000e+00	1	3.084537e-03
1.611646e-01	7.927683e-01	0.000000e+00	1	3.084537e-03
1.612201e-01	7.926730e-01	0.000000e+00	1	3.084537e-03
1.558755e-01	8.046127e-01	0.000000e+00	1	3.037533e-03
1.545904e-01	8.064286e-01	0.000000e+00	1	3.037533e-03
1.536121e-01	8.092635e-01	0.000000e+00	1	3.037533e-03
1.556139e-01	8.048222e-01	0.000000e+00	1	3.037533e-03
1.531010e-01	8.108159e-01	0.000000e+00	1	2.958053e-03
1.544558e-01	8.066571e-01	0.000000e+00	1	2.907460e-03
1.533502e-01	8.097778e-01	0.000000e+00	1	2.907460e-03
1.544237e-01	8.067683e-01	0.000000e+00	1	2.907460e-03
1.554793e-01	8.050508e-01	0.000000e+00	1	2.907460e-03
1.528233e-01	8.113619e-01	0.000000e+00	1	2.907460e-03
1.540627e-01	8.083016e-01	0.000000e+00	1	2.907460e-03
1.617262e-01	7.925206e-01	0.000000e+00	1	2.907460e-03
1.576527e-01	7.953206e-01	0.000000e+00	1	2.907460e-03
1.528553e-01	8.112508e-01	0.000000e+00	1	2.907460e-03
1.567227e-01	7.981905e-01	0.000000e+00	1	2.898949e-03
1.540306e-01	8.084127e-01	0.000000e+00	1	2.859454e-03
1.539674e-01	8.085873e-01	0.000000e+00	1	2.859454e-03
1.545070e-01	8.065238e-01	0.000000e+00	1	2.847265e-03
1.607578e-01	7.939302e-01	0.000000e+00	1	2.847265e-03
1.567740e-01	7.980571e-01	0.000000e+00	1	2.847265e-03
1.545583e-01	8.064857e-01	0.000000e+00	1	2.847265e-03
1.617775e-01	7.923873e-01	0.000000e+00	1	2.847265e-03
1.570314e-01	7.976952e-01	0.000000e+00	1	2.847265e-03
1.569086e-01	7.979079e-01	0.000000e+00	1	2.847265e-03
1.535288e-01	8.093587e-01	0.000000e+00	1	2.847265e-03
1.542113e-01	8.072762e-01	0.000000e+00	1	2.847265e-03
1.576015e-01	7.954540e-01	0.000000e+00	1	2.847265e-03
1.568573e-01	7.979460e-01	0.000000e+00	1	2.847265e-03
1.565993e-01	7.985270e-01	0.000000e+00	1	2.847265e-03
1.548195e-01	8.061143e-01	0.000000e+00	1	2.847265e-03
1.553208e-01	8.056317e-01	0.000000e+00	1	2.847265e-03
1.576527e-01	7.953206e-01	0.000000e+00	1	2.847265e-03
1.566869e-01	7.982254e-01	0.000000e+00	1	2.847265e-03
1.543181e-01	8.070476e-01	0.000000e+00	1	2.847265e-03
1.570827e-01	7.976571e-01	0.000000e+00	1	2.847265e-03
1.542626e-01	8.071429e-01	0.000000e+00	1	2.847265e-03
1.600323e-01	7.948857e-01	0.000000e+00	1	2.847265e-03
1.529066e-01	8.111175e-01	0.000000e+00	1	2.847265e-03
1.544558e-01	8.066571e-01	0.000000e+00	1	2.847265e-03
1.599810e-01	7.950190e-01	0.000000e+00	1	2.847265e-03
1.554793e-01	8.050508e-01	0.000000e+00	1	2.847265e-03
1.555306e-01	8.049175e-01	0.000000e+00	1	2.847265e-03
1.535800e-01	8.093206e-01	0.000000e+00	1	2.847265e-03
1.577916e-01	7.950762e-01	0.000000e+00	1	2.847265e-03
1.533822e-01	8.096667e-01	0.000000e+00	1	2.847265e-03
1.531642e-01	8.106984e-01	0.000000e+00	1	2.847265e-03
1.544237e-01	8.067683e-01	0.000000e+00	1	2.847265e-03
1.559076e-01	8.045556e-01	0.000000e+00	1	2.847265e-03
1.547682e-01	8.062476e-01	0.000000e+00	1	2.847265e-03
1.557250e-01	8.047111e-01	0.000000e+00	1	2.847265e-03
1.534335e-01	8.095333e-01	0.000000e+00	1	2.847265e-03
1.572258e-01	7.974730e-01	0.000000e+00	1	2.847265e-03
1.609122e-01	7.934635e-01	0.000000e+00	1	2.844627e-03
1.530177e-01	8.109111e-01	0.000000e+00	1	2.796671e-03
1.570827e-01	7.976571e-01	0.000000e+00	1	2.776384e-03
1.531642e-01	8.106984e-01	0.000000e+00	1	2.776384e-03
1.568573e-01	7.979460e-01	0.000000e+00	1	2.776384e-03
1.531129e-01	8.107365e-01	0.000000e+00	1	2.737729e-03
1.536912e-01	8.092095e-01	0.000000e+00	1	2.705252e-03
1.537520e-01	8.090317e-01	0.000000e+00	1	2.680935e-03
1.570197e-01	7.977968e-01	0.000000e+00	1	2.658249e-03
1.570314e-01	7.976952e-01	0.000000e+00	1	2.658249e-03
1.553679e-01	8.054603e-01	0.000000e+00	1	2.617696e-03
1.553208e-01	8.056317e-01	0.000000e+00	1	2.617696e-03
1.551911e-01	8.057429e-01	0.000000e+00	1	2.570447e-03
1.551399e-01	8.057810e-01	0.000000e+00	1	2.570447e-03
1.552374e-01	8.057270e-01	0.000000e+00	1	2.570447e-03
1.551862e-01	8.057651e-01	0.000000e+00	1	2.570447e-03
1.569684e-01	7.978349e-01	0.000000e+00	1	2.559160e-03
1.608873e-01	7.936540e-01	0.000000e+00	1	2.508321e-03
1.609572e-01	7.933683e-01	0.000000e+00	1	2.494746e-03
1.604490e-01	7.942794e-01	0.000000e+00	1	2.492108e-03
1.611646e-01	7.927683e-01	0.000000e+00	1	2.492108e-03
1.600878e-01	7.947905e-01	0.000000e+00	1	2.492108e-03
1.606702e-01	7.940413e-01	0.000000e+00	1	2.492108e-03
1.609572e-01	7.933683e-01	0.000000e+00	1	2.492108e-03
1.607257e-01	7.939460e-01	0.000000e+00	1	2.492108e-03
1.612201e-01	7.926730e-01	0.000000e+00	1	2.492108e-03
1.610257e-01	7.930127e-01	0.000000e+00	1	2.492108e-03
1.534335e-01	8.095333e-01	0.000000e+00	1	2.440513e-03
1.529066e-01	8.111175e-01	0.000000e+00	1	2.440513e-03
1.529505e-01	8.110762e-01	0.000000e+00	1	2.440513e-03
1.540187e-01	8.084540e-01	0.000000e+00	1	2.409038e-03
1.569801e-01	7.978286e-01	0.000000e+00	1	2.364862e-03
1.540785e-01	8.082540e-01	0.000000e+00	1	2.242897e-03
1.608646e-01	7.937016e-01	0.000000e+00	1	2.242897e-03
1.541140e-01	8.081683e-01	0.000000e+00	1	2.242897e-03
1.570197e-01	7.977968e-01	0.000000e+00	1	2.198721e-03
1.556139e-01	8.048222e-01	0.000000e+00	1	2.194892e-03
1.607578e-01	7.939302e-01	0.000000e+00	1	2.194892e-03
1.607257e-01	7.939460e-01	0.000000e+00	1	2.194892e-03
1.545904e-01	8.064286e-01	0.000000e+00	1	2.194892e-03
1.549028e-01	8.060190e-01	0.000000e+00	1	2.194892e-03
1.551078e-01	8.058381e-01	0.000000e+00	1	2.194892e-03
1.551399e-01	8.057810e-01	0.000000e+00	1	2.194892e-03
1.540187e-01	8.084540e-01	0.000000e+00	1	2.186292e-03
1.537960e-01	8.089905e-01	0.000000e+00	1	2.186292e-03
1.534775e-01	8.094921e-01	0.000000e+00	1	2.186292e-03
1.529664e-01	8.110444e-01	0.000000e+00	1	2.135699e-03
1.530852e-01	8.108476e-01	0.000000e+00	1	2.135699e-03
1.530531e-01	8.109048e-01	0.000000e+00	1	2.132109e-03
1.540627e-01	8.083016e-01	0.000000e+00	1	2.127350e-03
1.556417e-01	8.048063e-01	0.000000e+00	1	2.123760e-03
1.535288e-01	8.093587e-01	0.000000e+00	1	2.076757e-03
1.530018e-01	8.109429e-01	0.000000e+00	1	2.076757e-03
1.538354e-01	8.089365e-01	0.000000e+00	1	2.073167e-03
1.535169e-01	8.094381e-01	0.000000e+00	1	2.073167e-03
1.538841e-01	8.088317e-01	0.000000e+00	1	2.044340e-03
1.550139e-01	8.059079e-01	0.000000e+00	1	2.036911e-03
1.609059e-01	7.935016e-01	0.000000e+00	1	2.025947e-03
1.557250e-01	8.047111e-01	0.000000e+00	1	1.990097e-03
1.557131e-01	8.047619e-01	0.000000e+00	1	1.990097e-03
1.566869e-01	7.982254e-01	0.000000e+00	1	1.985176e-03
1.541140e-01	8.081683e-01	0.000000e+00	1	1.965968e-03
1.549306e-01	8.060032e-01	0.000000e+00	1	1.957620e-03
1.547441e-01	8.062857e-01	0.000000e+00	1	1.957620e-03
1.549541e-01	8.059810e-01	0.000000e+00	1	1.957620e-03
1.547163e-01	8.063016e-01	0.000000e+00	1	1.957620e-03
1.557965e-01	8.046667e-01	0.000000e+00	1	1.957620e-03
1.546694e-01	8.063746e-01	0.000000e+00	1	1.957620e-03
1.550288e-01	8.058921e-01	0.000000e+00	1	1.957620e-03
1.604767e-01	7.942635e-01	0.000000e+00	1	1.957620e-03
1.546181e-01	8.064127e-01	0.000000e+00	1	1.957620e-03
1.556652e-01	8.047841e-01	0.000000e+00	1	1.957620e-03
1.556930e-01	8.047683e-01	0.000000e+00	1	1.957620e-03
1.532691e-01	8.105746e-01	0.000000e+00	1	1.941902e-03
1.532476e-01	8.106032e-01	0.000000e+00	1	1.941902e-03
1.539354e-01	8.086984e-01	0.000000e+00	1	1.926205e-03
1.572258e-01	7.974730e-01	0.000000e+00	1	1.910616e-03
1.568573e-01	7.979460e-01	0.000000e+00	1	1.910616e-03
1.570827e-01	7.976571e-01	0.000000e+00	1	1.910616e-03
1.569086e-01	7.979079e-01	0.000000e+00	1	1.910616e-03
1.549967e-01	8.059492e-01	0.000000e+00	1	1.902457e-03
1.530617e-01	8.108698e-01	0.000000e+00	1	1.886488e-03
1.558477e-01	8.046286e-01	0.000000e+00	1	1.886488e-03
1.536399e-01	8.092476e-01	0.000000e+00	1	1.886488e-03
1.528233e-01	8.113619e-01	0.000000e+00	1	1.779540e-03
1.558755e-01	8.046127e-01	0.000000e+00	1	1.779540e-03
1.528553e-01	8.112508e-01	0.000000e+00	1	1.779540e-03
1.552695e-01	8.056698e-01	0.000000e+00	1	1.779540e-03
1.536121e-01	8.092635e-01	0.000000e+00	1	1.779540e-03
1.555819e-01	8.048794e-01	0.000000e+00	1	1.779540e-03
1.544237e-01	8.067683e-01	0.000000e+00	1	1.779540e-03
1.540627e-01	8.083016e-01	0.000000e+00	1	1.779540e-03
1.571147e-01	7.975841e-01	0.000000e+00	1	1.779540e-03
1.554472e-01	8.051619e-01	0.000000e+00	1	1.779540e-03
1.539306e-01	8.087619e-01	0.000000e+00	1	1.779540e-03
1.548708e-01	8.060762e-01	0.000000e+00	1	1.779540e-03
1.531963e-01	8.106413e-01	0.000000e+00	1	1.779540e-03
1.533502e-01	8.097778e-01	0.000000e+00	1	1.779540e-03
1.539306e-01	8.087619e-01	0.000000e+00	1	1.760065e-03
1.608091e-01	7.937968e-01	0.000000e+00	1	1.748750e-03
1.543139e-01	8.071048e-01	0.000000e+00	1	1.732537e-03
1.536634e-01	8.092254e-01	0.000000e+00	1	1.720348e-03
1.532691e-01	8.105746e-01	0.000000e+00	1	1.711999e-03
1.529505e-01	8.110762e-01	0.000000e+00	1	1.711999e-03
1.530018e-01	8.109429e-01	0.000000e+00	1	1.711999e-03
1.546417e-01	8.063905e-01	0.000000e+00	1	1.708409e-03
1.567740e-01	7.980571e-01	0.000000e+00	1	1.700901e-03
1.567703e-01	7.981143e-01	0.000000e+00	1	1.700901e-03
1.537008e-01	8.091651e-01	0.000000e+00	1	1.696281e-03
1.539306e-01	8.087619e-01	0.000000e+00	1	1.661406e-03
1.570314e-01	7.976952e-01	0.000000e+00	1	1.645387e-03
1.606485e-01	7.941524e-01	0.000000e+00	1	1.620714e-03
1.532849e-01	8.105429e-01	0.000000e+00	1	1.606510e-03
1.537232e-01	8.091524e-01	0.000000e+00	1	1.601021e-03
1.608646e-01	7.937016e-01	0.000000e+00	1	1.584998e-03
1.608361e-01	7.937873e-01	0.000000e+00	1	1.584998e-03
1.532476e-01	8.106032e-01	0.000000e+00	1	1.578524e-03
1.532251e-01	8.106159e-01	0.000000e+00	1	1.578524e-03
1.537008e-01	8.091651e-01	0.000000e+00	1	1.578524e-03
1.603101e-01	7.944349e-01	0.000000e+00	1	1.578335e-03
1.603934e-01	7.943746e-01	0.000000e+00	1	1.578335e-03
1.553960e-01	8.052952e-01	0.000000e+00	1	1.556957e-03
1.549819e-01	8.059651e-01	0.000000e+00	1	1.542268e-03
1.549028e-01	8.060190e-01	0.000000e+00	1	1.542268e-03
1.550565e-01	8.058762e-01	0.000000e+00	1	1.542268e-03
1.601156e-01	7.947746e-01	0.000000e+00	1	1.542268e-03
1.600878e-01	7.947905e-01	0.000000e+00	1	1.542268e-03
1.558242e-01	8.046508e-01	0.000000e+00	1	1.542268e-03
1.536634e-01	8.092254e-01	0.000000e+00	1	1.542268e-03
1.531963e-01	8.106413e-01	0.000000e+00	1	1.542268e-03
1.536399e-01	8.092476e-01	0.000000e+00	1	1.542268e-03
1.604490e-01	7.942794e-01	0.000000e+00	1	1.542268e-03
1.551078e-01	8.058381e-01	0.000000e+00	1	1.542268e-03
1.558477e-01	8.046286e-01	0.000000e+00	1	1.542268e-03
1.550800e-01	8.058540e-01	0.000000e+00	1	1.542268e-03
1.532240e-01	8.106254e-01	0.000000e+00	1	1.542268e-03
1.577916e-01	7.950762e-01	0.000000e+00	1	1.495265e-03
1.531963e-01	8.106413e-01	0.000000e+00	1	1.495265e-03
1.599810e-01	7.950190e-01	0.000000e+00	1	1.495265e-03
1.531642e-01	8.106984e-01	0.000000e+00	1	1.495265e-03
1.551078e-01	8.058381e-01	0.000000e+00	1	1.495265e-03
1.552695e-01	8.056698e-01	0.000000e+00	1	1.495265e-03
1.543181e-01	8.070476e-01	0.000000e+00	1	1.495265e-03
1.551399e-01	8.057810e-01	0.000000e+00	1	1.495265e-03
1.549028e-01	8.060190e-01	0.000000e+00	1	1.495265e-03
1.531010e-01	8.108159e-01	0.000000e+00	1	1.491675e-03
1.569801e-01	7.978286e-01	0.000000e+00	1	1.479246e-03
1.530852e-01	8.108476e-01	0.000000e+00	1	1.462788e-03
1.529664e-01	8.110444e-01	0.000000e+00	1	1.462788e-03
1.537960e-01	8.089905e-01	0.000000e+00	1	1.412195e-03
1.530617e-01	8.108698e-01	0.000000e+00	1	1.388317e-03
1.530531e-01	8.109048e-01	0.000000e+00	1	1.388317e-03
1.549967e-01	8.059492e-01	0.000000e+00	1	1.372349e-03
1.609572e-01	7.933683e-01	0.000000e+00	1	1.349362e-03
1.609635e-01	7.933302e-01	0.000000e+00	1	1.349362e-03
1.556417e-01	8.048063e-01	0.000000e+00	1	1.304996e-03
1.556652e-01	8.047841e-01	0.000000e+00	1	1.304996e-03
1.558242e-01	8.046508e-01	0.000000e+00	1	1.304996e-03
1.557131e-01	8.047619e-01	0.000000e+00	1	1.284709e-03
1.557763e-01	8.046730e-01	0.000000e+00	1	1.284709e-03
1.556930e-01	8.047683e-01	0.000000e+00	1	1.284709e-03
1.557965e-01	8.046667e-01	0.000000e+00	1	1.284709e-03
1.608646e-01	7.937016e-01	0.000000e+00	1	1.262267e-03
1.537232e-01	8.091524e-01	0.000000e+00	1	1.246243e-03
1.608646e-01	7.937016e-01	0.000000e+00	1	1.246054e-03
1.529899e-01	8.110222e-01	0.000000e+00	1	1.242464e-03
1.546842e-01	8.063587e-01	0.000000e+00	1	1.237894e-03
1.550652e-01	8.058698e-01	0.000000e+00	1	1.237894e-03
1.546181e-01	8.064127e-01	0.000000e+00	1	1.237894e-03
1.547676e-01	8.062635e-01	0.000000e+00	1	1.237894e-03
1.549819e-01	8.059651e-01	0.000000e+00	1	1.237894e-03
1.549306e-01	8.060032e-01	0.000000e+00	1	1.237894e-03
1.606702e-01	7.940413e-01	0.000000e+00	1	1.205363e-03
1.543694e-01	8.070095e-01	0.000000e+00	1	1.162934e-03
1.538986e-01	8.088190e-01	0.000000e+00	1	1.135206e-03
1.529066e-01	8.111175e-01	0.000000e+00	1	1.079914e-03
1.534335e-01	8.095333e-01	0.000000e+00	1	1.079914e-03
1.534775e-01	8.094921e-01	0.000000e+00	1	1.079914e-03
1.539793e-01	8.085460e-01	0.000000e+00	1	1.079914e-03
1.547015e-01	8.063175e-01	0.000000e+00	1	1.079914e-03
1.612201e-01	7.926730e-01	0.000000e+00	1	1.079914e-03
1.540187e-01	8.084540e-01	0.000000e+00	1	1.079914e-03
1.529505e-01	8.110762e-01	0.000000e+00	1	1.079914e-03
1.546842e-01	8.063587e-01	0.000000e+00	1	1.079914e-03
1.608873e-01	7.936540e-01	0.000000e+00	1	1.029103e-03
1.567740e-01	7.980571e-01	0.000000e+00	1	9.968433e-04
1.545070e-01	8.065238e-01	0.000000e+00	1	9.968433e-04
1.559076e-01	8.045556e-01	0.000000e+00	1	9.968433e-04
1.542626e-01	8.071429e-01	0.000000e+00	1	9.968433e-04
1.557250e-01	8.047111e-01	0.000000e+00	1	9.968433e-04
1.572258e-01	7.974730e-01	0.000000e+00	1	9.968433e-04
1.535288e-01	8.093587e-01	0.000000e+00	1	9.968433e-04
1.535800e-01	8.093206e-01	0.000000e+00	1	9.968433e-04
1.555819e-01	8.048794e-01	0.000000e+00	1	9.968433e-04
1.553208e-01	8.056317e-01	0.000000e+00	1	9.968433e-04
1.545583e-01	8.064857e-01	0.000000e+00	1	9.968433e-04
1.571660e-01	7.975460e-01	0.000000e+00	1	9.968433e-04
1.571147e-01	7.975841e-01	0.000000e+00	1	9.968433e-04
1.543181e-01	8.070476e-01	0.000000e+00	1	9.968433e-04
1.548708e-01	8.060762e-01	0.000000e+00	1	9.968433e-04
1.548195e-01	8.061143e-01	0.000000e+00	1	9.968433e-04
1.546330e-01	8.063968e-01	0.000000e+00	1	9.886837e-04
1.547528e-01	8.062794e-01	0.000000e+00	1	9.886837e-04
1.547015e-01	8.063175e-01	0.000000e+00	1	9.569973e-04
1.546842e-01	8.063587e-01	0.000000e+00	1	9.569973e-04
1.536912e-01	8.092095e-01	0.000000e+00	1	9.486486e-04
1.566351e-01	7.984921e-01	0.000000e+00	1	9.454093e-04
1.567227e-01	7.981905e-01	0.000000e+00	1	9.451587e-04
1.567382e-01	7.981873e-01	0.000000e+00	1	9.451587e-04
1.565993e-01	7.985270e-01	0.000000e+00	1	9.137731e-04
1.566869e-01	7.982254e-01	0.000000e+00	1	9.137731e-04
1.547528e-01	8.062794e-01	0.000000e+00	1	8.978046e-04
1.549454e-01	8.059873e-01	0.000000e+00	1	8.978046e-04
1.546330e-01	8.063968e-01	0.000000e+00	1	8.978046e-04
1.532849e-01	8.105429e-01	0.000000e+00	1	8.812962e-04
1.540785e-01	8.082540e-01	0.000000e+00	1	8.812962e-04
1.530177e-01	8.109111e-01	0.000000e+00	1	8.812962e-04
1.570197e-01	7.977968e-01	0.000000e+00	1	8.307028e-04
1.550800e-01	8.058540e-01	0.000000e+00	1	8.225431e-04
1.546694e-01	8.063746e-01	0.000000e+00	1	8.225431e-04
1.550288e-01	8.058921e-01	0.000000e+00	1	8.225431e-04
1.547015e-01	8.063175e-01	0.000000e+00	1	8.225431e-04
1.549454e-01	8.059873e-01	0.000000e+00	1	8.225431e-04
1.550139e-01	8.059079e-01	0.000000e+00	1	8.225431e-04
1.547163e-01	8.063016e-01	0.000000e+00	1	8.225431e-04
1.538841e-01	8.088317e-01	0.000000e+00	1	8.029245e-04
1.541140e-01	8.081683e-01	0.000000e+00	1	7.784783e-04
1.532989e-01	8.099111e-01	0.000000e+00	1	7.758077e-04
1.551862e-01	8.057651e-01	0.000000e+00	1	6.921688e-04
1.538841e-01	8.088317e-01	0.000000e+00	1	6.645622e-04
1.538473e-01	8.088571e-01	0.000000e+00	1	6.645622e-04
1.539793e-01	8.085460e-01	0.000000e+00	1	6.609721e-04
1.535288e-01	8.093587e-01	0.000000e+00	1	6.609721e-04
1.530018e-01	8.109429e-01	0.000000e+00	1	6.609721e-04
1.538473e-01	8.088571e-01	0.000000e+00	1	6.609721e-04
1.540187e-01	8.084540e-01	0.000000e+00	1	6.609721e-04
1.547441e-01	8.062857e-01	0.000000e+00	1	6.485937e-04
1.550565e-01	8.058762e-01	0.000000e+00	1	6.485937e-04
1.549541e-01	8.059810e-01	0.000000e+00	1	6.485937e-04
1.550652e-01	8.058698e-01	0.000000e+00	1	6.485937e-04
1.570197e-01	7.977968e-01	0.000000e+00	1	6.485436e-04
1.609744e-01	7.931460e-01	0.000000e+00	1	6.044788e-04
1.551862e-01	8.057651e-01	0.000000e+00	1	5.814919e-04
1.556652e-01	8.047841e-01	0.000000e+00	1	5.814919e-04
1.551911e-01	8.057429e-01	0.000000e+00	1	5.814919e-04
1.536634e-01	8.092254e-01	0.000000e+00	1	5.814919e-04
1.558242e-01	8.046508e-01	0.000000e+00	1	5.814919e-04
1.546417e-01	8.063905e-01	0.000000e+00	1	4.824532e-04
1.547676e-01	8.062635e-01	0.000000e+00	1	4.505827e-04
1.547682e-01	8.062476e-01	0.000000e+00	1	4.505827e-04
1.558242e-01	8.046508e-01	0.000000e+00	1	4.153514e-04
1.550800e-01	8.058540e-01	0.000000e+00	1	4.153514e-04
1.547163e-01	8.063016e-01	0.000000e+00	1	4.153514e-04
1.531963e-01	8.106413e-01	0.000000e+00	1	4.153514e-04
1.550800e-01	8.058540e-01	0.000000e+00	1	4.153514e-04
1.600878e-01	7.947905e-01	0.000000e+00	1	4.153514e-04
1.546417e-01	8.063905e-01	0.000000e+00	1	4.153514e-04
1.558755e-01	8.046127e-01	0.000000e+00	1	4.153514e-04
1.536399e-01	8.092476e-01	0.000000e+00	1	4.153514e-04
1.556417e-01	8.048063e-01	0.000000e+00	1	4.153514e-04
1.532240e-01	8.106254e-01	0.000000e+00	1	4.153514e-04
1.558477e-01	8.046286e-01	0.000000e+00	1	4.153514e-04
1.549819e-01	8.059651e-01	0.000000e+00	1	4.153514e-04
1.536121e-01	8.092635e-01	0.000000e+00	1	4.153514e-04
1.546694e-01	8.063746e-01	0.000000e+00	1	4.153514e-04
1.550288e-01	8.058921e-01	0.000000e+00	1	4.153514e-04
1.605323e-01	7.941683e-01	0.000000e+00	1	4.153514e-04
1.602545e-01	7.945302e-01	0.000000e+00	1	4.153514e-04
1.602267e-01	7.945460e-01	0.000000e+00	1	4.153514e-04
1.550139e-01	8.059079e-01	0.000000e+00	1	4.153514e-04
1.547015e-01	8.063175e-01	0.000000e+00	1	4.153514e-04
1.604490e-01	7.942794e-01	0.000000e+00	1	4.153514e-04
1.551911e-01	8.057429e-01	0.000000e+00	1	4.153514e-04
1.550565e-01	8.058762e-01	0.000000e+00	1	4.153514e-04
1.552374e-01	8.057270e-01	0.000000e+00	1	4.153514e-04
1.538841e-01	8.088317e-01	0.000000e+00	1	3.322811e-04
1.537232e-01	8.091524e-01	0.000000e+00	1	3.322811e-04
1.532251e-01	8.106159e-01	0.000000e+00	1	3.079639e-04
1.532240e-01	8.106254e-01	0.000000e+00	1	3.079639e-04
1.551911e-01	8.057429e-01	0.000000e+00	1	2.768174e-04
1.608361e-01	7.937873e-01	0.000000e+00	1	2.492108e-04
1.543181e-01	8.070476e-01	0.000000e+00	1	2.372720e-04
1.549454e-01	8.059873e-01	0.000000e+00	1	1.661406e-04
1.530177e-01	8.109111e-01	0.000000e+00	1	1.661406e-04
1.543724e-01	8.069016e-01	0.000000e+00	1	1.660904e-04
1.550288e-01	8.058921e-01	0.000000e+00	1	0.000000e+00
1.554472e-01	8.051619e-01	0.000000e+00	1	0.000000e+00
1.572771e-01	7.974349e-01	0.000000e+00	1	0.000000e+00
1.545904e-01	8.064286e-01	0.000000e+00	1	0.000000e+00
1.612201e-01	7.926730e-01	0.000000e+00	1	0.000000e+00
1.567703e-01	7.981143e-01	0.000000e+00	1	0.000000e+00
1.528553e-01	8.112508e-01	0.000000e+00	1	0.000000e+00
1.559076e-01	8.045556e-01	0.000000e+00	1	0.000000e+00
1.529899e-01	8.110222e-01	0.000000e+00	1	0.000000e+00
1.553960e-01	8.052952e-01	0.000000e+00	1	0.000000e+00
1.538473e-01	8.088571e-01	0.000000e+00	1	0.000000e+00
1.566356e-01	7.983587e-01	0.000000e+00	1	0.000000e+00
1.601712e-01	7.946413e-01	0.000000e+00	1	0.000000e+00
1.532989e-01	8.099111e-01	0.000000e+00	1	0.000000e+00
1.551078e-01	8.058381e-01	0.000000e+00	1	0.000000e+00
1.527720e-01	8.114952e-01	0.000000e+00	1	0.000000e+00
1.536634e-01	8.092254e-01	0.000000e+00	1	0.000000e+00
1.553960e-01	8.052952e-01	0.000000e+00	1	0.000000e+00
1.565993e-01	7.985270e-01	0.000000e+00	1	0.000000e+00
1.557763e-01	8.046730e-01	0.000000e+00	1	0.000000e+00
1.577916e-01	7.950762e-01	0.000000e+00	1	0.000000e+00
1.537232e-01	8.091524e-01	0.000000e+00	1	0.000000e+00
1.608361e-01	7.937873e-01	0.000000e+00	1	0.000000e+00
Total execution time: 38041.610
