# This file contains the data of final feasible population (if found)
# of objectives = 2, # of constraints = 0, # of real_var = 0, # of bits of bin_var = 0, constr_violation, rank, crowding_distance
5.214286e-01	5.139796e-01	0.000000e+00	1	1.000000e+14
4.964286e-01	5.216667e-01	0.000000e+00	1	1.000000e+14
5.196429e-01	5.149320e-01	0.000000e+00	1	4.383692e-01
5.089286e-01	5.211224e-01	0.000000e+00	1	4.026549e-01
5.089286e-01	5.211224e-01	0.000000e+00	1	2.500000e-01
4.964286e-01	5.216667e-01	0.000000e+00	1	2.500000e-01
5.196429e-01	5.149320e-01	0.000000e+00	1	2.142857e-01
5.089286e-01	5.211224e-01	0.000000e+00	1	2.142857e-01
5.214286e-01	5.139796e-01	0.000000e+00	1	9.766119e-02
5.196429e-01	5.149320e-01	0.000000e+00	1	6.194690e-02
4.964286e-01	5.216667e-01	0.000000e+00	1	3.539823e-02
5.089286e-01	5.211224e-01	0.000000e+00	1	3.539823e-02
4.964286e-01	5.216667e-01	0.000000e+00	1	0.000000e+00
4.964286e-01	5.216667e-01	0.000000e+00	1	0.000000e+00
4.964286e-01	5.216667e-01	0.000000e+00	1	0.000000e+00
4.964286e-01	5.216667e-01	0.000000e+00	1	0.000000e+00
5.089286e-01	5.211224e-01	0.000000e+00	1	0.000000e+00
4.964286e-01	5.216667e-01	0.000000e+00	1	0.000000e+00
4.964286e-01	5.216667e-01	0.000000e+00	1	0.000000e+00
4.964286e-01	5.216667e-01	0.000000e+00	1	0.000000e+00
4.964286e-01	5.216667e-01	0.000000e+00	1	0.000000e+00
4.964286e-01	5.216667e-01	0.000000e+00	1	0.000000e+00
4.964286e-01	5.216667e-01	0.000000e+00	1	0.000000e+00
4.964286e-01	5.216667e-01	0.000000e+00	1	0.000000e+00
5.089286e-01	5.211224e-01	0.000000e+00	1	0.000000e+00
4.964286e-01	5.216667e-01	0.000000e+00	1	0.000000e+00
4.964286e-01	5.216667e-01	0.000000e+00	1	0.000000e+00
4.964286e-01	5.216667e-01	0.000000e+00	1	0.000000e+00
4.964286e-01	5.216667e-01	0.000000e+00	1	0.000000e+00
4.964286e-01	5.216667e-01	0.000000e+00	1	0.000000e+00
5.089286e-01	5.211224e-01	0.000000e+00	1	0.000000e+00
4.964286e-01	5.216667e-01	0.000000e+00	1	0.000000e+00
4.964286e-01	5.216667e-01	0.000000e+00	1	0.000000e+00
4.964286e-01	5.216667e-01	0.000000e+00	1	0.000000e+00
4.964286e-01	5.216667e-01	0.000000e+00	1	0.000000e+00
4.964286e-01	5.216667e-01	0.000000e+00	1	0.000000e+00
4.964286e-01	5.216667e-01	0.000000e+00	1	0.000000e+00
4.964286e-01	5.216667e-01	0.000000e+00	1	0.000000e+00
4.964286e-01	5.216667e-01	0.000000e+00	1	0.000000e+00
4.964286e-01	5.216667e-01	0.000000e+00	1	0.000000e+00
5.089286e-01	5.211224e-01	0.000000e+00	1	0.000000e+00
4.964286e-01	5.216667e-01	0.000000e+00	1	0.000000e+00
4.964286e-01	5.216667e-01	0.000000e+00	1	0.000000e+00
5.089286e-01	5.211224e-01	0.000000e+00	1	0.000000e+00
4.964286e-01	5.216667e-01	0.000000e+00	1	0.000000e+00
4.964286e-01	5.216667e-01	0.000000e+00	1	0.000000e+00
4.964286e-01	5.216667e-01	0.000000e+00	1	0.000000e+00
4.964286e-01	5.216667e-01	0.000000e+00	1	0.000000e+00
5.089286e-01	5.211224e-01	0.000000e+00	1	0.000000e+00
4.964286e-01	5.216667e-01	0.000000e+00	1	0.000000e+00
4.964286e-01	5.216667e-01	0.000000e+00	1	0.000000e+00
4.964286e-01	5.216667e-01	0.000000e+00	1	0.000000e+00
4.964286e-01	5.216667e-01	0.000000e+00	1	0.000000e+00
4.964286e-01	5.216667e-01	0.000000e+00	1	0.000000e+00
4.964286e-01	5.216667e-01	0.000000e+00	1	0.000000e+00
4.964286e-01	5.216667e-01	0.000000e+00	1	0.000000e+00
4.964286e-01	5.216667e-01	0.000000e+00	1	0.000000e+00
4.964286e-01	5.216667e-01	0.000000e+00	1	0.000000e+00
4.964286e-01	5.216667e-01	0.000000e+00	1	0.000000e+00
4.964286e-01	5.216667e-01	0.000000e+00	1	0.000000e+00
4.964286e-01	5.216667e-01	0.000000e+00	1	0.000000e+00
4.964286e-01	5.216667e-01	0.000000e+00	1	0.000000e+00
5.089286e-01	5.211224e-01	0.000000e+00	1	0.000000e+00
4.964286e-01	5.216667e-01	0.000000e+00	1	0.000000e+00
4.964286e-01	5.216667e-01	0.000000e+00	1	0.000000e+00
4.964286e-01	5.216667e-01	0.000000e+00	1	0.000000e+00
4.964286e-01	5.216667e-01	0.000000e+00	1	0.000000e+00
4.964286e-01	5.216667e-01	0.000000e+00	1	0.000000e+00
5.089286e-01	5.211224e-01	0.000000e+00	1	0.000000e+00
4.964286e-01	5.216667e-01	0.000000e+00	1	0.000000e+00
5.089286e-01	5.211224e-01	0.000000e+00	1	0.000000e+00
4.964286e-01	5.216667e-01	0.000000e+00	1	0.000000e+00
4.964286e-01	5.216667e-01	0.000000e+00	1	0.000000e+00
5.089286e-01	5.211224e-01	0.000000e+00	1	0.000000e+00
4.964286e-01	5.216667e-01	0.000000e+00	1	0.000000e+00
4.964286e-01	5.216667e-01	0.000000e+00	1	0.000000e+00
4.964286e-01	5.216667e-01	0.000000e+00	1	0.000000e+00
4.964286e-01	5.216667e-01	0.000000e+00	1	0.000000e+00
4.964286e-01	5.216667e-01	0.000000e+00	1	0.000000e+00
4.964286e-01	5.216667e-01	0.000000e+00	1	0.000000e+00
5.089286e-01	5.211224e-01	0.000000e+00	1	0.000000e+00
4.964286e-01	5.216667e-01	0.000000e+00	1	0.000000e+00
4.964286e-01	5.216667e-01	0.000000e+00	1	0.000000e+00
5.089286e-01	5.211224e-01	0.000000e+00	1	0.000000e+00
4.964286e-01	5.216667e-01	0.000000e+00	1	0.000000e+00
4.964286e-01	5.216667e-01	0.000000e+00	1	0.000000e+00
4.964286e-01	5.216667e-01	0.000000e+00	1	0.000000e+00
5.089286e-01	5.211224e-01	0.000000e+00	1	0.000000e+00
4.964286e-01	5.216667e-01	0.000000e+00	1	0.000000e+00
5.089286e-01	5.211224e-01	0.000000e+00	1	0.000000e+00
5.089286e-01	5.211224e-01	0.000000e+00	1	0.000000e+00
4.964286e-01	5.216667e-01	0.000000e+00	1	0.000000e+00
4.964286e-01	5.216667e-01	0.000000e+00	1	0.000000e+00
4.964286e-01	5.216667e-01	0.000000e+00	1	0.000000e+00
4.964286e-01	5.216667e-01	0.000000e+00	1	0.000000e+00
5.089286e-01	5.211224e-01	0.000000e+00	1	0.000000e+00
5.089286e-01	5.211224e-01	0.000000e+00	1	0.000000e+00
4.964286e-01	5.216667e-01	0.000000e+00	1	0.000000e+00
4.964286e-01	5.216667e-01	0.000000e+00	1	0.000000e+00
4.964286e-01	5.216667e-01	0.000000e+00	1	0.000000e+00
4.964286e-01	5.216667e-01	0.000000e+00	1	0.000000e+00
4.964286e-01	5.216667e-01	0.000000e+00	1	0.000000e+00
4.964286e-01	5.216667e-01	0.000000e+00	1	0.000000e+00
4.964286e-01	5.216667e-01	0.000000e+00	1	0.000000e+00
4.964286e-01	5.216667e-01	0.000000e+00	1	0.000000e+00
5.089286e-01	5.211224e-01	0.000000e+00	1	0.000000e+00
4.964286e-01	5.216667e-01	0.000000e+00	1	0.000000e+00
5.089286e-01	5.211224e-01	0.000000e+00	1	0.000000e+00
4.964286e-01	5.216667e-01	0.000000e+00	1	0.000000e+00
5.089286e-01	5.211224e-01	0.000000e+00	1	0.000000e+00
4.964286e-01	5.216667e-01	0.000000e+00	1	0.000000e+00
4.964286e-01	5.216667e-01	0.000000e+00	1	0.000000e+00
4.964286e-01	5.216667e-01	0.000000e+00	1	0.000000e+00
4.964286e-01	5.216667e-01	0.000000e+00	1	0.000000e+00
4.964286e-01	5.216667e-01	0.000000e+00	1	0.000000e+00
5.089286e-01	5.211224e-01	0.000000e+00	1	0.000000e+00
4.964286e-01	5.216667e-01	0.000000e+00	1	0.000000e+00
4.964286e-01	5.216667e-01	0.000000e+00	1	0.000000e+00
5.089286e-01	5.211224e-01	0.000000e+00	1	0.000000e+00
4.964286e-01	5.216667e-01	0.000000e+00	1	0.000000e+00
4.964286e-01	5.216667e-01	0.000000e+00	1	0.000000e+00
5.089286e-01	5.211224e-01	0.000000e+00	1	0.000000e+00
4.964286e-01	5.216667e-01	0.000000e+00	1	0.000000e+00
5.089286e-01	5.211224e-01	0.000000e+00	1	0.000000e+00
4.964286e-01	5.216667e-01	0.000000e+00	1	0.000000e+00
4.964286e-01	5.216667e-01	0.000000e+00	1	0.000000e+00
4.964286e-01	5.216667e-01	0.000000e+00	1	0.000000e+00
4.964286e-01	5.216667e-01	0.000000e+00	1	0.000000e+00
5.089286e-01	5.211224e-01	0.000000e+00	1	0.000000e+00
4.964286e-01	5.216667e-01	0.000000e+00	1	0.000000e+00
5.089286e-01	5.211224e-01	0.000000e+00	1	0.000000e+00
4.964286e-01	5.216667e-01	0.000000e+00	1	0.000000e+00
4.964286e-01	5.216667e-01	0.000000e+00	1	0.000000e+00
4.964286e-01	5.216667e-01	0.000000e+00	1	0.000000e+00
4.964286e-01	5.216667e-01	0.000000e+00	1	0.000000e+00
4.964286e-01	5.216667e-01	0.000000e+00	1	0.000000e+00
4.964286e-01	5.216667e-01	0.000000e+00	1	0.000000e+00
5.089286e-01	5.211224e-01	0.000000e+00	1	0.000000e+00
4.964286e-01	5.216667e-01	0.000000e+00	1	0.000000e+00
4.964286e-01	5.216667e-01	0.000000e+00	1	0.000000e+00
5.089286e-01	5.211224e-01	0.000000e+00	1	0.000000e+00
4.964286e-01	5.216667e-01	0.000000e+00	1	0.000000e+00
4.964286e-01	5.216667e-01	0.000000e+00	1	0.000000e+00
4.964286e-01	5.216667e-01	0.000000e+00	1	0.000000e+00
4.964286e-01	5.216667e-01	0.000000e+00	1	0.000000e+00
4.964286e-01	5.216667e-01	0.000000e+00	1	0.000000e+00
5.089286e-01	5.211224e-01	0.000000e+00	1	0.000000e+00
4.964286e-01	5.216667e-01	0.000000e+00	1	0.000000e+00
4.964286e-01	5.216667e-01	0.000000e+00	1	0.000000e+00
4.964286e-01	5.216667e-01	0.000000e+00	1	0.000000e+00
5.089286e-01	5.211224e-01	0.000000e+00	1	0.000000e+00
4.964286e-01	5.216667e-01	0.000000e+00	1	0.000000e+00
5.089286e-01	5.211224e-01	0.000000e+00	1	0.000000e+00
4.964286e-01	5.216667e-01	0.000000e+00	1	0.000000e+00
4.964286e-01	5.216667e-01	0.000000e+00	1	0.000000e+00
4.964286e-01	5.216667e-01	0.000000e+00	1	0.000000e+00
5.089286e-01	5.211224e-01	0.000000e+00	1	0.000000e+00
4.964286e-01	5.216667e-01	0.000000e+00	1	0.000000e+00
4.964286e-01	5.216667e-01	0.000000e+00	1	0.000000e+00
4.964286e-01	5.216667e-01	0.000000e+00	1	0.000000e+00
4.964286e-01	5.216667e-01	0.000000e+00	1	0.000000e+00
4.964286e-01	5.216667e-01	0.000000e+00	1	0.000000e+00
4.964286e-01	5.216667e-01	0.000000e+00	1	0.000000e+00
4.964286e-01	5.216667e-01	0.000000e+00	1	0.000000e+00
5.089286e-01	5.211224e-01	0.000000e+00	1	0.000000e+00
4.964286e-01	5.216667e-01	0.000000e+00	1	0.000000e+00
4.964286e-01	5.216667e-01	0.000000e+00	1	0.000000e+00
4.964286e-01	5.216667e-01	0.000000e+00	1	0.000000e+00
4.964286e-01	5.216667e-01	0.000000e+00	1	0.000000e+00
4.964286e-01	5.216667e-01	0.000000e+00	1	0.000000e+00
5.089286e-01	5.211224e-01	0.000000e+00	1	0.000000e+00
4.964286e-01	5.216667e-01	0.000000e+00	1	0.000000e+00
4.964286e-01	5.216667e-01	0.000000e+00	1	0.000000e+00
4.964286e-01	5.216667e-01	0.000000e+00	1	0.000000e+00
5.089286e-01	5.211224e-01	0.000000e+00	1	0.000000e+00
4.964286e-01	5.216667e-01	0.000000e+00	1	0.000000e+00
4.964286e-01	5.216667e-01	0.000000e+00	1	0.000000e+00
4.964286e-01	5.216667e-01	0.000000e+00	1	0.000000e+00
5.089286e-01	5.211224e-01	0.000000e+00	1	0.000000e+00
4.964286e-01	5.216667e-01	0.000000e+00	1	0.000000e+00
4.964286e-01	5.216667e-01	0.000000e+00	1	0.000000e+00
4.964286e-01	5.216667e-01	0.000000e+00	1	0.000000e+00
5.089286e-01	5.211224e-01	0.000000e+00	1	0.000000e+00
4.964286e-01	5.216667e-01	0.000000e+00	1	0.000000e+00
4.964286e-01	5.216667e-01	0.000000e+00	1	0.000000e+00
4.964286e-01	5.216667e-01	0.000000e+00	1	0.000000e+00
4.964286e-01	5.216667e-01	0.000000e+00	1	0.000000e+00
4.964286e-01	5.216667e-01	0.000000e+00	1	0.000000e+00
4.964286e-01	5.216667e-01	0.000000e+00	1	0.000000e+00
4.964286e-01	5.216667e-01	0.000000e+00	1	0.000000e+00
4.964286e-01	5.216667e-01	0.000000e+00	1	0.000000e+00
4.964286e-01	5.216667e-01	0.000000e+00	1	0.000000e+00
4.964286e-01	5.216667e-01	0.000000e+00	1	0.000000e+00
4.964286e-01	5.216667e-01	0.000000e+00	1	0.000000e+00
4.964286e-01	5.216667e-01	0.000000e+00	1	0.000000e+00
4.964286e-01	5.216667e-01	0.000000e+00	1	0.000000e+00
4.964286e-01	5.216667e-01	0.000000e+00	1	0.000000e+00
4.964286e-01	5.216667e-01	0.000000e+00	1	0.000000e+00
5.089286e-01	5.211224e-01	0.000000e+00	1	0.000000e+00
4.964286e-01	5.216667e-01	0.000000e+00	1	0.000000e+00
4.964286e-01	5.216667e-01	0.000000e+00	1	0.000000e+00
4.964286e-01	5.216667e-01	0.000000e+00	1	0.000000e+00
4.964286e-01	5.216667e-01	0.000000e+00	1	0.000000e+00
5.089286e-01	5.211224e-01	0.000000e+00	1	0.000000e+00
4.964286e-01	5.216667e-01	0.000000e+00	1	0.000000e+00
4.964286e-01	5.216667e-01	0.000000e+00	1	0.000000e+00
5.196429e-01	5.149320e-01	0.000000e+00	1	0.000000e+00
4.964286e-01	5.216667e-01	0.000000e+00	1	0.000000e+00
4.964286e-01	5.216667e-01	0.000000e+00	1	0.000000e+00
4.964286e-01	5.216667e-01	0.000000e+00	1	0.000000e+00
4.964286e-01	5.216667e-01	0.000000e+00	1	0.000000e+00
4.964286e-01	5.216667e-01	0.000000e+00	1	0.000000e+00
4.964286e-01	5.216667e-01	0.000000e+00	1	0.000000e+00
4.964286e-01	5.216667e-01	0.000000e+00	1	0.000000e+00
4.964286e-01	5.216667e-01	0.000000e+00	1	0.000000e+00
4.964286e-01	5.216667e-01	0.000000e+00	1	0.000000e+00
4.964286e-01	5.216667e-01	0.000000e+00	1	0.000000e+00
4.964286e-01	5.216667e-01	0.000000e+00	1	0.000000e+00
4.964286e-01	5.216667e-01	0.000000e+00	1	0.000000e+00
4.964286e-01	5.216667e-01	0.000000e+00	1	0.000000e+00
4.964286e-01	5.216667e-01	0.000000e+00	1	0.000000e+00
4.964286e-01	5.216667e-01	0.000000e+00	1	0.000000e+00
4.964286e-01	5.216667e-01	0.000000e+00	1	0.000000e+00
4.964286e-01	5.216667e-01	0.000000e+00	1	0.000000e+00
4.964286e-01	5.216667e-01	0.000000e+00	1	0.000000e+00
4.964286e-01	5.216667e-01	0.000000e+00	1	0.000000e+00
4.964286e-01	5.216667e-01	0.000000e+00	1	0.000000e+00
4.964286e-01	5.216667e-01	0.000000e+00	1	0.000000e+00
4.964286e-01	5.216667e-01	0.000000e+00	1	0.000000e+00
4.964286e-01	5.216667e-01	0.000000e+00	1	0.000000e+00
4.964286e-01	5.216667e-01	0.000000e+00	1	0.000000e+00
5.089286e-01	5.211224e-01	0.000000e+00	1	0.000000e+00
4.964286e-01	5.216667e-01	0.000000e+00	1	0.000000e+00
5.089286e-01	5.211224e-01	0.000000e+00	1	0.000000e+00
5.089286e-01	5.211224e-01	0.000000e+00	1	0.000000e+00
4.964286e-01	5.216667e-01	0.000000e+00	1	0.000000e+00
5.089286e-01	5.211224e-01	0.000000e+00	1	0.000000e+00
4.964286e-01	5.216667e-01	0.000000e+00	1	0.000000e+00
5.089286e-01	5.211224e-01	0.000000e+00	1	0.000000e+00
5.089286e-01	5.211224e-01	0.000000e+00	1	0.000000e+00
4.964286e-01	5.216667e-01	0.000000e+00	1	0.000000e+00
4.964286e-01	5.216667e-01	0.000000e+00	1	0.000000e+00
5.089286e-01	5.211224e-01	0.000000e+00	1	0.000000e+00
4.964286e-01	5.216667e-01	0.000000e+00	1	0.000000e+00
5.089286e-01	5.211224e-01	0.000000e+00	1	0.000000e+00
4.964286e-01	5.216667e-01	0.000000e+00	1	0.000000e+00
4.964286e-01	5.216667e-01	0.000000e+00	1	0.000000e+00
4.964286e-01	5.216667e-01	0.000000e+00	1	0.000000e+00
4.964286e-01	5.216667e-01	0.000000e+00	1	0.000000e+00
4.964286e-01	5.216667e-01	0.000000e+00	1	0.000000e+00
4.964286e-01	5.216667e-01	0.000000e+00	1	0.000000e+00
4.964286e-01	5.216667e-01	0.000000e+00	1	0.000000e+00
4.964286e-01	5.216667e-01	0.000000e+00	1	0.000000e+00
4.964286e-01	5.216667e-01	0.000000e+00	1	0.000000e+00
4.964286e-01	5.216667e-01	0.000000e+00	1	0.000000e+00
4.964286e-01	5.216667e-01	0.000000e+00	1	0.000000e+00
4.964286e-01	5.216667e-01	0.000000e+00	1	0.000000e+00
5.089286e-01	5.211224e-01	0.000000e+00	1	0.000000e+00
4.964286e-01	5.216667e-01	0.000000e+00	1	0.000000e+00
4.964286e-01	5.216667e-01	0.000000e+00	1	0.000000e+00
4.964286e-01	5.216667e-01	0.000000e+00	1	0.000000e+00
5.089286e-01	5.211224e-01	0.000000e+00	1	0.000000e+00
4.964286e-01	5.216667e-01	0.000000e+00	1	0.000000e+00
5.089286e-01	5.211224e-01	0.000000e+00	1	0.000000e+00
4.964286e-01	5.216667e-01	0.000000e+00	1	0.000000e+00
4.964286e-01	5.216667e-01	0.000000e+00	1	0.000000e+00
5.089286e-01	5.211224e-01	0.000000e+00	1	0.000000e+00
5.089286e-01	5.211224e-01	0.000000e+00	1	0.000000e+00
4.964286e-01	5.216667e-01	0.000000e+00	1	0.000000e+00
4.964286e-01	5.216667e-01	0.000000e+00	1	0.000000e+00
4.964286e-01	5.216667e-01	0.000000e+00	1	0.000000e+00
5.089286e-01	5.211224e-01	0.000000e+00	1	0.000000e+00
4.964286e-01	5.216667e-01	0.000000e+00	1	0.000000e+00
4.964286e-01	5.216667e-01	0.000000e+00	1	0.000000e+00
4.964286e-01	5.216667e-01	0.000000e+00	1	0.000000e+00
5.089286e-01	5.211224e-01	0.000000e+00	1	0.000000e+00
4.964286e-01	5.216667e-01	0.000000e+00	1	0.000000e+00
4.964286e-01	5.216667e-01	0.000000e+00	1	0.000000e+00
4.964286e-01	5.216667e-01	0.000000e+00	1	0.000000e+00
4.964286e-01	5.216667e-01	0.000000e+00	1	0.000000e+00
4.964286e-01	5.216667e-01	0.000000e+00	1	0.000000e+00
4.964286e-01	5.216667e-01	0.000000e+00	1	0.000000e+00
4.964286e-01	5.216667e-01	0.000000e+00	1	0.000000e+00
5.089286e-01	5.211224e-01	0.000000e+00	1	0.000000e+00
4.964286e-01	5.216667e-01	0.000000e+00	1	0.000000e+00
4.964286e-01	5.216667e-01	0.000000e+00	1	0.000000e+00
5.089286e-01	5.211224e-01	0.000000e+00	1	0.000000e+00
4.964286e-01	5.216667e-01	0.000000e+00	1	0.000000e+00
4.964286e-01	5.216667e-01	0.000000e+00	1	0.000000e+00
4.964286e-01	5.216667e-01	0.000000e+00	1	0.000000e+00
4.964286e-01	5.216667e-01	0.000000e+00	1	0.000000e+00
4.964286e-01	5.216667e-01	0.000000e+00	1	0.000000e+00
4.964286e-01	5.216667e-01	0.000000e+00	1	0.000000e+00
4.964286e-01	5.216667e-01	0.000000e+00	1	0.000000e+00
4.964286e-01	5.216667e-01	0.000000e+00	1	0.000000e+00
4.964286e-01	5.216667e-01	0.000000e+00	1	0.000000e+00
5.089286e-01	5.211224e-01	0.000000e+00	1	0.000000e+00
5.089286e-01	5.211224e-01	0.000000e+00	1	0.000000e+00
5.089286e-01	5.211224e-01	0.000000e+00	1	0.000000e+00
5.089286e-01	5.211224e-01	0.000000e+00	1	0.000000e+00
4.964286e-01	5.216667e-01	0.000000e+00	1	0.000000e+00
4.964286e-01	5.216667e-01	0.000000e+00	1	0.000000e+00
4.964286e-01	5.216667e-01	0.000000e+00	1	0.000000e+00
4.964286e-01	5.216667e-01	0.000000e+00	1	0.000000e+00
4.964286e-01	5.216667e-01	0.000000e+00	1	0.000000e+00
4.964286e-01	5.216667e-01	0.000000e+00	1	0.000000e+00
4.964286e-01	5.216667e-01	0.000000e+00	1	0.000000e+00
4.964286e-01	5.216667e-01	0.000000e+00	1	0.000000e+00
5.089286e-01	5.211224e-01	0.000000e+00	1	0.000000e+00
4.964286e-01	5.216667e-01	0.000000e+00	1	0.000000e+00
4.964286e-01	5.216667e-01	0.000000e+00	1	0.000000e+00
4.964286e-01	5.216667e-01	0.000000e+00	1	0.000000e+00
5.089286e-01	5.211224e-01	0.000000e+00	1	0.000000e+00
4.964286e-01	5.216667e-01	0.000000e+00	1	0.000000e+00
4.964286e-01	5.216667e-01	0.000000e+00	1	0.000000e+00
5.089286e-01	5.211224e-01	0.000000e+00	1	0.000000e+00
4.964286e-01	5.216667e-01	0.000000e+00	1	0.000000e+00
4.964286e-01	5.216667e-01	0.000000e+00	1	0.000000e+00
4.964286e-01	5.216667e-01	0.000000e+00	1	0.000000e+00
4.964286e-01	5.216667e-01	0.000000e+00	1	0.000000e+00
4.964286e-01	5.216667e-01	0.000000e+00	1	0.000000e+00
4.964286e-01	5.216667e-01	0.000000e+00	1	0.000000e+00
4.964286e-01	5.216667e-01	0.000000e+00	1	0.000000e+00
4.964286e-01	5.216667e-01	0.000000e+00	1	0.000000e+00
4.964286e-01	5.216667e-01	0.000000e+00	1	0.000000e+00
5.089286e-01	5.211224e-01	0.000000e+00	1	0.000000e+00
4.964286e-01	5.216667e-01	0.000000e+00	1	0.000000e+00
4.964286e-01	5.216667e-01	0.000000e+00	1	0.000000e+00
5.089286e-01	5.211224e-01	0.000000e+00	1	0.000000e+00
4.964286e-01	5.216667e-01	0.000000e+00	1	0.000000e+00
4.964286e-01	5.216667e-01	0.000000e+00	1	0.000000e+00
4.964286e-01	5.216667e-01	0.000000e+00	1	0.000000e+00
4.964286e-01	5.216667e-01	0.000000e+00	1	0.000000e+00
4.964286e-01	5.216667e-01	0.000000e+00	1	0.000000e+00
4.964286e-01	5.216667e-01	0.000000e+00	1	0.000000e+00
4.964286e-01	5.216667e-01	0.000000e+00	1	0.000000e+00
5.089286e-01	5.211224e-01	0.000000e+00	1	0.000000e+00
5.089286e-01	5.211224e-01	0.000000e+00	1	0.000000e+00
5.089286e-01	5.211224e-01	0.000000e+00	1	0.000000e+00
4.964286e-01	5.216667e-01	0.000000e+00	1	0.000000e+00
4.964286e-01	5.216667e-01	0.000000e+00	1	0.000000e+00
4.964286e-01	5.216667e-01	0.000000e+00	1	0.000000e+00
4.964286e-01	5.216667e-01	0.000000e+00	1	0.000000e+00
4.964286e-01	5.216667e-01	0.000000e+00	1	0.000000e+00
4.964286e-01	5.216667e-01	0.000000e+00	1	0.000000e+00
4.964286e-01	5.216667e-01	0.000000e+00	1	0.000000e+00
4.964286e-01	5.216667e-01	0.000000e+00	1	0.000000e+00
4.964286e-01	5.216667e-01	0.000000e+00	1	0.000000e+00
4.964286e-01	5.216667e-01	0.000000e+00	1	0.000000e+00
4.964286e-01	5.216667e-01	0.000000e+00	1	0.000000e+00
4.964286e-01	5.216667e-01	0.000000e+00	1	0.000000e+00
4.964286e-01	5.216667e-01	0.000000e+00	1	0.000000e+00
5.089286e-01	5.211224e-01	0.000000e+00	1	0.000000e+00
4.964286e-01	5.216667e-01	0.000000e+00	1	0.000000e+00
4.964286e-01	5.216667e-01	0.000000e+00	1	0.000000e+00
4.964286e-01	5.216667e-01	0.000000e+00	1	0.000000e+00
4.964286e-01	5.216667e-01	0.000000e+00	1	0.000000e+00
4.964286e-01	5.216667e-01	0.000000e+00	1	0.000000e+00
4.964286e-01	5.216667e-01	0.000000e+00	1	0.000000e+00
4.964286e-01	5.216667e-01	0.000000e+00	1	0.000000e+00
4.964286e-01	5.216667e-01	0.000000e+00	1	0.000000e+00
5.089286e-01	5.211224e-01	0.000000e+00	1	0.000000e+00
4.964286e-01	5.216667e-01	0.000000e+00	1	0.000000e+00
5.089286e-01	5.211224e-01	0.000000e+00	1	0.000000e+00
4.964286e-01	5.216667e-01	0.000000e+00	1	0.000000e+00
5.089286e-01	5.211224e-01	0.000000e+00	1	0.000000e+00
5.089286e-01	5.211224e-01	0.000000e+00	1	0.000000e+00
4.964286e-01	5.216667e-01	0.000000e+00	1	0.000000e+00
4.964286e-01	5.216667e-01	0.000000e+00	1	0.000000e+00
4.964286e-01	5.216667e-01	0.000000e+00	1	0.000000e+00
4.964286e-01	5.216667e-01	0.000000e+00	1	0.000000e+00
4.964286e-01	5.216667e-01	0.000000e+00	1	0.000000e+00
4.964286e-01	5.216667e-01	0.000000e+00	1	0.000000e+00
4.964286e-01	5.216667e-01	0.000000e+00	1	0.000000e+00
4.964286e-01	5.216667e-01	0.000000e+00	1	0.000000e+00
4.964286e-01	5.216667e-01	0.000000e+00	1	0.000000e+00
5.089286e-01	5.211224e-01	0.000000e+00	1	0.000000e+00
4.964286e-01	5.216667e-01	0.000000e+00	1	0.000000e+00
4.964286e-01	5.216667e-01	0.000000e+00	1	0.000000e+00
4.964286e-01	5.216667e-01	0.000000e+00	1	0.000000e+00
4.964286e-01	5.216667e-01	0.000000e+00	1	0.000000e+00
4.964286e-01	5.216667e-01	0.000000e+00	1	0.000000e+00
4.964286e-01	5.216667e-01	0.000000e+00	1	0.000000e+00
4.964286e-01	5.216667e-01	0.000000e+00	1	0.000000e+00
5.089286e-01	5.211224e-01	0.000000e+00	1	0.000000e+00
4.964286e-01	5.216667e-01	0.000000e+00	1	0.000000e+00
4.964286e-01	5.216667e-01	0.000000e+00	1	0.000000e+00
4.964286e-01	5.216667e-01	0.000000e+00	1	0.000000e+00
4.964286e-01	5.216667e-01	0.000000e+00	1	0.000000e+00
5.089286e-01	5.211224e-01	0.000000e+00	1	0.000000e+00
4.964286e-01	5.216667e-01	0.000000e+00	1	0.000000e+00
4.964286e-01	5.216667e-01	0.000000e+00	1	0.000000e+00
4.964286e-01	5.216667e-01	0.000000e+00	1	0.000000e+00
4.964286e-01	5.216667e-01	0.000000e+00	1	0.000000e+00
4.964286e-01	5.216667e-01	0.000000e+00	1	0.000000e+00
4.964286e-01	5.216667e-01	0.000000e+00	1	0.000000e+00
4.964286e-01	5.216667e-01	0.000000e+00	1	0.000000e+00
4.964286e-01	5.216667e-01	0.000000e+00	1	0.000000e+00
5.089286e-01	5.211224e-01	0.000000e+00	1	0.000000e+00
4.964286e-01	5.216667e-01	0.000000e+00	1	0.000000e+00
4.964286e-01	5.216667e-01	0.000000e+00	1	0.000000e+00
4.964286e-01	5.216667e-01	0.000000e+00	1	0.000000e+00
4.964286e-01	5.216667e-01	0.000000e+00	1	0.000000e+00
4.964286e-01	5.216667e-01	0.000000e+00	1	0.000000e+00
4.964286e-01	5.216667e-01	0.000000e+00	1	0.000000e+00
4.964286e-01	5.216667e-01	0.000000e+00	1	0.000000e+00
4.964286e-01	5.216667e-01	0.000000e+00	1	0.000000e+00
4.964286e-01	5.216667e-01	0.000000e+00	1	0.000000e+00
4.964286e-01	5.216667e-01	0.000000e+00	1	0.000000e+00
4.964286e-01	5.216667e-01	0.000000e+00	1	0.000000e+00
4.964286e-01	5.216667e-01	0.000000e+00	1	0.000000e+00
4.964286e-01	5.216667e-01	0.000000e+00	1	0.000000e+00
4.964286e-01	5.216667e-01	0.000000e+00	1	0.000000e+00
4.964286e-01	5.216667e-01	0.000000e+00	1	0.000000e+00
5.089286e-01	5.211224e-01	0.000000e+00	1	0.000000e+00
4.964286e-01	5.216667e-01	0.000000e+00	1	0.000000e+00
4.964286e-01	5.216667e-01	0.000000e+00	1	0.000000e+00
4.964286e-01	5.216667e-01	0.000000e+00	1	0.000000e+00
4.964286e-01	5.216667e-01	0.000000e+00	1	0.000000e+00
5.089286e-01	5.211224e-01	0.000000e+00	1	0.000000e+00
4.964286e-01	5.216667e-01	0.000000e+00	1	0.000000e+00
4.964286e-01	5.216667e-01	0.000000e+00	1	0.000000e+00
4.964286e-01	5.216667e-01	0.000000e+00	1	0.000000e+00
4.964286e-01	5.216667e-01	0.000000e+00	1	0.000000e+00
4.964286e-01	5.216667e-01	0.000000e+00	1	0.000000e+00
4.964286e-01	5.216667e-01	0.000000e+00	1	0.000000e+00
4.964286e-01	5.216667e-01	0.000000e+00	1	0.000000e+00
4.964286e-01	5.216667e-01	0.000000e+00	1	0.000000e+00
4.964286e-01	5.216667e-01	0.000000e+00	1	0.000000e+00
4.964286e-01	5.216667e-01	0.000000e+00	1	0.000000e+00
4.964286e-01	5.216667e-01	0.000000e+00	1	0.000000e+00
4.964286e-01	5.216667e-01	0.000000e+00	1	0.000000e+00
4.964286e-01	5.216667e-01	0.000000e+00	1	0.000000e+00
4.964286e-01	5.216667e-01	0.000000e+00	1	0.000000e+00
4.964286e-01	5.216667e-01	0.000000e+00	1	0.000000e+00
4.964286e-01	5.216667e-01	0.000000e+00	1	0.000000e+00
4.964286e-01	5.216667e-01	0.000000e+00	1	0.000000e+00
4.964286e-01	5.216667e-01	0.000000e+00	1	0.000000e+00
4.964286e-01	5.216667e-01	0.000000e+00	1	0.000000e+00
4.964286e-01	5.216667e-01	0.000000e+00	1	0.000000e+00
4.964286e-01	5.216667e-01	0.000000e+00	1	0.000000e+00
5.089286e-01	5.211224e-01	0.000000e+00	1	0.000000e+00
4.964286e-01	5.216667e-01	0.000000e+00	1	0.000000e+00
4.964286e-01	5.216667e-01	0.000000e+00	1	0.000000e+00
4.964286e-01	5.216667e-01	0.000000e+00	1	0.000000e+00
5.089286e-01	5.211224e-01	0.000000e+00	1	0.000000e+00
4.964286e-01	5.216667e-01	0.000000e+00	1	0.000000e+00
4.964286e-01	5.216667e-01	0.000000e+00	1	0.000000e+00
5.089286e-01	5.211224e-01	0.000000e+00	1	0.000000e+00
5.089286e-01	5.211224e-01	0.000000e+00	1	0.000000e+00
4.964286e-01	5.216667e-01	0.000000e+00	1	0.000000e+00
4.964286e-01	5.216667e-01	0.000000e+00	1	0.000000e+00
4.964286e-01	5.216667e-01	0.000000e+00	1	0.000000e+00
4.964286e-01	5.216667e-01	0.000000e+00	1	0.000000e+00
5.089286e-01	5.211224e-01	0.000000e+00	1	0.000000e+00
4.964286e-01	5.216667e-01	0.000000e+00	1	0.000000e+00
4.964286e-01	5.216667e-01	0.000000e+00	1	0.000000e+00
4.964286e-01	5.216667e-01	0.000000e+00	1	0.000000e+00
4.964286e-01	5.216667e-01	0.000000e+00	1	0.000000e+00
4.964286e-01	5.216667e-01	0.000000e+00	1	0.000000e+00
4.964286e-01	5.216667e-01	0.000000e+00	1	0.000000e+00
5.089286e-01	5.211224e-01	0.000000e+00	1	0.000000e+00
4.964286e-01	5.216667e-01	0.000000e+00	1	0.000000e+00
4.964286e-01	5.216667e-01	0.000000e+00	1	0.000000e+00
5.089286e-01	5.211224e-01	0.000000e+00	1	0.000000e+00
5.089286e-01	5.211224e-01	0.000000e+00	1	0.000000e+00
5.089286e-01	5.211224e-01	0.000000e+00	1	0.000000e+00
4.964286e-01	5.216667e-01	0.000000e+00	1	0.000000e+00
5.089286e-01	5.211224e-01	0.000000e+00	1	0.000000e+00
4.964286e-01	5.216667e-01	0.000000e+00	1	0.000000e+00
4.964286e-01	5.216667e-01	0.000000e+00	1	0.000000e+00
5.089286e-01	5.211224e-01	0.000000e+00	1	0.000000e+00
5.089286e-01	5.211224e-01	0.000000e+00	1	0.000000e+00
5.089286e-01	5.211224e-01	0.000000e+00	1	0.000000e+00
4.964286e-01	5.216667e-01	0.000000e+00	1	0.000000e+00
4.964286e-01	5.216667e-01	0.000000e+00	1	0.000000e+00
4.964286e-01	5.216667e-01	0.000000e+00	1	0.000000e+00
4.964286e-01	5.216667e-01	0.000000e+00	1	0.000000e+00
4.964286e-01	5.216667e-01	0.000000e+00	1	0.000000e+00
4.964286e-01	5.216667e-01	0.000000e+00	1	0.000000e+00
4.964286e-01	5.216667e-01	0.000000e+00	1	0.000000e+00
4.964286e-01	5.216667e-01	0.000000e+00	1	0.000000e+00
4.964286e-01	5.216667e-01	0.000000e+00	1	0.000000e+00
4.964286e-01	5.216667e-01	0.000000e+00	1	0.000000e+00
4.964286e-01	5.216667e-01	0.000000e+00	1	0.000000e+00
4.964286e-01	5.216667e-01	0.000000e+00	1	0.000000e+00
4.964286e-01	5.216667e-01	0.000000e+00	1	0.000000e+00
4.964286e-01	5.216667e-01	0.000000e+00	1	0.000000e+00
4.964286e-01	5.216667e-01	0.000000e+00	1	0.000000e+00
4.964286e-01	5.216667e-01	0.000000e+00	1	0.000000e+00
4.964286e-01	5.216667e-01	0.000000e+00	1	0.000000e+00
4.964286e-01	5.216667e-01	0.000000e+00	1	0.000000e+00
4.964286e-01	5.216667e-01	0.000000e+00	1	0.000000e+00
4.964286e-01	5.216667e-01	0.000000e+00	1	0.000000e+00
4.964286e-01	5.216667e-01	0.000000e+00	1	0.000000e+00
4.964286e-01	5.216667e-01	0.000000e+00	1	0.000000e+00
4.964286e-01	5.216667e-01	0.000000e+00	1	0.000000e+00
4.964286e-01	5.216667e-01	0.000000e+00	1	0.000000e+00
4.964286e-01	5.216667e-01	0.000000e+00	1	0.000000e+00
4.964286e-01	5.216667e-01	0.000000e+00	1	0.000000e+00
Total execution time: 375.035
