# This file contains the data of final feasible population (if found)
# of objectives = 2, # of constraints = 0, # of real_var = 0, # of bits of bin_var = 0, constr_violation, rank, crowding_distance
5.178571e-01	5.100000e-01	0.000000e+00	1	1.000000e+14
5.125000e-01	5.157143e-01	0.000000e+00	1	1.000000e+14
5.148810e-01	5.114286e-01	0.000000e+00	1	6.527778e-01
5.178571e-01	5.100000e-01	0.000000e+00	1	4.027778e-01
5.125000e-01	5.157143e-01	0.000000e+00	1	3.750000e-01
5.148810e-01	5.114286e-01	0.000000e+00	1	3.472222e-01
5.125000e-01	5.157143e-01	0.000000e+00	1	2.222222e-01
5.125000e-01	5.157143e-01	0.000000e+00	1	0.000000e+00
5.125000e-01	5.157143e-01	0.000000e+00	1	0.000000e+00
5.125000e-01	5.157143e-01	0.000000e+00	1	0.000000e+00
5.125000e-01	5.157143e-01	0.000000e+00	1	0.000000e+00
5.125000e-01	5.157143e-01	0.000000e+00	1	0.000000e+00
5.125000e-01	5.157143e-01	0.000000e+00	1	0.000000e+00
5.125000e-01	5.157143e-01	0.000000e+00	1	0.000000e+00
5.125000e-01	5.157143e-01	0.000000e+00	1	0.000000e+00
5.125000e-01	5.157143e-01	0.000000e+00	1	0.000000e+00
5.125000e-01	5.157143e-01	0.000000e+00	1	0.000000e+00
5.125000e-01	5.157143e-01	0.000000e+00	1	0.000000e+00
5.125000e-01	5.157143e-01	0.000000e+00	1	0.000000e+00
5.125000e-01	5.157143e-01	0.000000e+00	1	0.000000e+00
5.125000e-01	5.157143e-01	0.000000e+00	1	0.000000e+00
5.125000e-01	5.157143e-01	0.000000e+00	1	0.000000e+00
5.125000e-01	5.157143e-01	0.000000e+00	1	0.000000e+00
5.125000e-01	5.157143e-01	0.000000e+00	1	0.000000e+00
5.125000e-01	5.157143e-01	0.000000e+00	1	0.000000e+00
5.125000e-01	5.157143e-01	0.000000e+00	1	0.000000e+00
5.125000e-01	5.157143e-01	0.000000e+00	1	0.000000e+00
5.125000e-01	5.157143e-01	0.000000e+00	1	0.000000e+00
5.125000e-01	5.157143e-01	0.000000e+00	1	0.000000e+00
5.125000e-01	5.157143e-01	0.000000e+00	1	0.000000e+00
5.125000e-01	5.157143e-01	0.000000e+00	1	0.000000e+00
5.125000e-01	5.157143e-01	0.000000e+00	1	0.000000e+00
5.125000e-01	5.157143e-01	0.000000e+00	1	0.000000e+00
5.125000e-01	5.157143e-01	0.000000e+00	1	0.000000e+00
5.125000e-01	5.157143e-01	0.000000e+00	1	0.000000e+00
5.125000e-01	5.157143e-01	0.000000e+00	1	0.000000e+00
5.125000e-01	5.157143e-01	0.000000e+00	1	0.000000e+00
5.125000e-01	5.157143e-01	0.000000e+00	1	0.000000e+00
5.125000e-01	5.157143e-01	0.000000e+00	1	0.000000e+00
5.125000e-01	5.157143e-01	0.000000e+00	1	0.000000e+00
5.125000e-01	5.157143e-01	0.000000e+00	1	0.000000e+00
5.125000e-01	5.157143e-01	0.000000e+00	1	0.000000e+00
5.125000e-01	5.157143e-01	0.000000e+00	1	0.000000e+00
5.125000e-01	5.157143e-01	0.000000e+00	1	0.000000e+00
5.125000e-01	5.157143e-01	0.000000e+00	1	0.000000e+00
5.125000e-01	5.157143e-01	0.000000e+00	1	0.000000e+00
5.125000e-01	5.157143e-01	0.000000e+00	1	0.000000e+00
5.125000e-01	5.157143e-01	0.000000e+00	1	0.000000e+00
5.125000e-01	5.157143e-01	0.000000e+00	1	0.000000e+00
5.125000e-01	5.157143e-01	0.000000e+00	1	0.000000e+00
5.125000e-01	5.157143e-01	0.000000e+00	1	0.000000e+00
5.125000e-01	5.157143e-01	0.000000e+00	1	0.000000e+00
5.125000e-01	5.157143e-01	0.000000e+00	1	0.000000e+00
5.125000e-01	5.157143e-01	0.000000e+00	1	0.000000e+00
5.125000e-01	5.157143e-01	0.000000e+00	1	0.000000e+00
5.125000e-01	5.157143e-01	0.000000e+00	1	0.000000e+00
5.125000e-01	5.157143e-01	0.000000e+00	1	0.000000e+00
5.125000e-01	5.157143e-01	0.000000e+00	1	0.000000e+00
5.125000e-01	5.157143e-01	0.000000e+00	1	0.000000e+00
5.125000e-01	5.157143e-01	0.000000e+00	1	0.000000e+00
5.125000e-01	5.157143e-01	0.000000e+00	1	0.000000e+00
5.125000e-01	5.157143e-01	0.000000e+00	1	0.000000e+00
5.125000e-01	5.157143e-01	0.000000e+00	1	0.000000e+00
5.125000e-01	5.157143e-01	0.000000e+00	1	0.000000e+00
5.125000e-01	5.157143e-01	0.000000e+00	1	0.000000e+00
5.125000e-01	5.157143e-01	0.000000e+00	1	0.000000e+00
5.125000e-01	5.157143e-01	0.000000e+00	1	0.000000e+00
5.125000e-01	5.157143e-01	0.000000e+00	1	0.000000e+00
5.125000e-01	5.157143e-01	0.000000e+00	1	0.000000e+00
5.125000e-01	5.157143e-01	0.000000e+00	1	0.000000e+00
5.125000e-01	5.157143e-01	0.000000e+00	1	0.000000e+00
5.125000e-01	5.157143e-01	0.000000e+00	1	0.000000e+00
5.125000e-01	5.157143e-01	0.000000e+00	1	0.000000e+00
5.125000e-01	5.157143e-01	0.000000e+00	1	0.000000e+00
5.125000e-01	5.157143e-01	0.000000e+00	1	0.000000e+00
5.125000e-01	5.157143e-01	0.000000e+00	1	0.000000e+00
5.125000e-01	5.157143e-01	0.000000e+00	1	0.000000e+00
5.125000e-01	5.157143e-01	0.000000e+00	1	0.000000e+00
5.125000e-01	5.157143e-01	0.000000e+00	1	0.000000e+00
5.125000e-01	5.157143e-01	0.000000e+00	1	0.000000e+00
5.125000e-01	5.157143e-01	0.000000e+00	1	0.000000e+00
5.125000e-01	5.157143e-01	0.000000e+00	1	0.000000e+00
5.125000e-01	5.157143e-01	0.000000e+00	1	0.000000e+00
5.125000e-01	5.157143e-01	0.000000e+00	1	0.000000e+00
5.125000e-01	5.157143e-01	0.000000e+00	1	0.000000e+00
5.125000e-01	5.157143e-01	0.000000e+00	1	0.000000e+00
5.125000e-01	5.157143e-01	0.000000e+00	1	0.000000e+00
5.125000e-01	5.157143e-01	0.000000e+00	1	0.000000e+00
5.125000e-01	5.157143e-01	0.000000e+00	1	0.000000e+00
5.125000e-01	5.157143e-01	0.000000e+00	1	0.000000e+00
5.125000e-01	5.157143e-01	0.000000e+00	1	0.000000e+00
5.125000e-01	5.157143e-01	0.000000e+00	1	0.000000e+00
5.125000e-01	5.157143e-01	0.000000e+00	1	0.000000e+00
5.125000e-01	5.157143e-01	0.000000e+00	1	0.000000e+00
5.125000e-01	5.157143e-01	0.000000e+00	1	0.000000e+00
5.125000e-01	5.157143e-01	0.000000e+00	1	0.000000e+00
5.125000e-01	5.157143e-01	0.000000e+00	1	0.000000e+00
5.125000e-01	5.157143e-01	0.000000e+00	1	0.000000e+00
5.125000e-01	5.157143e-01	0.000000e+00	1	0.000000e+00
5.125000e-01	5.157143e-01	0.000000e+00	1	0.000000e+00
5.125000e-01	5.157143e-01	0.000000e+00	1	0.000000e+00
5.125000e-01	5.157143e-01	0.000000e+00	1	0.000000e+00
5.125000e-01	5.157143e-01	0.000000e+00	1	0.000000e+00
5.125000e-01	5.157143e-01	0.000000e+00	1	0.000000e+00
5.125000e-01	5.157143e-01	0.000000e+00	1	0.000000e+00
5.125000e-01	5.157143e-01	0.000000e+00	1	0.000000e+00
5.125000e-01	5.157143e-01	0.000000e+00	1	0.000000e+00
5.125000e-01	5.157143e-01	0.000000e+00	1	0.000000e+00
5.125000e-01	5.157143e-01	0.000000e+00	1	0.000000e+00
5.125000e-01	5.157143e-01	0.000000e+00	1	0.000000e+00
5.125000e-01	5.157143e-01	0.000000e+00	1	0.000000e+00
5.125000e-01	5.157143e-01	0.000000e+00	1	0.000000e+00
5.125000e-01	5.157143e-01	0.000000e+00	1	0.000000e+00
5.125000e-01	5.157143e-01	0.000000e+00	1	0.000000e+00
5.125000e-01	5.157143e-01	0.000000e+00	1	0.000000e+00
5.125000e-01	5.157143e-01	0.000000e+00	1	0.000000e+00
5.125000e-01	5.157143e-01	0.000000e+00	1	0.000000e+00
5.125000e-01	5.157143e-01	0.000000e+00	1	0.000000e+00
5.125000e-01	5.157143e-01	0.000000e+00	1	0.000000e+00
5.125000e-01	5.157143e-01	0.000000e+00	1	0.000000e+00
5.125000e-01	5.157143e-01	0.000000e+00	1	0.000000e+00
5.125000e-01	5.157143e-01	0.000000e+00	1	0.000000e+00
5.125000e-01	5.157143e-01	0.000000e+00	1	0.000000e+00
5.125000e-01	5.157143e-01	0.000000e+00	1	0.000000e+00
5.125000e-01	5.157143e-01	0.000000e+00	1	0.000000e+00
5.125000e-01	5.157143e-01	0.000000e+00	1	0.000000e+00
5.125000e-01	5.157143e-01	0.000000e+00	1	0.000000e+00
5.125000e-01	5.157143e-01	0.000000e+00	1	0.000000e+00
5.125000e-01	5.157143e-01	0.000000e+00	1	0.000000e+00
5.125000e-01	5.157143e-01	0.000000e+00	1	0.000000e+00
5.125000e-01	5.157143e-01	0.000000e+00	1	0.000000e+00
5.125000e-01	5.157143e-01	0.000000e+00	1	0.000000e+00
5.125000e-01	5.157143e-01	0.000000e+00	1	0.000000e+00
5.125000e-01	5.157143e-01	0.000000e+00	1	0.000000e+00
5.125000e-01	5.157143e-01	0.000000e+00	1	0.000000e+00
5.125000e-01	5.157143e-01	0.000000e+00	1	0.000000e+00
5.125000e-01	5.157143e-01	0.000000e+00	1	0.000000e+00
5.125000e-01	5.157143e-01	0.000000e+00	1	0.000000e+00
5.125000e-01	5.157143e-01	0.000000e+00	1	0.000000e+00
5.125000e-01	5.157143e-01	0.000000e+00	1	0.000000e+00
5.125000e-01	5.157143e-01	0.000000e+00	1	0.000000e+00
5.125000e-01	5.157143e-01	0.000000e+00	1	0.000000e+00
5.125000e-01	5.157143e-01	0.000000e+00	1	0.000000e+00
5.125000e-01	5.157143e-01	0.000000e+00	1	0.000000e+00
5.125000e-01	5.157143e-01	0.000000e+00	1	0.000000e+00
5.125000e-01	5.157143e-01	0.000000e+00	1	0.000000e+00
5.125000e-01	5.157143e-01	0.000000e+00	1	0.000000e+00
5.125000e-01	5.157143e-01	0.000000e+00	1	0.000000e+00
5.125000e-01	5.157143e-01	0.000000e+00	1	0.000000e+00
5.125000e-01	5.157143e-01	0.000000e+00	1	0.000000e+00
5.125000e-01	5.157143e-01	0.000000e+00	1	0.000000e+00
5.125000e-01	5.157143e-01	0.000000e+00	1	0.000000e+00
5.125000e-01	5.157143e-01	0.000000e+00	1	0.000000e+00
5.125000e-01	5.157143e-01	0.000000e+00	1	0.000000e+00
5.125000e-01	5.157143e-01	0.000000e+00	1	0.000000e+00
5.125000e-01	5.157143e-01	0.000000e+00	1	0.000000e+00
5.125000e-01	5.157143e-01	0.000000e+00	1	0.000000e+00
5.125000e-01	5.157143e-01	0.000000e+00	1	0.000000e+00
5.125000e-01	5.157143e-01	0.000000e+00	1	0.000000e+00
5.125000e-01	5.157143e-01	0.000000e+00	1	0.000000e+00
5.125000e-01	5.157143e-01	0.000000e+00	1	0.000000e+00
5.125000e-01	5.157143e-01	0.000000e+00	1	0.000000e+00
5.125000e-01	5.157143e-01	0.000000e+00	1	0.000000e+00
5.125000e-01	5.157143e-01	0.000000e+00	1	0.000000e+00
5.125000e-01	5.157143e-01	0.000000e+00	1	0.000000e+00
5.125000e-01	5.157143e-01	0.000000e+00	1	0.000000e+00
5.125000e-01	5.157143e-01	0.000000e+00	1	0.000000e+00
5.125000e-01	5.157143e-01	0.000000e+00	1	0.000000e+00
5.125000e-01	5.157143e-01	0.000000e+00	1	0.000000e+00
5.125000e-01	5.157143e-01	0.000000e+00	1	0.000000e+00
5.125000e-01	5.157143e-01	0.000000e+00	1	0.000000e+00
5.125000e-01	5.157143e-01	0.000000e+00	1	0.000000e+00
5.125000e-01	5.157143e-01	0.000000e+00	1	0.000000e+00
5.125000e-01	5.157143e-01	0.000000e+00	1	0.000000e+00
5.125000e-01	5.157143e-01	0.000000e+00	1	0.000000e+00
5.125000e-01	5.157143e-01	0.000000e+00	1	0.000000e+00
5.125000e-01	5.157143e-01	0.000000e+00	1	0.000000e+00
5.125000e-01	5.157143e-01	0.000000e+00	1	0.000000e+00
5.125000e-01	5.157143e-01	0.000000e+00	1	0.000000e+00
5.125000e-01	5.157143e-01	0.000000e+00	1	0.000000e+00
5.148810e-01	5.114286e-01	0.000000e+00	1	0.000000e+00
5.125000e-01	5.157143e-01	0.000000e+00	1	0.000000e+00
5.125000e-01	5.157143e-01	0.000000e+00	1	0.000000e+00
5.125000e-01	5.157143e-01	0.000000e+00	1	0.000000e+00
5.125000e-01	5.157143e-01	0.000000e+00	1	0.000000e+00
5.125000e-01	5.157143e-01	0.000000e+00	1	0.000000e+00
5.125000e-01	5.157143e-01	0.000000e+00	1	0.000000e+00
5.125000e-01	5.157143e-01	0.000000e+00	1	0.000000e+00
5.125000e-01	5.157143e-01	0.000000e+00	1	0.000000e+00
5.125000e-01	5.157143e-01	0.000000e+00	1	0.000000e+00
5.125000e-01	5.157143e-01	0.000000e+00	1	0.000000e+00
5.125000e-01	5.157143e-01	0.000000e+00	1	0.000000e+00
5.125000e-01	5.157143e-01	0.000000e+00	1	0.000000e+00
5.125000e-01	5.157143e-01	0.000000e+00	1	0.000000e+00
5.125000e-01	5.157143e-01	0.000000e+00	1	0.000000e+00
5.125000e-01	5.157143e-01	0.000000e+00	1	0.000000e+00
5.125000e-01	5.157143e-01	0.000000e+00	1	0.000000e+00
5.148810e-01	5.114286e-01	0.000000e+00	1	0.000000e+00
5.125000e-01	5.157143e-01	0.000000e+00	1	0.000000e+00
5.125000e-01	5.157143e-01	0.000000e+00	1	0.000000e+00
5.125000e-01	5.157143e-01	0.000000e+00	1	0.000000e+00
5.125000e-01	5.157143e-01	0.000000e+00	1	0.000000e+00
5.125000e-01	5.157143e-01	0.000000e+00	1	0.000000e+00
5.125000e-01	5.157143e-01	0.000000e+00	1	0.000000e+00
5.125000e-01	5.157143e-01	0.000000e+00	1	0.000000e+00
5.125000e-01	5.157143e-01	0.000000e+00	1	0.000000e+00
5.125000e-01	5.157143e-01	0.000000e+00	1	0.000000e+00
5.125000e-01	5.157143e-01	0.000000e+00	1	0.000000e+00
5.125000e-01	5.157143e-01	0.000000e+00	1	0.000000e+00
5.125000e-01	5.157143e-01	0.000000e+00	1	0.000000e+00
5.125000e-01	5.157143e-01	0.000000e+00	1	0.000000e+00
5.125000e-01	5.157143e-01	0.000000e+00	1	0.000000e+00
5.125000e-01	5.157143e-01	0.000000e+00	1	0.000000e+00
5.125000e-01	5.157143e-01	0.000000e+00	1	0.000000e+00
5.125000e-01	5.157143e-01	0.000000e+00	1	0.000000e+00
5.125000e-01	5.157143e-01	0.000000e+00	1	0.000000e+00
5.125000e-01	5.157143e-01	0.000000e+00	1	0.000000e+00
5.125000e-01	5.157143e-01	0.000000e+00	1	0.000000e+00
5.125000e-01	5.157143e-01	0.000000e+00	1	0.000000e+00
5.125000e-01	5.157143e-01	0.000000e+00	1	0.000000e+00
5.125000e-01	5.157143e-01	0.000000e+00	1	0.000000e+00
5.125000e-01	5.157143e-01	0.000000e+00	1	0.000000e+00
5.125000e-01	5.157143e-01	0.000000e+00	1	0.000000e+00
5.125000e-01	5.157143e-01	0.000000e+00	1	0.000000e+00
5.125000e-01	5.157143e-01	0.000000e+00	1	0.000000e+00
5.125000e-01	5.157143e-01	0.000000e+00	1	0.000000e+00
5.125000e-01	5.157143e-01	0.000000e+00	1	0.000000e+00
5.125000e-01	5.157143e-01	0.000000e+00	1	0.000000e+00
5.125000e-01	5.157143e-01	0.000000e+00	1	0.000000e+00
5.125000e-01	5.157143e-01	0.000000e+00	1	0.000000e+00
5.125000e-01	5.157143e-01	0.000000e+00	1	0.000000e+00
5.125000e-01	5.157143e-01	0.000000e+00	1	0.000000e+00
5.125000e-01	5.157143e-01	0.000000e+00	1	0.000000e+00
5.125000e-01	5.157143e-01	0.000000e+00	1	0.000000e+00
5.125000e-01	5.157143e-01	0.000000e+00	1	0.000000e+00
5.125000e-01	5.157143e-01	0.000000e+00	1	0.000000e+00
5.125000e-01	5.157143e-01	0.000000e+00	1	0.000000e+00
5.125000e-01	5.157143e-01	0.000000e+00	1	0.000000e+00
5.125000e-01	5.157143e-01	0.000000e+00	1	0.000000e+00
5.125000e-01	5.157143e-01	0.000000e+00	1	0.000000e+00
5.125000e-01	5.157143e-01	0.000000e+00	1	0.000000e+00
5.125000e-01	5.157143e-01	0.000000e+00	1	0.000000e+00
5.125000e-01	5.157143e-01	0.000000e+00	1	0.000000e+00
5.125000e-01	5.157143e-01	0.000000e+00	1	0.000000e+00
5.125000e-01	5.157143e-01	0.000000e+00	1	0.000000e+00
5.125000e-01	5.157143e-01	0.000000e+00	1	0.000000e+00
5.125000e-01	5.157143e-01	0.000000e+00	1	0.000000e+00
5.125000e-01	5.157143e-01	0.000000e+00	1	0.000000e+00
5.125000e-01	5.157143e-01	0.000000e+00	1	0.000000e+00
5.125000e-01	5.157143e-01	0.000000e+00	1	0.000000e+00
5.125000e-01	5.157143e-01	0.000000e+00	1	0.000000e+00
5.125000e-01	5.157143e-01	0.000000e+00	1	0.000000e+00
5.125000e-01	5.157143e-01	0.000000e+00	1	0.000000e+00
5.125000e-01	5.157143e-01	0.000000e+00	1	0.000000e+00
5.125000e-01	5.157143e-01	0.000000e+00	1	0.000000e+00
5.125000e-01	5.157143e-01	0.000000e+00	1	0.000000e+00
5.125000e-01	5.157143e-01	0.000000e+00	1	0.000000e+00
5.125000e-01	5.157143e-01	0.000000e+00	1	0.000000e+00
5.125000e-01	5.157143e-01	0.000000e+00	1	0.000000e+00
5.125000e-01	5.157143e-01	0.000000e+00	1	0.000000e+00
5.125000e-01	5.157143e-01	0.000000e+00	1	0.000000e+00
5.125000e-01	5.157143e-01	0.000000e+00	1	0.000000e+00
5.125000e-01	5.157143e-01	0.000000e+00	1	0.000000e+00
5.125000e-01	5.157143e-01	0.000000e+00	1	0.000000e+00
5.125000e-01	5.157143e-01	0.000000e+00	1	0.000000e+00
5.125000e-01	5.157143e-01	0.000000e+00	1	0.000000e+00
5.125000e-01	5.157143e-01	0.000000e+00	1	0.000000e+00
5.125000e-01	5.157143e-01	0.000000e+00	1	0.000000e+00
5.125000e-01	5.157143e-01	0.000000e+00	1	0.000000e+00
5.125000e-01	5.157143e-01	0.000000e+00	1	0.000000e+00
5.125000e-01	5.157143e-01	0.000000e+00	1	0.000000e+00
5.125000e-01	5.157143e-01	0.000000e+00	1	0.000000e+00
5.125000e-01	5.157143e-01	0.000000e+00	1	0.000000e+00
5.125000e-01	5.157143e-01	0.000000e+00	1	0.000000e+00
5.125000e-01	5.157143e-01	0.000000e+00	1	0.000000e+00
5.125000e-01	5.157143e-01	0.000000e+00	1	0.000000e+00
5.125000e-01	5.157143e-01	0.000000e+00	1	0.000000e+00
5.125000e-01	5.157143e-01	0.000000e+00	1	0.000000e+00
5.125000e-01	5.157143e-01	0.000000e+00	1	0.000000e+00
5.125000e-01	5.157143e-01	0.000000e+00	1	0.000000e+00
5.125000e-01	5.157143e-01	0.000000e+00	1	0.000000e+00
5.125000e-01	5.157143e-01	0.000000e+00	1	0.000000e+00
5.125000e-01	5.157143e-01	0.000000e+00	1	0.000000e+00
5.125000e-01	5.157143e-01	0.000000e+00	1	0.000000e+00
5.125000e-01	5.157143e-01	0.000000e+00	1	0.000000e+00
5.125000e-01	5.157143e-01	0.000000e+00	1	0.000000e+00
5.125000e-01	5.157143e-01	0.000000e+00	1	0.000000e+00
5.125000e-01	5.157143e-01	0.000000e+00	1	0.000000e+00
5.125000e-01	5.157143e-01	0.000000e+00	1	0.000000e+00
5.125000e-01	5.157143e-01	0.000000e+00	1	0.000000e+00
5.125000e-01	5.157143e-01	0.000000e+00	1	0.000000e+00
5.125000e-01	5.157143e-01	0.000000e+00	1	0.000000e+00
5.125000e-01	5.157143e-01	0.000000e+00	1	0.000000e+00
5.125000e-01	5.157143e-01	0.000000e+00	1	0.000000e+00
5.125000e-01	5.157143e-01	0.000000e+00	1	0.000000e+00
5.125000e-01	5.157143e-01	0.000000e+00	1	0.000000e+00
5.148810e-01	5.114286e-01	0.000000e+00	1	0.000000e+00
5.125000e-01	5.157143e-01	0.000000e+00	1	0.000000e+00
5.125000e-01	5.157143e-01	0.000000e+00	1	0.000000e+00
5.125000e-01	5.157143e-01	0.000000e+00	1	0.000000e+00
5.125000e-01	5.157143e-01	0.000000e+00	1	0.000000e+00
5.125000e-01	5.157143e-01	0.000000e+00	1	0.000000e+00
5.125000e-01	5.157143e-01	0.000000e+00	1	0.000000e+00
5.125000e-01	5.157143e-01	0.000000e+00	1	0.000000e+00
5.125000e-01	5.157143e-01	0.000000e+00	1	0.000000e+00
5.125000e-01	5.157143e-01	0.000000e+00	1	0.000000e+00
5.125000e-01	5.157143e-01	0.000000e+00	1	0.000000e+00
5.125000e-01	5.157143e-01	0.000000e+00	1	0.000000e+00
5.125000e-01	5.157143e-01	0.000000e+00	1	0.000000e+00
5.125000e-01	5.157143e-01	0.000000e+00	1	0.000000e+00
5.125000e-01	5.157143e-01	0.000000e+00	1	0.000000e+00
5.125000e-01	5.157143e-01	0.000000e+00	1	0.000000e+00
5.125000e-01	5.157143e-01	0.000000e+00	1	0.000000e+00
5.125000e-01	5.157143e-01	0.000000e+00	1	0.000000e+00
5.125000e-01	5.157143e-01	0.000000e+00	1	0.000000e+00
5.125000e-01	5.157143e-01	0.000000e+00	1	0.000000e+00
5.125000e-01	5.157143e-01	0.000000e+00	1	0.000000e+00
5.125000e-01	5.157143e-01	0.000000e+00	1	0.000000e+00
5.125000e-01	5.157143e-01	0.000000e+00	1	0.000000e+00
5.125000e-01	5.157143e-01	0.000000e+00	1	0.000000e+00
5.125000e-01	5.157143e-01	0.000000e+00	1	0.000000e+00
5.125000e-01	5.157143e-01	0.000000e+00	1	0.000000e+00
5.125000e-01	5.157143e-01	0.000000e+00	1	0.000000e+00
5.125000e-01	5.157143e-01	0.000000e+00	1	0.000000e+00
5.125000e-01	5.157143e-01	0.000000e+00	1	0.000000e+00
5.125000e-01	5.157143e-01	0.000000e+00	1	0.000000e+00
5.125000e-01	5.157143e-01	0.000000e+00	1	0.000000e+00
5.125000e-01	5.157143e-01	0.000000e+00	1	0.000000e+00
5.125000e-01	5.157143e-01	0.000000e+00	1	0.000000e+00
5.125000e-01	5.157143e-01	0.000000e+00	1	0.000000e+00
5.125000e-01	5.157143e-01	0.000000e+00	1	0.000000e+00
5.125000e-01	5.157143e-01	0.000000e+00	1	0.000000e+00
5.125000e-01	5.157143e-01	0.000000e+00	1	0.000000e+00
5.125000e-01	5.157143e-01	0.000000e+00	1	0.000000e+00
5.125000e-01	5.157143e-01	0.000000e+00	1	0.000000e+00
5.125000e-01	5.157143e-01	0.000000e+00	1	0.000000e+00
5.125000e-01	5.157143e-01	0.000000e+00	1	0.000000e+00
5.125000e-01	5.157143e-01	0.000000e+00	1	0.000000e+00
5.125000e-01	5.157143e-01	0.000000e+00	1	0.000000e+00
5.125000e-01	5.157143e-01	0.000000e+00	1	0.000000e+00
5.125000e-01	5.157143e-01	0.000000e+00	1	0.000000e+00
5.125000e-01	5.157143e-01	0.000000e+00	1	0.000000e+00
5.125000e-01	5.157143e-01	0.000000e+00	1	0.000000e+00
5.125000e-01	5.157143e-01	0.000000e+00	1	0.000000e+00
5.125000e-01	5.157143e-01	0.000000e+00	1	0.000000e+00
5.125000e-01	5.157143e-01	0.000000e+00	1	0.000000e+00
5.125000e-01	5.157143e-01	0.000000e+00	1	0.000000e+00
5.125000e-01	5.157143e-01	0.000000e+00	1	0.000000e+00
5.125000e-01	5.157143e-01	0.000000e+00	1	0.000000e+00
5.125000e-01	5.157143e-01	0.000000e+00	1	0.000000e+00
5.125000e-01	5.157143e-01	0.000000e+00	1	0.000000e+00
5.125000e-01	5.157143e-01	0.000000e+00	1	0.000000e+00
5.125000e-01	5.157143e-01	0.000000e+00	1	0.000000e+00
5.125000e-01	5.157143e-01	0.000000e+00	1	0.000000e+00
5.125000e-01	5.157143e-01	0.000000e+00	1	0.000000e+00
5.125000e-01	5.157143e-01	0.000000e+00	1	0.000000e+00
5.125000e-01	5.157143e-01	0.000000e+00	1	0.000000e+00
5.125000e-01	5.157143e-01	0.000000e+00	1	0.000000e+00
5.125000e-01	5.157143e-01	0.000000e+00	1	0.000000e+00
5.125000e-01	5.157143e-01	0.000000e+00	1	0.000000e+00
5.125000e-01	5.157143e-01	0.000000e+00	1	0.000000e+00
5.125000e-01	5.157143e-01	0.000000e+00	1	0.000000e+00
5.125000e-01	5.157143e-01	0.000000e+00	1	0.000000e+00
5.125000e-01	5.157143e-01	0.000000e+00	1	0.000000e+00
5.125000e-01	5.157143e-01	0.000000e+00	1	0.000000e+00
5.125000e-01	5.157143e-01	0.000000e+00	1	0.000000e+00
5.125000e-01	5.157143e-01	0.000000e+00	1	0.000000e+00
5.125000e-01	5.157143e-01	0.000000e+00	1	0.000000e+00
5.125000e-01	5.157143e-01	0.000000e+00	1	0.000000e+00
5.125000e-01	5.157143e-01	0.000000e+00	1	0.000000e+00
5.125000e-01	5.157143e-01	0.000000e+00	1	0.000000e+00
5.125000e-01	5.157143e-01	0.000000e+00	1	0.000000e+00
5.125000e-01	5.157143e-01	0.000000e+00	1	0.000000e+00
5.125000e-01	5.157143e-01	0.000000e+00	1	0.000000e+00
5.125000e-01	5.157143e-01	0.000000e+00	1	0.000000e+00
5.125000e-01	5.157143e-01	0.000000e+00	1	0.000000e+00
5.125000e-01	5.157143e-01	0.000000e+00	1	0.000000e+00
5.125000e-01	5.157143e-01	0.000000e+00	1	0.000000e+00
5.125000e-01	5.157143e-01	0.000000e+00	1	0.000000e+00
5.125000e-01	5.157143e-01	0.000000e+00	1	0.000000e+00
5.125000e-01	5.157143e-01	0.000000e+00	1	0.000000e+00
5.125000e-01	5.157143e-01	0.000000e+00	1	0.000000e+00
5.125000e-01	5.157143e-01	0.000000e+00	1	0.000000e+00
5.125000e-01	5.157143e-01	0.000000e+00	1	0.000000e+00
5.125000e-01	5.157143e-01	0.000000e+00	1	0.000000e+00
5.125000e-01	5.157143e-01	0.000000e+00	1	0.000000e+00
5.125000e-01	5.157143e-01	0.000000e+00	1	0.000000e+00
5.125000e-01	5.157143e-01	0.000000e+00	1	0.000000e+00
5.125000e-01	5.157143e-01	0.000000e+00	1	0.000000e+00
5.125000e-01	5.157143e-01	0.000000e+00	1	0.000000e+00
5.125000e-01	5.157143e-01	0.000000e+00	1	0.000000e+00
5.125000e-01	5.157143e-01	0.000000e+00	1	0.000000e+00
5.125000e-01	5.157143e-01	0.000000e+00	1	0.000000e+00
5.125000e-01	5.157143e-01	0.000000e+00	1	0.000000e+00
5.125000e-01	5.157143e-01	0.000000e+00	1	0.000000e+00
5.125000e-01	5.157143e-01	0.000000e+00	1	0.000000e+00
5.125000e-01	5.157143e-01	0.000000e+00	1	0.000000e+00
5.125000e-01	5.157143e-01	0.000000e+00	1	0.000000e+00
5.125000e-01	5.157143e-01	0.000000e+00	1	0.000000e+00
5.125000e-01	5.157143e-01	0.000000e+00	1	0.000000e+00
5.125000e-01	5.157143e-01	0.000000e+00	1	0.000000e+00
5.125000e-01	5.157143e-01	0.000000e+00	1	0.000000e+00
5.125000e-01	5.157143e-01	0.000000e+00	1	0.000000e+00
5.125000e-01	5.157143e-01	0.000000e+00	1	0.000000e+00
5.125000e-01	5.157143e-01	0.000000e+00	1	0.000000e+00
5.125000e-01	5.157143e-01	0.000000e+00	1	0.000000e+00
5.125000e-01	5.157143e-01	0.000000e+00	1	0.000000e+00
5.125000e-01	5.157143e-01	0.000000e+00	1	0.000000e+00
5.125000e-01	5.157143e-01	0.000000e+00	1	0.000000e+00
5.125000e-01	5.157143e-01	0.000000e+00	1	0.000000e+00
5.125000e-01	5.157143e-01	0.000000e+00	1	0.000000e+00
5.125000e-01	5.157143e-01	0.000000e+00	1	0.000000e+00
5.125000e-01	5.157143e-01	0.000000e+00	1	0.000000e+00
5.125000e-01	5.157143e-01	0.000000e+00	1	0.000000e+00
5.125000e-01	5.157143e-01	0.000000e+00	1	0.000000e+00
5.125000e-01	5.157143e-01	0.000000e+00	1	0.000000e+00
5.125000e-01	5.157143e-01	0.000000e+00	1	0.000000e+00
5.125000e-01	5.157143e-01	0.000000e+00	1	0.000000e+00
5.125000e-01	5.157143e-01	0.000000e+00	1	0.000000e+00
5.125000e-01	5.157143e-01	0.000000e+00	1	0.000000e+00
5.125000e-01	5.157143e-01	0.000000e+00	1	0.000000e+00
5.125000e-01	5.157143e-01	0.000000e+00	1	0.000000e+00
5.125000e-01	5.157143e-01	0.000000e+00	1	0.000000e+00
5.125000e-01	5.157143e-01	0.000000e+00	1	0.000000e+00
5.125000e-01	5.157143e-01	0.000000e+00	1	0.000000e+00
5.125000e-01	5.157143e-01	0.000000e+00	1	0.000000e+00
5.125000e-01	5.157143e-01	0.000000e+00	1	0.000000e+00
5.125000e-01	5.157143e-01	0.000000e+00	1	0.000000e+00
5.125000e-01	5.157143e-01	0.000000e+00	1	0.000000e+00
5.125000e-01	5.157143e-01	0.000000e+00	1	0.000000e+00
5.125000e-01	5.157143e-01	0.000000e+00	1	0.000000e+00
5.125000e-01	5.157143e-01	0.000000e+00	1	0.000000e+00
5.125000e-01	5.157143e-01	0.000000e+00	1	0.000000e+00
5.125000e-01	5.157143e-01	0.000000e+00	1	0.000000e+00
5.125000e-01	5.157143e-01	0.000000e+00	1	0.000000e+00
5.125000e-01	5.157143e-01	0.000000e+00	1	0.000000e+00
5.125000e-01	5.157143e-01	0.000000e+00	1	0.000000e+00
5.125000e-01	5.157143e-01	0.000000e+00	1	0.000000e+00
5.125000e-01	5.157143e-01	0.000000e+00	1	0.000000e+00
5.125000e-01	5.157143e-01	0.000000e+00	1	0.000000e+00
5.125000e-01	5.157143e-01	0.000000e+00	1	0.000000e+00
5.125000e-01	5.157143e-01	0.000000e+00	1	0.000000e+00
5.125000e-01	5.157143e-01	0.000000e+00	1	0.000000e+00
5.125000e-01	5.157143e-01	0.000000e+00	1	0.000000e+00
5.125000e-01	5.157143e-01	0.000000e+00	1	0.000000e+00
5.125000e-01	5.157143e-01	0.000000e+00	1	0.000000e+00
5.125000e-01	5.157143e-01	0.000000e+00	1	0.000000e+00
5.125000e-01	5.157143e-01	0.000000e+00	1	0.000000e+00
5.125000e-01	5.157143e-01	0.000000e+00	1	0.000000e+00
5.125000e-01	5.157143e-01	0.000000e+00	1	0.000000e+00
5.125000e-01	5.157143e-01	0.000000e+00	1	0.000000e+00
5.125000e-01	5.157143e-01	0.000000e+00	1	0.000000e+00
5.125000e-01	5.157143e-01	0.000000e+00	1	0.000000e+00
5.125000e-01	5.157143e-01	0.000000e+00	1	0.000000e+00
5.125000e-01	5.157143e-01	0.000000e+00	1	0.000000e+00
5.125000e-01	5.157143e-01	0.000000e+00	1	0.000000e+00
5.125000e-01	5.157143e-01	0.000000e+00	1	0.000000e+00
5.125000e-01	5.157143e-01	0.000000e+00	1	0.000000e+00
5.125000e-01	5.157143e-01	0.000000e+00	1	0.000000e+00
5.125000e-01	5.157143e-01	0.000000e+00	1	0.000000e+00
5.125000e-01	5.157143e-01	0.000000e+00	1	0.000000e+00
5.125000e-01	5.157143e-01	0.000000e+00	1	0.000000e+00
5.125000e-01	5.157143e-01	0.000000e+00	1	0.000000e+00
5.125000e-01	5.157143e-01	0.000000e+00	1	0.000000e+00
5.125000e-01	5.157143e-01	0.000000e+00	1	0.000000e+00
5.125000e-01	5.157143e-01	0.000000e+00	1	0.000000e+00
5.125000e-01	5.157143e-01	0.000000e+00	1	0.000000e+00
5.125000e-01	5.157143e-01	0.000000e+00	1	0.000000e+00
5.125000e-01	5.157143e-01	0.000000e+00	1	0.000000e+00
5.125000e-01	5.157143e-01	0.000000e+00	1	0.000000e+00
5.125000e-01	5.157143e-01	0.000000e+00	1	0.000000e+00
5.125000e-01	5.157143e-01	0.000000e+00	1	0.000000e+00
5.125000e-01	5.157143e-01	0.000000e+00	1	0.000000e+00
5.125000e-01	5.157143e-01	0.000000e+00	1	0.000000e+00
5.125000e-01	5.157143e-01	0.000000e+00	1	0.000000e+00
5.125000e-01	5.157143e-01	0.000000e+00	1	0.000000e+00
5.125000e-01	5.157143e-01	0.000000e+00	1	0.000000e+00
5.125000e-01	5.157143e-01	0.000000e+00	1	0.000000e+00
5.125000e-01	5.157143e-01	0.000000e+00	1	0.000000e+00
5.125000e-01	5.157143e-01	0.000000e+00	1	0.000000e+00
5.125000e-01	5.157143e-01	0.000000e+00	1	0.000000e+00
5.125000e-01	5.157143e-01	0.000000e+00	1	0.000000e+00
5.125000e-01	5.157143e-01	0.000000e+00	1	0.000000e+00
5.125000e-01	5.157143e-01	0.000000e+00	1	0.000000e+00
5.125000e-01	5.157143e-01	0.000000e+00	1	0.000000e+00
5.125000e-01	5.157143e-01	0.000000e+00	1	0.000000e+00
5.125000e-01	5.157143e-01	0.000000e+00	1	0.000000e+00
5.125000e-01	5.157143e-01	0.000000e+00	1	0.000000e+00
5.125000e-01	5.157143e-01	0.000000e+00	1	0.000000e+00
5.125000e-01	5.157143e-01	0.000000e+00	1	0.000000e+00
5.125000e-01	5.157143e-01	0.000000e+00	1	0.000000e+00
5.125000e-01	5.157143e-01	0.000000e+00	1	0.000000e+00
5.125000e-01	5.157143e-01	0.000000e+00	1	0.000000e+00
5.125000e-01	5.157143e-01	0.000000e+00	1	0.000000e+00
5.125000e-01	5.157143e-01	0.000000e+00	1	0.000000e+00
5.125000e-01	5.157143e-01	0.000000e+00	1	0.000000e+00
5.125000e-01	5.157143e-01	0.000000e+00	1	0.000000e+00
5.125000e-01	5.157143e-01	0.000000e+00	1	0.000000e+00
5.125000e-01	5.157143e-01	0.000000e+00	1	0.000000e+00
5.125000e-01	5.157143e-01	0.000000e+00	1	0.000000e+00
Total execution time: 463.546
