# This file contains the data of final feasible population (if found)
# of objectives = 2, # of constraints = 0, # of real_var = 0, # of bits of bin_var = 0, constr_violation, rank, crowding_distance
4.610000e+02	4.010000e+02	0.000000e+00	1	1.000000e+14
6.740000e+02	2.430000e+02	0.000000e+00	1	1.000000e+14
6.380000e+02	2.650000e+02	0.000000e+00	1	2.357818e-02
6.420000e+02	2.640000e+02	0.000000e+00	1	1.571879e-02
5.740000e+02	3.080000e+02	0.000000e+00	1	1.571879e-02
5.050000e+02	3.570000e+02	0.000000e+00	1	1.571879e-02
6.490000e+02	2.600000e+02	0.000000e+00	1	1.490165e-02
4.620000e+02	3.980000e+02	0.000000e+00	1	1.418851e-02
4.980000e+02	3.640000e+02	0.000000e+00	1	1.418851e-02
6.320000e+02	2.680000e+02	0.000000e+00	1	1.408451e-02
6.600000e+02	2.520000e+02	0.000000e+00	1	1.337137e-02
5.080000e+02	3.560000e+02	0.000000e+00	1	1.337137e-02
6.580000e+02	2.530000e+02	0.000000e+00	1	1.337137e-02
6.020000e+02	2.880000e+02	0.000000e+00	1	1.337137e-02
5.740000e+02	3.080000e+02	0.000000e+00	1	1.255423e-02
5.010000e+02	3.590000e+02	0.000000e+00	1	1.255423e-02
6.380000e+02	2.650000e+02	0.000000e+00	1	1.255423e-02
4.640000e+02	3.970000e+02	0.000000e+00	1	1.184109e-02
4.730000e+02	3.870000e+02	0.000000e+00	1	1.184109e-02
4.650000e+02	3.940000e+02	0.000000e+00	1	1.184109e-02
5.780000e+02	3.070000e+02	0.000000e+00	1	1.184109e-02
6.440000e+02	2.620000e+02	0.000000e+00	1	1.173709e-02
4.830000e+02	3.750000e+02	0.000000e+00	1	1.102395e-02
4.800000e+02	3.800000e+02	0.000000e+00	1	1.102395e-02
5.680000e+02	3.120000e+02	0.000000e+00	1	1.102395e-02
5.660000e+02	3.140000e+02	0.000000e+00	1	1.102395e-02
5.700000e+02	3.100000e+02	0.000000e+00	1	1.102395e-02
4.780000e+02	3.820000e+02	0.000000e+00	1	1.102395e-02
5.330000e+02	3.400000e+02	0.000000e+00	1	1.102395e-02
6.680000e+02	2.480000e+02	0.000000e+00	1	1.102395e-02
6.540000e+02	2.560000e+02	0.000000e+00	1	1.102395e-02
6.490000e+02	2.600000e+02	0.000000e+00	1	1.102395e-02
5.330000e+02	3.400000e+02	0.000000e+00	1	1.020681e-02
6.550000e+02	2.550000e+02	0.000000e+00	1	1.020681e-02
6.180000e+02	2.760000e+02	0.000000e+00	1	1.020681e-02
6.110000e+02	2.830000e+02	0.000000e+00	1	1.020681e-02
5.150000e+02	3.490000e+02	0.000000e+00	1	1.020681e-02
6.210000e+02	2.750000e+02	0.000000e+00	1	1.020681e-02
6.080000e+02	2.840000e+02	0.000000e+00	1	1.020681e-02
6.300000e+02	2.700000e+02	0.000000e+00	1	1.020681e-02
5.300000e+02	3.410000e+02	0.000000e+00	1	1.020681e-02
6.680000e+02	2.480000e+02	0.000000e+00	1	1.020681e-02
4.870000e+02	3.720000e+02	0.000000e+00	1	1.020681e-02
5.990000e+02	2.900000e+02	0.000000e+00	1	1.020681e-02
4.610000e+02	4.010000e+02	0.000000e+00	1	9.493671e-03
6.320000e+02	2.680000e+02	0.000000e+00	1	9.493671e-03
4.810000e+02	3.770000e+02	0.000000e+00	1	9.493671e-03
5.790000e+02	3.040000e+02	0.000000e+00	1	9.493671e-03
4.800000e+02	3.800000e+02	0.000000e+00	1	9.493671e-03
4.990000e+02	3.610000e+02	0.000000e+00	1	9.493671e-03
4.720000e+02	3.900000e+02	0.000000e+00	1	9.493671e-03
5.700000e+02	3.100000e+02	0.000000e+00	1	9.389671e-03
5.580000e+02	3.200000e+02	0.000000e+00	1	9.389671e-03
5.620000e+02	3.180000e+02	0.000000e+00	1	9.389671e-03
5.780000e+02	3.070000e+02	0.000000e+00	1	9.389671e-03
6.170000e+02	2.780000e+02	0.000000e+00	1	8.676532e-03
4.770000e+02	3.840000e+02	0.000000e+00	1	8.676532e-03
5.860000e+02	2.980000e+02	0.000000e+00	1	8.676532e-03
5.650000e+02	3.160000e+02	0.000000e+00	1	8.676532e-03
4.870000e+02	3.720000e+02	0.000000e+00	1	8.676532e-03
4.840000e+02	3.740000e+02	0.000000e+00	1	8.676532e-03
5.510000e+02	3.250000e+02	0.000000e+00	1	8.676532e-03
5.090000e+02	3.540000e+02	0.000000e+00	1	8.676532e-03
6.550000e+02	2.550000e+02	0.000000e+00	1	8.676532e-03
5.110000e+02	3.520000e+02	0.000000e+00	1	7.859393e-03
5.210000e+02	3.460000e+02	0.000000e+00	1	7.859393e-03
6.510000e+02	2.590000e+02	0.000000e+00	1	7.859393e-03
6.040000e+02	2.870000e+02	0.000000e+00	1	7.859393e-03
5.350000e+02	3.380000e+02	0.000000e+00	1	7.859393e-03
5.130000e+02	3.510000e+02	0.000000e+00	1	7.859393e-03
6.600000e+02	2.520000e+02	0.000000e+00	1	7.859393e-03
6.040000e+02	2.870000e+02	0.000000e+00	1	7.859393e-03
5.580000e+02	3.200000e+02	0.000000e+00	1	7.859393e-03
5.530000e+02	3.230000e+02	0.000000e+00	1	7.859393e-03
5.490000e+02	3.270000e+02	0.000000e+00	1	7.859393e-03
5.370000e+02	3.370000e+02	0.000000e+00	1	7.859393e-03
4.640000e+02	3.970000e+02	0.000000e+00	1	7.859393e-03
5.960000e+02	2.920000e+02	0.000000e+00	1	7.859393e-03
4.920000e+02	3.680000e+02	0.000000e+00	1	7.859393e-03
5.550000e+02	3.220000e+02	0.000000e+00	1	7.859393e-03
6.060000e+02	2.860000e+02	0.000000e+00	1	7.859393e-03
5.910000e+02	2.960000e+02	0.000000e+00	1	7.859393e-03
6.650000e+02	2.490000e+02	0.000000e+00	1	7.859393e-03
5.980000e+02	2.910000e+02	0.000000e+00	1	7.859393e-03
5.910000e+02	2.960000e+02	0.000000e+00	1	7.859393e-03
5.560000e+02	3.210000e+02	0.000000e+00	1	7.859393e-03
4.690000e+02	3.910000e+02	0.000000e+00	1	7.042254e-03
5.230000e+02	3.440000e+02	0.000000e+00	1	7.042254e-03
6.270000e+02	2.710000e+02	0.000000e+00	1	7.042254e-03
5.050000e+02	3.570000e+02	0.000000e+00	1	7.042254e-03
6.650000e+02	2.490000e+02	0.000000e+00	1	7.042254e-03
5.260000e+02	3.430000e+02	0.000000e+00	1	7.042254e-03
4.720000e+02	3.900000e+02	0.000000e+00	1	7.042254e-03
5.810000e+02	3.020000e+02	0.000000e+00	1	7.042254e-03
5.840000e+02	3.010000e+02	0.000000e+00	1	7.042254e-03
6.240000e+02	2.740000e+02	0.000000e+00	1	7.042254e-03
5.180000e+02	3.480000e+02	0.000000e+00	1	7.042254e-03
5.300000e+02	3.410000e+02	0.000000e+00	1	7.042254e-03
5.860000e+02	2.980000e+02	0.000000e+00	1	7.042254e-03
4.840000e+02	3.740000e+02	0.000000e+00	1	7.042254e-03
5.270000e+02	3.420000e+02	0.000000e+00	1	7.042254e-03
6.630000e+02	2.500000e+02	0.000000e+00	1	7.042254e-03
5.890000e+02	2.970000e+02	0.000000e+00	1	7.042254e-03
6.210000e+02	2.750000e+02	0.000000e+00	1	7.042254e-03
4.960000e+02	3.650000e+02	0.000000e+00	1	6.329114e-03
6.740000e+02	2.430000e+02	0.000000e+00	1	6.329114e-03
4.810000e+02	3.770000e+02	0.000000e+00	1	6.329114e-03
6.440000e+02	2.620000e+02	0.000000e+00	1	6.329114e-03
5.660000e+02	3.140000e+02	0.000000e+00	1	6.329114e-03
4.900000e+02	3.690000e+02	0.000000e+00	1	6.329114e-03
5.990000e+02	2.900000e+02	0.000000e+00	1	6.329114e-03
6.180000e+02	2.760000e+02	0.000000e+00	1	6.329114e-03
4.780000e+02	3.820000e+02	0.000000e+00	1	6.329114e-03
5.490000e+02	3.270000e+02	0.000000e+00	1	6.329114e-03
5.680000e+02	3.120000e+02	0.000000e+00	1	6.329114e-03
5.850000e+02	3.000000e+02	0.000000e+00	1	6.329114e-03
6.520000e+02	2.580000e+02	0.000000e+00	1	6.329114e-03
5.700000e+02	3.100000e+02	0.000000e+00	1	6.329114e-03
5.010000e+02	3.590000e+02	0.000000e+00	1	6.329114e-03
5.350000e+02	3.380000e+02	0.000000e+00	1	6.329114e-03
5.940000e+02	2.930000e+02	0.000000e+00	1	6.329114e-03
5.620000e+02	3.180000e+02	0.000000e+00	1	6.329114e-03
6.700000e+02	2.460000e+02	0.000000e+00	1	6.329114e-03
5.580000e+02	3.200000e+02	0.000000e+00	1	6.329114e-03
4.940000e+02	3.670000e+02	0.000000e+00	1	6.329114e-03
4.880000e+02	3.710000e+02	0.000000e+00	1	6.329114e-03
6.720000e+02	2.450000e+02	0.000000e+00	1	6.329114e-03
6.440000e+02	2.620000e+02	0.000000e+00	1	6.329114e-03
6.630000e+02	2.500000e+02	0.000000e+00	1	6.329114e-03
5.930000e+02	2.950000e+02	0.000000e+00	1	6.329114e-03
5.390000e+02	3.350000e+02	0.000000e+00	1	5.511975e-03
5.100000e+02	3.530000e+02	0.000000e+00	1	5.511975e-03
6.250000e+02	2.730000e+02	0.000000e+00	1	5.511975e-03
4.660000e+02	3.930000e+02	0.000000e+00	1	5.511975e-03
4.720000e+02	3.900000e+02	0.000000e+00	1	5.511975e-03
6.240000e+02	2.740000e+02	0.000000e+00	1	5.511975e-03
5.220000e+02	3.450000e+02	0.000000e+00	1	5.511975e-03
6.160000e+02	2.790000e+02	0.000000e+00	1	5.511975e-03
6.130000e+02	2.810000e+02	0.000000e+00	1	5.511975e-03
4.650000e+02	3.940000e+02	0.000000e+00	1	5.511975e-03
5.380000e+02	3.360000e+02	0.000000e+00	1	5.511975e-03
6.260000e+02	2.720000e+02	0.000000e+00	1	5.511975e-03
5.000000e+02	3.600000e+02	0.000000e+00	1	5.511975e-03
5.150000e+02	3.490000e+02	0.000000e+00	1	5.511975e-03
5.140000e+02	3.500000e+02	0.000000e+00	1	5.511975e-03
6.540000e+02	2.560000e+02	0.000000e+00	1	5.511975e-03
5.840000e+02	3.010000e+02	0.000000e+00	1	5.511975e-03
6.510000e+02	2.590000e+02	0.000000e+00	1	5.511975e-03
4.830000e+02	3.750000e+02	0.000000e+00	1	5.511975e-03
5.080000e+02	3.560000e+02	0.000000e+00	1	5.511975e-03
5.480000e+02	3.280000e+02	0.000000e+00	1	5.511975e-03
5.550000e+02	3.220000e+02	0.000000e+00	1	5.511975e-03
5.420000e+02	3.330000e+02	0.000000e+00	1	5.511975e-03
5.800000e+02	3.030000e+02	0.000000e+00	1	5.511975e-03
6.310000e+02	2.690000e+02	0.000000e+00	1	5.511975e-03
4.690000e+02	3.910000e+02	0.000000e+00	1	5.511975e-03
4.680000e+02	3.920000e+02	0.000000e+00	1	5.511975e-03
5.630000e+02	3.170000e+02	0.000000e+00	1	5.511975e-03
6.070000e+02	2.850000e+02	0.000000e+00	1	5.511975e-03
5.790000e+02	3.040000e+02	0.000000e+00	1	5.511975e-03
5.440000e+02	3.310000e+02	0.000000e+00	1	5.511975e-03
5.520000e+02	3.240000e+02	0.000000e+00	1	5.511975e-03
4.980000e+02	3.640000e+02	0.000000e+00	1	5.511975e-03
4.770000e+02	3.840000e+02	0.000000e+00	1	5.511975e-03
5.430000e+02	3.320000e+02	0.000000e+00	1	5.511975e-03
5.410000e+02	3.340000e+02	0.000000e+00	1	5.511975e-03
6.250000e+02	2.730000e+02	0.000000e+00	1	5.511975e-03
5.430000e+02	3.320000e+02	0.000000e+00	1	5.511975e-03
5.410000e+02	3.340000e+02	0.000000e+00	1	4.694836e-03
4.660000e+02	3.930000e+02	0.000000e+00	1	4.694836e-03
5.940000e+02	2.930000e+02	0.000000e+00	1	4.694836e-03
6.420000e+02	2.640000e+02	0.000000e+00	1	4.694836e-03
5.650000e+02	3.160000e+02	0.000000e+00	1	4.694836e-03
6.720000e+02	2.450000e+02	0.000000e+00	1	4.694836e-03
5.470000e+02	3.290000e+02	0.000000e+00	1	4.694836e-03
5.960000e+02	2.920000e+02	0.000000e+00	1	4.694836e-03
4.680000e+02	3.920000e+02	0.000000e+00	1	4.694836e-03
5.890000e+02	2.970000e+02	0.000000e+00	1	4.694836e-03
6.720000e+02	2.450000e+02	0.000000e+00	1	4.694836e-03
5.390000e+02	3.350000e+02	0.000000e+00	1	4.694836e-03
6.440000e+02	2.620000e+02	0.000000e+00	1	4.694836e-03
5.190000e+02	3.470000e+02	0.000000e+00	1	4.694836e-03
6.740000e+02	2.430000e+02	0.000000e+00	1	4.694836e-03
4.900000e+02	3.690000e+02	0.000000e+00	1	4.694836e-03
6.580000e+02	2.530000e+02	0.000000e+00	1	4.694836e-03
4.740000e+02	3.860000e+02	0.000000e+00	1	4.694836e-03
6.160000e+02	2.790000e+02	0.000000e+00	1	4.694836e-03
6.630000e+02	2.500000e+02	0.000000e+00	1	4.694836e-03
4.960000e+02	3.650000e+02	0.000000e+00	1	4.694836e-03
5.630000e+02	3.170000e+02	0.000000e+00	1	4.694836e-03
5.680000e+02	3.120000e+02	0.000000e+00	1	4.694836e-03
4.810000e+02	3.770000e+02	0.000000e+00	1	4.694836e-03
6.700000e+02	2.460000e+02	0.000000e+00	1	4.694836e-03
5.930000e+02	2.950000e+02	0.000000e+00	1	4.694836e-03
5.510000e+02	3.250000e+02	0.000000e+00	1	4.694836e-03
6.700000e+02	2.460000e+02	0.000000e+00	1	4.694836e-03
5.450000e+02	3.300000e+02	0.000000e+00	1	4.694836e-03
5.350000e+02	3.380000e+02	0.000000e+00	1	4.694836e-03
4.920000e+02	3.680000e+02	0.000000e+00	1	4.694836e-03
4.960000e+02	3.650000e+02	0.000000e+00	1	4.694836e-03
4.880000e+02	3.710000e+02	0.000000e+00	1	4.694836e-03
6.140000e+02	2.800000e+02	0.000000e+00	1	4.694836e-03
4.760000e+02	3.850000e+02	0.000000e+00	1	4.694836e-03
6.520000e+02	2.580000e+02	0.000000e+00	1	4.694836e-03
6.020000e+02	2.880000e+02	0.000000e+00	1	4.694836e-03
4.940000e+02	3.670000e+02	0.000000e+00	1	4.694836e-03
4.940000e+02	3.670000e+02	0.000000e+00	1	4.694836e-03
4.900000e+02	3.690000e+02	0.000000e+00	1	4.694836e-03
6.310000e+02	2.690000e+02	0.000000e+00	1	3.164557e-03
5.620000e+02	3.180000e+02	0.000000e+00	1	3.164557e-03
5.110000e+02	3.520000e+02	0.000000e+00	1	3.164557e-03
6.130000e+02	2.810000e+02	0.000000e+00	1	3.164557e-03
4.680000e+02	3.920000e+02	0.000000e+00	1	3.164557e-03
4.960000e+02	3.650000e+02	0.000000e+00	1	3.164557e-03
6.240000e+02	2.740000e+02	0.000000e+00	1	3.164557e-03
6.020000e+02	2.880000e+02	0.000000e+00	1	3.164557e-03
6.210000e+02	2.750000e+02	0.000000e+00	1	3.164557e-03
5.650000e+02	3.160000e+02	0.000000e+00	1	3.164557e-03
4.740000e+02	3.860000e+02	0.000000e+00	1	3.164557e-03
5.130000e+02	3.510000e+02	0.000000e+00	1	3.164557e-03
5.440000e+02	3.310000e+02	0.000000e+00	1	3.164557e-03
5.470000e+02	3.290000e+02	0.000000e+00	1	3.164557e-03
4.900000e+02	3.690000e+02	0.000000e+00	1	3.164557e-03
5.270000e+02	3.420000e+02	0.000000e+00	1	3.164557e-03
4.740000e+02	3.860000e+02	0.000000e+00	1	3.164557e-03
5.890000e+02	2.970000e+02	0.000000e+00	1	3.164557e-03
6.700000e+02	2.460000e+02	0.000000e+00	1	3.164557e-03
4.840000e+02	3.740000e+02	0.000000e+00	1	3.164557e-03
5.520000e+02	3.240000e+02	0.000000e+00	1	3.164557e-03
6.270000e+02	2.710000e+02	0.000000e+00	1	3.164557e-03
6.520000e+02	2.580000e+02	0.000000e+00	1	3.164557e-03
6.300000e+02	2.700000e+02	0.000000e+00	1	3.164557e-03
4.990000e+02	3.610000e+02	0.000000e+00	1	3.164557e-03
5.980000e+02	2.910000e+02	0.000000e+00	1	3.164557e-03
5.470000e+02	3.290000e+02	0.000000e+00	1	3.164557e-03
4.660000e+02	3.930000e+02	0.000000e+00	1	3.164557e-03
5.860000e+02	2.980000e+02	0.000000e+00	1	3.164557e-03
5.090000e+02	3.540000e+02	0.000000e+00	1	3.164557e-03
4.760000e+02	3.850000e+02	0.000000e+00	1	3.164557e-03
6.110000e+02	2.830000e+02	0.000000e+00	1	3.164557e-03
6.260000e+02	2.720000e+02	0.000000e+00	1	3.164557e-03
5.800000e+02	3.030000e+02	0.000000e+00	1	3.164557e-03
5.940000e+02	2.930000e+02	0.000000e+00	1	3.164557e-03
4.690000e+02	3.910000e+02	0.000000e+00	1	3.164557e-03
5.380000e+02	3.360000e+02	0.000000e+00	1	3.164557e-03
4.920000e+02	3.680000e+02	0.000000e+00	1	3.164557e-03
5.960000e+02	2.920000e+02	0.000000e+00	1	3.164557e-03
5.180000e+02	3.480000e+02	0.000000e+00	1	3.164557e-03
6.070000e+02	2.850000e+02	0.000000e+00	1	3.164557e-03
5.140000e+02	3.500000e+02	0.000000e+00	1	3.164557e-03
6.120000e+02	2.820000e+02	0.000000e+00	1	3.164557e-03
5.630000e+02	3.170000e+02	0.000000e+00	1	3.164557e-03
5.420000e+02	3.330000e+02	0.000000e+00	1	3.164557e-03
4.940000e+02	3.670000e+02	0.000000e+00	1	3.164557e-03
5.370000e+02	3.370000e+02	0.000000e+00	1	3.164557e-03
5.260000e+02	3.430000e+02	0.000000e+00	1	3.164557e-03
5.230000e+02	3.440000e+02	0.000000e+00	1	3.164557e-03
6.420000e+02	2.640000e+02	0.000000e+00	1	3.164557e-03
5.530000e+02	3.230000e+02	0.000000e+00	1	3.164557e-03
6.140000e+02	2.800000e+02	0.000000e+00	1	3.164557e-03
6.650000e+02	2.490000e+02	0.000000e+00	1	3.164557e-03
5.780000e+02	3.070000e+02	0.000000e+00	1	3.164557e-03
5.810000e+02	3.020000e+02	0.000000e+00	1	3.164557e-03
5.270000e+02	3.420000e+02	0.000000e+00	1	3.164557e-03
6.720000e+02	2.450000e+02	0.000000e+00	1	3.164557e-03
4.760000e+02	3.850000e+02	0.000000e+00	1	3.164557e-03
5.810000e+02	3.020000e+02	0.000000e+00	1	3.164557e-03
5.190000e+02	3.470000e+02	0.000000e+00	1	3.164557e-03
5.410000e+02	3.340000e+02	0.000000e+00	1	3.164557e-03
5.450000e+02	3.300000e+02	0.000000e+00	1	3.164557e-03
5.560000e+02	3.210000e+02	0.000000e+00	1	3.164557e-03
5.480000e+02	3.280000e+02	0.000000e+00	1	3.164557e-03
5.260000e+02	3.430000e+02	0.000000e+00	1	3.164557e-03
4.730000e+02	3.870000e+02	0.000000e+00	1	3.164557e-03
6.140000e+02	2.800000e+02	0.000000e+00	1	3.164557e-03
4.880000e+02	3.710000e+02	0.000000e+00	1	3.164557e-03
5.840000e+02	3.010000e+02	0.000000e+00	1	3.164557e-03
5.100000e+02	3.530000e+02	0.000000e+00	1	3.164557e-03
5.000000e+02	3.600000e+02	0.000000e+00	1	3.164557e-03
5.180000e+02	3.480000e+02	0.000000e+00	1	3.164557e-03
5.190000e+02	3.470000e+02	0.000000e+00	1	3.164557e-03
5.930000e+02	2.950000e+02	0.000000e+00	1	3.164557e-03
6.160000e+02	2.790000e+02	0.000000e+00	1	3.164557e-03
6.120000e+02	2.820000e+02	0.000000e+00	1	3.164557e-03
5.890000e+02	2.970000e+02	0.000000e+00	1	3.164557e-03
5.850000e+02	3.000000e+02	0.000000e+00	1	3.164557e-03
6.060000e+02	2.860000e+02	0.000000e+00	1	3.164557e-03
5.300000e+02	3.410000e+02	0.000000e+00	1	3.164557e-03
5.220000e+02	3.450000e+02	0.000000e+00	1	3.164557e-03
6.170000e+02	2.780000e+02	0.000000e+00	1	3.164557e-03
5.450000e+02	3.300000e+02	0.000000e+00	1	3.164557e-03
5.210000e+02	3.460000e+02	0.000000e+00	1	3.164557e-03
6.580000e+02	2.530000e+02	0.000000e+00	1	3.164557e-03
5.230000e+02	3.440000e+02	0.000000e+00	1	3.164557e-03
6.080000e+02	2.840000e+02	0.000000e+00	1	3.164557e-03
5.510000e+02	3.250000e+02	0.000000e+00	1	3.164557e-03
5.390000e+02	3.350000e+02	0.000000e+00	1	3.164557e-03
6.320000e+02	2.680000e+02	0.000000e+00	1	3.164557e-03
5.050000e+02	3.570000e+02	0.000000e+00	1	3.164557e-03
6.630000e+02	2.500000e+02	0.000000e+00	1	3.164557e-03
6.270000e+02	2.710000e+02	0.000000e+00	1	3.164557e-03
4.620000e+02	3.980000e+02	0.000000e+00	1	3.164557e-03
5.850000e+02	3.000000e+02	0.000000e+00	1	2.347418e-03
5.800000e+02	3.030000e+02	0.000000e+00	1	2.347418e-03
5.210000e+02	3.460000e+02	0.000000e+00	1	2.347418e-03
6.170000e+02	2.780000e+02	0.000000e+00	1	2.347418e-03
6.120000e+02	2.820000e+02	0.000000e+00	1	2.347418e-03
5.370000e+02	3.370000e+02	0.000000e+00	1	2.347418e-03
5.930000e+02	2.950000e+02	0.000000e+00	1	2.347418e-03
6.070000e+02	2.850000e+02	0.000000e+00	1	2.347418e-03
5.000000e+02	3.600000e+02	0.000000e+00	1	2.347418e-03
5.090000e+02	3.540000e+02	0.000000e+00	1	2.347418e-03
5.130000e+02	3.510000e+02	0.000000e+00	1	2.347418e-03
5.520000e+02	3.240000e+02	0.000000e+00	1	2.347418e-03
5.790000e+02	3.040000e+02	0.000000e+00	1	2.347418e-03
5.480000e+02	3.280000e+02	0.000000e+00	1	2.347418e-03
6.120000e+02	2.820000e+02	0.000000e+00	1	2.347418e-03
5.490000e+02	3.270000e+02	0.000000e+00	1	2.347418e-03
4.810000e+02	3.770000e+02	0.000000e+00	1	2.347418e-03
5.260000e+02	3.430000e+02	0.000000e+00	1	2.347418e-03
6.270000e+02	2.710000e+02	0.000000e+00	1	2.347418e-03
4.990000e+02	3.610000e+02	0.000000e+00	1	2.347418e-03
4.780000e+02	3.820000e+02	0.000000e+00	1	2.347418e-03
5.420000e+02	3.330000e+02	0.000000e+00	1	2.347418e-03
5.660000e+02	3.140000e+02	0.000000e+00	1	2.347418e-03
5.380000e+02	3.360000e+02	0.000000e+00	1	2.347418e-03
4.800000e+02	3.800000e+02	0.000000e+00	1	2.347418e-03
6.310000e+02	2.690000e+02	0.000000e+00	1	2.347418e-03
5.010000e+02	3.590000e+02	0.000000e+00	1	2.347418e-03
6.110000e+02	2.830000e+02	0.000000e+00	1	2.347418e-03
6.140000e+02	2.800000e+02	0.000000e+00	1	2.347418e-03
6.130000e+02	2.810000e+02	0.000000e+00	1	2.347418e-03
5.560000e+02	3.210000e+02	0.000000e+00	1	2.347418e-03
6.300000e+02	2.700000e+02	0.000000e+00	1	2.347418e-03
5.940000e+02	2.930000e+02	0.000000e+00	1	2.347418e-03
6.320000e+02	2.680000e+02	0.000000e+00	1	2.347418e-03
6.180000e+02	2.760000e+02	0.000000e+00	1	2.347418e-03
6.260000e+02	2.720000e+02	0.000000e+00	1	2.347418e-03
4.730000e+02	3.870000e+02	0.000000e+00	1	2.347418e-03
4.880000e+02	3.710000e+02	0.000000e+00	1	2.347418e-03
4.610000e+02	4.010000e+02	0.000000e+00	1	2.347418e-03
6.060000e+02	2.860000e+02	0.000000e+00	1	2.347418e-03
5.230000e+02	3.440000e+02	0.000000e+00	1	2.347418e-03
5.980000e+02	2.910000e+02	0.000000e+00	1	2.347418e-03
5.810000e+02	3.020000e+02	0.000000e+00	1	2.347418e-03
6.520000e+02	2.580000e+02	0.000000e+00	1	2.347418e-03
5.850000e+02	3.000000e+02	0.000000e+00	1	2.347418e-03
5.450000e+02	3.300000e+02	0.000000e+00	1	2.347418e-03
5.190000e+02	3.470000e+02	0.000000e+00	1	2.347418e-03
5.990000e+02	2.900000e+02	0.000000e+00	1	2.347418e-03
5.270000e+02	3.420000e+02	0.000000e+00	1	2.347418e-03
5.140000e+02	3.500000e+02	0.000000e+00	1	2.347418e-03
4.760000e+02	3.850000e+02	0.000000e+00	1	2.347418e-03
5.100000e+02	3.530000e+02	0.000000e+00	1	2.347418e-03
5.180000e+02	3.480000e+02	0.000000e+00	1	2.347418e-03
5.470000e+02	3.290000e+02	0.000000e+00	1	2.347418e-03
5.440000e+02	3.310000e+02	0.000000e+00	1	2.347418e-03
6.080000e+02	2.840000e+02	0.000000e+00	1	2.347418e-03
4.740000e+02	3.860000e+02	0.000000e+00	1	2.347418e-03
5.530000e+02	3.230000e+02	0.000000e+00	1	2.347418e-03
5.620000e+02	3.180000e+02	0.000000e+00	1	2.347418e-03
4.620000e+02	3.980000e+02	0.000000e+00	1	2.347418e-03
4.990000e+02	3.610000e+02	0.000000e+00	1	2.347418e-03
5.220000e+02	3.450000e+02	0.000000e+00	1	2.347418e-03
5.110000e+02	3.520000e+02	0.000000e+00	1	2.347418e-03
5.530000e+02	3.230000e+02	0.000000e+00	1	0.000000e+00
5.010000e+02	3.590000e+02	0.000000e+00	1	0.000000e+00
5.190000e+02	3.470000e+02	0.000000e+00	1	0.000000e+00
6.120000e+02	2.820000e+02	0.000000e+00	1	0.000000e+00
6.380000e+02	2.650000e+02	0.000000e+00	1	0.000000e+00
6.650000e+02	2.490000e+02	0.000000e+00	1	0.000000e+00
4.940000e+02	3.670000e+02	0.000000e+00	1	0.000000e+00
4.840000e+02	3.740000e+02	0.000000e+00	1	0.000000e+00
5.940000e+02	2.930000e+02	0.000000e+00	1	0.000000e+00
4.880000e+02	3.710000e+02	0.000000e+00	1	0.000000e+00
5.330000e+02	3.400000e+02	0.000000e+00	1	0.000000e+00
4.810000e+02	3.770000e+02	0.000000e+00	1	0.000000e+00
6.170000e+02	2.780000e+02	0.000000e+00	1	0.000000e+00
6.180000e+02	2.760000e+02	0.000000e+00	1	0.000000e+00
6.180000e+02	2.760000e+02	0.000000e+00	1	0.000000e+00
5.620000e+02	3.180000e+02	0.000000e+00	1	0.000000e+00
5.190000e+02	3.470000e+02	0.000000e+00	1	0.000000e+00
6.680000e+02	2.480000e+02	0.000000e+00	1	0.000000e+00
6.630000e+02	2.500000e+02	0.000000e+00	1	0.000000e+00
5.580000e+02	3.200000e+02	0.000000e+00	1	0.000000e+00
5.230000e+02	3.440000e+02	0.000000e+00	1	0.000000e+00
6.650000e+02	2.490000e+02	0.000000e+00	1	0.000000e+00
6.120000e+02	2.820000e+02	0.000000e+00	1	0.000000e+00
5.480000e+02	3.280000e+02	0.000000e+00	1	0.000000e+00
6.680000e+02	2.480000e+02	0.000000e+00	1	0.000000e+00
5.580000e+02	3.200000e+02	0.000000e+00	1	0.000000e+00
5.370000e+02	3.370000e+02	0.000000e+00	1	0.000000e+00
6.310000e+02	2.690000e+02	0.000000e+00	1	0.000000e+00
5.150000e+02	3.490000e+02	0.000000e+00	1	0.000000e+00
4.740000e+02	3.860000e+02	0.000000e+00	1	0.000000e+00
6.240000e+02	2.740000e+02	0.000000e+00	1	0.000000e+00
5.440000e+02	3.310000e+02	0.000000e+00	1	0.000000e+00
6.140000e+02	2.800000e+02	0.000000e+00	1	0.000000e+00
6.320000e+02	2.680000e+02	0.000000e+00	1	0.000000e+00
6.060000e+02	2.860000e+02	0.000000e+00	1	0.000000e+00
4.650000e+02	3.940000e+02	0.000000e+00	1	0.000000e+00
4.840000e+02	3.740000e+02	0.000000e+00	1	0.000000e+00
5.110000e+02	3.520000e+02	0.000000e+00	1	0.000000e+00
5.990000e+02	2.900000e+02	0.000000e+00	1	0.000000e+00
5.080000e+02	3.560000e+02	0.000000e+00	1	0.000000e+00
5.860000e+02	2.980000e+02	0.000000e+00	1	0.000000e+00
5.930000e+02	2.950000e+02	0.000000e+00	1	0.000000e+00
6.020000e+02	2.880000e+02	0.000000e+00	1	0.000000e+00
5.890000e+02	2.970000e+02	0.000000e+00	1	0.000000e+00
5.230000e+02	3.440000e+02	0.000000e+00	1	0.000000e+00
5.930000e+02	2.950000e+02	0.000000e+00	1	0.000000e+00
5.990000e+02	2.900000e+02	0.000000e+00	1	0.000000e+00
4.870000e+02	3.720000e+02	0.000000e+00	1	0.000000e+00
5.890000e+02	2.970000e+02	0.000000e+00	1	0.000000e+00
6.080000e+02	2.840000e+02	0.000000e+00	1	0.000000e+00
4.920000e+02	3.680000e+02	0.000000e+00	1	0.000000e+00
4.840000e+02	3.740000e+02	0.000000e+00	1	0.000000e+00
6.020000e+02	2.880000e+02	0.000000e+00	1	0.000000e+00
6.420000e+02	2.640000e+02	0.000000e+00	1	0.000000e+00
5.860000e+02	2.980000e+02	0.000000e+00	1	0.000000e+00
6.720000e+02	2.450000e+02	0.000000e+00	1	0.000000e+00
6.260000e+02	2.720000e+02	0.000000e+00	1	0.000000e+00
4.840000e+02	3.740000e+02	0.000000e+00	1	0.000000e+00
6.070000e+02	2.850000e+02	0.000000e+00	1	0.000000e+00
6.240000e+02	2.740000e+02	0.000000e+00	1	0.000000e+00
6.310000e+02	2.690000e+02	0.000000e+00	1	0.000000e+00
5.050000e+02	3.570000e+02	0.000000e+00	1	0.000000e+00
6.120000e+02	2.820000e+02	0.000000e+00	1	0.000000e+00
5.010000e+02	3.590000e+02	0.000000e+00	1	0.000000e+00
6.020000e+02	2.880000e+02	0.000000e+00	1	0.000000e+00
4.810000e+02	3.770000e+02	0.000000e+00	1	0.000000e+00
4.990000e+02	3.610000e+02	0.000000e+00	1	0.000000e+00
5.190000e+02	3.470000e+02	0.000000e+00	1	0.000000e+00
6.700000e+02	2.460000e+02	0.000000e+00	1	0.000000e+00
5.300000e+02	3.410000e+02	0.000000e+00	1	0.000000e+00
6.630000e+02	2.500000e+02	0.000000e+00	1	0.000000e+00
5.260000e+02	3.430000e+02	0.000000e+00	1	0.000000e+00
6.270000e+02	2.710000e+02	0.000000e+00	1	0.000000e+00
6.170000e+02	2.780000e+02	0.000000e+00	1	0.000000e+00
5.260000e+02	3.430000e+02	0.000000e+00	1	0.000000e+00
6.060000e+02	2.860000e+02	0.000000e+00	1	0.000000e+00
5.350000e+02	3.380000e+02	0.000000e+00	1	0.000000e+00
5.960000e+02	2.920000e+02	0.000000e+00	1	0.000000e+00
5.860000e+02	2.980000e+02	0.000000e+00	1	0.000000e+00
5.410000e+02	3.340000e+02	0.000000e+00	1	0.000000e+00
5.990000e+02	2.900000e+02	0.000000e+00	1	0.000000e+00
5.980000e+02	2.910000e+02	0.000000e+00	1	0.000000e+00
6.040000e+02	2.870000e+02	0.000000e+00	1	0.000000e+00
6.630000e+02	2.500000e+02	0.000000e+00	1	0.000000e+00
6.080000e+02	2.840000e+02	0.000000e+00	1	0.000000e+00
4.980000e+02	3.640000e+02	0.000000e+00	1	0.000000e+00
5.270000e+02	3.420000e+02	0.000000e+00	1	0.000000e+00
5.580000e+02	3.200000e+02	0.000000e+00	1	0.000000e+00
5.110000e+02	3.520000e+02	0.000000e+00	1	0.000000e+00
5.940000e+02	2.930000e+02	0.000000e+00	1	0.000000e+00
6.270000e+02	2.710000e+02	0.000000e+00	1	0.000000e+00
4.840000e+02	3.740000e+02	0.000000e+00	1	0.000000e+00
5.350000e+02	3.380000e+02	0.000000e+00	1	0.000000e+00
5.230000e+02	3.440000e+02	0.000000e+00	1	0.000000e+00
5.150000e+02	3.490000e+02	0.000000e+00	1	0.000000e+00
5.190000e+02	3.470000e+02	0.000000e+00	1	0.000000e+00
5.220000e+02	3.450000e+02	0.000000e+00	1	0.000000e+00
6.180000e+02	2.760000e+02	0.000000e+00	1	0.000000e+00
6.180000e+02	2.760000e+02	0.000000e+00	1	0.000000e+00
5.050000e+02	3.570000e+02	0.000000e+00	1	0.000000e+00
6.040000e+02	2.870000e+02	0.000000e+00	1	0.000000e+00
5.470000e+02	3.290000e+02	0.000000e+00	1	0.000000e+00
5.000000e+02	3.600000e+02	0.000000e+00	1	0.000000e+00
5.850000e+02	3.000000e+02	0.000000e+00	1	0.000000e+00
6.320000e+02	2.680000e+02	0.000000e+00	1	0.000000e+00
6.320000e+02	2.680000e+02	0.000000e+00	1	0.000000e+00
5.300000e+02	3.410000e+02	0.000000e+00	1	0.000000e+00
6.080000e+02	2.840000e+02	0.000000e+00	1	0.000000e+00
6.270000e+02	2.710000e+02	0.000000e+00	1	0.000000e+00
6.270000e+02	2.710000e+02	0.000000e+00	1	0.000000e+00
6.080000e+02	2.840000e+02	0.000000e+00	1	0.000000e+00
5.270000e+02	3.420000e+02	0.000000e+00	1	0.000000e+00
4.690000e+02	3.910000e+02	0.000000e+00	1	0.000000e+00
6.270000e+02	2.710000e+02	0.000000e+00	1	0.000000e+00
6.020000e+02	2.880000e+02	0.000000e+00	1	0.000000e+00
5.220000e+02	3.450000e+02	0.000000e+00	1	0.000000e+00
6.320000e+02	2.680000e+02	0.000000e+00	1	0.000000e+00
5.990000e+02	2.900000e+02	0.000000e+00	1	0.000000e+00
5.470000e+02	3.290000e+02	0.000000e+00	1	0.000000e+00
4.680000e+02	3.920000e+02	0.000000e+00	1	0.000000e+00
5.530000e+02	3.230000e+02	0.000000e+00	1	0.000000e+00
5.510000e+02	3.250000e+02	0.000000e+00	1	0.000000e+00
6.020000e+02	2.880000e+02	0.000000e+00	1	0.000000e+00
5.300000e+02	3.410000e+02	0.000000e+00	1	0.000000e+00
5.330000e+02	3.400000e+02	0.000000e+00	1	0.000000e+00
5.180000e+02	3.480000e+02	0.000000e+00	1	0.000000e+00
5.470000e+02	3.290000e+02	0.000000e+00	1	0.000000e+00
5.210000e+02	3.460000e+02	0.000000e+00	1	0.000000e+00
5.260000e+02	3.430000e+02	0.000000e+00	1	0.000000e+00
5.180000e+02	3.480000e+02	0.000000e+00	1	0.000000e+00
5.960000e+02	2.920000e+02	0.000000e+00	1	0.000000e+00
6.300000e+02	2.700000e+02	0.000000e+00	1	0.000000e+00
5.050000e+02	3.570000e+02	0.000000e+00	1	0.000000e+00
5.860000e+02	2.980000e+02	0.000000e+00	1	0.000000e+00
5.480000e+02	3.280000e+02	0.000000e+00	1	0.000000e+00
Total execution time: 664.693
