# This file contains the data of final feasible population (if found)
# of objectives = 2, # of constraints = 0, # of real_var = 0, # of bits of bin_var = 0, constr_violation, rank, crowding_distance
6.760000e+02	2.420000e+02	0.000000e+00	1	1.000000e+14
4.570000e+02	4.050000e+02	0.000000e+00	1	1.000000e+14
6.250000e+02	2.700000e+02	0.000000e+00	1	1.755049e-02
6.540000e+02	2.560000e+02	0.000000e+00	1	1.755049e-02
5.000000e+02	3.660000e+02	0.000000e+00	1	1.605177e-02
5.410000e+02	3.320000e+02	0.000000e+00	1	1.605177e-02
4.910000e+02	3.740000e+02	0.000000e+00	1	1.605177e-02
5.020000e+02	3.630000e+02	0.000000e+00	1	1.605177e-02
4.640000e+02	4.010000e+02	0.000000e+00	1	1.455304e-02
5.180000e+02	3.520000e+02	0.000000e+00	1	1.455304e-02
5.190000e+02	3.480000e+02	0.000000e+00	1	1.455304e-02
4.650000e+02	3.970000e+02	0.000000e+00	1	1.455304e-02
5.800000e+02	3.040000e+02	0.000000e+00	1	1.298428e-02
6.090000e+02	2.810000e+02	0.000000e+00	1	1.298428e-02
6.660000e+02	2.480000e+02	0.000000e+00	1	1.298428e-02
4.580000e+02	4.040000e+02	0.000000e+00	1	1.219990e-02
4.620000e+02	4.030000e+02	0.000000e+00	1	1.219990e-02
4.730000e+02	3.920000e+02	0.000000e+00	1	1.219990e-02
4.960000e+02	3.710000e+02	0.000000e+00	1	1.148556e-02
6.380000e+02	2.630000e+02	0.000000e+00	1	1.141553e-02
6.430000e+02	2.620000e+02	0.000000e+00	1	1.141553e-02
6.490000e+02	2.570000e+02	0.000000e+00	1	1.141553e-02
6.300000e+02	2.680000e+02	0.000000e+00	1	1.141553e-02
4.850000e+02	3.800000e+02	0.000000e+00	1	1.070118e-02
5.900000e+02	2.950000e+02	0.000000e+00	1	1.070118e-02
6.470000e+02	2.580000e+02	0.000000e+00	1	1.070118e-02
4.790000e+02	3.870000e+02	0.000000e+00	1	1.070118e-02
4.690000e+02	3.940000e+02	0.000000e+00	1	1.070118e-02
6.450000e+02	2.600000e+02	0.000000e+00	1	1.070118e-02
4.940000e+02	3.720000e+02	0.000000e+00	1	1.070118e-02
6.690000e+02	2.460000e+02	0.000000e+00	1	1.070118e-02
4.830000e+02	3.820000e+02	0.000000e+00	1	1.070118e-02
5.620000e+02	3.170000e+02	0.000000e+00	1	1.070118e-02
5.810000e+02	3.020000e+02	0.000000e+00	1	1.070118e-02
6.580000e+02	2.530000e+02	0.000000e+00	1	9.916800e-03
5.760000e+02	3.060000e+02	0.000000e+00	1	9.916800e-03
4.940000e+02	3.720000e+02	0.000000e+00	1	9.916800e-03
6.710000e+02	2.450000e+02	0.000000e+00	1	9.916800e-03
6.690000e+02	2.460000e+02	0.000000e+00	1	9.916800e-03
6.300000e+02	2.680000e+02	0.000000e+00	1	9.916800e-03
5.440000e+02	3.290000e+02	0.000000e+00	1	9.916800e-03
6.550000e+02	2.540000e+02	0.000000e+00	1	9.916800e-03
4.970000e+02	3.680000e+02	0.000000e+00	1	9.202454e-03
5.440000e+02	3.290000e+02	0.000000e+00	1	9.202454e-03
4.900000e+02	3.770000e+02	0.000000e+00	1	9.202454e-03
4.690000e+02	3.940000e+02	0.000000e+00	1	9.132420e-03
4.740000e+02	3.910000e+02	0.000000e+00	1	8.418074e-03
4.810000e+02	3.850000e+02	0.000000e+00	1	8.418074e-03
6.160000e+02	2.770000e+02	0.000000e+00	1	8.418074e-03
5.810000e+02	3.020000e+02	0.000000e+00	1	8.418074e-03
4.730000e+02	3.920000e+02	0.000000e+00	1	8.418074e-03
4.910000e+02	3.740000e+02	0.000000e+00	1	8.418074e-03
6.550000e+02	2.540000e+02	0.000000e+00	1	8.418074e-03
6.170000e+02	2.750000e+02	0.000000e+00	1	8.418074e-03
4.970000e+02	3.680000e+02	0.000000e+00	1	8.418074e-03
5.120000e+02	3.550000e+02	0.000000e+00	1	7.633695e-03
5.880000e+02	2.970000e+02	0.000000e+00	1	7.633695e-03
5.600000e+02	3.180000e+02	0.000000e+00	1	7.633695e-03
4.760000e+02	3.890000e+02	0.000000e+00	1	7.633695e-03
5.500000e+02	3.250000e+02	0.000000e+00	1	7.633695e-03
5.670000e+02	3.130000e+02	0.000000e+00	1	7.633695e-03
6.430000e+02	2.620000e+02	0.000000e+00	1	7.633695e-03
5.630000e+02	3.150000e+02	0.000000e+00	1	7.633695e-03
6.610000e+02	2.510000e+02	0.000000e+00	1	7.633695e-03
5.160000e+02	3.530000e+02	0.000000e+00	1	7.633695e-03
5.580000e+02	3.190000e+02	0.000000e+00	1	7.633695e-03
4.670000e+02	3.950000e+02	0.000000e+00	1	7.633695e-03
6.490000e+02	2.570000e+02	0.000000e+00	1	7.633695e-03
6.350000e+02	2.650000e+02	0.000000e+00	1	7.633695e-03
6.630000e+02	2.500000e+02	0.000000e+00	1	7.633695e-03
5.140000e+02	3.540000e+02	0.000000e+00	1	7.633695e-03
5.210000e+02	3.460000e+02	0.000000e+00	1	7.633695e-03
5.830000e+02	3.000000e+02	0.000000e+00	1	7.633695e-03
5.220000e+02	3.450000e+02	0.000000e+00	1	7.633695e-03
5.160000e+02	3.530000e+02	0.000000e+00	1	7.633695e-03
5.690000e+02	3.110000e+02	0.000000e+00	1	7.633695e-03
5.240000e+02	3.440000e+02	0.000000e+00	1	7.633695e-03
5.850000e+02	2.990000e+02	0.000000e+00	1	7.633695e-03
5.310000e+02	3.390000e+02	0.000000e+00	1	7.633695e-03
4.870000e+02	3.790000e+02	0.000000e+00	1	7.633695e-03
5.520000e+02	3.240000e+02	0.000000e+00	1	7.633695e-03
5.930000e+02	2.930000e+02	0.000000e+00	1	7.633695e-03
5.180000e+02	3.520000e+02	0.000000e+00	1	7.633695e-03
5.540000e+02	3.230000e+02	0.000000e+00	1	7.633695e-03
5.020000e+02	3.630000e+02	0.000000e+00	1	7.633695e-03
4.960000e+02	3.710000e+02	0.000000e+00	1	7.633695e-03
5.370000e+02	3.350000e+02	0.000000e+00	1	7.633695e-03
6.170000e+02	2.750000e+02	0.000000e+00	1	7.633695e-03
5.390000e+02	3.330000e+02	0.000000e+00	1	7.633695e-03
5.730000e+02	3.080000e+02	0.000000e+00	1	6.849315e-03
4.970000e+02	3.680000e+02	0.000000e+00	1	6.849315e-03
5.930000e+02	2.930000e+02	0.000000e+00	1	6.849315e-03
6.330000e+02	2.670000e+02	0.000000e+00	1	6.849315e-03
6.140000e+02	2.780000e+02	0.000000e+00	1	6.849315e-03
5.320000e+02	3.370000e+02	0.000000e+00	1	6.849315e-03
6.220000e+02	2.720000e+02	0.000000e+00	1	6.849315e-03
5.050000e+02	3.620000e+02	0.000000e+00	1	6.849315e-03
6.250000e+02	2.700000e+02	0.000000e+00	1	6.849315e-03
6.220000e+02	2.720000e+02	0.000000e+00	1	6.849315e-03
5.440000e+02	3.290000e+02	0.000000e+00	1	6.849315e-03
6.740000e+02	2.430000e+02	0.000000e+00	1	6.849315e-03
5.770000e+02	3.050000e+02	0.000000e+00	1	6.849315e-03
6.110000e+02	2.800000e+02	0.000000e+00	1	6.849315e-03
6.060000e+02	2.830000e+02	0.000000e+00	1	6.849315e-03
5.900000e+02	2.950000e+02	0.000000e+00	1	6.849315e-03
6.190000e+02	2.740000e+02	0.000000e+00	1	6.849315e-03
5.470000e+02	3.280000e+02	0.000000e+00	1	6.849315e-03
5.350000e+02	3.360000e+02	0.000000e+00	1	6.849315e-03
6.220000e+02	2.720000e+02	0.000000e+00	1	6.134969e-03
6.110000e+02	2.800000e+02	0.000000e+00	1	6.134969e-03
6.710000e+02	2.450000e+02	0.000000e+00	1	6.134969e-03
5.070000e+02	3.600000e+02	0.000000e+00	1	6.134969e-03
5.080000e+02	3.580000e+02	0.000000e+00	1	6.134969e-03
6.250000e+02	2.700000e+02	0.000000e+00	1	6.134969e-03
5.760000e+02	3.060000e+02	0.000000e+00	1	6.134969e-03
5.630000e+02	3.150000e+02	0.000000e+00	1	6.134969e-03
6.060000e+02	2.830000e+02	0.000000e+00	1	6.134969e-03
5.320000e+02	3.370000e+02	0.000000e+00	1	6.134969e-03
6.220000e+02	2.720000e+02	0.000000e+00	1	6.134969e-03
5.210000e+02	3.460000e+02	0.000000e+00	1	6.134969e-03
5.930000e+02	2.930000e+02	0.000000e+00	1	6.134969e-03
6.450000e+02	2.600000e+02	0.000000e+00	1	6.134969e-03
5.560000e+02	3.210000e+02	0.000000e+00	1	6.134969e-03
4.830000e+02	3.820000e+02	0.000000e+00	1	6.134969e-03
5.730000e+02	3.080000e+02	0.000000e+00	1	6.134969e-03
4.760000e+02	3.890000e+02	0.000000e+00	1	6.134969e-03
4.650000e+02	3.970000e+02	0.000000e+00	1	6.134969e-03
5.710000e+02	3.100000e+02	0.000000e+00	1	6.134969e-03
5.730000e+02	3.080000e+02	0.000000e+00	1	6.134969e-03
4.670000e+02	3.950000e+02	0.000000e+00	1	6.134969e-03
6.190000e+02	2.740000e+02	0.000000e+00	1	6.134969e-03
6.060000e+02	2.830000e+02	0.000000e+00	1	6.134969e-03
6.300000e+02	2.680000e+02	0.000000e+00	1	6.134969e-03
5.540000e+02	3.230000e+02	0.000000e+00	1	6.134969e-03
5.900000e+02	2.950000e+02	0.000000e+00	1	6.134969e-03
6.040000e+02	2.850000e+02	0.000000e+00	1	6.134969e-03
5.830000e+02	3.000000e+02	0.000000e+00	1	6.134969e-03
5.190000e+02	3.480000e+02	0.000000e+00	1	6.134969e-03
4.820000e+02	3.840000e+02	0.000000e+00	1	6.134969e-03
6.740000e+02	2.430000e+02	0.000000e+00	1	6.134969e-03
5.880000e+02	2.970000e+02	0.000000e+00	1	6.134969e-03
6.140000e+02	2.780000e+02	0.000000e+00	1	6.134969e-03
5.000000e+02	3.660000e+02	0.000000e+00	1	6.134969e-03
6.430000e+02	2.620000e+02	0.000000e+00	1	6.134969e-03
5.310000e+02	3.390000e+02	0.000000e+00	1	6.134969e-03
4.890000e+02	3.780000e+02	0.000000e+00	1	5.350590e-03
6.590000e+02	2.520000e+02	0.000000e+00	1	5.350590e-03
4.790000e+02	3.870000e+02	0.000000e+00	1	5.350590e-03
4.820000e+02	3.840000e+02	0.000000e+00	1	5.350590e-03
5.490000e+02	3.260000e+02	0.000000e+00	1	5.350590e-03
4.620000e+02	4.030000e+02	0.000000e+00	1	5.350590e-03
6.540000e+02	2.560000e+02	0.000000e+00	1	5.350590e-03
4.630000e+02	4.020000e+02	0.000000e+00	1	5.350590e-03
5.380000e+02	3.340000e+02	0.000000e+00	1	5.350590e-03
6.580000e+02	2.530000e+02	0.000000e+00	1	5.350590e-03
5.680000e+02	3.120000e+02	0.000000e+00	1	5.350590e-03
4.570000e+02	4.050000e+02	0.000000e+00	1	5.350590e-03
6.650000e+02	2.490000e+02	0.000000e+00	1	5.350590e-03
5.080000e+02	3.580000e+02	0.000000e+00	1	5.350590e-03
5.380000e+02	3.340000e+02	0.000000e+00	1	5.350590e-03
5.960000e+02	2.910000e+02	0.000000e+00	1	5.350590e-03
5.770000e+02	3.050000e+02	0.000000e+00	1	5.350590e-03
4.900000e+02	3.770000e+02	0.000000e+00	1	5.350590e-03
5.100000e+02	3.560000e+02	0.000000e+00	1	5.350590e-03
5.070000e+02	3.600000e+02	0.000000e+00	1	5.350590e-03
6.000000e+02	2.880000e+02	0.000000e+00	1	5.350590e-03
5.260000e+02	3.420000e+02	0.000000e+00	1	5.350590e-03
5.250000e+02	3.430000e+02	0.000000e+00	1	5.350590e-03
5.270000e+02	3.410000e+02	0.000000e+00	1	5.350590e-03
6.380000e+02	2.630000e+02	0.000000e+00	1	5.350590e-03
6.370000e+02	2.640000e+02	0.000000e+00	1	5.350590e-03
5.050000e+02	3.620000e+02	0.000000e+00	1	5.350590e-03
5.490000e+02	3.260000e+02	0.000000e+00	1	5.350590e-03
5.090000e+02	3.570000e+02	0.000000e+00	1	5.350590e-03
4.760000e+02	3.890000e+02	0.000000e+00	1	4.566210e-03
4.740000e+02	3.910000e+02	0.000000e+00	1	4.566210e-03
6.650000e+02	2.490000e+02	0.000000e+00	1	4.566210e-03
4.810000e+02	3.850000e+02	0.000000e+00	1	4.566210e-03
5.140000e+02	3.540000e+02	0.000000e+00	1	4.566210e-03
5.290000e+02	3.400000e+02	0.000000e+00	1	4.566210e-03
5.520000e+02	3.240000e+02	0.000000e+00	1	4.566210e-03
5.000000e+02	3.660000e+02	0.000000e+00	1	4.566210e-03
6.110000e+02	2.800000e+02	0.000000e+00	1	4.566210e-03
5.120000e+02	3.550000e+02	0.000000e+00	1	4.566210e-03
5.190000e+02	3.480000e+02	0.000000e+00	1	4.566210e-03
6.370000e+02	2.640000e+02	0.000000e+00	1	4.566210e-03
5.290000e+02	3.400000e+02	0.000000e+00	1	4.566210e-03
5.710000e+02	3.100000e+02	0.000000e+00	1	4.566210e-03
5.730000e+02	3.080000e+02	0.000000e+00	1	4.566210e-03
6.630000e+02	2.500000e+02	0.000000e+00	1	4.566210e-03
6.610000e+02	2.510000e+02	0.000000e+00	1	4.566210e-03
6.060000e+02	2.830000e+02	0.000000e+00	1	4.566210e-03
5.650000e+02	3.140000e+02	0.000000e+00	1	4.566210e-03
4.780000e+02	3.880000e+02	0.000000e+00	1	4.566210e-03
6.710000e+02	2.450000e+02	0.000000e+00	1	4.566210e-03
5.270000e+02	3.410000e+02	0.000000e+00	1	4.566210e-03
6.450000e+02	2.600000e+02	0.000000e+00	1	4.566210e-03
6.740000e+02	2.430000e+02	0.000000e+00	1	4.566210e-03
4.890000e+02	3.780000e+02	0.000000e+00	1	4.566210e-03
4.670000e+02	3.950000e+02	0.000000e+00	1	4.566210e-03
5.410000e+02	3.320000e+02	0.000000e+00	1	4.566210e-03
6.140000e+02	2.780000e+02	0.000000e+00	1	4.566210e-03
4.870000e+02	3.790000e+02	0.000000e+00	1	4.566210e-03
5.600000e+02	3.180000e+02	0.000000e+00	1	4.566210e-03
4.650000e+02	3.970000e+02	0.000000e+00	1	4.566210e-03
6.470000e+02	2.580000e+02	0.000000e+00	1	4.566210e-03
6.030000e+02	2.860000e+02	0.000000e+00	1	4.566210e-03
5.980000e+02	2.890000e+02	0.000000e+00	1	4.566210e-03
5.710000e+02	3.100000e+02	0.000000e+00	1	4.566210e-03
5.870000e+02	2.980000e+02	0.000000e+00	1	4.566210e-03
6.040000e+02	2.850000e+02	0.000000e+00	1	4.566210e-03
5.830000e+02	3.000000e+02	0.000000e+00	1	4.566210e-03
5.560000e+02	3.210000e+02	0.000000e+00	1	4.566210e-03
6.190000e+02	2.740000e+02	0.000000e+00	1	4.566210e-03
6.590000e+02	2.520000e+02	0.000000e+00	1	4.566210e-03
5.850000e+02	2.990000e+02	0.000000e+00	1	4.566210e-03
5.950000e+02	2.920000e+02	0.000000e+00	1	4.566210e-03
5.350000e+02	3.360000e+02	0.000000e+00	1	4.566210e-03
6.010000e+02	2.870000e+02	0.000000e+00	1	4.566210e-03
5.650000e+02	3.140000e+02	0.000000e+00	1	4.566210e-03
5.540000e+02	3.230000e+02	0.000000e+00	1	4.566210e-03
6.160000e+02	2.770000e+02	0.000000e+00	1	4.566210e-03
5.100000e+02	3.560000e+02	0.000000e+00	1	4.566210e-03
6.000000e+02	2.880000e+02	0.000000e+00	1	4.566210e-03
6.090000e+02	2.810000e+02	0.000000e+00	1	4.566210e-03
4.850000e+02	3.800000e+02	0.000000e+00	1	4.566210e-03
5.250000e+02	3.430000e+02	0.000000e+00	1	3.067485e-03
5.240000e+02	3.440000e+02	0.000000e+00	1	3.067485e-03
6.490000e+02	2.570000e+02	0.000000e+00	1	3.067485e-03
5.480000e+02	3.270000e+02	0.000000e+00	1	3.067485e-03
5.560000e+02	3.210000e+02	0.000000e+00	1	3.067485e-03
5.970000e+02	2.900000e+02	0.000000e+00	1	3.067485e-03
5.500000e+02	3.250000e+02	0.000000e+00	1	3.067485e-03
4.850000e+02	3.800000e+02	0.000000e+00	1	3.067485e-03
5.690000e+02	3.110000e+02	0.000000e+00	1	3.067485e-03
6.030000e+02	2.860000e+02	0.000000e+00	1	3.067485e-03
4.780000e+02	3.880000e+02	0.000000e+00	1	3.067485e-03
5.370000e+02	3.350000e+02	0.000000e+00	1	3.067485e-03
6.040000e+02	2.850000e+02	0.000000e+00	1	3.067485e-03
6.000000e+02	2.880000e+02	0.000000e+00	1	3.067485e-03
5.580000e+02	3.190000e+02	0.000000e+00	1	3.067485e-03
6.140000e+02	2.780000e+02	0.000000e+00	1	3.067485e-03
5.140000e+02	3.540000e+02	0.000000e+00	1	3.067485e-03
5.870000e+02	2.980000e+02	0.000000e+00	1	3.067485e-03
6.030000e+02	2.860000e+02	0.000000e+00	1	3.067485e-03
6.330000e+02	2.670000e+02	0.000000e+00	1	3.067485e-03
5.570000e+02	3.200000e+02	0.000000e+00	1	3.067485e-03
5.060000e+02	3.610000e+02	0.000000e+00	1	3.067485e-03
5.100000e+02	3.560000e+02	0.000000e+00	1	3.067485e-03
6.010000e+02	2.870000e+02	0.000000e+00	1	3.067485e-03
5.950000e+02	2.920000e+02	0.000000e+00	1	3.067485e-03
4.630000e+02	4.020000e+02	0.000000e+00	1	3.067485e-03
5.960000e+02	2.910000e+02	0.000000e+00	1	3.067485e-03
6.160000e+02	2.770000e+02	0.000000e+00	1	3.067485e-03
6.470000e+02	2.580000e+02	0.000000e+00	1	3.067485e-03
5.770000e+02	3.050000e+02	0.000000e+00	1	3.067485e-03
5.480000e+02	3.270000e+02	0.000000e+00	1	3.067485e-03
5.390000e+02	3.330000e+02	0.000000e+00	1	3.067485e-03
5.950000e+02	2.920000e+02	0.000000e+00	1	3.067485e-03
6.650000e+02	2.490000e+02	0.000000e+00	1	3.067485e-03
5.270000e+02	3.410000e+02	0.000000e+00	1	3.067485e-03
6.740000e+02	2.430000e+02	0.000000e+00	1	3.067485e-03
5.350000e+02	3.360000e+02	0.000000e+00	1	3.067485e-03
5.800000e+02	3.040000e+02	0.000000e+00	1	3.067485e-03
6.340000e+02	2.660000e+02	0.000000e+00	1	3.067485e-03
5.600000e+02	3.180000e+02	0.000000e+00	1	3.067485e-03
4.640000e+02	4.010000e+02	0.000000e+00	1	3.067485e-03
6.010000e+02	2.870000e+02	0.000000e+00	1	3.067485e-03
6.330000e+02	2.670000e+02	0.000000e+00	1	3.067485e-03
5.470000e+02	3.280000e+02	0.000000e+00	1	3.067485e-03
5.680000e+02	3.120000e+02	0.000000e+00	1	3.067485e-03
6.350000e+02	2.650000e+02	0.000000e+00	1	3.067485e-03
6.380000e+02	2.630000e+02	0.000000e+00	1	3.067485e-03
5.970000e+02	2.900000e+02	0.000000e+00	1	3.067485e-03
5.980000e+02	2.890000e+02	0.000000e+00	1	3.067485e-03
4.580000e+02	4.040000e+02	0.000000e+00	1	3.067485e-03
5.220000e+02	3.450000e+02	0.000000e+00	1	3.067485e-03
6.590000e+02	2.520000e+02	0.000000e+00	1	3.067485e-03
6.370000e+02	2.640000e+02	0.000000e+00	1	3.067485e-03
5.260000e+02	3.420000e+02	0.000000e+00	1	3.067485e-03
6.610000e+02	2.510000e+02	0.000000e+00	1	3.067485e-03
4.780000e+02	3.880000e+02	0.000000e+00	1	3.067485e-03
5.620000e+02	3.170000e+02	0.000000e+00	1	3.067485e-03
5.290000e+02	3.400000e+02	0.000000e+00	1	3.067485e-03
5.650000e+02	3.140000e+02	0.000000e+00	1	3.067485e-03
5.870000e+02	2.980000e+02	0.000000e+00	1	3.067485e-03
6.630000e+02	2.500000e+02	0.000000e+00	1	3.067485e-03
5.320000e+02	3.370000e+02	0.000000e+00	1	3.067485e-03
6.340000e+02	2.660000e+02	0.000000e+00	1	3.067485e-03
4.810000e+02	3.850000e+02	0.000000e+00	1	3.067485e-03
5.050000e+02	3.620000e+02	0.000000e+00	1	3.067485e-03
6.660000e+02	2.480000e+02	0.000000e+00	1	3.067485e-03
5.470000e+02	3.280000e+02	0.000000e+00	1	3.067485e-03
5.670000e+02	3.130000e+02	0.000000e+00	1	3.067485e-03
6.760000e+02	2.420000e+02	0.000000e+00	1	3.067485e-03
5.980000e+02	2.890000e+02	0.000000e+00	1	3.067485e-03
5.710000e+02	3.100000e+02	0.000000e+00	1	3.067485e-03
4.740000e+02	3.910000e+02	0.000000e+00	1	3.067485e-03
5.520000e+02	3.240000e+02	0.000000e+00	1	3.067485e-03
5.350000e+02	3.360000e+02	0.000000e+00	1	3.067485e-03
4.890000e+02	3.780000e+02	0.000000e+00	1	3.067485e-03
5.850000e+02	2.990000e+02	0.000000e+00	1	3.067485e-03
5.120000e+02	3.550000e+02	0.000000e+00	1	3.067485e-03
5.060000e+02	3.610000e+02	0.000000e+00	1	3.067485e-03
6.090000e+02	2.810000e+02	0.000000e+00	1	3.067485e-03
6.190000e+02	2.740000e+02	0.000000e+00	1	3.067485e-03
5.090000e+02	3.570000e+02	0.000000e+00	1	3.067485e-03
5.650000e+02	3.140000e+02	0.000000e+00	1	3.067485e-03
5.290000e+02	3.400000e+02	0.000000e+00	1	3.067485e-03
4.690000e+02	3.940000e+02	0.000000e+00	1	3.067485e-03
5.570000e+02	3.200000e+02	0.000000e+00	1	3.067485e-03
6.110000e+02	2.800000e+02	0.000000e+00	1	3.067485e-03
5.410000e+02	3.320000e+02	0.000000e+00	1	3.067485e-03
4.870000e+02	3.790000e+02	0.000000e+00	1	3.067485e-03
5.870000e+02	2.980000e+02	0.000000e+00	1	2.283105e-03
5.320000e+02	3.370000e+02	0.000000e+00	1	2.283105e-03
5.060000e+02	3.610000e+02	0.000000e+00	1	2.283105e-03
5.250000e+02	3.430000e+02	0.000000e+00	1	2.283105e-03
5.060000e+02	3.610000e+02	0.000000e+00	1	2.283105e-03
5.680000e+02	3.120000e+02	0.000000e+00	1	2.283105e-03
6.030000e+02	2.860000e+02	0.000000e+00	1	2.283105e-03
5.070000e+02	3.600000e+02	0.000000e+00	1	2.283105e-03
5.560000e+02	3.210000e+02	0.000000e+00	1	2.283105e-03
4.780000e+02	3.880000e+02	0.000000e+00	1	2.283105e-03
5.620000e+02	3.170000e+02	0.000000e+00	1	2.283105e-03
5.670000e+02	3.130000e+02	0.000000e+00	1	2.283105e-03
5.950000e+02	2.920000e+02	0.000000e+00	1	2.283105e-03
4.630000e+02	4.020000e+02	0.000000e+00	1	2.283105e-03
5.800000e+02	3.040000e+02	0.000000e+00	1	2.283105e-03
5.760000e+02	3.060000e+02	0.000000e+00	1	2.283105e-03
5.480000e+02	3.270000e+02	0.000000e+00	1	2.283105e-03
5.500000e+02	3.250000e+02	0.000000e+00	1	2.283105e-03
4.820000e+02	3.840000e+02	0.000000e+00	1	2.283105e-03
5.370000e+02	3.350000e+02	0.000000e+00	1	2.283105e-03
5.570000e+02	3.200000e+02	0.000000e+00	1	2.283105e-03
6.040000e+02	2.850000e+02	0.000000e+00	1	2.283105e-03
5.390000e+02	3.330000e+02	0.000000e+00	1	2.283105e-03
4.640000e+02	4.010000e+02	0.000000e+00	1	2.283105e-03
5.970000e+02	2.900000e+02	0.000000e+00	1	2.283105e-03
5.630000e+02	3.150000e+02	0.000000e+00	1	2.283105e-03
5.470000e+02	3.280000e+02	0.000000e+00	1	2.283105e-03
4.900000e+02	3.770000e+02	0.000000e+00	1	2.283105e-03
5.480000e+02	3.270000e+02	0.000000e+00	1	2.283105e-03
5.080000e+02	3.580000e+02	0.000000e+00	1	2.283105e-03
5.580000e+02	3.190000e+02	0.000000e+00	1	2.283105e-03
6.330000e+02	2.670000e+02	0.000000e+00	1	2.283105e-03
4.580000e+02	4.040000e+02	0.000000e+00	1	2.283105e-03
6.350000e+02	2.650000e+02	0.000000e+00	1	2.283105e-03
5.570000e+02	3.200000e+02	0.000000e+00	1	2.283105e-03
5.240000e+02	3.440000e+02	0.000000e+00	1	2.283105e-03
5.220000e+02	3.450000e+02	0.000000e+00	1	2.283105e-03
5.090000e+02	3.570000e+02	0.000000e+00	1	2.283105e-03
5.970000e+02	2.900000e+02	0.000000e+00	1	2.283105e-03
5.210000e+02	3.460000e+02	0.000000e+00	1	2.283105e-03
6.660000e+02	2.480000e+02	0.000000e+00	1	2.283105e-03
5.880000e+02	2.970000e+02	0.000000e+00	1	2.283105e-03
5.960000e+02	2.910000e+02	0.000000e+00	1	2.283105e-03
5.260000e+02	3.420000e+02	0.000000e+00	1	2.283105e-03
5.310000e+02	3.390000e+02	0.000000e+00	1	2.283105e-03
5.690000e+02	3.110000e+02	0.000000e+00	1	2.283105e-03
5.980000e+02	2.890000e+02	0.000000e+00	1	2.283105e-03
6.010000e+02	2.870000e+02	0.000000e+00	1	2.283105e-03
6.340000e+02	2.660000e+02	0.000000e+00	1	2.283105e-03
4.830000e+02	3.820000e+02	0.000000e+00	1	2.283105e-03
6.340000e+02	2.660000e+02	0.000000e+00	1	2.283105e-03
6.250000e+02	2.700000e+02	0.000000e+00	1	0.000000e+00
6.430000e+02	2.620000e+02	0.000000e+00	1	0.000000e+00
4.810000e+02	3.850000e+02	0.000000e+00	1	0.000000e+00
6.030000e+02	2.860000e+02	0.000000e+00	1	0.000000e+00
4.730000e+02	3.920000e+02	0.000000e+00	1	0.000000e+00
5.440000e+02	3.290000e+02	0.000000e+00	1	0.000000e+00
5.320000e+02	3.370000e+02	0.000000e+00	1	0.000000e+00
4.740000e+02	3.910000e+02	0.000000e+00	1	0.000000e+00
4.910000e+02	3.740000e+02	0.000000e+00	1	0.000000e+00
6.740000e+02	2.430000e+02	0.000000e+00	1	0.000000e+00
6.250000e+02	2.700000e+02	0.000000e+00	1	0.000000e+00
6.190000e+02	2.740000e+02	0.000000e+00	1	0.000000e+00
4.630000e+02	4.020000e+02	0.000000e+00	1	0.000000e+00
5.560000e+02	3.210000e+02	0.000000e+00	1	0.000000e+00
5.600000e+02	3.180000e+02	0.000000e+00	1	0.000000e+00
6.140000e+02	2.780000e+02	0.000000e+00	1	0.000000e+00
6.330000e+02	2.670000e+02	0.000000e+00	1	0.000000e+00
4.890000e+02	3.780000e+02	0.000000e+00	1	0.000000e+00
5.380000e+02	3.340000e+02	0.000000e+00	1	0.000000e+00
5.760000e+02	3.060000e+02	0.000000e+00	1	0.000000e+00
5.830000e+02	3.000000e+02	0.000000e+00	1	0.000000e+00
4.890000e+02	3.780000e+02	0.000000e+00	1	0.000000e+00
5.870000e+02	2.980000e+02	0.000000e+00	1	0.000000e+00
6.090000e+02	2.810000e+02	0.000000e+00	1	0.000000e+00
5.520000e+02	3.240000e+02	0.000000e+00	1	0.000000e+00
6.190000e+02	2.740000e+02	0.000000e+00	1	0.000000e+00
5.090000e+02	3.570000e+02	0.000000e+00	1	0.000000e+00
6.470000e+02	2.580000e+02	0.000000e+00	1	0.000000e+00
5.180000e+02	3.520000e+02	0.000000e+00	1	0.000000e+00
6.250000e+02	2.700000e+02	0.000000e+00	1	0.000000e+00
5.410000e+02	3.320000e+02	0.000000e+00	1	0.000000e+00
4.900000e+02	3.770000e+02	0.000000e+00	1	0.000000e+00
5.810000e+02	3.020000e+02	0.000000e+00	1	0.000000e+00
5.930000e+02	2.930000e+02	0.000000e+00	1	0.000000e+00
6.250000e+02	2.700000e+02	0.000000e+00	1	0.000000e+00
5.470000e+02	3.280000e+02	0.000000e+00	1	0.000000e+00
6.190000e+02	2.740000e+02	0.000000e+00	1	0.000000e+00
6.220000e+02	2.720000e+02	0.000000e+00	1	0.000000e+00
5.980000e+02	2.890000e+02	0.000000e+00	1	0.000000e+00
6.030000e+02	2.860000e+02	0.000000e+00	1	0.000000e+00
5.380000e+02	3.340000e+02	0.000000e+00	1	0.000000e+00
6.060000e+02	2.830000e+02	0.000000e+00	1	0.000000e+00
5.670000e+02	3.130000e+02	0.000000e+00	1	0.000000e+00
6.170000e+02	2.750000e+02	0.000000e+00	1	0.000000e+00
6.300000e+02	2.680000e+02	0.000000e+00	1	0.000000e+00
5.630000e+02	3.150000e+02	0.000000e+00	1	0.000000e+00
5.960000e+02	2.910000e+02	0.000000e+00	1	0.000000e+00
6.430000e+02	2.620000e+02	0.000000e+00	1	0.000000e+00
4.630000e+02	4.020000e+02	0.000000e+00	1	0.000000e+00
6.650000e+02	2.490000e+02	0.000000e+00	1	0.000000e+00
6.370000e+02	2.640000e+02	0.000000e+00	1	0.000000e+00
6.220000e+02	2.720000e+02	0.000000e+00	1	0.000000e+00
5.050000e+02	3.620000e+02	0.000000e+00	1	0.000000e+00
5.220000e+02	3.450000e+02	0.000000e+00	1	0.000000e+00
6.220000e+02	2.720000e+02	0.000000e+00	1	0.000000e+00
5.210000e+02	3.460000e+02	0.000000e+00	1	0.000000e+00
6.740000e+02	2.430000e+02	0.000000e+00	1	0.000000e+00
5.240000e+02	3.440000e+02	0.000000e+00	1	0.000000e+00
5.540000e+02	3.230000e+02	0.000000e+00	1	0.000000e+00
6.250000e+02	2.700000e+02	0.000000e+00	1	0.000000e+00
5.570000e+02	3.200000e+02	0.000000e+00	1	0.000000e+00
5.630000e+02	3.150000e+02	0.000000e+00	1	0.000000e+00
5.900000e+02	2.950000e+02	0.000000e+00	1	0.000000e+00
6.300000e+02	2.680000e+02	0.000000e+00	1	0.000000e+00
5.320000e+02	3.370000e+02	0.000000e+00	1	0.000000e+00
6.250000e+02	2.700000e+02	0.000000e+00	1	0.000000e+00
6.490000e+02	2.570000e+02	0.000000e+00	1	0.000000e+00
6.300000e+02	2.680000e+02	0.000000e+00	1	0.000000e+00
5.800000e+02	3.040000e+02	0.000000e+00	1	0.000000e+00
6.090000e+02	2.810000e+02	0.000000e+00	1	0.000000e+00
6.300000e+02	2.680000e+02	0.000000e+00	1	0.000000e+00
5.690000e+02	3.110000e+02	0.000000e+00	1	0.000000e+00
6.030000e+02	2.860000e+02	0.000000e+00	1	0.000000e+00
5.320000e+02	3.370000e+02	0.000000e+00	1	0.000000e+00
6.110000e+02	2.800000e+02	0.000000e+00	1	0.000000e+00
6.060000e+02	2.830000e+02	0.000000e+00	1	0.000000e+00
6.450000e+02	2.600000e+02	0.000000e+00	1	0.000000e+00
6.140000e+02	2.780000e+02	0.000000e+00	1	0.000000e+00
6.450000e+02	2.600000e+02	0.000000e+00	1	0.000000e+00
5.870000e+02	2.980000e+02	0.000000e+00	1	0.000000e+00
5.080000e+02	3.580000e+02	0.000000e+00	1	0.000000e+00
5.560000e+02	3.210000e+02	0.000000e+00	1	0.000000e+00
5.630000e+02	3.150000e+02	0.000000e+00	1	0.000000e+00
6.300000e+02	2.680000e+02	0.000000e+00	1	0.000000e+00
5.370000e+02	3.350000e+02	0.000000e+00	1	0.000000e+00
6.340000e+02	2.660000e+02	0.000000e+00	1	0.000000e+00
5.570000e+02	3.200000e+02	0.000000e+00	1	0.000000e+00
5.580000e+02	3.190000e+02	0.000000e+00	1	0.000000e+00
5.520000e+02	3.240000e+02	0.000000e+00	1	0.000000e+00
6.000000e+02	2.880000e+02	0.000000e+00	1	0.000000e+00
4.820000e+02	3.840000e+02	0.000000e+00	1	0.000000e+00
6.060000e+02	2.830000e+02	0.000000e+00	1	0.000000e+00
4.580000e+02	4.040000e+02	0.000000e+00	1	0.000000e+00
5.620000e+02	3.170000e+02	0.000000e+00	1	0.000000e+00
6.140000e+02	2.780000e+02	0.000000e+00	1	0.000000e+00
4.760000e+02	3.890000e+02	0.000000e+00	1	0.000000e+00
5.760000e+02	3.060000e+02	0.000000e+00	1	0.000000e+00
6.740000e+02	2.430000e+02	0.000000e+00	1	0.000000e+00
5.620000e+02	3.170000e+02	0.000000e+00	1	0.000000e+00
6.140000e+02	2.780000e+02	0.000000e+00	1	0.000000e+00
4.870000e+02	3.790000e+02	0.000000e+00	1	0.000000e+00
5.630000e+02	3.150000e+02	0.000000e+00	1	0.000000e+00
5.540000e+02	3.230000e+02	0.000000e+00	1	0.000000e+00
5.390000e+02	3.330000e+02	0.000000e+00	1	0.000000e+00
5.540000e+02	3.230000e+02	0.000000e+00	1	0.000000e+00
4.740000e+02	3.910000e+02	0.000000e+00	1	0.000000e+00
6.590000e+02	2.520000e+02	0.000000e+00	1	0.000000e+00
6.010000e+02	2.870000e+02	0.000000e+00	1	0.000000e+00
6.610000e+02	2.510000e+02	0.000000e+00	1	0.000000e+00
6.090000e+02	2.810000e+02	0.000000e+00	1	0.000000e+00
5.290000e+02	3.400000e+02	0.000000e+00	1	0.000000e+00
4.650000e+02	3.970000e+02	0.000000e+00	1	0.000000e+00
5.490000e+02	3.260000e+02	0.000000e+00	1	0.000000e+00
5.570000e+02	3.200000e+02	0.000000e+00	1	0.000000e+00
4.580000e+02	4.040000e+02	0.000000e+00	1	0.000000e+00
6.250000e+02	2.700000e+02	0.000000e+00	1	0.000000e+00
6.350000e+02	2.650000e+02	0.000000e+00	1	0.000000e+00
6.220000e+02	2.720000e+02	0.000000e+00	1	0.000000e+00
5.980000e+02	2.890000e+02	0.000000e+00	1	0.000000e+00
5.000000e+02	3.660000e+02	0.000000e+00	1	0.000000e+00
5.520000e+02	3.240000e+02	0.000000e+00	1	0.000000e+00
5.980000e+02	2.890000e+02	0.000000e+00	1	0.000000e+00
6.690000e+02	2.460000e+02	0.000000e+00	1	0.000000e+00
6.090000e+02	2.810000e+02	0.000000e+00	1	0.000000e+00
6.140000e+02	2.780000e+02	0.000000e+00	1	0.000000e+00
5.220000e+02	3.450000e+02	0.000000e+00	1	0.000000e+00
4.570000e+02	4.050000e+02	0.000000e+00	1	0.000000e+00
5.630000e+02	3.150000e+02	0.000000e+00	1	0.000000e+00
5.140000e+02	3.540000e+02	0.000000e+00	1	0.000000e+00
6.370000e+02	2.640000e+02	0.000000e+00	1	0.000000e+00
4.790000e+02	3.870000e+02	0.000000e+00	1	0.000000e+00
5.630000e+02	3.150000e+02	0.000000e+00	1	0.000000e+00
6.340000e+02	2.660000e+02	0.000000e+00	1	0.000000e+00
5.980000e+02	2.890000e+02	0.000000e+00	1	0.000000e+00
6.710000e+02	2.450000e+02	0.000000e+00	1	0.000000e+00
Total execution time: 806.475
