# This file contains the data of final feasible population (if found)
# of objectives = 2, # of constraints = 0, # of real_var = 0, # of bits of bin_var = 0, constr_violation, rank, crowding_distance
4.720000e+02	4.050000e+02	0.000000e+00	1	1.000000e+14
6.740000e+02	2.420000e+02	0.000000e+00	1	1.000000e+14
4.920000e+02	3.740000e+02	0.000000e+00	1	3.621758e-02
4.910000e+02	3.850000e+02	0.000000e+00	1	3.374233e-02
5.050000e+02	3.610000e+02	0.000000e+00	1	1.910344e-02
4.780000e+02	3.990000e+02	0.000000e+00	1	1.415295e-02
6.590000e+02	2.500000e+02	0.000000e+00	1	1.415295e-02
6.410000e+02	2.610000e+02	0.000000e+00	1	1.415295e-02
4.820000e+02	3.930000e+02	0.000000e+00	1	1.415295e-02
6.570000e+02	2.530000e+02	0.000000e+00	1	1.415295e-02
5.150000e+02	3.520000e+02	0.000000e+00	1	1.356071e-02
5.720000e+02	3.080000e+02	0.000000e+00	1	1.356071e-02
5.360000e+02	3.350000e+02	0.000000e+00	1	1.356071e-02
6.650000e+02	2.460000e+02	0.000000e+00	1	1.356071e-02
6.510000e+02	2.560000e+02	0.000000e+00	1	1.296847e-02
5.150000e+02	3.520000e+02	0.000000e+00	1	1.226994e-02
5.180000e+02	3.480000e+02	0.000000e+00	1	1.226994e-02
4.770000e+02	4.020000e+02	0.000000e+00	1	1.167770e-02
4.940000e+02	3.730000e+02	0.000000e+00	1	1.167770e-02
5.400000e+02	3.310000e+02	0.000000e+00	1	1.108546e-02
5.970000e+02	2.910000e+02	0.000000e+00	1	1.108546e-02
4.860000e+02	3.880000e+02	0.000000e+00	1	1.108546e-02
5.380000e+02	3.330000e+02	0.000000e+00	1	1.108546e-02
4.840000e+02	3.920000e+02	0.000000e+00	1	1.108546e-02
5.380000e+02	3.330000e+02	0.000000e+00	1	1.108546e-02
5.140000e+02	3.540000e+02	0.000000e+00	1	1.108546e-02
4.740000e+02	4.040000e+02	0.000000e+00	1	1.108546e-02
6.310000e+02	2.680000e+02	0.000000e+00	1	1.108546e-02
5.430000e+02	3.300000e+02	0.000000e+00	1	1.049323e-02
5.620000e+02	3.160000e+02	0.000000e+00	1	1.049323e-02
6.600000e+02	2.490000e+02	0.000000e+00	1	1.049323e-02
6.250000e+02	2.720000e+02	0.000000e+00	1	1.049323e-02
5.870000e+02	2.970000e+02	0.000000e+00	1	1.049323e-02
5.900000e+02	2.960000e+02	0.000000e+00	1	1.049323e-02
6.470000e+02	2.570000e+02	0.000000e+00	1	1.049323e-02
4.740000e+02	4.040000e+02	0.000000e+00	1	1.049323e-02
6.710000e+02	2.430000e+02	0.000000e+00	1	1.049323e-02
5.010000e+02	3.660000e+02	0.000000e+00	1	1.049323e-02
6.740000e+02	2.420000e+02	0.000000e+00	1	1.049323e-02
5.330000e+02	3.360000e+02	0.000000e+00	1	1.049323e-02
5.090000e+02	3.590000e+02	0.000000e+00	1	9.900990e-03
6.470000e+02	2.570000e+02	0.000000e+00	1	9.900990e-03
6.510000e+02	2.560000e+02	0.000000e+00	1	9.900990e-03
6.550000e+02	2.550000e+02	0.000000e+00	1	9.900990e-03
4.950000e+02	3.700000e+02	0.000000e+00	1	9.900990e-03
4.990000e+02	3.670000e+02	0.000000e+00	1	9.900990e-03
4.810000e+02	3.960000e+02	0.000000e+00	1	9.202454e-03
4.950000e+02	3.700000e+02	0.000000e+00	1	9.202454e-03
5.040000e+02	3.640000e+02	0.000000e+00	1	9.202454e-03
4.990000e+02	3.670000e+02	0.000000e+00	1	9.202454e-03
4.950000e+02	3.700000e+02	0.000000e+00	1	9.202454e-03
6.440000e+02	2.580000e+02	0.000000e+00	1	9.202454e-03
6.380000e+02	2.630000e+02	0.000000e+00	1	8.610217e-03
4.800000e+02	3.980000e+02	0.000000e+00	1	8.610217e-03
5.040000e+02	3.640000e+02	0.000000e+00	1	8.610217e-03
5.570000e+02	3.190000e+02	0.000000e+00	1	8.610217e-03
6.350000e+02	2.650000e+02	0.000000e+00	1	8.610217e-03
4.810000e+02	3.960000e+02	0.000000e+00	1	8.610217e-03
5.100000e+02	3.570000e+02	0.000000e+00	1	8.610217e-03
4.850000e+02	3.900000e+02	0.000000e+00	1	8.610217e-03
6.340000e+02	2.660000e+02	0.000000e+00	1	8.610217e-03
5.320000e+02	3.370000e+02	0.000000e+00	1	8.610217e-03
6.040000e+02	2.860000e+02	0.000000e+00	1	8.610217e-03
5.770000e+02	3.050000e+02	0.000000e+00	1	8.610217e-03
5.090000e+02	3.590000e+02	0.000000e+00	1	8.610217e-03
4.850000e+02	3.900000e+02	0.000000e+00	1	8.610217e-03
5.450000e+02	3.280000e+02	0.000000e+00	1	8.610217e-03
5.520000e+02	3.230000e+02	0.000000e+00	1	8.017980e-03
6.010000e+02	2.890000e+02	0.000000e+00	1	8.017980e-03
5.510000e+02	3.240000e+02	0.000000e+00	1	8.017980e-03
5.910000e+02	2.950000e+02	0.000000e+00	1	8.017980e-03
6.220000e+02	2.740000e+02	0.000000e+00	1	8.017980e-03
5.990000e+02	2.900000e+02	0.000000e+00	1	8.017980e-03
5.490000e+02	3.250000e+02	0.000000e+00	1	8.017980e-03
5.870000e+02	2.970000e+02	0.000000e+00	1	8.017980e-03
6.140000e+02	2.790000e+02	0.000000e+00	1	8.017980e-03
5.930000e+02	2.940000e+02	0.000000e+00	1	8.017980e-03
6.060000e+02	2.840000e+02	0.000000e+00	1	8.017980e-03
4.800000e+02	3.980000e+02	0.000000e+00	1	8.017980e-03
4.880000e+02	3.860000e+02	0.000000e+00	1	8.017980e-03
6.630000e+02	2.480000e+02	0.000000e+00	1	8.017980e-03
6.080000e+02	2.830000e+02	0.000000e+00	1	8.017980e-03
5.650000e+02	3.130000e+02	0.000000e+00	1	8.017980e-03
5.670000e+02	3.120000e+02	0.000000e+00	1	8.017980e-03
6.190000e+02	2.750000e+02	0.000000e+00	1	7.425743e-03
5.400000e+02	3.310000e+02	0.000000e+00	1	7.425743e-03
6.340000e+02	2.660000e+02	0.000000e+00	1	7.425743e-03
6.220000e+02	2.740000e+02	0.000000e+00	1	7.425743e-03
6.110000e+02	2.800000e+02	0.000000e+00	1	7.425743e-03
5.720000e+02	3.080000e+02	0.000000e+00	1	7.425743e-03
6.310000e+02	2.680000e+02	0.000000e+00	1	7.425743e-03
5.230000e+02	3.450000e+02	0.000000e+00	1	7.425743e-03
6.680000e+02	2.450000e+02	0.000000e+00	1	7.425743e-03
5.290000e+02	3.410000e+02	0.000000e+00	1	7.425743e-03
4.880000e+02	3.860000e+02	0.000000e+00	1	7.425743e-03
4.770000e+02	4.020000e+02	0.000000e+00	1	7.425743e-03
4.910000e+02	3.850000e+02	0.000000e+00	1	7.425743e-03
6.140000e+02	2.790000e+02	0.000000e+00	1	7.425743e-03
5.590000e+02	3.170000e+02	0.000000e+00	1	7.425743e-03
5.040000e+02	3.640000e+02	0.000000e+00	1	7.425743e-03
6.280000e+02	2.710000e+02	0.000000e+00	1	7.425743e-03
5.260000e+02	3.420000e+02	0.000000e+00	1	7.425743e-03
6.410000e+02	2.610000e+02	0.000000e+00	1	7.425743e-03
6.350000e+02	2.650000e+02	0.000000e+00	1	7.425743e-03
5.200000e+02	3.470000e+02	0.000000e+00	1	7.425743e-03
6.440000e+02	2.580000e+02	0.000000e+00	1	7.425743e-03
5.750000e+02	3.070000e+02	0.000000e+00	1	7.425743e-03
5.690000e+02	3.100000e+02	0.000000e+00	1	7.425743e-03
6.440000e+02	2.580000e+02	0.000000e+00	1	7.425743e-03
5.180000e+02	3.480000e+02	0.000000e+00	1	7.425743e-03
6.630000e+02	2.480000e+02	0.000000e+00	1	7.425743e-03
6.380000e+02	2.630000e+02	0.000000e+00	1	7.425743e-03
5.090000e+02	3.590000e+02	0.000000e+00	1	6.134969e-03
5.690000e+02	3.100000e+02	0.000000e+00	1	6.134969e-03
5.780000e+02	3.040000e+02	0.000000e+00	1	6.134969e-03
5.250000e+02	3.440000e+02	0.000000e+00	1	6.134969e-03
6.630000e+02	2.480000e+02	0.000000e+00	1	6.134969e-03
5.670000e+02	3.120000e+02	0.000000e+00	1	6.134969e-03
5.100000e+02	3.570000e+02	0.000000e+00	1	6.134969e-03
5.950000e+02	2.930000e+02	0.000000e+00	1	6.134969e-03
5.750000e+02	3.070000e+02	0.000000e+00	1	6.134969e-03
4.770000e+02	4.020000e+02	0.000000e+00	1	6.134969e-03
5.120000e+02	3.550000e+02	0.000000e+00	1	6.134969e-03
5.310000e+02	3.390000e+02	0.000000e+00	1	6.134969e-03
6.060000e+02	2.840000e+02	0.000000e+00	1	6.134969e-03
6.100000e+02	2.820000e+02	0.000000e+00	1	6.134969e-03
5.290000e+02	3.410000e+02	0.000000e+00	1	6.134969e-03
5.850000e+02	2.980000e+02	0.000000e+00	1	6.134969e-03
4.880000e+02	3.860000e+02	0.000000e+00	1	6.134969e-03
6.310000e+02	2.680000e+02	0.000000e+00	1	6.134969e-03
5.010000e+02	3.660000e+02	0.000000e+00	1	6.134969e-03
5.050000e+02	3.610000e+02	0.000000e+00	1	6.134969e-03
5.260000e+02	3.420000e+02	0.000000e+00	1	6.134969e-03
5.230000e+02	3.450000e+02	0.000000e+00	1	6.134969e-03
5.200000e+02	3.470000e+02	0.000000e+00	1	6.134969e-03
5.690000e+02	3.100000e+02	0.000000e+00	1	6.134969e-03
6.290000e+02	2.700000e+02	0.000000e+00	1	6.134969e-03
6.110000e+02	2.800000e+02	0.000000e+00	1	6.134969e-03
5.310000e+02	3.390000e+02	0.000000e+00	1	6.134969e-03
4.860000e+02	3.880000e+02	0.000000e+00	1	6.134969e-03
5.830000e+02	3.000000e+02	0.000000e+00	1	6.134969e-03
5.800000e+02	3.020000e+02	0.000000e+00	1	6.134969e-03
5.590000e+02	3.170000e+02	0.000000e+00	1	6.134969e-03
6.160000e+02	2.780000e+02	0.000000e+00	1	6.134969e-03
6.170000e+02	2.760000e+02	0.000000e+00	1	6.134969e-03
5.470000e+02	3.260000e+02	0.000000e+00	1	6.134969e-03
4.820000e+02	3.930000e+02	0.000000e+00	1	5.542732e-03
6.020000e+02	2.880000e+02	0.000000e+00	1	5.542732e-03
6.590000e+02	2.500000e+02	0.000000e+00	1	5.542732e-03
6.290000e+02	2.700000e+02	0.000000e+00	1	5.542732e-03
5.640000e+02	3.140000e+02	0.000000e+00	1	5.542732e-03
6.030000e+02	2.870000e+02	0.000000e+00	1	5.542732e-03
5.440000e+02	3.290000e+02	0.000000e+00	1	5.542732e-03
6.280000e+02	2.710000e+02	0.000000e+00	1	5.542732e-03
6.250000e+02	2.720000e+02	0.000000e+00	1	5.542732e-03
6.100000e+02	2.820000e+02	0.000000e+00	1	5.542732e-03
6.550000e+02	2.550000e+02	0.000000e+00	1	5.542732e-03
5.510000e+02	3.240000e+02	0.000000e+00	1	5.542732e-03
5.630000e+02	3.150000e+02	0.000000e+00	1	5.542732e-03
4.910000e+02	3.850000e+02	0.000000e+00	1	5.542732e-03
5.550000e+02	3.210000e+02	0.000000e+00	1	5.542732e-03
6.570000e+02	2.530000e+02	0.000000e+00	1	5.542732e-03
5.830000e+02	3.000000e+02	0.000000e+00	1	5.542732e-03
6.390000e+02	2.620000e+02	0.000000e+00	1	5.542732e-03
5.800000e+02	3.020000e+02	0.000000e+00	1	4.950495e-03
5.250000e+02	3.440000e+02	0.000000e+00	1	4.950495e-03
6.690000e+02	2.440000e+02	0.000000e+00	1	4.950495e-03
6.290000e+02	2.700000e+02	0.000000e+00	1	4.950495e-03
6.040000e+02	2.860000e+02	0.000000e+00	1	4.950495e-03
5.830000e+02	3.000000e+02	0.000000e+00	1	4.950495e-03
5.750000e+02	3.070000e+02	0.000000e+00	1	4.950495e-03
5.570000e+02	3.190000e+02	0.000000e+00	1	4.950495e-03
5.850000e+02	2.980000e+02	0.000000e+00	1	4.950495e-03
6.170000e+02	2.760000e+02	0.000000e+00	1	4.950495e-03
5.800000e+02	3.020000e+02	0.000000e+00	1	4.950495e-03
6.060000e+02	2.840000e+02	0.000000e+00	1	4.950495e-03
5.590000e+02	3.170000e+02	0.000000e+00	1	4.950495e-03
5.200000e+02	3.470000e+02	0.000000e+00	1	4.950495e-03
6.190000e+02	2.750000e+02	0.000000e+00	1	4.950495e-03
5.670000e+02	3.120000e+02	0.000000e+00	1	4.950495e-03
5.470000e+02	3.260000e+02	0.000000e+00	1	4.950495e-03
5.490000e+02	3.250000e+02	0.000000e+00	1	4.950495e-03
5.950000e+02	2.930000e+02	0.000000e+00	1	4.950495e-03
5.450000e+02	3.280000e+02	0.000000e+00	1	4.950495e-03
5.690000e+02	3.100000e+02	0.000000e+00	1	4.950495e-03
6.080000e+02	2.830000e+02	0.000000e+00	1	4.950495e-03
4.920000e+02	3.740000e+02	0.000000e+00	1	4.950495e-03
5.230000e+02	3.450000e+02	0.000000e+00	1	4.950495e-03
5.950000e+02	2.930000e+02	0.000000e+00	1	4.950495e-03
6.240000e+02	2.730000e+02	0.000000e+00	1	4.950495e-03
5.930000e+02	2.940000e+02	0.000000e+00	1	4.950495e-03
5.770000e+02	3.050000e+02	0.000000e+00	1	4.950495e-03
5.820000e+02	3.010000e+02	0.000000e+00	1	4.950495e-03
5.120000e+02	3.550000e+02	0.000000e+00	1	4.950495e-03
6.100000e+02	2.820000e+02	0.000000e+00	1	4.950495e-03
5.100000e+02	3.570000e+02	0.000000e+00	1	4.950495e-03
5.290000e+02	3.410000e+02	0.000000e+00	1	4.950495e-03
5.310000e+02	3.390000e+02	0.000000e+00	1	4.950495e-03
5.780000e+02	3.040000e+02	0.000000e+00	1	4.950495e-03
5.850000e+02	2.980000e+02	0.000000e+00	1	4.950495e-03
5.180000e+02	3.480000e+02	0.000000e+00	1	4.950495e-03
4.720000e+02	4.050000e+02	0.000000e+00	1	4.950495e-03
5.010000e+02	3.660000e+02	0.000000e+00	1	4.950495e-03
6.650000e+02	2.460000e+02	0.000000e+00	1	4.950495e-03
4.990000e+02	3.670000e+02	0.000000e+00	1	4.950495e-03
5.360000e+02	3.350000e+02	0.000000e+00	1	4.950495e-03
5.970000e+02	2.910000e+02	0.000000e+00	1	4.950495e-03
5.470000e+02	3.260000e+02	0.000000e+00	1	4.950495e-03
5.120000e+02	3.550000e+02	0.000000e+00	1	4.950495e-03
6.710000e+02	2.430000e+02	0.000000e+00	1	4.950495e-03
4.940000e+02	3.730000e+02	0.000000e+00	1	4.950495e-03
5.990000e+02	2.900000e+02	0.000000e+00	1	4.950495e-03
6.160000e+02	2.780000e+02	0.000000e+00	1	4.950495e-03
6.390000e+02	2.620000e+02	0.000000e+00	1	4.950495e-03
5.540000e+02	3.220000e+02	0.000000e+00	1	4.950495e-03
4.920000e+02	3.740000e+02	0.000000e+00	1	3.067485e-03
5.750000e+02	3.070000e+02	0.000000e+00	1	3.067485e-03
5.490000e+02	3.250000e+02	0.000000e+00	1	3.067485e-03
5.430000e+02	3.300000e+02	0.000000e+00	1	3.067485e-03
6.170000e+02	2.760000e+02	0.000000e+00	1	3.067485e-03
5.800000e+02	3.020000e+02	0.000000e+00	1	3.067485e-03
6.380000e+02	2.630000e+02	0.000000e+00	1	3.067485e-03
6.140000e+02	2.790000e+02	0.000000e+00	1	3.067485e-03
6.470000e+02	2.570000e+02	0.000000e+00	1	3.067485e-03
5.320000e+02	3.370000e+02	0.000000e+00	1	3.067485e-03
5.640000e+02	3.140000e+02	0.000000e+00	1	3.067485e-03
5.470000e+02	3.260000e+02	0.000000e+00	1	3.067485e-03
5.590000e+02	3.170000e+02	0.000000e+00	1	3.067485e-03
5.820000e+02	3.010000e+02	0.000000e+00	1	3.067485e-03
6.440000e+02	2.580000e+02	0.000000e+00	1	3.067485e-03
5.770000e+02	3.050000e+02	0.000000e+00	1	3.067485e-03
5.850000e+02	2.980000e+02	0.000000e+00	1	3.067485e-03
6.110000e+02	2.800000e+02	0.000000e+00	1	3.067485e-03
5.250000e+02	3.440000e+02	0.000000e+00	1	3.067485e-03
4.780000e+02	3.990000e+02	0.000000e+00	1	3.067485e-03
5.780000e+02	3.040000e+02	0.000000e+00	1	3.067485e-03
5.650000e+02	3.130000e+02	0.000000e+00	1	3.067485e-03
6.220000e+02	2.740000e+02	0.000000e+00	1	3.067485e-03
6.410000e+02	2.610000e+02	0.000000e+00	1	3.067485e-03
6.680000e+02	2.450000e+02	0.000000e+00	1	3.067485e-03
5.560000e+02	3.200000e+02	0.000000e+00	1	3.067485e-03
5.950000e+02	2.930000e+02	0.000000e+00	1	3.067485e-03
6.160000e+02	2.780000e+02	0.000000e+00	1	3.067485e-03
6.560000e+02	2.540000e+02	0.000000e+00	1	3.067485e-03
6.030000e+02	2.870000e+02	0.000000e+00	1	3.067485e-03
5.260000e+02	3.420000e+02	0.000000e+00	1	3.067485e-03
5.120000e+02	3.550000e+02	0.000000e+00	1	3.067485e-03
6.340000e+02	2.660000e+02	0.000000e+00	1	3.067485e-03
4.940000e+02	3.730000e+02	0.000000e+00	1	3.067485e-03
5.450000e+02	3.280000e+02	0.000000e+00	1	3.067485e-03
5.360000e+02	3.350000e+02	0.000000e+00	1	3.067485e-03
6.280000e+02	2.710000e+02	0.000000e+00	1	3.067485e-03
5.290000e+02	3.410000e+02	0.000000e+00	1	3.067485e-03
5.720000e+02	3.080000e+02	0.000000e+00	1	3.067485e-03
6.190000e+02	2.750000e+02	0.000000e+00	1	3.067485e-03
6.240000e+02	2.730000e+02	0.000000e+00	1	3.067485e-03
4.990000e+02	3.670000e+02	0.000000e+00	1	3.067485e-03
4.720000e+02	4.050000e+02	0.000000e+00	1	3.067485e-03
6.190000e+02	2.750000e+02	0.000000e+00	1	3.067485e-03
6.550000e+02	2.550000e+02	0.000000e+00	1	3.067485e-03
6.690000e+02	2.440000e+02	0.000000e+00	1	3.067485e-03
5.200000e+02	3.470000e+02	0.000000e+00	1	3.067485e-03
6.600000e+02	2.490000e+02	0.000000e+00	1	3.067485e-03
6.690000e+02	2.440000e+02	0.000000e+00	1	3.067485e-03
6.710000e+02	2.430000e+02	0.000000e+00	1	3.067485e-03
5.970000e+02	2.910000e+02	0.000000e+00	1	3.067485e-03
5.330000e+02	3.360000e+02	0.000000e+00	1	3.067485e-03
5.400000e+02	3.310000e+02	0.000000e+00	1	3.067485e-03
6.020000e+02	2.880000e+02	0.000000e+00	1	3.067485e-03
5.570000e+02	3.190000e+02	0.000000e+00	1	3.067485e-03
6.010000e+02	2.890000e+02	0.000000e+00	1	3.067485e-03
5.520000e+02	3.230000e+02	0.000000e+00	1	3.067485e-03
5.630000e+02	3.150000e+02	0.000000e+00	1	3.067485e-03
5.440000e+02	3.290000e+02	0.000000e+00	1	3.067485e-03
4.840000e+02	3.920000e+02	0.000000e+00	1	3.067485e-03
5.620000e+02	3.160000e+02	0.000000e+00	1	3.067485e-03
6.560000e+02	2.540000e+02	0.000000e+00	1	3.067485e-03
6.510000e+02	2.560000e+02	0.000000e+00	1	3.067485e-03
6.390000e+02	2.620000e+02	0.000000e+00	1	3.067485e-03
6.650000e+02	2.460000e+02	0.000000e+00	1	3.067485e-03
5.910000e+02	2.950000e+02	0.000000e+00	1	3.067485e-03
5.540000e+02	3.220000e+02	0.000000e+00	1	3.067485e-03
5.180000e+02	3.480000e+02	0.000000e+00	1	3.067485e-03
5.930000e+02	2.940000e+02	0.000000e+00	1	3.067485e-03
6.350000e+02	2.650000e+02	0.000000e+00	1	3.067485e-03
6.080000e+02	2.830000e+02	0.000000e+00	1	3.067485e-03
6.240000e+02	2.730000e+02	0.000000e+00	1	3.067485e-03
5.140000e+02	3.540000e+02	0.000000e+00	1	3.067485e-03
5.820000e+02	3.010000e+02	0.000000e+00	1	3.067485e-03
5.550000e+02	3.210000e+02	0.000000e+00	1	3.067485e-03
5.230000e+02	3.450000e+02	0.000000e+00	1	3.067485e-03
5.990000e+02	2.900000e+02	0.000000e+00	1	3.067485e-03
5.560000e+02	3.200000e+02	0.000000e+00	1	3.067485e-03
5.900000e+02	2.960000e+02	0.000000e+00	1	3.067485e-03
5.540000e+02	3.220000e+02	0.000000e+00	1	3.067485e-03
6.680000e+02	2.450000e+02	0.000000e+00	1	3.067485e-03
6.040000e+02	2.860000e+02	0.000000e+00	1	3.067485e-03
5.910000e+02	2.950000e+02	0.000000e+00	1	2.475248e-03
6.170000e+02	2.760000e+02	0.000000e+00	1	2.475248e-03
6.160000e+02	2.780000e+02	0.000000e+00	1	2.475248e-03
6.010000e+02	2.890000e+02	0.000000e+00	1	2.475248e-03
5.250000e+02	3.440000e+02	0.000000e+00	1	2.475248e-03
5.430000e+02	3.300000e+02	0.000000e+00	1	2.475248e-03
5.550000e+02	3.210000e+02	0.000000e+00	1	2.475248e-03
5.560000e+02	3.200000e+02	0.000000e+00	1	2.475248e-03
5.050000e+02	3.610000e+02	0.000000e+00	1	2.475248e-03
5.650000e+02	3.130000e+02	0.000000e+00	1	2.475248e-03
5.630000e+02	3.150000e+02	0.000000e+00	1	2.475248e-03
5.640000e+02	3.140000e+02	0.000000e+00	1	2.475248e-03
4.860000e+02	3.880000e+02	0.000000e+00	1	2.475248e-03
5.520000e+02	3.230000e+02	0.000000e+00	1	2.475248e-03
5.320000e+02	3.370000e+02	0.000000e+00	1	2.475248e-03
6.560000e+02	2.540000e+02	0.000000e+00	1	2.475248e-03
5.150000e+02	3.520000e+02	0.000000e+00	1	2.475248e-03
5.140000e+02	3.540000e+02	0.000000e+00	1	2.475248e-03
4.810000e+02	3.960000e+02	0.000000e+00	1	2.475248e-03
4.780000e+02	3.990000e+02	0.000000e+00	1	2.475248e-03
6.020000e+02	2.880000e+02	0.000000e+00	1	2.475248e-03
5.780000e+02	3.040000e+02	0.000000e+00	1	2.475248e-03
6.600000e+02	2.490000e+02	0.000000e+00	1	2.475248e-03
6.240000e+02	2.730000e+02	0.000000e+00	1	2.475248e-03
6.690000e+02	2.440000e+02	0.000000e+00	1	2.475248e-03
5.310000e+02	3.390000e+02	0.000000e+00	1	2.475248e-03
4.840000e+02	3.920000e+02	0.000000e+00	1	2.475248e-03
5.540000e+02	3.220000e+02	0.000000e+00	1	2.475248e-03
5.900000e+02	2.960000e+02	0.000000e+00	1	2.475248e-03
6.110000e+02	2.800000e+02	0.000000e+00	1	2.475248e-03
6.680000e+02	2.450000e+02	0.000000e+00	1	2.475248e-03
4.950000e+02	3.700000e+02	0.000000e+00	1	2.475248e-03
5.620000e+02	3.160000e+02	0.000000e+00	1	2.475248e-03
5.440000e+02	3.290000e+02	0.000000e+00	1	2.475248e-03
5.330000e+02	3.360000e+02	0.000000e+00	1	2.475248e-03
5.260000e+02	3.420000e+02	0.000000e+00	1	2.475248e-03
5.820000e+02	3.010000e+02	0.000000e+00	1	2.475248e-03
6.030000e+02	2.870000e+02	0.000000e+00	1	2.475248e-03
5.560000e+02	3.200000e+02	0.000000e+00	1	2.475248e-03
6.560000e+02	2.540000e+02	0.000000e+00	1	2.475248e-03
6.350000e+02	2.650000e+02	0.000000e+00	1	0.000000e+00
6.310000e+02	2.680000e+02	0.000000e+00	1	0.000000e+00
6.250000e+02	2.720000e+02	0.000000e+00	1	0.000000e+00
6.410000e+02	2.610000e+02	0.000000e+00	1	0.000000e+00
6.680000e+02	2.450000e+02	0.000000e+00	1	0.000000e+00
5.630000e+02	3.150000e+02	0.000000e+00	1	0.000000e+00
5.590000e+02	3.170000e+02	0.000000e+00	1	0.000000e+00
5.140000e+02	3.540000e+02	0.000000e+00	1	0.000000e+00
4.720000e+02	4.050000e+02	0.000000e+00	1	0.000000e+00
5.450000e+02	3.280000e+02	0.000000e+00	1	0.000000e+00
5.180000e+02	3.480000e+02	0.000000e+00	1	0.000000e+00
6.080000e+02	2.830000e+02	0.000000e+00	1	0.000000e+00
6.080000e+02	2.830000e+02	0.000000e+00	1	0.000000e+00
5.970000e+02	2.910000e+02	0.000000e+00	1	0.000000e+00
5.850000e+02	2.980000e+02	0.000000e+00	1	0.000000e+00
6.170000e+02	2.760000e+02	0.000000e+00	1	0.000000e+00
6.280000e+02	2.710000e+02	0.000000e+00	1	0.000000e+00
6.080000e+02	2.830000e+02	0.000000e+00	1	0.000000e+00
6.340000e+02	2.660000e+02	0.000000e+00	1	0.000000e+00
5.690000e+02	3.100000e+02	0.000000e+00	1	0.000000e+00
6.020000e+02	2.880000e+02	0.000000e+00	1	0.000000e+00
6.140000e+02	2.790000e+02	0.000000e+00	1	0.000000e+00
5.330000e+02	3.360000e+02	0.000000e+00	1	0.000000e+00
6.590000e+02	2.500000e+02	0.000000e+00	1	0.000000e+00
4.810000e+02	3.960000e+02	0.000000e+00	1	0.000000e+00
5.780000e+02	3.040000e+02	0.000000e+00	1	0.000000e+00
5.470000e+02	3.260000e+02	0.000000e+00	1	0.000000e+00
6.170000e+02	2.760000e+02	0.000000e+00	1	0.000000e+00
5.100000e+02	3.570000e+02	0.000000e+00	1	0.000000e+00
5.400000e+02	3.310000e+02	0.000000e+00	1	0.000000e+00
5.260000e+02	3.420000e+02	0.000000e+00	1	0.000000e+00
4.910000e+02	3.850000e+02	0.000000e+00	1	0.000000e+00
4.940000e+02	3.730000e+02	0.000000e+00	1	0.000000e+00
6.630000e+02	2.480000e+02	0.000000e+00	1	0.000000e+00
4.820000e+02	3.930000e+02	0.000000e+00	1	0.000000e+00
6.170000e+02	2.760000e+02	0.000000e+00	1	0.000000e+00
6.080000e+02	2.830000e+02	0.000000e+00	1	0.000000e+00
5.830000e+02	3.000000e+02	0.000000e+00	1	0.000000e+00
6.250000e+02	2.720000e+02	0.000000e+00	1	0.000000e+00
5.990000e+02	2.900000e+02	0.000000e+00	1	0.000000e+00
6.290000e+02	2.700000e+02	0.000000e+00	1	0.000000e+00
6.080000e+02	2.830000e+02	0.000000e+00	1	0.000000e+00
6.030000e+02	2.870000e+02	0.000000e+00	1	0.000000e+00
5.650000e+02	3.130000e+02	0.000000e+00	1	0.000000e+00
5.560000e+02	3.200000e+02	0.000000e+00	1	0.000000e+00
5.670000e+02	3.120000e+02	0.000000e+00	1	0.000000e+00
5.770000e+02	3.050000e+02	0.000000e+00	1	0.000000e+00
6.160000e+02	2.780000e+02	0.000000e+00	1	0.000000e+00
5.200000e+02	3.470000e+02	0.000000e+00	1	0.000000e+00
5.260000e+02	3.420000e+02	0.000000e+00	1	0.000000e+00
6.310000e+02	2.680000e+02	0.000000e+00	1	0.000000e+00
5.380000e+02	3.330000e+02	0.000000e+00	1	0.000000e+00
6.470000e+02	2.570000e+02	0.000000e+00	1	0.000000e+00
5.100000e+02	3.570000e+02	0.000000e+00	1	0.000000e+00
5.470000e+02	3.260000e+02	0.000000e+00	1	0.000000e+00
5.690000e+02	3.100000e+02	0.000000e+00	1	0.000000e+00
5.900000e+02	2.960000e+02	0.000000e+00	1	0.000000e+00
5.690000e+02	3.100000e+02	0.000000e+00	1	0.000000e+00
5.750000e+02	3.070000e+02	0.000000e+00	1	0.000000e+00
6.470000e+02	2.570000e+02	0.000000e+00	1	0.000000e+00
6.470000e+02	2.570000e+02	0.000000e+00	1	0.000000e+00
6.350000e+02	2.650000e+02	0.000000e+00	1	0.000000e+00
6.690000e+02	2.440000e+02	0.000000e+00	1	0.000000e+00
6.140000e+02	2.790000e+02	0.000000e+00	1	0.000000e+00
5.150000e+02	3.520000e+02	0.000000e+00	1	0.000000e+00
5.750000e+02	3.070000e+02	0.000000e+00	1	0.000000e+00
5.820000e+02	3.010000e+02	0.000000e+00	1	0.000000e+00
6.650000e+02	2.460000e+02	0.000000e+00	1	0.000000e+00
6.190000e+02	2.750000e+02	0.000000e+00	1	0.000000e+00
5.990000e+02	2.900000e+02	0.000000e+00	1	0.000000e+00
4.990000e+02	3.670000e+02	0.000000e+00	1	0.000000e+00
5.100000e+02	3.570000e+02	0.000000e+00	1	0.000000e+00
5.230000e+02	3.450000e+02	0.000000e+00	1	0.000000e+00
4.860000e+02	3.880000e+02	0.000000e+00	1	0.000000e+00
5.850000e+02	2.980000e+02	0.000000e+00	1	0.000000e+00
5.430000e+02	3.300000e+02	0.000000e+00	1	0.000000e+00
5.100000e+02	3.570000e+02	0.000000e+00	1	0.000000e+00
5.780000e+02	3.040000e+02	0.000000e+00	1	0.000000e+00
6.310000e+02	2.680000e+02	0.000000e+00	1	0.000000e+00
6.030000e+02	2.870000e+02	0.000000e+00	1	0.000000e+00
6.340000e+02	2.660000e+02	0.000000e+00	1	0.000000e+00
6.140000e+02	2.790000e+02	0.000000e+00	1	0.000000e+00
5.550000e+02	3.210000e+02	0.000000e+00	1	0.000000e+00
6.170000e+02	2.760000e+02	0.000000e+00	1	0.000000e+00
5.800000e+02	3.020000e+02	0.000000e+00	1	0.000000e+00
6.350000e+02	2.650000e+02	0.000000e+00	1	0.000000e+00
5.290000e+02	3.410000e+02	0.000000e+00	1	0.000000e+00
4.820000e+02	3.930000e+02	0.000000e+00	1	0.000000e+00
5.950000e+02	2.930000e+02	0.000000e+00	1	0.000000e+00
5.450000e+02	3.280000e+02	0.000000e+00	1	0.000000e+00
5.630000e+02	3.150000e+02	0.000000e+00	1	0.000000e+00
5.630000e+02	3.150000e+02	0.000000e+00	1	0.000000e+00
5.850000e+02	2.980000e+02	0.000000e+00	1	0.000000e+00
5.200000e+02	3.470000e+02	0.000000e+00	1	0.000000e+00
5.900000e+02	2.960000e+02	0.000000e+00	1	0.000000e+00
6.250000e+02	2.720000e+02	0.000000e+00	1	0.000000e+00
5.470000e+02	3.260000e+02	0.000000e+00	1	0.000000e+00
6.240000e+02	2.730000e+02	0.000000e+00	1	0.000000e+00
5.520000e+02	3.230000e+02	0.000000e+00	1	0.000000e+00
5.260000e+02	3.420000e+02	0.000000e+00	1	0.000000e+00
4.840000e+02	3.920000e+02	0.000000e+00	1	0.000000e+00
6.350000e+02	2.650000e+02	0.000000e+00	1	0.000000e+00
5.150000e+02	3.520000e+02	0.000000e+00	1	0.000000e+00
6.340000e+02	2.660000e+02	0.000000e+00	1	0.000000e+00
5.780000e+02	3.040000e+02	0.000000e+00	1	0.000000e+00
5.510000e+02	3.240000e+02	0.000000e+00	1	0.000000e+00
5.140000e+02	3.540000e+02	0.000000e+00	1	0.000000e+00
5.670000e+02	3.120000e+02	0.000000e+00	1	0.000000e+00
4.850000e+02	3.900000e+02	0.000000e+00	1	0.000000e+00
6.390000e+02	2.620000e+02	0.000000e+00	1	0.000000e+00
6.590000e+02	2.500000e+02	0.000000e+00	1	0.000000e+00
6.140000e+02	2.790000e+02	0.000000e+00	1	0.000000e+00
5.770000e+02	3.050000e+02	0.000000e+00	1	0.000000e+00
4.740000e+02	4.040000e+02	0.000000e+00	1	0.000000e+00
5.510000e+02	3.240000e+02	0.000000e+00	1	0.000000e+00
5.450000e+02	3.280000e+02	0.000000e+00	1	0.000000e+00
6.240000e+02	2.730000e+02	0.000000e+00	1	0.000000e+00
5.400000e+02	3.310000e+02	0.000000e+00	1	0.000000e+00
5.090000e+02	3.590000e+02	0.000000e+00	1	0.000000e+00
6.600000e+02	2.490000e+02	0.000000e+00	1	0.000000e+00
5.780000e+02	3.040000e+02	0.000000e+00	1	0.000000e+00
5.450000e+02	3.280000e+02	0.000000e+00	1	0.000000e+00
5.690000e+02	3.100000e+02	0.000000e+00	1	0.000000e+00
5.260000e+02	3.420000e+02	0.000000e+00	1	0.000000e+00
5.770000e+02	3.050000e+02	0.000000e+00	1	0.000000e+00
5.560000e+02	3.200000e+02	0.000000e+00	1	0.000000e+00
6.340000e+02	2.660000e+02	0.000000e+00	1	0.000000e+00
5.550000e+02	3.210000e+02	0.000000e+00	1	0.000000e+00
6.140000e+02	2.790000e+02	0.000000e+00	1	0.000000e+00
5.800000e+02	3.020000e+02	0.000000e+00	1	0.000000e+00
6.690000e+02	2.440000e+02	0.000000e+00	1	0.000000e+00
6.240000e+02	2.730000e+02	0.000000e+00	1	0.000000e+00
6.250000e+02	2.720000e+02	0.000000e+00	1	0.000000e+00
6.310000e+02	2.680000e+02	0.000000e+00	1	0.000000e+00
6.140000e+02	2.790000e+02	0.000000e+00	1	0.000000e+00
5.520000e+02	3.230000e+02	0.000000e+00	1	0.000000e+00
5.550000e+02	3.210000e+02	0.000000e+00	1	0.000000e+00
6.340000e+02	2.660000e+02	0.000000e+00	1	0.000000e+00
5.750000e+02	3.070000e+02	0.000000e+00	1	0.000000e+00
5.040000e+02	3.640000e+02	0.000000e+00	1	0.000000e+00
5.970000e+02	2.910000e+02	0.000000e+00	1	0.000000e+00
6.310000e+02	2.680000e+02	0.000000e+00	1	0.000000e+00
6.080000e+02	2.830000e+02	0.000000e+00	1	0.000000e+00
5.990000e+02	2.900000e+02	0.000000e+00	1	0.000000e+00
6.560000e+02	2.540000e+02	0.000000e+00	1	0.000000e+00
6.510000e+02	2.560000e+02	0.000000e+00	1	0.000000e+00
5.560000e+02	3.200000e+02	0.000000e+00	1	0.000000e+00
6.140000e+02	2.790000e+02	0.000000e+00	1	0.000000e+00
6.190000e+02	2.750000e+02	0.000000e+00	1	0.000000e+00
5.120000e+02	3.550000e+02	0.000000e+00	1	0.000000e+00
6.080000e+02	2.830000e+02	0.000000e+00	1	0.000000e+00
5.100000e+02	3.570000e+02	0.000000e+00	1	0.000000e+00
5.800000e+02	3.020000e+02	0.000000e+00	1	0.000000e+00
6.340000e+02	2.660000e+02	0.000000e+00	1	0.000000e+00
5.250000e+02	3.440000e+02	0.000000e+00	1	0.000000e+00
6.390000e+02	2.620000e+02	0.000000e+00	1	0.000000e+00
5.800000e+02	3.020000e+02	0.000000e+00	1	0.000000e+00
5.770000e+02	3.050000e+02	0.000000e+00	1	0.000000e+00
5.770000e+02	3.050000e+02	0.000000e+00	1	0.000000e+00
5.550000e+02	3.210000e+02	0.000000e+00	1	0.000000e+00
6.030000e+02	2.870000e+02	0.000000e+00	1	0.000000e+00
6.570000e+02	2.530000e+02	0.000000e+00	1	0.000000e+00
5.830000e+02	3.000000e+02	0.000000e+00	1	0.000000e+00
Total execution time: 1326.288
