# This file contains the data of final feasible population (if found)
# of objectives = 2, # of constraints = 0, # of real_var = 0, # of bits of bin_var = 0, constr_violation, rank, crowding_distance
5.569870e-01	5.117007e-01	0.000000e+00	1	1.000000e+14
5.477438e-01	5.127211e-01	0.000000e+00	1	1.000000e+14
5.477438e-01	5.127211e-01	0.000000e+00	1	8.844680e-01
5.563917e-01	5.118707e-01	0.000000e+00	1	4.678013e-01
5.563917e-01	5.118707e-01	0.000000e+00	1	4.166667e-01
5.563917e-01	5.118707e-01	0.000000e+00	1	8.333333e-02
5.569870e-01	5.117007e-01	0.000000e+00	1	8.333333e-02
5.563917e-01	5.118707e-01	0.000000e+00	1	3.219871e-02
5.569870e-01	5.117007e-01	0.000000e+00	1	3.219871e-02
5.563917e-01	5.118707e-01	0.000000e+00	1	0.000000e+00
5.569870e-01	5.117007e-01	0.000000e+00	1	0.000000e+00
5.569870e-01	5.117007e-01	0.000000e+00	1	0.000000e+00
5.569870e-01	5.117007e-01	0.000000e+00	1	0.000000e+00
5.569870e-01	5.117007e-01	0.000000e+00	1	0.000000e+00
5.569870e-01	5.117007e-01	0.000000e+00	1	0.000000e+00
5.569870e-01	5.117007e-01	0.000000e+00	1	0.000000e+00
5.569870e-01	5.117007e-01	0.000000e+00	1	0.000000e+00
5.569870e-01	5.117007e-01	0.000000e+00	1	0.000000e+00
5.569870e-01	5.117007e-01	0.000000e+00	1	0.000000e+00
5.569870e-01	5.117007e-01	0.000000e+00	1	0.000000e+00
5.569870e-01	5.117007e-01	0.000000e+00	1	0.000000e+00
5.563917e-01	5.118707e-01	0.000000e+00	1	0.000000e+00
5.569870e-01	5.117007e-01	0.000000e+00	1	0.000000e+00
5.569870e-01	5.117007e-01	0.000000e+00	1	0.000000e+00
5.569870e-01	5.117007e-01	0.000000e+00	1	0.000000e+00
5.569870e-01	5.117007e-01	0.000000e+00	1	0.000000e+00
5.569870e-01	5.117007e-01	0.000000e+00	1	0.000000e+00
5.569870e-01	5.117007e-01	0.000000e+00	1	0.000000e+00
5.563917e-01	5.118707e-01	0.000000e+00	1	0.000000e+00
5.569870e-01	5.117007e-01	0.000000e+00	1	0.000000e+00
5.569870e-01	5.117007e-01	0.000000e+00	1	0.000000e+00
5.569870e-01	5.117007e-01	0.000000e+00	1	0.000000e+00
5.569870e-01	5.117007e-01	0.000000e+00	1	0.000000e+00
5.569870e-01	5.117007e-01	0.000000e+00	1	0.000000e+00
5.569870e-01	5.117007e-01	0.000000e+00	1	0.000000e+00
5.569870e-01	5.117007e-01	0.000000e+00	1	0.000000e+00
5.569870e-01	5.117007e-01	0.000000e+00	1	0.000000e+00
5.569870e-01	5.117007e-01	0.000000e+00	1	0.000000e+00
5.569870e-01	5.117007e-01	0.000000e+00	1	0.000000e+00
5.569870e-01	5.117007e-01	0.000000e+00	1	0.000000e+00
5.569870e-01	5.117007e-01	0.000000e+00	1	0.000000e+00
5.569870e-01	5.117007e-01	0.000000e+00	1	0.000000e+00
5.569870e-01	5.117007e-01	0.000000e+00	1	0.000000e+00
5.563917e-01	5.118707e-01	0.000000e+00	1	0.000000e+00
5.569870e-01	5.117007e-01	0.000000e+00	1	0.000000e+00
5.563917e-01	5.118707e-01	0.000000e+00	1	0.000000e+00
5.569870e-01	5.117007e-01	0.000000e+00	1	0.000000e+00
5.569870e-01	5.117007e-01	0.000000e+00	1	0.000000e+00
5.563917e-01	5.118707e-01	0.000000e+00	1	0.000000e+00
5.569870e-01	5.117007e-01	0.000000e+00	1	0.000000e+00
5.569870e-01	5.117007e-01	0.000000e+00	1	0.000000e+00
5.569870e-01	5.117007e-01	0.000000e+00	1	0.000000e+00
5.569870e-01	5.117007e-01	0.000000e+00	1	0.000000e+00
5.569870e-01	5.117007e-01	0.000000e+00	1	0.000000e+00
5.569870e-01	5.117007e-01	0.000000e+00	1	0.000000e+00
5.569870e-01	5.117007e-01	0.000000e+00	1	0.000000e+00
5.569870e-01	5.117007e-01	0.000000e+00	1	0.000000e+00
5.569870e-01	5.117007e-01	0.000000e+00	1	0.000000e+00
5.569870e-01	5.117007e-01	0.000000e+00	1	0.000000e+00
5.569870e-01	5.117007e-01	0.000000e+00	1	0.000000e+00
5.569870e-01	5.117007e-01	0.000000e+00	1	0.000000e+00
5.569870e-01	5.117007e-01	0.000000e+00	1	0.000000e+00
5.569870e-01	5.117007e-01	0.000000e+00	1	0.000000e+00
5.569870e-01	5.117007e-01	0.000000e+00	1	0.000000e+00
5.569870e-01	5.117007e-01	0.000000e+00	1	0.000000e+00
5.569870e-01	5.117007e-01	0.000000e+00	1	0.000000e+00
5.569870e-01	5.117007e-01	0.000000e+00	1	0.000000e+00
5.569870e-01	5.117007e-01	0.000000e+00	1	0.000000e+00
5.569870e-01	5.117007e-01	0.000000e+00	1	0.000000e+00
5.569870e-01	5.117007e-01	0.000000e+00	1	0.000000e+00
5.569870e-01	5.117007e-01	0.000000e+00	1	0.000000e+00
5.569870e-01	5.117007e-01	0.000000e+00	1	0.000000e+00
5.569870e-01	5.117007e-01	0.000000e+00	1	0.000000e+00
5.569870e-01	5.117007e-01	0.000000e+00	1	0.000000e+00
5.563917e-01	5.118707e-01	0.000000e+00	1	0.000000e+00
5.569870e-01	5.117007e-01	0.000000e+00	1	0.000000e+00
5.569870e-01	5.117007e-01	0.000000e+00	1	0.000000e+00
5.563917e-01	5.118707e-01	0.000000e+00	1	0.000000e+00
5.563917e-01	5.118707e-01	0.000000e+00	1	0.000000e+00
5.569870e-01	5.117007e-01	0.000000e+00	1	0.000000e+00
5.569870e-01	5.117007e-01	0.000000e+00	1	0.000000e+00
5.569870e-01	5.117007e-01	0.000000e+00	1	0.000000e+00
5.569870e-01	5.117007e-01	0.000000e+00	1	0.000000e+00
5.569870e-01	5.117007e-01	0.000000e+00	1	0.000000e+00
5.569870e-01	5.117007e-01	0.000000e+00	1	0.000000e+00
5.569870e-01	5.117007e-01	0.000000e+00	1	0.000000e+00
5.569870e-01	5.117007e-01	0.000000e+00	1	0.000000e+00
5.569870e-01	5.117007e-01	0.000000e+00	1	0.000000e+00
5.569870e-01	5.117007e-01	0.000000e+00	1	0.000000e+00
5.569870e-01	5.117007e-01	0.000000e+00	1	0.000000e+00
5.569870e-01	5.117007e-01	0.000000e+00	1	0.000000e+00
5.569870e-01	5.117007e-01	0.000000e+00	1	0.000000e+00
5.569870e-01	5.117007e-01	0.000000e+00	1	0.000000e+00
5.569870e-01	5.117007e-01	0.000000e+00	1	0.000000e+00
5.569870e-01	5.117007e-01	0.000000e+00	1	0.000000e+00
5.569870e-01	5.117007e-01	0.000000e+00	1	0.000000e+00
5.569870e-01	5.117007e-01	0.000000e+00	1	0.000000e+00
5.569870e-01	5.117007e-01	0.000000e+00	1	0.000000e+00
5.569870e-01	5.117007e-01	0.000000e+00	1	0.000000e+00
5.569870e-01	5.117007e-01	0.000000e+00	1	0.000000e+00
5.569870e-01	5.117007e-01	0.000000e+00	1	0.000000e+00
5.569870e-01	5.117007e-01	0.000000e+00	1	0.000000e+00
5.569870e-01	5.117007e-01	0.000000e+00	1	0.000000e+00
5.569870e-01	5.117007e-01	0.000000e+00	1	0.000000e+00
5.569870e-01	5.117007e-01	0.000000e+00	1	0.000000e+00
5.569870e-01	5.117007e-01	0.000000e+00	1	0.000000e+00
5.569870e-01	5.117007e-01	0.000000e+00	1	0.000000e+00
5.569870e-01	5.117007e-01	0.000000e+00	1	0.000000e+00
5.563917e-01	5.118707e-01	0.000000e+00	1	0.000000e+00
5.569870e-01	5.117007e-01	0.000000e+00	1	0.000000e+00
5.569870e-01	5.117007e-01	0.000000e+00	1	0.000000e+00
5.569870e-01	5.117007e-01	0.000000e+00	1	0.000000e+00
5.569870e-01	5.117007e-01	0.000000e+00	1	0.000000e+00
5.569870e-01	5.117007e-01	0.000000e+00	1	0.000000e+00
5.569870e-01	5.117007e-01	0.000000e+00	1	0.000000e+00
5.569870e-01	5.117007e-01	0.000000e+00	1	0.000000e+00
5.569870e-01	5.117007e-01	0.000000e+00	1	0.000000e+00
5.569870e-01	5.117007e-01	0.000000e+00	1	0.000000e+00
5.569870e-01	5.117007e-01	0.000000e+00	1	0.000000e+00
5.569870e-01	5.117007e-01	0.000000e+00	1	0.000000e+00
5.569870e-01	5.117007e-01	0.000000e+00	1	0.000000e+00
5.569870e-01	5.117007e-01	0.000000e+00	1	0.000000e+00
5.569870e-01	5.117007e-01	0.000000e+00	1	0.000000e+00
5.569870e-01	5.117007e-01	0.000000e+00	1	0.000000e+00
5.569870e-01	5.117007e-01	0.000000e+00	1	0.000000e+00
5.569870e-01	5.117007e-01	0.000000e+00	1	0.000000e+00
5.569870e-01	5.117007e-01	0.000000e+00	1	0.000000e+00
5.569870e-01	5.117007e-01	0.000000e+00	1	0.000000e+00
5.569870e-01	5.117007e-01	0.000000e+00	1	0.000000e+00
5.569870e-01	5.117007e-01	0.000000e+00	1	0.000000e+00
5.569870e-01	5.117007e-01	0.000000e+00	1	0.000000e+00
5.569870e-01	5.117007e-01	0.000000e+00	1	0.000000e+00
5.569870e-01	5.117007e-01	0.000000e+00	1	0.000000e+00
5.569870e-01	5.117007e-01	0.000000e+00	1	0.000000e+00
5.569870e-01	5.117007e-01	0.000000e+00	1	0.000000e+00
5.569870e-01	5.117007e-01	0.000000e+00	1	0.000000e+00
5.569870e-01	5.117007e-01	0.000000e+00	1	0.000000e+00
5.569870e-01	5.117007e-01	0.000000e+00	1	0.000000e+00
5.569870e-01	5.117007e-01	0.000000e+00	1	0.000000e+00
5.569870e-01	5.117007e-01	0.000000e+00	1	0.000000e+00
5.569870e-01	5.117007e-01	0.000000e+00	1	0.000000e+00
5.569870e-01	5.117007e-01	0.000000e+00	1	0.000000e+00
5.569870e-01	5.117007e-01	0.000000e+00	1	0.000000e+00
5.563917e-01	5.118707e-01	0.000000e+00	1	0.000000e+00
5.569870e-01	5.117007e-01	0.000000e+00	1	0.000000e+00
5.569870e-01	5.117007e-01	0.000000e+00	1	0.000000e+00
5.563917e-01	5.118707e-01	0.000000e+00	1	0.000000e+00
5.569870e-01	5.117007e-01	0.000000e+00	1	0.000000e+00
5.569870e-01	5.117007e-01	0.000000e+00	1	0.000000e+00
5.569870e-01	5.117007e-01	0.000000e+00	1	0.000000e+00
5.569870e-01	5.117007e-01	0.000000e+00	1	0.000000e+00
5.569870e-01	5.117007e-01	0.000000e+00	1	0.000000e+00
5.569870e-01	5.117007e-01	0.000000e+00	1	0.000000e+00
5.569870e-01	5.117007e-01	0.000000e+00	1	0.000000e+00
5.563917e-01	5.118707e-01	0.000000e+00	1	0.000000e+00
5.569870e-01	5.117007e-01	0.000000e+00	1	0.000000e+00
5.569870e-01	5.117007e-01	0.000000e+00	1	0.000000e+00
5.569870e-01	5.117007e-01	0.000000e+00	1	0.000000e+00
5.569870e-01	5.117007e-01	0.000000e+00	1	0.000000e+00
5.569870e-01	5.117007e-01	0.000000e+00	1	0.000000e+00
5.569870e-01	5.117007e-01	0.000000e+00	1	0.000000e+00
5.569870e-01	5.117007e-01	0.000000e+00	1	0.000000e+00
5.569870e-01	5.117007e-01	0.000000e+00	1	0.000000e+00
5.569870e-01	5.117007e-01	0.000000e+00	1	0.000000e+00
5.563917e-01	5.118707e-01	0.000000e+00	1	0.000000e+00
5.569870e-01	5.117007e-01	0.000000e+00	1	0.000000e+00
5.569870e-01	5.117007e-01	0.000000e+00	1	0.000000e+00
5.569870e-01	5.117007e-01	0.000000e+00	1	0.000000e+00
5.569870e-01	5.117007e-01	0.000000e+00	1	0.000000e+00
5.569870e-01	5.117007e-01	0.000000e+00	1	0.000000e+00
5.569870e-01	5.117007e-01	0.000000e+00	1	0.000000e+00
5.563917e-01	5.118707e-01	0.000000e+00	1	0.000000e+00
5.569870e-01	5.117007e-01	0.000000e+00	1	0.000000e+00
5.569870e-01	5.117007e-01	0.000000e+00	1	0.000000e+00
5.569870e-01	5.117007e-01	0.000000e+00	1	0.000000e+00
5.569870e-01	5.117007e-01	0.000000e+00	1	0.000000e+00
5.569870e-01	5.117007e-01	0.000000e+00	1	0.000000e+00
5.563917e-01	5.118707e-01	0.000000e+00	1	0.000000e+00
5.569870e-01	5.117007e-01	0.000000e+00	1	0.000000e+00
5.569870e-01	5.117007e-01	0.000000e+00	1	0.000000e+00
5.569870e-01	5.117007e-01	0.000000e+00	1	0.000000e+00
5.569870e-01	5.117007e-01	0.000000e+00	1	0.000000e+00
5.569870e-01	5.117007e-01	0.000000e+00	1	0.000000e+00
5.569870e-01	5.117007e-01	0.000000e+00	1	0.000000e+00
5.569870e-01	5.117007e-01	0.000000e+00	1	0.000000e+00
5.569870e-01	5.117007e-01	0.000000e+00	1	0.000000e+00
5.569870e-01	5.117007e-01	0.000000e+00	1	0.000000e+00
5.569870e-01	5.117007e-01	0.000000e+00	1	0.000000e+00
5.569870e-01	5.117007e-01	0.000000e+00	1	0.000000e+00
5.569870e-01	5.117007e-01	0.000000e+00	1	0.000000e+00
5.569870e-01	5.117007e-01	0.000000e+00	1	0.000000e+00
5.569870e-01	5.117007e-01	0.000000e+00	1	0.000000e+00
5.569870e-01	5.117007e-01	0.000000e+00	1	0.000000e+00
5.569870e-01	5.117007e-01	0.000000e+00	1	0.000000e+00
5.569870e-01	5.117007e-01	0.000000e+00	1	0.000000e+00
5.569870e-01	5.117007e-01	0.000000e+00	1	0.000000e+00
5.569870e-01	5.117007e-01	0.000000e+00	1	0.000000e+00
5.569870e-01	5.117007e-01	0.000000e+00	1	0.000000e+00
5.569870e-01	5.117007e-01	0.000000e+00	1	0.000000e+00
5.569870e-01	5.117007e-01	0.000000e+00	1	0.000000e+00
5.569870e-01	5.117007e-01	0.000000e+00	1	0.000000e+00
5.569870e-01	5.117007e-01	0.000000e+00	1	0.000000e+00
5.569870e-01	5.117007e-01	0.000000e+00	1	0.000000e+00
5.569870e-01	5.117007e-01	0.000000e+00	1	0.000000e+00
5.569870e-01	5.117007e-01	0.000000e+00	1	0.000000e+00
5.569870e-01	5.117007e-01	0.000000e+00	1	0.000000e+00
5.569870e-01	5.117007e-01	0.000000e+00	1	0.000000e+00
5.569870e-01	5.117007e-01	0.000000e+00	1	0.000000e+00
5.569870e-01	5.117007e-01	0.000000e+00	1	0.000000e+00
5.569870e-01	5.117007e-01	0.000000e+00	1	0.000000e+00
5.563917e-01	5.118707e-01	0.000000e+00	1	0.000000e+00
5.569870e-01	5.117007e-01	0.000000e+00	1	0.000000e+00
5.569870e-01	5.117007e-01	0.000000e+00	1	0.000000e+00
5.563917e-01	5.118707e-01	0.000000e+00	1	0.000000e+00
5.569870e-01	5.117007e-01	0.000000e+00	1	0.000000e+00
5.569870e-01	5.117007e-01	0.000000e+00	1	0.000000e+00
5.569870e-01	5.117007e-01	0.000000e+00	1	0.000000e+00
5.569870e-01	5.117007e-01	0.000000e+00	1	0.000000e+00
5.563917e-01	5.118707e-01	0.000000e+00	1	0.000000e+00
5.569870e-01	5.117007e-01	0.000000e+00	1	0.000000e+00
5.569870e-01	5.117007e-01	0.000000e+00	1	0.000000e+00
5.569870e-01	5.117007e-01	0.000000e+00	1	0.000000e+00
5.569870e-01	5.117007e-01	0.000000e+00	1	0.000000e+00
5.569870e-01	5.117007e-01	0.000000e+00	1	0.000000e+00
5.569870e-01	5.117007e-01	0.000000e+00	1	0.000000e+00
5.569870e-01	5.117007e-01	0.000000e+00	1	0.000000e+00
5.569870e-01	5.117007e-01	0.000000e+00	1	0.000000e+00
5.569870e-01	5.117007e-01	0.000000e+00	1	0.000000e+00
5.569870e-01	5.117007e-01	0.000000e+00	1	0.000000e+00
5.569870e-01	5.117007e-01	0.000000e+00	1	0.000000e+00
5.569870e-01	5.117007e-01	0.000000e+00	1	0.000000e+00
5.563917e-01	5.118707e-01	0.000000e+00	1	0.000000e+00
5.569870e-01	5.117007e-01	0.000000e+00	1	0.000000e+00
5.569870e-01	5.117007e-01	0.000000e+00	1	0.000000e+00
5.569870e-01	5.117007e-01	0.000000e+00	1	0.000000e+00
5.569870e-01	5.117007e-01	0.000000e+00	1	0.000000e+00
5.569870e-01	5.117007e-01	0.000000e+00	1	0.000000e+00
5.569870e-01	5.117007e-01	0.000000e+00	1	0.000000e+00
5.569870e-01	5.117007e-01	0.000000e+00	1	0.000000e+00
5.569870e-01	5.117007e-01	0.000000e+00	1	0.000000e+00
5.569870e-01	5.117007e-01	0.000000e+00	1	0.000000e+00
5.569870e-01	5.117007e-01	0.000000e+00	1	0.000000e+00
5.569870e-01	5.117007e-01	0.000000e+00	1	0.000000e+00
5.569870e-01	5.117007e-01	0.000000e+00	1	0.000000e+00
5.569870e-01	5.117007e-01	0.000000e+00	1	0.000000e+00
5.569870e-01	5.117007e-01	0.000000e+00	1	0.000000e+00
5.569870e-01	5.117007e-01	0.000000e+00	1	0.000000e+00
5.569870e-01	5.117007e-01	0.000000e+00	1	0.000000e+00
5.569870e-01	5.117007e-01	0.000000e+00	1	0.000000e+00
5.569870e-01	5.117007e-01	0.000000e+00	1	0.000000e+00
5.569870e-01	5.117007e-01	0.000000e+00	1	0.000000e+00
5.569870e-01	5.117007e-01	0.000000e+00	1	0.000000e+00
5.569870e-01	5.117007e-01	0.000000e+00	1	0.000000e+00
5.569870e-01	5.117007e-01	0.000000e+00	1	0.000000e+00
5.569870e-01	5.117007e-01	0.000000e+00	1	0.000000e+00
5.569870e-01	5.117007e-01	0.000000e+00	1	0.000000e+00
5.569870e-01	5.117007e-01	0.000000e+00	1	0.000000e+00
5.569870e-01	5.117007e-01	0.000000e+00	1	0.000000e+00
5.569870e-01	5.117007e-01	0.000000e+00	1	0.000000e+00
5.569870e-01	5.117007e-01	0.000000e+00	1	0.000000e+00
5.569870e-01	5.117007e-01	0.000000e+00	1	0.000000e+00
5.569870e-01	5.117007e-01	0.000000e+00	1	0.000000e+00
5.569870e-01	5.117007e-01	0.000000e+00	1	0.000000e+00
5.569870e-01	5.117007e-01	0.000000e+00	1	0.000000e+00
5.569870e-01	5.117007e-01	0.000000e+00	1	0.000000e+00
5.569870e-01	5.117007e-01	0.000000e+00	1	0.000000e+00
5.569870e-01	5.117007e-01	0.000000e+00	1	0.000000e+00
5.569870e-01	5.117007e-01	0.000000e+00	1	0.000000e+00
5.569870e-01	5.117007e-01	0.000000e+00	1	0.000000e+00
5.569870e-01	5.117007e-01	0.000000e+00	1	0.000000e+00
5.569870e-01	5.117007e-01	0.000000e+00	1	0.000000e+00
5.569870e-01	5.117007e-01	0.000000e+00	1	0.000000e+00
5.569870e-01	5.117007e-01	0.000000e+00	1	0.000000e+00
5.569870e-01	5.117007e-01	0.000000e+00	1	0.000000e+00
5.569870e-01	5.117007e-01	0.000000e+00	1	0.000000e+00
5.563917e-01	5.118707e-01	0.000000e+00	1	0.000000e+00
5.563917e-01	5.118707e-01	0.000000e+00	1	0.000000e+00
5.569870e-01	5.117007e-01	0.000000e+00	1	0.000000e+00
5.569870e-01	5.117007e-01	0.000000e+00	1	0.000000e+00
5.569870e-01	5.117007e-01	0.000000e+00	1	0.000000e+00
5.569870e-01	5.117007e-01	0.000000e+00	1	0.000000e+00
5.569870e-01	5.117007e-01	0.000000e+00	1	0.000000e+00
5.569870e-01	5.117007e-01	0.000000e+00	1	0.000000e+00
5.569870e-01	5.117007e-01	0.000000e+00	1	0.000000e+00
5.569870e-01	5.117007e-01	0.000000e+00	1	0.000000e+00
5.569870e-01	5.117007e-01	0.000000e+00	1	0.000000e+00
5.569870e-01	5.117007e-01	0.000000e+00	1	0.000000e+00
5.569870e-01	5.117007e-01	0.000000e+00	1	0.000000e+00
5.569870e-01	5.117007e-01	0.000000e+00	1	0.000000e+00
5.569870e-01	5.117007e-01	0.000000e+00	1	0.000000e+00
5.569870e-01	5.117007e-01	0.000000e+00	1	0.000000e+00
5.569870e-01	5.117007e-01	0.000000e+00	1	0.000000e+00
5.569870e-01	5.117007e-01	0.000000e+00	1	0.000000e+00
5.569870e-01	5.117007e-01	0.000000e+00	1	0.000000e+00
5.569870e-01	5.117007e-01	0.000000e+00	1	0.000000e+00
5.569870e-01	5.117007e-01	0.000000e+00	1	0.000000e+00
5.569870e-01	5.117007e-01	0.000000e+00	1	0.000000e+00
5.569870e-01	5.117007e-01	0.000000e+00	1	0.000000e+00
5.563917e-01	5.118707e-01	0.000000e+00	1	0.000000e+00
5.569870e-01	5.117007e-01	0.000000e+00	1	0.000000e+00
5.569870e-01	5.117007e-01	0.000000e+00	1	0.000000e+00
5.569870e-01	5.117007e-01	0.000000e+00	1	0.000000e+00
5.563917e-01	5.118707e-01	0.000000e+00	1	0.000000e+00
5.569870e-01	5.117007e-01	0.000000e+00	1	0.000000e+00
5.569870e-01	5.117007e-01	0.000000e+00	1	0.000000e+00
5.569870e-01	5.117007e-01	0.000000e+00	1	0.000000e+00
5.569870e-01	5.117007e-01	0.000000e+00	1	0.000000e+00
5.569870e-01	5.117007e-01	0.000000e+00	1	0.000000e+00
5.569870e-01	5.117007e-01	0.000000e+00	1	0.000000e+00
5.563917e-01	5.118707e-01	0.000000e+00	1	0.000000e+00
5.569870e-01	5.117007e-01	0.000000e+00	1	0.000000e+00
5.569870e-01	5.117007e-01	0.000000e+00	1	0.000000e+00
5.569870e-01	5.117007e-01	0.000000e+00	1	0.000000e+00
5.563917e-01	5.118707e-01	0.000000e+00	1	0.000000e+00
5.569870e-01	5.117007e-01	0.000000e+00	1	0.000000e+00
5.569870e-01	5.117007e-01	0.000000e+00	1	0.000000e+00
5.569870e-01	5.117007e-01	0.000000e+00	1	0.000000e+00
5.569870e-01	5.117007e-01	0.000000e+00	1	0.000000e+00
5.569870e-01	5.117007e-01	0.000000e+00	1	0.000000e+00
5.569870e-01	5.117007e-01	0.000000e+00	1	0.000000e+00
5.569870e-01	5.117007e-01	0.000000e+00	1	0.000000e+00
5.569870e-01	5.117007e-01	0.000000e+00	1	0.000000e+00
5.569870e-01	5.117007e-01	0.000000e+00	1	0.000000e+00
5.569870e-01	5.117007e-01	0.000000e+00	1	0.000000e+00
5.569870e-01	5.117007e-01	0.000000e+00	1	0.000000e+00
5.569870e-01	5.117007e-01	0.000000e+00	1	0.000000e+00
5.569870e-01	5.117007e-01	0.000000e+00	1	0.000000e+00
5.569870e-01	5.117007e-01	0.000000e+00	1	0.000000e+00
5.569870e-01	5.117007e-01	0.000000e+00	1	0.000000e+00
5.569870e-01	5.117007e-01	0.000000e+00	1	0.000000e+00
5.563917e-01	5.118707e-01	0.000000e+00	1	0.000000e+00
5.569870e-01	5.117007e-01	0.000000e+00	1	0.000000e+00
5.569870e-01	5.117007e-01	0.000000e+00	1	0.000000e+00
5.569870e-01	5.117007e-01	0.000000e+00	1	0.000000e+00
5.569870e-01	5.117007e-01	0.000000e+00	1	0.000000e+00
5.569870e-01	5.117007e-01	0.000000e+00	1	0.000000e+00
5.569870e-01	5.117007e-01	0.000000e+00	1	0.000000e+00
5.569870e-01	5.117007e-01	0.000000e+00	1	0.000000e+00
5.569870e-01	5.117007e-01	0.000000e+00	1	0.000000e+00
5.569870e-01	5.117007e-01	0.000000e+00	1	0.000000e+00
5.569870e-01	5.117007e-01	0.000000e+00	1	0.000000e+00
5.569870e-01	5.117007e-01	0.000000e+00	1	0.000000e+00
5.569870e-01	5.117007e-01	0.000000e+00	1	0.000000e+00
5.569870e-01	5.117007e-01	0.000000e+00	1	0.000000e+00
5.569870e-01	5.117007e-01	0.000000e+00	1	0.000000e+00
5.569870e-01	5.117007e-01	0.000000e+00	1	0.000000e+00
5.569870e-01	5.117007e-01	0.000000e+00	1	0.000000e+00
5.569870e-01	5.117007e-01	0.000000e+00	1	0.000000e+00
5.569870e-01	5.117007e-01	0.000000e+00	1	0.000000e+00
5.569870e-01	5.117007e-01	0.000000e+00	1	0.000000e+00
5.569870e-01	5.117007e-01	0.000000e+00	1	0.000000e+00
5.569870e-01	5.117007e-01	0.000000e+00	1	0.000000e+00
5.563917e-01	5.118707e-01	0.000000e+00	1	0.000000e+00
5.563917e-01	5.118707e-01	0.000000e+00	1	0.000000e+00
5.569870e-01	5.117007e-01	0.000000e+00	1	0.000000e+00
5.569870e-01	5.117007e-01	0.000000e+00	1	0.000000e+00
5.569870e-01	5.117007e-01	0.000000e+00	1	0.000000e+00
5.569870e-01	5.117007e-01	0.000000e+00	1	0.000000e+00
5.569870e-01	5.117007e-01	0.000000e+00	1	0.000000e+00
5.569870e-01	5.117007e-01	0.000000e+00	1	0.000000e+00
5.563917e-01	5.118707e-01	0.000000e+00	1	0.000000e+00
5.569870e-01	5.117007e-01	0.000000e+00	1	0.000000e+00
5.569870e-01	5.117007e-01	0.000000e+00	1	0.000000e+00
5.569870e-01	5.117007e-01	0.000000e+00	1	0.000000e+00
5.569870e-01	5.117007e-01	0.000000e+00	1	0.000000e+00
5.569870e-01	5.117007e-01	0.000000e+00	1	0.000000e+00
5.569870e-01	5.117007e-01	0.000000e+00	1	0.000000e+00
5.569870e-01	5.117007e-01	0.000000e+00	1	0.000000e+00
5.569870e-01	5.117007e-01	0.000000e+00	1	0.000000e+00
5.569870e-01	5.117007e-01	0.000000e+00	1	0.000000e+00
5.569870e-01	5.117007e-01	0.000000e+00	1	0.000000e+00
5.569870e-01	5.117007e-01	0.000000e+00	1	0.000000e+00
5.569870e-01	5.117007e-01	0.000000e+00	1	0.000000e+00
5.569870e-01	5.117007e-01	0.000000e+00	1	0.000000e+00
5.569870e-01	5.117007e-01	0.000000e+00	1	0.000000e+00
5.569870e-01	5.117007e-01	0.000000e+00	1	0.000000e+00
5.563917e-01	5.118707e-01	0.000000e+00	1	0.000000e+00
5.569870e-01	5.117007e-01	0.000000e+00	1	0.000000e+00
5.569870e-01	5.117007e-01	0.000000e+00	1	0.000000e+00
5.569870e-01	5.117007e-01	0.000000e+00	1	0.000000e+00
5.569870e-01	5.117007e-01	0.000000e+00	1	0.000000e+00
5.569870e-01	5.117007e-01	0.000000e+00	1	0.000000e+00
5.569870e-01	5.117007e-01	0.000000e+00	1	0.000000e+00
5.569870e-01	5.117007e-01	0.000000e+00	1	0.000000e+00
5.569870e-01	5.117007e-01	0.000000e+00	1	0.000000e+00
5.563917e-01	5.118707e-01	0.000000e+00	1	0.000000e+00
5.569870e-01	5.117007e-01	0.000000e+00	1	0.000000e+00
5.569870e-01	5.117007e-01	0.000000e+00	1	0.000000e+00
5.569870e-01	5.117007e-01	0.000000e+00	1	0.000000e+00
5.569870e-01	5.117007e-01	0.000000e+00	1	0.000000e+00
5.569870e-01	5.117007e-01	0.000000e+00	1	0.000000e+00
5.569870e-01	5.117007e-01	0.000000e+00	1	0.000000e+00
5.569870e-01	5.117007e-01	0.000000e+00	1	0.000000e+00
5.569870e-01	5.117007e-01	0.000000e+00	1	0.000000e+00
5.569870e-01	5.117007e-01	0.000000e+00	1	0.000000e+00
5.569870e-01	5.117007e-01	0.000000e+00	1	0.000000e+00
5.569870e-01	5.117007e-01	0.000000e+00	1	0.000000e+00
5.569870e-01	5.117007e-01	0.000000e+00	1	0.000000e+00
5.569870e-01	5.117007e-01	0.000000e+00	1	0.000000e+00
5.569870e-01	5.117007e-01	0.000000e+00	1	0.000000e+00
5.563917e-01	5.118707e-01	0.000000e+00	1	0.000000e+00
5.569870e-01	5.117007e-01	0.000000e+00	1	0.000000e+00
5.569870e-01	5.117007e-01	0.000000e+00	1	0.000000e+00
5.569870e-01	5.117007e-01	0.000000e+00	1	0.000000e+00
5.569870e-01	5.117007e-01	0.000000e+00	1	0.000000e+00
5.569870e-01	5.117007e-01	0.000000e+00	1	0.000000e+00
5.569870e-01	5.117007e-01	0.000000e+00	1	0.000000e+00
5.569870e-01	5.117007e-01	0.000000e+00	1	0.000000e+00
5.569870e-01	5.117007e-01	0.000000e+00	1	0.000000e+00
5.569870e-01	5.117007e-01	0.000000e+00	1	0.000000e+00
5.569870e-01	5.117007e-01	0.000000e+00	1	0.000000e+00
5.569870e-01	5.117007e-01	0.000000e+00	1	0.000000e+00
5.569870e-01	5.117007e-01	0.000000e+00	1	0.000000e+00
5.569870e-01	5.117007e-01	0.000000e+00	1	0.000000e+00
5.569870e-01	5.117007e-01	0.000000e+00	1	0.000000e+00
5.569870e-01	5.117007e-01	0.000000e+00	1	0.000000e+00
5.569870e-01	5.117007e-01	0.000000e+00	1	0.000000e+00
5.569870e-01	5.117007e-01	0.000000e+00	1	0.000000e+00
5.563917e-01	5.118707e-01	0.000000e+00	1	0.000000e+00
5.569870e-01	5.117007e-01	0.000000e+00	1	0.000000e+00
5.569870e-01	5.117007e-01	0.000000e+00	1	0.000000e+00
5.569870e-01	5.117007e-01	0.000000e+00	1	0.000000e+00
5.569870e-01	5.117007e-01	0.000000e+00	1	0.000000e+00
5.569870e-01	5.117007e-01	0.000000e+00	1	0.000000e+00
5.569870e-01	5.117007e-01	0.000000e+00	1	0.000000e+00
5.569870e-01	5.117007e-01	0.000000e+00	1	0.000000e+00
5.569870e-01	5.117007e-01	0.000000e+00	1	0.000000e+00
5.569870e-01	5.117007e-01	0.000000e+00	1	0.000000e+00
5.569870e-01	5.117007e-01	0.000000e+00	1	0.000000e+00
5.569870e-01	5.117007e-01	0.000000e+00	1	0.000000e+00
5.569870e-01	5.117007e-01	0.000000e+00	1	0.000000e+00
5.569870e-01	5.117007e-01	0.000000e+00	1	0.000000e+00
5.569870e-01	5.117007e-01	0.000000e+00	1	0.000000e+00
5.569870e-01	5.117007e-01	0.000000e+00	1	0.000000e+00
5.569870e-01	5.117007e-01	0.000000e+00	1	0.000000e+00
5.569870e-01	5.117007e-01	0.000000e+00	1	0.000000e+00
5.569870e-01	5.117007e-01	0.000000e+00	1	0.000000e+00
5.569870e-01	5.117007e-01	0.000000e+00	1	0.000000e+00
5.569870e-01	5.117007e-01	0.000000e+00	1	0.000000e+00
5.569870e-01	5.117007e-01	0.000000e+00	1	0.000000e+00
5.569870e-01	5.117007e-01	0.000000e+00	1	0.000000e+00
5.569870e-01	5.117007e-01	0.000000e+00	1	0.000000e+00
5.569870e-01	5.117007e-01	0.000000e+00	1	0.000000e+00
5.569870e-01	5.117007e-01	0.000000e+00	1	0.000000e+00
5.569870e-01	5.117007e-01	0.000000e+00	1	0.000000e+00
5.569870e-01	5.117007e-01	0.000000e+00	1	0.000000e+00
5.569870e-01	5.117007e-01	0.000000e+00	1	0.000000e+00
5.569870e-01	5.117007e-01	0.000000e+00	1	0.000000e+00
5.569870e-01	5.117007e-01	0.000000e+00	1	0.000000e+00
5.569870e-01	5.117007e-01	0.000000e+00	1	0.000000e+00
5.569870e-01	5.117007e-01	0.000000e+00	1	0.000000e+00
5.569870e-01	5.117007e-01	0.000000e+00	1	0.000000e+00
5.569870e-01	5.117007e-01	0.000000e+00	1	0.000000e+00
5.569870e-01	5.117007e-01	0.000000e+00	1	0.000000e+00
5.569870e-01	5.117007e-01	0.000000e+00	1	0.000000e+00
5.569870e-01	5.117007e-01	0.000000e+00	1	0.000000e+00
5.569870e-01	5.117007e-01	0.000000e+00	1	0.000000e+00
5.569870e-01	5.117007e-01	0.000000e+00	1	0.000000e+00
5.569870e-01	5.117007e-01	0.000000e+00	1	0.000000e+00
5.569870e-01	5.117007e-01	0.000000e+00	1	0.000000e+00
5.569870e-01	5.117007e-01	0.000000e+00	1	0.000000e+00
5.569870e-01	5.117007e-01	0.000000e+00	1	0.000000e+00
5.569870e-01	5.117007e-01	0.000000e+00	1	0.000000e+00
5.569870e-01	5.117007e-01	0.000000e+00	1	0.000000e+00
5.569870e-01	5.117007e-01	0.000000e+00	1	0.000000e+00
5.569870e-01	5.117007e-01	0.000000e+00	1	0.000000e+00
5.569870e-01	5.117007e-01	0.000000e+00	1	0.000000e+00
5.569870e-01	5.117007e-01	0.000000e+00	1	0.000000e+00
5.569870e-01	5.117007e-01	0.000000e+00	1	0.000000e+00
5.569870e-01	5.117007e-01	0.000000e+00	1	0.000000e+00
5.569870e-01	5.117007e-01	0.000000e+00	1	0.000000e+00
5.569870e-01	5.117007e-01	0.000000e+00	1	0.000000e+00
5.569870e-01	5.117007e-01	0.000000e+00	1	0.000000e+00
5.569870e-01	5.117007e-01	0.000000e+00	1	0.000000e+00
5.563917e-01	5.118707e-01	0.000000e+00	1	0.000000e+00
5.569870e-01	5.117007e-01	0.000000e+00	1	0.000000e+00
5.569870e-01	5.117007e-01	0.000000e+00	1	0.000000e+00
5.569870e-01	5.117007e-01	0.000000e+00	1	0.000000e+00
5.569870e-01	5.117007e-01	0.000000e+00	1	0.000000e+00
5.569870e-01	5.117007e-01	0.000000e+00	1	0.000000e+00
5.569870e-01	5.117007e-01	0.000000e+00	1	0.000000e+00
5.569870e-01	5.117007e-01	0.000000e+00	1	0.000000e+00
5.569870e-01	5.117007e-01	0.000000e+00	1	0.000000e+00
5.569870e-01	5.117007e-01	0.000000e+00	1	0.000000e+00
5.569870e-01	5.117007e-01	0.000000e+00	1	0.000000e+00
5.569870e-01	5.117007e-01	0.000000e+00	1	0.000000e+00
5.569870e-01	5.117007e-01	0.000000e+00	1	0.000000e+00
5.569870e-01	5.117007e-01	0.000000e+00	1	0.000000e+00
5.569870e-01	5.117007e-01	0.000000e+00	1	0.000000e+00
5.569870e-01	5.117007e-01	0.000000e+00	1	0.000000e+00
5.569870e-01	5.117007e-01	0.000000e+00	1	0.000000e+00
5.569870e-01	5.117007e-01	0.000000e+00	1	0.000000e+00
5.569870e-01	5.117007e-01	0.000000e+00	1	0.000000e+00
5.569870e-01	5.117007e-01	0.000000e+00	1	0.000000e+00
5.569870e-01	5.117007e-01	0.000000e+00	1	0.000000e+00
5.569870e-01	5.117007e-01	0.000000e+00	1	0.000000e+00
5.569870e-01	5.117007e-01	0.000000e+00	1	0.000000e+00
5.569870e-01	5.117007e-01	0.000000e+00	1	0.000000e+00
5.569870e-01	5.117007e-01	0.000000e+00	1	0.000000e+00
5.569870e-01	5.117007e-01	0.000000e+00	1	0.000000e+00
Total execution time: 401.080
