# This file contains the data of final feasible population (if found)
# of objectives = 2, # of constraints = 0, # of real_var = 0, # of bits of bin_var = 0, constr_violation, rank, crowding_distance
6.740000e+02	2.420000e+02	0.000000e+00	1	1.000000e+14
4.730000e+02	3.850000e+02	0.000000e+00	1	1.000000e+14
5.950000e+02	2.950000e+02	0.000000e+00	1	2.191838e-02
5.890000e+02	2.970000e+02	0.000000e+00	1	2.191838e-02
4.760000e+02	3.780000e+02	0.000000e+00	1	2.144870e-02
6.340000e+02	2.650000e+02	0.000000e+00	1	1.795220e-02
5.240000e+02	3.430000e+02	0.000000e+00	1	1.694326e-02
5.540000e+02	3.220000e+02	0.000000e+00	1	1.546463e-02
5.820000e+02	3.030000e+02	0.000000e+00	1	1.546463e-02
4.790000e+02	3.750000e+02	0.000000e+00	1	1.546463e-02
6.580000e+02	2.510000e+02	0.000000e+00	1	1.546463e-02
4.730000e+02	3.850000e+02	0.000000e+00	1	1.546463e-02
5.110000e+02	3.510000e+02	0.000000e+00	1	1.445569e-02
5.200000e+02	3.450000e+02	0.000000e+00	1	1.445569e-02
4.840000e+02	3.700000e+02	0.000000e+00	1	1.398601e-02
4.810000e+02	3.740000e+02	0.000000e+00	1	1.398601e-02
4.750000e+02	3.820000e+02	0.000000e+00	1	1.398601e-02
6.500000e+02	2.580000e+02	0.000000e+00	1	1.344675e-02
5.830000e+02	3.000000e+02	0.000000e+00	1	1.297707e-02
5.750000e+02	3.060000e+02	0.000000e+00	1	1.196813e-02
6.270000e+02	2.720000e+02	0.000000e+00	1	1.196813e-02
6.290000e+02	2.700000e+02	0.000000e+00	1	1.196813e-02
5.170000e+02	3.470000e+02	0.000000e+00	1	1.196813e-02
5.780000e+02	3.050000e+02	0.000000e+00	1	1.095919e-02
4.790000e+02	3.750000e+02	0.000000e+00	1	1.095919e-02
5.830000e+02	3.000000e+02	0.000000e+00	1	1.095919e-02
5.140000e+02	3.490000e+02	0.000000e+00	1	1.095919e-02
6.460000e+02	2.590000e+02	0.000000e+00	1	1.095919e-02
6.370000e+02	2.640000e+02	0.000000e+00	1	1.095919e-02
6.240000e+02	2.740000e+02	0.000000e+00	1	1.095919e-02
6.150000e+02	2.790000e+02	0.000000e+00	1	1.095919e-02
5.950000e+02	2.950000e+02	0.000000e+00	1	1.048951e-02
4.750000e+02	3.820000e+02	0.000000e+00	1	1.048951e-02
6.570000e+02	2.540000e+02	0.000000e+00	1	1.048951e-02
5.960000e+02	2.920000e+02	0.000000e+00	1	1.048951e-02
6.150000e+02	2.790000e+02	0.000000e+00	1	1.048951e-02
6.330000e+02	2.680000e+02	0.000000e+00	1	1.048951e-02
5.550000e+02	3.190000e+02	0.000000e+00	1	1.048951e-02
6.120000e+02	2.820000e+02	0.000000e+00	1	1.048951e-02
4.760000e+02	3.780000e+02	0.000000e+00	1	1.048951e-02
6.050000e+02	2.880000e+02	0.000000e+00	1	9.950249e-03
5.200000e+02	3.450000e+02	0.000000e+00	1	9.950249e-03
6.010000e+02	2.890000e+02	0.000000e+00	1	9.950249e-03
6.670000e+02	2.460000e+02	0.000000e+00	1	9.950249e-03
6.630000e+02	2.470000e+02	0.000000e+00	1	9.950249e-03
6.460000e+02	2.590000e+02	0.000000e+00	1	9.950249e-03
5.140000e+02	3.490000e+02	0.000000e+00	1	9.480569e-03
4.990000e+02	3.590000e+02	0.000000e+00	1	9.480569e-03
6.550000e+02	2.550000e+02	0.000000e+00	1	8.471628e-03
5.590000e+02	3.170000e+02	0.000000e+00	1	8.471628e-03
5.620000e+02	3.150000e+02	0.000000e+00	1	8.471628e-03
6.680000e+02	2.450000e+02	0.000000e+00	1	8.471628e-03
6.530000e+02	2.560000e+02	0.000000e+00	1	8.471628e-03
5.660000e+02	3.120000e+02	0.000000e+00	1	8.471628e-03
6.310000e+02	2.690000e+02	0.000000e+00	1	8.471628e-03
6.390000e+02	2.630000e+02	0.000000e+00	1	8.471628e-03
6.600000e+02	2.500000e+02	0.000000e+00	1	8.471628e-03
5.010000e+02	3.570000e+02	0.000000e+00	1	8.471628e-03
6.000000e+02	2.900000e+02	0.000000e+00	1	8.471628e-03
4.860000e+02	3.680000e+02	0.000000e+00	1	8.471628e-03
6.400000e+02	2.620000e+02	0.000000e+00	1	8.471628e-03
6.630000e+02	2.470000e+02	0.000000e+00	1	8.471628e-03
5.330000e+02	3.370000e+02	0.000000e+00	1	8.471628e-03
6.180000e+02	2.770000e+02	0.000000e+00	1	8.471628e-03
4.890000e+02	3.660000e+02	0.000000e+00	1	8.471628e-03
6.550000e+02	2.550000e+02	0.000000e+00	1	8.471628e-03
6.080000e+02	2.850000e+02	0.000000e+00	1	8.471628e-03
5.430000e+02	3.300000e+02	0.000000e+00	1	8.471628e-03
5.410000e+02	3.310000e+02	0.000000e+00	1	8.471628e-03
5.570000e+02	3.180000e+02	0.000000e+00	1	8.471628e-03
6.260000e+02	2.730000e+02	0.000000e+00	1	8.471628e-03
6.700000e+02	2.440000e+02	0.000000e+00	1	8.471628e-03
4.880000e+02	3.670000e+02	0.000000e+00	1	8.471628e-03
5.680000e+02	3.110000e+02	0.000000e+00	1	8.471628e-03
5.040000e+02	3.550000e+02	0.000000e+00	1	8.471628e-03
5.730000e+02	3.080000e+02	0.000000e+00	1	8.471628e-03
5.600000e+02	3.160000e+02	0.000000e+00	1	8.471628e-03
5.800000e+02	3.040000e+02	0.000000e+00	1	8.471628e-03
6.420000e+02	2.610000e+02	0.000000e+00	1	8.471628e-03
6.240000e+02	2.740000e+02	0.000000e+00	1	8.471628e-03
5.860000e+02	2.990000e+02	0.000000e+00	1	7.462687e-03
6.740000e+02	2.420000e+02	0.000000e+00	1	7.462687e-03
5.750000e+02	3.060000e+02	0.000000e+00	1	7.462687e-03
4.950000e+02	3.610000e+02	0.000000e+00	1	7.462687e-03
4.980000e+02	3.600000e+02	0.000000e+00	1	7.462687e-03
5.730000e+02	3.080000e+02	0.000000e+00	1	7.462687e-03
4.810000e+02	3.740000e+02	0.000000e+00	1	7.462687e-03
4.840000e+02	3.700000e+02	0.000000e+00	1	7.462687e-03
5.890000e+02	2.970000e+02	0.000000e+00	1	7.462687e-03
4.950000e+02	3.610000e+02	0.000000e+00	1	7.462687e-03
4.920000e+02	3.630000e+02	0.000000e+00	1	7.462687e-03
6.120000e+02	2.820000e+02	0.000000e+00	1	7.462687e-03
6.210000e+02	2.750000e+02	0.000000e+00	1	7.462687e-03
6.710000e+02	2.430000e+02	0.000000e+00	1	7.462687e-03
5.860000e+02	2.990000e+02	0.000000e+00	1	7.462687e-03
5.700000e+02	3.090000e+02	0.000000e+00	1	7.462687e-03
5.250000e+02	3.420000e+02	0.000000e+00	1	7.462687e-03
5.170000e+02	3.470000e+02	0.000000e+00	1	7.462687e-03
5.280000e+02	3.400000e+02	0.000000e+00	1	7.462687e-03
6.430000e+02	2.600000e+02	0.000000e+00	1	7.462687e-03
5.890000e+02	2.970000e+02	0.000000e+00	1	6.993007e-03
5.340000e+02	3.360000e+02	0.000000e+00	1	6.993007e-03
5.200000e+02	3.450000e+02	0.000000e+00	1	6.993007e-03
6.630000e+02	2.470000e+02	0.000000e+00	1	6.993007e-03
5.010000e+02	3.570000e+02	0.000000e+00	1	6.993007e-03
5.450000e+02	3.280000e+02	0.000000e+00	1	6.993007e-03
4.910000e+02	3.650000e+02	0.000000e+00	1	6.993007e-03
6.610000e+02	2.490000e+02	0.000000e+00	1	6.993007e-03
4.920000e+02	3.630000e+02	0.000000e+00	1	6.993007e-03
5.860000e+02	2.990000e+02	0.000000e+00	1	6.993007e-03
5.280000e+02	3.400000e+02	0.000000e+00	1	6.993007e-03
4.840000e+02	3.700000e+02	0.000000e+00	1	6.993007e-03
4.920000e+02	3.630000e+02	0.000000e+00	1	6.993007e-03
5.360000e+02	3.340000e+02	0.000000e+00	1	6.993007e-03
4.860000e+02	3.680000e+02	0.000000e+00	1	6.993007e-03
5.250000e+02	3.420000e+02	0.000000e+00	1	6.993007e-03
5.730000e+02	3.080000e+02	0.000000e+00	1	6.993007e-03
5.430000e+02	3.300000e+02	0.000000e+00	1	6.993007e-03
4.950000e+02	3.610000e+02	0.000000e+00	1	6.993007e-03
6.400000e+02	2.620000e+02	0.000000e+00	1	5.984066e-03
6.600000e+02	2.500000e+02	0.000000e+00	1	5.984066e-03
5.310000e+02	3.380000e+02	0.000000e+00	1	5.984066e-03
6.680000e+02	2.450000e+02	0.000000e+00	1	5.984066e-03
5.820000e+02	3.030000e+02	0.000000e+00	1	5.984066e-03
5.630000e+02	3.140000e+02	0.000000e+00	1	5.984066e-03
6.670000e+02	2.460000e+02	0.000000e+00	1	5.984066e-03
5.680000e+02	3.110000e+02	0.000000e+00	1	5.984066e-03
5.630000e+02	3.140000e+02	0.000000e+00	1	5.984066e-03
6.340000e+02	2.650000e+02	0.000000e+00	1	5.984066e-03
6.390000e+02	2.630000e+02	0.000000e+00	1	5.984066e-03
6.050000e+02	2.880000e+02	0.000000e+00	1	5.984066e-03
6.710000e+02	2.430000e+02	0.000000e+00	1	5.984066e-03
5.690000e+02	3.100000e+02	0.000000e+00	1	5.984066e-03
5.150000e+02	3.480000e+02	0.000000e+00	1	5.984066e-03
5.040000e+02	3.550000e+02	0.000000e+00	1	5.984066e-03
5.030000e+02	3.560000e+02	0.000000e+00	1	5.984066e-03
6.160000e+02	2.780000e+02	0.000000e+00	1	5.984066e-03
5.470000e+02	3.270000e+02	0.000000e+00	1	5.984066e-03
4.910000e+02	3.650000e+02	0.000000e+00	1	5.984066e-03
5.510000e+02	3.240000e+02	0.000000e+00	1	5.984066e-03
5.540000e+02	3.220000e+02	0.000000e+00	1	5.984066e-03
5.240000e+02	3.430000e+02	0.000000e+00	1	5.984066e-03
5.960000e+02	2.920000e+02	0.000000e+00	1	5.984066e-03
5.700000e+02	3.090000e+02	0.000000e+00	1	5.984066e-03
6.510000e+02	2.570000e+02	0.000000e+00	1	5.984066e-03
6.010000e+02	2.890000e+02	0.000000e+00	1	5.984066e-03
6.060000e+02	2.870000e+02	0.000000e+00	1	5.984066e-03
6.330000e+02	2.680000e+02	0.000000e+00	1	5.984066e-03
6.110000e+02	2.830000e+02	0.000000e+00	1	5.984066e-03
6.190000e+02	2.760000e+02	0.000000e+00	1	5.984066e-03
5.550000e+02	3.190000e+02	0.000000e+00	1	5.984066e-03
5.080000e+02	3.530000e+02	0.000000e+00	1	5.984066e-03
5.030000e+02	3.560000e+02	0.000000e+00	1	4.975124e-03
5.520000e+02	3.230000e+02	0.000000e+00	1	4.975124e-03
5.980000e+02	2.910000e+02	0.000000e+00	1	4.975124e-03
4.840000e+02	3.700000e+02	0.000000e+00	1	4.975124e-03
5.310000e+02	3.380000e+02	0.000000e+00	1	4.975124e-03
4.910000e+02	3.650000e+02	0.000000e+00	1	4.975124e-03
5.450000e+02	3.280000e+02	0.000000e+00	1	4.975124e-03
6.510000e+02	2.570000e+02	0.000000e+00	1	4.975124e-03
6.160000e+02	2.780000e+02	0.000000e+00	1	4.975124e-03
5.800000e+02	3.040000e+02	0.000000e+00	1	4.975124e-03
5.960000e+02	2.920000e+02	0.000000e+00	1	4.975124e-03
6.610000e+02	2.490000e+02	0.000000e+00	1	4.975124e-03
4.750000e+02	3.820000e+02	0.000000e+00	1	4.975124e-03
5.450000e+02	3.280000e+02	0.000000e+00	1	4.975124e-03
5.490000e+02	3.250000e+02	0.000000e+00	1	4.975124e-03
6.310000e+02	2.690000e+02	0.000000e+00	1	4.975124e-03
5.570000e+02	3.180000e+02	0.000000e+00	1	4.975124e-03
5.090000e+02	3.520000e+02	0.000000e+00	1	4.975124e-03
5.060000e+02	3.540000e+02	0.000000e+00	1	4.975124e-03
6.330000e+02	2.680000e+02	0.000000e+00	1	4.975124e-03
5.280000e+02	3.400000e+02	0.000000e+00	1	4.975124e-03
5.980000e+02	2.910000e+02	0.000000e+00	1	4.975124e-03
5.300000e+02	3.390000e+02	0.000000e+00	1	4.975124e-03
6.290000e+02	2.700000e+02	0.000000e+00	1	4.975124e-03
5.360000e+02	3.340000e+02	0.000000e+00	1	4.975124e-03
6.210000e+02	2.750000e+02	0.000000e+00	1	4.975124e-03
4.810000e+02	3.740000e+02	0.000000e+00	1	4.975124e-03
5.410000e+02	3.310000e+02	0.000000e+00	1	4.975124e-03
6.570000e+02	2.540000e+02	0.000000e+00	1	4.975124e-03
5.660000e+02	3.120000e+02	0.000000e+00	1	4.975124e-03
5.360000e+02	3.340000e+02	0.000000e+00	1	4.975124e-03
6.190000e+02	2.760000e+02	0.000000e+00	1	4.975124e-03
5.340000e+02	3.360000e+02	0.000000e+00	1	4.975124e-03
4.860000e+02	3.680000e+02	0.000000e+00	1	4.975124e-03
5.380000e+02	3.330000e+02	0.000000e+00	1	4.975124e-03
5.110000e+02	3.510000e+02	0.000000e+00	1	4.975124e-03
5.080000e+02	3.530000e+02	0.000000e+00	1	4.975124e-03
5.780000e+02	3.050000e+02	0.000000e+00	1	4.975124e-03
5.390000e+02	3.320000e+02	0.000000e+00	1	4.975124e-03
5.640000e+02	3.130000e+02	0.000000e+00	1	4.975124e-03
4.990000e+02	3.590000e+02	0.000000e+00	1	4.975124e-03
6.100000e+02	2.840000e+02	0.000000e+00	1	4.975124e-03
6.530000e+02	2.560000e+02	0.000000e+00	1	4.975124e-03
6.370000e+02	2.640000e+02	0.000000e+00	1	4.975124e-03
5.470000e+02	3.270000e+02	0.000000e+00	1	4.975124e-03
5.060000e+02	3.540000e+02	0.000000e+00	1	4.975124e-03
5.010000e+02	3.570000e+02	0.000000e+00	1	4.975124e-03
5.550000e+02	3.190000e+02	0.000000e+00	1	4.975124e-03
5.430000e+02	3.300000e+02	0.000000e+00	1	4.975124e-03
5.510000e+02	3.240000e+02	0.000000e+00	1	4.975124e-03
5.150000e+02	3.480000e+02	0.000000e+00	1	4.975124e-03
5.620000e+02	3.150000e+02	0.000000e+00	1	3.496503e-03
6.510000e+02	2.570000e+02	0.000000e+00	1	3.496503e-03
6.100000e+02	2.840000e+02	0.000000e+00	1	3.496503e-03
6.700000e+02	2.440000e+02	0.000000e+00	1	3.496503e-03
6.430000e+02	2.600000e+02	0.000000e+00	1	3.496503e-03
5.330000e+02	3.370000e+02	0.000000e+00	1	3.496503e-03
5.090000e+02	3.520000e+02	0.000000e+00	1	3.496503e-03
6.420000e+02	2.610000e+02	0.000000e+00	1	3.496503e-03
5.310000e+02	3.380000e+02	0.000000e+00	1	3.496503e-03
5.110000e+02	3.510000e+02	0.000000e+00	1	3.496503e-03
6.080000e+02	2.850000e+02	0.000000e+00	1	3.496503e-03
6.100000e+02	2.840000e+02	0.000000e+00	1	3.496503e-03
5.410000e+02	3.310000e+02	0.000000e+00	1	3.496503e-03
5.750000e+02	3.060000e+02	0.000000e+00	1	3.496503e-03
6.670000e+02	2.460000e+02	0.000000e+00	1	3.496503e-03
5.390000e+02	3.320000e+02	0.000000e+00	1	3.496503e-03
5.510000e+02	3.240000e+02	0.000000e+00	1	3.496503e-03
5.490000e+02	3.250000e+02	0.000000e+00	1	3.496503e-03
5.570000e+02	3.180000e+02	0.000000e+00	1	3.496503e-03
6.160000e+02	2.780000e+02	0.000000e+00	1	3.496503e-03
4.980000e+02	3.600000e+02	0.000000e+00	1	3.496503e-03
6.190000e+02	2.760000e+02	0.000000e+00	1	3.496503e-03
5.700000e+02	3.090000e+02	0.000000e+00	1	3.496503e-03
5.360000e+02	3.340000e+02	0.000000e+00	1	3.496503e-03
5.450000e+02	3.280000e+02	0.000000e+00	1	3.496503e-03
4.890000e+02	3.660000e+02	0.000000e+00	1	3.496503e-03
6.740000e+02	2.420000e+02	0.000000e+00	1	3.496503e-03
6.070000e+02	2.860000e+02	0.000000e+00	1	3.496503e-03
5.600000e+02	3.160000e+02	0.000000e+00	1	3.496503e-03
6.370000e+02	2.640000e+02	0.000000e+00	1	3.496503e-03
6.070000e+02	2.860000e+02	0.000000e+00	1	3.496503e-03
4.880000e+02	3.670000e+02	0.000000e+00	1	3.496503e-03
5.800000e+02	3.040000e+02	0.000000e+00	1	3.496503e-03
6.260000e+02	2.730000e+02	0.000000e+00	1	3.496503e-03
5.640000e+02	3.130000e+02	0.000000e+00	1	3.496503e-03
5.590000e+02	3.170000e+02	0.000000e+00	1	3.496503e-03
4.980000e+02	3.600000e+02	0.000000e+00	1	3.496503e-03
5.390000e+02	3.320000e+02	0.000000e+00	1	3.496503e-03
5.170000e+02	3.470000e+02	0.000000e+00	1	3.496503e-03
5.780000e+02	3.050000e+02	0.000000e+00	1	3.496503e-03
4.950000e+02	3.610000e+02	0.000000e+00	1	3.496503e-03
5.090000e+02	3.520000e+02	0.000000e+00	1	3.496503e-03
5.640000e+02	3.130000e+02	0.000000e+00	1	3.496503e-03
6.120000e+02	2.820000e+02	0.000000e+00	1	3.496503e-03
5.300000e+02	3.390000e+02	0.000000e+00	1	3.496503e-03
6.060000e+02	2.870000e+02	0.000000e+00	1	3.496503e-03
6.000000e+02	2.900000e+02	0.000000e+00	1	3.496503e-03
6.710000e+02	2.430000e+02	0.000000e+00	1	3.496503e-03
5.280000e+02	3.400000e+02	0.000000e+00	1	3.496503e-03
6.580000e+02	2.510000e+02	0.000000e+00	1	3.496503e-03
6.290000e+02	2.700000e+02	0.000000e+00	1	3.496503e-03
6.050000e+02	2.880000e+02	0.000000e+00	1	3.496503e-03
6.460000e+02	2.590000e+02	0.000000e+00	1	3.496503e-03
5.080000e+02	3.530000e+02	0.000000e+00	1	3.496503e-03
5.250000e+02	3.420000e+02	0.000000e+00	1	3.496503e-03
6.610000e+02	2.490000e+02	0.000000e+00	1	3.496503e-03
6.270000e+02	2.720000e+02	0.000000e+00	1	3.496503e-03
5.470000e+02	3.270000e+02	0.000000e+00	1	3.496503e-03
5.490000e+02	3.250000e+02	0.000000e+00	1	3.496503e-03
4.810000e+02	3.740000e+02	0.000000e+00	1	3.496503e-03
6.180000e+02	2.770000e+02	0.000000e+00	1	3.496503e-03
6.010000e+02	2.890000e+02	0.000000e+00	1	3.496503e-03
5.380000e+02	3.330000e+02	0.000000e+00	1	3.496503e-03
5.060000e+02	3.540000e+02	0.000000e+00	1	3.496503e-03
5.340000e+02	3.360000e+02	0.000000e+00	1	3.496503e-03
6.210000e+02	2.750000e+02	0.000000e+00	1	3.496503e-03
5.860000e+02	2.990000e+02	0.000000e+00	1	3.496503e-03
6.110000e+02	2.830000e+02	0.000000e+00	1	3.496503e-03
5.060000e+02	3.540000e+02	0.000000e+00	1	3.496503e-03
5.980000e+02	2.910000e+02	0.000000e+00	1	3.496503e-03
5.660000e+02	3.120000e+02	0.000000e+00	1	3.496503e-03
6.500000e+02	2.580000e+02	0.000000e+00	1	3.496503e-03
6.210000e+02	2.750000e+02	0.000000e+00	1	3.496503e-03
6.530000e+02	2.560000e+02	0.000000e+00	1	3.496503e-03
5.520000e+02	3.230000e+02	0.000000e+00	1	3.496503e-03
5.980000e+02	2.910000e+02	0.000000e+00	1	3.496503e-03
5.030000e+02	3.560000e+02	0.000000e+00	1	3.496503e-03
5.300000e+02	3.390000e+02	0.000000e+00	1	3.496503e-03
6.310000e+02	2.690000e+02	0.000000e+00	1	3.496503e-03
5.520000e+02	3.230000e+02	0.000000e+00	1	3.496503e-03
5.150000e+02	3.480000e+02	0.000000e+00	1	3.496503e-03
4.990000e+02	3.590000e+02	0.000000e+00	1	3.496503e-03
5.380000e+02	3.330000e+02	0.000000e+00	1	3.496503e-03
5.690000e+02	3.100000e+02	0.000000e+00	1	3.496503e-03
6.570000e+02	2.540000e+02	0.000000e+00	1	3.496503e-03
6.430000e+02	2.600000e+02	0.000000e+00	1	3.496503e-03
5.480000e+02	3.260000e+02	0.000000e+00	1	3.496503e-03
5.480000e+02	3.260000e+02	0.000000e+00	1	3.496503e-03
6.120000e+02	2.820000e+02	0.000000e+00	1	2.487562e-03
5.390000e+02	3.320000e+02	0.000000e+00	1	2.487562e-03
6.570000e+02	2.540000e+02	0.000000e+00	1	2.487562e-03
4.760000e+02	3.780000e+02	0.000000e+00	1	2.487562e-03
5.250000e+02	3.420000e+02	0.000000e+00	1	2.487562e-03
4.880000e+02	3.670000e+02	0.000000e+00	1	2.487562e-03
6.000000e+02	2.900000e+02	0.000000e+00	1	2.487562e-03
6.150000e+02	2.790000e+02	0.000000e+00	1	2.487562e-03
5.090000e+02	3.520000e+02	0.000000e+00	1	2.487562e-03
5.480000e+02	3.260000e+02	0.000000e+00	1	2.487562e-03
5.330000e+02	3.370000e+02	0.000000e+00	1	2.487562e-03
5.640000e+02	3.130000e+02	0.000000e+00	1	2.487562e-03
5.600000e+02	3.160000e+02	0.000000e+00	1	2.487562e-03
6.100000e+02	2.840000e+02	0.000000e+00	1	2.487562e-03
6.260000e+02	2.730000e+02	0.000000e+00	1	2.487562e-03
5.340000e+02	3.360000e+02	0.000000e+00	1	2.487562e-03
5.380000e+02	3.330000e+02	0.000000e+00	1	2.487562e-03
5.480000e+02	3.260000e+02	0.000000e+00	1	2.487562e-03
6.080000e+02	2.850000e+02	0.000000e+00	1	2.487562e-03
6.700000e+02	2.440000e+02	0.000000e+00	1	2.487562e-03
5.590000e+02	3.170000e+02	0.000000e+00	1	2.487562e-03
5.490000e+02	3.250000e+02	0.000000e+00	1	2.487562e-03
5.690000e+02	3.100000e+02	0.000000e+00	1	2.487562e-03
5.300000e+02	3.390000e+02	0.000000e+00	1	2.487562e-03
5.620000e+02	3.150000e+02	0.000000e+00	1	2.487562e-03
6.180000e+02	2.770000e+02	0.000000e+00	1	2.487562e-03
5.950000e+02	2.950000e+02	0.000000e+00	1	2.487562e-03
6.070000e+02	2.860000e+02	0.000000e+00	1	2.487562e-03
6.070000e+02	2.860000e+02	0.000000e+00	1	2.487562e-03
6.270000e+02	2.720000e+02	0.000000e+00	1	2.487562e-03
6.420000e+02	2.610000e+02	0.000000e+00	1	2.487562e-03
4.980000e+02	3.600000e+02	0.000000e+00	1	2.487562e-03
6.110000e+02	2.830000e+02	0.000000e+00	1	2.487562e-03
6.430000e+02	2.600000e+02	0.000000e+00	1	2.487562e-03
4.750000e+02	3.820000e+02	0.000000e+00	1	2.487562e-03
6.610000e+02	2.490000e+02	0.000000e+00	1	2.487562e-03
6.500000e+02	2.580000e+02	0.000000e+00	1	2.487562e-03
4.890000e+02	3.660000e+02	0.000000e+00	1	2.487562e-03
6.060000e+02	2.870000e+02	0.000000e+00	1	2.487562e-03
4.920000e+02	3.630000e+02	0.000000e+00	1	2.487562e-03
5.520000e+02	3.230000e+02	0.000000e+00	1	2.487562e-03
6.580000e+02	2.510000e+02	0.000000e+00	1	2.487562e-03
6.400000e+02	2.620000e+02	0.000000e+00	1	0.000000e+00
5.110000e+02	3.510000e+02	0.000000e+00	1	0.000000e+00
6.240000e+02	2.740000e+02	0.000000e+00	1	0.000000e+00
6.500000e+02	2.580000e+02	0.000000e+00	1	0.000000e+00
6.150000e+02	2.790000e+02	0.000000e+00	1	0.000000e+00
5.150000e+02	3.480000e+02	0.000000e+00	1	0.000000e+00
6.530000e+02	2.560000e+02	0.000000e+00	1	0.000000e+00
6.530000e+02	2.560000e+02	0.000000e+00	1	0.000000e+00
4.920000e+02	3.630000e+02	0.000000e+00	1	0.000000e+00
4.890000e+02	3.660000e+02	0.000000e+00	1	0.000000e+00
6.330000e+02	2.680000e+02	0.000000e+00	1	0.000000e+00
6.260000e+02	2.730000e+02	0.000000e+00	1	0.000000e+00
5.980000e+02	2.910000e+02	0.000000e+00	1	0.000000e+00
5.980000e+02	2.910000e+02	0.000000e+00	1	0.000000e+00
6.570000e+02	2.540000e+02	0.000000e+00	1	0.000000e+00
5.150000e+02	3.480000e+02	0.000000e+00	1	0.000000e+00
6.120000e+02	2.820000e+02	0.000000e+00	1	0.000000e+00
6.290000e+02	2.700000e+02	0.000000e+00	1	0.000000e+00
6.050000e+02	2.880000e+02	0.000000e+00	1	0.000000e+00
6.110000e+02	2.830000e+02	0.000000e+00	1	0.000000e+00
4.910000e+02	3.650000e+02	0.000000e+00	1	0.000000e+00
6.210000e+02	2.750000e+02	0.000000e+00	1	0.000000e+00
6.340000e+02	2.650000e+02	0.000000e+00	1	0.000000e+00
4.730000e+02	3.850000e+02	0.000000e+00	1	0.000000e+00
5.470000e+02	3.270000e+02	0.000000e+00	1	0.000000e+00
6.420000e+02	2.610000e+02	0.000000e+00	1	0.000000e+00
6.120000e+02	2.820000e+02	0.000000e+00	1	0.000000e+00
6.420000e+02	2.610000e+02	0.000000e+00	1	0.000000e+00
5.040000e+02	3.550000e+02	0.000000e+00	1	0.000000e+00
6.100000e+02	2.840000e+02	0.000000e+00	1	0.000000e+00
5.340000e+02	3.360000e+02	0.000000e+00	1	0.000000e+00
5.750000e+02	3.060000e+02	0.000000e+00	1	0.000000e+00
5.110000e+02	3.510000e+02	0.000000e+00	1	0.000000e+00
4.990000e+02	3.590000e+02	0.000000e+00	1	0.000000e+00
6.600000e+02	2.500000e+02	0.000000e+00	1	0.000000e+00
5.250000e+02	3.420000e+02	0.000000e+00	1	0.000000e+00
4.890000e+02	3.660000e+02	0.000000e+00	1	0.000000e+00
6.500000e+02	2.580000e+02	0.000000e+00	1	0.000000e+00
5.310000e+02	3.380000e+02	0.000000e+00	1	0.000000e+00
5.340000e+02	3.360000e+02	0.000000e+00	1	0.000000e+00
6.210000e+02	2.750000e+02	0.000000e+00	1	0.000000e+00
5.010000e+02	3.570000e+02	0.000000e+00	1	0.000000e+00
6.570000e+02	2.540000e+02	0.000000e+00	1	0.000000e+00
5.730000e+02	3.080000e+02	0.000000e+00	1	0.000000e+00
6.050000e+02	2.880000e+02	0.000000e+00	1	0.000000e+00
4.950000e+02	3.610000e+02	0.000000e+00	1	0.000000e+00
5.390000e+02	3.320000e+02	0.000000e+00	1	0.000000e+00
6.530000e+02	2.560000e+02	0.000000e+00	1	0.000000e+00
4.760000e+02	3.780000e+02	0.000000e+00	1	0.000000e+00
6.430000e+02	2.600000e+02	0.000000e+00	1	0.000000e+00
6.390000e+02	2.630000e+02	0.000000e+00	1	0.000000e+00
5.830000e+02	3.000000e+02	0.000000e+00	1	0.000000e+00
5.510000e+02	3.240000e+02	0.000000e+00	1	0.000000e+00
5.550000e+02	3.190000e+02	0.000000e+00	1	0.000000e+00
6.370000e+02	2.640000e+02	0.000000e+00	1	0.000000e+00
6.160000e+02	2.780000e+02	0.000000e+00	1	0.000000e+00
5.200000e+02	3.450000e+02	0.000000e+00	1	0.000000e+00
5.950000e+02	2.950000e+02	0.000000e+00	1	0.000000e+00
6.530000e+02	2.560000e+02	0.000000e+00	1	0.000000e+00
4.860000e+02	3.680000e+02	0.000000e+00	1	0.000000e+00
6.050000e+02	2.880000e+02	0.000000e+00	1	0.000000e+00
5.630000e+02	3.140000e+02	0.000000e+00	1	0.000000e+00
5.520000e+02	3.230000e+02	0.000000e+00	1	0.000000e+00
5.410000e+02	3.310000e+02	0.000000e+00	1	0.000000e+00
6.610000e+02	2.490000e+02	0.000000e+00	1	0.000000e+00
6.390000e+02	2.630000e+02	0.000000e+00	1	0.000000e+00
6.120000e+02	2.820000e+02	0.000000e+00	1	0.000000e+00
5.820000e+02	3.030000e+02	0.000000e+00	1	0.000000e+00
5.340000e+02	3.360000e+02	0.000000e+00	1	0.000000e+00
6.260000e+02	2.730000e+02	0.000000e+00	1	0.000000e+00
6.190000e+02	2.760000e+02	0.000000e+00	1	0.000000e+00
6.370000e+02	2.640000e+02	0.000000e+00	1	0.000000e+00
6.080000e+02	2.850000e+02	0.000000e+00	1	0.000000e+00
6.610000e+02	2.490000e+02	0.000000e+00	1	0.000000e+00
6.110000e+02	2.830000e+02	0.000000e+00	1	0.000000e+00
5.640000e+02	3.130000e+02	0.000000e+00	1	0.000000e+00
4.950000e+02	3.610000e+02	0.000000e+00	1	0.000000e+00
4.760000e+02	3.780000e+02	0.000000e+00	1	0.000000e+00
5.960000e+02	2.920000e+02	0.000000e+00	1	0.000000e+00
5.040000e+02	3.550000e+02	0.000000e+00	1	0.000000e+00
5.390000e+02	3.320000e+02	0.000000e+00	1	0.000000e+00
5.950000e+02	2.950000e+02	0.000000e+00	1	0.000000e+00
5.520000e+02	3.230000e+02	0.000000e+00	1	0.000000e+00
5.590000e+02	3.170000e+02	0.000000e+00	1	0.000000e+00
4.750000e+02	3.820000e+02	0.000000e+00	1	0.000000e+00
5.620000e+02	3.150000e+02	0.000000e+00	1	0.000000e+00
6.630000e+02	2.470000e+02	0.000000e+00	1	0.000000e+00
5.820000e+02	3.030000e+02	0.000000e+00	1	0.000000e+00
5.060000e+02	3.540000e+02	0.000000e+00	1	0.000000e+00
5.800000e+02	3.040000e+02	0.000000e+00	1	0.000000e+00
4.760000e+02	3.780000e+02	0.000000e+00	1	0.000000e+00
5.380000e+02	3.330000e+02	0.000000e+00	1	0.000000e+00
6.420000e+02	2.610000e+02	0.000000e+00	1	0.000000e+00
6.150000e+02	2.790000e+02	0.000000e+00	1	0.000000e+00
5.700000e+02	3.090000e+02	0.000000e+00	1	0.000000e+00
6.050000e+02	2.880000e+02	0.000000e+00	1	0.000000e+00
6.430000e+02	2.600000e+02	0.000000e+00	1	0.000000e+00
6.510000e+02	2.570000e+02	0.000000e+00	1	0.000000e+00
4.980000e+02	3.600000e+02	0.000000e+00	1	0.000000e+00
6.740000e+02	2.420000e+02	0.000000e+00	1	0.000000e+00
5.090000e+02	3.520000e+02	0.000000e+00	1	0.000000e+00
5.520000e+02	3.230000e+02	0.000000e+00	1	0.000000e+00
6.510000e+02	2.570000e+02	0.000000e+00	1	0.000000e+00
5.830000e+02	3.000000e+02	0.000000e+00	1	0.000000e+00
6.550000e+02	2.550000e+02	0.000000e+00	1	0.000000e+00
5.140000e+02	3.490000e+02	0.000000e+00	1	0.000000e+00
5.730000e+02	3.080000e+02	0.000000e+00	1	0.000000e+00
5.060000e+02	3.540000e+02	0.000000e+00	1	0.000000e+00
5.150000e+02	3.480000e+02	0.000000e+00	1	0.000000e+00
6.530000e+02	2.560000e+02	0.000000e+00	1	0.000000e+00
5.550000e+02	3.190000e+02	0.000000e+00	1	0.000000e+00
5.090000e+02	3.520000e+02	0.000000e+00	1	0.000000e+00
5.240000e+02	3.430000e+02	0.000000e+00	1	0.000000e+00
5.430000e+02	3.300000e+02	0.000000e+00	1	0.000000e+00
5.060000e+02	3.540000e+02	0.000000e+00	1	0.000000e+00
6.330000e+02	2.680000e+02	0.000000e+00	1	0.000000e+00
4.920000e+02	3.630000e+02	0.000000e+00	1	0.000000e+00
6.530000e+02	2.560000e+02	0.000000e+00	1	0.000000e+00
5.200000e+02	3.450000e+02	0.000000e+00	1	0.000000e+00
5.630000e+02	3.140000e+02	0.000000e+00	1	0.000000e+00
5.750000e+02	3.060000e+02	0.000000e+00	1	0.000000e+00
6.600000e+02	2.500000e+02	0.000000e+00	1	0.000000e+00
5.660000e+02	3.120000e+02	0.000000e+00	1	0.000000e+00
6.050000e+02	2.880000e+02	0.000000e+00	1	0.000000e+00
6.430000e+02	2.600000e+02	0.000000e+00	1	0.000000e+00
6.370000e+02	2.640000e+02	0.000000e+00	1	0.000000e+00
5.390000e+02	3.320000e+02	0.000000e+00	1	0.000000e+00
5.640000e+02	3.130000e+02	0.000000e+00	1	0.000000e+00
6.420000e+02	2.610000e+02	0.000000e+00	1	0.000000e+00
6.160000e+02	2.780000e+02	0.000000e+00	1	0.000000e+00
5.330000e+02	3.370000e+02	0.000000e+00	1	0.000000e+00
5.110000e+02	3.510000e+02	0.000000e+00	1	0.000000e+00
6.260000e+02	2.730000e+02	0.000000e+00	1	0.000000e+00
6.180000e+02	2.770000e+02	0.000000e+00	1	0.000000e+00
6.430000e+02	2.600000e+02	0.000000e+00	1	0.000000e+00
4.750000e+02	3.820000e+02	0.000000e+00	1	0.000000e+00
6.330000e+02	2.680000e+02	0.000000e+00	1	0.000000e+00
6.290000e+02	2.700000e+02	0.000000e+00	1	0.000000e+00
6.420000e+02	2.610000e+02	0.000000e+00	1	0.000000e+00
5.040000e+02	3.550000e+02	0.000000e+00	1	0.000000e+00
5.470000e+02	3.270000e+02	0.000000e+00	1	0.000000e+00
5.630000e+02	3.140000e+02	0.000000e+00	1	0.000000e+00
5.590000e+02	3.170000e+02	0.000000e+00	1	0.000000e+00
4.990000e+02	3.590000e+02	0.000000e+00	1	0.000000e+00
4.890000e+02	3.660000e+02	0.000000e+00	1	0.000000e+00
4.880000e+02	3.670000e+02	0.000000e+00	1	0.000000e+00
4.810000e+02	3.740000e+02	0.000000e+00	1	0.000000e+00
4.840000e+02	3.700000e+02	0.000000e+00	1	0.000000e+00
6.370000e+02	2.640000e+02	0.000000e+00	1	0.000000e+00
4.860000e+02	3.680000e+02	0.000000e+00	1	0.000000e+00
5.470000e+02	3.270000e+02	0.000000e+00	1	0.000000e+00
4.950000e+02	3.610000e+02	0.000000e+00	1	0.000000e+00
5.550000e+02	3.190000e+02	0.000000e+00	1	0.000000e+00
4.890000e+02	3.660000e+02	0.000000e+00	1	0.000000e+00
6.530000e+02	2.560000e+02	0.000000e+00	1	0.000000e+00
6.710000e+02	2.430000e+02	0.000000e+00	1	0.000000e+00
6.400000e+02	2.620000e+02	0.000000e+00	1	0.000000e+00
4.890000e+02	3.660000e+02	0.000000e+00	1	0.000000e+00
6.740000e+02	2.420000e+02	0.000000e+00	1	0.000000e+00
6.400000e+02	2.620000e+02	0.000000e+00	1	0.000000e+00
5.730000e+02	3.080000e+02	0.000000e+00	1	0.000000e+00
4.860000e+02	3.680000e+02	0.000000e+00	1	0.000000e+00
5.550000e+02	3.190000e+02	0.000000e+00	1	0.000000e+00
5.390000e+02	3.320000e+02	0.000000e+00	1	0.000000e+00
5.660000e+02	3.120000e+02	0.000000e+00	1	0.000000e+00
5.700000e+02	3.090000e+02	0.000000e+00	1	0.000000e+00
6.580000e+02	2.510000e+02	0.000000e+00	1	0.000000e+00
Total execution time: 1401.972
