# This file contains the data of final feasible population (if found)
# of objectives = 2, # of constraints = 0, # of real_var = 0, # of bits of bin_var = 0, constr_violation, rank, crowding_distance
5.628288e-01	4.972789e-01	0.000000e+00	1	1.000000e+14
5.536139e-01	5.045578e-01	0.000000e+00	1	1.000000e+14
5.550709e-01	5.028571e-01	0.000000e+00	1	5.377698e-01
5.550709e-01	5.028571e-01	0.000000e+00	1	4.622302e-01
5.628288e-01	4.972789e-01	0.000000e+00	1	4.209474e-01
5.628288e-01	4.972789e-01	0.000000e+00	1	3.831776e-01
5.536139e-01	5.045578e-01	0.000000e+00	1	7.905260e-02
5.628288e-01	4.972789e-01	0.000000e+00	1	0.000000e+00
5.628288e-01	4.972789e-01	0.000000e+00	1	0.000000e+00
5.628288e-01	4.972789e-01	0.000000e+00	1	0.000000e+00
5.628288e-01	4.972789e-01	0.000000e+00	1	0.000000e+00
5.628288e-01	4.972789e-01	0.000000e+00	1	0.000000e+00
5.628288e-01	4.972789e-01	0.000000e+00	1	0.000000e+00
5.628288e-01	4.972789e-01	0.000000e+00	1	0.000000e+00
5.628288e-01	4.972789e-01	0.000000e+00	1	0.000000e+00
5.628288e-01	4.972789e-01	0.000000e+00	1	0.000000e+00
5.628288e-01	4.972789e-01	0.000000e+00	1	0.000000e+00
5.628288e-01	4.972789e-01	0.000000e+00	1	0.000000e+00
5.628288e-01	4.972789e-01	0.000000e+00	1	0.000000e+00
5.628288e-01	4.972789e-01	0.000000e+00	1	0.000000e+00
5.628288e-01	4.972789e-01	0.000000e+00	1	0.000000e+00
5.628288e-01	4.972789e-01	0.000000e+00	1	0.000000e+00
5.628288e-01	4.972789e-01	0.000000e+00	1	0.000000e+00
5.628288e-01	4.972789e-01	0.000000e+00	1	0.000000e+00
5.628288e-01	4.972789e-01	0.000000e+00	1	0.000000e+00
5.628288e-01	4.972789e-01	0.000000e+00	1	0.000000e+00
5.628288e-01	4.972789e-01	0.000000e+00	1	0.000000e+00
5.628288e-01	4.972789e-01	0.000000e+00	1	0.000000e+00
5.628288e-01	4.972789e-01	0.000000e+00	1	0.000000e+00
5.628288e-01	4.972789e-01	0.000000e+00	1	0.000000e+00
5.628288e-01	4.972789e-01	0.000000e+00	1	0.000000e+00
5.628288e-01	4.972789e-01	0.000000e+00	1	0.000000e+00
5.628288e-01	4.972789e-01	0.000000e+00	1	0.000000e+00
5.628288e-01	4.972789e-01	0.000000e+00	1	0.000000e+00
5.628288e-01	4.972789e-01	0.000000e+00	1	0.000000e+00
5.628288e-01	4.972789e-01	0.000000e+00	1	0.000000e+00
5.628288e-01	4.972789e-01	0.000000e+00	1	0.000000e+00
5.628288e-01	4.972789e-01	0.000000e+00	1	0.000000e+00
5.628288e-01	4.972789e-01	0.000000e+00	1	0.000000e+00
5.628288e-01	4.972789e-01	0.000000e+00	1	0.000000e+00
5.628288e-01	4.972789e-01	0.000000e+00	1	0.000000e+00
5.628288e-01	4.972789e-01	0.000000e+00	1	0.000000e+00
5.628288e-01	4.972789e-01	0.000000e+00	1	0.000000e+00
5.628288e-01	4.972789e-01	0.000000e+00	1	0.000000e+00
5.628288e-01	4.972789e-01	0.000000e+00	1	0.000000e+00
5.628288e-01	4.972789e-01	0.000000e+00	1	0.000000e+00
5.628288e-01	4.972789e-01	0.000000e+00	1	0.000000e+00
5.628288e-01	4.972789e-01	0.000000e+00	1	0.000000e+00
5.628288e-01	4.972789e-01	0.000000e+00	1	0.000000e+00
5.628288e-01	4.972789e-01	0.000000e+00	1	0.000000e+00
5.628288e-01	4.972789e-01	0.000000e+00	1	0.000000e+00
5.628288e-01	4.972789e-01	0.000000e+00	1	0.000000e+00
5.628288e-01	4.972789e-01	0.000000e+00	1	0.000000e+00
5.628288e-01	4.972789e-01	0.000000e+00	1	0.000000e+00
5.628288e-01	4.972789e-01	0.000000e+00	1	0.000000e+00
5.628288e-01	4.972789e-01	0.000000e+00	1	0.000000e+00
5.628288e-01	4.972789e-01	0.000000e+00	1	0.000000e+00
5.628288e-01	4.972789e-01	0.000000e+00	1	0.000000e+00
5.628288e-01	4.972789e-01	0.000000e+00	1	0.000000e+00
5.628288e-01	4.972789e-01	0.000000e+00	1	0.000000e+00
5.628288e-01	4.972789e-01	0.000000e+00	1	0.000000e+00
5.628288e-01	4.972789e-01	0.000000e+00	1	0.000000e+00
5.628288e-01	4.972789e-01	0.000000e+00	1	0.000000e+00
5.628288e-01	4.972789e-01	0.000000e+00	1	0.000000e+00
5.628288e-01	4.972789e-01	0.000000e+00	1	0.000000e+00
5.628288e-01	4.972789e-01	0.000000e+00	1	0.000000e+00
5.628288e-01	4.972789e-01	0.000000e+00	1	0.000000e+00
5.628288e-01	4.972789e-01	0.000000e+00	1	0.000000e+00
5.628288e-01	4.972789e-01	0.000000e+00	1	0.000000e+00
5.628288e-01	4.972789e-01	0.000000e+00	1	0.000000e+00
5.628288e-01	4.972789e-01	0.000000e+00	1	0.000000e+00
5.628288e-01	4.972789e-01	0.000000e+00	1	0.000000e+00
5.628288e-01	4.972789e-01	0.000000e+00	1	0.000000e+00
5.628288e-01	4.972789e-01	0.000000e+00	1	0.000000e+00
5.628288e-01	4.972789e-01	0.000000e+00	1	0.000000e+00
5.628288e-01	4.972789e-01	0.000000e+00	1	0.000000e+00
5.628288e-01	4.972789e-01	0.000000e+00	1	0.000000e+00
5.628288e-01	4.972789e-01	0.000000e+00	1	0.000000e+00
5.628288e-01	4.972789e-01	0.000000e+00	1	0.000000e+00
5.628288e-01	4.972789e-01	0.000000e+00	1	0.000000e+00
5.628288e-01	4.972789e-01	0.000000e+00	1	0.000000e+00
5.628288e-01	4.972789e-01	0.000000e+00	1	0.000000e+00
5.628288e-01	4.972789e-01	0.000000e+00	1	0.000000e+00
5.628288e-01	4.972789e-01	0.000000e+00	1	0.000000e+00
5.628288e-01	4.972789e-01	0.000000e+00	1	0.000000e+00
5.628288e-01	4.972789e-01	0.000000e+00	1	0.000000e+00
5.628288e-01	4.972789e-01	0.000000e+00	1	0.000000e+00
5.628288e-01	4.972789e-01	0.000000e+00	1	0.000000e+00
5.628288e-01	4.972789e-01	0.000000e+00	1	0.000000e+00
5.628288e-01	4.972789e-01	0.000000e+00	1	0.000000e+00
5.628288e-01	4.972789e-01	0.000000e+00	1	0.000000e+00
5.628288e-01	4.972789e-01	0.000000e+00	1	0.000000e+00
5.628288e-01	4.972789e-01	0.000000e+00	1	0.000000e+00
5.628288e-01	4.972789e-01	0.000000e+00	1	0.000000e+00
5.628288e-01	4.972789e-01	0.000000e+00	1	0.000000e+00
5.628288e-01	4.972789e-01	0.000000e+00	1	0.000000e+00
5.628288e-01	4.972789e-01	0.000000e+00	1	0.000000e+00
5.628288e-01	4.972789e-01	0.000000e+00	1	0.000000e+00
5.628288e-01	4.972789e-01	0.000000e+00	1	0.000000e+00
5.628288e-01	4.972789e-01	0.000000e+00	1	0.000000e+00
5.628288e-01	4.972789e-01	0.000000e+00	1	0.000000e+00
5.628288e-01	4.972789e-01	0.000000e+00	1	0.000000e+00
5.628288e-01	4.972789e-01	0.000000e+00	1	0.000000e+00
5.628288e-01	4.972789e-01	0.000000e+00	1	0.000000e+00
5.628288e-01	4.972789e-01	0.000000e+00	1	0.000000e+00
5.628288e-01	4.972789e-01	0.000000e+00	1	0.000000e+00
5.628288e-01	4.972789e-01	0.000000e+00	1	0.000000e+00
5.628288e-01	4.972789e-01	0.000000e+00	1	0.000000e+00
5.628288e-01	4.972789e-01	0.000000e+00	1	0.000000e+00
5.628288e-01	4.972789e-01	0.000000e+00	1	0.000000e+00
5.628288e-01	4.972789e-01	0.000000e+00	1	0.000000e+00
5.628288e-01	4.972789e-01	0.000000e+00	1	0.000000e+00
5.628288e-01	4.972789e-01	0.000000e+00	1	0.000000e+00
5.628288e-01	4.972789e-01	0.000000e+00	1	0.000000e+00
5.628288e-01	4.972789e-01	0.000000e+00	1	0.000000e+00
5.628288e-01	4.972789e-01	0.000000e+00	1	0.000000e+00
5.628288e-01	4.972789e-01	0.000000e+00	1	0.000000e+00
5.628288e-01	4.972789e-01	0.000000e+00	1	0.000000e+00
5.628288e-01	4.972789e-01	0.000000e+00	1	0.000000e+00
5.628288e-01	4.972789e-01	0.000000e+00	1	0.000000e+00
5.628288e-01	4.972789e-01	0.000000e+00	1	0.000000e+00
5.628288e-01	4.972789e-01	0.000000e+00	1	0.000000e+00
5.628288e-01	4.972789e-01	0.000000e+00	1	0.000000e+00
5.628288e-01	4.972789e-01	0.000000e+00	1	0.000000e+00
5.628288e-01	4.972789e-01	0.000000e+00	1	0.000000e+00
5.628288e-01	4.972789e-01	0.000000e+00	1	0.000000e+00
5.628288e-01	4.972789e-01	0.000000e+00	1	0.000000e+00
5.628288e-01	4.972789e-01	0.000000e+00	1	0.000000e+00
5.628288e-01	4.972789e-01	0.000000e+00	1	0.000000e+00
5.628288e-01	4.972789e-01	0.000000e+00	1	0.000000e+00
5.628288e-01	4.972789e-01	0.000000e+00	1	0.000000e+00
5.628288e-01	4.972789e-01	0.000000e+00	1	0.000000e+00
5.628288e-01	4.972789e-01	0.000000e+00	1	0.000000e+00
5.628288e-01	4.972789e-01	0.000000e+00	1	0.000000e+00
5.628288e-01	4.972789e-01	0.000000e+00	1	0.000000e+00
5.550709e-01	5.028571e-01	0.000000e+00	1	0.000000e+00
5.628288e-01	4.972789e-01	0.000000e+00	1	0.000000e+00
5.628288e-01	4.972789e-01	0.000000e+00	1	0.000000e+00
5.628288e-01	4.972789e-01	0.000000e+00	1	0.000000e+00
5.628288e-01	4.972789e-01	0.000000e+00	1	0.000000e+00
5.628288e-01	4.972789e-01	0.000000e+00	1	0.000000e+00
5.628288e-01	4.972789e-01	0.000000e+00	1	0.000000e+00
5.628288e-01	4.972789e-01	0.000000e+00	1	0.000000e+00
5.628288e-01	4.972789e-01	0.000000e+00	1	0.000000e+00
5.628288e-01	4.972789e-01	0.000000e+00	1	0.000000e+00
5.628288e-01	4.972789e-01	0.000000e+00	1	0.000000e+00
5.628288e-01	4.972789e-01	0.000000e+00	1	0.000000e+00
5.628288e-01	4.972789e-01	0.000000e+00	1	0.000000e+00
5.628288e-01	4.972789e-01	0.000000e+00	1	0.000000e+00
5.628288e-01	4.972789e-01	0.000000e+00	1	0.000000e+00
5.628288e-01	4.972789e-01	0.000000e+00	1	0.000000e+00
5.628288e-01	4.972789e-01	0.000000e+00	1	0.000000e+00
5.628288e-01	4.972789e-01	0.000000e+00	1	0.000000e+00
5.628288e-01	4.972789e-01	0.000000e+00	1	0.000000e+00
5.628288e-01	4.972789e-01	0.000000e+00	1	0.000000e+00
5.628288e-01	4.972789e-01	0.000000e+00	1	0.000000e+00
5.628288e-01	4.972789e-01	0.000000e+00	1	0.000000e+00
5.628288e-01	4.972789e-01	0.000000e+00	1	0.000000e+00
5.628288e-01	4.972789e-01	0.000000e+00	1	0.000000e+00
5.628288e-01	4.972789e-01	0.000000e+00	1	0.000000e+00
5.628288e-01	4.972789e-01	0.000000e+00	1	0.000000e+00
5.628288e-01	4.972789e-01	0.000000e+00	1	0.000000e+00
5.628288e-01	4.972789e-01	0.000000e+00	1	0.000000e+00
5.628288e-01	4.972789e-01	0.000000e+00	1	0.000000e+00
5.628288e-01	4.972789e-01	0.000000e+00	1	0.000000e+00
5.628288e-01	4.972789e-01	0.000000e+00	1	0.000000e+00
5.628288e-01	4.972789e-01	0.000000e+00	1	0.000000e+00
5.628288e-01	4.972789e-01	0.000000e+00	1	0.000000e+00
5.628288e-01	4.972789e-01	0.000000e+00	1	0.000000e+00
5.628288e-01	4.972789e-01	0.000000e+00	1	0.000000e+00
5.628288e-01	4.972789e-01	0.000000e+00	1	0.000000e+00
5.628288e-01	4.972789e-01	0.000000e+00	1	0.000000e+00
5.628288e-01	4.972789e-01	0.000000e+00	1	0.000000e+00
5.628288e-01	4.972789e-01	0.000000e+00	1	0.000000e+00
5.628288e-01	4.972789e-01	0.000000e+00	1	0.000000e+00
5.628288e-01	4.972789e-01	0.000000e+00	1	0.000000e+00
5.628288e-01	4.972789e-01	0.000000e+00	1	0.000000e+00
5.628288e-01	4.972789e-01	0.000000e+00	1	0.000000e+00
5.628288e-01	4.972789e-01	0.000000e+00	1	0.000000e+00
5.536139e-01	5.045578e-01	0.000000e+00	1	0.000000e+00
5.628288e-01	4.972789e-01	0.000000e+00	1	0.000000e+00
5.628288e-01	4.972789e-01	0.000000e+00	1	0.000000e+00
5.628288e-01	4.972789e-01	0.000000e+00	1	0.000000e+00
5.628288e-01	4.972789e-01	0.000000e+00	1	0.000000e+00
5.628288e-01	4.972789e-01	0.000000e+00	1	0.000000e+00
5.628288e-01	4.972789e-01	0.000000e+00	1	0.000000e+00
5.628288e-01	4.972789e-01	0.000000e+00	1	0.000000e+00
5.628288e-01	4.972789e-01	0.000000e+00	1	0.000000e+00
5.628288e-01	4.972789e-01	0.000000e+00	1	0.000000e+00
5.628288e-01	4.972789e-01	0.000000e+00	1	0.000000e+00
5.628288e-01	4.972789e-01	0.000000e+00	1	0.000000e+00
5.628288e-01	4.972789e-01	0.000000e+00	1	0.000000e+00
5.628288e-01	4.972789e-01	0.000000e+00	1	0.000000e+00
5.628288e-01	4.972789e-01	0.000000e+00	1	0.000000e+00
5.628288e-01	4.972789e-01	0.000000e+00	1	0.000000e+00
5.628288e-01	4.972789e-01	0.000000e+00	1	0.000000e+00
5.628288e-01	4.972789e-01	0.000000e+00	1	0.000000e+00
5.628288e-01	4.972789e-01	0.000000e+00	1	0.000000e+00
5.628288e-01	4.972789e-01	0.000000e+00	1	0.000000e+00
5.628288e-01	4.972789e-01	0.000000e+00	1	0.000000e+00
5.628288e-01	4.972789e-01	0.000000e+00	1	0.000000e+00
5.628288e-01	4.972789e-01	0.000000e+00	1	0.000000e+00
5.628288e-01	4.972789e-01	0.000000e+00	1	0.000000e+00
5.628288e-01	4.972789e-01	0.000000e+00	1	0.000000e+00
5.628288e-01	4.972789e-01	0.000000e+00	1	0.000000e+00
5.628288e-01	4.972789e-01	0.000000e+00	1	0.000000e+00
5.628288e-01	4.972789e-01	0.000000e+00	1	0.000000e+00
5.628288e-01	4.972789e-01	0.000000e+00	1	0.000000e+00
5.628288e-01	4.972789e-01	0.000000e+00	1	0.000000e+00
5.628288e-01	4.972789e-01	0.000000e+00	1	0.000000e+00
5.628288e-01	4.972789e-01	0.000000e+00	1	0.000000e+00
5.628288e-01	4.972789e-01	0.000000e+00	1	0.000000e+00
5.628288e-01	4.972789e-01	0.000000e+00	1	0.000000e+00
5.628288e-01	4.972789e-01	0.000000e+00	1	0.000000e+00
5.628288e-01	4.972789e-01	0.000000e+00	1	0.000000e+00
5.628288e-01	4.972789e-01	0.000000e+00	1	0.000000e+00
5.628288e-01	4.972789e-01	0.000000e+00	1	0.000000e+00
5.628288e-01	4.972789e-01	0.000000e+00	1	0.000000e+00
5.628288e-01	4.972789e-01	0.000000e+00	1	0.000000e+00
5.628288e-01	4.972789e-01	0.000000e+00	1	0.000000e+00
5.628288e-01	4.972789e-01	0.000000e+00	1	0.000000e+00
5.628288e-01	4.972789e-01	0.000000e+00	1	0.000000e+00
5.628288e-01	4.972789e-01	0.000000e+00	1	0.000000e+00
5.628288e-01	4.972789e-01	0.000000e+00	1	0.000000e+00
5.628288e-01	4.972789e-01	0.000000e+00	1	0.000000e+00
5.628288e-01	4.972789e-01	0.000000e+00	1	0.000000e+00
5.628288e-01	4.972789e-01	0.000000e+00	1	0.000000e+00
5.628288e-01	4.972789e-01	0.000000e+00	1	0.000000e+00
5.628288e-01	4.972789e-01	0.000000e+00	1	0.000000e+00
5.628288e-01	4.972789e-01	0.000000e+00	1	0.000000e+00
5.628288e-01	4.972789e-01	0.000000e+00	1	0.000000e+00
5.628288e-01	4.972789e-01	0.000000e+00	1	0.000000e+00
5.628288e-01	4.972789e-01	0.000000e+00	1	0.000000e+00
5.628288e-01	4.972789e-01	0.000000e+00	1	0.000000e+00
5.628288e-01	4.972789e-01	0.000000e+00	1	0.000000e+00
5.628288e-01	4.972789e-01	0.000000e+00	1	0.000000e+00
5.628288e-01	4.972789e-01	0.000000e+00	1	0.000000e+00
5.628288e-01	4.972789e-01	0.000000e+00	1	0.000000e+00
5.628288e-01	4.972789e-01	0.000000e+00	1	0.000000e+00
5.628288e-01	4.972789e-01	0.000000e+00	1	0.000000e+00
5.628288e-01	4.972789e-01	0.000000e+00	1	0.000000e+00
5.628288e-01	4.972789e-01	0.000000e+00	1	0.000000e+00
5.628288e-01	4.972789e-01	0.000000e+00	1	0.000000e+00
5.628288e-01	4.972789e-01	0.000000e+00	1	0.000000e+00
5.628288e-01	4.972789e-01	0.000000e+00	1	0.000000e+00
5.628288e-01	4.972789e-01	0.000000e+00	1	0.000000e+00
5.628288e-01	4.972789e-01	0.000000e+00	1	0.000000e+00
5.628288e-01	4.972789e-01	0.000000e+00	1	0.000000e+00
5.628288e-01	4.972789e-01	0.000000e+00	1	0.000000e+00
5.628288e-01	4.972789e-01	0.000000e+00	1	0.000000e+00
5.628288e-01	4.972789e-01	0.000000e+00	1	0.000000e+00
5.628288e-01	4.972789e-01	0.000000e+00	1	0.000000e+00
5.628288e-01	4.972789e-01	0.000000e+00	1	0.000000e+00
5.628288e-01	4.972789e-01	0.000000e+00	1	0.000000e+00
5.628288e-01	4.972789e-01	0.000000e+00	1	0.000000e+00
5.628288e-01	4.972789e-01	0.000000e+00	1	0.000000e+00
5.628288e-01	4.972789e-01	0.000000e+00	1	0.000000e+00
5.628288e-01	4.972789e-01	0.000000e+00	1	0.000000e+00
5.628288e-01	4.972789e-01	0.000000e+00	1	0.000000e+00
5.628288e-01	4.972789e-01	0.000000e+00	1	0.000000e+00
5.628288e-01	4.972789e-01	0.000000e+00	1	0.000000e+00
5.628288e-01	4.972789e-01	0.000000e+00	1	0.000000e+00
5.628288e-01	4.972789e-01	0.000000e+00	1	0.000000e+00
5.628288e-01	4.972789e-01	0.000000e+00	1	0.000000e+00
5.628288e-01	4.972789e-01	0.000000e+00	1	0.000000e+00
5.628288e-01	4.972789e-01	0.000000e+00	1	0.000000e+00
5.628288e-01	4.972789e-01	0.000000e+00	1	0.000000e+00
5.628288e-01	4.972789e-01	0.000000e+00	1	0.000000e+00
5.628288e-01	4.972789e-01	0.000000e+00	1	0.000000e+00
5.628288e-01	4.972789e-01	0.000000e+00	1	0.000000e+00
5.628288e-01	4.972789e-01	0.000000e+00	1	0.000000e+00
5.628288e-01	4.972789e-01	0.000000e+00	1	0.000000e+00
5.628288e-01	4.972789e-01	0.000000e+00	1	0.000000e+00
5.628288e-01	4.972789e-01	0.000000e+00	1	0.000000e+00
5.628288e-01	4.972789e-01	0.000000e+00	1	0.000000e+00
5.628288e-01	4.972789e-01	0.000000e+00	1	0.000000e+00
5.628288e-01	4.972789e-01	0.000000e+00	1	0.000000e+00
5.628288e-01	4.972789e-01	0.000000e+00	1	0.000000e+00
5.628288e-01	4.972789e-01	0.000000e+00	1	0.000000e+00
5.628288e-01	4.972789e-01	0.000000e+00	1	0.000000e+00
5.628288e-01	4.972789e-01	0.000000e+00	1	0.000000e+00
5.628288e-01	4.972789e-01	0.000000e+00	1	0.000000e+00
5.628288e-01	4.972789e-01	0.000000e+00	1	0.000000e+00
5.628288e-01	4.972789e-01	0.000000e+00	1	0.000000e+00
5.628288e-01	4.972789e-01	0.000000e+00	1	0.000000e+00
5.628288e-01	4.972789e-01	0.000000e+00	1	0.000000e+00
5.628288e-01	4.972789e-01	0.000000e+00	1	0.000000e+00
5.628288e-01	4.972789e-01	0.000000e+00	1	0.000000e+00
5.628288e-01	4.972789e-01	0.000000e+00	1	0.000000e+00
5.628288e-01	4.972789e-01	0.000000e+00	1	0.000000e+00
5.628288e-01	4.972789e-01	0.000000e+00	1	0.000000e+00
5.628288e-01	4.972789e-01	0.000000e+00	1	0.000000e+00
5.628288e-01	4.972789e-01	0.000000e+00	1	0.000000e+00
5.628288e-01	4.972789e-01	0.000000e+00	1	0.000000e+00
5.628288e-01	4.972789e-01	0.000000e+00	1	0.000000e+00
5.628288e-01	4.972789e-01	0.000000e+00	1	0.000000e+00
5.628288e-01	4.972789e-01	0.000000e+00	1	0.000000e+00
5.628288e-01	4.972789e-01	0.000000e+00	1	0.000000e+00
5.628288e-01	4.972789e-01	0.000000e+00	1	0.000000e+00
5.628288e-01	4.972789e-01	0.000000e+00	1	0.000000e+00
5.628288e-01	4.972789e-01	0.000000e+00	1	0.000000e+00
5.628288e-01	4.972789e-01	0.000000e+00	1	0.000000e+00
5.628288e-01	4.972789e-01	0.000000e+00	1	0.000000e+00
5.628288e-01	4.972789e-01	0.000000e+00	1	0.000000e+00
5.628288e-01	4.972789e-01	0.000000e+00	1	0.000000e+00
5.628288e-01	4.972789e-01	0.000000e+00	1	0.000000e+00
5.628288e-01	4.972789e-01	0.000000e+00	1	0.000000e+00
5.628288e-01	4.972789e-01	0.000000e+00	1	0.000000e+00
5.628288e-01	4.972789e-01	0.000000e+00	1	0.000000e+00
5.628288e-01	4.972789e-01	0.000000e+00	1	0.000000e+00
5.628288e-01	4.972789e-01	0.000000e+00	1	0.000000e+00
5.628288e-01	4.972789e-01	0.000000e+00	1	0.000000e+00
5.628288e-01	4.972789e-01	0.000000e+00	1	0.000000e+00
5.628288e-01	4.972789e-01	0.000000e+00	1	0.000000e+00
5.628288e-01	4.972789e-01	0.000000e+00	1	0.000000e+00
5.628288e-01	4.972789e-01	0.000000e+00	1	0.000000e+00
5.628288e-01	4.972789e-01	0.000000e+00	1	0.000000e+00
5.628288e-01	4.972789e-01	0.000000e+00	1	0.000000e+00
5.628288e-01	4.972789e-01	0.000000e+00	1	0.000000e+00
5.628288e-01	4.972789e-01	0.000000e+00	1	0.000000e+00
5.628288e-01	4.972789e-01	0.000000e+00	1	0.000000e+00
5.628288e-01	4.972789e-01	0.000000e+00	1	0.000000e+00
5.628288e-01	4.972789e-01	0.000000e+00	1	0.000000e+00
5.628288e-01	4.972789e-01	0.000000e+00	1	0.000000e+00
5.628288e-01	4.972789e-01	0.000000e+00	1	0.000000e+00
5.628288e-01	4.972789e-01	0.000000e+00	1	0.000000e+00
5.628288e-01	4.972789e-01	0.000000e+00	1	0.000000e+00
5.628288e-01	4.972789e-01	0.000000e+00	1	0.000000e+00
5.628288e-01	4.972789e-01	0.000000e+00	1	0.000000e+00
5.628288e-01	4.972789e-01	0.000000e+00	1	0.000000e+00
5.628288e-01	4.972789e-01	0.000000e+00	1	0.000000e+00
5.628288e-01	4.972789e-01	0.000000e+00	1	0.000000e+00
5.628288e-01	4.972789e-01	0.000000e+00	1	0.000000e+00
5.628288e-01	4.972789e-01	0.000000e+00	1	0.000000e+00
5.628288e-01	4.972789e-01	0.000000e+00	1	0.000000e+00
5.628288e-01	4.972789e-01	0.000000e+00	1	0.000000e+00
5.628288e-01	4.972789e-01	0.000000e+00	1	0.000000e+00
5.628288e-01	4.972789e-01	0.000000e+00	1	0.000000e+00
5.628288e-01	4.972789e-01	0.000000e+00	1	0.000000e+00
5.628288e-01	4.972789e-01	0.000000e+00	1	0.000000e+00
5.628288e-01	4.972789e-01	0.000000e+00	1	0.000000e+00
5.628288e-01	4.972789e-01	0.000000e+00	1	0.000000e+00
5.628288e-01	4.972789e-01	0.000000e+00	1	0.000000e+00
5.628288e-01	4.972789e-01	0.000000e+00	1	0.000000e+00
5.628288e-01	4.972789e-01	0.000000e+00	1	0.000000e+00
5.628288e-01	4.972789e-01	0.000000e+00	1	0.000000e+00
5.628288e-01	4.972789e-01	0.000000e+00	1	0.000000e+00
5.628288e-01	4.972789e-01	0.000000e+00	1	0.000000e+00
5.628288e-01	4.972789e-01	0.000000e+00	1	0.000000e+00
5.628288e-01	4.972789e-01	0.000000e+00	1	0.000000e+00
5.628288e-01	4.972789e-01	0.000000e+00	1	0.000000e+00
5.628288e-01	4.972789e-01	0.000000e+00	1	0.000000e+00
5.628288e-01	4.972789e-01	0.000000e+00	1	0.000000e+00
5.628288e-01	4.972789e-01	0.000000e+00	1	0.000000e+00
5.628288e-01	4.972789e-01	0.000000e+00	1	0.000000e+00
5.628288e-01	4.972789e-01	0.000000e+00	1	0.000000e+00
5.628288e-01	4.972789e-01	0.000000e+00	1	0.000000e+00
5.628288e-01	4.972789e-01	0.000000e+00	1	0.000000e+00
5.628288e-01	4.972789e-01	0.000000e+00	1	0.000000e+00
5.628288e-01	4.972789e-01	0.000000e+00	1	0.000000e+00
5.628288e-01	4.972789e-01	0.000000e+00	1	0.000000e+00
5.628288e-01	4.972789e-01	0.000000e+00	1	0.000000e+00
5.628288e-01	4.972789e-01	0.000000e+00	1	0.000000e+00
5.628288e-01	4.972789e-01	0.000000e+00	1	0.000000e+00
5.628288e-01	4.972789e-01	0.000000e+00	1	0.000000e+00
5.628288e-01	4.972789e-01	0.000000e+00	1	0.000000e+00
5.628288e-01	4.972789e-01	0.000000e+00	1	0.000000e+00
5.628288e-01	4.972789e-01	0.000000e+00	1	0.000000e+00
5.628288e-01	4.972789e-01	0.000000e+00	1	0.000000e+00
5.628288e-01	4.972789e-01	0.000000e+00	1	0.000000e+00
5.628288e-01	4.972789e-01	0.000000e+00	1	0.000000e+00
5.628288e-01	4.972789e-01	0.000000e+00	1	0.000000e+00
5.628288e-01	4.972789e-01	0.000000e+00	1	0.000000e+00
5.628288e-01	4.972789e-01	0.000000e+00	1	0.000000e+00
5.628288e-01	4.972789e-01	0.000000e+00	1	0.000000e+00
5.628288e-01	4.972789e-01	0.000000e+00	1	0.000000e+00
5.628288e-01	4.972789e-01	0.000000e+00	1	0.000000e+00
5.628288e-01	4.972789e-01	0.000000e+00	1	0.000000e+00
5.628288e-01	4.972789e-01	0.000000e+00	1	0.000000e+00
5.628288e-01	4.972789e-01	0.000000e+00	1	0.000000e+00
5.628288e-01	4.972789e-01	0.000000e+00	1	0.000000e+00
5.628288e-01	4.972789e-01	0.000000e+00	1	0.000000e+00
5.628288e-01	4.972789e-01	0.000000e+00	1	0.000000e+00
5.628288e-01	4.972789e-01	0.000000e+00	1	0.000000e+00
5.628288e-01	4.972789e-01	0.000000e+00	1	0.000000e+00
5.628288e-01	4.972789e-01	0.000000e+00	1	0.000000e+00
5.628288e-01	4.972789e-01	0.000000e+00	1	0.000000e+00
5.628288e-01	4.972789e-01	0.000000e+00	1	0.000000e+00
5.628288e-01	4.972789e-01	0.000000e+00	1	0.000000e+00
5.628288e-01	4.972789e-01	0.000000e+00	1	0.000000e+00
5.628288e-01	4.972789e-01	0.000000e+00	1	0.000000e+00
5.628288e-01	4.972789e-01	0.000000e+00	1	0.000000e+00
5.628288e-01	4.972789e-01	0.000000e+00	1	0.000000e+00
5.628288e-01	4.972789e-01	0.000000e+00	1	0.000000e+00
5.628288e-01	4.972789e-01	0.000000e+00	1	0.000000e+00
5.628288e-01	4.972789e-01	0.000000e+00	1	0.000000e+00
5.628288e-01	4.972789e-01	0.000000e+00	1	0.000000e+00
5.628288e-01	4.972789e-01	0.000000e+00	1	0.000000e+00
5.628288e-01	4.972789e-01	0.000000e+00	1	0.000000e+00
5.628288e-01	4.972789e-01	0.000000e+00	1	0.000000e+00
5.628288e-01	4.972789e-01	0.000000e+00	1	0.000000e+00
5.628288e-01	4.972789e-01	0.000000e+00	1	0.000000e+00
5.628288e-01	4.972789e-01	0.000000e+00	1	0.000000e+00
5.628288e-01	4.972789e-01	0.000000e+00	1	0.000000e+00
5.628288e-01	4.972789e-01	0.000000e+00	1	0.000000e+00
5.628288e-01	4.972789e-01	0.000000e+00	1	0.000000e+00
5.628288e-01	4.972789e-01	0.000000e+00	1	0.000000e+00
5.628288e-01	4.972789e-01	0.000000e+00	1	0.000000e+00
5.628288e-01	4.972789e-01	0.000000e+00	1	0.000000e+00
5.628288e-01	4.972789e-01	0.000000e+00	1	0.000000e+00
5.628288e-01	4.972789e-01	0.000000e+00	1	0.000000e+00
5.628288e-01	4.972789e-01	0.000000e+00	1	0.000000e+00
5.628288e-01	4.972789e-01	0.000000e+00	1	0.000000e+00
5.628288e-01	4.972789e-01	0.000000e+00	1	0.000000e+00
5.628288e-01	4.972789e-01	0.000000e+00	1	0.000000e+00
5.628288e-01	4.972789e-01	0.000000e+00	1	0.000000e+00
5.628288e-01	4.972789e-01	0.000000e+00	1	0.000000e+00
5.628288e-01	4.972789e-01	0.000000e+00	1	0.000000e+00
5.628288e-01	4.972789e-01	0.000000e+00	1	0.000000e+00
5.628288e-01	4.972789e-01	0.000000e+00	1	0.000000e+00
5.628288e-01	4.972789e-01	0.000000e+00	1	0.000000e+00
5.628288e-01	4.972789e-01	0.000000e+00	1	0.000000e+00
5.628288e-01	4.972789e-01	0.000000e+00	1	0.000000e+00
5.628288e-01	4.972789e-01	0.000000e+00	1	0.000000e+00
5.628288e-01	4.972789e-01	0.000000e+00	1	0.000000e+00
5.628288e-01	4.972789e-01	0.000000e+00	1	0.000000e+00
5.628288e-01	4.972789e-01	0.000000e+00	1	0.000000e+00
5.628288e-01	4.972789e-01	0.000000e+00	1	0.000000e+00
5.628288e-01	4.972789e-01	0.000000e+00	1	0.000000e+00
5.628288e-01	4.972789e-01	0.000000e+00	1	0.000000e+00
5.628288e-01	4.972789e-01	0.000000e+00	1	0.000000e+00
5.628288e-01	4.972789e-01	0.000000e+00	1	0.000000e+00
5.628288e-01	4.972789e-01	0.000000e+00	1	0.000000e+00
5.628288e-01	4.972789e-01	0.000000e+00	1	0.000000e+00
5.628288e-01	4.972789e-01	0.000000e+00	1	0.000000e+00
5.628288e-01	4.972789e-01	0.000000e+00	1	0.000000e+00
5.628288e-01	4.972789e-01	0.000000e+00	1	0.000000e+00
5.628288e-01	4.972789e-01	0.000000e+00	1	0.000000e+00
5.628288e-01	4.972789e-01	0.000000e+00	1	0.000000e+00
5.628288e-01	4.972789e-01	0.000000e+00	1	0.000000e+00
5.628288e-01	4.972789e-01	0.000000e+00	1	0.000000e+00
5.628288e-01	4.972789e-01	0.000000e+00	1	0.000000e+00
5.628288e-01	4.972789e-01	0.000000e+00	1	0.000000e+00
5.628288e-01	4.972789e-01	0.000000e+00	1	0.000000e+00
5.628288e-01	4.972789e-01	0.000000e+00	1	0.000000e+00
5.628288e-01	4.972789e-01	0.000000e+00	1	0.000000e+00
5.628288e-01	4.972789e-01	0.000000e+00	1	0.000000e+00
5.628288e-01	4.972789e-01	0.000000e+00	1	0.000000e+00
5.628288e-01	4.972789e-01	0.000000e+00	1	0.000000e+00
5.628288e-01	4.972789e-01	0.000000e+00	1	0.000000e+00
5.628288e-01	4.972789e-01	0.000000e+00	1	0.000000e+00
5.628288e-01	4.972789e-01	0.000000e+00	1	0.000000e+00
5.628288e-01	4.972789e-01	0.000000e+00	1	0.000000e+00
5.628288e-01	4.972789e-01	0.000000e+00	1	0.000000e+00
5.628288e-01	4.972789e-01	0.000000e+00	1	0.000000e+00
5.628288e-01	4.972789e-01	0.000000e+00	1	0.000000e+00
5.628288e-01	4.972789e-01	0.000000e+00	1	0.000000e+00
5.628288e-01	4.972789e-01	0.000000e+00	1	0.000000e+00
5.628288e-01	4.972789e-01	0.000000e+00	1	0.000000e+00
5.628288e-01	4.972789e-01	0.000000e+00	1	0.000000e+00
5.628288e-01	4.972789e-01	0.000000e+00	1	0.000000e+00
5.628288e-01	4.972789e-01	0.000000e+00	1	0.000000e+00
5.628288e-01	4.972789e-01	0.000000e+00	1	0.000000e+00
5.628288e-01	4.972789e-01	0.000000e+00	1	0.000000e+00
5.628288e-01	4.972789e-01	0.000000e+00	1	0.000000e+00
5.628288e-01	4.972789e-01	0.000000e+00	1	0.000000e+00
5.628288e-01	4.972789e-01	0.000000e+00	1	0.000000e+00
5.628288e-01	4.972789e-01	0.000000e+00	1	0.000000e+00
5.628288e-01	4.972789e-01	0.000000e+00	1	0.000000e+00
5.628288e-01	4.972789e-01	0.000000e+00	1	0.000000e+00
5.628288e-01	4.972789e-01	0.000000e+00	1	0.000000e+00
5.628288e-01	4.972789e-01	0.000000e+00	1	0.000000e+00
5.628288e-01	4.972789e-01	0.000000e+00	1	0.000000e+00
5.628288e-01	4.972789e-01	0.000000e+00	1	0.000000e+00
5.628288e-01	4.972789e-01	0.000000e+00	1	0.000000e+00
5.628288e-01	4.972789e-01	0.000000e+00	1	0.000000e+00
5.628288e-01	4.972789e-01	0.000000e+00	1	0.000000e+00
5.628288e-01	4.972789e-01	0.000000e+00	1	0.000000e+00
5.628288e-01	4.972789e-01	0.000000e+00	1	0.000000e+00
5.628288e-01	4.972789e-01	0.000000e+00	1	0.000000e+00
5.628288e-01	4.972789e-01	0.000000e+00	1	0.000000e+00
5.628288e-01	4.972789e-01	0.000000e+00	1	0.000000e+00
5.628288e-01	4.972789e-01	0.000000e+00	1	0.000000e+00
5.628288e-01	4.972789e-01	0.000000e+00	1	0.000000e+00
5.628288e-01	4.972789e-01	0.000000e+00	1	0.000000e+00
5.628288e-01	4.972789e-01	0.000000e+00	1	0.000000e+00
5.628288e-01	4.972789e-01	0.000000e+00	1	0.000000e+00
5.628288e-01	4.972789e-01	0.000000e+00	1	0.000000e+00
5.628288e-01	4.972789e-01	0.000000e+00	1	0.000000e+00
5.628288e-01	4.972789e-01	0.000000e+00	1	0.000000e+00
5.628288e-01	4.972789e-01	0.000000e+00	1	0.000000e+00
5.628288e-01	4.972789e-01	0.000000e+00	1	0.000000e+00
5.628288e-01	4.972789e-01	0.000000e+00	1	0.000000e+00
5.628288e-01	4.972789e-01	0.000000e+00	1	0.000000e+00
5.628288e-01	4.972789e-01	0.000000e+00	1	0.000000e+00
5.550709e-01	5.028571e-01	0.000000e+00	1	0.000000e+00
5.628288e-01	4.972789e-01	0.000000e+00	1	0.000000e+00
5.628288e-01	4.972789e-01	0.000000e+00	1	0.000000e+00
5.628288e-01	4.972789e-01	0.000000e+00	1	0.000000e+00
5.628288e-01	4.972789e-01	0.000000e+00	1	0.000000e+00
Total execution time: 402.253
