# This file contains the data of final feasible population (if found)
# of objectives = 2, # of constraints = 0, # of real_var = 0, # of bits of bin_var = 0, constr_violation, rank, crowding_distance
6.710000e+02	2.510000e+02	0.000000e+00	1	1.000000e+14
4.740000e+02	3.910000e+02	0.000000e+00	1	1.000000e+14
6.490000e+02	2.610000e+02	0.000000e+00	1	4.680928e-02
6.390000e+02	2.640000e+02	0.000000e+00	1	4.680928e-02
6.560000e+02	2.550000e+02	0.000000e+00	1	4.173314e-02
4.750000e+02	3.800000e+02	0.000000e+00	1	3.928571e-02
6.270000e+02	2.700000e+02	0.000000e+00	1	3.411893e-02
6.390000e+02	2.640000e+02	0.000000e+00	1	3.045685e-02
6.270000e+02	2.700000e+02	0.000000e+00	1	3.045685e-02
6.640000e+02	2.540000e+02	0.000000e+00	1	2.387600e-02
6.220000e+02	2.730000e+02	0.000000e+00	1	2.340464e-02
6.560000e+02	2.550000e+02	0.000000e+00	1	2.133793e-02
6.640000e+02	2.540000e+02	0.000000e+00	1	1.983321e-02
5.210000e+02	3.420000e+02	0.000000e+00	1	1.983321e-02
6.690000e+02	2.520000e+02	0.000000e+00	1	1.983321e-02
5.670000e+02	3.120000e+02	0.000000e+00	1	1.879985e-02
5.610000e+02	3.140000e+02	0.000000e+00	1	1.879985e-02
5.860000e+02	2.980000e+02	0.000000e+00	1	1.832850e-02
4.750000e+02	3.800000e+02	0.000000e+00	1	1.785714e-02
4.780000e+02	3.750000e+02	0.000000e+00	1	1.785714e-02
6.490000e+02	2.610000e+02	0.000000e+00	1	1.776650e-02
5.260000e+02	3.410000e+02	0.000000e+00	1	1.626178e-02
5.980000e+02	2.910000e+02	0.000000e+00	1	1.579043e-02
4.810000e+02	3.740000e+02	0.000000e+00	1	1.475707e-02
4.970000e+02	3.610000e+02	0.000000e+00	1	1.475707e-02
4.940000e+02	3.630000e+02	0.000000e+00	1	1.475707e-02
5.580000e+02	3.190000e+02	0.000000e+00	1	1.428571e-02
5.590000e+02	3.150000e+02	0.000000e+00	1	1.428571e-02
5.200000e+02	3.440000e+02	0.000000e+00	1	1.325236e-02
5.200000e+02	3.440000e+02	0.000000e+00	1	1.269036e-02
5.150000e+02	3.470000e+02	0.000000e+00	1	1.269036e-02
4.930000e+02	3.650000e+02	0.000000e+00	1	1.221900e-02
5.550000e+02	3.200000e+02	0.000000e+00	1	1.118564e-02
5.100000e+02	3.520000e+02	0.000000e+00	1	1.118564e-02
6.390000e+02	2.640000e+02	0.000000e+00	1	1.071429e-02
6.000000e+02	2.880000e+02	0.000000e+00	1	1.071429e-02
5.490000e+02	3.250000e+02	0.000000e+00	1	1.071429e-02
5.410000e+02	3.310000e+02	0.000000e+00	1	1.071429e-02
4.860000e+02	3.690000e+02	0.000000e+00	1	1.071429e-02
5.890000e+02	2.950000e+02	0.000000e+00	1	1.071429e-02
4.840000e+02	3.720000e+02	0.000000e+00	1	1.071429e-02
6.270000e+02	2.700000e+02	0.000000e+00	1	1.071429e-02
6.220000e+02	2.730000e+02	0.000000e+00	1	1.071429e-02
5.520000e+02	3.220000e+02	0.000000e+00	1	1.071429e-02
5.430000e+02	3.280000e+02	0.000000e+00	1	1.071429e-02
6.490000e+02	2.610000e+02	0.000000e+00	1	1.071429e-02
5.150000e+02	3.470000e+02	0.000000e+00	1	1.071429e-02
6.210000e+02	2.760000e+02	0.000000e+00	1	1.071429e-02
6.180000e+02	2.780000e+02	0.000000e+00	1	1.015228e-02
5.910000e+02	2.940000e+02	0.000000e+00	1	1.015228e-02
6.000000e+02	2.880000e+02	0.000000e+00	1	1.015228e-02
5.010000e+02	3.580000e+02	0.000000e+00	1	1.015228e-02
5.810000e+02	3.020000e+02	0.000000e+00	1	1.015228e-02
5.410000e+02	3.310000e+02	0.000000e+00	1	1.015228e-02
5.050000e+02	3.570000e+02	0.000000e+00	1	1.015228e-02
6.040000e+02	2.870000e+02	0.000000e+00	1	1.015228e-02
5.950000e+02	2.930000e+02	0.000000e+00	1	1.015228e-02
5.850000e+02	3.000000e+02	0.000000e+00	1	1.015228e-02
6.140000e+02	2.800000e+02	0.000000e+00	1	1.015228e-02
5.370000e+02	3.330000e+02	0.000000e+00	1	1.015228e-02
5.670000e+02	3.120000e+02	0.000000e+00	1	9.680928e-03
5.850000e+02	3.000000e+02	0.000000e+00	1	9.680928e-03
6.080000e+02	2.850000e+02	0.000000e+00	1	8.647571e-03
4.970000e+02	3.610000e+02	0.000000e+00	1	8.647571e-03
6.110000e+02	2.820000e+02	0.000000e+00	1	8.647571e-03
6.040000e+02	2.870000e+02	0.000000e+00	1	8.647571e-03
4.880000e+02	3.680000e+02	0.000000e+00	1	8.647571e-03
4.990000e+02	3.600000e+02	0.000000e+00	1	8.647571e-03
6.690000e+02	2.520000e+02	0.000000e+00	1	8.647571e-03
6.000000e+02	2.880000e+02	0.000000e+00	1	8.647571e-03
5.120000e+02	3.510000e+02	0.000000e+00	1	8.647571e-03
5.340000e+02	3.350000e+02	0.000000e+00	1	8.647571e-03
4.910000e+02	3.660000e+02	0.000000e+00	1	8.647571e-03
4.840000e+02	3.720000e+02	0.000000e+00	1	7.614213e-03
5.950000e+02	2.930000e+02	0.000000e+00	1	7.614213e-03
4.810000e+02	3.740000e+02	0.000000e+00	1	7.614213e-03
5.550000e+02	3.200000e+02	0.000000e+00	1	7.614213e-03
5.890000e+02	2.950000e+02	0.000000e+00	1	7.614213e-03
5.730000e+02	3.070000e+02	0.000000e+00	1	7.614213e-03
4.780000e+02	3.750000e+02	0.000000e+00	1	7.614213e-03
5.070000e+02	3.540000e+02	0.000000e+00	1	7.614213e-03
4.780000e+02	3.750000e+02	0.000000e+00	1	7.614213e-03
5.430000e+02	3.280000e+02	0.000000e+00	1	7.614213e-03
5.580000e+02	3.190000e+02	0.000000e+00	1	7.614213e-03
5.490000e+02	3.250000e+02	0.000000e+00	1	7.614213e-03
5.520000e+02	3.220000e+02	0.000000e+00	1	7.614213e-03
5.760000e+02	3.050000e+02	0.000000e+00	1	7.614213e-03
5.980000e+02	2.910000e+02	0.000000e+00	1	7.614213e-03
5.760000e+02	3.050000e+02	0.000000e+00	1	7.614213e-03
4.750000e+02	3.800000e+02	0.000000e+00	1	7.614213e-03
5.460000e+02	3.270000e+02	0.000000e+00	1	7.614213e-03
5.520000e+02	3.220000e+02	0.000000e+00	1	7.614213e-03
5.790000e+02	3.030000e+02	0.000000e+00	1	7.614213e-03
5.070000e+02	3.540000e+02	0.000000e+00	1	7.142857e-03
4.840000e+02	3.720000e+02	0.000000e+00	1	7.142857e-03
5.140000e+02	3.490000e+02	0.000000e+00	1	7.142857e-03
5.120000e+02	3.510000e+02	0.000000e+00	1	7.142857e-03
5.410000e+02	3.310000e+02	0.000000e+00	1	7.142857e-03
5.730000e+02	3.070000e+02	0.000000e+00	1	7.142857e-03
5.950000e+02	2.930000e+02	0.000000e+00	1	7.142857e-03
6.090000e+02	2.840000e+02	0.000000e+00	1	7.142857e-03
6.110000e+02	2.820000e+02	0.000000e+00	1	7.142857e-03
5.340000e+02	3.350000e+02	0.000000e+00	1	7.142857e-03
5.790000e+02	3.030000e+02	0.000000e+00	1	7.142857e-03
5.060000e+02	3.560000e+02	0.000000e+00	1	7.142857e-03
5.980000e+02	2.910000e+02	0.000000e+00	1	7.142857e-03
5.200000e+02	3.440000e+02	0.000000e+00	1	7.142857e-03
5.320000e+02	3.370000e+02	0.000000e+00	1	7.142857e-03
5.850000e+02	3.000000e+02	0.000000e+00	1	7.142857e-03
5.550000e+02	3.200000e+02	0.000000e+00	1	7.142857e-03
5.300000e+02	3.390000e+02	0.000000e+00	1	7.142857e-03
5.610000e+02	3.140000e+02	0.000000e+00	1	7.142857e-03
5.760000e+02	3.050000e+02	0.000000e+00	1	7.142857e-03
5.150000e+02	3.470000e+02	0.000000e+00	1	7.142857e-03
6.140000e+02	2.800000e+02	0.000000e+00	1	7.142857e-03
5.810000e+02	3.020000e+02	0.000000e+00	1	7.142857e-03
5.070000e+02	3.540000e+02	0.000000e+00	1	7.142857e-03
6.180000e+02	2.780000e+02	0.000000e+00	1	7.142857e-03
5.100000e+02	3.520000e+02	0.000000e+00	1	7.142857e-03
5.140000e+02	3.490000e+02	0.000000e+00	1	7.142857e-03
5.700000e+02	3.090000e+02	0.000000e+00	1	7.142857e-03
5.680000e+02	3.110000e+02	0.000000e+00	1	7.142857e-03
5.520000e+02	3.220000e+02	0.000000e+00	1	7.142857e-03
4.940000e+02	3.630000e+02	0.000000e+00	1	7.142857e-03
5.760000e+02	3.050000e+02	0.000000e+00	1	7.142857e-03
5.860000e+02	2.980000e+02	0.000000e+00	1	7.142857e-03
5.370000e+02	3.330000e+02	0.000000e+00	1	7.142857e-03
5.320000e+02	3.370000e+02	0.000000e+00	1	7.142857e-03
6.210000e+02	2.760000e+02	0.000000e+00	1	6.109500e-03
5.210000e+02	3.420000e+02	0.000000e+00	1	6.109500e-03
5.720000e+02	3.080000e+02	0.000000e+00	1	6.109500e-03
5.590000e+02	3.150000e+02	0.000000e+00	1	6.109500e-03
5.050000e+02	3.570000e+02	0.000000e+00	1	6.109500e-03
5.480000e+02	3.260000e+02	0.000000e+00	1	6.109500e-03
5.140000e+02	3.490000e+02	0.000000e+00	1	5.076142e-03
6.180000e+02	2.780000e+02	0.000000e+00	1	5.076142e-03
5.890000e+02	2.950000e+02	0.000000e+00	1	5.076142e-03
5.100000e+02	3.520000e+02	0.000000e+00	1	5.076142e-03
4.910000e+02	3.660000e+02	0.000000e+00	1	5.076142e-03
5.410000e+02	3.310000e+02	0.000000e+00	1	5.076142e-03
5.720000e+02	3.080000e+02	0.000000e+00	1	5.076142e-03
6.200000e+02	2.770000e+02	0.000000e+00	1	5.076142e-03
5.360000e+02	3.340000e+02	0.000000e+00	1	5.076142e-03
6.710000e+02	2.510000e+02	0.000000e+00	1	5.076142e-03
5.320000e+02	3.370000e+02	0.000000e+00	1	5.076142e-03
4.890000e+02	3.670000e+02	0.000000e+00	1	5.076142e-03
5.910000e+02	2.940000e+02	0.000000e+00	1	5.076142e-03
5.300000e+02	3.390000e+02	0.000000e+00	1	5.076142e-03
5.280000e+02	3.400000e+02	0.000000e+00	1	5.076142e-03
5.280000e+02	3.400000e+02	0.000000e+00	1	5.076142e-03
6.090000e+02	2.840000e+02	0.000000e+00	1	5.076142e-03
4.840000e+02	3.720000e+02	0.000000e+00	1	5.076142e-03
5.700000e+02	3.090000e+02	0.000000e+00	1	5.076142e-03
5.680000e+02	3.110000e+02	0.000000e+00	1	5.076142e-03
5.340000e+02	3.350000e+02	0.000000e+00	1	5.076142e-03
5.480000e+02	3.260000e+02	0.000000e+00	1	5.076142e-03
6.140000e+02	2.800000e+02	0.000000e+00	1	5.076142e-03
4.860000e+02	3.690000e+02	0.000000e+00	1	5.076142e-03
5.460000e+02	3.270000e+02	0.000000e+00	1	5.076142e-03
5.700000e+02	3.090000e+02	0.000000e+00	1	5.076142e-03
5.260000e+02	3.410000e+02	0.000000e+00	1	5.076142e-03
5.610000e+02	3.140000e+02	0.000000e+00	1	5.076142e-03
4.860000e+02	3.690000e+02	0.000000e+00	1	5.076142e-03
5.590000e+02	3.150000e+02	0.000000e+00	1	5.076142e-03
6.060000e+02	2.860000e+02	0.000000e+00	1	5.076142e-03
5.320000e+02	3.370000e+02	0.000000e+00	1	5.076142e-03
5.790000e+02	3.030000e+02	0.000000e+00	1	5.076142e-03
5.810000e+02	3.020000e+02	0.000000e+00	1	5.076142e-03
6.060000e+02	2.860000e+02	0.000000e+00	1	5.076142e-03
5.120000e+02	3.510000e+02	0.000000e+00	1	5.076142e-03
6.120000e+02	2.810000e+02	0.000000e+00	1	5.076142e-03
5.430000e+02	3.280000e+02	0.000000e+00	1	5.076142e-03
5.300000e+02	3.390000e+02	0.000000e+00	1	5.076142e-03
5.360000e+02	3.340000e+02	0.000000e+00	1	3.571429e-03
5.360000e+02	3.340000e+02	0.000000e+00	1	3.571429e-03
6.060000e+02	2.860000e+02	0.000000e+00	1	3.571429e-03
6.200000e+02	2.770000e+02	0.000000e+00	1	3.571429e-03
4.880000e+02	3.680000e+02	0.000000e+00	1	3.571429e-03
5.700000e+02	3.090000e+02	0.000000e+00	1	3.571429e-03
6.120000e+02	2.810000e+02	0.000000e+00	1	3.571429e-03
4.890000e+02	3.670000e+02	0.000000e+00	1	3.571429e-03
5.430000e+02	3.280000e+02	0.000000e+00	1	3.571429e-03
6.090000e+02	2.840000e+02	0.000000e+00	1	3.571429e-03
5.720000e+02	3.080000e+02	0.000000e+00	1	3.571429e-03
5.280000e+02	3.400000e+02	0.000000e+00	1	3.571429e-03
5.060000e+02	3.560000e+02	0.000000e+00	1	3.571429e-03
6.180000e+02	2.780000e+02	0.000000e+00	1	3.571429e-03
4.990000e+02	3.600000e+02	0.000000e+00	1	3.571429e-03
5.370000e+02	3.330000e+02	0.000000e+00	1	3.571429e-03
5.460000e+02	3.270000e+02	0.000000e+00	1	3.571429e-03
5.260000e+02	3.410000e+02	0.000000e+00	1	3.571429e-03
6.200000e+02	2.770000e+02	0.000000e+00	1	3.571429e-03
4.890000e+02	3.670000e+02	0.000000e+00	1	3.571429e-03
4.910000e+02	3.660000e+02	0.000000e+00	1	3.571429e-03
5.460000e+02	3.270000e+02	0.000000e+00	1	3.571429e-03
4.810000e+02	3.740000e+02	0.000000e+00	1	3.571429e-03
5.810000e+02	3.020000e+02	0.000000e+00	1	3.571429e-03
5.300000e+02	3.390000e+02	0.000000e+00	1	3.571429e-03
5.280000e+02	3.400000e+02	0.000000e+00	1	3.571429e-03
5.890000e+02	2.950000e+02	0.000000e+00	1	3.571429e-03
6.140000e+02	2.800000e+02	0.000000e+00	1	3.571429e-03
4.860000e+02	3.690000e+02	0.000000e+00	1	3.571429e-03
5.480000e+02	3.260000e+02	0.000000e+00	1	3.571429e-03
6.120000e+02	2.810000e+02	0.000000e+00	1	3.571429e-03
5.490000e+02	3.250000e+02	0.000000e+00	1	3.571429e-03
6.710000e+02	2.510000e+02	0.000000e+00	1	3.571429e-03
5.050000e+02	3.570000e+02	0.000000e+00	1	3.571429e-03
5.730000e+02	3.070000e+02	0.000000e+00	1	3.571429e-03
4.930000e+02	3.650000e+02	0.000000e+00	1	3.571429e-03
5.790000e+02	3.030000e+02	0.000000e+00	1	3.571429e-03
5.010000e+02	3.580000e+02	0.000000e+00	1	3.571429e-03
5.680000e+02	3.110000e+02	0.000000e+00	1	3.571429e-03
6.060000e+02	2.860000e+02	0.000000e+00	1	3.571429e-03
5.000000e+02	3.590000e+02	0.000000e+00	1	3.571429e-03
5.950000e+02	2.930000e+02	0.000000e+00	1	3.571429e-03
4.780000e+02	3.750000e+02	0.000000e+00	1	3.571429e-03
5.010000e+02	3.580000e+02	0.000000e+00	1	3.571429e-03
5.910000e+02	2.940000e+02	0.000000e+00	1	3.571429e-03
5.000000e+02	3.590000e+02	0.000000e+00	1	3.571429e-03
5.580000e+02	3.190000e+02	0.000000e+00	1	3.571429e-03
6.080000e+02	2.850000e+02	0.000000e+00	1	3.571429e-03
6.040000e+02	2.870000e+02	0.000000e+00	1	3.571429e-03
5.910000e+02	2.940000e+02	0.000000e+00	1	3.571429e-03
5.730000e+02	3.070000e+02	0.000000e+00	1	2.538071e-03
5.140000e+02	3.490000e+02	0.000000e+00	1	2.538071e-03
5.010000e+02	3.580000e+02	0.000000e+00	1	2.538071e-03
6.090000e+02	2.840000e+02	0.000000e+00	1	2.538071e-03
4.740000e+02	3.910000e+02	0.000000e+00	1	2.538071e-03
6.080000e+02	2.850000e+02	0.000000e+00	1	2.538071e-03
6.120000e+02	2.810000e+02	0.000000e+00	1	2.538071e-03
5.000000e+02	3.590000e+02	0.000000e+00	1	2.538071e-03
5.060000e+02	3.560000e+02	0.000000e+00	1	2.538071e-03
4.880000e+02	3.680000e+02	0.000000e+00	1	2.538071e-03
6.110000e+02	2.820000e+02	0.000000e+00	1	2.538071e-03
6.200000e+02	2.770000e+02	0.000000e+00	1	2.538071e-03
5.490000e+02	3.250000e+02	0.000000e+00	1	2.538071e-03
4.750000e+02	3.800000e+02	0.000000e+00	1	2.538071e-03
5.070000e+02	3.540000e+02	0.000000e+00	1	2.538071e-03
6.210000e+02	2.760000e+02	0.000000e+00	1	2.538071e-03
5.680000e+02	3.110000e+02	0.000000e+00	1	2.538071e-03
4.930000e+02	3.650000e+02	0.000000e+00	1	2.538071e-03
4.990000e+02	3.600000e+02	0.000000e+00	1	2.538071e-03
5.360000e+02	3.340000e+02	0.000000e+00	1	2.538071e-03
5.580000e+02	3.190000e+02	0.000000e+00	1	2.538071e-03
5.150000e+02	3.470000e+02	0.000000e+00	1	2.538071e-03
5.060000e+02	3.560000e+02	0.000000e+00	1	2.538071e-03
5.000000e+02	3.590000e+02	0.000000e+00	1	2.538071e-03
4.940000e+02	3.630000e+02	0.000000e+00	1	2.538071e-03
6.220000e+02	2.730000e+02	0.000000e+00	1	2.538071e-03
5.370000e+02	3.330000e+02	0.000000e+00	1	2.538071e-03
4.890000e+02	3.670000e+02	0.000000e+00	1	2.538071e-03
5.860000e+02	2.980000e+02	0.000000e+00	1	2.538071e-03
5.200000e+02	3.440000e+02	0.000000e+00	1	0.000000e+00
5.670000e+02	3.120000e+02	0.000000e+00	1	0.000000e+00
5.890000e+02	2.950000e+02	0.000000e+00	1	0.000000e+00
5.430000e+02	3.280000e+02	0.000000e+00	1	0.000000e+00
5.590000e+02	3.150000e+02	0.000000e+00	1	0.000000e+00
5.550000e+02	3.200000e+02	0.000000e+00	1	0.000000e+00
4.780000e+02	3.750000e+02	0.000000e+00	1	0.000000e+00
5.340000e+02	3.350000e+02	0.000000e+00	1	0.000000e+00
5.910000e+02	2.940000e+02	0.000000e+00	1	0.000000e+00
6.200000e+02	2.770000e+02	0.000000e+00	1	0.000000e+00
6.390000e+02	2.640000e+02	0.000000e+00	1	0.000000e+00
6.040000e+02	2.870000e+02	0.000000e+00	1	0.000000e+00
5.100000e+02	3.520000e+02	0.000000e+00	1	0.000000e+00
5.210000e+02	3.420000e+02	0.000000e+00	1	0.000000e+00
5.100000e+02	3.520000e+02	0.000000e+00	1	0.000000e+00
6.270000e+02	2.700000e+02	0.000000e+00	1	0.000000e+00
5.210000e+02	3.420000e+02	0.000000e+00	1	0.000000e+00
4.990000e+02	3.600000e+02	0.000000e+00	1	0.000000e+00
4.890000e+02	3.670000e+02	0.000000e+00	1	0.000000e+00
4.890000e+02	3.670000e+02	0.000000e+00	1	0.000000e+00
5.810000e+02	3.020000e+02	0.000000e+00	1	0.000000e+00
4.940000e+02	3.630000e+02	0.000000e+00	1	0.000000e+00
4.910000e+02	3.660000e+02	0.000000e+00	1	0.000000e+00
5.980000e+02	2.910000e+02	0.000000e+00	1	0.000000e+00
5.050000e+02	3.570000e+02	0.000000e+00	1	0.000000e+00
5.890000e+02	2.950000e+02	0.000000e+00	1	0.000000e+00
5.360000e+02	3.340000e+02	0.000000e+00	1	0.000000e+00
5.910000e+02	2.940000e+02	0.000000e+00	1	0.000000e+00
5.120000e+02	3.510000e+02	0.000000e+00	1	0.000000e+00
5.480000e+02	3.260000e+02	0.000000e+00	1	0.000000e+00
5.370000e+02	3.330000e+02	0.000000e+00	1	0.000000e+00
5.200000e+02	3.440000e+02	0.000000e+00	1	0.000000e+00
5.520000e+02	3.220000e+02	0.000000e+00	1	0.000000e+00
5.100000e+02	3.520000e+02	0.000000e+00	1	0.000000e+00
6.200000e+02	2.770000e+02	0.000000e+00	1	0.000000e+00
5.680000e+02	3.110000e+02	0.000000e+00	1	0.000000e+00
6.080000e+02	2.850000e+02	0.000000e+00	1	0.000000e+00
5.000000e+02	3.590000e+02	0.000000e+00	1	0.000000e+00
5.490000e+02	3.250000e+02	0.000000e+00	1	0.000000e+00
6.120000e+02	2.810000e+02	0.000000e+00	1	0.000000e+00
5.980000e+02	2.910000e+02	0.000000e+00	1	0.000000e+00
5.430000e+02	3.280000e+02	0.000000e+00	1	0.000000e+00
5.070000e+02	3.540000e+02	0.000000e+00	1	0.000000e+00
6.120000e+02	2.810000e+02	0.000000e+00	1	0.000000e+00
5.850000e+02	3.000000e+02	0.000000e+00	1	0.000000e+00
6.120000e+02	2.810000e+02	0.000000e+00	1	0.000000e+00
5.980000e+02	2.910000e+02	0.000000e+00	1	0.000000e+00
5.370000e+02	3.330000e+02	0.000000e+00	1	0.000000e+00
5.370000e+02	3.330000e+02	0.000000e+00	1	0.000000e+00
5.980000e+02	2.910000e+02	0.000000e+00	1	0.000000e+00
5.340000e+02	3.350000e+02	0.000000e+00	1	0.000000e+00
5.430000e+02	3.280000e+02	0.000000e+00	1	0.000000e+00
6.140000e+02	2.800000e+02	0.000000e+00	1	0.000000e+00
6.140000e+02	2.800000e+02	0.000000e+00	1	0.000000e+00
6.040000e+02	2.870000e+02	0.000000e+00	1	0.000000e+00
5.590000e+02	3.150000e+02	0.000000e+00	1	0.000000e+00
4.780000e+02	3.750000e+02	0.000000e+00	1	0.000000e+00
5.590000e+02	3.150000e+02	0.000000e+00	1	0.000000e+00
4.990000e+02	3.600000e+02	0.000000e+00	1	0.000000e+00
6.690000e+02	2.520000e+02	0.000000e+00	1	0.000000e+00
5.610000e+02	3.140000e+02	0.000000e+00	1	0.000000e+00
5.100000e+02	3.520000e+02	0.000000e+00	1	0.000000e+00
5.910000e+02	2.940000e+02	0.000000e+00	1	0.000000e+00
6.180000e+02	2.780000e+02	0.000000e+00	1	0.000000e+00
4.880000e+02	3.680000e+02	0.000000e+00	1	0.000000e+00
5.060000e+02	3.560000e+02	0.000000e+00	1	0.000000e+00
4.890000e+02	3.670000e+02	0.000000e+00	1	0.000000e+00
5.430000e+02	3.280000e+02	0.000000e+00	1	0.000000e+00
6.180000e+02	2.780000e+02	0.000000e+00	1	0.000000e+00
6.120000e+02	2.810000e+02	0.000000e+00	1	0.000000e+00
5.200000e+02	3.440000e+02	0.000000e+00	1	0.000000e+00
5.490000e+02	3.250000e+02	0.000000e+00	1	0.000000e+00
4.750000e+02	3.800000e+02	0.000000e+00	1	0.000000e+00
4.880000e+02	3.680000e+02	0.000000e+00	1	0.000000e+00
4.990000e+02	3.600000e+02	0.000000e+00	1	0.000000e+00
4.940000e+02	3.630000e+02	0.000000e+00	1	0.000000e+00
6.080000e+02	2.850000e+02	0.000000e+00	1	0.000000e+00
6.060000e+02	2.860000e+02	0.000000e+00	1	0.000000e+00
6.080000e+02	2.850000e+02	0.000000e+00	1	0.000000e+00
6.090000e+02	2.840000e+02	0.000000e+00	1	0.000000e+00
5.200000e+02	3.440000e+02	0.000000e+00	1	0.000000e+00
5.520000e+02	3.220000e+02	0.000000e+00	1	0.000000e+00
5.810000e+02	3.020000e+02	0.000000e+00	1	0.000000e+00
5.730000e+02	3.070000e+02	0.000000e+00	1	0.000000e+00
6.060000e+02	2.860000e+02	0.000000e+00	1	0.000000e+00
5.410000e+02	3.310000e+02	0.000000e+00	1	0.000000e+00
5.890000e+02	2.950000e+02	0.000000e+00	1	0.000000e+00
5.520000e+02	3.220000e+02	0.000000e+00	1	0.000000e+00
5.590000e+02	3.150000e+02	0.000000e+00	1	0.000000e+00
5.360000e+02	3.340000e+02	0.000000e+00	1	0.000000e+00
5.850000e+02	3.000000e+02	0.000000e+00	1	0.000000e+00
5.410000e+02	3.310000e+02	0.000000e+00	1	0.000000e+00
4.940000e+02	3.630000e+02	0.000000e+00	1	0.000000e+00
6.140000e+02	2.800000e+02	0.000000e+00	1	0.000000e+00
5.910000e+02	2.940000e+02	0.000000e+00	1	0.000000e+00
5.430000e+02	3.280000e+02	0.000000e+00	1	0.000000e+00
4.810000e+02	3.740000e+02	0.000000e+00	1	0.000000e+00
5.700000e+02	3.090000e+02	0.000000e+00	1	0.000000e+00
5.590000e+02	3.150000e+02	0.000000e+00	1	0.000000e+00
5.910000e+02	2.940000e+02	0.000000e+00	1	0.000000e+00
4.780000e+02	3.750000e+02	0.000000e+00	1	0.000000e+00
6.180000e+02	2.780000e+02	0.000000e+00	1	0.000000e+00
5.200000e+02	3.440000e+02	0.000000e+00	1	0.000000e+00
5.300000e+02	3.390000e+02	0.000000e+00	1	0.000000e+00
6.220000e+02	2.730000e+02	0.000000e+00	1	0.000000e+00
6.140000e+02	2.800000e+02	0.000000e+00	1	0.000000e+00
5.490000e+02	3.250000e+02	0.000000e+00	1	0.000000e+00
4.780000e+02	3.750000e+02	0.000000e+00	1	0.000000e+00
4.940000e+02	3.630000e+02	0.000000e+00	1	0.000000e+00
5.890000e+02	2.950000e+02	0.000000e+00	1	0.000000e+00
5.010000e+02	3.580000e+02	0.000000e+00	1	0.000000e+00
4.780000e+02	3.750000e+02	0.000000e+00	1	0.000000e+00
6.120000e+02	2.810000e+02	0.000000e+00	1	0.000000e+00
6.270000e+02	2.700000e+02	0.000000e+00	1	0.000000e+00
5.410000e+02	3.310000e+02	0.000000e+00	1	0.000000e+00
6.180000e+02	2.780000e+02	0.000000e+00	1	0.000000e+00
6.390000e+02	2.640000e+02	0.000000e+00	1	0.000000e+00
4.840000e+02	3.720000e+02	0.000000e+00	1	0.000000e+00
6.090000e+02	2.840000e+02	0.000000e+00	1	0.000000e+00
5.200000e+02	3.440000e+02	0.000000e+00	1	0.000000e+00
4.910000e+02	3.660000e+02	0.000000e+00	1	0.000000e+00
6.690000e+02	2.520000e+02	0.000000e+00	1	0.000000e+00
6.200000e+02	2.770000e+02	0.000000e+00	1	0.000000e+00
5.480000e+02	3.260000e+02	0.000000e+00	1	0.000000e+00
4.940000e+02	3.630000e+02	0.000000e+00	1	0.000000e+00
4.780000e+02	3.750000e+02	0.000000e+00	1	0.000000e+00
4.890000e+02	3.670000e+02	0.000000e+00	1	0.000000e+00
5.150000e+02	3.470000e+02	0.000000e+00	1	0.000000e+00
5.120000e+02	3.510000e+02	0.000000e+00	1	0.000000e+00
5.070000e+02	3.540000e+02	0.000000e+00	1	0.000000e+00
5.100000e+02	3.520000e+02	0.000000e+00	1	0.000000e+00
5.890000e+02	2.950000e+02	0.000000e+00	1	0.000000e+00
5.790000e+02	3.030000e+02	0.000000e+00	1	0.000000e+00
5.890000e+02	2.950000e+02	0.000000e+00	1	0.000000e+00
6.000000e+02	2.880000e+02	0.000000e+00	1	0.000000e+00
6.180000e+02	2.780000e+02	0.000000e+00	1	0.000000e+00
5.610000e+02	3.140000e+02	0.000000e+00	1	0.000000e+00
6.140000e+02	2.800000e+02	0.000000e+00	1	0.000000e+00
5.980000e+02	2.910000e+02	0.000000e+00	1	0.000000e+00
4.910000e+02	3.660000e+02	0.000000e+00	1	0.000000e+00
5.340000e+02	3.350000e+02	0.000000e+00	1	0.000000e+00
5.860000e+02	2.980000e+02	0.000000e+00	1	0.000000e+00
5.320000e+02	3.370000e+02	0.000000e+00	1	0.000000e+00
4.740000e+02	3.910000e+02	0.000000e+00	1	0.000000e+00
5.490000e+02	3.250000e+02	0.000000e+00	1	0.000000e+00
6.200000e+02	2.770000e+02	0.000000e+00	1	0.000000e+00
5.590000e+02	3.150000e+02	0.000000e+00	1	0.000000e+00
5.410000e+02	3.310000e+02	0.000000e+00	1	0.000000e+00
4.780000e+02	3.750000e+02	0.000000e+00	1	0.000000e+00
4.750000e+02	3.800000e+02	0.000000e+00	1	0.000000e+00
6.490000e+02	2.610000e+02	0.000000e+00	1	0.000000e+00
6.040000e+02	2.870000e+02	0.000000e+00	1	0.000000e+00
5.810000e+02	3.020000e+02	0.000000e+00	1	0.000000e+00
6.140000e+02	2.800000e+02	0.000000e+00	1	0.000000e+00
5.950000e+02	2.930000e+02	0.000000e+00	1	0.000000e+00
4.880000e+02	3.680000e+02	0.000000e+00	1	0.000000e+00
5.050000e+02	3.570000e+02	0.000000e+00	1	0.000000e+00
5.810000e+02	3.020000e+02	0.000000e+00	1	0.000000e+00
5.120000e+02	3.510000e+02	0.000000e+00	1	0.000000e+00
5.730000e+02	3.070000e+02	0.000000e+00	1	0.000000e+00
5.060000e+02	3.560000e+02	0.000000e+00	1	0.000000e+00
6.120000e+02	2.810000e+02	0.000000e+00	1	0.000000e+00
6.200000e+02	2.770000e+02	0.000000e+00	1	0.000000e+00
6.120000e+02	2.810000e+02	0.000000e+00	1	0.000000e+00
5.680000e+02	3.110000e+02	0.000000e+00	1	0.000000e+00
6.270000e+02	2.700000e+02	0.000000e+00	1	0.000000e+00
5.370000e+02	3.330000e+02	0.000000e+00	1	0.000000e+00
6.120000e+02	2.810000e+02	0.000000e+00	1	0.000000e+00
4.810000e+02	3.740000e+02	0.000000e+00	1	0.000000e+00
6.060000e+02	2.860000e+02	0.000000e+00	1	0.000000e+00
5.490000e+02	3.250000e+02	0.000000e+00	1	0.000000e+00
5.370000e+02	3.330000e+02	0.000000e+00	1	0.000000e+00
5.790000e+02	3.030000e+02	0.000000e+00	1	0.000000e+00
5.150000e+02	3.470000e+02	0.000000e+00	1	0.000000e+00
6.040000e+02	2.870000e+02	0.000000e+00	1	0.000000e+00
5.590000e+02	3.150000e+02	0.000000e+00	1	0.000000e+00
6.040000e+02	2.870000e+02	0.000000e+00	1	0.000000e+00
6.090000e+02	2.840000e+02	0.000000e+00	1	0.000000e+00
5.120000e+02	3.510000e+02	0.000000e+00	1	0.000000e+00
4.750000e+02	3.800000e+02	0.000000e+00	1	0.000000e+00
5.360000e+02	3.340000e+02	0.000000e+00	1	0.000000e+00
5.890000e+02	2.950000e+02	0.000000e+00	1	0.000000e+00
6.040000e+02	2.870000e+02	0.000000e+00	1	0.000000e+00
6.690000e+02	2.520000e+02	0.000000e+00	1	0.000000e+00
6.200000e+02	2.770000e+02	0.000000e+00	1	0.000000e+00
6.120000e+02	2.810000e+02	0.000000e+00	1	0.000000e+00
5.070000e+02	3.540000e+02	0.000000e+00	1	0.000000e+00
6.180000e+02	2.780000e+02	0.000000e+00	1	0.000000e+00
4.780000e+02	3.750000e+02	0.000000e+00	1	0.000000e+00
6.120000e+02	2.810000e+02	0.000000e+00	1	0.000000e+00
6.090000e+02	2.840000e+02	0.000000e+00	1	0.000000e+00
6.180000e+02	2.780000e+02	0.000000e+00	1	0.000000e+00
6.180000e+02	2.780000e+02	0.000000e+00	1	0.000000e+00
5.370000e+02	3.330000e+02	0.000000e+00	1	0.000000e+00
4.780000e+02	3.750000e+02	0.000000e+00	1	0.000000e+00
5.720000e+02	3.080000e+02	0.000000e+00	1	0.000000e+00
6.090000e+02	2.840000e+02	0.000000e+00	1	0.000000e+00
5.430000e+02	3.280000e+02	0.000000e+00	1	0.000000e+00
5.490000e+02	3.250000e+02	0.000000e+00	1	0.000000e+00
4.910000e+02	3.660000e+02	0.000000e+00	1	0.000000e+00
6.080000e+02	2.850000e+02	0.000000e+00	1	0.000000e+00
6.200000e+02	2.770000e+02	0.000000e+00	1	0.000000e+00
6.490000e+02	2.610000e+02	0.000000e+00	1	0.000000e+00
6.120000e+02	2.810000e+02	0.000000e+00	1	0.000000e+00
6.200000e+02	2.770000e+02	0.000000e+00	1	0.000000e+00
6.270000e+02	2.700000e+02	0.000000e+00	1	0.000000e+00
5.680000e+02	3.110000e+02	0.000000e+00	1	0.000000e+00
4.780000e+02	3.750000e+02	0.000000e+00	1	0.000000e+00
4.780000e+02	3.750000e+02	0.000000e+00	1	0.000000e+00
6.120000e+02	2.810000e+02	0.000000e+00	1	0.000000e+00
5.490000e+02	3.250000e+02	0.000000e+00	1	0.000000e+00
5.520000e+02	3.220000e+02	0.000000e+00	1	0.000000e+00
5.070000e+02	3.540000e+02	0.000000e+00	1	0.000000e+00
5.910000e+02	2.940000e+02	0.000000e+00	1	0.000000e+00
5.490000e+02	3.250000e+02	0.000000e+00	1	0.000000e+00
5.070000e+02	3.540000e+02	0.000000e+00	1	0.000000e+00
5.120000e+02	3.510000e+02	0.000000e+00	1	0.000000e+00
5.200000e+02	3.440000e+02	0.000000e+00	1	0.000000e+00
6.090000e+02	2.840000e+02	0.000000e+00	1	0.000000e+00
5.860000e+02	2.980000e+02	0.000000e+00	1	0.000000e+00
5.520000e+02	3.220000e+02	0.000000e+00	1	0.000000e+00
5.890000e+02	2.950000e+02	0.000000e+00	1	0.000000e+00
6.090000e+02	2.840000e+02	0.000000e+00	1	0.000000e+00
5.490000e+02	3.250000e+02	0.000000e+00	1	0.000000e+00
5.410000e+02	3.310000e+02	0.000000e+00	1	0.000000e+00
5.410000e+02	3.310000e+02	0.000000e+00	1	0.000000e+00
5.000000e+02	3.590000e+02	0.000000e+00	1	0.000000e+00
5.000000e+02	3.590000e+02	0.000000e+00	1	0.000000e+00
5.520000e+02	3.220000e+02	0.000000e+00	1	0.000000e+00
5.890000e+02	2.950000e+02	0.000000e+00	1	0.000000e+00
6.090000e+02	2.840000e+02	0.000000e+00	1	0.000000e+00
6.220000e+02	2.730000e+02	0.000000e+00	1	0.000000e+00
5.490000e+02	3.250000e+02	0.000000e+00	1	0.000000e+00
5.610000e+02	3.140000e+02	0.000000e+00	1	0.000000e+00
6.120000e+02	2.810000e+02	0.000000e+00	1	0.000000e+00
5.010000e+02	3.580000e+02	0.000000e+00	1	0.000000e+00
6.120000e+02	2.810000e+02	0.000000e+00	1	0.000000e+00
4.880000e+02	3.680000e+02	0.000000e+00	1	0.000000e+00
5.300000e+02	3.390000e+02	0.000000e+00	1	0.000000e+00
6.200000e+02	2.770000e+02	0.000000e+00	1	0.000000e+00
4.890000e+02	3.670000e+02	0.000000e+00	1	0.000000e+00
6.220000e+02	2.730000e+02	0.000000e+00	1	0.000000e+00
5.760000e+02	3.050000e+02	0.000000e+00	1	0.000000e+00
4.930000e+02	3.650000e+02	0.000000e+00	1	0.000000e+00
5.370000e+02	3.330000e+02	0.000000e+00	1	0.000000e+00
6.120000e+02	2.810000e+02	0.000000e+00	1	0.000000e+00
6.120000e+02	2.810000e+02	0.000000e+00	1	0.000000e+00
6.090000e+02	2.840000e+02	0.000000e+00	1	0.000000e+00
Total execution time: 681.451
