# This file contains the data of final feasible population (if found)
# of objectives = 2, # of constraints = 0, # of real_var = 0, # of bits of bin_var = 0, constr_violation, rank, crowding_distance
6.800000e+02	2.450000e+02	0.000000e+00	1	1.000000e+14
4.710000e+02	3.940000e+02	0.000000e+00	1	1.000000e+14
6.660000e+02	2.490000e+02	0.000000e+00	1	4.691564e-02
5.000000e+02	3.560000e+02	0.000000e+00	1	2.634790e-02
6.420000e+02	2.610000e+02	0.000000e+00	1	2.442118e-02
6.510000e+02	2.560000e+02	0.000000e+00	1	2.345782e-02
5.100000e+02	3.500000e+02	0.000000e+00	1	2.059985e-02
4.760000e+02	3.840000e+02	0.000000e+00	1	2.013423e-02
4.780000e+02	3.780000e+02	0.000000e+00	1	2.013423e-02
6.580000e+02	2.550000e+02	0.000000e+00	1	2.010212e-02
5.100000e+02	3.500000e+02	0.000000e+00	1	1.724415e-02
5.070000e+02	3.530000e+02	0.000000e+00	1	1.724415e-02
5.310000e+02	3.340000e+02	0.000000e+00	1	1.724415e-02
6.010000e+02	2.900000e+02	0.000000e+00	1	1.724415e-02
4.760000e+02	3.840000e+02	0.000000e+00	1	1.677852e-02
4.740000e+02	3.890000e+02	0.000000e+00	1	1.677852e-02
4.980000e+02	3.610000e+02	0.000000e+00	1	1.677852e-02
5.610000e+02	3.140000e+02	0.000000e+00	1	1.628079e-02
5.730000e+02	3.070000e+02	0.000000e+00	1	1.531743e-02
5.160000e+02	3.440000e+02	0.000000e+00	1	1.531743e-02
5.450000e+02	3.260000e+02	0.000000e+00	1	1.531743e-02
5.980000e+02	2.910000e+02	0.000000e+00	1	1.531743e-02
5.570000e+02	3.170000e+02	0.000000e+00	1	1.485180e-02
4.880000e+02	3.690000e+02	0.000000e+00	1	1.485180e-02
4.840000e+02	3.740000e+02	0.000000e+00	1	1.485180e-02
4.730000e+02	3.920000e+02	0.000000e+00	1	1.485180e-02
4.860000e+02	3.710000e+02	0.000000e+00	1	1.485180e-02
6.480000e+02	2.580000e+02	0.000000e+00	1	1.435407e-02
5.850000e+02	2.990000e+02	0.000000e+00	1	1.435407e-02
5.790000e+02	3.010000e+02	0.000000e+00	1	1.435407e-02
5.850000e+02	2.990000e+02	0.000000e+00	1	1.388844e-02
6.800000e+02	2.450000e+02	0.000000e+00	1	1.342282e-02
5.130000e+02	3.460000e+02	0.000000e+00	1	1.342282e-02
6.400000e+02	2.640000e+02	0.000000e+00	1	1.292508e-02
4.820000e+02	3.770000e+02	0.000000e+00	1	1.292508e-02
5.570000e+02	3.170000e+02	0.000000e+00	1	1.292508e-02
5.400000e+02	3.270000e+02	0.000000e+00	1	1.196172e-02
5.930000e+02	2.920000e+02	0.000000e+00	1	1.196172e-02
5.210000e+02	3.430000e+02	0.000000e+00	1	1.196172e-02
5.680000e+02	3.090000e+02	0.000000e+00	1	1.196172e-02
6.600000e+02	2.540000e+02	0.000000e+00	1	1.149610e-02
5.340000e+02	3.320000e+02	0.000000e+00	1	1.149610e-02
6.180000e+02	2.770000e+02	0.000000e+00	1	1.149610e-02
6.090000e+02	2.830000e+02	0.000000e+00	1	1.053274e-02
6.200000e+02	2.760000e+02	0.000000e+00	1	1.053274e-02
6.060000e+02	2.840000e+02	0.000000e+00	1	1.053274e-02
5.280000e+02	3.370000e+02	0.000000e+00	1	1.053274e-02
4.930000e+02	3.650000e+02	0.000000e+00	1	1.053274e-02
6.090000e+02	2.830000e+02	0.000000e+00	1	1.053274e-02
5.770000e+02	3.040000e+02	0.000000e+00	1	1.006711e-02
6.340000e+02	2.680000e+02	0.000000e+00	1	1.006711e-02
6.480000e+02	2.580000e+02	0.000000e+00	1	1.006711e-02
5.210000e+02	3.430000e+02	0.000000e+00	1	1.006711e-02
4.950000e+02	3.640000e+02	0.000000e+00	1	1.006711e-02
5.280000e+02	3.370000e+02	0.000000e+00	1	1.006711e-02
4.820000e+02	3.770000e+02	0.000000e+00	1	1.006711e-02
5.610000e+02	3.140000e+02	0.000000e+00	1	1.006711e-02
5.880000e+02	2.970000e+02	0.000000e+00	1	1.006711e-02
6.030000e+02	2.870000e+02	0.000000e+00	1	1.006711e-02
5.910000e+02	2.940000e+02	0.000000e+00	1	1.006711e-02
5.790000e+02	3.010000e+02	0.000000e+00	1	1.006711e-02
4.980000e+02	3.610000e+02	0.000000e+00	1	1.006711e-02
4.740000e+02	3.890000e+02	0.000000e+00	1	1.006711e-02
6.360000e+02	2.650000e+02	0.000000e+00	1	1.006711e-02
4.840000e+02	3.740000e+02	0.000000e+00	1	1.006711e-02
4.900000e+02	3.660000e+02	0.000000e+00	1	1.006711e-02
5.230000e+02	3.400000e+02	0.000000e+00	1	1.006711e-02
4.780000e+02	3.780000e+02	0.000000e+00	1	9.569378e-03
5.040000e+02	3.550000e+02	0.000000e+00	1	9.569378e-03
5.660000e+02	3.110000e+02	0.000000e+00	1	9.569378e-03
5.230000e+02	3.400000e+02	0.000000e+00	1	9.569378e-03
5.620000e+02	3.120000e+02	0.000000e+00	1	9.569378e-03
6.300000e+02	2.690000e+02	0.000000e+00	1	9.569378e-03
5.270000e+02	3.380000e+02	0.000000e+00	1	9.569378e-03
6.360000e+02	2.650000e+02	0.000000e+00	1	9.569378e-03
6.340000e+02	2.680000e+02	0.000000e+00	1	9.569378e-03
6.030000e+02	2.870000e+02	0.000000e+00	1	9.103754e-03
5.270000e+02	3.380000e+02	0.000000e+00	1	9.103754e-03
6.410000e+02	2.630000e+02	0.000000e+00	1	9.103754e-03
5.390000e+02	3.280000e+02	0.000000e+00	1	9.103754e-03
4.730000e+02	3.920000e+02	0.000000e+00	1	9.103754e-03
5.520000e+02	3.210000e+02	0.000000e+00	1	9.103754e-03
6.620000e+02	2.520000e+02	0.000000e+00	1	8.140394e-03
6.180000e+02	2.770000e+02	0.000000e+00	1	8.140394e-03
6.120000e+02	2.820000e+02	0.000000e+00	1	8.140394e-03
6.200000e+02	2.760000e+02	0.000000e+00	1	8.140394e-03
5.360000e+02	3.310000e+02	0.000000e+00	1	8.140394e-03
5.750000e+02	3.060000e+02	0.000000e+00	1	8.140394e-03
5.490000e+02	3.230000e+02	0.000000e+00	1	8.140394e-03
5.930000e+02	2.920000e+02	0.000000e+00	1	8.140394e-03
5.210000e+02	3.430000e+02	0.000000e+00	1	8.140394e-03
5.070000e+02	3.530000e+02	0.000000e+00	1	7.177033e-03
5.040000e+02	3.550000e+02	0.000000e+00	1	7.177033e-03
4.980000e+02	3.610000e+02	0.000000e+00	1	7.177033e-03
6.240000e+02	2.730000e+02	0.000000e+00	1	7.177033e-03
5.880000e+02	2.970000e+02	0.000000e+00	1	7.177033e-03
5.980000e+02	2.910000e+02	0.000000e+00	1	7.177033e-03
6.120000e+02	2.820000e+02	0.000000e+00	1	7.177033e-03
6.660000e+02	2.490000e+02	0.000000e+00	1	7.177033e-03
5.340000e+02	3.320000e+02	0.000000e+00	1	7.177033e-03
5.130000e+02	3.460000e+02	0.000000e+00	1	7.177033e-03
4.950000e+02	3.640000e+02	0.000000e+00	1	7.177033e-03
4.900000e+02	3.660000e+02	0.000000e+00	1	7.177033e-03
6.270000e+02	2.720000e+02	0.000000e+00	1	7.177033e-03
5.160000e+02	3.440000e+02	0.000000e+00	1	7.177033e-03
6.510000e+02	2.560000e+02	0.000000e+00	1	7.177033e-03
5.910000e+02	2.940000e+02	0.000000e+00	1	7.177033e-03
5.310000e+02	3.340000e+02	0.000000e+00	1	7.177033e-03
5.130000e+02	3.460000e+02	0.000000e+00	1	7.177033e-03
5.880000e+02	2.970000e+02	0.000000e+00	1	7.177033e-03
6.230000e+02	2.750000e+02	0.000000e+00	1	7.177033e-03
6.480000e+02	2.580000e+02	0.000000e+00	1	7.177033e-03
6.630000e+02	2.510000e+02	0.000000e+00	1	7.177033e-03
6.480000e+02	2.580000e+02	0.000000e+00	1	6.711409e-03
6.290000e+02	2.710000e+02	0.000000e+00	1	6.711409e-03
5.730000e+02	3.070000e+02	0.000000e+00	1	6.711409e-03
5.530000e+02	3.190000e+02	0.000000e+00	1	6.711409e-03
4.860000e+02	3.710000e+02	0.000000e+00	1	6.711409e-03
5.040000e+02	3.550000e+02	0.000000e+00	1	6.711409e-03
5.880000e+02	2.970000e+02	0.000000e+00	1	6.711409e-03
6.660000e+02	2.490000e+02	0.000000e+00	1	6.711409e-03
5.680000e+02	3.090000e+02	0.000000e+00	1	6.711409e-03
4.880000e+02	3.690000e+02	0.000000e+00	1	6.711409e-03
6.630000e+02	2.510000e+02	0.000000e+00	1	6.711409e-03
6.140000e+02	2.800000e+02	0.000000e+00	1	6.711409e-03
6.120000e+02	2.820000e+02	0.000000e+00	1	6.711409e-03
6.620000e+02	2.520000e+02	0.000000e+00	1	6.711409e-03
5.310000e+02	3.340000e+02	0.000000e+00	1	6.711409e-03
6.230000e+02	2.750000e+02	0.000000e+00	1	6.711409e-03
5.130000e+02	3.460000e+02	0.000000e+00	1	6.711409e-03
6.040000e+02	2.850000e+02	0.000000e+00	1	6.711409e-03
6.160000e+02	2.790000e+02	0.000000e+00	1	6.711409e-03
5.230000e+02	3.400000e+02	0.000000e+00	1	6.711409e-03
6.300000e+02	2.690000e+02	0.000000e+00	1	6.711409e-03
5.160000e+02	3.440000e+02	0.000000e+00	1	6.711409e-03
4.710000e+02	3.940000e+02	0.000000e+00	1	6.711409e-03
5.850000e+02	2.990000e+02	0.000000e+00	1	6.711409e-03
5.930000e+02	2.920000e+02	0.000000e+00	1	6.711409e-03
5.680000e+02	3.090000e+02	0.000000e+00	1	6.711409e-03
5.660000e+02	3.110000e+02	0.000000e+00	1	6.711409e-03
5.790000e+02	3.010000e+02	0.000000e+00	1	6.711409e-03
5.620000e+02	3.120000e+02	0.000000e+00	1	6.711409e-03
5.380000e+02	3.300000e+02	0.000000e+00	1	6.711409e-03
5.910000e+02	2.940000e+02	0.000000e+00	1	6.711409e-03
5.070000e+02	3.530000e+02	0.000000e+00	1	6.711409e-03
6.240000e+02	2.730000e+02	0.000000e+00	1	6.711409e-03
6.420000e+02	2.610000e+02	0.000000e+00	1	6.711409e-03
5.450000e+02	3.260000e+02	0.000000e+00	1	5.748049e-03
5.770000e+02	3.040000e+02	0.000000e+00	1	5.748049e-03
6.410000e+02	2.630000e+02	0.000000e+00	1	5.748049e-03
5.490000e+02	3.230000e+02	0.000000e+00	1	4.784689e-03
4.840000e+02	3.740000e+02	0.000000e+00	1	4.784689e-03
5.790000e+02	3.010000e+02	0.000000e+00	1	4.784689e-03
5.510000e+02	3.220000e+02	0.000000e+00	1	4.784689e-03
4.980000e+02	3.610000e+02	0.000000e+00	1	4.784689e-03
5.550000e+02	3.180000e+02	0.000000e+00	1	4.784689e-03
6.580000e+02	2.550000e+02	0.000000e+00	1	4.784689e-03
4.780000e+02	3.780000e+02	0.000000e+00	1	4.784689e-03
5.000000e+02	3.560000e+02	0.000000e+00	1	4.784689e-03
5.380000e+02	3.300000e+02	0.000000e+00	1	4.784689e-03
4.900000e+02	3.660000e+02	0.000000e+00	1	4.784689e-03
6.140000e+02	2.800000e+02	0.000000e+00	1	4.784689e-03
4.760000e+02	3.840000e+02	0.000000e+00	1	4.784689e-03
6.010000e+02	2.900000e+02	0.000000e+00	1	4.784689e-03
5.660000e+02	3.110000e+02	0.000000e+00	1	4.784689e-03
6.060000e+02	2.840000e+02	0.000000e+00	1	4.784689e-03
6.270000e+02	2.720000e+02	0.000000e+00	1	4.784689e-03
6.600000e+02	2.540000e+02	0.000000e+00	1	4.784689e-03
4.760000e+02	3.840000e+02	0.000000e+00	1	4.784689e-03
6.290000e+02	2.710000e+02	0.000000e+00	1	4.784689e-03
5.910000e+02	2.940000e+02	0.000000e+00	1	4.784689e-03
6.340000e+02	2.680000e+02	0.000000e+00	1	4.784689e-03
5.230000e+02	3.400000e+02	0.000000e+00	1	4.784689e-03
5.530000e+02	3.190000e+02	0.000000e+00	1	4.784689e-03
5.680000e+02	3.090000e+02	0.000000e+00	1	4.784689e-03
6.160000e+02	2.790000e+02	0.000000e+00	1	4.784689e-03
4.950000e+02	3.640000e+02	0.000000e+00	1	4.784689e-03
6.140000e+02	2.800000e+02	0.000000e+00	1	4.784689e-03
5.550000e+02	3.180000e+02	0.000000e+00	1	4.784689e-03
4.710000e+02	3.940000e+02	0.000000e+00	1	4.784689e-03
5.360000e+02	3.310000e+02	0.000000e+00	1	4.784689e-03
5.470000e+02	3.240000e+02	0.000000e+00	1	4.784689e-03
5.730000e+02	3.070000e+02	0.000000e+00	1	4.784689e-03
6.160000e+02	2.790000e+02	0.000000e+00	1	4.784689e-03
4.740000e+02	3.890000e+02	0.000000e+00	1	4.784689e-03
4.820000e+02	3.770000e+02	0.000000e+00	1	4.784689e-03
4.880000e+02	3.690000e+02	0.000000e+00	1	4.784689e-03
4.860000e+02	3.710000e+02	0.000000e+00	1	4.784689e-03
6.030000e+02	2.870000e+02	0.000000e+00	1	4.784689e-03
6.040000e+02	2.850000e+02	0.000000e+00	1	4.784689e-03
4.930000e+02	3.650000e+02	0.000000e+00	1	4.784689e-03
6.360000e+02	2.650000e+02	0.000000e+00	1	4.784689e-03
5.770000e+02	3.040000e+02	0.000000e+00	1	4.784689e-03
5.550000e+02	3.180000e+02	0.000000e+00	1	3.355705e-03
5.490000e+02	3.230000e+02	0.000000e+00	1	3.355705e-03
5.760000e+02	3.050000e+02	0.000000e+00	1	3.355705e-03
5.340000e+02	3.320000e+02	0.000000e+00	1	3.355705e-03
6.160000e+02	2.790000e+02	0.000000e+00	1	3.355705e-03
6.270000e+02	2.720000e+02	0.000000e+00	1	3.355705e-03
6.040000e+02	2.850000e+02	0.000000e+00	1	3.355705e-03
6.230000e+02	2.750000e+02	0.000000e+00	1	3.355705e-03
5.510000e+02	3.220000e+02	0.000000e+00	1	3.355705e-03
6.510000e+02	2.560000e+02	0.000000e+00	1	3.355705e-03
5.530000e+02	3.190000e+02	0.000000e+00	1	3.355705e-03
6.270000e+02	2.720000e+02	0.000000e+00	1	3.355705e-03
5.520000e+02	3.210000e+02	0.000000e+00	1	3.355705e-03
5.470000e+02	3.240000e+02	0.000000e+00	1	3.355705e-03
5.510000e+02	3.220000e+02	0.000000e+00	1	3.355705e-03
5.000000e+02	3.560000e+02	0.000000e+00	1	3.355705e-03
6.300000e+02	2.690000e+02	0.000000e+00	1	3.355705e-03
5.380000e+02	3.300000e+02	0.000000e+00	1	3.355705e-03
5.750000e+02	3.060000e+02	0.000000e+00	1	3.355705e-03
5.660000e+02	3.110000e+02	0.000000e+00	1	3.355705e-03
6.600000e+02	2.540000e+02	0.000000e+00	1	3.355705e-03
6.060000e+02	2.840000e+02	0.000000e+00	1	3.355705e-03
5.980000e+02	2.910000e+02	0.000000e+00	1	3.355705e-03
5.760000e+02	3.050000e+02	0.000000e+00	1	3.355705e-03
6.290000e+02	2.710000e+02	0.000000e+00	1	3.355705e-03
4.930000e+02	3.650000e+02	0.000000e+00	1	3.355705e-03
4.900000e+02	3.660000e+02	0.000000e+00	1	3.355705e-03
5.040000e+02	3.550000e+02	0.000000e+00	1	3.355705e-03
6.240000e+02	2.730000e+02	0.000000e+00	1	3.355705e-03
5.400000e+02	3.270000e+02	0.000000e+00	1	3.355705e-03
5.460000e+02	3.250000e+02	0.000000e+00	1	3.355705e-03
5.550000e+02	3.180000e+02	0.000000e+00	1	3.355705e-03
6.360000e+02	2.650000e+02	0.000000e+00	1	3.355705e-03
4.950000e+02	3.640000e+02	0.000000e+00	1	3.355705e-03
5.270000e+02	3.380000e+02	0.000000e+00	1	3.355705e-03
5.400000e+02	3.270000e+02	0.000000e+00	1	3.355705e-03
6.580000e+02	2.550000e+02	0.000000e+00	1	3.355705e-03
5.360000e+02	3.310000e+02	0.000000e+00	1	3.355705e-03
6.140000e+02	2.800000e+02	0.000000e+00	1	3.355705e-03
6.010000e+02	2.900000e+02	0.000000e+00	1	3.355705e-03
6.400000e+02	2.640000e+02	0.000000e+00	1	3.355705e-03
4.780000e+02	3.780000e+02	0.000000e+00	1	3.355705e-03
5.460000e+02	3.250000e+02	0.000000e+00	1	3.355705e-03
5.390000e+02	3.280000e+02	0.000000e+00	1	3.355705e-03
5.620000e+02	3.120000e+02	0.000000e+00	1	3.355705e-03
6.340000e+02	2.680000e+02	0.000000e+00	1	3.355705e-03
5.470000e+02	3.240000e+02	0.000000e+00	1	3.355705e-03
6.630000e+02	2.510000e+02	0.000000e+00	1	3.355705e-03
5.460000e+02	3.250000e+02	0.000000e+00	1	2.392344e-03
6.420000e+02	2.610000e+02	0.000000e+00	1	2.392344e-03
5.390000e+02	3.280000e+02	0.000000e+00	1	2.392344e-03
6.300000e+02	2.690000e+02	0.000000e+00	1	2.392344e-03
6.040000e+02	2.850000e+02	0.000000e+00	1	2.392344e-03
6.630000e+02	2.510000e+02	0.000000e+00	1	2.392344e-03
5.520000e+02	3.210000e+02	0.000000e+00	1	2.392344e-03
5.460000e+02	3.250000e+02	0.000000e+00	1	2.392344e-03
5.610000e+02	3.140000e+02	0.000000e+00	1	2.392344e-03
4.740000e+02	3.890000e+02	0.000000e+00	1	2.392344e-03
6.230000e+02	2.750000e+02	0.000000e+00	1	2.392344e-03
5.470000e+02	3.240000e+02	0.000000e+00	1	2.392344e-03
6.400000e+02	2.640000e+02	0.000000e+00	1	2.392344e-03
6.290000e+02	2.710000e+02	0.000000e+00	1	2.392344e-03
5.620000e+02	3.120000e+02	0.000000e+00	1	2.392344e-03
5.380000e+02	3.300000e+02	0.000000e+00	1	2.392344e-03
5.530000e+02	3.190000e+02	0.000000e+00	1	2.392344e-03
5.760000e+02	3.050000e+02	0.000000e+00	1	2.392344e-03
6.620000e+02	2.520000e+02	0.000000e+00	1	2.392344e-03
6.240000e+02	2.730000e+02	0.000000e+00	1	2.392344e-03
5.510000e+02	3.220000e+02	0.000000e+00	1	2.392344e-03
5.400000e+02	3.270000e+02	0.000000e+00	1	2.392344e-03
5.750000e+02	3.060000e+02	0.000000e+00	1	2.392344e-03
5.280000e+02	3.370000e+02	0.000000e+00	1	2.392344e-03
5.760000e+02	3.050000e+02	0.000000e+00	1	2.392344e-03
5.130000e+02	3.460000e+02	0.000000e+00	1	0.000000e+00
5.270000e+02	3.380000e+02	0.000000e+00	1	0.000000e+00
5.910000e+02	2.940000e+02	0.000000e+00	1	0.000000e+00
6.010000e+02	2.900000e+02	0.000000e+00	1	0.000000e+00
5.040000e+02	3.550000e+02	0.000000e+00	1	0.000000e+00
5.340000e+02	3.320000e+02	0.000000e+00	1	0.000000e+00
6.010000e+02	2.900000e+02	0.000000e+00	1	0.000000e+00
6.360000e+02	2.650000e+02	0.000000e+00	1	0.000000e+00
4.860000e+02	3.710000e+02	0.000000e+00	1	0.000000e+00
6.200000e+02	2.760000e+02	0.000000e+00	1	0.000000e+00
4.860000e+02	3.710000e+02	0.000000e+00	1	0.000000e+00
5.000000e+02	3.560000e+02	0.000000e+00	1	0.000000e+00
5.680000e+02	3.090000e+02	0.000000e+00	1	0.000000e+00
5.790000e+02	3.010000e+02	0.000000e+00	1	0.000000e+00
5.130000e+02	3.460000e+02	0.000000e+00	1	0.000000e+00
5.000000e+02	3.560000e+02	0.000000e+00	1	0.000000e+00
6.360000e+02	2.650000e+02	0.000000e+00	1	0.000000e+00
5.100000e+02	3.500000e+02	0.000000e+00	1	0.000000e+00
5.850000e+02	2.990000e+02	0.000000e+00	1	0.000000e+00
5.270000e+02	3.380000e+02	0.000000e+00	1	0.000000e+00
6.620000e+02	2.520000e+02	0.000000e+00	1	0.000000e+00
6.360000e+02	2.650000e+02	0.000000e+00	1	0.000000e+00
5.490000e+02	3.230000e+02	0.000000e+00	1	0.000000e+00
5.770000e+02	3.040000e+02	0.000000e+00	1	0.000000e+00
5.460000e+02	3.250000e+02	0.000000e+00	1	0.000000e+00
6.140000e+02	2.800000e+02	0.000000e+00	1	0.000000e+00
6.010000e+02	2.900000e+02	0.000000e+00	1	0.000000e+00
5.380000e+02	3.300000e+02	0.000000e+00	1	0.000000e+00
5.160000e+02	3.440000e+02	0.000000e+00	1	0.000000e+00
5.730000e+02	3.070000e+02	0.000000e+00	1	0.000000e+00
5.750000e+02	3.060000e+02	0.000000e+00	1	0.000000e+00
5.510000e+02	3.220000e+02	0.000000e+00	1	0.000000e+00
5.360000e+02	3.310000e+02	0.000000e+00	1	0.000000e+00
5.470000e+02	3.240000e+02	0.000000e+00	1	0.000000e+00
5.360000e+02	3.310000e+02	0.000000e+00	1	0.000000e+00
6.420000e+02	2.610000e+02	0.000000e+00	1	0.000000e+00
6.340000e+02	2.680000e+02	0.000000e+00	1	0.000000e+00
5.980000e+02	2.910000e+02	0.000000e+00	1	0.000000e+00
6.230000e+02	2.750000e+02	0.000000e+00	1	0.000000e+00
5.680000e+02	3.090000e+02	0.000000e+00	1	0.000000e+00
5.450000e+02	3.260000e+02	0.000000e+00	1	0.000000e+00
6.010000e+02	2.900000e+02	0.000000e+00	1	0.000000e+00
5.730000e+02	3.070000e+02	0.000000e+00	1	0.000000e+00
5.790000e+02	3.010000e+02	0.000000e+00	1	0.000000e+00
5.210000e+02	3.430000e+02	0.000000e+00	1	0.000000e+00
5.160000e+02	3.440000e+02	0.000000e+00	1	0.000000e+00
6.340000e+02	2.680000e+02	0.000000e+00	1	0.000000e+00
6.300000e+02	2.690000e+02	0.000000e+00	1	0.000000e+00
6.420000e+02	2.610000e+02	0.000000e+00	1	0.000000e+00
6.140000e+02	2.800000e+02	0.000000e+00	1	0.000000e+00
5.160000e+02	3.440000e+02	0.000000e+00	1	0.000000e+00
5.400000e+02	3.270000e+02	0.000000e+00	1	0.000000e+00
4.820000e+02	3.770000e+02	0.000000e+00	1	0.000000e+00
5.660000e+02	3.110000e+02	0.000000e+00	1	0.000000e+00
5.130000e+02	3.460000e+02	0.000000e+00	1	0.000000e+00
5.360000e+02	3.310000e+02	0.000000e+00	1	0.000000e+00
6.030000e+02	2.870000e+02	0.000000e+00	1	0.000000e+00
5.130000e+02	3.460000e+02	0.000000e+00	1	0.000000e+00
4.980000e+02	3.610000e+02	0.000000e+00	1	0.000000e+00
6.200000e+02	2.760000e+02	0.000000e+00	1	0.000000e+00
5.130000e+02	3.460000e+02	0.000000e+00	1	0.000000e+00
5.530000e+02	3.190000e+02	0.000000e+00	1	0.000000e+00
6.090000e+02	2.830000e+02	0.000000e+00	1	0.000000e+00
5.310000e+02	3.340000e+02	0.000000e+00	1	0.000000e+00
5.040000e+02	3.550000e+02	0.000000e+00	1	0.000000e+00
6.010000e+02	2.900000e+02	0.000000e+00	1	0.000000e+00
5.510000e+02	3.220000e+02	0.000000e+00	1	0.000000e+00
6.060000e+02	2.840000e+02	0.000000e+00	1	0.000000e+00
5.980000e+02	2.910000e+02	0.000000e+00	1	0.000000e+00
4.980000e+02	3.610000e+02	0.000000e+00	1	0.000000e+00
4.760000e+02	3.840000e+02	0.000000e+00	1	0.000000e+00
5.520000e+02	3.210000e+02	0.000000e+00	1	0.000000e+00
5.510000e+02	3.220000e+02	0.000000e+00	1	0.000000e+00
6.230000e+02	2.750000e+02	0.000000e+00	1	0.000000e+00
4.880000e+02	3.690000e+02	0.000000e+00	1	0.000000e+00
5.160000e+02	3.440000e+02	0.000000e+00	1	0.000000e+00
5.680000e+02	3.090000e+02	0.000000e+00	1	0.000000e+00
5.750000e+02	3.060000e+02	0.000000e+00	1	0.000000e+00
5.770000e+02	3.040000e+02	0.000000e+00	1	0.000000e+00
6.040000e+02	2.850000e+02	0.000000e+00	1	0.000000e+00
5.460000e+02	3.250000e+02	0.000000e+00	1	0.000000e+00
6.360000e+02	2.650000e+02	0.000000e+00	1	0.000000e+00
5.360000e+02	3.310000e+02	0.000000e+00	1	0.000000e+00
5.770000e+02	3.040000e+02	0.000000e+00	1	0.000000e+00
6.360000e+02	2.650000e+02	0.000000e+00	1	0.000000e+00
4.860000e+02	3.710000e+02	0.000000e+00	1	0.000000e+00
5.000000e+02	3.560000e+02	0.000000e+00	1	0.000000e+00
6.140000e+02	2.800000e+02	0.000000e+00	1	0.000000e+00
6.360000e+02	2.650000e+02	0.000000e+00	1	0.000000e+00
5.770000e+02	3.040000e+02	0.000000e+00	1	0.000000e+00
5.620000e+02	3.120000e+02	0.000000e+00	1	0.000000e+00
5.400000e+02	3.270000e+02	0.000000e+00	1	0.000000e+00
5.770000e+02	3.040000e+02	0.000000e+00	1	0.000000e+00
5.340000e+02	3.320000e+02	0.000000e+00	1	0.000000e+00
5.210000e+02	3.430000e+02	0.000000e+00	1	0.000000e+00
5.470000e+02	3.240000e+02	0.000000e+00	1	0.000000e+00
6.270000e+02	2.720000e+02	0.000000e+00	1	0.000000e+00
5.270000e+02	3.380000e+02	0.000000e+00	1	0.000000e+00
5.790000e+02	3.010000e+02	0.000000e+00	1	0.000000e+00
6.140000e+02	2.800000e+02	0.000000e+00	1	0.000000e+00
5.470000e+02	3.240000e+02	0.000000e+00	1	0.000000e+00
5.550000e+02	3.180000e+02	0.000000e+00	1	0.000000e+00
5.490000e+02	3.230000e+02	0.000000e+00	1	0.000000e+00
5.130000e+02	3.460000e+02	0.000000e+00	1	0.000000e+00
5.460000e+02	3.250000e+02	0.000000e+00	1	0.000000e+00
6.090000e+02	2.830000e+02	0.000000e+00	1	0.000000e+00
5.660000e+02	3.110000e+02	0.000000e+00	1	0.000000e+00
5.040000e+02	3.550000e+02	0.000000e+00	1	0.000000e+00
5.790000e+02	3.010000e+02	0.000000e+00	1	0.000000e+00
6.010000e+02	2.900000e+02	0.000000e+00	1	0.000000e+00
6.090000e+02	2.830000e+02	0.000000e+00	1	0.000000e+00
5.230000e+02	3.400000e+02	0.000000e+00	1	0.000000e+00
6.360000e+02	2.650000e+02	0.000000e+00	1	0.000000e+00
5.750000e+02	3.060000e+02	0.000000e+00	1	0.000000e+00
6.040000e+02	2.850000e+02	0.000000e+00	1	0.000000e+00
5.660000e+02	3.110000e+02	0.000000e+00	1	0.000000e+00
4.840000e+02	3.740000e+02	0.000000e+00	1	0.000000e+00
4.840000e+02	3.740000e+02	0.000000e+00	1	0.000000e+00
5.310000e+02	3.340000e+02	0.000000e+00	1	0.000000e+00
4.840000e+02	3.740000e+02	0.000000e+00	1	0.000000e+00
5.160000e+02	3.440000e+02	0.000000e+00	1	0.000000e+00
5.000000e+02	3.560000e+02	0.000000e+00	1	0.000000e+00
5.040000e+02	3.550000e+02	0.000000e+00	1	0.000000e+00
5.310000e+02	3.340000e+02	0.000000e+00	1	0.000000e+00
6.360000e+02	2.650000e+02	0.000000e+00	1	0.000000e+00
5.880000e+02	2.970000e+02	0.000000e+00	1	0.000000e+00
5.550000e+02	3.180000e+02	0.000000e+00	1	0.000000e+00
6.580000e+02	2.550000e+02	0.000000e+00	1	0.000000e+00
5.680000e+02	3.090000e+02	0.000000e+00	1	0.000000e+00
6.160000e+02	2.790000e+02	0.000000e+00	1	0.000000e+00
5.750000e+02	3.060000e+02	0.000000e+00	1	0.000000e+00
6.040000e+02	2.850000e+02	0.000000e+00	1	0.000000e+00
6.340000e+02	2.680000e+02	0.000000e+00	1	0.000000e+00
5.450000e+02	3.260000e+02	0.000000e+00	1	0.000000e+00
4.820000e+02	3.770000e+02	0.000000e+00	1	0.000000e+00
5.160000e+02	3.440000e+02	0.000000e+00	1	0.000000e+00
6.360000e+02	2.650000e+02	0.000000e+00	1	0.000000e+00
5.210000e+02	3.430000e+02	0.000000e+00	1	0.000000e+00
4.840000e+02	3.740000e+02	0.000000e+00	1	0.000000e+00
5.570000e+02	3.170000e+02	0.000000e+00	1	0.000000e+00
5.910000e+02	2.940000e+02	0.000000e+00	1	0.000000e+00
5.460000e+02	3.250000e+02	0.000000e+00	1	0.000000e+00
6.300000e+02	2.690000e+02	0.000000e+00	1	0.000000e+00
5.790000e+02	3.010000e+02	0.000000e+00	1	0.000000e+00
5.470000e+02	3.240000e+02	0.000000e+00	1	0.000000e+00
5.770000e+02	3.040000e+02	0.000000e+00	1	0.000000e+00
5.380000e+02	3.300000e+02	0.000000e+00	1	0.000000e+00
5.680000e+02	3.090000e+02	0.000000e+00	1	0.000000e+00
4.840000e+02	3.740000e+02	0.000000e+00	1	0.000000e+00
4.730000e+02	3.920000e+02	0.000000e+00	1	0.000000e+00
5.000000e+02	3.560000e+02	0.000000e+00	1	0.000000e+00
5.360000e+02	3.310000e+02	0.000000e+00	1	0.000000e+00
5.400000e+02	3.270000e+02	0.000000e+00	1	0.000000e+00
4.740000e+02	3.890000e+02	0.000000e+00	1	0.000000e+00
5.390000e+02	3.280000e+02	0.000000e+00	1	0.000000e+00
5.070000e+02	3.530000e+02	0.000000e+00	1	0.000000e+00
5.790000e+02	3.010000e+02	0.000000e+00	1	0.000000e+00
5.770000e+02	3.040000e+02	0.000000e+00	1	0.000000e+00
5.620000e+02	3.120000e+02	0.000000e+00	1	0.000000e+00
5.980000e+02	2.910000e+02	0.000000e+00	1	0.000000e+00
5.730000e+02	3.070000e+02	0.000000e+00	1	0.000000e+00
5.760000e+02	3.050000e+02	0.000000e+00	1	0.000000e+00
6.040000e+02	2.850000e+02	0.000000e+00	1	0.000000e+00
4.820000e+02	3.770000e+02	0.000000e+00	1	0.000000e+00
5.980000e+02	2.910000e+02	0.000000e+00	1	0.000000e+00
6.030000e+02	2.870000e+02	0.000000e+00	1	0.000000e+00
5.760000e+02	3.050000e+02	0.000000e+00	1	0.000000e+00
5.340000e+02	3.320000e+02	0.000000e+00	1	0.000000e+00
5.490000e+02	3.230000e+02	0.000000e+00	1	0.000000e+00
5.790000e+02	3.010000e+02	0.000000e+00	1	0.000000e+00
6.010000e+02	2.900000e+02	0.000000e+00	1	0.000000e+00
4.900000e+02	3.660000e+02	0.000000e+00	1	0.000000e+00
6.090000e+02	2.830000e+02	0.000000e+00	1	0.000000e+00
5.760000e+02	3.050000e+02	0.000000e+00	1	0.000000e+00
5.850000e+02	2.990000e+02	0.000000e+00	1	0.000000e+00
5.790000e+02	3.010000e+02	0.000000e+00	1	0.000000e+00
5.070000e+02	3.530000e+02	0.000000e+00	1	0.000000e+00
5.360000e+02	3.310000e+02	0.000000e+00	1	0.000000e+00
5.000000e+02	3.560000e+02	0.000000e+00	1	0.000000e+00
5.270000e+02	3.380000e+02	0.000000e+00	1	0.000000e+00
5.680000e+02	3.090000e+02	0.000000e+00	1	0.000000e+00
4.820000e+02	3.770000e+02	0.000000e+00	1	0.000000e+00
5.620000e+02	3.120000e+02	0.000000e+00	1	0.000000e+00
5.680000e+02	3.090000e+02	0.000000e+00	1	0.000000e+00
5.790000e+02	3.010000e+02	0.000000e+00	1	0.000000e+00
5.550000e+02	3.180000e+02	0.000000e+00	1	0.000000e+00
5.210000e+02	3.430000e+02	0.000000e+00	1	0.000000e+00
5.400000e+02	3.270000e+02	0.000000e+00	1	0.000000e+00
6.360000e+02	2.650000e+02	0.000000e+00	1	0.000000e+00
5.760000e+02	3.050000e+02	0.000000e+00	1	0.000000e+00
4.780000e+02	3.780000e+02	0.000000e+00	1	0.000000e+00
6.620000e+02	2.520000e+02	0.000000e+00	1	0.000000e+00
5.380000e+02	3.300000e+02	0.000000e+00	1	0.000000e+00
5.400000e+02	3.270000e+02	0.000000e+00	1	0.000000e+00
5.850000e+02	2.990000e+02	0.000000e+00	1	0.000000e+00
6.010000e+02	2.900000e+02	0.000000e+00	1	0.000000e+00
6.230000e+02	2.750000e+02	0.000000e+00	1	0.000000e+00
5.510000e+02	3.220000e+02	0.000000e+00	1	0.000000e+00
6.090000e+02	2.830000e+02	0.000000e+00	1	0.000000e+00
5.160000e+02	3.440000e+02	0.000000e+00	1	0.000000e+00
6.270000e+02	2.720000e+02	0.000000e+00	1	0.000000e+00
5.790000e+02	3.010000e+02	0.000000e+00	1	0.000000e+00
5.270000e+02	3.380000e+02	0.000000e+00	1	0.000000e+00
6.270000e+02	2.720000e+02	0.000000e+00	1	0.000000e+00
4.980000e+02	3.610000e+02	0.000000e+00	1	0.000000e+00
6.040000e+02	2.850000e+02	0.000000e+00	1	0.000000e+00
6.580000e+02	2.550000e+02	0.000000e+00	1	0.000000e+00
4.760000e+02	3.840000e+02	0.000000e+00	1	0.000000e+00
5.850000e+02	2.990000e+02	0.000000e+00	1	0.000000e+00
6.480000e+02	2.580000e+02	0.000000e+00	1	0.000000e+00
4.950000e+02	3.640000e+02	0.000000e+00	1	0.000000e+00
6.140000e+02	2.800000e+02	0.000000e+00	1	0.000000e+00
5.790000e+02	3.010000e+02	0.000000e+00	1	0.000000e+00
5.360000e+02	3.310000e+02	0.000000e+00	1	0.000000e+00
5.610000e+02	3.140000e+02	0.000000e+00	1	0.000000e+00
6.340000e+02	2.680000e+02	0.000000e+00	1	0.000000e+00
6.510000e+02	2.560000e+02	0.000000e+00	1	0.000000e+00
6.660000e+02	2.490000e+02	0.000000e+00	1	0.000000e+00
6.010000e+02	2.900000e+02	0.000000e+00	1	0.000000e+00
6.660000e+02	2.490000e+02	0.000000e+00	1	0.000000e+00
5.490000e+02	3.230000e+02	0.000000e+00	1	0.000000e+00
5.280000e+02	3.370000e+02	0.000000e+00	1	0.000000e+00
5.510000e+02	3.220000e+02	0.000000e+00	1	0.000000e+00
4.840000e+02	3.740000e+02	0.000000e+00	1	0.000000e+00
6.040000e+02	2.850000e+02	0.000000e+00	1	0.000000e+00
6.120000e+02	2.820000e+02	0.000000e+00	1	0.000000e+00
5.310000e+02	3.340000e+02	0.000000e+00	1	0.000000e+00
6.480000e+02	2.580000e+02	0.000000e+00	1	0.000000e+00
5.310000e+02	3.340000e+02	0.000000e+00	1	0.000000e+00
5.460000e+02	3.250000e+02	0.000000e+00	1	0.000000e+00
4.950000e+02	3.640000e+02	0.000000e+00	1	0.000000e+00
5.750000e+02	3.060000e+02	0.000000e+00	1	0.000000e+00
4.880000e+02	3.690000e+02	0.000000e+00	1	0.000000e+00
4.860000e+02	3.710000e+02	0.000000e+00	1	0.000000e+00
Total execution time: 843.250
